Slurm job ID    : 1724
Array task ID   : 16
Host            : 23037696r-i7809a0b3cd
Start time      : 2026-08-11T11:46:41+08:00
Instance        : /home/23037696r/Documents/research/or_benchmark/wp/instances/inactive_0.2/j20/j200202_6.sm
Output JSON     : /home/23037696r/Documents/research/or_benchmark/wp/results/inactive_0.2/j20/j200202_6.json
Gurobi log      : /home/23037696r/Documents/research/or_benchmark/wp/results/inactive_0.2/j20/logs/gurobi/j200202_6.log
Allocated CPUs  : 4
Running with command-line arguments
-----------------------------------
Instance file: /home/23037696r/Documents/research/or_benchmark/wp/instances/inactive_0.2/j20/j200202_6.sm
Instance summary
----------------
Tasks:          22
Active tasks:   16
Inactive tasks: 6
Arcs:           51
Total duration: 67
Total work:     90
Active work:    70
Delta (singleton critical-path makespan): 21
Chosen deadline: 24
Feasible by singleton schedule: yes
Deadline rule: automatic: d = ceil(1.1 * Delta) = 24
Set parameter Username
Set parameter LicenseID to value 2851961
Academic license - for non-commercial use only - expires 2027-08-07
Set parameter MIPGap to value 1e-06
Set parameter TimeLimit to value 13800
Set parameter Threads to value 4
Set parameter LogFile to value "/home/23037696r/Documents/research/or_benchmark/wp/results/inactive_0.2/j20/logs/gurobi/j200202_6.log"
Set parameter NumericFocus to value 1
Gurobi Optimizer version 13.0.2 build v13.0.2rc1 (linux64 - "Ubuntu 22.04.3 LTS")

CPU model: Intel Xeon Processor (Cascadelake), instruction set [SSE2|AVX|AVX2|AVX512]
Thread count: 46 physical cores, 46 logical processors, using up to 4 threads

Non-default parameters:
TimeLimit  13800
MIPGap  1e-06
NumericFocus  1
Threads  4

Optimize a model with 9484 rows, 2924 columns and 31594 nonzeros (Min)
Model fingerprint: 0xca3fed76
Model has 1616 linear objective coefficients and an objective constant of 3.1230181283419012e+02
Variable types: 400 continuous, 2524 integer (2420 binary)
Coefficient statistics:
  Matrix range     [1e+00, 7e+01]
  Objective range  [1e-02, 3e+02]
  Bounds range     [1e+00, 7e+01]
  RHS range        [1e+00, 7e+01]

Presolve removed 7496 rows and 1490 columns
Presolve time: 0.22s
Presolved: 1988 rows, 1434 columns, 16131 nonzeros
Variable types: 0 continuous, 1434 integer (1035 binary)
Found heuristic solution: objective 1472.8351894

Root relaxation: objective 7.626238e+02, 710 iterations, 0.03 seconds (0.03 work units)

    Nodes    |    Current Node    |     Objective Bounds      |     Work
 Expl Unexpl |  Obj  Depth IntInf | Incumbent    BestBd   Gap | It/Node Time

     0     0  762.62382    0   27 1472.83519  762.62382  48.2%     -    0s
H    0     0                     832.3018502  762.62382  8.37%     -    0s
H    0     0                     832.0781402  762.62382  8.35%     -    0s
     0     0  764.93130    0   43  832.07814  764.93130  8.07%     -    0s
     0     0  764.93130    0   27  832.07814  764.93130  8.07%     -    0s
H    0     0                     831.7301470  764.93130  8.03%     -    0s
H    0     0                     778.3580658  764.93273  1.72%     -    0s
     0     0  765.17231    0   46  778.35807  765.17231  1.69%     -    0s
     0     0  765.48630    0   51  778.35807  765.48630  1.65%     -    0s
H    0     0                     774.9172691  765.50358  1.21%     -    0s
     0     0  765.66811    0   55  774.91727  765.66811  1.19%     -    0s
     0     0  765.66811    0   56  774.91727  765.66811  1.19%     -    0s
     0     0  770.38162    0   43  774.91727  770.38162  0.59%     -    0s
     0     0  770.38162    0   21  774.91727  770.38162  0.59%     -    0s
     0     0  774.25251    0   34  774.91727  774.25251  0.09%     -    0s
     0     0  774.33301    0   32  774.91727  774.33301  0.08%     -    0s
     0     0  774.39547    0   32  774.91727  774.39547  0.07%     -    0s
     0     0  774.44895    0   30  774.91727  774.44895  0.06%     -    0s
     0     0  774.49763    0   30  774.91727  774.49763  0.05%     -    0s
     0     0  774.53804    0   29  774.91727  774.53804  0.05%     -    0s
     0     0  774.57412    0   30  774.91727  774.57412  0.04%     -    0s
     0     0  774.60456    0   24  774.91727  774.60456  0.04%     -    0s
     0     0  774.63088    0   25  774.91727  774.63088  0.04%     -    0s
     0     0  774.65204    0   23  774.91727  774.65204  0.03%     -    0s
*    0     0               0     774.6707555  774.67076  0.00%     -    0s

Cutting planes:
  Gomory: 7
  Cover: 8
  Implied bound: 11
  Clique: 9
  MIR: 4
  StrongCG: 2
  GUB cover: 3
  Zero half: 3
  RLT: 10
  Relax-and-lift: 6
  BQP: 2

Explored 1 nodes (1492 simplex iterations) in 0.49 seconds (0.32 work units)
Thread count was 4 (of 46 available processors)

Solution count 10: 774.671 774.917 774.917 ... 832.302

Optimal solution found (tolerance 1.00e-06)
Best objective 7.746707554902e+02, best bound 7.746707554902e+02, gap 0.0000%

Solve summary
-------------
Status code:       2
Objective:         774.6707554902094
Objective bound:   774.6707554902094
MIP gap:           0.0
Has cycle:         False
Is acyclic:        True
Packages selected: 2 active packages

Packages
--------
   I1 | inactive_singleton | S=  0, C=  0, x=  0 | tasks=[1]
   I5 | inactive_singleton | S=  0, C=  1, x=  1 | tasks=[5]
   I7 | inactive_singleton | S=  0, C=  1, x=  2 | tasks=[7]
   I6 | inactive_singleton | S=  0, C=  8, x=  8 | tasks=[6]
   A1 | active             | S=  1, C= 10, x= 53 | tasks=[2, 3, 4, 8, 9, 11, 18, 19, 20, 21]
   A2 | active             | S= 10, C= 16, x= 17 | tasks=[10, 12, 14, 15, 16, 17]
  I13 | inactive_singleton | S= 16, C= 24, x=  9 | tasks=[13]
  I22 | inactive_singleton | S= 24, C= 24, x=  0 | tasks=[22]

Solution JSON saved to: /home/23037696r/Documents/research/or_benchmark/wp/results/inactive_0.2/j20/j200202_6.json
Finish time     : 2026-08-11T11:46:42+08:00
