Slurm job ID    : 1806
Array task ID   : 98
Host            : 23037696r-i7809a0b3cd
Start time      : 2026-08-11T11:48:31+08:00
Instance        : /home/23037696r/Documents/research/or_benchmark/wp/instances/inactive_0.2/j20/j201002_8.sm
Output JSON     : /home/23037696r/Documents/research/or_benchmark/wp/results/inactive_0.2/j20/j201002_8.json
Gurobi log      : /home/23037696r/Documents/research/or_benchmark/wp/results/inactive_0.2/j20/logs/gurobi/j201002_8.log
Allocated CPUs  : 4
Running with command-line arguments
-----------------------------------
Instance file: /home/23037696r/Documents/research/or_benchmark/wp/instances/inactive_0.2/j20/j201002_8.sm
Instance summary
----------------
Tasks:          22
Active tasks:   16
Inactive tasks: 6
Arcs:           21
Total duration: 111
Total work:     173
Active work:    148
Delta (singleton critical-path makespan): 111
Chosen deadline: 123
Feasible by singleton schedule: yes
Deadline rule: automatic: d = ceil(1.1 * Delta) = 123
Set parameter Username
Set parameter LicenseID to value 2851961
Academic license - for non-commercial use only - expires 2027-08-07
Set parameter MIPGap to value 1e-06
Set parameter TimeLimit to value 13800
Set parameter Threads to value 4
Set parameter LogFile to value "/home/23037696r/Documents/research/or_benchmark/wp/results/inactive_0.2/j20/logs/gurobi/j201002_8.log"
Set parameter NumericFocus to value 1
Gurobi Optimizer version 13.0.2 build v13.0.2rc1 (linux64 - "Ubuntu 22.04.3 LTS")

CPU model: Intel Xeon Processor (Cascadelake), instruction set [SSE2|AVX|AVX2|AVX512]
Thread count: 46 physical cores, 46 logical processors, using up to 4 threads

Non-default parameters:
TimeLimit  13800
MIPGap  1e-06
NumericFocus  1
Threads  4

Optimize a model with 11785 rows, 7934 columns and 42477 nonzeros (Min)
Model fingerprint: 0x88a48ecb
Model has 4844 linear objective coefficients and an objective constant of 3.3948408916093115e+02
Variable types: 1984 continuous, 5950 integer (5846 binary)
Coefficient statistics:
  Matrix range     [1e+00, 1e+02]
  Objective range  [1e-02, 7e+02]
  Bounds range     [1e+00, 1e+02]
  RHS range        [1e+00, 1e+02]

Presolve removed 9201 rows and 5081 columns
Presolve time: 0.57s
Presolved: 2584 rows, 2853 columns, 23713 nonzeros
Variable types: 0 continuous, 2853 integer (1874 binary)
Found heuristic solution: objective 1905.8611698

Root relaxation: objective 1.299310e+03, 1071 iterations, 0.06 seconds (0.06 work units)

    Nodes    |    Current Node    |     Objective Bounds      |     Work
 Expl Unexpl |  Obj  Depth IntInf | Incumbent    BestBd   Gap | It/Node Time

     0     0 1299.31013    0   82 1905.86117 1299.31013  31.8%     -    0s
     0     0 1303.42503    0   76 1905.86117 1303.42503  31.6%     -    0s
H    0     0                    1446.4090789 1303.42503  9.89%     -    0s
H    0     0                    1445.0768479 1303.42503  9.80%     -    0s
H    0     0                    1432.6449932 1313.45215  8.32%     -    1s
     0     0 1313.45215    0   80 1432.64499 1313.45215  8.32%     -    1s
H    0     0                    1430.0218403 1313.55063  8.14%     -    1s
     0     0 1314.44515    0   77 1430.02184 1314.44515  8.08%     -    1s
     0     0 1314.45934    0   17 1430.02184 1314.45934  8.08%     -    1s
     0     0 1314.89689    0  107 1430.02184 1314.89689  8.05%     -    1s
     0     0 1315.13499    0   14 1430.02184 1315.13499  8.03%     -    1s
     0     0 1315.76950    0  118 1430.02184 1315.76950  7.99%     -    1s
     0     0 1316.38909    0  112 1430.02184 1316.38909  7.95%     -    1s
     0     0 1316.61727    0  117 1430.02184 1316.61727  7.93%     -    1s
     0     0 1316.61727    0  114 1430.02184 1316.61727  7.93%     -    1s
     0     0 1320.99586    0   20 1430.02184 1320.99586  7.62%     -    2s
     0     0 1321.61909    0   20 1430.02184 1321.61909  7.58%     -    2s
     0     0 1321.61909    0   20 1430.02184 1321.61909  7.58%     -    2s
     0     0 1321.61909    0   19 1430.02184 1321.61909  7.58%     -    2s
     0     2 1321.62340    0   19 1430.02184 1321.62340  7.58%     -    2s
  2132   340 1401.71110    5    3 1430.02184 1378.32187  3.62%  41.0    5s

Cutting planes:
  Learned: 3
  Gomory: 4
  Cover: 14
  Implied bound: 81
  Clique: 1
  MIR: 4
  GUB cover: 3
  RLT: 7
  Relax-and-lift: 6

Explored 3499 nodes (139141 simplex iterations) in 8.92 seconds (10.18 work units)
Thread count was 4 (of 46 available processors)

Solution count 8: 1430.02 1430.02 1432.64 ... 1905.86

Optimal solution found (tolerance 1.00e-06)
Best objective 1.430021840296e+03, best bound 1.430021840296e+03, gap 0.0000%

Solve summary
-------------
Status code:       2
Objective:         1430.0218402956634
Objective bound:   1430.0218402956634
MIP gap:           0.0
Has cycle:         False
Is acyclic:        True
Packages selected: 4 active packages

Packages
--------
   I1 | inactive_singleton | S=  0, C=  0, x=  0 | tasks=[1]
   A1 | active             | S=  0, C=  3, x=  4 | tasks=[2]
   I3 | inactive_singleton | S=  3, C=  8, x=  6 | tasks=[3]
   I4 | inactive_singleton | S=  8, C= 10, x=  3 | tasks=[4]
   A2 | active             | S= 10, C= 42, x= 48 | tasks=[5, 6, 7, 8, 9, 10]
  I11 | inactive_singleton | S= 42, C= 47, x=  9 | tasks=[11]
   A3 | active             | S= 47, C= 93, x= 72 | tasks=[12, 13, 14, 15, 16, 17, 18]
  I19 | inactive_singleton | S= 93, C= 99, x=  7 | tasks=[19]
   A4 | active             | S= 99, C=111, x= 24 | tasks=[20, 21]
  I22 | inactive_singleton | S=123, C=123, x=  0 | tasks=[22]

Solution JSON saved to: /home/23037696r/Documents/research/or_benchmark/wp/results/inactive_0.2/j20/j201002_8.json
Finish time     : 2026-08-11T11:48:40+08:00
