Slurm job ID    : 1720
Array task ID   : 12
Host            : 23037696r-i7809a0b3cd
Start time      : 2026-08-11T11:46:38+08:00
Instance        : /home/23037696r/Documents/research/or_benchmark/wp/instances/inactive_0.2/j20/j200202_2.sm
Output JSON     : /home/23037696r/Documents/research/or_benchmark/wp/results/inactive_0.2/j20/j200202_2.json
Gurobi log      : /home/23037696r/Documents/research/or_benchmark/wp/results/inactive_0.2/j20/logs/gurobi/j200202_2.log
Allocated CPUs  : 4
Running with command-line arguments
-----------------------------------
Instance file: /home/23037696r/Documents/research/or_benchmark/wp/instances/inactive_0.2/j20/j200202_2.sm
Instance summary
----------------
Tasks:          22
Active tasks:   16
Inactive tasks: 6
Arcs:           57
Total duration: 110
Total work:     168
Active work:    138
Delta (singleton critical-path makespan): 30
Chosen deadline: 33
Feasible by singleton schedule: yes
Deadline rule: automatic: d = ceil(1.1 * Delta) = 33
Set parameter Username
Set parameter LicenseID to value 2851961
Academic license - for non-commercial use only - expires 2027-08-07
Set parameter MIPGap to value 1e-06
Set parameter TimeLimit to value 13800
Set parameter Threads to value 4
Set parameter LogFile to value "/home/23037696r/Documents/research/or_benchmark/wp/results/inactive_0.2/j20/logs/gurobi/j200202_2.log"
Set parameter NumericFocus to value 1
Gurobi Optimizer version 13.0.2 build v13.0.2rc1 (linux64 - "Ubuntu 22.04.3 LTS")

CPU model: Intel Xeon Processor (Cascadelake), instruction set [SSE2|AVX|AVX2|AVX512]
Thread count: 46 physical cores, 46 logical processors, using up to 4 threads

Non-default parameters:
TimeLimit  13800
MIPGap  1e-06
NumericFocus  1
Threads  4

Optimize a model with 11362 rows, 4354 columns and 39506 nonzeros (Min)
Model fingerprint: 0xf0ada1cf
Model has 2884 linear objective coefficients and an objective constant of 3.6328151607262549e+02
Variable types: 544 continuous, 3810 integer (3706 binary)
Coefficient statistics:
  Matrix range     [1e+00, 1e+02]
  Objective range  [1e-02, 7e+02]
  Bounds range     [1e+00, 1e+02]
  RHS range        [1e+00, 1e+02]

Presolve removed 8880 rows and 2830 columns
Presolve time: 0.40s
Presolved: 2482 rows, 1524 columns, 22088 nonzeros
Variable types: 0 continuous, 1524 integer (1133 binary)
Found heuristic solution: objective 1944.5637868

Root relaxation: objective 1.310357e+03, 849 iterations, 0.04 seconds (0.04 work units)

    Nodes    |    Current Node    |     Objective Bounds      |     Work
 Expl Unexpl |  Obj  Depth IntInf | Incumbent    BestBd   Gap | It/Node Time

     0     0 1310.35709    0   83 1944.56379 1310.35709  32.6%     -    0s
H    0     0                    1507.0417117 1310.35709  13.1%     -    0s
     0     0 1311.69991    0  108 1507.04171 1311.69991  13.0%     -    0s
     0     0 1311.70524    0  109 1507.04171 1311.70524  13.0%     -    0s
     0     0 1311.71766    0  108 1507.04171 1311.71766  13.0%     -    0s
     0     0 1311.71766    0  109 1507.04171 1311.71766  13.0%     -    0s
     0     0 1313.82659    0  113 1507.04171 1313.82659  12.8%     -    0s
     0     0 1313.82698    0  113 1507.04171 1313.82698  12.8%     -    0s
     0     0 1313.82738    0  113 1507.04171 1313.82738  12.8%     -    0s
     0     0 1313.82778    0  113 1507.04171 1313.82778  12.8%     -    0s
     0     0 1313.82783    0  112 1507.04171 1313.82783  12.8%     -    0s
     0     0 1313.89081    0  116 1507.04171 1313.89081  12.8%     -    0s
     0     0 1313.89132    0  123 1507.04171 1313.89132  12.8%     -    0s
     0     0 1314.89503    0  124 1507.04171 1314.89503  12.7%     -    0s
     0     0 1314.90836    0  128 1507.04171 1314.90836  12.7%     -    0s
     0     0 1314.91441    0  123 1507.04171 1314.91441  12.7%     -    0s
     0     0 1314.91449    0  125 1507.04171 1314.91449  12.7%     -    0s
H    0     0                    1344.1997457 1314.91449  2.18%     -    0s
     0     0 1316.08674    0  113 1344.19975 1316.08674  2.09%     -    1s

Explored 1 nodes (2131 simplex iterations) in 1.05 seconds (0.72 work units)
Thread count was 4 (of 46 available processors)

Solution count 3: 1344.2 1507.04 1944.56 

Optimal solution found (tolerance 1.00e-06)
Best objective 1.344199745711e+03, best bound 1.344199745711e+03, gap 0.0000%

Solve summary
-------------
Status code:       2
Objective:         1344.1997457109069
Objective bound:   1344.1997457109069
MIP gap:           0.0
Has cycle:         False
Is acyclic:        True
Packages selected: 5 active packages

Packages
--------
   I1 | inactive_singleton | S=  0, C=  0, x=  0 | tasks=[1]
   I4 | inactive_singleton | S=  0, C=  2, x=  3 | tasks=[4]
   A1 | active             | S=  0, C=  6, x= 45 | tasks=[2, 3, 5, 7, 8]
   A2 | active             | S=  0, C= 10, x= 10 | tasks=[6]
   A3 | active             | S=  6, C= 12, x= 10 | tasks=[9]
  I10 | inactive_singleton | S=  6, C= 13, x=  9 | tasks=[10]
  I21 | inactive_singleton | S= 12, C= 15, x=  3 | tasks=[21]
   A4 | active             | S= 13, C= 22, x= 44 | tasks=[11, 12, 14, 20]
   A5 | active             | S= 22, C= 32, x= 29 | tasks=[13, 15, 16, 18, 19]
  I17 | inactive_singleton | S= 22, C= 32, x= 15 | tasks=[17]
  I22 | inactive_singleton | S= 33, C= 33, x=  0 | tasks=[22]

Solution JSON saved to: /home/23037696r/Documents/research/or_benchmark/wp/results/inactive_0.2/j20/j200202_2.json
Finish time     : 2026-08-11T11:46:39+08:00
