
Gurobi 13.0.2 (linux64) logging started Sun Aug 16 00:32:05 2026

Set parameter LogFile to value "/home/23037696r/Documents/research/or_benchmark/wp/results/inactive_0.5/j20/logs/gurobi/j200705_5.log"
Set parameter NumericFocus to value 1
Gurobi Optimizer version 13.0.2 build v13.0.2rc1 (linux64 - "Ubuntu 22.04.3 LTS")

CPU model: Intel Xeon Processor (Cascadelake), instruction set [SSE2|AVX|AVX2|AVX512]
Thread count: 46 physical cores, 46 logical processors, using up to 2 threads

Non-default parameters:
TimeLimit  13800
MIPGap  1e-06
NumericFocus  1
Threads  2

Optimize a model with 5452 rows, 4402 columns and 19760 nonzeros (Min)
Model fingerprint: 0x70dbb9e0
Model has 2620 linear objective coefficients and an objective constant of 1.0139380107185017e+03
Variable types: 910 continuous, 3492 integer (3394 binary)
Coefficient statistics:
  Matrix range     [1e+00, 1e+02]
  Objective range  [1e-02, 4e+02]
  Bounds range     [1e+00, 9e+01]
  RHS range        [1e+00, 1e+02]

Presolve removed 4641 rows and 3339 columns
Presolve time: 0.23s
Presolved: 811 rows, 1063 columns, 5446 nonzeros
Variable types: 0 continuous, 1063 integer (669 binary)
Found heuristic solution: objective 2054.8696304

Root relaxation: objective 1.733859e+03, 384 iterations, 0.01 seconds (0.01 work units)

    Nodes    |    Current Node    |     Objective Bounds      |     Work
 Expl Unexpl |  Obj  Depth IntInf | Incumbent    BestBd   Gap | It/Node Time

     0     0 1733.85897    0  106 2054.86963 1733.85897  15.6%     -    0s
H    0     0                    1850.4703736 1733.85897  6.30%     -    0s
H    0     0                    1850.3107525 1733.85897  6.29%     -    0s
     0     0 1740.38655    0  110 1850.31075 1740.38655  5.94%     -    0s
     0     0 1740.47734    0  105 1850.31075 1740.47734  5.94%     -    0s
     0     0 1740.47734    0  105 1850.31075 1740.47734  5.94%     -    0s
     0     0 1743.83325    0  108 1850.31075 1743.83325  5.75%     -    0s
     0     0 1744.60546    0  112 1850.31075 1744.60546  5.71%     -    0s
     0     0 1744.90990    0  115 1850.31075 1744.90990  5.70%     -    0s
     0     0 1744.97937    0  118 1850.31075 1744.97937  5.69%     -    0s
     0     0 1744.98055    0  118 1850.31075 1744.98055  5.69%     -    0s
     0     0 1747.82115    0  131 1850.31075 1747.82115  5.54%     -    0s
H    0     0                    1784.3134956 1747.83403  2.04%     -    0s
     0     0 1748.48388    0  146 1784.31350 1748.48388  2.01%     -    0s
     0     0 1748.48925    0  146 1784.31350 1748.48925  2.01%     -    0s
     0     0 1748.69856    0  143 1784.31350 1748.69856  2.00%     -    0s
     0     0 1748.71721    0  144 1784.31350 1748.71721  1.99%     -    0s
     0     0 1748.71721    0  144 1784.31350 1748.71721  1.99%     -    0s
     0     0 1749.71948    0  141 1784.31350 1749.71948  1.94%     -    0s
     0     0 1749.71948    0   72 1784.31350 1749.71948  1.94%     -    1s
H    0     0                    1783.5062456 1749.71948  1.89%     -    1s
     0     0 1763.00931    0   83 1783.50625 1763.00931  1.15%     -    1s
     0     0 1767.66550    0   94 1783.50625 1767.66550  0.89%     -    1s
     0     0 1768.52922    0   88 1783.50625 1768.52922  0.84%     -    1s
     0     0 1768.76741    0   85 1783.50625 1768.76741  0.83%     -    1s
     0     0 1768.82460    0   74 1783.50625 1768.82460  0.82%     -    1s
     0     0 1768.82551    0   90 1783.50625 1768.82551  0.82%     -    1s
     0     0 1777.49367    0   83 1783.50625 1777.49367  0.34%     -    1s
     0     0 1777.82304    0   89 1783.50625 1777.82304  0.32%     -    1s
     0     0 1777.82304    0   88 1783.50625 1777.82304  0.32%     -    1s
     0     0 1777.84795    0   86 1783.50625 1777.84795  0.32%     -    1s
     0     0 1777.84795    0   86 1783.50625 1777.84795  0.32%     -    1s
     0     0 1781.51867    0   66 1783.50625 1781.51867  0.11%     -    1s
H    0     0                    1782.9104308 1781.72824  0.07%     -    1s
     0     0 1781.72824    0   54 1782.91043 1781.72824  0.07%     -    1s
     0     0 1781.77797    0   53 1782.91043 1781.77797  0.06%     -    1s
     0     0 1781.84252    0   50 1782.91043 1781.84252  0.06%     -    1s
     0     0 1782.12103    0   61 1782.91043 1782.12103  0.04%     -    1s

Explored 1 nodes (2023 simplex iterations) in 1.24 seconds (0.33 work units)
Thread count was 2 (of 46 available processors)

Solution count 10: 1782.91 1782.91 1782.91 ... 2054.87

Optimal solution found (tolerance 1.00e-06)
Best objective 1.782910430844e+03, best bound 1.782910430844e+03, gap 0.0000%
