
Gurobi 13.0.2 (linux64) logging started Sun Aug 16 00:29:08 2026

Set parameter LogFile to value "/home/23037696r/Documents/research/or_benchmark/wp/results/inactive_0.5/j20/logs/gurobi/j200405_7.log"
Set parameter NumericFocus to value 1
Gurobi Optimizer version 13.0.2 build v13.0.2rc1 (linux64 - "Ubuntu 22.04.3 LTS")

CPU model: Intel Xeon Processor (Cascadelake), instruction set [SSE2|AVX|AVX2|AVX512]
Thread count: 46 physical cores, 46 logical processors, using up to 2 threads

Non-default parameters:
TimeLimit  13800
MIPGap  1e-06
NumericFocus  1
Threads  2

Optimize a model with 4495 rows, 3620 columns and 16182 nonzeros (Min)
Model fingerprint: 0x4f2c2d02
Model has 2150 linear objective coefficients and an objective constant of 1.0211356765260281e+03
Variable types: 650 continuous, 2970 integer (2872 binary)
Coefficient statistics:
  Matrix range     [1e+00, 9e+01]
  Objective range  [1e-02, 4e+02]
  Bounds range     [1e+00, 9e+01]
  RHS range        [1e+00, 9e+01]

Presolve removed 3561 rows and 2618 columns
Presolve time: 0.29s
Presolved: 934 rows, 1002 columns, 6749 nonzeros
Variable types: 0 continuous, 1002 integer (666 binary)
Found heuristic solution: objective 2068.3248022

Root relaxation: objective 1.694857e+03, 525 iterations, 0.02 seconds (0.01 work units)

    Nodes    |    Current Node    |     Objective Bounds      |     Work
 Expl Unexpl |  Obj  Depth IntInf | Incumbent    BestBd   Gap | It/Node Time

     0     0 1694.85725    0  104 2068.32480 1694.85725  18.1%     -    0s
H    0     0                    1733.3518647 1694.85725  2.22%     -    0s
     0     0 1697.49818    0  120 1733.35186 1697.49818  2.07%     -    0s
     0     0 1697.84065    0   45 1733.35186 1697.84065  2.05%     -    0s
     0     0 1698.01440    0   44 1733.35186 1698.01440  2.04%     -    0s
     0     0 1731.67898    0   76 1733.35186 1731.67898  0.10%     -    0s
H    0     0                    1733.2903337 1731.75806  0.09%     -    0s
     0     0 1732.31065    0   74 1733.29033 1732.31065  0.06%     -    0s
     0     0 1732.51454    0   76 1733.29033 1732.51454  0.04%     -    0s
     0     0 1732.63721    0   69 1733.29033 1732.63721  0.04%     -    0s
     0     0 1732.70461    0   64 1733.29033 1732.70461  0.03%     -    0s
     0     0 1732.89877    0   63 1733.29033 1732.89877  0.02%     -    0s
     0     0 1733.13049    0    4 1733.29033 1733.13049  0.01%     -    0s
     0     0     cutoff    0      1733.29033 1733.29033  0.00%     -    0s

Cutting planes:
  Learned: 6
  Gomory: 8
  Cover: 4
  Implied bound: 26
  Clique: 5
  MIR: 11
  StrongCG: 4
  GUB cover: 2
  RLT: 6
  Relax-and-lift: 5
  BQP: 1

Explored 1 nodes (1135 simplex iterations) in 0.66 seconds (0.18 work units)
Thread count was 2 (of 46 available processors)

Solution count 4: 1733.29 1733.35 1733.35 2068.32 

Optimal solution found (tolerance 1.00e-06)
Best objective 1.733290333668e+03, best bound 1.733290333668e+03, gap 0.0000%
