
Gurobi 13.0.2 (linux64) logging started Sun Aug 16 00:26:48 2026

Set parameter LogFile to value "/home/23037696r/Documents/research/or_benchmark/wp/results/inactive_0.5/j20/logs/gurobi/j200205_3.log"
Set parameter NumericFocus to value 1
Gurobi Optimizer version 13.0.2 build v13.0.2rc1 (linux64 - "Ubuntu 22.04.3 LTS")

CPU model: Intel Xeon Processor (Cascadelake), instruction set [SSE2|AVX|AVX2|AVX512]
Thread count: 46 physical cores, 46 logical processors, using up to 2 threads

Non-default parameters:
TimeLimit  13800
MIPGap  1e-06
NumericFocus  1
Threads  2

Optimize a model with 3201 rows, 2324 columns and 11606 nonzeros (Min)
Model fingerprint: 0x6edf9875
Model has 1370 linear objective coefficients and an objective constant of 1.0317526736517198e+03
Variable types: 220 continuous, 2104 integer (2006 binary)
Coefficient statistics:
  Matrix range     [1e+00, 9e+01]
  Objective range  [1e-02, 5e+02]
  Bounds range     [1e+00, 9e+01]
  RHS range        [1e+00, 9e+01]

Presolve removed 2616 rows and 1554 columns
Presolve time: 0.14s
Presolved: 585 rows, 770 columns, 4593 nonzeros
Variable types: 0 continuous, 770 integer (606 binary)
Found heuristic solution: objective 2073.2876647

Root relaxation: objective 1.608210e+03, 237 iterations, 0.01 seconds (0.00 work units)

    Nodes    |    Current Node    |     Objective Bounds      |     Work
 Expl Unexpl |  Obj  Depth IntInf | Incumbent    BestBd   Gap | It/Node Time

     0     0 1608.20976    0   40 2073.28766 1608.20976  22.4%     -    0s
H    0     0                    1682.7687455 1608.20976  4.43%     -    0s
     0     0 1613.00311    0   73 1682.76875 1613.00311  4.15%     -    0s
H    0     0                    1682.5447557 1613.00340  4.13%     -    0s
     0     0 1613.01404    0   74 1682.54476 1613.01404  4.13%     -    0s
     0     0 1613.01966    0   72 1682.54476 1613.01966  4.13%     -    0s
     0     0 1613.25109    0   81 1682.54476 1613.25109  4.12%     -    0s
     0     0 1613.25109    0   39 1682.54476 1613.25109  4.12%     -    0s
H    0     0                    1682.3956158 1613.25109  4.11%     -    0s
     0     0 1614.85520    0   48 1682.39562 1614.85520  4.01%     -    0s
H    0     0                    1681.8600282 1614.86123  3.98%     -    0s
H    0     0                    1681.3862734 1614.86123  3.96%     -    0s
H    0     0                    1680.7022878 1614.86123  3.92%     -    0s
     0     0 1615.51748    0   50 1680.70229 1615.51748  3.88%     -    0s
     0     0 1615.65850    0   50 1680.70229 1615.65850  3.87%     -    0s
     0     0 1615.65980    0   52 1680.70229 1615.65980  3.87%     -    0s
     0     0 1617.43397    0   44 1680.70229 1617.43397  3.76%     -    0s
H    0     0                    1624.2957867 1617.43757  0.42%     -    0s
     0     0 1618.39942    0   46 1624.29579 1618.39942  0.36%     -    0s
     0     0 1619.46494    0   47 1624.29579 1619.46494  0.30%     -    0s
     0     0 1619.47596    0   47 1624.29579 1619.47596  0.30%     -    0s
     0     0 1619.48822    0   47 1624.29579 1619.48822  0.30%     -    0s
     0     0 1619.49091    0   47 1624.29579 1619.49091  0.30%     -    0s
     0     0 1619.49202    0   47 1624.29579 1619.49202  0.30%     -    0s
     0     0 1619.49205    0   47 1624.29579 1619.49205  0.30%     -    0s
     0     0 1619.49205    0   47 1624.29579 1619.49205  0.30%     -    0s
     0     0 1619.49207    0   47 1624.29579 1619.49207  0.30%     -    0s
     0     0 1619.49208    0   47 1624.29579 1619.49208  0.30%     -    0s
     0     0 1619.49208    0   47 1624.29579 1619.49208  0.30%     -    0s
     0     0 1619.49209    0   47 1624.29579 1619.49209  0.30%     -    0s
     0     0 1619.49211    0   48 1624.29579 1619.49211  0.30%     -    0s
     0     0 1619.49212    0   48 1624.29579 1619.49212  0.30%     -    0s
     0     0 1619.49212    0   48 1624.29579 1619.49212  0.30%     -    0s
     0     0 1619.49213    0   48 1624.29579 1619.49213  0.30%     -    0s
     0     0 1619.51919    0   56 1624.29579 1619.51919  0.29%     -    0s
     0     0 1619.51919    0   28 1624.29579 1619.51919  0.29%     -    0s
     0     0 1623.46722    0   28 1624.29579 1623.46722  0.05%     -    0s
H    0     0                    1624.2210301 1623.55492  0.04%     -    0s
     0     0 1623.66674    0   34 1624.22103 1623.66674  0.03%     -    0s
     0     0 1623.67626    0   34 1624.22103 1623.67626  0.03%     -    0s
     0     0 1623.68837    0   32 1624.22103 1623.68837  0.03%     -    0s
     0     0 1623.69919    0   33 1624.22103 1623.69919  0.03%     -    0s
     0     0 1623.70371    0   33 1624.22103 1623.70371  0.03%     -    0s
     0     0 1623.70939    0   34 1624.22103 1623.70939  0.03%     -    0s
     0     0 1623.71440    0   34 1624.22103 1623.71440  0.03%     -    0s
     0     0 1623.72221    0   34 1624.22103 1623.72221  0.03%     -    0s
     0     0 1623.72770    0   34 1624.22103 1623.72770  0.03%     -    0s
     0     0 1623.73361    0   34 1624.22103 1623.73361  0.03%     -    0s
     0     0 1623.75326    0   35 1624.22103 1623.75326  0.03%     -    0s
     0     0 1623.75623    0   34 1624.22103 1623.75623  0.03%     -    0s
     0     0 1623.76960    0   35 1624.22103 1623.76960  0.03%     -    0s
     0     0 1623.78533    0   38 1624.22103 1623.78533  0.03%     -    0s
     0     0 1623.80028    0   36 1624.22103 1623.80028  0.03%     -    0s
     0     0 1623.81743    0   36 1624.22103 1623.81743  0.02%     -    0s
     0     0 1623.83567    0   36 1624.22103 1623.83567  0.02%     -    0s
     0     0 1623.85697    0   36 1624.22103 1623.85697  0.02%     -    0s
     0     0 1623.98708    0   35 1624.22103 1623.98708  0.01%     -    0s
     0     0 1624.01103    0   33 1624.22103 1624.01103  0.01%     -    0s
     0     0     cutoff    0      1624.22103 1624.22103  0.00%     -    0s

Cutting planes:
  Learned: 2
  Gomory: 1
  Cover: 5
  Implied bound: 6
  Clique: 8
  MIR: 8
  Knapsack: 1
  StrongCG: 1
  GUB cover: 2
  Zero half: 2
  Mod-K: 1
  RLT: 4
  Relax-and-lift: 2
  BQP: 5

Explored 1 nodes (1146 simplex iterations) in 0.75 seconds (0.16 work units)
Thread count was 2 (of 46 available processors)

Solution count 10: 1624.22 1624.3 1624.3 ... 1682.77

Optimal solution found (tolerance 1.00e-06)
Best objective 1.624221030076e+03, best bound 1.624221030076e+03, gap 0.0000%
