
Gurobi 13.0.2 (linux64) logging started Sun Aug 16 00:30:47 2026

Set parameter LogFile to value "/home/23037696r/Documents/research/or_benchmark/wp/results/inactive_0.5/j20/logs/gurobi/j200605_4.log"
Set parameter NumericFocus to value 1
Gurobi Optimizer version 13.0.2 build v13.0.2rc1 (linux64 - "Ubuntu 22.04.3 LTS")

CPU model: Intel Xeon Processor (Cascadelake), instruction set [SSE2|AVX|AVX2|AVX512]
Thread count: 46 physical cores, 46 logical processors, using up to 2 threads

Non-default parameters:
TimeLimit  13800
MIPGap  1e-06
NumericFocus  1
Threads  2

Optimize a model with 5163 rows, 3894 columns and 18484 nonzeros (Min)
Model fingerprint: 0x8308c700
Model has 2280 linear objective coefficients and an objective constant of 9.6336106609009448e+02
Variable types: 770 continuous, 3124 integer (3026 binary)
Coefficient statistics:
  Matrix range     [1e+00, 9e+01]
  Objective range  [1e-02, 4e+02]
  Bounds range     [1e+00, 8e+01]
  RHS range        [1e+00, 9e+01]

Presolve removed 4135 rows and 2619 columns
Presolve time: 0.37s
Presolved: 1028 rows, 1275 columns, 6652 nonzeros
Variable types: 0 continuous, 1275 integer (803 binary)
Found heuristic solution: objective 1912.5309326

Root relaxation: objective 1.587107e+03, 348 iterations, 0.02 seconds (0.01 work units)

    Nodes    |    Current Node    |     Objective Bounds      |     Work
 Expl Unexpl |  Obj  Depth IntInf | Incumbent    BestBd   Gap | It/Node Time

     0     0 1587.10660    0   40 1912.53093 1587.10660  17.0%     -    0s
H    0     0                    1909.0794198 1587.10660  16.9%     -    0s
     0     0 1590.09779    0   42 1909.07942 1590.09779  16.7%     -    0s
H    0     0                    1638.7611893 1590.10541  2.97%     -    0s
H    0     0                    1635.2442066 1590.10541  2.76%     -    0s
     0     0 1590.11493    0   44 1635.24421 1590.11493  2.76%     -    0s
     0     0 1590.11765    0   45 1635.24421 1590.11765  2.76%     -    0s
     0     0 1594.31377    0   54 1635.24421 1594.31377  2.50%     -    0s
     0     0 1594.52462    0   49 1635.24421 1594.52462  2.49%     -    0s
     0     0 1594.52954    0   53 1635.24421 1594.52954  2.49%     -    0s
     0     0 1594.52954    0   53 1635.24421 1594.52954  2.49%     -    0s
     0     0 1595.03785    0   64 1635.24421 1595.03785  2.46%     -    1s
H    0     0                    1634.6547627 1595.04650  2.42%     -    1s
H    0     0                    1634.3599301 1595.04650  2.41%     -    1s
     0     0 1595.06839    0   64 1634.35993 1595.06839  2.40%     -    1s
     0     0 1595.06983    0   61 1634.35993 1595.06983  2.40%     -    1s
     0     0 1598.48378    0   58 1634.35993 1598.48378  2.20%     -    1s
     0     0 1599.18007    0   58 1634.35993 1599.18007  2.15%     -    1s
     0     0 1599.24339    0   58 1634.35993 1599.24339  2.15%     -    1s
     0     0 1599.24389    0   56 1634.35993 1599.24389  2.15%     -    1s
     0     0 1601.24855    0   67 1634.35993 1601.24855  2.03%     -    1s
     0     0 1601.26988    0   68 1634.35993 1601.26988  2.02%     -    1s
     0     0 1601.28585    0   64 1634.35993 1601.28585  2.02%     -    1s
     0     0 1601.29322    0   64 1634.35993 1601.29322  2.02%     -    1s
     0     0 1601.33196    0   72 1634.35993 1601.33196  2.02%     -    1s
     0     0 1601.33262    0   73 1634.35993 1601.33262  2.02%     -    1s
     0     0 1603.50054    0   58 1634.35993 1603.50054  1.89%     -    1s
     0     0 1603.99706    0   65 1634.35993 1603.99706  1.86%     -    2s
     0     0 1604.01576    0   68 1634.35993 1604.01576  1.86%     -    2s
     0     0 1604.03454    0   67 1634.35993 1604.03454  1.86%     -    2s
     0     0 1604.86170    0   39 1634.35993 1604.86170  1.80%     -    2s
     0     0 1605.25454    0   63 1634.35993 1605.25454  1.78%     -    2s
     0     0 1605.25881    0   63 1634.35993 1605.25881  1.78%     -    2s
     0     0 1605.26225    0   63 1634.35993 1605.26225  1.78%     -    2s
     0     0 1605.26349    0   63 1634.35993 1605.26349  1.78%     -    2s
     0     0 1606.10256    0   53 1634.35993 1606.10256  1.73%     -    2s
     0     0 1606.63013    0   77 1634.35993 1606.63013  1.70%     -    2s
     0     0 1606.85826    0   75 1634.35993 1606.85826  1.68%     -    2s
     0     0 1606.87589    0   78 1634.35993 1606.87589  1.68%     -    2s
     0     0 1606.87589    0   76 1634.35993 1606.87589  1.68%     -    2s
     0     0 1606.89341    0   72 1634.35993 1606.89341  1.68%     -    2s
     0     0 1606.89341    0   36 1634.35993 1606.89341  1.68%     -    2s
     0     0 1606.89341    0   46 1634.35993 1606.89341  1.68%     -    2s
     0     0 1608.67842    0   68 1634.35993 1608.67842  1.57%     -    2s
     0     0 1615.86295    0   66 1634.35993 1615.86295  1.13%     -    2s
     0     0 1617.30679    0   69 1634.35993 1617.30679  1.04%     -    2s
     0     0 1617.49632    0   61 1634.35993 1617.49632  1.03%     -    2s
     0     0 1617.49907    0   65 1634.35993 1617.49907  1.03%     -    2s
     0     0 1618.99765    0   76 1634.35993 1618.99765  0.94%     -    2s
     0     0 1619.22636    0   63 1634.35993 1619.22636  0.93%     -    2s
     0     0 1619.24588    0   66 1634.35993 1619.24588  0.92%     -    2s
     0     0 1619.69609    0   70 1634.35993 1619.69609  0.90%     -    2s
H    0     0                    1633.9567644 1619.73170  0.87%     -    2s
     0     0 1619.73805    0   74 1633.95676 1619.73805  0.87%     -    2s
     0     0 1619.73982    0   70 1633.95676 1619.73982  0.87%     -    2s
     0     0 1620.00335    0   70 1633.95676 1620.00335  0.85%     -    2s
     0     0 1620.36982    0   70 1633.95676 1620.36982  0.83%     -    2s
     0     0 1620.69675    0   83 1633.95676 1620.69675  0.81%     -    2s
H    0     0                    1633.3706563 1620.72408  0.77%     -    2s
     0     0 1620.96878    0   93 1633.37066 1620.96878  0.76%     -    2s
     0     0 1620.96925    0   95 1633.37066 1620.96925  0.76%     -    2s
     0     0 1620.97009    0   95 1633.37066 1620.97009  0.76%     -    2s
     0     0 1620.97249    0   96 1633.37066 1620.97249  0.76%     -    2s
     0     0 1620.97249    0   96 1633.37066 1620.97249  0.76%     -    2s
     0     0 1620.97249    0   94 1633.37066 1620.97249  0.76%     -    2s
H    0     0                    1632.6244902 1621.00410  0.71%     -    2s
     0     2 1621.00867    0   94 1632.62449 1621.00867  0.71%     -    3s
H   55    22                    1631.4161053 1624.11543  0.45%  14.0    3s
H  119    19                    1630.9345269 1629.62776  0.08%  13.7    3s

Cutting planes:
  Learned: 1
  Gomory: 1
  Cover: 15
  Implied bound: 66
  Clique: 2
  MIR: 34
  StrongCG: 4
  Flow cover: 1
  GUB cover: 11
  Zero half: 4
  RLT: 6
  Relax-and-lift: 10

Explored 189 nodes (4455 simplex iterations) in 3.27 seconds (0.48 work units)
Thread count was 2 (of 46 available processors)

Solution count 10: 1630.93 1631.42 1632.62 ... 1635.24

Optimal solution found (tolerance 1.00e-06)
Best objective 1.630934526909e+03, best bound 1.630934526909e+03, gap 0.0000%
