
Gurobi 13.0.2 (linux64) logging started Sun Aug 16 00:29:24 2026

Set parameter LogFile to value "/home/23037696r/Documents/research/or_benchmark/wp/results/inactive_0.5/j20/logs/gurobi/j200505_1.log"
Set parameter NumericFocus to value 1
Gurobi Optimizer version 13.0.2 build v13.0.2rc1 (linux64 - "Ubuntu 22.04.3 LTS")

CPU model: Intel Xeon Processor (Cascadelake), instruction set [SSE2|AVX|AVX2|AVX512]
Thread count: 46 physical cores, 46 logical processors, using up to 2 threads

Non-default parameters:
TimeLimit  13800
MIPGap  1e-06
NumericFocus  1
Threads  2

Optimize a model with 4893 rows, 3932 columns and 17760 nonzeros (Min)
Model fingerprint: 0x2095ad29
Model has 2330 linear objective coefficients and an objective constant of 9.8313112575954437e+02
Variable types: 760 continuous, 3172 integer (3074 binary)
Coefficient statistics:
  Matrix range     [1e+00, 8e+01]
  Objective range  [1e-02, 4e+02]
  Bounds range     [1e+00, 8e+01]
  RHS range        [1e+00, 8e+01]

Presolve removed 3946 rows and 2492 columns
Presolve time: 0.47s
Presolved: 947 rows, 1440 columns, 9370 nonzeros
Variable types: 0 continuous, 1440 integer (961 binary)
Found heuristic solution: objective 2033.2462436

Root relaxation: objective 1.590807e+03, 355 iterations, 0.02 seconds (0.01 work units)

    Nodes    |    Current Node    |     Objective Bounds      |     Work
 Expl Unexpl |  Obj  Depth IntInf | Incumbent    BestBd   Gap | It/Node Time

     0     0 1590.80731    0   59 2033.24624 1590.80731  21.8%     -    0s
H    0     0                    1692.2833091 1590.80731  6.00%     -    0s
     0     0 1597.07129    0  112 1692.28331 1597.07129  5.63%     -    0s
H    0     0                    1647.1598404 1597.08611  3.04%     -    0s
H    0     0                    1641.9909995 1597.08611  2.73%     -    0s
H    0     0                    1641.9537378 1597.08611  2.73%     -    0s
H    0     0                    1641.0165553 1597.08611  2.68%     -    0s
H    0     0                    1639.3073698 1597.08611  2.58%     -    0s
     0     0 1597.58140    0  110 1639.30737 1597.58140  2.55%     -    0s
     0     0 1597.80501    0  110 1639.30737 1597.80501  2.53%     -    0s
     0     0 1597.91766    0  117 1639.30737 1597.91766  2.52%     -    0s
     0     0 1597.91766    0  117 1639.30737 1597.91766  2.52%     -    0s
     0     0 1606.25853    0   46 1639.30737 1606.25853  2.02%     -    0s
     0     0 1609.08048    0  128 1639.30737 1609.08048  1.84%     -    0s
     0     0 1610.09144    0  109 1639.30737 1610.09144  1.78%     -    0s
     0     0 1610.84786    0  113 1639.30737 1610.84786  1.74%     -    0s
     0     0 1610.93895    0  119 1639.30737 1610.93895  1.73%     -    1s
     0     0 1610.94965    0  119 1639.30737 1610.94965  1.73%     -    1s
     0     0 1610.95069    0  121 1639.30737 1610.95069  1.73%     -    1s
     0     0 1616.33425    0  101 1639.30737 1616.33425  1.40%     -    1s
     0     0 1616.33805    0  101 1639.30737 1616.33805  1.40%     -    1s
     0     0 1616.34022    0  103 1639.30737 1616.34022  1.40%     -    1s
     0     0 1616.34095    0  104 1639.30737 1616.34095  1.40%     -    1s
H    0     0                    1636.8465560 1616.34439  1.25%     -    1s
     0     0 1616.36453    0  104 1636.84656 1616.36453  1.25%     -    1s
     0     0 1616.36610    0  104 1636.84656 1616.36610  1.25%     -    1s
     0     0 1616.36611    0  103 1636.84656 1616.36611  1.25%     -    1s
     0     0 1616.91106    0  101 1636.84656 1616.91106  1.22%     -    1s
     0     0 1616.91106    0   65 1636.84656 1616.91106  1.22%     -    1s
H    0     0                    1636.5175609 1616.91106  1.20%     -    1s
     0     0 1620.62662    0   86 1636.51756 1620.62662  0.97%     -    1s
     0     0 1620.73131    0   69 1636.51756 1620.73131  0.96%     -    1s
     0     0 1622.71674    0   66 1636.51756 1622.71674  0.84%     -    1s
     0     0 1624.31672    0   58 1636.51756 1624.31672  0.75%     -    1s
     0     0 1624.33517    0   58 1636.51756 1624.33517  0.74%     -    1s
     0     0 1624.34945    0   58 1636.51756 1624.34945  0.74%     -    1s
     0     0 1624.36034    0   58 1636.51756 1624.36034  0.74%     -    1s
H    0     0                    1636.2208146 1624.36320  0.72%     -    1s
H    0     0                    1636.0115568 1624.36320  0.71%     -    1s
     0     0 1627.99239    0   81 1636.01156 1627.99239  0.49%     -    1s
     0     0 1627.99341    0   81 1636.01156 1627.99341  0.49%     -    1s
     0     0 1629.12129    0   78 1636.01156 1629.12129  0.42%     -    1s
     0     0 1629.12141    0   79 1636.01156 1629.12141  0.42%     -    1s
     0     0 1630.48076    0   36 1636.01156 1630.48076  0.34%     -    1s
     0     0 1630.48076    0   33 1636.01156 1630.48076  0.34%     -    1s
H    0     0                    1635.1657363 1630.48076  0.29%     -    1s
     0     0 1631.48121    0   34 1635.16574 1631.48121  0.23%     -    1s
     0     0 1631.48121    0   32 1635.16574 1631.48121  0.23%     -    1s
     0     0 1633.61978    0   17 1635.16574 1633.61978  0.09%     -    1s
     0     0     cutoff    0      1635.16574 1635.16574  0.00%     -    1s

Cutting planes:
  Learned: 4
  Gomory: 5
  Cover: 6
  Implied bound: 12
  Clique: 1
  MIR: 11
  StrongCG: 1
  RLT: 4
  Relax-and-lift: 3

Explored 1 nodes (1755 simplex iterations) in 1.84 seconds (0.40 work units)
Thread count was 2 (of 46 available processors)

Solution count 10: 1635.17 1636.01 1636.01 ... 1639.31

Optimal solution found (tolerance 1.00e-06)
Best objective 1.635165736317e+03, best bound 1.635165736317e+03, gap 0.0000%
