
Gurobi 13.0.2 (linux64) logging started Sun Aug 16 00:26:28 2026

Set parameter LogFile to value "/home/23037696r/Documents/research/or_benchmark/wp/results/inactive_0.5/j20/logs/gurobi/j200105_9.log"
Set parameter NumericFocus to value 1
Gurobi Optimizer version 13.0.2 build v13.0.2rc1 (linux64 - "Ubuntu 22.04.3 LTS")

CPU model: Intel Xeon Processor (Cascadelake), instruction set [SSE2|AVX|AVX2|AVX512]
Thread count: 46 physical cores, 46 logical processors, using up to 2 threads

Non-default parameters:
TimeLimit  13800
MIPGap  1e-06
NumericFocus  1
Threads  2

Optimize a model with 2782 rows, 2318 columns and 10425 nonzeros (Min)
Model fingerprint: 0x5ed23ace
Model has 1400 linear objective coefficients and an objective constant of 8.6963279792753417e+02
Variable types: 190 continuous, 2128 integer (2030 binary)
Coefficient statistics:
  Matrix range     [1e+00, 1e+02]
  Objective range  [1e-02, 5e+02]
  Bounds range     [1e+00, 1e+02]
  RHS range        [1e+00, 1e+02]

Presolve removed 2363 rows and 1498 columns
Presolve time: 0.10s
Presolved: 419 rows, 820 columns, 4614 nonzeros
Variable types: 0 continuous, 820 integer (646 binary)
Found heuristic solution: objective 1891.4940427

Root relaxation: objective 1.496347e+03, 219 iterations, 0.01 seconds (0.00 work units)

    Nodes    |    Current Node    |     Objective Bounds      |     Work
 Expl Unexpl |  Obj  Depth IntInf | Incumbent    BestBd   Gap | It/Node Time

     0     0 1496.34749    0   41 1891.49404 1496.34749  20.9%     -    0s
H    0     0                    1560.9127018 1496.34749  4.14%     -    0s
*    0     0               0    1500.4568809 1500.45688  0.00%     -    0s

Cutting planes:
  Learned: 1
  Gomory: 1
  Cover: 7
  Implied bound: 15
  Clique: 7
  MIR: 22
  StrongCG: 14
  GUB cover: 2
  RLT: 4
  Relax-and-lift: 5
  BQP: 2

Explored 1 nodes (276 simplex iterations) in 0.19 seconds (0.07 work units)
Thread count was 2 (of 46 available processors)

Solution count 3: 1500.46 1560.91 1891.49 

Optimal solution found (tolerance 1.00e-06)
Best objective 1.500456880943e+03, best bound 1.500456880943e+03, gap 0.0000%
