
Gurobi 13.0.2 (linux64) logging started Sun Aug 16 00:34:17 2026

Set parameter LogFile to value "/home/23037696r/Documents/research/or_benchmark/wp/results/inactive_0.5/j20/logs/gurobi/j200905_10.log"
Set parameter NumericFocus to value 1
Gurobi Optimizer version 13.0.2 build v13.0.2rc1 (linux64 - "Ubuntu 22.04.3 LTS")

CPU model: Intel Xeon Processor (Cascadelake), instruction set [SSE2|AVX|AVX2|AVX512]
Thread count: 46 physical cores, 46 logical processors, using up to 2 threads

Non-default parameters:
TimeLimit  13800
MIPGap  1e-06
NumericFocus  1
Threads  2

Optimize a model with 6122 rows, 5468 columns and 22863 nonzeros (Min)
Model fingerprint: 0x1093197c
Model has 3350 linear objective coefficients and an objective constant of 9.8651084457804882e+02
Variable types: 1190 continuous, 4278 integer (4180 binary)
Coefficient statistics:
  Matrix range     [1e+00, 1e+02]
  Objective range  [1e-02, 5e+02]
  Bounds range     [1e+00, 1e+02]
  RHS range        [1e+00, 1e+02]

Presolve removed 5269 rows and 4348 columns
Presolve time: 0.56s
Presolved: 853 rows, 1120 columns, 10819 nonzeros
Variable types: 0 continuous, 1120 integer (697 binary)
Found heuristic solution: objective 2084.3964155

Root relaxation: objective 1.731758e+03, 366 iterations, 0.05 seconds (0.01 work units)

    Nodes    |    Current Node    |     Objective Bounds      |     Work
 Expl Unexpl |  Obj  Depth IntInf | Incumbent    BestBd   Gap | It/Node Time

     0     0 1731.75808    0  126 2084.39642 1731.75808  16.9%     -    0s
     0     0 1732.26377    0  122 2084.39642 1732.26377  16.9%     -    0s
H    0     0                    1829.0926659 1732.26377  5.29%     -    0s
H    0     0                    1828.7964296 1732.26377  5.28%     -    0s
     0     0 1776.28082    0  168 1828.79643 1776.28082  2.87%     -    1s
     0     0 1776.68416    0  170 1828.79643 1776.68416  2.85%     -    1s
     0     0 1777.00198    0  159 1828.79643 1777.00198  2.83%     -    1s
     0     0 1777.23643    0  164 1828.79643 1777.23643  2.82%     -    1s
     0     0 1777.55190    0  165 1828.79643 1777.55190  2.80%     -    1s
     0     0 1777.84810    0  176 1828.79643 1777.84810  2.79%     -    1s
     0     0 1778.13168    0  171 1828.79643 1778.13168  2.77%     -    1s
     0     0 1778.19381    0  155 1828.79643 1778.19381  2.77%     -    1s
H    0     0                    1812.9107447 1778.19409  1.91%     -    1s
     0     0 1778.21222    0  153 1812.91074 1778.21222  1.91%     -    1s
     0     0 1778.23162    0  144 1812.91074 1778.23162  1.91%     -    1s
     0     0 1778.23162    0  144 1812.91074 1778.23162  1.91%     -    1s
     0     0 1780.31297    0  191 1812.91074 1780.31297  1.80%     -    1s
     0     0 1780.31499    0  190 1812.91074 1780.31499  1.80%     -    1s
     0     0 1780.32418    0  196 1812.91074 1780.32418  1.80%     -    1s
     0     0 1780.32736    0  197 1812.91074 1780.32736  1.80%     -    1s
     0     0 1780.32756    0  197 1812.91074 1780.32756  1.80%     -    1s
     0     0 1784.19341    0  187 1812.91074 1784.19341  1.58%     -    1s
     0     0 1784.27304    0  176 1812.91074 1784.27304  1.58%     -    1s
     0     0 1785.03912    0  179 1812.91074 1785.03912  1.54%     -    2s
     0     0 1785.05392    0  180 1812.91074 1785.05392  1.54%     -    2s
     0     0 1786.14286    0  204 1812.91074 1786.14286  1.48%     -    2s
     0     0 1786.17442    0  197 1812.91074 1786.17442  1.47%     -    2s
     0     0 1786.17616    0  197 1812.91074 1786.17616  1.47%     -    2s
     0     0 1786.26437    0  195 1812.91074 1786.26437  1.47%     -    2s
     0     0 1786.26554    0  198 1812.91074 1786.26554  1.47%     -    2s
     0     0 1786.53399    0  207 1812.91074 1786.53399  1.45%     -    2s
     0     0 1786.54367    0  211 1812.91074 1786.54367  1.45%     -    2s
     0     0 1786.72659    0  218 1812.91074 1786.72659  1.44%     -    2s
     0     0 1786.74499    0  231 1812.91074 1786.74499  1.44%     -    2s
     0     0 1786.74499    0  218 1812.91074 1786.74499  1.44%     -    2s
     0     0 1786.74499    0  217 1812.91074 1786.74499  1.44%     -    2s
     0     0 1786.77748    0  207 1812.91074 1786.77748  1.44%     -    3s
     0     0 1787.02711    0  194 1812.91074 1787.02711  1.43%     -    3s
     0     0 1787.02711    0  194 1812.91074 1787.02711  1.43%     -    3s
     0     0 1787.02711    0  194 1812.91074 1787.02711  1.43%     -    3s
     0     0 1787.03767    0  120 1812.91074 1787.03767  1.43%     -    3s
     0     0 1789.98297    0  177 1812.91074 1789.98297  1.26%     -    3s
     0     0 1789.98304    0  177 1812.91074 1789.98304  1.26%     -    3s
     0     0 1789.99031    0  177 1812.91074 1789.99031  1.26%     -    3s
     0     0 1790.07240    0  179 1812.91074 1790.07240  1.26%     -    3s
     0     0 1790.46637    0  168 1812.91074 1790.46637  1.24%     -    3s
     0     0 1791.45517    0  161 1812.91074 1791.45517  1.18%     -    3s
     0     0 1792.71523    0  146 1812.91074 1792.71523  1.11%     -    3s
     0     0 1792.73054    0  146 1812.91074 1792.73054  1.11%     -    3s
     0     0 1794.62497    0  167 1812.91074 1794.62497  1.01%     -    3s
     0     0 1794.73829    0  163 1812.91074 1794.73829  1.00%     -    3s
     0     0 1794.93528    0  184 1812.91074 1794.93528  0.99%     -    3s
     0     0 1796.93057    0  119 1812.91074 1796.93057  0.88%     -    3s
     0     0 1796.93057    0  119 1812.91074 1796.93057  0.88%     -    3s
     0     0 1796.93057    0  119 1812.91074 1796.93057  0.88%     -    3s
     0     0 1796.93057    0  119 1812.91074 1796.93057  0.88%     -    3s
     0     0 1797.05203    0  118 1812.91074 1797.05203  0.87%     -    3s
     0     0 1798.52128    0  114 1812.91074 1798.52128  0.79%     -    3s
     0     0 1798.91458    0  167 1812.91074 1798.91458  0.77%     -    3s
     0     0 1798.91458    0  167 1812.91074 1798.91458  0.77%     -    3s
     0     0 1798.91458    0  167 1812.91074 1798.91458  0.77%     -    3s
     0     0 1798.91458    0  167 1812.91074 1798.91458  0.77%     -    3s
     0     0 1798.98181    0  169 1812.91074 1798.98181  0.77%     -    3s
     0     0 1799.03190    0  148 1812.91074 1799.03190  0.77%     -    3s
     0     0 1799.04064    0  148 1812.91074 1799.04064  0.77%     -    3s
     0     0 1799.04847    0  148 1812.91074 1799.04847  0.76%     -    3s
     0     0 1799.05553    0  148 1812.91074 1799.05553  0.76%     -    3s
     0     0 1799.06192    0  148 1812.91074 1799.06192  0.76%     -    3s
     0     0 1799.06772    0  148 1812.91074 1799.06772  0.76%     -    3s
     0     0 1799.07300    0  148 1812.91074 1799.07300  0.76%     -    3s
     0     0 1799.07323    0  148 1812.91074 1799.07323  0.76%     -    3s
     0     0 1800.34918    0  184 1812.91074 1800.34918  0.69%     -    4s
     0     0 1801.40085    0  164 1812.91074 1801.40085  0.63%     -    4s
     0     0 1801.40192    0  164 1812.91074 1801.40192  0.63%     -    4s
     0     0 1801.40350    0  163 1812.91074 1801.40350  0.63%     -    4s
     0     0 1801.40479    0  163 1812.91074 1801.40479  0.63%     -    4s
     0     0 1801.40867    0  163 1812.91074 1801.40867  0.63%     -    4s
     0     0 1801.68952    0  159 1812.91074 1801.68952  0.62%     -    4s
     0     0 1801.68952    0  113 1812.91074 1801.68952  0.62%     -    4s
     0     0 1804.57085    0  116 1812.91074 1804.57085  0.46%     -    4s
     0     0 1804.57085    0   57 1812.91074 1804.57085  0.46%     -    4s
     0     0 1812.18192    0   30 1812.91074 1812.18192  0.04%     -    4s
     0     0     cutoff    0      1812.91074 1812.91074  0.00%     -    4s

Cutting planes:
  Learned: 1
  Gomory: 23
  Cover: 8
  Implied bound: 12
  Clique: 7
  MIR: 12
  StrongCG: 1
  Flow cover: 2
  GUB cover: 8
  Zero half: 2
  RLT: 11
  Relax-and-lift: 5
  BQP: 1

Explored 1 nodes (3642 simplex iterations) in 4.26 seconds (0.85 work units)
Thread count was 2 (of 46 available processors)

Solution count 10: 1812.91 1812.91 1812.91 ... 2084.4

Optimal solution found (tolerance 1.00e-06)
Best objective 1.812910744741e+03, best bound 1.812910744741e+03, gap 0.0000%
