
Gurobi 13.0.2 (linux64) logging started Sun Aug 16 00:35:57 2026

Set parameter LogFile to value "/home/23037696r/Documents/research/or_benchmark/wp/results/inactive_0.5/j20/logs/gurobi/j201005_6.log"
Set parameter NumericFocus to value 1
Gurobi Optimizer version 13.0.2 build v13.0.2rc1 (linux64 - "Ubuntu 22.04.3 LTS")

CPU model: Intel Xeon Processor (Cascadelake), instruction set [SSE2|AVX|AVX2|AVX512]
Thread count: 46 physical cores, 46 logical processors, using up to 2 threads

Non-default parameters:
TimeLimit  13800
MIPGap  1e-06
NumericFocus  1
Threads  2

Optimize a model with 6259 rows, 5518 columns and 23188 nonzeros (Min)
Model fingerprint: 0x0e6bbabc
Model has 3340 linear objective coefficients and an objective constant of 9.3628614751076543e+02
Variable types: 1240 continuous, 4278 integer (4180 binary)
Coefficient statistics:
  Matrix range     [1e+00, 1e+02]
  Objective range  [1e-02, 4e+02]
  Bounds range     [1e+00, 1e+02]
  RHS range        [1e+00, 1e+02]

Presolve removed 5386 rows and 4397 columns
Presolve time: 0.86s
Presolved: 873 rows, 1121 columns, 8799 nonzeros
Variable types: 0 continuous, 1121 integer (689 binary)
Found heuristic solution: objective 2027.7922405

Root relaxation: objective 1.643312e+03, 448 iterations, 0.02 seconds (0.01 work units)

    Nodes    |    Current Node    |     Objective Bounds      |     Work
 Expl Unexpl |  Obj  Depth IntInf | Incumbent    BestBd   Gap | It/Node Time

     0     0 1643.31222    0   40 2027.79224 1643.31222  19.0%     -    0s
H    0     0                    1706.9492224 1643.31222  3.73%     -    1s
     0     0 1662.06159    0  131 1706.94922 1662.06159  2.63%     -    1s
     0     0 1663.68840    0  105 1706.94922 1663.68840  2.53%     -    1s
     0     0 1664.30105    0  107 1706.94922 1664.30105  2.50%     -    1s
     0     0 1665.09817    0   32 1706.94922 1665.09817  2.45%     -    1s
     0     0 1665.09822    0   29 1706.94922 1665.09822  2.45%     -    1s
     0     0 1698.26498    0   29 1706.94922 1698.26498  0.51%     -    1s

Cutting planes:
  Gomory: 1
  Implied bound: 10

Explored 1 nodes (803 simplex iterations) in 1.28 seconds (0.33 work units)
Thread count was 2 (of 46 available processors)

Solution count 3: 1706.95 1706.95 2027.79 

Optimal solution found (tolerance 1.00e-06)
Best objective 1.706949222375e+03, best bound 1.706949222375e+03, gap 0.0000%
