
Gurobi 13.0.2 (linux64) logging started Sat Aug 15 18:00:23 2026

Set parameter LogFile to value "/home/23037696r/Documents/research/or_benchmark/wp/results/inactive_0.4/j40/logs/gurobi/j400804_8.log"
Set parameter NumericFocus to value 1
Gurobi Optimizer version 13.0.2 build v13.0.2rc1 (linux64 - "Ubuntu 22.04.3 LTS")

CPU model: Intel Xeon Processor (Cascadelake), instruction set [SSE2|AVX|AVX2|AVX512]
Thread count: 46 physical cores, 46 logical processors, using up to 2 threads

Non-default parameters:
TimeLimit  13800
MIPGap  1e-06
NumericFocus  1
Threads  2

Optimize a model with 33311 rows, 21348 columns and 120911 nonzeros (Min)
Model fingerprint: 0xaa07b0d1
Model has 13256 linear objective coefficients and an objective constant of 1.5537473160891425e+03
Variable types: 5112 continuous, 16236 integer (16044 binary)
Coefficient statistics:
  Matrix range     [1e+00, 2e+02]
  Objective range  [1e-02, 1e+03]
  Bounds range     [1e+00, 2e+02]
  RHS range        [1e+00, 2e+02]

Presolve removed 13413 rows and 8396 columns (presolve time = 5s)...
Presolve removed 24638 rows and 13292 columns (presolve time = 11s)...
Presolve removed 26042 rows and 14515 columns (presolve time = 15s)...
Presolve removed 26033 rows and 14506 columns
Presolve time: 15.77s
Presolved: 7278 rows, 6842 columns, 44020 nonzeros
Variable types: 0 continuous, 6842 integer (4531 binary)
Found heuristic solution: objective 4202.0317452

Root simplex log...

Iteration    Objective       Primal Inf.    Dual Inf.      Time
       0    1.8944909e+03   3.831875e+02   0.000000e+00     17s
    1674    2.9759621e+03   0.000000e+00   0.000000e+00     17s

Root relaxation: objective 2.975962e+03, 1674 iterations, 0.33 seconds (0.12 work units)

    Nodes    |    Current Node    |     Objective Bounds      |     Work
 Expl Unexpl |  Obj  Depth IntInf | Incumbent    BestBd   Gap | It/Node Time

     0     0 2975.96213    0   74 4202.03175 2975.96213  29.2%     -   17s
     0     0 2978.30907    0  102 4202.03175 2978.30907  29.1%     -   17s
H    0     0                    4195.7240164 2978.30907  29.0%     -   17s
     0     0 2981.26489    0  106 4195.72402 2981.26489  28.9%     -   18s
H    0     0                    3456.4922245 2981.26489  13.7%     -   19s
     0     0 2981.48787    0  113 3456.49222 2981.48787  13.7%     -   19s
     0     0 2981.57077    0  102 3456.49222 2981.57077  13.7%     -   19s
     0     0 2981.59065    0  100 3456.49222 2981.59065  13.7%     -   20s
     0     0 2981.59770    0  105 3456.49222 2981.59770  13.7%     -   20s
     0     0 2981.59770    0  105 3456.49222 2981.59770  13.7%     -   20s
     0     0 2988.11832    0  222 3456.49222 2988.11832  13.6%     -   22s
     0     0 2992.82231    0  221 3456.49222 2992.82231  13.4%     -   23s
     0     0 2993.65138    0  219 3456.49222 2993.65138  13.4%     -   23s
     0     0 2993.75705    0  216 3456.49222 2993.75705  13.4%     -   23s
     0     0 2993.80507    0  216 3456.49222 2993.80507  13.4%     -   24s
     0     0 2993.81206    0  219 3456.49222 2993.81206  13.4%     -   24s
     0     0 2993.81206    0  219 3456.49222 2993.81206  13.4%     -   24s
     0     0 3001.08694    0  265 3456.49222 3001.08694  13.2%     -   26s
     0     0 3001.08734    0  264 3456.49222 3001.08734  13.2%     -   26s
     0     0 3001.08768    0  277 3456.49222 3001.08768  13.2%     -   26s
     0     0 3001.08862    0  265 3456.49222 3001.08862  13.2%     -   27s
H    0     0                    3398.5287487 3001.08908  11.7%     -   27s
H    0     0                    3398.0278159 3001.08908  11.7%     -   27s
     0     0 3001.31723    0  271 3398.02782 3001.31723  11.7%     -   28s
     0     0 3002.97985    0  301 3398.02782 3002.97985  11.6%     -   29s
     0     0 3002.98055    0  291 3398.02782 3002.98055  11.6%     -   29s
     0     0 3003.12286    0  300 3398.02782 3003.12286  11.6%     -   29s
     0     0 3003.12350    0  300 3398.02782 3003.12350  11.6%     -   30s
     0     0 3003.12414    0  300 3398.02782 3003.12414  11.6%     -   30s
     0     0 3003.12477    0  300 3398.02782 3003.12477  11.6%     -   30s
     0     0 3003.12541    0  300 3398.02782 3003.12541  11.6%     -   30s
     0     0 3003.12605    0  300 3398.02782 3003.12605  11.6%     -   30s
     0     0 3003.17035    0  292 3398.02782 3003.17035  11.6%     -   31s
     0     0 3003.17051    0  296 3398.02782 3003.17051  11.6%     -   31s
     0     0 3006.22701    0  231 3398.02782 3006.22701  11.5%     -   34s
H    0     0                    3396.0819789 3006.24618  11.5%     -   35s
     0     0 3006.45821    0  230 3396.08198 3006.45821  11.5%     -   35s
     0     0 3006.49904    0  238 3396.08198 3006.49904  11.5%     -   35s
     0     0 3007.97723    0  261 3396.08198 3007.97723  11.4%     -   36s
     0     0 3008.11857    0  254 3396.08198 3008.11857  11.4%     -   37s
     0     0 3008.18403    0  242 3396.08198 3008.18403  11.4%     -   37s
     0     0 3008.18705    0  245 3396.08198 3008.18705  11.4%     -   38s
     0     0 3009.57486    0  231 3396.08198 3009.57486  11.4%     -   39s
     0     0 3009.82289    0  231 3396.08198 3009.82289  11.4%     -   40s
     0     0 3009.85449    0  234 3396.08198 3009.85449  11.4%     -   41s
     0     0 3009.88039    0  233 3396.08198 3009.88039  11.4%     -   41s
     0     0 3009.91039    0  233 3396.08198 3009.91039  11.4%     -   42s
     0     0 3009.91164    0  234 3396.08198 3009.91164  11.4%     -   42s
     0     0 3013.34944    0  277 3396.08198 3013.34944  11.3%     -   44s
     0     0 3013.53372    0  288 3396.08198 3013.53372  11.3%     -   45s
     0     0 3013.88858    0  287 3396.08198 3013.88858  11.3%     -   46s
     0     0 3013.89800    0  297 3396.08198 3013.89800  11.3%     -   46s
     0     0 3013.89826    0  298 3396.08198 3013.89826  11.3%     -   47s
     0     0 3014.59857    0  282 3396.08198 3014.59857  11.2%     -   48s
     0     0 3015.07092    0  281 3396.08198 3015.07092  11.2%     -   50s
     0     0 3015.09027    0  287 3396.08198 3015.09027  11.2%     -   50s
     0     0 3015.34426    0  283 3396.08198 3015.34426  11.2%     -   51s
     0     0 3015.35314    0  284 3396.08198 3015.35314  11.2%     -   52s
     0     0 3016.25437    0  278 3396.08198 3016.25437  11.2%     -   53s
H    0     0                    3348.2122047 3016.25614  9.91%     -   53s
H    0     0                    3348.1381456 3016.25614  9.91%     -   54s
H    0     0                    3346.7107312 3016.25614  9.87%     -   54s
     0     0 3016.35566    0  292 3346.71073 3016.35566  9.87%     -   55s
     0     0 3016.38583    0  289 3346.71073 3016.38583  9.87%     -   55s
     0     0 3016.38862    0  290 3346.71073 3016.38862  9.87%     -   55s
     0     0 3017.85591    0  279 3346.71073 3017.85591  9.83%     -   57s
H    0     0                    3346.4968650 3017.86270  9.82%     -   59s
     0     0 3018.14066    0  281 3346.49687 3018.14066  9.81%     -   59s
     0     0 3018.15970    0  286 3346.49687 3018.15970  9.81%     -   60s
     0     0 3018.65307    0  279 3346.49687 3018.65307  9.80%     -   61s
H    0     0                    3343.6189502 3020.22619  9.67%     -   62s
     0     0 3020.22619    0  269 3343.61895 3020.22619  9.67%     -   62s
     0     0 3020.22619    0  270 3343.61895 3020.22619  9.67%     -   63s
     0     0 3020.22619    0  285 3343.61895 3020.22619  9.67%     -   64s
     0     0 3020.22619    0  288 3343.61895 3020.22619  9.67%     -   66s
     0     0 3020.22619    0  293 3343.61895 3020.22619  9.67%     -   66s
     0     0 3020.22619    0  293 3343.61895 3020.22619  9.67%     -   67s
     0     0 3027.84627    0  268 3343.61895 3027.84627  9.44%     -   68s
H    0     0                    3341.8324943 3027.84674  9.40%     -   69s
     0     0 3028.31126    0  286 3341.83249 3028.31126  9.38%     -   70s
     0     0 3028.41582    0  291 3341.83249 3028.41582  9.38%     -   70s
     0     0 3028.42111    0  287 3341.83249 3028.42111  9.38%     -   71s
     0     0 3029.01914    0  291 3341.83249 3029.01914  9.36%     -   72s
H    0     0                    3341.2973608 3029.14906  9.34%     -   73s
     0     0 3029.36155    0  309 3341.29736 3029.36155  9.34%     -   73s
     0     0 3029.39786    0  311 3341.29736 3029.39786  9.33%     -   74s
     0     0 3029.42123    0  312 3341.29736 3029.42123  9.33%     -   74s
     0     0 3029.42330    0  313 3341.29736 3029.42330  9.33%     -   75s
     0     0 3030.00494    0  333 3341.29736 3030.00494  9.32%     -   76s
     0     0 3030.04691    0  313 3341.29736 3030.04691  9.32%     -   78s
     0     0 3030.12315    0  360 3341.29736 3030.12315  9.31%     -   79s
     0     0 3030.13962    0  322 3341.29736 3030.13962  9.31%     -   79s
     0     0 3030.79050    0  316 3341.29736 3030.79050  9.29%     -   81s
H    0     0                    3299.2564775 3030.79108  8.14%     -   82s
H    0     0                    3298.1882152 3030.79108  8.11%     -   82s
     0     0 3030.80893    0  326 3298.18822 3030.80893  8.11%     -   82s
     0     0 3031.18064    0  320 3298.18822 3031.18064  8.10%     -   84s
     0     0 3031.19475    0  323 3298.18822 3031.19475  8.10%     -   85s
     0     0 3031.50899    0  385 3298.18822 3031.50899  8.09%     -   87s
     0     0 3031.50899    0  387 3298.18822 3031.50899  8.09%     -   87s
     0     0 3031.60308    0  369 3298.18822 3031.60308  8.08%     -   88s
     0     0 3032.40236    0  370 3298.18822 3032.40236  8.06%     -   90s
     0     0 3032.80738    0  398 3298.18822 3032.80738  8.05%     -   91s
     0     0 3032.82102    0  408 3298.18822 3032.82102  8.05%     -   92s
     0     0 3033.16104    0  342 3298.18822 3033.16104  8.04%     -   94s
     0     0 3033.18160    0  342 3298.18822 3033.18160  8.03%     -   95s
     0     0 3033.21851    0  346 3298.18822 3033.21851  8.03%     -   97s
     0     0 3034.14609    0  296 3298.18822 3034.14609  8.01%     -   99s
     0     0 3034.14609    0  296 3298.18822 3034.14609  8.01%     -   99s
     0     0 3034.14609    0  286 3298.18822 3034.14609  8.01%     -  100s
H    0     0                    3295.1420052 3035.21221  7.89%     -  102s
     0     2 3035.21221    0  286 3295.14201 3035.21221  7.89%     -  103s
     3     6 3035.21221    2  280 3295.14201 3035.21221  7.89%   267  105s
    29    32 3035.61011   14  279 3295.14201 3035.21221  7.89%  76.4  110s
    55    55 3037.08485   25  268 3295.14201 3035.21221  7.89%  74.8  115s
    84    74 3243.05256   38  161 3295.14201 3035.21221  7.89%  84.0  120s
   110    99 3054.41515   43  213 3295.14201 3035.21221  7.89%  91.7  126s
   136   113 3062.46462   48  203 3295.14201 3035.21221  7.89%   106  130s
   150   129 3081.20633   52  172 3295.14201 3035.21221  7.89%   124  135s
   163   154 3156.75420   57  129 3295.14201 3035.21221  7.89%   128  140s
   196   163 3252.31115   80  120 3295.14201 3035.21221  7.89%   117  145s
   237   203 3252.73108   98  117 3295.14201 3035.21221  7.89%   100  150s
   272   215 3083.07702   15  191 3295.14201 3035.87819  7.87%   108  155s
   286   232 3113.00267   19  161 3295.14201 3035.87819  7.87%   110  160s
   326   259 3198.62795   48  106 3295.14201 3035.95867  7.87%   100  166s
   354   276 3087.72208   23  202 3295.14201 3035.95867  7.87%   101  171s
   385   279 infeasible   28      3295.14201 3036.02301  7.86%   100  175s
   405   289 3115.68586   16  108 3295.14201 3036.02301  7.86%   106  180s
   415   295 3143.59111   16  133 3295.14201 3036.02301  7.86%   109  185s
   442   307 3159.95747   19  111 3295.14201 3036.07356  7.86%   107  192s
   449   313 3161.92815   20  115 3295.14201 3036.13624  7.86%   109  197s
   496   347 3122.52279   21  168 3295.14201 3036.20249  7.86%   113  204s
   529   368 3077.63048   18  179 3295.14201 3036.20249  7.86%   113  208s
   560   381 3188.61199   21   85 3295.14201 3036.20249  7.86%   111  213s
   585   403 3076.93303   14  179 3295.14201 3036.20249  7.86%   113  219s
   614   434 3113.42069   17  112 3295.14201 3037.11200  7.83%   113  226s
   683   474 3076.00801    8  185 3295.14201 3037.44333  7.82%   107  232s
   726   554 3202.30317   16   89 3295.14201 3037.60831  7.82%   105  241s
   814   580 3099.10749   14  130 3295.14201 3038.28430  7.80%  96.0  246s
   869   592 infeasible   28      3295.14201 3038.82300  7.78%  94.2  251s
   891   625 3095.17285   27  123 3295.14201 3038.82300  7.78%  96.8  256s
   944   626 3190.16756   54  286 3295.14201 3038.82300  7.78%  95.2  285s
   946   627 3179.72681   26  426 3295.14201 3038.82300  7.78%  95.0  296s
   947   628 3054.04411   43  214 3295.14201 3038.82300  7.78%  94.9  302s
   949   629 3231.33877   54  505 3295.14201 3044.59368  7.60%  94.7  306s
   951   631 3191.37362   54  484 3295.14201 3048.18770  7.49%  94.5  310s
   954   633 3099.96722   16  519 3295.14201 3053.32869  7.34%  94.2  316s
   956   634 3113.48457    9  513 3295.14201 3054.48533  7.30%  94.0  320s
   959   636 3262.63106   67  509 3295.14201 3056.06404  7.26%  93.7  325s
   961   637 3265.84986  144  523 3295.14201 3056.12663  7.25%  93.6  330s
   962   638 3059.80471    4  532 3295.14201 3059.80471  7.14%  93.5  337s
   964   639 3262.63106   66  542 3295.14201 3060.28740  7.13%  93.3  340s
   967   641 3128.61509   20  538 3295.14201 3061.92783  7.08%  93.0  350s
   970   643 3244.36906   47  556 3295.14201 3062.34115  7.06%  92.7  359s
   971   644 3155.36146   17  561 3295.14201 3063.08558  7.04%  92.6  364s
   972   645 3231.31742   44  570 3295.14201 3063.09717  7.04%  92.5  365s
   974   646 3121.15051   17  572 3295.14201 3063.13228  7.04%  92.3  370s
   975   647 3141.95884   34  557 3295.14201 3063.62976  7.03%  92.2  375s
   978   649 3271.41908   75  579 3295.14201 3063.86786  7.02%  91.9  381s
   979   649 3064.42034    5  572 3295.14201 3064.42034  7.00%  91.8  386s
   981   651 3271.73637   80  579 3295.14201 3064.56500  7.00%  91.6  390s
   982   651 3231.35525   40  576 3295.14201 3065.15783  6.98%  91.6  397s
   984   653 3244.44196   52  598 3295.14201 3065.29867  6.98%  91.4  401s
   986   654 3122.20453   23  587 3295.14201 3065.68394  6.96%  91.2  405s
   987   655 3122.29918   26  603 3295.14201 3065.69710  6.96%  91.1  410s
   988   655 3253.14258   34  610 3295.14201 3065.91104  6.96%  91.0  415s
   991   657 3185.27312   52  624 3295.14201 3065.99611  6.95%  90.7  421s
   992   658 3266.36234  133  626 3295.14201 3066.05263  6.95%  90.6  427s
   993   659 3194.97943   30  637 3295.14201 3066.05748  6.95%  90.5  431s
   994   659 3144.82025   28  631 3295.14201 3067.09759  6.92%  90.4  439s
   995   660 3254.93295   33  641 3295.14201 3067.09759  6.92%  90.4  442s
   996   661 3067.09759   40  640 3295.14201 3067.09759  6.92%  90.3  447s
   997   661 3186.82831   52  642 3295.14201 3067.09759  6.92%  90.2  450s
  1001   665 3187.49679   49  286 3295.14201 3067.09759  6.92%   113  483s
  1003   666 3252.73469   99  424 3295.14201 3067.09759  6.92%   112  493s
  1004   667 3235.78325   43  415 3295.14201 3067.09759  6.92%   112  500s
  1006   668 3128.45924   38  496 3295.14201 3067.09759  6.92%   112  506s
  1008   670 3067.09759   13  545 3295.14201 3067.09759  6.92%   112  511s
  1010   671 3184.34911   21  534 3295.14201 3067.09759  6.92%   112  516s
  1012   672 3265.84986  144  546 3295.14201 3067.09759  6.92%   111  520s
  1015   674 3103.14928    3  581 3295.14201 3067.62453  6.90%   111  526s
  1017   676 3165.98670   66  583 3295.14201 3068.36328  6.88%   111  531s
  1018   676 3171.29706   36  581 3295.14201 3068.38156  6.88%   111  537s
  1019   677 3269.19358   64  613 3295.14201 3068.97604  6.86%   111  545s
  1022   679 3076.72484   14  637 3295.14201 3069.58100  6.85%   110  551s
  1024   680 3277.03114   25  626 3295.14201 3070.24713  6.83%   110  563s
  1025   681 3265.84986  143  622 3295.14201 3070.32845  6.82%   110  565s
  1027   682 3160.27523   14  620 3295.14201 3070.38909  6.82%   110  573s
  1028   683 3185.19922   47  639 3295.14201 3070.43683  6.82%   110  577s
  1029   684 3107.50250   51  645 3295.14201 3070.44298  6.82%   110  580s
  1030   684 3122.24626   31  639 3295.14201 3071.18841  6.80%   109  586s
  1031   685 3252.40451   84  648 3295.14201 3071.18841  6.80%   109  590s
  1032   686 3271.08008  100  638 3295.14201 3071.18841  6.80%   109  599s
  1033   686 3244.33977   45  648 3295.14201 3071.18841  6.80%   109  601s
  1034   687 3141.95884   34  638 3295.14201 3071.18841  6.80%   109  606s
  1035   688 3088.51724   17  640 3295.14201 3071.18841  6.80%   109  611s
  1036   688 3244.44196   52  639 3295.14201 3071.42413  6.79%   109  635s
  1037   689 3199.09669   35  639 3295.14201 3071.86333  6.78%   109  646s
  1038   693 3084.16790   29  510 3295.14201 3071.86333  6.78%   131  653s
  1040   694 3085.77127   30  265 3295.14201 3084.44523  6.39%   132  657s
  1042   701 3085.94075   31  266 3295.14201 3084.44523  6.39%   132  672s
  1050   706 3086.03343   33  263 3295.14201 3084.44523  6.39%   133  682s
  1057   709 3086.05116   34  261 3295.14201 3084.44523  6.39%   134  691s
  1063   714 3087.48642   35  255 3295.14201 3084.44523  6.39%   137  706s
  1070   718 3087.68572   36  253 3295.14201 3084.44523  6.39%   138  711s
  1076   719 3157.66820   36  382 3295.14201 3084.44523  6.39%   139  715s
  1079   723 3087.69711   37  251 3295.14201 3084.44523  6.39%   139  721s
  1085   725 3087.70443   38  249 3295.14201 3084.44523  6.39%   140  725s
  1089   732 3087.77844   39  251 3295.14201 3084.44523  6.39%   141  731s
  1097   736 3087.78849   40  247 3295.14201 3084.44523  6.39%   142  735s
  1105   738 3087.79779   41  247 3295.14201 3084.44523  6.39%   143  741s
  1113   739 3087.80107   42  257 3295.14201 3084.44523  6.39%   144  746s
  1133   734 3089.63089   43  499 3295.14201 3084.44523  6.39%   144  756s
  1140   738 3087.89189   44  452 3295.14201 3085.79805  6.35%   144  760s
  1152   750 3089.31745   45  237 3295.14201 3085.79805  6.35%   146  770s
  1163   753 3112.19202   46  369 3295.14201 3085.79805  6.35%   146  784s
  1170   759 3107.40465   47  384 3295.14201 3085.79805  6.35%   145  799s
  1181   753 3110.23856   47  371 3295.14201 3085.79805  6.35%   145  816s
  1191   753 3110.59820   48  363 3295.14201 3089.31745  6.25%   146  829s
  1194   754 3155.06798   49  148 3295.14201 3089.31745  6.25%   148  837s
  1196   755 3120.90790   49  307 3295.14201 3089.31745  6.25%   149  851s
  1198   757 3192.00484   50  127 3295.14201 3089.31745  6.25%   151  860s
  1201   761 3128.39574   51  120 3295.14201 3089.31745  6.25%   151  886s
  1206   764 3248.83485   52  129 3295.14201 3089.31745  6.25%   153  896s
  1212   770 3255.46208   54  150 3295.14201 3089.32060  6.25%   154  930s
  1230   770 3110.38632   47  377 3295.14201 3089.32060  6.25%   155  941s
  1236   775 3154.60011   47  158 3295.14201 3089.32060  6.25%   157  953s
  1243   784 3159.04858   48  151 3295.14201 3089.32060  6.25%   158  964s
  1255   797 3116.70012   49  138 3295.14201 3089.32060  6.25%   158  980s
  1274   796 3129.89448   51  103 3295.14201 3089.32060  6.25%   157 1004s
  1299   798 3137.95939   53   81 3295.14201 3089.63089  6.24%   156 1019s
  1310   801 3173.95955   58   37 3295.14201 3089.63089  6.24%   158 1050s
  1318   804 3174.33076   60   30 3295.14201 3089.63089  6.24%   159 1066s
  1324   813 3193.45713   62   13 3295.14201 3089.63089  6.24%   159 1094s
  1335   830 3177.57460   67   74 3295.14201 3089.63089  6.24%   159 1106s
  1359   826 3215.34805   77  118 3295.14201 3089.63132  6.24%   158 1135s
  1372   834 3153.78131   45  192 3295.14201 3089.63132  6.24%   159 1149s
  1385   855 3222.23780   46   72 3295.14201 3089.63132  6.24%   160 1167s
  1429   845 3246.29291   56   40 3295.14201 3094.50230  6.09%   158 1192s
  1455   839 3110.14297   45  370 3295.14201 3094.50544  6.09%   159 1203s
  1457   866 3121.02994   45  199 3295.14201 3097.70625  5.99%   160 1247s
  1485   871 3134.31323   46  184 3295.14201 3097.70625  5.99%   158 1273s
  1524   864 infeasible   49      3295.14201 3097.70625  5.99%   156 1313s
  1536   882 3199.60360   54  117 3295.14201 3097.70625  5.99%   156 1340s
  1571   877 3156.55300   53  111 3295.14201 3103.01860  5.83%   156 1357s
  1592   880 3254.36057   52  270 3295.14201 3103.76575  5.81%   157 1390s
  1617   913 3107.10505   38  186 3295.14201 3103.76575  5.81%   157 1426s
  1676   909 3143.92777   48  144 3295.14201 3103.76575  5.81%   155 1448s
  1702   935 3129.22457   39  174 3295.14201 3103.76575  5.81%   154 1487s
  1761   938 3219.35494   57   76 3295.14201 3103.76575  5.81%   152 1517s
  1822   933 3177.23900   51  168 3295.14201 3110.18612  5.61%   152 1551s
  1856   934 3194.87419   50  271 3295.14201 3111.32329  5.58%   154 1582s
  1891   962 3160.12646   48  149 3295.14201 3111.45403  5.57%   153 1657s
  1964   976 3161.65404   55   97 3295.14201 3112.19202  5.55%   151 1684s
  2088   956 3241.82004   54   43 3295.14201 3113.53387  5.51%   146 1725s
  2218   940 infeasible   60      3295.14201 3114.73867  5.47%   140 1762s
  2273   990 3172.75750   54  135 3295.14201 3116.22938  5.43%   138 1809s
  2446   987 3136.21441   59  134 3295.14201 3117.14438  5.40%   132 1862s
  2651   971 3128.52841   32  126 3295.14201 3121.80111  5.26%   125 1917s
  2776   942 infeasible   44      3295.14201 3125.34894  5.15%   123 1960s
  2835   968 3147.22835   35  162 3295.14201 3126.27572  5.12%   124 2005s
  2918  1006 3171.33635   54  179 3295.14201 3126.42467  5.12%   122 2055s
  3149   993 3200.93331   45   94 3295.14201 3127.74745  5.08%   117 2115s
  3367  1067 3149.00812   35  352 3295.14201 3128.71044  5.05%   112 2183s
  3563  1143     cutoff   51      3295.14201 3129.54776  5.03%   110 2243s
  3751  1164 3242.05391   63   97 3295.14201 3130.35367  5.00%   108 2309s
  3910  1196 3164.93594   60  109 3295.14201 3131.07347  4.98%   107 2364s
  3978  1196 3189.03824   57  144 3295.14201 3131.27522  4.97%   107 2365s
  4031  1259 3234.25577   64   86 3295.14201 3131.27522  4.97%   106 2455s
  4323  1339 3139.95646   36   82 3295.14201 3133.85481  4.89%   102 2534s
  4534  1385 3205.76971   58  109 3295.14201 3134.93353  4.86%   101 2601s
  4705  1521 3155.28030   56  105 3295.14201 3135.68368  4.84%  98.7 2713s
  5175  1602 3185.65008   42   56 3295.14201 3138.09021  4.77%  93.0 2810s
  5524  1683 3205.97752   39  102 3295.14201 3139.85311  4.71%  89.3 2896s
  5842  1719 3188.95091   51  137 3295.14201 3141.00726  4.68%  87.1 2968s
  5964  1951 3174.04242   37   89 3295.14201 3141.72085  4.66%  87.0 3084s
  6570  2015 infeasible   55      3295.14201 3143.84459  4.59%  82.2 3169s
  6878  2060 3179.05292   53   75 3295.14201 3144.40180  4.57%  81.4 3233s
  6974  2089 3157.62873   47  139 3295.14201 3144.70595  4.57%  81.2 3313s
  7123  2142 3157.62922   48  138 3295.14201 3144.70595  4.57%  80.4 3391s
  7297  2158 3158.80391   49  135 3295.14201 3144.70595  4.57%  79.9 3551s
  7359  2387 3159.37745   51  134 3295.14201 3145.66272  4.54%  79.9 3871s
  8187  2547 3186.55392   41  152 3295.14201 3149.12534  4.43%  77.8 4009s
  8749  2581 3171.09657   38  120 3295.14201 3150.42848  4.39%  76.5 4062s
  8830  2716 3234.21432   63  191 3295.14201 3150.42848  4.39%  76.6 4141s
  9135  2831 3190.13035   42  143 3295.14201 3151.27972  4.37%  76.8 4234s
  9336  2831 3155.83077   41   95 3295.14201 3152.34654  4.33%  76.3 4235s
  9564  2899     cutoff   47      3295.14201 3152.36459  4.33%  75.4 4317s
  9827  2956 3179.67674   48  166 3295.14201 3153.27437  4.31%  75.1 4353s
  9909  3005 3175.52215   57   99 3295.14201 3153.68174  4.29%  74.9 4416s
 10060  3104 3246.99798   40   65 3295.14201 3153.85803  4.29%  75.5 4480s
 10269  3166 3169.63146   69  177 3295.14201 3154.49530  4.27%  74.8 4546s
 10525  3205 3199.72341   53   81 3295.14201 3155.11598  4.25%  75.0 4604s
 10699  3264 3243.11206   57  103 3295.14201 3155.69228  4.23%  75.7 4667s
 10897  3304 3215.49918   57  108 3295.14201 3156.25117  4.22%  75.8 4743s
 11203  3395 infeasible   40      3295.14201 3156.91600  4.19%  75.7 4809s
 11455  3462 infeasible   59      3295.14201 3157.68473  4.17%  75.1 4869s
 11726  3490 3203.27456   63   63 3295.14201 3157.80225  4.17%  74.8 4927s
 11907  3567 3291.50538   50   30 3295.14201 3158.11541  4.16%  74.8 4996s
 12147  3636 3208.74612   38   68 3295.14201 3158.71356  4.14%  74.3 5075s
 12381  3688 infeasible   56      3295.14201 3159.04858  4.13%  74.3 5135s
 12540  3691 3181.07158   56  203 3295.14201 3159.28448  4.12%  74.8 5160s
 12543  3715 infeasible   57      3295.14201 3159.38775  4.12%  74.8 5222s
 12702  3768 3162.28915   55  107 3295.14201 3159.69104  4.11%  74.5 5285s
 12891  3802 3230.10145   39  107 3295.14201 3160.43677  4.09%  74.9 5348s
 13047  3826 3180.14198   51  109 3295.14201 3160.66313  4.08%  75.0 5422s
 13301  3884 3216.91296   52  146 3295.14201 3161.40402  4.06%  75.6 5504s
 13560  3922 3284.28636   44  125 3295.14201 3162.24378  4.03%  75.3 5575s
 13826  3963 3170.08503   39  133 3295.14201 3162.59153  4.02%  75.4 5645s
 14029  4061 infeasible   67      3295.14201 3162.72516  4.02%  75.6 5721s
 14317  4147 3164.04965   42   85 3295.14201 3163.51813  3.99%  75.5 5787s
 14577  4148 3203.81462   52  286 3295.14201 3163.61086  3.99%  75.5 6253s
 14579  4149 3177.25579   48  363 3295.14201 3163.61086  3.99%  75.5 6260s
 14580  4150 3175.96355   46  738 3295.14201 3163.61086  3.99%  75.5 6267s
 14581  4151 3228.13047   37  788 3295.14201 3163.61086  3.99%  75.5 6270s
 14584  4153 3230.16526   48  880 3295.14201 3163.61086  3.99%  75.5 6276s
 14586  4154 3170.80893   48  893 3295.14201 3163.61086  3.99%  75.5 6280s
 14589  4156 3261.80409   79  781 3295.14201 3163.61086  3.99%  75.5 6286s
 14592  4158 3248.62445   46  921 3295.14201 3163.61086  3.99%  75.5 6290s
 14597  4161 3174.03120   60  935 3295.14201 3163.61086  3.99%  75.4 6297s
 14598  4162 3267.45608   46  923 3295.14201 3163.61086  3.99%  75.4 6315s
 14600  4163 3196.27533   47  945 3295.14201 3163.61086  3.99%  75.4 6329s
 14601  4164 3199.53773   58  955 3295.14201 3163.61086  3.99%  75.4 6347s
 14602  4165 3270.01629   44  952 3295.14201 3163.61086  3.99%  75.4 6362s
 14603  4165 3251.98677   49  955 3295.14201 3163.61086  3.99%  75.4 6380s
 14604  4166 3204.01312   43  960 3295.14201 3163.61086  3.99%  75.4 6392s
 14605  4167 3254.46776   46  959 3295.14201 3163.61086  3.99%  75.4 6407s
 14606  4167 3198.53444   61  958 3295.14201 3163.61086  3.99%  75.4 6422s
 14607  4168 3240.70632   55  955 3295.14201 3163.61086  3.99%  75.4 6437s
 14608  4169 3269.58951   57  948 3295.14201 3163.61086  3.99%  75.4 6450s
 14609  4169 3248.24737   67  947 3295.14201 3163.61086  3.99%  75.4 6464s
 14610  4170 3245.23448   44  964 3295.14201 3163.61086  3.99%  75.4 6478s
 14611  4171 3174.85215   45  957 3295.14201 3163.61086  3.99%  75.4 6496s
 14612  4171 3212.19440   58  953 3295.14201 3163.61086  3.99%  75.4 6508s
 14613  4172 3215.92748   67  954 3295.14201 3163.61086  3.99%  75.4 6526s
 14614  4173 3195.17255   43  959 3295.14201 3163.61086  3.99%  75.4 6539s
 14615  4173 3189.54648   56  959 3295.14201 3163.61086  3.99%  75.3 6557s
 14616  4174 3175.43139   56  971 3295.14201 3163.61086  3.99%  75.3 6571s
 14617  4175 3215.65246   49  960 3295.14201 3163.61086  3.99%  75.3 6584s
 14618  4175 3261.62079   46  964 3295.14201 3163.61086  3.99%  75.3 6599s
 14619  4176 3255.71936   84  963 3295.14201 3163.61086  3.99%  75.3 6616s
 14620  4177 3218.69832   58  963 3295.14201 3163.61086  3.99%  75.3 6630s
 14621  4177 3219.69576   39  964 3295.14201 3163.61086  3.99%  75.3 6645s
 14622  4178 3254.56208   38  967 3295.14201 3163.61086  3.99%  75.3 6657s
 14623  4179 3164.83106   56  966 3295.14201 3163.61086  3.99%  75.3 6672s
 14624  4179 3182.42751   37  967 3295.14201 3163.61086  3.99%  75.3 6686s
 14625  4180 3256.29724   58  964 3295.14201 3163.61086  3.99%  75.3 6701s
 14626  4181 3221.02991   67  967 3295.14201 3163.61086  3.99%  75.3 6714s
 14627  4181 3219.92989   42  913 3295.14201 3163.61086  3.99%  75.3 6730s
 14630  4183 3265.31751   88  527 3295.14201 3163.61086  3.99%  75.3 6742s
 14631  4184 3181.07678   55  935 3295.14201 3163.61086  3.99%  75.3 6759s
 14632  4185 3188.89358   53  938 3295.14201 3163.61086  3.99%  75.3 6774s
 14633  4185 3191.37352   40  952 3295.14201 3163.61086  3.99%  75.3 6794s
 14634  4186 3201.47171   53  964 3295.14201 3163.61086  3.99%  75.2 6805s
 14635  4187 3285.57285   47  944 3295.14201 3163.61086  3.99%  75.2 6825s
 14638  4189 3248.43836   74  955 3295.14201 3163.61086  3.99%  75.2 6841s
 14639  4189 3165.59837   43  949 3295.14201 3163.61086  3.99%  75.2 6857s
 14640  4190 3205.75941   46  958 3295.14201 3163.61086  3.99%  75.2 6871s
 14641  4191 3248.90566   93  955 3295.14201 3163.61086  3.99%  75.2 6887s
 14642  4191 3190.00708   63  956 3295.14201 3163.61086  3.99%  75.2 6901s
 14643  4192 3199.38307   71  955 3295.14201 3163.61086  3.99%  75.2 6914s
 14644  4193 3195.09572   39  955 3295.14201 3163.61086  3.99%  75.2 6928s
 14645  4193 3216.85546   38  953 3295.14201 3163.61086  3.99%  75.2 6947s
 14646  4194 3175.00231   45  951 3295.14201 3163.61086  3.99%  75.2 6962s
 14647  4195 3248.25795   48  956 3295.14201 3163.61086  3.99%  75.2 6980s
 14648  4195 3248.81919   80  954 3295.14201 3163.61086  3.99%  75.2 6999s
 14649  4196 3177.74627   63  951 3295.14201 3163.61086  3.99%  75.2 7012s
 14650  4197 3250.40697   55  954 3295.14201 3163.61086  3.99%  75.2 7026s
 14651  4197 3268.57054   57  945 3295.14201 3163.61086  3.99%  75.2 7041s
 14652  4198 3292.80270   44  949 3295.14201 3163.61086  3.99%  75.2 7052s
 14653  4199 3209.93674   77  946 3295.14201 3163.61086  3.99%  75.2 7069s
 14654  4199 3202.40610   40  945 3295.14201 3163.61086  3.99%  75.1 7081s
 14655  4200 3198.05297   34  943 3295.14201 3163.61086  3.99%  75.1 7103s
 14656  4201 3271.57178   40  947 3295.14201 3163.61086  3.99%  75.1 7117s
 14657  4201 3198.52699   54  947 3295.14201 3163.61086  3.99%  75.1 7132s
 14658  4202 3212.25098   53  949 3295.14201 3163.61086  3.99%  75.1 7143s
 14659  4203 3174.37955   53  947 3295.14201 3163.61086  3.99%  75.1 7162s
 14660  4203 3185.21509   51  948 3295.14201 3163.61086  3.99%  75.1 7176s
 14661  4204 3204.01146   48  948 3295.14201 3163.61086  3.99%  75.1 7194s
 14662  4205 3194.22692   38  948 3295.14201 3163.61086  3.99%  75.1 7208s
 14663  4205 3276.79962   59  948 3295.14201 3163.61086  3.99%  75.1 7223s
 14664  4206 3194.45832   42  952 3295.14201 3163.61086  3.99%  75.1 7236s
 14665  4207 3279.77351   41  943 3295.14201 3163.61086  3.99%  75.1 7254s
 14666  4207 3244.32361   49  947 3295.14201 3163.61086  3.99%  75.1 7270s
 14667  4208 3210.92046   43  946 3295.14201 3163.61086  3.99%  75.1 7288s
 14668  4209 3294.21441   41  949 3295.14201 3163.61086  3.99%  75.1 7302s
 14669  4209 3169.55870   49  948 3295.14201 3163.61086  3.99%  75.1 7322s
 14670  4210 3230.49938   60  949 3295.14201 3163.61086  3.99%  75.1 7337s
 14671  4211 3203.06526   51  947 3295.14201 3163.61086  3.99%  75.1 7353s
 14672  4211 3188.13374   43  950 3295.14201 3163.61086  3.99%  75.1 7370s
 14673  4212 3280.25999   52  946 3295.14201 3163.61086  3.99%  75.0 7377s
 14674  4213 3201.61224   62  948 3295.14201 3163.61086  3.99%  75.0 7381s
 14675  4213 3267.51532   46  946 3295.14201 3163.61086  3.99%  75.0 7387s
 14676  4214 3182.64132   59  949 3295.14201 3163.61086  3.99%  75.0 7392s
 14677  4215 3203.81462   52  947 3295.14201 3163.61086  3.99%  75.0 7399s
 14678  4215 3261.75510   77  950 3295.14201 3163.61086  3.99%  75.0 7404s
 14679  4216 3177.25579   48  948 3295.14201 3163.61086  3.99%  75.0 7408s
 14680  4217 3175.96355   46  947 3295.14201 3163.61086  3.99%  75.0 7416s
 14681  4217 3228.13047   37  947 3295.14201 3163.61086  3.99%  75.0 7424s
 14682  4221 3163.61086   39  457 3295.14201 3163.61086  3.99%  77.0 7429s
 14684  4222 3163.61086   40  385 3295.14201 3163.61086  3.99%  77.1 7432s
 14689  4227 3163.61086   42  388 3295.14201 3163.61086  3.99%  77.2 7438s
 14692  4229 3163.61086   43  311 3295.14201 3163.61086  3.99%  77.3 7441s
 14699  4230 3224.24051   44  171 3295.14201 3163.61086  3.99%  77.4 7446s
 14701  4231 3163.61086   45  243 3295.14201 3163.61086  3.99%  77.4 7450s
 14704  4232 3163.61086   45  166 3295.14201 3163.61086  3.99%  77.4 7467s
 14708  4232 3163.61086   46  278 3295.14201 3163.61086  3.99%  77.4 7475s
 14712  4235 3163.61086   47  278 3295.14201 3163.61086  3.99%  77.4 7480s
 14715  4235 3163.61086   48  277 3295.14201 3163.61086  3.99%  77.4 7486s
 14721  4238 3227.49161   49  115 3295.14201 3163.61086  3.99%  77.4 7493s
 14725  4239 3163.61086   50  284 3295.14201 3163.61086  3.99%  77.4 7504s
 14728  4240 3163.61086   51  277 3295.14201 3163.61086  3.99%  77.4 7510s
 14734  4242     cutoff   52      3295.14201 3163.61086  3.99%  77.4 7516s
 14739  4248 3163.61086   54  236 3295.14201 3163.61086  3.99%  77.4 7523s
 14746  4254 3163.61086   55  236 3295.14201 3163.61086  3.99%  77.4 7529s
 14756  4257 3163.61086   56  207 3295.14201 3163.61086  3.99%  77.4 7533s
 14765  4257 3163.61086   59  206 3295.14201 3163.61086  3.99%  77.4 7536s
 14770  4265 3175.55512   61  205 3295.14201 3163.61086  3.99%  77.4 7541s
 14780  4269 3250.12664   63   83 3295.14201 3163.61086  3.99%  77.4 7546s
 14795  4267 infeasible   71      3295.14201 3163.61086  3.99%  77.4 7551s
 14804  4267 3216.51893   75   51 3295.14201 3163.61086  3.99%  77.3 7558s
 14812  4263 infeasible   76      3295.14201 3163.61086  3.99%  77.4 7563s
 14822  4264 3217.01262   77   61 3295.14201 3163.61086  3.99%  77.5 7568s
 14834  4266 infeasible   80      3295.14201 3163.61086  3.99%  77.4 7572s
 14853  4278 3163.61086   41  214 3295.14201 3163.61086  3.99%  77.4 7578s
 14876  4286 3163.61086   43  211 3295.14201 3163.61086  3.99%  77.4 7585s
 14903  4279 3280.60897   50   15 3295.14201 3163.61086  3.99%  77.3 7592s
 14920  4277 3163.61086   42  501 3295.14201 3163.61086  3.99%  77.4 7597s
 14923  4282 3163.61086   43  417 3295.14201 3163.61086  3.99%  77.6 7613s
 14929  4286 3163.61086   45  355 3295.14201 3163.61086  3.99%  77.8 7621s
 14935  4289 3163.61086   47  337 3295.14201 3163.61086  3.99%  77.8 7628s
 14948  4285 3163.61086   50  278 3295.14201 3163.61086  3.99%  78.0 7637s
 14957  4287 3163.61086   44  320 3295.14201 3163.61086  3.99%  78.1 7645s
 14962  4307 3163.61086   46  202 3295.14201 3163.61086  3.99%  78.1 7654s
 14985  4302 3244.33442   56  117 3295.14201 3163.61086  3.99%  78.1 7670s
 15001  4301 3163.61086   46  256 3295.14201 3163.61086  3.99%  78.1 7683s
 15019  4300 3178.78223   48  206 3295.14201 3163.61086  3.99%  78.1 7697s
 15025  4303 3216.14896   50  189 3295.14201 3163.61086  3.99%  78.3 7705s
 15037  4302 3290.90769   54  180 3295.14201 3163.61086  3.99%  78.3 7715s
 15043  4305 3291.93377   54  164 3295.14201 3163.61086  3.99%  78.3 7727s
 15054  4306 3163.61086   47  314 3295.14201 3163.61086  3.99%  78.4 7742s
 15070  4306 3163.61086   50  203 3295.14201 3163.61086  3.99%  78.5 7750s
 15080  4320 3163.61086   52  251 3295.14201 3163.61086  3.99%  78.6 7757s
 15107  4322 3186.47697   57  106 3295.14201 3163.61086  3.99%  78.5 7767s
 15134  4331 3163.61086   53  145 3295.14201 3163.61086  3.99%  78.4 7779s
 15163  4339 3163.61086   57  189 3295.14201 3163.61086  3.99%  78.4 7788s
 15192  4338 3163.61086   61  156 3295.14201 3163.61086  3.99%  78.3 7794s
 15210  4357 3178.03324   55  136 3295.14201 3163.61086  3.99%  78.3 7802s
 15253  4354     cutoff   55      3295.14201 3163.61086  3.99%  78.1 7814s
 15298  4380     cutoff   57      3295.14201 3163.61086  3.99%  78.0 7837s
 15392  4376 3245.07685   53   84 3295.14201 3163.61086  3.99%  77.7 7849s
 15432  4373 3284.51992   62  221 3295.14201 3163.61086  3.99%  77.5 7873s
 15467  4376 3203.72397   49  153 3295.14201 3163.61086  3.99%  77.6 7887s
 15495  4387 3227.55956   61  248 3295.14201 3163.61086  3.99%  77.7 7905s
 15536  4404 3205.82033   57  228 3295.14201 3163.61086  3.99%  77.6 7927s
 15590  4421 3163.61086   47  240 3295.14201 3163.61086  3.99%  77.5 7953s
 15636  4439 3197.56866   68   17 3295.14201 3163.61086  3.99%  77.5 7991s
 15679  4433 3250.89329   74  106 3295.14201 3163.61086  3.99%  77.6 8018s
 15706  4436 3163.61086   46  329 3295.14201 3163.61086  3.99%  77.7 8048s
 15771  4437 3163.61086   46  391 3295.14201 3163.61086  3.99%  77.9 8070s
 15797  4449 3183.23880   60  352 3295.14201 3163.61086  3.99%  78.0 8090s
 15855  4444 3226.38871   70  192 3295.14201 3163.61086  3.99%  78.0 8119s
 15896  4453 3260.82473   59  209 3295.14201 3163.61086  3.99%  77.9 8151s
 15943  4474 3211.91687   48  401 3295.14201 3163.61086  3.99%  78.1 8183s
 15981  4502 3223.96295   49  373 3295.14201 3163.61086  3.99%  78.3 8216s
 16044  4513 3227.67118   55  246 3295.14201 3163.61086  3.99%  78.3 8252s
 16114  4517 3240.48924   76  214 3295.14201 3163.61086  3.99%  78.3 8282s
 16214  4515 3213.17628   51  437 3295.14201 3163.61086  3.99%  78.2 8308s
 16264  4534 3171.89200   51  406 3295.14201 3163.61086  3.99%  78.6 8339s
 16320  4545 3229.02173   64   60 3295.14201 3163.61086  3.99%  78.7 8386s
 16413  4548 3163.61086   52  288 3295.14201 3163.61086  3.99%  78.8 8418s
 16469  4554 3163.61086   51  418 3295.14201 3163.61086  3.99%  79.2 8453s
 16556  4566 3191.81358   49  308 3295.14201 3163.61086  3.99%  79.6 8515s
 16644  4643 3289.42932   83  266 3295.14201 3163.61086  3.99%  79.7 8577s
 16980  4608 3288.76231   66  150 3295.14201 3163.61086  3.99%  78.9 8630s
 17106  4642 3163.61086   46  373 3295.14201 3163.61086  3.99%  79.0 8685s
 17278  4670 3169.11009   48  381 3295.14201 3163.61086  3.99%  79.7 8728s
 17422  4831 3178.38815   55  159 3295.14201 3163.61086  3.99%  79.7 8777s
 17827  4789 infeasible   78      3295.14201 3163.61086  3.99%  79.1 8823s
 18053  4895 3277.02943   64  216 3295.14201 3163.61086  3.99%  79.1 8893s
 18470  4832 3272.90675   64  187 3295.14201 3163.61086  3.99%  78.8 8943s
 18681  4878 3163.61086   52  278 3295.14201 3163.61086  3.99%  78.9 8999s
 18937  4949 3163.61086   53  363 3295.14201 3163.61086  3.99%  79.0 9077s
 19239  4995 3163.61086   59  366 3295.14201 3163.61086  3.99%  78.7 9131s
 19515  5045 infeasible   58      3295.14201 3163.61086  3.99%  79.2 9191s
 19825  4955 3181.49978   52  233 3295.14201 3163.61086  3.99%  78.9 9240s
 19879  5069 3200.13495   58  272 3295.14201 3163.61086  3.99%  79.0 9303s
 20140  5419 3260.89804   51  486 3295.14201 3163.61086  3.99%  79.1 9408s
 20983  5163 3163.61086   55  292 3295.14201 3163.61086  3.99%  78.7 9462s
 21037  5394 3282.14028   65  305 3295.14201 3163.61086  3.99%  79.0 9538s
 21545  5312 3285.24186   76  212 3295.14201 3163.61086  3.99%  79.2 9583s
 21727  5249 3279.32200   62  293 3295.14201 3163.61086  3.99%  79.1 9604s
 21733  5256 3282.89140   63  343 3295.14201 3163.61086  3.99%  79.1 9634s
 21775  5291 3283.61019   65  173 3295.14201 3163.61086  3.99%  79.1 9667s
 21890  5599 3189.85951   45  353 3295.14201 3163.61086  3.99%  79.2 9778s
 22806  5325 3268.32935   65  425 3295.14201 3163.61086  3.99%  78.9 9795s
 22862  5468 3163.61086   63  430 3295.14201 3163.61086  3.99%  79.0 9835s
 23201  5374 3237.54988   53  403 3295.14201 3163.61086  3.99%  78.7 9849s
 23248  5472 3257.56915   56  313 3295.14201 3163.61086  3.99%  78.7 9871s
 23467  5406 3257.61684   58  315 3295.14201 3163.61086  3.99%  78.6 9885s
 23501  5441 3254.99414   57  345 3295.14201 3163.61086  3.99%  78.7 9907s
 23628  5425 infeasible   67      3295.14201 3163.61086  3.99%  78.8 9926s
 23701  5578 3194.92144   50  350 3295.14201 3163.61086  3.99%  78.8 9965s
 24083  5456 3215.97825   66  481 3295.14201 3163.61086  3.99%  78.4 9980s
 24114  5518 3219.10963   68  344 3295.14201 3163.61086  3.99%  78.4 10004s
 24314  5457 3177.68282   59  188 3295.14201 3163.61086  3.99%  78.5 10013s
 24322  5548 3178.70370   62  264 3295.14201 3163.61086  3.99%  78.6 10040s
 24510  5589 3191.44804   82  232 3295.14201 3163.61086  3.99%  78.5 10066s
 24700  5610 3245.12260   55  337 3295.14201 3163.61086  3.99%  78.2 10095s
 24883  5574 3211.39441   49  278 3295.14201 3163.61086  3.99%  78.2 10118s
 24936  5639 3213.20188   68  233 3295.14201 3163.61086  3.99%  78.5 10146s
 25104  5665 3192.93360   52  258 3295.14201 3163.61086  3.99%  78.6 10174s
 25251  5674 3208.28080   72   49 3295.14201 3163.61086  3.99%  78.5 10207s
 25415  5700 3200.51592   55  281 3295.14201 3163.61086  3.99%  78.6 10237s
 25607  5718 3163.61086   61  239 3295.14201 3163.61086  3.99%  78.5 10263s
 25791  5726 3163.61086   59  290 3295.14201 3163.61086  3.99%  78.5 10299s
 25952  5713 3238.84219   52  376 3295.14201 3163.61086  3.99%  78.5 10331s
 26063  5718 3238.32438   94   55 3295.14201 3163.61086  3.99%  78.7 10358s
 26168  5759 3290.45523   59  291 3295.14201 3163.61086  3.99%  78.8 10387s
 26340  5805 3186.16834   47  338 3295.14201 3163.61086  3.99%  78.9 10420s
 26576  5745 infeasible   73      3295.14201 3163.61086  3.99%  78.7 10439s
 26673  5765 3178.14711   52  601 3295.14201 3163.61086  3.99%  78.7 10474s
 26798  5723 3284.51822   52  276 3295.14201 3163.61086  3.99%  78.9 10490s
 26816  5783 3288.75585   53  183 3295.14201 3163.61086  3.99%  79.0 10530s
 26973  5827 3206.10968   50  458 3295.14201 3163.61086  3.99%  79.0 10567s
 27168  5850 3213.46108   56  170 3295.14201 3163.61086  3.99%  79.1 10610s
 27313  5915 3239.11792   82  165 3295.14201 3163.61086  3.99%  79.1 10651s
 27595  5960 3189.08497   89  316 3295.14201 3163.61086  3.99%  79.0 10688s
 27673  6061 3252.65641  120  255 3295.14201 3163.61086  3.99%  79.1 10722s
 27893  6111 infeasible   59      3295.14201 3163.61086  3.99%  79.1 10750s
 27995  6234 3187.79897   53  313 3295.14201 3163.61086  3.99%  79.0 10788s
 28256  6267 3246.57159   62  176 3295.14201 3163.61086  3.99%  79.0 10815s
 28348  6431 3163.61086   52  214 3295.14201 3163.61086  3.99%  79.0 10853s
 28612  6516 3259.21922  108   98 3295.14201 3163.61086  3.99%  79.0 10889s
 28778  6636 3265.94170   77  293 3295.14201 3163.61086  3.99%  79.0 10926s
 29026  6668 3251.84925   73   69 3295.14201 3163.61086  3.99%  78.9 10956s
 29168  6898 3163.97075   57  132 3295.14201 3163.61086  3.99%  78.8 11045s
 29713  6956 3163.61086   55  331 3295.14201 3163.61086  3.99%  78.6 11076s
 29827  7028 3193.70686   62  199 3295.14201 3163.61086  3.99%  78.6 11104s
 29995  7098 3259.65363   56  239 3295.14201 3163.61086  3.99%  78.6 11137s
 30169  7152     cutoff   89      3295.14201 3163.61086  3.99%  78.4 11171s
 30330  7252 infeasible   59      3295.14201 3163.61086  3.99%  78.7 11213s
 30525  7349 3215.35266   94  211 3295.14201 3163.61086  3.99%  78.6 11252s
 30795  7481 3253.34805   64  192 3295.14201 3163.61086  3.99%  78.6 11285s
 31033  7618 3169.95899   54  373 3295.14201 3163.61086  3.99%  78.4 11324s
 31312  7664 3202.29977   63  243 3295.14201 3163.61086  3.99%  78.2 11356s
 31433  7797 3261.37081   68  173 3295.14201 3163.61086  3.99%  78.2 11392s
 31700  7863 3182.91052   63  195 3295.14201 3163.61086  3.99%  78.1 11419s
 31841  8031 3275.21105   63  215 3295.14201 3163.61086  3.99%  78.2 11454s
 32148  8090 3236.11266   75  147 3295.14201 3163.61086  3.99%  77.9 11480s
 32294  8214 3196.96769   58  206 3295.14201 3163.61086  3.99%  77.7 11515s
 32571  8268 3188.89773   54  140 3295.14201 3163.61086  3.99%  77.5 11541s
 32688  8357 3217.44223   68  297 3295.14201 3163.61086  3.99%  77.5 11572s
 32961  8473 3163.61086   55  250 3295.14201 3163.61086  3.99%  77.4 11603s
 33164  8502 3273.63860   76  311 3295.14201 3163.61086  3.99%  77.3 11629s
 33271  8584 3279.72103   74  237 3295.14201 3163.61086  3.99%  77.3 11659s
 33433  8682 3190.69577   60  151 3295.14201 3163.61086  3.99%  77.2 11690s
 33655  8737 3207.75704   71  257 3295.14201 3163.61086  3.99%  77.0 11722s
 33816  8843 3256.60356   56  309 3295.14201 3163.61086  3.99%  77.0 11761s
 34101  8908 3181.41372   62  371 3295.14201 3163.61086  3.99%  77.0 11787s
 34219  9072 3203.61943   62  266 3295.14201 3163.61086  3.99%  77.1 11824s
 34525  9177 3221.12025   91  242 3295.14201 3163.61086  3.99%  76.9 11859s
 34704  9334     cutoff   67      3295.14201 3163.61086  3.99%  76.7 11898s
 35012  9385 3253.44473   61  237 3295.14201 3163.61086  3.99%  76.5 11927s
 35167  9457 3183.94812   51  439 3295.14201 3163.61086  3.99%  76.4 11961s
 35413  9484 3265.04738   60  251 3295.14201 3163.61086  3.99%  76.3 11987s
 35493  9600 3248.19210   52  217 3295.14201 3163.61086  3.99%  76.4 12026s
 35721  9668 3185.81339   75  245 3295.14201 3163.61086  3.99%  76.3 12059s
 35899  9840 3206.63392   66  105 3295.14201 3163.61086  3.99%  76.2 12095s
 36193  9847 3285.62360   61  274 3295.14201 3163.61086  3.99%  76.2 12116s
 36245  9925 3289.98684   77  162 3295.14201 3163.61086  3.99%  76.2 12156s
 36538 10046 3285.60615   89   90 3295.14201 3163.61086  3.99%  76.1 12230s
 36756 10200 3192.90687   55  394 3295.14201 3163.61086  3.99%  76.1 12285s
 37112 10253     cutoff   74      3295.14201 3163.61086  3.99%  76.0 12327s
 37253 10395 3209.69486   68  164 3295.14201 3163.61086  3.99%  76.0 12364s
 37513 10447 3234.46169   94  279 3295.14201 3163.61086  3.99%  76.0 12411s
 37663 10736 3211.30209   56  258 3295.14201 3163.61086  3.99%  76.0 12468s
 38190 10781 3204.76839   65  244 3295.14201 3163.61086  3.99%  75.5 12499s
 38289 10920 3186.90882   56  478 3295.14201 3163.61086  3.99%  75.5 12538s
 38612 10995 3204.85703   60  194 3295.14201 3163.61086  3.99%  75.3 12570s
 38844 11181 3180.33003   62  184 3295.14201 3163.61086  3.99%  75.1 12611s
 39218 11226 3287.57646   58  184 3295.14201 3163.82894  3.99%  74.8 12641s
 39285 11392 infeasible   61      3295.14201 3163.84230  3.98%  74.8 12677s
 39641 11462 3212.37171   62  274 3295.14201 3163.92403  3.98%  74.6 12698s
 39759 11616 3220.06694   64  163 3295.14201 3163.95649  3.98%  74.5 12738s
 40164 11630 3255.71928   73  220 3295.14201 3164.54339  3.96%  74.2 12754s
 40215 11677 3274.66236   67  327 3295.14201 3164.55498  3.96%  74.3 12778s
 40310 11777 3254.38733   71  192 3295.14201 3164.57599  3.96%  74.3 12811s
 40484 11885 3197.57680   62  166 3295.14201 3164.64099  3.96%  74.2 12846s
 40761 11945     cutoff   54      3295.14201 3165.01219  3.95%  74.1 12873s
 40876 12059     cutoff   84      3295.14201 3165.03047  3.95%  74.1 12907s
 41123 12071 3173.13782   52  483 3295.14201 3165.06926  3.95%  74.0 12929s
 41204 12187 3172.19270   55  377 3295.14201 3165.13973  3.95%  74.0 12963s
 41427 12239 3291.28893   78  143 3295.14201 3165.25537  3.94%  74.0 12991s
 41550 12377 3226.19172   64  208 3295.14201 3165.36707  3.94%  74.0 13021s
 41800 12486 3212.78203   60  254 3295.14201 3165.47387  3.94%  73.9 13048s
 42021 12638 3231.50093   82  412 3295.14201 3165.70921  3.93%  73.7 13085s
 42369 12689 infeasible   65      3295.14201 3166.06701  3.92%  73.4 13106s
 42510 12845 3199.29058   70  148 3295.14201 3166.22205  3.91%  73.4 13142s
 42832 12889 infeasible   80      3295.14201 3166.63857  3.90%  73.2 13166s
 42918 12967 3233.69638   65  203 3295.14201 3166.65330  3.90%  73.2 13197s
 43098 13051 3207.63569   59  270 3295.14201 3167.02579  3.89%  73.4 13227s
 43279 13163 3205.56413   53  354 3295.14201 3167.09525  3.89%  73.2 13254s
 43458 13230 3242.38488   64   44 3295.14201 3167.14800  3.88%  73.2 13289s
 43564 13230 3260.22724   72  199 3295.14201 3167.20505  3.88%  73.1 13290s
 43599 13365 3180.81709   59  247 3295.14201 3167.20827  3.88%  73.1 13320s
 43852 13530 3286.34006   77  242 3295.14201 3167.41009  3.88%  73.1 13375s
 44169 13648     cutoff   78      3295.14201 3167.69814  3.87%  73.0 13415s
 44462 13717 3244.21175   64  369 3295.14201 3168.22572  3.85%  73.0 13440s
 44603 13908     cutoff   65      3295.14201 3168.24701  3.85%  73.0 13480s
 45015 13947 3206.20121   51  337 3295.14201 3168.41210  3.85%  72.7 13509s
 45113 14133 3172.83156   84  235 3295.14201 3168.43898  3.85%  72.6 13550s
 45465 14142 infeasible   71      3295.14201 3168.54189  3.84%  72.5 13565s
 45497 14247 3233.58147   54  113 3295.14201 3168.54953  3.84%  72.5 13589s
 45734 14278 3291.55396   71  208 3295.14201 3168.72775  3.84%  72.4 13608s
 45833 14407 3218.81450   63   69 3295.14201 3168.76690  3.84%  72.3 13640s
 46117 14423 3243.35612   50  168 3295.14201 3168.85870  3.83%  72.3 13661s
 46168 14577 3247.76917   63  141 3295.14201 3168.85870  3.83%  72.2 13696s
 46495 14579 3213.56914   56  181 3295.14201 3169.12496  3.82%  72.1 13714s
 46511 14718 3204.56604   62  301 3295.14201 3169.14577  3.82%  72.2 13747s
 46787 14737 3211.15195   60  261 3295.14201 3169.32548  3.82%  72.0 13767s
 46855 14912 3212.08963   56  266 3295.14201 3169.34035  3.82%  72.0 13800s

Cutting planes:
  Gomory: 5
  Cover: 203
  Implied bound: 406
  Projected implied bound: 11
  Clique: 17
  MIR: 336
  Mixing: 1
  Knapsack: 1
  StrongCG: 86
  Flow cover: 370
  GUB cover: 112
  Inf proof: 5
  Zero half: 17
  RLT: 48
  Relax-and-lift: 54
  BQP: 3

Explored 47207 nodes (3404622 simplex iterations) in 13800.53 seconds (1672.12 work units)
Thread count was 2 (of 46 available processors)

Solution count 10: 3295.14 3295.14 3295.14 ... 3341.83

Time limit reached
Best objective 3.295142005202e+03, best bound 3.169553202398e+03, gap 3.8113%
