
Gurobi 13.0.2 (linux64) logging started Sat Aug 15 22:00:55 2026

Set parameter LogFile to value "/home/23037696r/Documents/research/or_benchmark/wp/results/inactive_0.4/j40/logs/gurobi/j401004_10.log"
Set parameter NumericFocus to value 1
Gurobi Optimizer version 13.0.2 build v13.0.2rc1 (linux64 - "Ubuntu 22.04.3 LTS")

CPU model: Intel Xeon Processor (Cascadelake), instruction set [SSE2|AVX|AVX2|AVX512]
Thread count: 46 physical cores, 46 logical processors, using up to 2 threads

Non-default parameters:
TimeLimit  13800
MIPGap  1e-06
NumericFocus  1
Threads  2

Optimize a model with 33635 rows, 23124 columns and 122787 nonzeros (Min)
Model fingerprint: 0xbfc3d61f
Model has 14304 linear objective coefficients and an objective constant of 1.5593593218313988e+03
Variable types: 5784 continuous, 17340 integer (17148 binary)
Coefficient statistics:
  Matrix range     [1e+00, 2e+02]
  Objective range  [1e-02, 1e+03]
  Bounds range     [1e+00, 2e+02]
  RHS range        [1e+00, 2e+02]

Presolve removed 10973 rows and 8310 columns (presolve time = 5s)...
Presolve removed 26257 rows and 14323 columns (presolve time = 10s)...
Presolve removed 27986 rows and 16959 columns
Presolve time: 13.46s
Presolved: 5649 rows, 6165 columns, 28944 nonzeros
Variable types: 0 continuous, 6165 integer (3900 binary)
Found heuristic solution: objective 4173.0120928

Root simplex log...

Iteration    Objective       Primal Inf.    Dual Inf.      Time
       0    2.2468548e+03   4.223750e+02   0.000000e+00     14s
    2072    3.2230805e+03   0.000000e+00   0.000000e+00     14s

Root relaxation: objective 3.223080e+03, 2072 iterations, 0.25 seconds (0.10 work units)

    Nodes    |    Current Node    |     Objective Bounds      |     Work
 Expl Unexpl |  Obj  Depth IntInf | Incumbent    BestBd   Gap | It/Node Time

     0     0 3223.08048    0  162 4173.01209 3223.08048  22.8%     -   14s
     0     0 3233.74448    0  140 4173.01209 3233.74448  22.5%     -   14s
     0     0 3233.76873    0  136 4173.01209 3233.76873  22.5%     -   15s
     0     0 3254.84880    0  237 4173.01209 3254.84880  22.0%     -   16s
     0     0 3255.02330    0  211 4173.01209 3255.02330  22.0%     -   16s
     0     0 3255.02847    0  207 4173.01209 3255.02847  22.0%     -   17s
     0     0 3272.10734    0  188 4173.01209 3272.10734  21.6%     -   18s
H    0     0                    4170.9345027 3272.19748  21.5%     -   18s
     0     0 3272.38263    0  168 4170.93450 3272.38263  21.5%     -   19s
     0     0 3272.62067    0  206 4170.93450 3272.62067  21.5%     -   19s
     0     0 3272.62067    0  201 4170.93450 3272.62067  21.5%     -   19s
     0     0 3301.58755    0  316 4170.93450 3301.58755  20.8%     -   21s
     0     0 3301.58817    0  316 4170.93450 3301.58817  20.8%     -   21s
     0     0 3338.86073    0  262 4170.93450 3338.86073  19.9%     -   21s
     0     0 3338.86286    0  262 4170.93450 3338.86286  19.9%     -   21s
     0     0 3338.86712    0  262 4170.93450 3338.86712  19.9%     -   22s
     0     0 3338.87351    0  262 4170.93450 3338.87351  19.9%     -   22s
     0     0 3338.88202    0  262 4170.93450 3338.88202  19.9%     -   22s
     0     0 3338.88657    0  262 4170.93450 3338.88657  19.9%     -   22s
     0     0 3338.89114    0  262 4170.93450 3338.89114  19.9%     -   22s
     0     0 3338.89572    0  262 4170.93450 3338.89572  19.9%     -   22s
     0     0 3338.90031    0  262 4170.93450 3338.90031  19.9%     -   22s
     0     0 3338.90491    0  262 4170.93450 3338.90491  19.9%     -   22s
     0     0 3339.99256    0  247 4170.93450 3339.99256  19.9%     -   22s
     0     0 3342.05820    0  261 4170.93450 3342.05820  19.9%     -   23s
     0     0 3342.59574    0  281 4170.93450 3342.59574  19.9%     -   23s
     0     0 3342.60726    0  271 4170.93450 3342.60726  19.9%     -   23s
     0     0 3352.79645    0  248 4170.93450 3352.79645  19.6%     -   25s
     0     0 3353.49190    0  332 4170.93450 3353.49190  19.6%     -   26s
     0     0 3353.74099    0  336 4170.93450 3353.74099  19.6%     -   26s
     0     0 3353.77219    0  330 4170.93450 3353.77219  19.6%     -   26s
     0     0 3355.28001    0  320 4170.93450 3355.28001  19.6%     -   28s
H    0     0                    3587.8792746 3355.28020  6.48%     -   29s
H    0     0                    3587.2072309 3355.28020  6.47%     -   29s
     0     0 3355.56233    0  312 3587.20723 3355.56233  6.46%     -   29s
     0     0 3355.62448    0  313 3587.20723 3355.62448  6.46%     -   30s
     0     0 3355.63074    0  316 3587.20723 3355.63074  6.46%     -   30s
     0     0 3365.09587    0  330 3587.20723 3365.09587  6.19%     -   31s
     0     0 3365.09587    0  329 3587.20723 3365.09587  6.19%     -   32s
H    0     0                    3586.8045364 3365.09596  6.18%     -   32s
     0     0 3365.70957    0  331 3586.80454 3365.70957  6.16%     -   33s
     0     0 3365.74294    0  329 3586.80454 3365.74294  6.16%     -   33s
     0     0 3368.04627    0  241 3586.80454 3368.04627  6.10%     -   35s
     0     0 3368.49453    0  386 3586.80454 3368.49453  6.09%     -   36s
     0     0 3368.60360    0  393 3586.80454 3368.60360  6.08%     -   37s
     0     0 3368.61436    0  398 3586.80454 3368.61436  6.08%     -   38s
     0     0 3368.61455    0  398 3586.80454 3368.61455  6.08%     -   38s
     0     0 3368.61471    0  398 3586.80454 3368.61471  6.08%     -   38s
     0     0 3368.61489    0  398 3586.80454 3368.61489  6.08%     -   38s
     0     0 3368.61503    0  398 3586.80454 3368.61503  6.08%     -   38s
     0     0 3368.61515    0  398 3586.80454 3368.61515  6.08%     -   38s
     0     0 3369.49200    0  387 3586.80454 3369.49200  6.06%     -   40s
H    0     0                    3585.9915632 3369.50949  6.04%     -   41s
     0     0 3369.57717    0  415 3585.99156 3369.57717  6.03%     -   41s
     0     0 3369.58856    0  421 3585.99156 3369.58856  6.03%     -   42s
     0     0 3370.10340    0  413 3585.99156 3370.10340  6.02%     -   43s
     0     0 3370.16223    0  420 3585.99156 3370.16223  6.02%     -   44s
     0     0 3370.18514    0  420 3585.99156 3370.18514  6.02%     -   45s
     0     0 3370.31788    0  424 3585.99156 3370.31788  6.01%     -   46s
     0     0 3378.80768    0  390 3585.99156 3378.80768  5.78%     -   47s
     0     0 3378.80768    0  379 3585.99156 3378.80768  5.78%     -   48s
H    0     0                    3584.7124344 3380.39330  5.70%     -   50s
     0     2 3380.39330    0  376 3584.71243 3380.39330  5.70%     -   51s
H   12    19                    3584.5110117 3380.39330  5.69%   107   54s
    18    20 3402.98455    6  201 3584.51101 3380.39330  5.69%   124   55s
H   48    49                    3584.0485086 3380.39330  5.68%   102   59s
    61    60 3426.30657   15  115 3584.04851 3380.39330  5.68%  91.7   60s
H   64    60                    3583.8705257 3380.39330  5.68%  87.5   60s
H   70    66                    3583.7758417 3380.39330  5.68%  95.5   61s
H   95    78                    3531.1078393 3380.39330  4.27%  97.5   65s
   131   120 3486.57185   46   92 3531.10784 3380.39330  4.27%  94.2   70s
   176   140 3419.52214    6  232 3531.10784 3381.84580  4.23%  84.0   75s
   231   126 3434.88033    5  188 3531.10784 3393.53463  3.90%  84.4   81s
   297   103 infeasible   61      3531.10784 3428.43531  2.91%  88.6   86s
   355    90 3494.18914   13  101 3531.10784 3435.14468  2.72%  91.7   91s
   404    81 infeasible    5      3531.10784 3454.39042  2.17%  93.5   95s
   441    82 3480.63594   20  105 3531.10784 3460.42623  2.00%  97.5  101s
   478    81 infeasible   27      3531.10784 3461.24277  1.98%   100  105s
   513    78 3512.75345   24  180 3531.10784 3465.07597  1.87%   105  110s
   583    93 3505.40496   37   13 3531.10784 3474.86320  1.59%  98.7  116s
   663    34 infeasible   17      3531.10784 3488.21205  1.21%  95.3  120s
   737     0 infeasible   29      3531.10784 3503.80710  0.77%  92.4  125s

Cutting planes:
  Gomory: 9
  Lift-and-project: 1
  Cover: 218
  Implied bound: 559
  Clique: 57
  MIR: 170
  StrongCG: 21
  Flow cover: 7
  GUB cover: 79
  Inf proof: 6
  Zero half: 28
  Mod-K: 4
  RLT: 83
  Relax-and-lift: 102
  BQP: 61
  PSD: 4

Explored 754 nodes (80579 simplex iterations) in 125.52 seconds (13.53 work units)
Thread count was 2 (of 46 available processors)

Solution count 10: 3531.11 3583.78 3583.87 ... 3587.88

Optimal solution found (tolerance 1.00e-06)
Best objective 3.531107839323e+03, best bound 3.531107839323e+03, gap 0.0000%
