
Gurobi 13.0.2 (linux64) logging started Sat Aug 15 23:06:41 2026

Set parameter LogFile to value "/home/23037696r/Documents/research/or_benchmark/wp/results/inactive_0.4/j40/logs/gurobi/j401004_5.log"
Set parameter NumericFocus to value 1
Gurobi Optimizer version 13.0.2 build v13.0.2rc1 (linux64 - "Ubuntu 22.04.3 LTS")

CPU model: Intel Xeon Processor (Cascadelake), instruction set [SSE2|AVX|AVX2|AVX512]
Thread count: 46 physical cores, 46 logical processors, using up to 2 threads

Non-default parameters:
TimeLimit  13800
MIPGap  1e-06
NumericFocus  1
Threads  2

Optimize a model with 32625 rows, 22788 columns and 118993 nonzeros (Min)
Model fingerprint: 0xb56d884b
Model has 13968 linear objective coefficients and an objective constant of 1.6290150891840090e+03
Variable types: 5784 continuous, 17004 integer (16812 binary)
Coefficient statistics:
  Matrix range     [1e+00, 2e+02]
  Objective range  [1e-02, 9e+02]
  Bounds range     [1e+00, 2e+02]
  RHS range        [1e+00, 2e+02]

Presolve removed 21663 rows and 8172 columns (presolve time = 5s)...
Presolve removed 22885 rows and 12491 columns (presolve time = 11s)...
Presolve removed 25119 rows and 14231 columns
Presolve time: 15.05s
Presolved: 7506 rows, 8557 columns, 63481 nonzeros
Variable types: 0 continuous, 8557 integer (5137 binary)
Found heuristic solution: objective 4232.3916393

Root simplex log...

Iteration    Objective       Primal Inf.    Dual Inf.      Time
       0    2.2071596e+03   5.620000e+02   0.000000e+00     16s
    2100    3.2961585e+03   0.000000e+00   0.000000e+00     16s

Root relaxation: objective 3.296159e+03, 2100 iterations, 0.35 seconds (0.10 work units)

    Nodes    |    Current Node    |     Objective Bounds      |     Work
 Expl Unexpl |  Obj  Depth IntInf | Incumbent    BestBd   Gap | It/Node Time

     0     0 3296.15851    0  112 4232.39164 3296.15851  22.1%     -   16s
     0     0 3296.18216    0  124 4232.39164 3296.18216  22.1%     -   17s
     0     0 3296.18331    0  123 4232.39164 3296.18331  22.1%     -   17s
H    0     0                    4228.4210786 3296.18331  22.0%     -   18s
     0     0 3311.18264    0  182 4228.42108 3311.18264  21.7%     -   20s
     0     0 3316.18920    0  238 4228.42108 3316.18920  21.6%     -   21s
     0     0 3363.14973    0  217 4228.42108 3363.14973  20.5%     -   21s
     0     0 3363.14973    0  217 4228.42108 3363.14973  20.5%     -   22s
     0     0 3363.14973    0  299 4228.42108 3363.14973  20.5%     -   89s
     0     0 3363.14973    0  294 4228.42108 3363.14973  20.5%     -   90s
     0     0 3363.14973    0  294 4228.42108 3363.14973  20.5%     -   90s
     0     0 3363.14973    0  294 4228.42108 3363.14973  20.5%     -   91s
     0     0 3363.14973    0  294 4228.42108 3363.14973  20.5%     -   91s
     0     0 3363.14973    0  294 4228.42108 3363.14973  20.5%     -   92s
H    0     0                    3639.8770616 3363.14973  7.60%     -   97s
     0     0 3377.19667    0  312 3639.87706 3377.19667  7.22%     -  106s
     0     0 3377.51838    0  272 3639.87706 3377.51838  7.21%     -  107s
     0     0 3381.07726    0  286 3639.87706 3381.07726  7.11%     -  110s
     0     0 3381.19371    0  293 3639.87706 3381.19371  7.11%     -  112s
     0     0 3381.21675    0  292 3639.87706 3381.21675  7.11%     -  115s
     0     0 3381.21675    0  294 3639.87706 3381.21675  7.11%     -  116s
     0     0 3386.55311    0  340 3639.87706 3386.55311  6.96%     -  121s
     0     0 3387.80178    0  344 3639.87706 3387.80178  6.93%     -  125s
     0     0 3387.95634    0  410 3639.87706 3387.95634  6.92%     -  127s
     0     0 3387.97529    0  410 3639.87706 3387.97529  6.92%     -  130s
     0     0 3388.08810    0  416 3639.87706 3388.08810  6.92%     -  131s
     0     0 3388.08812    0  418 3639.87706 3388.08812  6.92%     -  133s
     0     0 3393.67403    0  355 3639.87706 3393.67403  6.76%     -  139s
     0     0 3394.18818    0  357 3639.87706 3394.18818  6.75%     -  142s
     0     0 3394.21765    0  360 3639.87706 3394.21765  6.75%     -  144s
     0     0 3394.21785    0  362 3639.87706 3394.21785  6.75%     -  146s
     0     0 3398.44801    0  318 3639.87706 3398.44801  6.63%     -  152s
     0     0 3398.62699    0  326 3639.87706 3398.62699  6.63%     -  155s
     0     0 3398.63121    0  325 3639.87706 3398.63121  6.63%     -  155s
     0     0 3398.64583    0  327 3639.87706 3398.64583  6.63%     -  158s
     0     0 3398.64647    0  327 3639.87706 3398.64647  6.63%     -  160s
     0     0 3400.58202    0  314 3639.87706 3400.58202  6.57%     -  166s
     0     0 3400.93626    0  370 3639.87706 3400.93626  6.56%     -  170s
     0     0 3401.07032    0  366 3639.87706 3401.07032  6.56%     -  172s
     0     0 3401.07607    0  362 3639.87706 3401.07607  6.56%     -  174s
     0     0 3402.40551    0  316 3639.87706 3402.40551  6.52%     -  178s
     0     0 3403.03316    0  380 3639.87706 3403.03316  6.51%     -  182s
     0     0 3403.14818    0  392 3639.87706 3403.14818  6.50%     -  185s
     0     0 3403.17117    0  397 3639.87706 3403.17117  6.50%     -  187s
     0     0 3403.17609    0  400 3639.87706 3403.17609  6.50%     -  189s
     0     0 3404.36760    0  394 3639.87706 3404.36760  6.47%     -  194s
     0     0 3404.84400    0  401 3639.87706 3404.84400  6.46%     -  198s
     0     0 3404.87781    0  407 3639.87706 3404.87781  6.46%     -  200s
     0     0 3404.88304    0  412 3639.87706 3404.88304  6.46%     -  202s
     0     0 3405.42978    0  424 3639.87706 3405.42978  6.44%     -  206s
     0     0 3405.82606    0  410 3639.87706 3405.82606  6.43%     -  209s
     0     0 3405.94122    0  419 3639.87706 3405.94122  6.43%     -  212s
     0     0 3405.97866    0  428 3639.87706 3405.97866  6.43%     -  213s
     0     0 3405.98037    0  425 3639.87706 3405.98037  6.43%     -  215s
     0     0 3406.30053    0  427 3639.87706 3406.30053  6.42%     -  219s
     0     0 3406.42506    0  424 3639.87706 3406.42506  6.41%     -  223s
     0     0 3406.47733    0  437 3639.87706 3406.47733  6.41%     -  225s
     0     0 3406.47938    0  435 3639.87706 3406.47938  6.41%     -  228s
     0     0 3406.89980    0  446 3639.87706 3406.89980  6.40%     -  232s
     0     0 3406.97933    0  453 3639.87706 3406.97933  6.40%     -  235s
     0     0 3406.98468    0  440 3639.87706 3406.98468  6.40%     -  237s
     0     0 3407.10936    0  442 3639.87706 3407.10936  6.39%     -  241s
     0     0 3407.15405    0  439 3639.87706 3407.15405  6.39%     -  244s
     0     0 3407.16175    0  442 3639.87706 3407.16175  6.39%     -  246s
     0     0 3407.68292    0  435 3639.87706 3407.68292  6.38%     -  250s
     0     0 3407.97490    0  440 3639.87706 3407.97490  6.37%     -  253s
     0     0 3407.98914    0  444 3639.87706 3407.98914  6.37%     -  255s
     0     0 3407.98993    0  450 3639.87706 3407.98993  6.37%     -  257s
     0     0 3408.25207    0  443 3639.87706 3408.25207  6.36%     -  261s
     0     0 3408.29786    0  455 3639.87706 3408.29786  6.36%     -  264s
     0     0 3408.29786    0  458 3639.87706 3408.29786  6.36%     -  266s
     0     0 3408.32239    0  469 3639.87706 3408.32239  6.36%     -  270s
     0     0 3408.35351    0  472 3639.87706 3408.35351  6.36%     -  273s
     0     0 3408.35351    0  466 3639.87706 3408.35351  6.36%     -  276s
     0     0 3408.38500    0  455 3639.87706 3408.38500  6.36%     -  280s
     0     0 3408.38500    0  455 3639.87706 3408.38500  6.36%     -  282s
     0     2 3409.18077    0  455 3639.87706 3409.18077  6.34%     -  289s
     1     2 3409.18077    1  454 3639.87706 3409.18077  6.34%   8.0  291s
     5     2 3409.18077    3  454 3639.87706 3409.18077  6.34%   429  303s
     9     4 infeasible    5      3639.87706 3409.18077  6.34%  1129  307s
    13     6 3412.18127    8  410 3639.87706 3409.18077  6.34%   882  310s
    15     8 infeasible    9      3639.87706 3409.18077  6.34%   837  317s
    19    11 3414.50270   10  414 3639.87706 3409.18077  6.34%   757  322s
    24     9 infeasible   11      3639.87706 3409.18077  6.34%   668  327s
    30    10 3437.11163   13  376 3639.87706 3409.18077  6.34%   648  331s
    35    17 3437.12735   14  376 3639.87706 3409.18077  6.34%   657  337s
    48    27 3439.80050   21  336 3639.87706 3409.18077  6.34%   540  344s
    52    35 3441.87637   22  315 3639.87706 3409.18077  6.34%   534  349s
    60    39 3481.91712   25  254 3639.87706 3409.18077  6.34%   490  354s
    64    45 3443.95016   25  299 3639.87706 3409.18077  6.34%   473  359s
    70    56 3445.22212   28  293 3639.87706 3409.18077  6.34%   459  364s
    81    67 3447.43413   30  291 3639.87706 3409.18077  6.34%   414  370s
    97    76 3449.28050   33  290 3639.87706 3409.18077  6.34%   376  377s
   101    79 3483.71306   35  266 3639.87706 3409.18077  6.34%   382  397s
   104    81 3456.51572   36  295 3639.87706 3409.18077  6.34%   392  402s
   116    84 3465.24922   42  299 3639.87706 3415.00696  6.18%   365  407s
   129    88 infeasible    7      3639.87706 3415.99804  6.15%   352  412s
   135    90 3469.94912   10  329 3639.87706 3420.65769  6.02%   354  416s
   139    96 infeasible   11      3639.87706 3420.65769  6.02%   359  421s
   153   111 infeasible   18      3639.87706 3420.65769  6.02%   335  429s
   173   135 3513.57486   21  270 3639.87706 3420.65769  6.02%   303  437s
   201   150 3523.43760   34  253 3639.87706 3420.65769  6.02%   266  444s
   223   164 3547.56600   44  253 3639.87706 3420.65769  6.02%   242  453s
   247   186 3582.26552   53  222 3639.87706 3420.65769  6.02%   226  462s
   277   225 3589.12776   67  222 3639.87706 3420.65769  6.02%   206  474s
   326   237 3597.76594   90  184 3639.87706 3420.65769  6.02%   177  483s
   366   239     cutoff  106      3639.87706 3421.00903  6.01%   161  487s
   370   252 3608.05405  108  157 3639.87706 3421.00903  6.01%   160  494s
   402   279 3543.69755   33  228 3639.87706 3421.00903  6.01%   152  503s
   441   302 infeasible   47      3639.87706 3421.00903  6.01%   142  510s
   482   301 3622.55453   53  165 3639.87706 3421.00903  6.01%   134  516s
   509   318 3441.00158   11  279 3639.87706 3426.27196  5.87%   131  524s
   530   341 3441.21933   12  247 3639.87706 3426.27196  5.87%   128  535s
   563   361 3459.73270   13  320 3639.87706 3426.27196  5.87%   124  552s
   594   368 3462.68209   14  305 3639.87706 3426.27196  5.87%   125  557s
   601   391 3489.55221   16  244 3639.87706 3426.27196  5.87%   128  564s
   626   403 3495.08326   26  216 3639.87706 3426.27196  5.87%   126  571s
   650   403 infeasible   38      3639.87706 3437.23366  5.57%   126  577s
   654   406 3600.53384   40  208 3639.87706 3437.41113  5.56%   130  586s
   675   409 infeasible   17      3639.87706 3437.76394  5.55%   132  594s
   680   414 3485.46884   18  335 3639.87706 3437.76394  5.55%   134  601s
   693   418 infeasible   22      3639.87706 3437.76394  5.55%   137  619s
   703   431 3591.47956   25  340 3639.87706 3437.76394  5.55%   138  629s
   730   431 3597.27960   41  261 3639.87706 3437.76394  5.55%   137  636s
   744   434 3468.48515   21  332 3639.87706 3437.76394  5.55%   141  643s
   753   445 infeasible   25      3639.87706 3437.76394  5.55%   144  654s
   774   446 3607.69161   25  398 3639.87706 3437.76394  5.55%   147  664s
   783   447 3609.88875   27  378 3639.87706 3437.76394  5.55%   148  675s
   796   461 3604.38727   23  411 3639.87706 3440.54460  5.48%   152  686s
   822   463 3489.27420   18  322 3639.87706 3440.55872  5.48%   153  698s
   856   474 3604.13097   24  403 3639.87706 3441.00479  5.46%   156  708s
   877   490 3604.28984   25  389 3639.87706 3441.40237  5.45%   156  718s
   901   494 3609.85120   37  344 3639.87706 3441.40237  5.45%   157  728s
   931   525 3466.65011   23  332 3639.87706 3441.40237  5.45%   156  742s
   978   537 3606.65740   52  212 3639.87706 3442.43311  5.42%   154  755s
  1010   553 3486.13896   16  182 3639.87706 3443.26149  5.40%   155  765s
  1032   557 3593.89650   26  190 3639.87706 3443.26149  5.40%   157  779s
  1062   559 3509.59581   33  228 3639.87706 3443.99806  5.38%   158  789s
  1072   578 3518.43788   23  373 3639.87706 3443.99806  5.38%   162  803s
  1104   579 3619.36056   57  217 3639.87706 3443.99806  5.38%   162 1111s
  1106   580 3507.43638   33  420 3639.87706 3443.99806  5.38%   162 1119s
  1107   581 3602.04288   32  765 3639.87706 3443.99806  5.38%   162 1126s
  1110   583 3599.08589   73  934 3639.87706 3443.99806  5.38%   161 1131s
  1112   584 3590.12917   30  919 3639.87706 3443.99806  5.38%   161 1135s
  1115   586 3480.04642   34  966 3639.87706 3443.99806  5.38%   161 1140s
  1118   588 3505.45329   18  950 3639.87706 3443.99806  5.38%   160 1145s
  1123   592 3575.70484   48  980 3639.87706 3443.99806  5.38%   159 1150s
  1128   595 3533.36693   58 1010 3639.87706 3443.99806  5.38%   159 1157s
  1129   596 3444.69350   24  711 3639.87706 3443.99806  5.38%   159 1160s
  1133   598 3597.24513   46  731 3639.87706 3443.99806  5.38%   158 1167s
  1136   600 3600.40189   29  743 3639.87706 3443.99806  5.38%   158 1172s
  1137   601 3597.18233   45  769 3639.87706 3443.99806  5.38%   157 1175s
  1140   603 3532.99267   43  783 3639.87706 3443.99806  5.38%   157 1180s
  1143   605 3490.97433   25  786 3639.87706 3443.99806  5.38%   157 1186s
  1146   607 3595.57742   37  788 3639.87706 3443.99806  5.38%   156 1191s
  1148   608 3598.71234   64  793 3639.87706 3443.99806  5.38%   156 1195s
  1151   610 3452.62743   14  804 3639.87706 3443.99806  5.38%   156 1201s
  1153   612 3589.70761   25  781 3639.87706 3443.99806  5.38%   155 1205s
  1157   614 3591.56330   26  796 3639.87706 3443.99806  5.38%   155 1212s
  1159   616 3574.82753   69  803 3639.87706 3443.99806  5.38%   154 1216s
  1161   617 3445.99913   21  804 3639.87706 3443.99806  5.38%   154 1221s
  1163   618 3591.87638   33  820 3639.87706 3443.99806  5.38%   154 1226s
  1165   620 3523.73966   30  808 3639.87706 3443.99806  5.38%   154 1232s
  1166   620 3457.69993   13  808 3639.87706 3443.99806  5.38%   154 1239s
  1167   624 3443.99806   14  832 3639.87706 3443.99806  5.38%   177 1254s
  1169   625 3455.38284   15  788 3639.87706 3443.99806  5.38%   180 1260s
  1171   628 3456.85393   16  758 3639.87706 3443.99806  5.38%   181 1269s
  1176   631 3486.98462   17  504 3639.87706 3443.99806  5.38%   184 1278s
  1181   632 3537.70915   18  558 3639.87706 3443.99806  5.38%   185 1284s
  1184   635 infeasible   18      3639.87706 3443.99806  5.38%   186 1291s
  1190   637 3545.83506   19  692 3639.87706 3443.99806  5.38%   186 1303s
  1194   643 3547.85846   20  700 3639.87706 3443.99806  5.38%   186 1310s
  1201   645 3548.12119   21  572 3639.87706 3443.99806  5.38%   185 1316s
  1206   648 3556.74660   22  554 3639.87706 3443.99806  5.38%   185 1330s
  1211   649 infeasible   23      3639.87706 3443.99806  5.38%   185 1335s
  1225   652 infeasible   25      3639.87706 3443.99806  5.38%   183 1358s
  1233   657 3543.27733   16  498 3639.87706 3443.99806  5.38%   184 1363s
  1241   664 3565.33113   16  561 3639.87706 3443.99806  5.38%   183 1369s
  1251   670 3546.31469   17  454 3639.87706 3443.99806  5.38%   182 1374s
  1262   672 3547.97016   18  411 3639.87706 3443.99806  5.38%   181 1377s
  1274   678 3544.78236   19  503 3639.87706 3443.99806  5.38%   179 1381s
  1306   679 3547.48016   23  444 3639.87706 3443.99806  5.38%   176 1388s
  1317   671 infeasible   25      3639.87706 3445.74024  5.33%   176 1408s
  1325   670 3497.61628   17  628 3639.87706 3486.99724  4.20%   178 1416s
  1327   671 3501.15322   17  723 3639.87706 3486.99724  4.20%   178 1423s
  1331   673 3555.16408   18  644 3639.87706 3486.99724  4.20%   181 1427s
  1339   688 infeasible   19      3639.87706 3486.99724  4.20%   181 1431s
  1388   673 3607.36242   25  506 3639.87706 3486.99724  4.20%   175 1439s
  1411   669 3608.17116   29  484 3639.87706 3497.61802  3.91%   173 1446s
  1438   682 3623.91586   30  403 3639.87706 3514.08235  3.46%   171 1455s
  1483   677     cutoff   39      3639.87706 3514.08235  3.46%   166 1461s
  1526   684 3636.19066   49  294 3639.87706 3515.36530  3.42%   162 1467s
  1577   695 3636.58662   64  297 3639.87706 3515.75853  3.41%   157 1473s
  1629   718 3517.67216   38  243 3639.87706 3516.63714  3.39%   152 1481s
  1723   722 3604.70683   80   76 3639.87706 3516.63714  3.39%   144 1489s
  1792   774 3540.34252   44  119 3639.87706 3517.71533  3.36%   138 1499s
  1912   790 3560.38818   44  151 3639.87706 3517.75226  3.36%   130 1508s
  2005   847 3632.62522   76   92 3639.87706 3518.88752  3.32%   124 1519s
  2159   817 3612.75263   37  155 3639.87706 3525.49760  3.14%   116 1525s
  2203   895 3597.42211   42  111 3639.87706 3527.10600  3.10%   114 1534s
  2350   849 3629.64948   34   84 3639.87706 3527.10600  3.10%   107 1540s
  2356   934 3614.42566   33  112 3639.87706 3527.16982  3.10%   107 1549s
  2489   893 3610.35939   71  166 3639.87706 3527.16982  3.10%   102 1552s
  2493   983 3610.35968   72  186 3639.87706 3527.16982  3.10%   102 1564s
  2672   919 3630.07703   39   82 3639.87706 3527.69680  3.08%  95.4 1567s
  2681  1003 3628.58078   39   82 3639.87706 3527.69680  3.08%  95.2 1577s
  2810  1057 3633.60488   60  108 3639.87706 3530.30991  3.01%  91.1 1586s
  2949  1041 3583.74393   59  207 3639.87706 3530.79176  3.00%  87.2 1590s
  3031  1133 3603.19954   50  184 3639.87706 3530.94544  2.99%  85.1 1600s
  3229  1178 3636.63829   59   11 3639.87706 3534.37950  2.90%  80.3 1608s
  3341  1247 3624.68570   53   91 3639.87706 3534.84823  2.89%  77.8 1618s
  3470  1359 3630.57154   89  179 3639.87706 3536.02032  2.85%  75.3 1630s
  3625  1479 infeasible   52      3639.87706 3536.02985  2.85%  72.4 1645s
  3860  1535 infeasible   55      3639.87706 3536.97906  2.83%  68.5 1652s
  3952  1662 3637.62655   71  125 3639.87706 3537.16308  2.82%  67.2 1664s
  4153  1751 3541.45079   45  254 3639.87706 3537.80152  2.80%  64.5 1675s
  4286  1924 3599.48618   51  175 3639.87706 3537.84903  2.80%  62.8 1692s
  4520  1994 3576.61422   24  174 3639.87706 3537.91307  2.80%  60.1 1702s
  4643  2175 3572.32804   46   75 3639.87706 3539.47454  2.76%  58.8 1719s
  4887  2253 3594.93863   44  127 3639.87706 3539.75824  2.75%  56.5 1730s
  5006  2520 3615.74431   54  119 3639.87706 3539.96738  2.74%  55.5 1749s
  5359  2593 3560.83879   31  174 3639.87706 3540.03647  2.74%  52.5 1764s
  5475  2633 3581.10253   34   50 3639.87706 3540.08970  2.74%  51.8 1777s
  5531  2635 3557.70723   21  687 3639.87706 3540.08970  2.74%  52.0 1786s
  5537  2638 3578.14656   23  516 3639.87706 3540.08970  2.74%  52.4 1793s
  5541  2636 infeasible   25      3639.87706 3540.08970  2.74%  52.8 1800s
  5555  2717 3561.54918   31  240 3639.87706 3540.08970  2.74%  52.8 1811s
  5646  2777 3638.12757   98  175 3639.87706 3540.52998  2.73%  52.4 1825s
  5732  2876 3593.78713   53   59 3639.87706 3540.52998  2.73%  52.0 1839s
  5851  2936 infeasible   81      3639.87706 3540.84858  2.72%  51.6 1850s
  5943  2990 3622.84030   54  129 3639.87706 3540.84858  2.72%  51.1 1869s
  6042  3043 3564.95378   39  185 3639.87706 3541.23689  2.71%  50.6 1884s
  6134  3302 3597.40654   40  108 3639.87706 3541.23689  2.71%  50.0 1910s
  6487  3421 3563.03960   30  243 3639.87706 3541.85553  2.69%  47.8 1929s
  6650  3565 3581.90190   51  133 3639.87706 3542.03726  2.69%  47.0 1950s
  6832  3764 3591.34119   55  115 3639.87706 3542.26220  2.68%  46.0 1972s
  7095  4180 3562.17573   40  146 3639.87706 3542.38217  2.68%  44.7 2007s
  7616  4336 3566.29263   47  196 3639.87706 3542.67069  2.67%  42.2 2075s
  7863  4567 3597.37148   23  541 3639.87706 3542.72109  2.67%  41.7 2132s
  8206  4712 3615.59711   74  137 3639.87706 3543.39626  2.65%  41.0 2171s
  8428  4812 3628.46405   65  112 3639.87706 3543.71054  2.64%  40.5 2205s
  8602  4964 3566.48558   43   99 3639.87706 3543.88577  2.64%  40.3 2238s
  8805  5085 3631.01649   70  128 3639.87706 3543.88577  2.64%  39.9 2271s
  8987  5346 3564.04389   47  190 3639.87706 3543.88577  2.64%  39.5 2326s
  9377  5403 infeasible   59      3639.87706 3545.33082  2.60%  38.4 2348s
  9469  5602 infeasible   64      3639.87706 3545.33082  2.60%  39.1 2380s
  9769  6071 3636.03279   62   54 3639.87706 3545.59598  2.59%  38.3 2446s
 10466  6080 3551.01030   36  205 3639.87706 3546.33023  2.57%  36.4 2460s
 10483  6343 3621.51092   40  142 3639.87706 3546.33023  2.57%  36.4 2501s
 10879  6635 3613.06370   51  164 3639.87706 3547.13931  2.55%  35.4 2533s
 11272  6789 3629.41929   71  167 3639.87706 3547.28226  2.54%  34.5 2560s
 11531  6852 3639.84912   58  125 3639.87706 3547.79321  2.53%  34.0 2580s
 11647  6907 infeasible   25      3639.87706 3547.88813  2.53%  33.9 2604s
 11748  7123 3575.86817   37  116 3639.87706 3547.89187  2.53%  33.9 2633s
 12040  7188 3568.18610   22  321 3639.87706 3548.08480  2.52%  33.4 2649s
 12147  7247 infeasible   37      3639.87706 3548.10284  2.52%  33.3 2668s
 12244  7351 3604.97708   27  257 3639.87706 3548.13800  2.52%  33.1 2699s
 12420  7376 3632.45872   46  118 3639.87706 3548.18446  2.52%  32.8 2716s
 12501  7376 3639.39500   33  139 3639.87706 3548.27356  2.52%  32.8 2727s
 12507  7377 3639.74213   35  135 3639.87706 3548.27356  2.52%  32.8 2743s
 12521  7436 3550.32351   48  169 3639.87706 3548.27356  2.52%  32.9 2762s
 12632  7515 3608.72563   23  636 3639.87706 3548.27356  2.52%  32.8 2790s
 12809  7765 3551.25779   48  267 3639.87706 3548.53084  2.51%  32.5 2829s
 13192  7990 3625.79915   72   66 3639.87706 3548.73641  2.50%  31.9 2866s
 13577  8169 3611.96051   62  143 3639.87706 3548.98734  2.50%  31.2 2894s
 13896  8393 3551.49431   45  199 3639.87706 3549.26246  2.49%  30.7 2922s
 14252  8653 3636.65465   60   10 3639.87706 3549.40808  2.49%  30.2 2951s
 14621  8823 3551.18628   35  238 3639.87706 3549.63894  2.48%  29.7 2976s
 14870  9228 3593.79012   55   78 3639.87706 3549.80392  2.47%  29.4 3330s
 15474  9306 infeasible   63      3639.87706 3550.23229  2.46%  28.5 3345s
 15616  9514 3638.63552   65  106 3639.87706 3550.47325  2.46%  28.4 3365s
 15909  9586 3568.97539   43  127 3639.87706 3550.72404  2.45%  28.0 3377s
 16009  9803 3572.40520   49  108 3639.87706 3550.79118  2.45%  27.9 3396s
 16297  9861 3553.32620   36  219 3639.87706 3550.92518  2.44%  27.5 3406s
 16384 10039 3636.63716   59  101 3639.87706 3551.05328  2.44%  27.5 3424s
 16635 10157 3552.79853   45  178 3639.87706 3551.11265  2.44%  27.2 3437s
 16790 10323 3632.63285   57  109 3639.87706 3551.18869  2.44%  27.0 3455s
 17038 10458     cutoff   67      3639.87706 3551.30712  2.43%  26.8 3472s
 17267 10674 3579.18187   45   28 3639.87706 3551.38405  2.43%  26.5 3496s
 17566 10803 3612.34777   53   25 3639.87706 3551.41511  2.43%  26.2 3511s
 17717 10978 3636.25172   67   33 3639.87706 3551.46116  2.43%  26.1 3532s
 17966 11120 3602.36343   54   49 3639.87706 3551.54332  2.43%  25.8 3551s
 18182 11320 3622.39041   63    3 3639.87706 3551.62184  2.42%  25.6 3572s
 18472 11443 3604.79731   48   39 3639.87706 3551.72229  2.42%  25.4 3588s
 18639 11526 3607.13721   54   18 3639.87706 3551.76685  2.42%  25.2 3600s
 18759 11572 3620.80700   77   91 3639.87706 3551.82980  2.42%  25.1 3613s
 18831 11696 3611.51205   56  158 3639.87706 3551.82980  2.42%  25.1 3630s
 19025 11792 3569.12957   55  147 3639.87706 3551.90206  2.42%  24.9 3646s
 19161 11969 3592.76989   54  141 3639.87706 3551.93275  2.42%  24.8 3666s
 19419 12055 infeasible   61      3639.87706 3552.00369  2.41%  24.6 3681s
 19570 12174 3574.65958   52   87 3639.87706 3552.05072  2.41%  24.5 3697s
 19774 12255 3628.52774   37   73 3639.87706 3552.09049  2.41%  24.4 3711s
 19942 12425 3613.26393   55   36 3639.87706 3552.12429  2.41%  24.3 3729s
 20186 12491 3634.49876   69   46 3639.87706 3552.20498  2.41%  24.1 3744s
 20281 12603 3616.94310   59  108 3639.87706 3552.20868  2.41%  24.1 3763s
 20457 12704 3633.67773   59   96 3639.87706 3552.28541  2.41%  24.0 3782s
 20608 12912 3635.60623   59   28 3639.87706 3552.39040  2.40%  23.9 3802s
 20880 13071 3582.62522   48   86 3639.87706 3552.47442  2.40%  23.7 3823s
 21100 13173 3621.59418   47   94 3639.87706 3552.50035  2.40%  23.5 3840s
 21266 13300 3568.78619   41  159 3639.87706 3552.54013  2.40%  23.4 3861s
 21473 13360 3631.74567   49   57 3639.87706 3552.57138  2.40%  23.3 3878s
 21617 13469 3571.31891   49   63 3639.87706 3552.59971  2.40%  23.2 3899s
 21783 13602 3589.78533   45  191 3639.87706 3552.63587  2.40%  23.1 3917s
 21959 13717 3627.11224   62   40 3639.87706 3552.63875  2.40%  23.0 3936s
 22141 13883 3556.97215   25  350 3639.87706 3552.73412  2.39%  22.9 3999s
 22419 14119 3633.37344   80   45 3639.87706 3552.78923  2.39%  22.8 4035s
 22749 14257 3603.22286   61   66 3639.87706 3552.89392  2.39%  22.6 4059s
 22957 14470 3558.92975   42  178 3639.87706 3552.94795  2.39%  22.5 4083s
 23279 14503 3604.57694   66  130 3639.87706 3553.01706  2.39%  22.3 4099s
 23385 14596 3582.44367   48   96 3639.87706 3553.07807  2.38%  22.2 4116s
 23529 14702 3620.54808   53  137 3639.87706 3553.15008  2.38%  22.2 4138s
 23726 14854 3632.40167   53   29 3639.87706 3553.25072  2.38%  22.1 4163s
 23973 14946 3581.68523   44  240 3639.87706 3553.45407  2.37%  21.9 4180s
 24113 15056 3611.34756   66   74 3639.87706 3553.50046  2.37%  21.9 4202s
 24296 15152 3562.62867   27  301 3639.87706 3553.54588  2.37%  21.8 4221s
 24471 15326 3608.46028   51   78 3639.87706 3553.60627  2.37%  21.7 4244s
 24748 15473 3584.82908   51  118 3639.87706 3553.69943  2.37%  21.6 4265s
 24957 15621 3637.32838   62  174 3639.87706 3553.74843  2.37%  21.5 4289s
 25203 15773     cutoff   68      3639.87706 3553.80394  2.36%  21.4 4311s
 25426 15941 3568.00620   55  210 3639.87706 3553.97441  2.36%  21.3 4331s
 25691 16108 3584.79127   41  104 3639.87706 3554.20789  2.35%  21.2 4358s
 25926 16105     cutoff   73      3639.87706 3554.27514  2.35%  21.1 4370s
 25956 16132 3557.54362   24  395 3639.87706 3554.27514  2.35%  21.2 4385s
 26030 16209 3569.89507   36  255 3639.87706 3554.29783  2.35%  21.2 4402s
 26148 16246 3637.21566   69   86 3639.87706 3554.32245  2.35%  21.1 4419s
 26240 16376 3557.04501   32  425 3639.87706 3554.32245  2.35%  21.1 4444s
 26452 16497 3616.31912   75  109 3639.87706 3554.40497  2.35%  21.1 4463s
 26657 16674 3609.59098   61  153 3639.87706 3554.51859  2.35%  21.0 4486s
 26932 16831 3577.31698   56   32 3639.87706 3554.63502  2.34%  20.9 4504s
 27138 17016 3620.08414   34  243 3639.87706 3554.70270  2.34%  20.8 4528s
 27433 17123 3555.26700   37  163 3639.87706 3554.79802  2.34%  20.7 4544s
 27616 17271     cutoff   62      3639.87706 3554.81123  2.34%  20.6 4565s
 27834 17363 3629.06188   56   70 3639.87706 3555.00433  2.33%  20.5 4580s
 27961 17586 3628.71164   66  156 3639.87706 3555.01453  2.33%  20.5 4608s
 28330 17684 infeasible   45      3639.87706 3555.32464  2.32%  20.4 4623s
 28470 17823 3596.03092   49   53 3639.87706 3555.36913  2.32%  20.3 4639s
 28674 17911 3573.09273   46  241 3639.87706 3555.59370  2.32%  20.2 4652s
 28822 18179     cutoff   66      3639.87706 3555.67348  2.31%  20.2 4679s
 29275 18288 3605.47121   50   92 3639.87706 3555.96195  2.31%  20.0 4694s
 29442 18549 3609.17365   67   52 3639.87706 3556.02285  2.30%  19.9 4754s
 29854 18571 3576.98693   64  234 3639.87706 3556.13055  2.30%  19.8 4764s
 29914 18771 3605.95903   64   47 3639.87706 3556.14209  2.30%  19.8 4788s
 30230 18815 infeasible   52      3639.87706 3556.29027  2.30%  19.7 4797s
 30311 19090 3637.50785   50  168 3639.87706 3556.35208  2.29%  19.7 4821s
 30750 19147 3580.11127   44  199 3639.87706 3556.42806  2.29%  19.6 4828s
 30818 19344 3558.36420   34  181 3639.87706 3556.55499  2.29%  19.5 4849s
 31168 19442 3575.42224   44  116 3639.87706 3556.76806  2.28%  19.4 4861s
 31311 19671 3616.32705   70  130 3639.87706 3556.76875  2.28%  19.4 4881s
 31689 19754 3618.59338   57   71 3639.87706 3556.88124  2.28%  19.3 4891s
 31809 19943 3595.56381   56   72 3639.87706 3556.91561  2.28%  19.3 4909s
 32108 20033 3584.27755   44  152 3639.87706 3556.96323  2.28%  19.2 4919s
 32232 20118 3592.54983   55   60 3639.87706 3556.98211  2.28%  19.1 4929s
 32356 20177 3585.12615   42  154 3639.87706 3556.99586  2.28%  19.1 4939s
 32455 20399 3620.79408   69   79 3639.87706 3557.01684  2.28%  19.1 4957s
 32761 20460 3601.62971   57   44 3639.87706 3557.11867  2.27%  19.0 4968s
 32855 20651 3617.08281   36  216 3639.87706 3557.14231  2.27%  19.0 4987s
 33141 20712 3631.90374   79  104 3639.87706 3557.24850  2.27%  19.0 4995s
 33238 20910 3587.73089   60  130 3639.87706 3557.32534  2.27%  18.9 5012s
 33566 21009 3597.67396   51   97 3639.87706 3557.51401  2.26%  18.8 5023s
 33716 21166 3639.36803   72  104 3639.87706 3557.56713  2.26%  18.8 5042s
 33988 21247 3557.68603   40  168 3639.87706 3557.64447  2.26%  18.7 5051s
 34103 21418 3634.42668   57   26 3639.87706 3557.68150  2.26%  18.7 5068s
 34364 21452     cutoff   67      3639.87706 3557.75768  2.26%  18.6 5078s
 34447 21612 3632.58606   53   94 3639.87706 3557.75768  2.26%  18.6 5096s
 34735 21655 3602.70496   56  142 3639.87706 3557.87120  2.25%  18.6 5104s
 34813 21890 3627.07959   60   56 3639.87706 3557.89827  2.25%  18.6 5124s
 35160 21951 3579.00137   51  116 3639.87706 3557.99534  2.25%  18.5 5133s
 35264 22114 3599.38711   63  107 3639.87706 3558.02410  2.25%  18.5 5150s
 35547 22139 3589.57250   53  157 3639.87706 3558.07637  2.25%  18.4 5157s
 35614 22326 3614.23605   51   47 3639.87706 3558.12008  2.25%  18.4 5178s
 35944 22408 3576.26886   43  123 3639.87706 3558.19581  2.24%  18.3 5188s
 36061 22525 3578.39730   47  154 3639.87706 3558.22484  2.24%  18.3 5201s
 36291 22637 3559.94193   40  231 3639.87706 3558.31917  2.24%  18.2 5214s
 36369 22637 3634.56926   52   91 3639.87706 3558.31918  2.24%  18.2 5215s
 36436 22903 3615.12516   49   87 3639.87706 3558.40028  2.24%  18.2 5238s
 36777 23041 3617.67414   45  143 3639.87706 3558.42866  2.24%  18.1 5283s
 36988 23268 3626.33180   59  148 3639.87706 3558.45244  2.24%  18.1 5304s
 37342 23349 3558.73827   39  253 3639.87706 3558.52490  2.24%  18.0 5316s
 37472 23631 3639.82909   76  139 3639.87706 3558.56634  2.23%  17.9 5341s
 37895 23681 3562.19975   24  469 3639.87706 3558.64405  2.23%  17.8 5351s
 37976 23841 3567.12753   26  428 3639.87706 3558.64405  2.23%  17.8 5372s
 38265 23914 3620.94188   42  168 3639.87706 3558.70784  2.23%  17.8 5384s
 38354 24172 3636.90868   43  130 3639.87706 3558.70784  2.23%  17.8 5409s
 38771 24224 3615.26858   59  173 3639.87706 3558.78023  2.23%  17.7 5422s
 38885 24460 3579.64396   45  160 3639.87706 3558.83300  2.23%  17.7 5441s
 39247 24516 3610.56633   52   69 3639.87706 3558.88891  2.23%  17.6 5450s
 39341 24718 3592.35104   54  138 3639.87706 3558.89947  2.22%  17.6 5469s
 39693 24812 3604.60223   42   38 3639.87706 3558.96952  2.22%  17.5 5482s
 39830 24996 3605.06549   50  137 3639.87706 3559.02367  2.22%  17.5 5501s
 40116 25061 3587.19694   38  122 3639.87706 3559.05626  2.22%  17.4 5514s
 40240 25121 3586.52049   53   53 3639.87706 3559.10175  2.22%  17.4 5522s
 40334 25144 infeasible   54      3639.87706 3559.10261  2.22%  17.4 5533s
 40419 25382 3595.13257   41  171 3639.87706 3559.19706  2.22%  17.4 5555s
 40772 25436 3617.78774   67  130 3639.87706 3559.23056  2.22%  17.3 5567s
 40837 25638 3618.93870   69  122 3639.87706 3559.23056  2.22%  17.3 5589s
 41149 25677     cutoff   64      3639.87706 3559.36362  2.21%  17.3 5600s
 41217 25800 infeasible   65      3639.87706 3559.37658  2.21%  17.3 5623s
 41431 25835 3587.64884   35  158 3639.87706 3559.43155  2.21%  17.2 5633s
 41508 25887 infeasible   64      3639.87706 3559.44301  2.21%  17.2 5648s
 41602 25955 3592.33720   54   94 3639.87706 3559.44301  2.21%  17.2 5661s
 41696 25973     cutoff   70      3639.87706 3559.48146  2.21%  17.2 5671s
 41736 26024 3578.21373   53  201 3639.87706 3559.56068  2.21%  17.2 5685s
 41816 26106 3596.23742   56  100 3639.87706 3559.58519  2.21%  17.2 5702s
 41924 26268 3598.63923   53  108 3639.87706 3559.60988  2.21%  17.2 5726s
 42175 26303     cutoff   58      3639.87706 3559.64566  2.20%  17.1 5737s
 42236 26331     cutoff   61      3639.87706 3559.66393  2.20%  17.1 5751s
 42284 26342 3598.41938   32  689 3639.87706 3559.66393  2.20%  17.2 5759s
 42303 26411 3600.49617   33  624 3639.87706 3559.70106  2.20%  17.2 5775s
 42403 26583 3605.16671   50  205 3639.87706 3559.72962  2.20%  17.2 5796s
 42656 26725 3616.69895   58   60 3639.87706 3559.80692  2.20%  17.1 5815s
 42868 26853 3630.15577   59   66 3639.87706 3559.86073  2.20%  17.1 5835s
 43063 27009 3625.34154   43   38 3639.87706 3559.86993  2.20%  17.1 5856s
 43294 27168 3630.63572   68   76 3639.87706 3559.90453  2.20%  17.0 5877s
 43521 27351 3627.40124   60   68 3639.87706 3559.93281  2.20%  17.0 5897s
 43777 27459 3637.57399   59   85 3639.87706 3559.97697  2.20%  17.0 5916s
 43959 27577 infeasible   40      3639.87706 3560.01928  2.19%  16.9 5935s
 44168 27776 3593.38057   47  132 3639.87706 3560.02922  2.19%  16.9 5988s
 44457 28008 3569.04202   49  196 3639.87706 3560.06622  2.19%  16.8 6016s
 44818 28103 3618.43042   56   21 3639.87706 3560.15643  2.19%  16.8 6033s
 44984 28308     cutoff   64      3639.87706 3560.21348  2.19%  16.8 6057s
 45281 28389 3574.14835   50  166 3639.87706 3560.26104  2.19%  16.7 6070s
 45420 28569 3576.46734   40  162 3639.87706 3560.31907  2.19%  16.7 6093s
 45670 28612 3620.44025   53   21 3639.87706 3560.35611  2.18%  16.7 6108s
 45803 28772 3581.82414   37   91 3639.87706 3560.37728  2.18%  16.7 6127s
 46037 28890 3560.47254   42  221 3639.87706 3560.42107  2.18%  16.6 6142s
 46213 29031 3617.29443   57  153 3639.87706 3560.47153  2.18%  16.6 6163s
 46454 29145 3562.41587   38  394 3639.87706 3560.52911  2.18%  16.6 6178s
 46594 29302     cutoff   74      3639.87706 3560.59626  2.18%  16.6 6197s
 46865 29390 3630.41122   62   48 3639.87706 3560.63419  2.18%  16.5 6212s
 47005 29533 3584.54600   45  200 3639.87706 3560.70408  2.18%  16.5 6230s
 47241 29612 3611.46647   54   44 3639.87706 3560.72242  2.17%  16.5 6243s
 47369 29787 3572.54065   48  211 3639.87706 3560.75932  2.17%  16.5 6266s
 47642 29911 3624.53607   57   67 3639.87706 3560.81710  2.17%  16.4 6285s
 47818 30096 3624.89027   60   59 3639.87706 3560.88398  2.17%  16.4 6308s
 48082 30207 3563.15422   48  223 3639.87706 3560.91789  2.17%  16.4 6323s
 48244 30413 3615.14754   49  135 3639.87706 3560.97184  2.17%  16.4 6346s
 48551 30553 3635.87050   59    4 3639.87706 3561.05734  2.17%  16.3 6362s
 48757 30666 3629.10731   72   66 3639.87706 3561.07328  2.17%  16.3 6378s
 48974 30721 3629.28155   66   94 3639.87706 3561.12946  2.16%  16.3 6386s
 49091 30899 3636.42063   69  166 3639.87706 3561.16424  2.16%  16.3 6406s
 49357 30932 infeasible   60      3639.87706 3561.26362  2.16%  16.2 6417s
 49426 31110 3562.59648   40  208 3639.87706 3561.29603  2.16%  16.2 6436s
 49701 31220 3626.03416   63   98 3639.87706 3561.36543  2.16%  16.2 6454s
 49874 31377 3596.13210   47   73 3639.87706 3561.38456  2.16%  16.2 6476s
 50124 31480 3561.74091   47  169 3639.87706 3561.49900  2.15%  16.1 6494s
 50307 31555 infeasible   45      3639.87706 3561.52471  2.15%  16.1 6507s
 50442 31666 3576.58378   46  181 3639.87706 3561.54930  2.15%  16.1 6524s
 50652 31806 3576.27275   54  228 3639.87706 3561.58049  2.15%  16.1 6544s
 50878 31956 3567.92804   33  241 3639.87706 3561.62896  2.15%  16.1 6562s
 51095 32057 3635.76368   53   76 3639.87706 3561.65706  2.15%  16.1 6575s
 51274 32162 3570.55533   42  296 3639.87706 3561.75068  2.15%  16.0 6588s
 51445 32344 3589.60001   48  163 3639.87706 3561.77142  2.15%  16.0 6647s
 51744 32456 3563.40235   51  200 3639.87706 3561.83285  2.14%  16.0 6664s
 51932 32602 3588.64551   41   99 3639.87706 3561.88663  2.14%  16.0 6685s
 52176 32769 3589.71734   49   75 3639.87706 3561.93176  2.14%  16.0 6704s
 52427 32897 3617.89373   56  240 3639.87706 3562.00191  2.14%  15.9 6723s
 52646 32953 3622.27483   62   65 3639.87706 3562.05133  2.14%  15.9 6736s
 52747 33090 3628.12203   55   24 3639.87706 3562.05133  2.14%  15.9 6753s
 52966 33244 3589.73282   60   87 3639.87706 3562.10510  2.14%  15.9 6771s
 53205 33328 3603.99151   35  104 3639.87706 3562.20144  2.13%  15.9 6791s
 53358 33498 3608.40135   41  268 3639.87706 3562.20606  2.13%  15.9 6815s
 53636 33615 3626.00887   68   51 3639.87706 3562.30026  2.13%  15.8 6834s
 53843 33767 3607.19169   60   91 3639.87706 3562.34895  2.13%  15.8 6853s
 54092 33893 3637.38847   85   89 3639.87706 3562.38049  2.13%  15.8 6868s
 54267 34073 3624.25394   62  102 3639.87706 3562.41167  2.13%  15.8 6893s
 54577 34203 3577.77776   33  216 3639.87706 3562.48170  2.13%  15.7 6912s
 54783 34380 3598.38737   52   41 3639.87706 3562.50125  2.13%  15.7 6932s
 55056 34493 3630.07580   62   29 3639.87706 3562.52676  2.13%  15.7 6950s
 55257 34689 3577.05831   44  206 3639.87706 3562.57250  2.12%  15.6 6974s
 55548 34829 3591.76989   53  133 3639.87706 3562.64175  2.12%  15.6 6991s
 55753 35051 3629.07050   63   29 3639.87706 3562.70396  2.12%  15.6 7015s
 56081 35090 3616.83749   41  205 3639.87706 3562.73376  2.12%  15.5 7028s
 56191 35209 3626.09221   50  190 3639.87706 3562.75933  2.12%  15.5 7046s
 56474 35313 3633.63866   59   54 3639.87706 3562.78425  2.12%  15.5 7065s
 56676 35500 3583.13418   56   98 3639.87706 3562.80743  2.12%  15.5 7087s
 56977 35541 3622.51892   64   67 3639.87706 3562.85815  2.12%  15.5 7095s
 57041 35541     cutoff   81      3639.87706 3562.87722  2.12%  15.5 7101s
 57045 35593 3566.85634   24  331 3639.87706 3562.87722  2.12%  15.5 7119s
 57130 35712 3571.99891   25  270 3639.87706 3562.87947  2.12%  15.5 7144s
 57341 35777 3615.09082   26  239 3639.87706 3562.90126  2.11%  15.5 7157s
 57444 35948 3621.60173   24  224 3639.87706 3562.91792  2.11%  15.5 7179s
 57737 36009 3589.99425   49  217 3639.87706 3562.95370  2.11%  15.5 7190s
 57856 36213 3629.72578   73   76 3639.87706 3562.96367  2.11%  15.5 7215s
 58170 36297 3628.29989   69  100 3639.87706 3563.03974  2.11%  15.4 7228s
 58309 36460 3567.55893   43  351 3639.87706 3563.04526  2.11%  15.4 7247s
 58576 36585 3631.33634   45   90 3639.87706 3563.05860  2.11%  15.4 7262s
 58760 36856 3639.00489   46  112 3639.87706 3563.09776  2.11%  15.4 7325s
 59234 36892     cutoff   70      3639.87706 3563.19229  2.11%  15.4 7333s
 59287 37049 3638.86336   71  263 3639.87706 3563.20105  2.11%  15.3 7355s
 59532 37117 3590.97784   59  114 3639.87706 3563.25096  2.11%  15.3 7367s
 59645 37281 3584.59859   52  123 3639.87706 3563.28114  2.10%  15.3 7390s
 59902 37363 infeasible   52      3639.87706 3563.36115  2.10%  15.3 7403s
 60066 37517 3627.79578   66  128 3639.87706 3563.36643  2.10%  15.3 7421s
 60303 37606 3565.17667   45  306 3639.87706 3563.42496  2.10%  15.3 7435s
 60440 37710 3610.11683   57   22 3639.87706 3563.44319  2.10%  15.2 7447s
 60582 37721 3602.06327   50  102 3639.87706 3563.45202  2.10%  15.2 7454s
 60605 37923 3610.87193   55   81 3639.87706 3563.45202  2.10%  15.2 7478s
 60956 37958     cutoff   71      3639.87706 3563.51507  2.10%  15.2 7490s
 61034 38164 3614.01064   61   28 3639.87706 3563.54046  2.10%  15.2 7510s
 61377 38228 infeasible   40      3639.87706 3563.61502  2.10%  15.1 7521s
 61491 38424 infeasible   71      3639.87706 3563.62781  2.09%  15.1 7543s
 61804 38488 3624.78224   61   54 3639.87706 3563.66830  2.09%  15.1 7559s
 61964 38664 3567.94207   51  233 3639.87706 3563.67758  2.09%  15.1 7578s
 62255 38700 3599.58182   53  113 3639.87706 3563.70033  2.09%  15.1 7587s
 62342 38918     cutoff   74      3639.87706 3563.72715  2.09%  15.1 7610s
 62662 38945 3620.20046   58   71 3639.87706 3563.77342  2.09%  15.0 7620s
 62723 39123 3565.14924   46  251 3639.87706 3563.77342  2.09%  15.0 7643s
 63025 39240 3626.78104   72   65 3639.87706 3563.84293  2.09%  15.0 7656s
 63177 39418 3619.76770   68  120 3639.87706 3563.85100  2.09%  15.0 7677s
 63475 39514 3597.88623   57   52 3639.87706 3563.89076  2.09%  15.0 7689s
 63611 39721 3612.11203   52   64 3639.87706 3563.90651  2.09%  15.0 7710s
 63927 39766 3636.42321   78   57 3639.87706 3563.96506  2.09%  14.9 7720s
 64018 39926 3580.61419   51  224 3639.87706 3563.97782  2.09%  14.9 7740s
 64288 39972 3578.58969   45  113 3639.87706 3563.99725  2.08%  14.9 7752s
 64366 40175 3564.93176   49  204 3639.87706 3564.03145  2.08%  14.9 7774s
 64689 40219 3592.98176   45  185 3639.87706 3564.08638  2.08%  14.9 7783s
 64755 40438 3570.97176   48  105 3639.87706 3564.11996  2.08%  14.9 7805s
 65070 40487     cutoff   72      3639.87706 3564.14122  2.08%  14.9 7815s
 65175 40676 3620.63746   51   67 3639.87706 3564.16670  2.08%  14.9 7836s
 65443 40743 3604.55330   69   97 3639.87706 3564.18292  2.08%  14.8 7845s
 65538 40945 3596.90313   51   35 3639.87706 3564.18292  2.08%  14.8 7864s
 65848 40977 infeasible   68      3639.87706 3564.22297  2.08%  14.8 7871s
 65903 41153 3591.45314   53  170 3639.87706 3564.22405  2.08%  14.8 7887s
 66196 41304 3565.25700   37  132 3639.87706 3564.25322  2.08%  14.8 7928s
 66458 41535 3632.58082   55  100 3639.87706 3564.30724  2.08%  14.8 7953s
 66811 41648 3587.41788   54  127 3639.87706 3564.37247  2.07%  14.7 7968s
 66950 41800 3632.69302   66   26 3639.87706 3564.39895  2.07%  14.7 7994s
 67251 41879 3566.51384   35  327 3639.87706 3564.44683  2.07%  14.7 8007s
 67373 42087 3602.31382   43  100 3639.87706 3564.48062  2.07%  14.7 8033s
 67699 42151 3632.63417   57  105 3639.87706 3564.55127  2.07%  14.7 8048s
 67821 42181 3586.75008   43   76 3639.87706 3564.56170  2.07%  14.7 8059s
 67863 42248 3630.34085   59   31 3639.87706 3564.56376  2.07%  14.7 8075s
 68003 42489 3602.29461   42  147 3639.87706 3564.58335  2.07%  14.7 8100s
 68410 42585 3602.41903   50  215 3639.87706 3564.61186  2.07%  14.6 8114s
 68560 42777 3631.61062   70   60 3639.87706 3564.64820  2.07%  14.6 8137s
 68868 42887 3628.78376   66  113 3639.87706 3564.67366  2.07%  14.6 8150s
 69021 43070 3596.03380   59   59 3639.87706 3564.68360  2.07%  14.6 8175s
 69333 43133 3594.60172   49  313 3639.87706 3564.71370  2.06%  14.6 8188s
 69454 43318 infeasible   79      3639.87706 3564.74565  2.06%  14.6 8209s
 69737 43344 3624.02857   57  171 3639.87706 3564.79125  2.06%  14.5 8219s
 69784 43405 3582.06895   47  203 3639.87706 3564.80452  2.06%  14.5 8229s
 69849 43405 3624.21573   48  256 3639.87706 3564.81257  2.06%  14.5 8230s
 69900 43560 3629.73606   65  116 3639.87706 3564.81257  2.06%  14.5 8253s
 70153 43727 3595.81078   57   85 3639.87706 3564.89260  2.06%  14.5 8272s
 70370 43868 infeasible   61      3639.87706 3564.92171  2.06%  14.5 8295s
 70643 43994 infeasible   54      3639.87706 3564.97239  2.06%  14.5 8315s
 70843 44147     cutoff   76      3639.87706 3564.99407  2.06%  14.5 8336s
 71091 44240 3628.37499   57   58 3639.87706 3565.01141  2.06%  14.4 8352s
 71257 44389 3623.27885   67  140 3639.87706 3565.04444  2.06%  14.4 8373s
 71489 44524 3567.12119   43  144 3639.87706 3565.09651  2.05%  14.4 8389s
 71699 44645 3630.82170   57   78 3639.87706 3565.17652  2.05%  14.4 8411s
 71905 44798 3598.11592   36   41 3639.87706 3565.20717  2.05%  14.4 8431s
 72147 44919     cutoff   80      3639.87706 3565.26390  2.05%  14.4 8452s
 72387 45009 3570.31933   42  240 3639.87706 3565.32992  2.05%  14.4 8465s
 72517 45163 infeasible   58      3639.87706 3565.34505  2.05%  14.4 8485s
 72789 45232 3567.18018   35  224 3639.87706 3565.39547  2.05%  14.3 8496s
 72893 45331 3601.97348   60  176 3639.87706 3565.41493  2.05%  14.3 8515s
 73054 45433 3565.87760   51  190 3639.87706 3565.42265  2.05%  14.3 8530s
 73192 45583 3629.84090   68   49 3639.87706 3565.44334  2.04%  14.3 8549s
 73449 45772 3596.05246   52  126 3639.87706 3565.49815  2.04%  14.3 8597s
 73730 45995     cutoff   73      3639.87706 3565.54445  2.04%  14.3 8623s
 74056 46011 3632.28733   63   67 3639.87706 3565.58284  2.04%  14.3 8631s
 74119 46107 3607.76513   52  197 3639.87706 3565.60814  2.04%  14.3 8646s
 74304 46165 3572.57765   52  208 3639.87706 3565.63569  2.04%  14.3 8657s
 74392 46337 3634.17792   68  114 3639.87706 3565.63569  2.04%  14.3 8680s
 74664 46416 3618.05511   59    9 3639.87706 3565.68151  2.04%  14.3 8698s
 74824 46500 3629.90082   65   66 3639.87706 3565.71373  2.04%  14.2 8715s
 74992 46631 3566.75374   57  177 3639.87706 3565.72805  2.04%  14.2 8733s
 75227 46784 3567.96257   51  167 3639.87706 3565.76025  2.04%  14.2 8750s
 75449 46885 3591.58832   56   75 3639.87706 3565.78873  2.04%  14.2 8765s
 75633 46964 3584.15707   45  110 3639.87706 3565.80973  2.03%  14.2 8781s
 75752 47055 3633.41296   66  103 3639.87706 3565.81837  2.03%  14.2 8802s
 75911 47185 3566.00975   52  179 3639.87706 3565.84170  2.03%  14.2 8820s
 76135 47289 3621.29760   64    5 3639.87706 3565.88924  2.03%  14.2 8838s
 76335 47436 3583.27822   47  148 3639.87706 3565.91201  2.03%  14.2 8859s
 76586 47593 3633.57334   69   31 3639.87706 3565.95601  2.03%  14.2 8880s
 76816 47701 3631.37445   60   63 3639.87706 3566.00495  2.03%  14.1 8897s
 77026 47827 3633.00198   81  117 3639.87706 3566.05550  2.03%  14.1 8915s
 77232 47977 3585.42709   49  201 3639.87706 3566.08162  2.03%  14.1 8933s
 77458 48118 3629.65700   48  126 3639.87706 3566.10182  2.03%  14.1 8953s
 77690 48259 3602.22894   59  131 3639.87706 3566.12660  2.03%  14.1 8972s
 77904 48423 3610.46937   54  103 3639.87706 3566.19603  2.02%  14.1 8996s
 78173 48507 3569.00421   48  270 3639.87706 3566.25218  2.02%  14.1 9010s
 78317 48646 3631.31361   47  143 3639.87706 3566.25955  2.02%  14.1 9030s
 78586 48751     cutoff   71      3639.87706 3566.29392  2.02%  14.1 9049s
 78806 48954 3573.06471   45  219 3639.87706 3566.35465  2.02%  14.1 9075s
 79101 49059 3634.29245   54    4 3639.87706 3566.37828  2.02%  14.0 9095s
 79325 49192 3584.53327   44  109 3639.87706 3566.42523  2.02%  14.0 9114s
 79561 49281 3583.32564   48  259 3639.87706 3566.46625  2.02%  14.0 9128s
 79683 49344 3608.35431   49   62 3639.87706 3566.47044  2.02%  14.0 9139s
 79776 49454 3621.32084   54  127 3639.87706 3566.47184  2.02%  14.0 9159s
 79965 49575 3622.36533   43  178 3639.87706 3566.51920  2.02%  14.0 9174s
 80071 49575 3599.83207   62  107 3639.87706 3566.53180  2.02%  14.0 9175s
 80164 49719 3625.35766   73   53 3639.87706 3566.54335  2.01%  14.0 9193s
 80394 49824 3621.96799   53  204 3639.87706 3566.56155  2.01%  14.0 9212s
 80610 49838 3600.24402   45  119 3639.87706 3566.57769  2.01%  14.0 9219s
 80625 49997 3634.02801   53  113 3639.87706 3566.57769  2.01%  14.0 9238s
 80865 50193 3570.23929   49  166 3639.87706 3566.60079  2.01%  14.0 9291s
 81169 50285 3625.23040   70   70 3639.87706 3566.63087  2.01%  13.9 9308s
 81333 50478 3593.52890   63  121 3639.87706 3566.66959  2.01%  13.9 9332s
 81644 50556 3595.71955   60   99 3639.87706 3566.69396  2.01%  13.9 9346s
 81767 50781 3599.67412   44  201 3639.87706 3566.70817  2.01%  13.9 9369s
 82105 50905 3623.04020   58   80 3639.87706 3566.74262  2.01%  13.9 9382s
 82284 51055 infeasible   69      3639.87706 3566.77364  2.01%  13.9 9404s
 82580 51091 infeasible   54      3639.87706 3566.82574  2.01%  13.9 9412s
 82645 51294 3625.57230   48   87 3639.87706 3566.82757  2.01%  13.9 9435s
 82982 51359 3567.08042   47  136 3639.87706 3566.87921  2.01%  13.9 9448s
 83090 51589 3597.43172   49  132 3639.87706 3566.88718  2.01%  13.8 9472s
 83423 51597 3629.82065   58  162 3639.87706 3566.89757  2.00%  13.8 9478s
 83446 51820 infeasible   64      3639.87706 3566.90826  2.00%  13.8 9501s
 83793 51852 3627.41414   66   71 3639.87706 3566.93758  2.00%  13.8 9507s
 83842 52053 3637.33399   73   76 3639.87706 3566.93758  2.00%  13.8 9530s
 84184 52133 3590.22502   41  182 3639.87706 3566.97254  2.00%  13.8 9549s
 84372 52188 3581.98543   43  294 3639.87706 3566.98651  2.00%  13.8 9560s
 84464 52366 3604.79194   43   29 3639.87706 3566.99551  2.00%  13.8 9580s
 84728 52469 3627.32695   56  255 3639.87706 3567.02036  2.00%  13.8 9594s
 84891 52606 3619.69875   52   41 3639.87706 3567.04330  2.00%  13.8 9613s
 85115 52721 3601.50144   48   45 3639.87706 3567.07249  2.00%  13.8 9632s
 85308 52878 3585.78338   49   68 3639.87706 3567.09106  2.00%  13.7 9651s
 85529 52975 3604.72424   35  187 3639.87706 3567.10841  2.00%  13.7 9664s
 85701 53043 3604.92130   50  229 3639.87706 3567.11874  2.00%  13.7 9677s
 85857 53125 3568.09666   38  218 3639.87706 3567.14201  2.00%  13.7 9688s
 85974 53245 3622.74258   63  111 3639.87706 3567.14256  2.00%  13.7 9704s
 86179 53366 3608.01412   84  244 3639.87706 3567.17681  2.00%  13.7 9716s
 86348 53514 3627.49011   56   59 3639.87706 3567.21267  2.00%  13.7 9733s
 86574 53652 3571.86850   38  275 3639.87706 3567.25066  2.00%  13.7 9748s
 86765 53762 3622.72505   63  243 3639.87706 3567.26895  1.99%  13.7 9763s
 86952 53852 3585.44921   43  246 3639.87706 3567.28819  1.99%  13.7 9777s
 87126 53970 3596.75064   40  149 3639.87706 3567.33067  1.99%  13.7 9794s
 87335 54101 3586.35606   49  114 3639.87706 3567.37433  1.99%  13.7 9811s
 87541 54234 3597.73267   56   87 3639.87706 3567.39210  1.99%  13.7 9830s
 87746 54348 3590.35859   58   79 3639.87706 3567.42308  1.99%  13.6 9846s
 87921 54489 3589.23835   41  149 3639.87706 3567.43034  1.99%  13.6 9864s
 88134 54660 3587.57517   49  178 3639.87706 3567.47534  1.99%  13.6 9904s
 88376 54765 3567.72840   53  178 3639.87706 3567.52129  1.99%  13.6 9915s
 88524 54897 3630.43322   78   73 3639.87706 3567.52835  1.99%  13.6 9933s
 88708 54903 infeasible   81      3639.87706 3567.54773  1.99%  13.6 9939s
 88716 54976     cutoff   83      3639.87706 3567.54773  1.99%  13.6 9963s
 88839 55088 3631.05774   84  294 3639.87706 3567.55237  1.99%  13.6 9987s
 89020 55265 3630.01342   60   56 3639.87706 3567.55497  1.99%  13.6 10014s
 89348 55411 3583.76862   41  190 3639.87706 3567.60547  1.99%  13.6 10038s
 89579 55549 3573.87540   54  319 3639.87706 3567.61584  1.99%  13.6 10061s
 89828 55720 3618.06116   51   50 3639.87706 3567.64543  1.98%  13.6 10087s
 90117 55843 3583.81542   64  282 3639.87706 3567.66732  1.98%  13.6 10109s
 90336 55941 infeasible   80      3639.87706 3567.69779  1.98%  13.6 10129s
 90459 56019 3620.50085   75  170 3639.87706 3567.69779  1.98%  13.6 10148s
 90589 56350 3594.22958   57   63 3639.87706 3567.70130  1.98%  13.5 10186s
 91093 56425 3584.72392   50  209 3639.87706 3567.75399  1.98%  13.5 10202s
 91239 56696 infeasible   51      3639.87706 3567.75720  1.98%  13.5 10234s
 91538 56696 3568.29937   62  110 3639.87706 3567.81862  1.98%  13.5 10235s
 91690 56745 3631.93340   58  171 3639.87706 3567.82125  1.98%  13.5 10248s
 91787 57049 3576.87703   47  141 3639.87706 3567.84051  1.98%  13.5 10279s
 92246 57088 3625.09352   54  160 3639.87706 3567.88704  1.98%  13.5 10288s
 92309 57306     cutoff   64      3639.87706 3567.89331  1.98%  13.5 10314s
 92694 57379 3571.29844   49  106 3639.87706 3567.94725  1.98%  13.5 10329s
 92818 57587 3595.63351   44  224 3639.87706 3567.96037  1.98%  13.5 10355s
 93194 57609 infeasible   50      3639.87706 3567.99583  1.97%  13.5 10361s
 93227 57798 3596.36044   50  168 3639.87706 3567.99583  1.97%  13.5 10384s
 93578 57881 3637.48547   68  168 3639.87706 3568.03145  1.97%  13.4 10395s
 93721 58090 3605.74549   58  178 3639.87706 3568.04063  1.97%  13.4 10415s
 94037 58139 3633.64503   58  156 3639.87706 3568.05379  1.97%  13.4 10427s
 94123 58281 3582.53257   54  128 3639.87706 3568.05379  1.97%  13.4 10448s
 94349 58342 3636.06731   41  187 3639.87706 3568.08559  1.97%  13.4 10459s
 94467 58498 3575.35345   46  226 3639.87706 3568.10338  1.97%  13.4 10482s
 94757 58579 infeasible   60      3639.87706 3568.12819  1.97%  13.4 10499s
 94906 58725 3607.57732   54  135 3639.87706 3568.14167  1.97%  13.4 10521s
 95154 58787 3580.01261   24  300 3639.87706 3568.19405  1.97%  13.4 10535s
 95278 58943 3589.24631   45  279 3639.87706 3568.22108  1.97%  13.4 10553s
 95538 59043 3597.25602   55  110 3639.87706 3568.23435  1.97%  13.4 10595s
 95719 59291 3605.16388   62  197 3639.87706 3568.27871  1.97%  13.4 10625s
 96129 59339 3636.50552   56   32 3639.87706 3568.29838  1.97%  13.4 10640s
 96243 59483 3626.44452   79   87 3639.87706 3568.32259  1.97%  13.4 10656s
 96475 59556 3568.62061   57  180 3639.87706 3568.33547  1.97%  13.4 10667s
 96605 59772 3636.69176   61   76 3639.87706 3568.34540  1.97%  13.4 10696s
 97008 59807 infeasible   64      3639.87706 3568.37301  1.96%  13.3 10705s
 97081 60030 3589.49422   56  171 3639.87706 3568.38252  1.96%  13.3 10732s
 97452 60065 3629.09840   58   57 3639.87706 3568.41971  1.96%  13.3 10743s
 97540 60306 3623.31031   60   91 3639.87706 3568.42533  1.96%  13.3 10769s
 97908 60357 3609.21891   43  198 3639.87706 3568.46604  1.96%  13.3 10778s
 98011 60559 3622.20584   76   82 3639.87706 3568.47285  1.96%  13.3 10798s
 98357 60624 3632.88945   69  106 3639.87706 3568.50792  1.96%  13.3 10811s
 98477 60816 3593.90076   53  124 3639.87706 3568.52592  1.96%  13.3 10833s
 98795 60885 3569.83395   38  216 3639.87706 3568.54550  1.96%  13.3 10846s
 98894 61042 3585.70307   40   78 3639.87706 3568.55115  1.96%  13.3 10869s
 99142 61087 3636.84708   59   17 3639.87706 3568.57194  1.96%  13.3 10882s
 99226 61266 3621.13603   50   97 3639.87706 3568.57569  1.96%  13.3 10904s
 99563 61339 3586.67748   44   98 3639.87706 3568.61797  1.96%  13.3 10914s
 99666 61487 3634.38143   63   60 3639.87706 3568.62343  1.96%  13.2 10935s
 99923 61538 3621.86619   58  106 3639.87706 3568.64693  1.96%  13.2 10944s
 99999 61713 3634.07097   61   41 3639.87706 3568.65852  1.96%  13.2 10968s
 100304 61746 3625.66538   61  249 3639.87706 3568.68769  1.96%  13.2 10974s
 100354 61913 3569.00126   64  154 3639.87706 3568.70115  1.96%  13.2 10997s
 100657 61978 infeasible   33      3639.87706 3568.72286  1.95%  13.2 11011s
 100759 62145 3634.31009   62   64 3639.87706 3568.72671  1.95%  13.2 11036s
 101064 62156 3572.07452   64  340 3639.87706 3568.74812  1.95%  13.2 11041s
 101078 62238 3572.07452   65  338 3639.87706 3568.74812  1.95%  13.2 11059s
 101195 62337 3610.65024   65  209 3639.87706 3568.74812  1.95%  13.2 11075s
 101354 62498 3622.12923   58   98 3639.87706 3568.78000  1.95%  13.2 11095s
 101606 62586 3624.55055   48   98 3639.87706 3568.80405  1.95%  13.2 11113s
 101767 62791 3591.30399   50  158 3639.87706 3568.83626  1.95%  13.2 11136s
 102062 62824 3594.64547   54   43 3639.87706 3568.84213  1.95%  13.2 11149s
 102124 62942 3638.05054   57  171 3639.87706 3568.84213  1.95%  13.2 11167s
 102306 63060 3589.68857   52  188 3639.87706 3568.86013  1.95%  13.2 11186s
 102513 63150 3629.18340   58  133 3639.87706 3568.89426  1.95%  13.2 11204s
 102669 63233 3588.41887   60  114 3639.87706 3568.91532  1.95%  13.2 11219s
 102843 63369 3620.16871   49   94 3639.87706 3568.92723  1.95%  13.1 11270s
 103087 63506 3588.43287   39  230 3639.87706 3568.96759  1.95%  13.1 11293s
 103295 63687 3606.63113   55  123 3639.87706 3569.00489  1.95%  13.1 11318s
 103549 63779 3604.68979   41  159 3639.87706 3569.01482  1.95%  13.1 11335s
 103710 63932 3626.15809   73   54 3639.87706 3569.02732  1.95%  13.1 11361s
 103975 64059 3599.90888   48  189 3639.87706 3569.06899  1.95%  13.1 11385s
 104176 64285 3574.85539   53   81 3639.87706 3569.09977  1.94%  13.1 11414s
 104503 64401     cutoff   57      3639.87706 3569.14122  1.94%  13.1 11431s
 104681 64559 3619.10412   63   82 3639.87706 3569.15387  1.94%  13.1 11453s
 104941 64669     cutoff   46      3639.87706 3569.19274  1.94%  13.1 11475s
 105130 64794 3638.37989   51   49 3639.87706 3569.20070  1.94%  13.1 11493s
 105354 64902 3608.44780   60   35 3639.87706 3569.21753  1.94%  13.1 11516s
 105549 65014 3588.97697   41  179 3639.87706 3569.26199  1.94%  13.1 11536s
 105762 65084 3629.31179   82   74 3639.87706 3569.28062  1.94%  13.1 11555s
 105934 65211 3635.81483   50   10 3639.87706 3569.29994  1.94%  13.1 11575s
 106149 65347 3629.51214   55   89 3639.87706 3569.31013  1.94%  13.0 11596s
 106372 65454 3626.71374   71  130 3639.87706 3569.35096  1.94%  13.0 11612s
 106568 65571 3602.48537   60  195 3639.87706 3569.37064  1.94%  13.0 11632s
 106768 65678 3595.59721   58  141 3639.87706 3569.38875  1.94%  13.0 11656s
 106999 65795 3592.25723   61  240 3639.87706 3569.40305  1.94%  13.0 11678s
 107196 65929 3630.57851   58   89 3639.87706 3569.42195  1.94%  13.0 11694s
 107410 66013     cutoff   68      3639.87706 3569.43775  1.94%  13.0 11711s
 107582 66015 3570.78950   53  314 3639.87706 3569.44993  1.93%  13.0 11716s
 107584 66017 3573.64715   54  327 3639.87706 3569.44993  1.93%  13.0 11724s
 107586 66023 3573.64715   55  327 3639.87706 3569.44993  1.93%  13.0 11733s
 107593 66139 3573.76067   57  333 3639.87706 3569.45402  1.93%  13.0 11754s
 107801 66230 3583.26480   33  166 3639.87706 3569.47347  1.93%  13.0 11771s
 107969 66340 3569.93808   46  238 3639.87706 3569.48661  1.93%  13.0 11788s
 108186 66440 3575.92299   45  175 3639.87706 3569.50250  1.93%  13.0 11802s
 108348 66597 3634.67144   64    4 3639.87706 3569.50653  1.93%  13.0 11820s
 108632 66695 infeasible   74      3639.87706 3569.53883  1.93%  13.0 11840s
 108834 66900 3619.44229   62  116 3639.87706 3569.56106  1.93%  13.0 11870s
 109170 66991 3594.60897   52  156 3639.87706 3569.58872  1.93%  13.0 11884s
 109317 67149 3636.95586   56   79 3639.87706 3569.60566  1.93%  13.0 11908s
 109588 67200 3583.27554   43  248 3639.87706 3569.63021  1.93%  13.0 11922s
 109704 67245 3597.37628   51  164 3639.87706 3569.64783  1.93%  13.0 11940s
 109817 67293 3573.87818   57  326 3639.87706 3569.64783  1.93%  13.0 11953s
 109904 67373     cutoff   53      3639.87706 3569.66038  1.93%  13.0 11983s
 110083 67412 3616.62859   66   91 3639.87706 3569.66038  1.93%  13.0 12032s
 110192 67678 3598.72121   52  222 3639.87706 3569.66555  1.93%  13.0 12082s
 110682 67779 3627.22180   60  146 3639.87706 3569.72133  1.93%  13.0 12100s
 110855 67954 3586.57109   56  276 3639.87706 3569.72784  1.93%  13.0 12128s
 111146 68049 3626.30250   62   51 3639.87706 3569.73791  1.93%  13.0 12152s
 111362 68254 3596.74800   63   74 3639.87706 3569.75329  1.93%  13.0 12181s
 111658 68362 3585.86574   43  208 3639.87706 3569.78243  1.93%  12.9 12201s
 111840 68472 3619.74926   63  189 3639.87706 3569.79331  1.93%  12.9 12221s
 112080 68525 infeasible   61      3639.87706 3569.81525  1.92%  12.9 12233s
 112189 68676 infeasible   37      3639.87706 3569.82500  1.92%  12.9 12256s
 112475 68757 3635.20348   63  155 3639.87706 3569.83675  1.92%  12.9 12273s
 112621 68915 infeasible   67      3639.87706 3569.85719  1.92%  12.9 12298s
 112896 69045 3603.21277   65   67 3639.87706 3569.87207  1.92%  12.9 12316s
 113114 69238 3625.98888   66   34 3639.87706 3569.87834  1.92%  12.9 12344s
 113438 69335 3599.12765   48  104 3639.87706 3569.92212  1.92%  12.9 12363s
 113582 69501 3627.09486   62   95 3639.87706 3569.92480  1.92%  12.9 12388s
 113883 69571 3614.79943   52  185 3639.87706 3569.95919  1.92%  12.9 12404s
 114015 69595 3637.27387   67   78 3639.87706 3569.98901  1.92%  12.9 12418s
 114065 69717 3624.95583   60   50 3639.87706 3569.99970  1.92%  12.9 12438s
 114267 69958 3588.58465   49  121 3639.87706 3570.01802  1.92%  12.9 12470s
 114667 70019 3633.28571   59  145 3639.87706 3570.04647  1.92%  12.9 12481s
 114767 70225 3589.69043   49   98 3639.87706 3570.05536  1.92%  12.9 12511s
 115104 70278 infeasible   54      3639.87706 3570.08503  1.92%  12.9 12531s
 115242 70521 3621.83350   57  145 3639.87706 3570.09572  1.92%  12.9 12559s
 115643 70623 3599.11833   63   78 3639.87706 3570.14186  1.92%  12.8 12576s
 115795 70823 3633.94596   63   40 3639.87706 3570.16593  1.92%  12.8 12600s
 116168 70883 3603.40146   50   15 3639.87706 3570.19813  1.91%  12.8 12615s
 116304 71070 infeasible   48      3639.87706 3570.21811  1.91%  12.8 12636s
 116626 71177 3606.04479   45   39 3639.87706 3570.23699  1.91%  12.8 12652s
 116837 71383 3601.42086   52  130 3639.87706 3570.26861  1.91%  12.8 12679s
 117201 71442 infeasible   55      3639.87706 3570.28617  1.91%  12.8 12690s
 117297 71709 3627.21477   57   97 3639.87706 3570.29342  1.91%  12.8 12746s
 117704 71725 3629.75372   67  130 3639.87706 3570.31719  1.91%  12.8 12753s
 117743 71836 3585.33370   39   96 3639.87706 3570.32558  1.91%  12.8 12766s
 117887 71923 3629.59361   55   61 3639.87706 3570.32669  1.91%  12.8 12778s
 118025 72124 3639.81503   69   56 3639.87706 3570.33449  1.91%  12.8 12803s
 118315 72171     cutoff   70      3639.87706 3570.35498  1.91%  12.8 12820s
 118426 72330 3572.47429   50  307 3639.87706 3570.35833  1.91%  12.8 12844s
 118728 72387 infeasible   63      3639.87706 3570.38573  1.91%  12.8 12857s
 118844 72601 3589.10963   58   44 3639.87706 3570.39806  1.91%  12.7 12883s
 119185 72656 3598.83551   60  309 3639.87706 3570.40984  1.91%  12.7 12893s
 119292 72802 3621.18730   60  130 3639.87706 3570.42260  1.91%  12.7 12917s
 119571 72916 3617.67167   62   11 3639.87706 3570.44925  1.91%  12.7 12935s
 119759 73084     cutoff   86      3639.87706 3570.45769  1.91%  12.7 12955s
 120019 73166 3632.06779   66   63 3639.87706 3570.47005  1.91%  12.7 12969s
 120129 73318 3590.06460   43  177 3639.87706 3570.47005  1.91%  12.7 12995s
 120407 73363 3603.51184   42  200 3639.87706 3570.50740  1.91%  12.7 13004s
 120478 73520     cutoff   60      3639.87706 3570.51181  1.91%  12.7 13029s
 120739 73593 3586.13799   51  267 3639.87706 3570.52734  1.91%  12.7 13040s
 120834 73750 3623.21922   76  214 3639.87706 3570.52734  1.91%  12.7 13063s
 121132 73841 3628.44636   67   31 3639.87706 3570.55956  1.90%  12.7 13082s
 121282 73994 3589.33510   49  111 3639.87706 3570.56450  1.90%  12.7 13106s
 121577 74081 3633.33445   65   77 3639.87706 3570.59606  1.90%  12.7 13125s
 121720 74298 3612.92026   60  174 3639.87706 3570.59898  1.90%  12.7 13150s
 122031 74350 3580.38064   41  169 3639.87706 3570.61163  1.90%  12.7 13164s
 122137 74553 3599.31776   59   76 3639.87706 3570.61622  1.90%  12.7 13188s
 122447 74616     cutoff   75      3639.87706 3570.62481  1.90%  12.7 13202s
 122549 74756 3606.75988   52   96 3639.87706 3570.62600  1.90%  12.7 13224s
 122815 74819 3614.36813   64  174 3639.87706 3570.64372  1.90%  12.7 13234s
 122931 74988 3586.85685   54  100 3639.87706 3570.65091  1.90%  12.7 13252s
 123204 75045 3608.97025   65  171 3639.87706 3570.67788  1.90%  12.7 13266s
 123320 75233 infeasible   58      3639.87706 3570.69832  1.90%  12.7 13287s
 123602 75272 3593.44922   68  210 3639.87706 3570.72058  1.90%  12.6 13297s
 123677 75428 3571.49058   31  260 3639.87706 3570.73236  1.90%  12.6 13316s
 123964 75498 3615.19353   62   82 3639.87706 3570.74373  1.90%  12.6 13330s
 124113 75646 3570.81172   51  130 3639.87706 3570.76511  1.90%  12.6 13349s
 124385 75728 3607.01793   50  127 3639.87706 3570.78368  1.90%  12.6 13363s
 124523 75945 3570.84033   55  312 3639.87706 3570.78848  1.90%  12.6 13417s
 124888 75981 3613.94944   52  207 3639.87706 3570.81839  1.90%  12.6 13424s
 124942 76136 3620.96518   48  151 3639.87706 3570.82723  1.90%  12.6 13445s
 125234 76174 3635.54565   61  100 3639.87706 3570.83688  1.90%  12.6 13454s
 125307 76340 3620.17687   50   70 3639.87706 3570.84328  1.90%  12.6 13476s
 125583 76382 3618.31543   64   11 3639.87706 3570.86102  1.90%  12.6 13493s
 125688 76569 3585.17206   43   89 3639.87706 3570.86102  1.90%  12.6 13514s
 125975 76620 3586.53719   53  169 3639.87706 3570.87283  1.90%  12.6 13524s
 126039 76758 3588.20965   55  301 3639.87706 3570.87533  1.90%  12.6 13544s
 126333 76806 3601.47206   55   61 3639.87706 3570.89598  1.90%  12.6 13556s
 126442 76989 3589.61784   54   68 3639.87706 3570.90453  1.89%  12.6 13575s
 126729 77011 3620.12773   70  136 3639.87706 3570.91525  1.89%  12.6 13585s
 126807 77155 infeasible   68      3639.87706 3570.92160  1.89%  12.6 13606s
 127084 77228 3596.41389   51  186 3639.87706 3570.95909  1.89%  12.6 13622s
 127180 77396 3617.16238   68   42 3639.87706 3570.95909  1.89%  12.6 13646s
 127484 77481 3623.29611   54  144 3639.87706 3570.97786  1.89%  12.6 13658s
 127617 77663 3598.72027   54   45 3639.87706 3570.98504  1.89%  12.6 13680s
 127935 77732 3633.99251   67   15 3639.87706 3571.02018  1.89%  12.6 13689s
 128043 77894 3601.06803   52  137 3639.87706 3571.02378  1.89%  12.6 13707s
 128331 77933 3576.29914   51  143 3639.87706 3571.04185  1.89%  12.6 13714s
 128401 78067 3604.68904   42  124 3639.87706 3571.04219  1.89%  12.6 13733s
 128694 78094 3608.11217   41  183 3639.87706 3571.09542  1.89%  12.6 13738s
 128740 78145 3633.23804   61   69 3639.87706 3571.09542  1.89%  12.6 13745s
 128826 78193 3603.48551   44   57 3639.87706 3571.10400  1.89%  12.6 13754s
 128912 78349 3599.70348   55  166 3639.87706 3571.11114  1.89%  12.5 13774s
 129209 78354 3618.77900   47   96 3639.87706 3571.13590  1.89%  12.5 13780s
 129239 78497 3633.86990   58   82 3639.87706 3571.14171  1.89%  12.5 13800s

Cutting planes:
  Learned: 3
  Gomory: 4
  Cover: 525
  Implied bound: 570
  Projected implied bound: 7
  Clique: 52
  MIR: 229
  StrongCG: 48
  Flow cover: 122
  GUB cover: 174
  Inf proof: 16
  Zero half: 31
  Mod-K: 1
  RLT: 23
  Relax-and-lift: 55
  BQP: 6

Explored 129492 nodes (1649120 simplex iterations) in 13800.54 seconds (1015.78 work units)
Thread count was 2 (of 46 available processors)

Solution count 3: 3639.88 4228.42 4232.39 

Time limit reached
Best objective 3.639877061619e+03, best bound 3.571162696175e+03, gap 1.8878%
