Slurm job ID    : 1577
Array task ID   : 5
Host            : 23037696r-i7809a0b3cd
Start time      : 2026-08-10T19:47:39+08:00
Instance        : /home/23037696r/Documents/research/or_benchmark/wp/instances/inactive_0.1/j20_supp/j200101_5.sm
Output JSON     : /home/23037696r/Documents/research/or_benchmark/wp/results/inactivate_0.1/j20//j200101_5.json
Gurobi log      : /home/23037696r/Documents/research/or_benchmark/wp/results/inactivate_0.1/j20//logs/gurobi/j200101_5.log
Allocated CPUs  : 4
Running with command-line arguments
-----------------------------------
Instance file: /home/23037696r/Documents/research/or_benchmark/wp/instances/inactive_0.1/j20_supp/j200101_5.sm
Instance summary
----------------
Tasks:          22
Active tasks:   18
Inactive tasks: 4
Arcs:           39
Total duration: 129
Total work:     184
Active work:    172
Delta (singleton critical-path makespan): 19
Chosen deadline: 21
Feasible by singleton schedule: yes
Deadline rule: automatic: d = ceil(1.1 * Delta) = 21
Set parameter Username
Set parameter LicenseID to value 2851961
Academic license - for non-commercial use only - expires 2027-08-07
Set parameter MIPGap to value 1e-06
Set parameter TimeLimit to value 82800
Set parameter Threads to value 4
Set parameter LogFile to value "/home/23037696r/Documents/research/or_benchmark/wp/results/inactivate_0.1/j20/logs/gurobi/j200101_5.log"
Set parameter NumericFocus to value 1
Gurobi Optimizer version 13.0.2 build v13.0.2rc1 (linux64 - "Ubuntu 22.04.3 LTS")

CPU model: Intel Xeon Processor (Cascadelake), instruction set [SSE2|AVX|AVX2|AVX512]
Thread count: 46 physical cores, 46 logical processors, using up to 4 threads

Non-default parameters:
TimeLimit  82800
MIPGap  1e-06
NumericFocus  1
Threads  4

Optimize a model with 7065 rows, 4904 columns and 28810 nonzeros (Min)
Model fingerprint: 0x6a6ad565
Model has 3534 linear objective coefficients and an objective constant of 1.6748718152481678e+02
Variable types: 396 continuous, 4508 integer (4402 binary)
Coefficient statistics:
  Matrix range     [1e+00, 2e+02]
  Objective range  [1e-02, 9e+02]
  Bounds range     [1e+00, 2e+02]
  RHS range        [1e+00, 2e+02]

Presolve removed 6005 rows and 2745 columns
Presolve time: 0.19s
Presolved: 1060 rows, 2159 columns, 12074 nonzeros
Variable types: 0 continuous, 2159 integer (1811 binary)
Found heuristic solution: objective 1976.9590271

Root relaxation: objective 1.111610e+03, 296 iterations, 0.01 seconds (0.01 work units)

    Nodes    |    Current Node    |     Objective Bounds      |     Work
 Expl Unexpl |  Obj  Depth IntInf | Incumbent    BestBd   Gap | It/Node Time

     0     0 1111.60956    0   26 1976.95903 1111.60956  43.8%     -    0s
H    0     0                    1974.8668866 1111.60956  43.7%     -    0s
H    0     0                    1142.9487843 1111.60956  2.74%     -    0s
     0     0 1124.57789    0   16 1142.94878 1124.57789  1.61%     -    0s
     0     0 1124.57789    0   18 1142.94878 1124.57789  1.61%     -    0s
     0     0 1124.57789    0   20 1142.94878 1124.57789  1.61%     -    0s
     0     0 1124.57789    0   20 1142.94878 1124.57789  1.61%     -    0s
H    0     0                    1142.4334894 1124.57789  1.56%     -    0s
     0     0 1142.03963    0    3 1142.43349 1142.03963  0.03%     -    0s
H    0     0                    1142.0396301 1142.03963  0.00%     -    0s

Explored 1 nodes (647 simplex iterations) in 0.35 seconds (0.24 work units)
Thread count was 4 (of 46 available processors)

Solution count 5: 1142.04 1142.43 1142.95 ... 1976.96

Optimal solution found (tolerance 1.00e-06)
Best objective 1.142039630119e+03, best bound 1.142039630119e+03, gap 0.0000%

Solve summary
-------------
Status code:       2
Objective:         1142.0396301187552
Objective bound:   1142.0396301187552
MIP gap:           0.0
Has cycle:         False
Is acyclic:        True
Packages selected: 2 active packages

Packages
--------
   I1 | inactive_singleton | S=  0, C=  0, x=  0 | tasks=[1]
  I11 | inactive_singleton | S=  0, C=  6, x=  6 | tasks=[11]
   A1 | active             | S=  0, C= 10, x=115 | tasks=[2, 3, 13, 14, 15, 16, 17, 18, 19, 20, 21]
   I8 | inactive_singleton | S= 10, C= 14, x=  6 | tasks=[8]
   A2 | active             | S= 10, C= 20, x= 57 | tasks=[4, 5, 6, 7, 9, 10, 12]
  I22 | inactive_singleton | S= 21, C= 21, x=  0 | tasks=[22]

Solution JSON saved to: /home/23037696r/Documents/research/or_benchmark/wp/results/inactivate_0.1/j20/j200101_5.json
Finish time     : 2026-08-10T19:47:39+08:00
