
Gurobi 13.0.2 (linux64) logging started Thu Aug 13 11:19:47 2026

Set parameter LogFile to value "/home/23037696r/Documents/research/or_benchmark/wp/results/inactive_0.2/j40/logs/gurobi/j400802_4.log"
Set parameter NumericFocus to value 1
Gurobi Optimizer version 13.0.2 build v13.0.2rc1 (linux64 - "Ubuntu 22.04.3 LTS")

CPU model: Intel Xeon Processor (Cascadelake), instruction set [SSE2|AVX|AVX2|AVX512]
Thread count: 46 physical cores, 46 logical processors, using up to 2 threads

Non-default parameters:
TimeLimit  13800
MIPGap  1e-06
NumericFocus  1
Threads  2

Optimize a model with 59763 rows, 25488 columns and 212889 nonzeros (Min)
Model fingerprint: 0x94d86cd2
Model has 16112 linear objective coefficients and an objective constant of 7.7161492267018536e+02
Variable types: 5984 continuous, 19504 integer (19304 binary)
Coefficient statistics:
  Matrix range     [1e+00, 3e+02]
  Objective range  [1e-02, 1e+03]
  Bounds range     [1e+00, 3e+02]
  RHS range        [1e+00, 3e+02]

Presolve removed 41006 rows and 7617 columns (presolve time = 5s)...
Presolve removed 41084 rows and 10103 columns (presolve time = 11s)...
Presolve removed 43231 rows and 11316 columns (presolve time = 15s)...
Presolve removed 43231 rows and 11316 columns (presolve time = 20s)...
Presolve removed 43230 rows and 11315 columns
Presolve time: 21.68s
Presolved: 16533 rows, 14173 columns, 119903 nonzeros
Variable types: 0 continuous, 14173 integer (9429 binary)
Found heuristic solution: objective 4181.8205969
Deterministic concurrent LP optimizer: primal and dual simplex
Showing primal log only...


Root simplex log...

Iteration    Objective       Primal Inf.    Dual Inf.      Time
       0    1.1087191e+03   1.932506e+02   4.062742e+08     24s
     917    8.1049441e+05   0.000000e+00   7.917806e+04     25s
    6344    2.4226871e+03   0.000000e+00   0.000000e+00     27s
Concurrent spin time: 2.15s (can be avoided by choosing Method=3)

Solved with primal simplex

Root relaxation: objective 2.422687e+03, 6344 iterations, 6.21 seconds (0.67 work units)

    Nodes    |    Current Node    |     Objective Bounds      |     Work
 Expl Unexpl |  Obj  Depth IntInf | Incumbent    BestBd   Gap | It/Node Time

     0     0 2422.68709    0   63 4181.82060 2422.68709  42.1%     -   29s
     0     0 2424.65553    0  110 4181.82060 2424.65553  42.0%     -   31s
     0     0 2446.70047    0  143 4181.82060 2446.70047  41.5%     -   35s
     0     0 2446.70868    0  146 4181.82060 2446.70868  41.5%     -   35s
H    0     0                    2846.9990526 2446.70868  14.1%     -   36s
     0     0 2446.86984    0  137 2846.99905 2446.86984  14.1%     -   36s
     0     0 2446.86984    0  131 2846.99905 2446.86984  14.1%     -   56s
     0     0 2446.86984    0  130 2846.99905 2446.86984  14.1%     -   57s
     0     0 2446.86984    0  129 2846.99905 2446.86984  14.1%     -   57s
     0     0 2446.86984    0  129 2846.99905 2446.86984  14.1%     -   58s
     0     0 2446.86984    0  129 2846.99905 2446.86984  14.1%     -   58s
H    0     0                    2845.8509941 2446.86984  14.0%     -   59s
     0     0 2451.54740    0  162 2845.85099 2451.54740  13.9%     -   61s
     0     0 2451.54854    0  162 2845.85099 2451.54854  13.9%     -   61s
H    0     0                    2845.2639191 2451.55471  13.8%     -   62s
     0     0 2451.92766    0  149 2845.26392 2451.92766  13.8%     -   62s
     0     0 2451.92766    0  147 2845.26392 2451.92766  13.8%     -   63s
     0     0 2453.38903    0  182 2845.26392 2453.38903  13.8%     -   65s
     0     0 2453.38903    0  182 2845.26392 2453.38903  13.8%     -   66s
     0     0 2453.38905    0  182 2845.26392 2453.38905  13.8%     -   66s
     0     0 2453.38906    0  182 2845.26392 2453.38906  13.8%     -   66s
     0     0 2453.38909    0  182 2845.26392 2453.38909  13.8%     -   66s
     0     0 2453.38909    0  182 2845.26392 2453.38909  13.8%     -   67s
     0     0 2453.38915    0  182 2845.26392 2453.38915  13.8%     -   67s
     0     0 2453.38915    0  182 2845.26392 2453.38915  13.8%     -   67s
     0     0 2453.38922    0  182 2845.26392 2453.38922  13.8%     -   68s
     0     0 2453.38923    0  182 2845.26392 2453.38923  13.8%     -   68s
     0     0 2454.49242    0  184 2845.26392 2454.49242  13.7%     -   69s
     0     0 2454.49242    0  185 2845.26392 2454.49242  13.7%     -   70s
     0     0 2457.36203    0  192 2845.26392 2457.36203  13.6%     -   73s
H    0     0                    2802.2129094 2457.36203  12.3%     -   73s
H    0     0                    2802.0541241 2457.36203  12.3%     -   74s
H    0     0                    2801.8096557 2457.36203  12.3%     -   74s
H    0     0                    2793.7527443 2457.36203  12.0%     -   74s
     0     0 2457.53278    0  193 2793.75274 2457.53278  12.0%     -   75s
     0     0 2457.53284    0  196 2793.75274 2457.53284  12.0%     -   76s
     0     0 2459.91325    0  206 2793.75274 2459.91325  11.9%     -   79s
     0     0 2460.20434    0  195 2793.75274 2460.20434  11.9%     -   82s
     0     0 2460.22499    0  202 2793.75274 2460.22499  11.9%     -   83s
     0     0 2460.23023    0  205 2793.75274 2460.23023  11.9%     -   84s
     0     0 2460.23024    0  206 2793.75274 2460.23024  11.9%     -   85s
     0     0 2461.47366    0  199 2793.75274 2461.47366  11.9%     -   87s
     0     0 2462.24958    0  189 2793.75274 2462.24958  11.9%     -   90s
     0     0 2462.37480    0  192 2793.75274 2462.37480  11.9%     -   91s
     0     0 2462.37481    0  192 2793.75274 2462.37481  11.9%     -   92s
     0     0 2463.24346    0  193 2793.75274 2463.24346  11.8%     -   95s
H    0     0                    2793.5376180 2463.93067  11.8%     -   96s
     0     0 2463.93067    0  204 2793.53762 2463.93067  11.8%     -   97s
     0     0 2463.93067    0  200 2793.53762 2463.93067  11.8%     -   98s
     0     0 2463.93067    0  201 2793.53762 2463.93067  11.8%     -   98s
     0     0 2467.18653    0  185 2793.53762 2467.18653  11.7%     -  102s
     0     0 2467.18653    0  180 2793.53762 2467.18653  11.7%     -  102s
     0     0 2468.60814    0  182 2793.53762 2468.60814  11.6%     -  105s
     0     0 2468.60827    0  184 2793.53762 2468.60827  11.6%     -  106s
     0     0 2469.24000    0  507 2793.53762 2469.24000  11.6%     -  112s
     0     0 2469.24410    0  543 2793.53762 2469.24410  11.6%     -  113s
     0     0 2470.03023    0  530 2793.53762 2470.03023  11.6%     -  116s
     0     0 2470.03023    0  531 2793.53762 2470.03023  11.6%     -  117s
     0     0 2470.03023    0  529 2793.53762 2470.03023  11.6%     -  117s
     0     0 2470.03023    0  529 2793.53762 2470.03023  11.6%     -  118s
     0     0 2470.03023    0  428 2793.53762 2470.03023  11.6%     -  123s
     0     0 2470.03023    0  421 2793.53762 2470.03023  11.6%     -  126s
     0     0 2470.69336    0  441 2793.53762 2470.69336  11.6%     -  131s
     0     0 2470.98485    0  466 2793.53762 2470.98485  11.5%     -  135s
     0     0 2470.98508    0  465 2793.53762 2470.98508  11.5%     -  136s
     0     0 2470.98553    0  465 2793.53762 2470.98553  11.5%     -  137s
     0     0 2470.98737    0  464 2793.53762 2470.98737  11.5%     -  137s
     0     0 2470.98816    0  464 2793.53762 2470.98816  11.5%     -  138s
     0     0 2470.98920    0  470 2793.53762 2470.98920  11.5%     -  139s
     0     0 2470.99050    0  470 2793.53762 2470.99050  11.5%     -  139s
     0     0 2470.99206    0  470 2793.53762 2470.99206  11.5%     -  140s
     0     0 2470.99337    0  469 2793.53762 2470.99337  11.5%     -  140s
     0     0 2471.04195    0  473 2793.53762 2471.04195  11.5%     -  142s
     0     0 2471.04204    0  468 2793.53762 2471.04204  11.5%     -  144s
     0     0 2471.47037    0  551 2793.53762 2471.47037  11.5%     -  148s
     0     0 2471.50348    0  450 2793.53762 2471.50348  11.5%     -  151s
     0     0 2471.50348    0  449 2793.53762 2471.50348  11.5%     -  153s
     0     0 2471.79174    0  544 2793.53762 2471.79174  11.5%     -  157s
     0     0 2471.91241    0  544 2793.53762 2471.91241  11.5%     -  158s
     0     0 2472.03477    0  541 2793.53762 2472.03477  11.5%     -  159s
     0     0 2472.15758    0  541 2793.53762 2472.15758  11.5%     -  159s
     0     0 2472.28039    0  541 2793.53762 2472.28039  11.5%     -  160s
     0     0 2472.40323    0  540 2793.53762 2472.40323  11.5%     -  160s
     0     0 2472.52615    0  543 2793.53762 2472.52615  11.5%     -  161s
     0     0 2472.64909    0  541 2793.53762 2472.64909  11.5%     -  162s
     0     0 2472.77204    0  541 2793.53762 2472.77204  11.5%     -  163s
     0     0 2472.89531    0  542 2793.53762 2472.89531  11.5%     -  163s
     0     0 2473.01870    0  542 2793.53762 2473.01870  11.5%     -  164s
     0     0 2473.50327    0  547 2793.53762 2473.50327  11.5%     -  167s
     0     0 2473.50327    0  547 2793.53762 2473.50327  11.5%     -  167s
     0     0 2473.50327    0  548 2793.53762 2473.50327  11.5%     -  168s
     0     0 2473.50327    0  548 2793.53762 2473.50327  11.5%     -  168s
     0     0 2473.60281    0  550 2793.53762 2473.60281  11.5%     -  169s
     0     0 2473.73352    0  557 2793.53762 2473.73352  11.4%     -  170s
     0     0 2473.86448    0  554 2793.53762 2473.86448  11.4%     -  170s
     0     0 2473.99543    0  554 2793.53762 2473.99543  11.4%     -  171s
     0     0 2474.12631    0  553 2793.53762 2474.12631  11.4%     -  171s
     0     0 2474.25770    0  555 2793.53762 2474.25770  11.4%     -  172s
     0     0 2474.38913    0  556 2793.53762 2474.38913  11.4%     -  172s
     0     0 2474.47290    0  403 2793.53762 2474.47290  11.4%     -  175s
     0     0 2474.61035    0  403 2793.53762 2474.61035  11.4%     -  176s
     0     0 2474.74799    0  404 2793.53762 2474.74799  11.4%     -  177s
     0     0 2474.88580    0  405 2793.53762 2474.88580  11.4%     -  177s
     0     0 2475.02364    0  405 2793.53762 2475.02364  11.4%     -  177s
     0     0 2475.16148    0  405 2793.53762 2475.16148  11.4%     -  178s
     0     0 2475.29932    0  405 2793.53762 2475.29932  11.4%     -  178s
     0     0 2475.43715    0  404 2793.53762 2475.43715  11.4%     -  179s
     0     0 2475.57499    0  404 2793.53762 2475.57499  11.4%     -  179s
     0     0 2475.71283    0  404 2793.53762 2475.71283  11.4%     -  180s
     0     0 2475.85067    0  403 2793.53762 2475.85067  11.4%     -  180s
     0     0 2475.85559    0  477 2793.53762 2475.85559  11.4%     -  181s
     0     0 2475.99465    0  485 2793.53762 2475.99465  11.4%     -  182s
     0     0 2476.13375    0  485 2793.53762 2476.13375  11.4%     -  182s
     0     0 2476.27289    0  522 2793.53762 2476.27289  11.4%     -  183s
     0     0 2476.41206    0  521 2793.53762 2476.41206  11.4%     -  184s
     0     0 2476.55222    0  544 2793.53762 2476.55222  11.3%     -  185s
     0     0 2476.69242    0  549 2793.53762 2476.69242  11.3%     -  186s
     0     0 2476.83257    0  544 2793.53762 2476.83257  11.3%     -  186s
     0     0 2476.97266    0  544 2793.53762 2476.97266  11.3%     -  187s
     0     0 2477.11344    0  560 2793.53762 2477.11344  11.3%     -  188s
     0     0 2477.25424    0  561 2793.53762 2477.25424  11.3%     -  188s
     0     0 2477.25506    0  563 2793.53762 2477.25506  11.3%     -  189s
     0     0 2477.39589    0  560 2793.53762 2477.39589  11.3%     -  189s
     0     0 2477.53664    0  560 2793.53762 2477.53664  11.3%     -  190s
     0     0 2477.67733    0  557 2793.53762 2477.67733  11.3%     -  190s
     0     0 2477.81815    0  563 2793.53762 2477.81815  11.3%     -  191s
     0     0 2477.95942    0  567 2793.53762 2477.95942  11.3%     -  191s
     0     0 2478.10063    0  567 2793.53762 2478.10063  11.3%     -  192s
     0     0 2478.24178    0  568 2793.53762 2478.24178  11.3%     -  192s
     0     0 2478.38285    0  564 2793.53762 2478.38285  11.3%     -  193s
     0     0 2478.52386    0  565 2793.53762 2478.52386  11.3%     -  193s
     0     0 2478.66480    0  606 2793.53762 2478.66480  11.3%     -  193s
     0     0 2478.66480    0  603 2793.53762 2478.66480  11.3%     -  194s
     0     0 2478.80567    0  612 2793.53762 2478.80567  11.3%     -  195s
     0     0 2478.94647    0  613 2793.53762 2478.94647  11.3%     -  196s
     0     0 2479.31293    0  613 2793.53762 2479.31293  11.2%     -  196s
     0     0 2479.67931    0  566 2793.53762 2479.67931  11.2%     -  196s
     0     0 2480.04551    0  607 2793.53762 2480.04551  11.2%     -  197s
     0     0 2480.41164    0  603 2793.53762 2480.41164  11.2%     -  198s
     0     0 2480.77772    0  609 2793.53762 2480.77772  11.2%     -  198s
     0     0 2481.12398    0  558 2793.53762 2481.12398  11.2%     -  200s
     0     0 2481.43563    0  543 2793.53762 2481.43563  11.2%     -  201s
     0     0 2481.71822    0  527 2793.53762 2481.71822  11.2%     -  202s
     0     0 2481.87487    0  560 2793.53762 2481.87487  11.2%     -  203s
     0     0 2481.99324    0  565 2793.53762 2481.99324  11.2%     -  204s
     0     0 2482.10710    0  563 2793.53762 2482.10710  11.1%     -  205s
     0     0 2482.21930    0  568 2793.53762 2482.21930  11.1%     -  205s
     0     0 2482.32992    0  565 2793.53762 2482.32992  11.1%     -  206s
     0     0 2482.43739    0  571 2793.53762 2482.43739  11.1%     -  206s
     0     0 2482.54356    0  569 2793.53762 2482.54356  11.1%     -  207s
     0     0 2482.64824    0  562 2793.53762 2482.64824  11.1%     -  207s
     0     0 2482.75031    0  494 2793.53762 2482.75031  11.1%     -  208s
     0     0 2482.94340    0  281 2793.53762 2482.94340  11.1%     -  209s
     0     0 2483.03503    0  286 2793.53762 2483.03503  11.1%     -  209s
     0     0 2483.10919    0  290 2793.53762 2483.10919  11.1%     -  210s
     0     0 2483.19495    0  289 2793.53762 2483.19495  11.1%     -  210s
     0     0 2485.10692    0  263 2793.53762 2485.10692  11.0%     -  213s
     0     0 2485.33746    0  251 2793.53762 2485.33746  11.0%     -  216s
     0     0 2485.35827    0  611 2793.53762 2485.35827  11.0%     -  218s
     0     0 2485.36452    0  546 2793.53762 2485.36452  11.0%     -  220s
     0     0 2485.37981    0  246 2793.53762 2485.37981  11.0%     -  221s
     0     0 2485.38444    0  244 2793.53762 2485.38444  11.0%     -  222s
     0     0 2485.39045    0  248 2793.53762 2485.39045  11.0%     -  224s
     0     0 2485.39090    0  253 2793.53762 2485.39090  11.0%     -  225s
     0     0 2487.75501    0  591 2793.53762 2487.75501  10.9%     -  231s
     0     0 2488.05861    0  310 2793.53762 2488.05861  10.9%     -  234s
     0     0 2488.13451    0  308 2793.53762 2488.13451  10.9%     -  236s
     0     0 2488.13451    0  312 2793.53762 2488.13451  10.9%     -  237s
     0     0 2488.84718    0  293 2793.53762 2488.84718  10.9%     -  241s
     0     0 2488.99438    0  315 2793.53762 2488.99438  10.9%     -  244s
     0     0 2489.02508    0  314 2793.53762 2489.02508  10.9%     -  245s
     0     0 2489.02620    0  315 2793.53762 2489.02620  10.9%     -  246s
     0     0 2489.47108    0  303 2793.53762 2489.47108  10.9%     -  249s
     0     0 2489.47212    0  302 2793.53762 2489.47212  10.9%     -  250s
     0     0 2489.48936    0  305 2793.53762 2489.48936  10.9%     -  253s
     0     0 2489.55288    0  309 2793.53762 2489.55288  10.9%     -  254s
     0     0 2489.55790    0  314 2793.53762 2489.55790  10.9%     -  255s
     0     0 2490.16741    0  294 2793.53762 2490.16741  10.9%     -  258s
H    0     0                    2793.3941108 2490.17176  10.9%     -  260s
     0     0 2490.23716    0  305 2793.39411 2490.23716  10.9%     -  261s
     0     0 2490.25298    0  312 2793.39411 2490.25298  10.9%     -  262s
     0     0 2490.25482    0  311 2793.39411 2490.25482  10.9%     -  263s
     0     0 2490.57131    0  317 2793.39411 2490.57131  10.8%     -  265s
     0     0 2490.59460    0  319 2793.39411 2490.59460  10.8%     -  267s
     0     0 2490.59460    0  323 2793.39411 2490.59460  10.8%     -  268s
     0     0 2490.83326    0  322 2793.39411 2490.83326  10.8%     -  271s
H    0     0                    2793.2505318 2490.83580  10.8%     -  273s
     0     0 2490.91187    0  321 2793.25053 2490.91187  10.8%     -  274s
     0     0 2490.91297    0  327 2793.25053 2490.91297  10.8%     -  275s
     0     0 2491.36707    0  329 2793.25053 2491.36707  10.8%     -  278s
     0     0 2491.50510    0  345 2793.25053 2491.50510  10.8%     -  280s
     0     0 2491.51084    0  352 2793.25053 2491.51084  10.8%     -  281s
     0     0 2491.94009    0  363 2793.25053 2491.94009  10.8%     -  283s
H    0     0                    2792.9631584 2491.94388  10.8%     -  284s
     0     0 2492.03020    0  370 2792.96316 2492.03020  10.8%     -  285s
     0     0 2492.09476    0  370 2792.96316 2492.09476  10.8%     -  287s
     0     0 2492.09556    0  371 2792.96316 2492.09556  10.8%     -  288s
     0     0 2493.64693    0  645 2792.96316 2493.64693  10.7%     -  291s
     0     0 2493.73957    0  669 2792.96316 2493.73957  10.7%     -  294s
     0     0 2493.77714    0  675 2792.96316 2493.77714  10.7%     -  295s
     0     0 2493.79607    0  678 2792.96316 2493.79607  10.7%     -  297s
     0     0 2493.79993    0  681 2792.96316 2493.79993  10.7%     -  298s
     0     0 2494.16966    0  262 2792.96316 2494.16966  10.7%     -  305s
     0     0 2494.28781    0  266 2792.96316 2494.28781  10.7%     -  308s
     0     0 2494.31034    0  266 2792.96316 2494.31034  10.7%     -  310s
     0     0 2494.31220    0  267 2792.96316 2494.31220  10.7%     -  311s
     0     0 2494.42351    0  356 2792.96316 2494.42351  10.7%     -  313s
     0     0 2494.42373    0  356 2792.96316 2494.42373  10.7%     -  313s
     0     0 2494.42607    0  355 2792.96316 2494.42607  10.7%     -  314s
     0     0 2494.42626    0  355 2792.96316 2494.42626  10.7%     -  314s
     0     0 2494.42807    0  354 2792.96316 2494.42807  10.7%     -  314s
     0     0 2494.44221    0  362 2792.96316 2494.44221  10.7%     -  317s
     0     0 2494.44799    0  352 2792.96316 2494.44799  10.7%     -  318s
     0     0 2494.84458    0  341 2792.96316 2494.84458  10.7%     -  320s
     0     0 2494.84866    0  341 2792.96316 2494.84866  10.7%     -  320s
     0     0 2494.85105    0  340 2792.96316 2494.85105  10.7%     -  321s
     0     0 2494.85829    0  642 2792.96316 2494.85829  10.7%     -  322s
     0     0 2494.96693    0  648 2792.96316 2494.96693  10.7%     -  326s
     0     0 2494.98958    0  652 2792.96316 2494.98958  10.7%     -  328s
     0     0 2495.27011    0  661 2792.96316 2495.27011  10.7%     -  332s
     0     0 2495.28035    0  660 2792.96316 2495.28035  10.7%     -  332s
     0     0 2495.37529    0  664 2792.96316 2495.37529  10.7%     -  335s
     0     0 2495.37721    0  667 2792.96316 2495.37721  10.7%     -  335s
     0     0 2495.47072    0  492 2792.96316 2495.47072  10.7%     -  338s
     0     0 2495.48026    0  350 2792.96316 2495.48026  10.7%     -  340s
     0     0 2495.54998    0  667 2792.96316 2495.54998  10.6%     -  342s
H    0     0                    2792.5645971 2495.55958  10.6%     -  343s
H    0     0                    2792.5283914 2495.55958  10.6%     -  343s
H    0     0                    2792.0720192 2495.55958  10.6%     -  343s
     0     0 2495.55958    0  672 2792.07202 2495.55958  10.6%     -  344s
     0     0 2495.61977    0  344 2792.07202 2495.61977  10.6%     -  345s
     0     0 2495.62002    0  344 2792.07202 2495.62002  10.6%     -  346s
     0     0 2495.62352    0  344 2792.07202 2495.62352  10.6%     -  346s
H    0     0                    2792.0001310 2495.64779  10.6%     -  347s
     0     0 2495.64779    0  346 2792.00013 2495.64779  10.6%     -  347s
     0     0 2495.64779    0  349 2792.00013 2495.64779  10.6%     -  347s
     0     0 2495.68336    0  655 2792.00013 2495.68336  10.6%     -  349s
     0     0 2495.68554    0  652 2792.00013 2495.68554  10.6%     -  349s
     0     0 2495.68918    0  652 2792.00013 2495.68918  10.6%     -  349s
     0     0 2495.68959    0  653 2792.00013 2495.68959  10.6%     -  350s
     0     0 2495.69091    0  653 2792.00013 2495.69091  10.6%     -  351s
     0     0 2495.69091    0  653 2792.00013 2495.69091  10.6%     -  351s
     0     0 2495.69091    0  653 2792.00013 2495.69091  10.6%     -  352s
     0     0 2495.74995    0  136 2792.00013 2495.74995  10.6%     -  370s
     0     0 2495.74995    0  333 2792.00013 2495.74995  10.6%     -  372s
     0     0 2495.74995    0  137 2792.00013 2495.74995  10.6%     -  373s
     0     0 2495.74995    0  493 2792.00013 2495.74995  10.6%     -  374s
     0     0 2495.74995    0  148 2792.00013 2495.74995  10.6%     -  374s
     0     0 2495.74995    0  154 2792.00013 2495.74995  10.6%     -  375s
     0     0 2495.74995    0  231 2792.00013 2495.74995  10.6%     -  376s
     0     0 2495.74995    0  277 2792.00013 2495.74995  10.6%     -  377s
     0     0 2495.74995    0  205 2792.00013 2495.74995  10.6%     -  377s
     0     0 2495.74995    0  253 2792.00013 2495.74995  10.6%     -  377s
     0     0 2495.74995    0  259 2792.00013 2495.74995  10.6%     -  378s
     0     0 2495.74995    0  579 2792.00013 2495.74995  10.6%     -  379s
     0     0 2495.74995    0  575 2792.00013 2495.74995  10.6%     -  379s
     0     0 2495.74995    0  216 2792.00013 2495.74995  10.6%     -  380s
     0     0 2495.74995    0  277 2792.00013 2495.74995  10.6%     -  380s
     0     0 2495.74995    0  274 2792.00013 2495.74995  10.6%     -  381s
     0     0 2495.74995    0  279 2792.00013 2495.74995  10.6%     -  381s
     0     0 2495.74995    0  466 2792.00013 2495.74995  10.6%     -  382s
     0     0 2495.74995    0  488 2792.00013 2495.74995  10.6%     -  382s
     0     0 2495.74995    0  574 2792.00013 2495.74995  10.6%     -  383s
     0     0 2495.74995    0  573 2792.00013 2495.74995  10.6%     -  383s
     0     0 2495.74995    0  580 2792.00013 2495.74995  10.6%     -  384s
     0     0 2495.74995    0  611 2792.00013 2495.74995  10.6%     -  385s
     0     0 2495.74995    0  331 2792.00013 2495.74995  10.6%     -  385s
     0     0 2495.74995    0  345 2792.00013 2495.74995  10.6%     -  386s
     0     0 2495.74995    0  309 2792.00013 2495.74995  10.6%     -  387s
     0     0 2495.74995    0  505 2792.00013 2495.74995  10.6%     -  387s
     0     0 2495.74995    0  465 2792.00013 2495.74995  10.6%     -  388s
     0     0 2495.74995    0  639 2792.00013 2495.74995  10.6%     -  388s
     0     0 2495.74995    0  319 2792.00013 2495.74995  10.6%     -  388s
     0     0 2495.74995    0  330 2792.00013 2495.74995  10.6%     -  389s
     0     0 2495.74995    0  324 2792.00013 2495.74995  10.6%     -  390s
     0     0 2495.74995    0  335 2792.00013 2495.74995  10.6%     -  390s
     0     0 2495.74995    0  329 2792.00013 2495.74995  10.6%     -  390s
     0     0 2495.74995    0  320 2792.00013 2495.74995  10.6%     -  391s
     0     0 2495.74995    0  366 2792.00013 2495.74995  10.6%     -  391s
     0     0 2495.74995    0  319 2792.00013 2495.74995  10.6%     -  392s
     0     0 2495.74995    0  608 2792.00013 2495.74995  10.6%     -  392s
     0     0 2495.74995    0  609 2792.00013 2495.74995  10.6%     -  393s
     0     0 2495.74995    0  610 2792.00013 2495.74995  10.6%     -  393s
     0     0 2495.84415    0  609 2792.00013 2495.84415  10.6%     -  394s
     0     0 2495.85062    0  611 2792.00013 2495.85062  10.6%     -  395s
     0     0 2497.31212    0  651 2792.00013 2497.31212  10.6%     -  399s
     0     0 2497.35308    0  654 2792.00013 2497.35308  10.6%     -  400s
     0     0 2497.39864    0  554 2792.00013 2497.39864  10.6%     -  401s
     0     0 2497.40008    0  553 2792.00013 2497.40008  10.6%     -  401s
     0     0 2498.24906    0  661 2792.00013 2498.24906  10.5%     -  404s
     0     0 2498.31804    0  671 2792.00013 2498.31804  10.5%     -  405s
     0     0 2498.33045    0  668 2792.00013 2498.33045  10.5%     -  405s
     0     0 2498.34710    0  664 2792.00013 2498.34710  10.5%     -  406s
     0     0 2498.34972    0  662 2792.00013 2498.34972  10.5%     -  406s
     0     0 2498.40068    0  664 2792.00013 2498.40068  10.5%     -  408s
     0     0 2498.40611    0  671 2792.00013 2498.40611  10.5%     -  409s
     0     0 2498.44855    0  677 2792.00013 2498.44855  10.5%     -  411s
     0     0 2498.50309    0  695 2792.00013 2498.50309  10.5%     -  412s
     0     0 2498.54947    0  697 2792.00013 2498.54947  10.5%     -  412s
     0     0 2498.54983    0  698 2792.00013 2498.54983  10.5%     -  413s
     0     0 2498.58402    0  707 2792.00013 2498.58402  10.5%     -  415s
     0     0 2498.59734    0  712 2792.00013 2498.59734  10.5%     -  416s
     0     0 2498.77868    0  699 2792.00013 2498.77868  10.5%     -  419s
     0     0 2498.79062    0  704 2792.00013 2498.79062  10.5%     -  419s
     0     0 2498.79243    0  707 2792.00013 2498.79243  10.5%     -  420s
     0     0 2498.81625    0  692 2792.00013 2498.81625  10.5%     -  424s
     0     0 2498.83214    0  704 2792.00013 2498.83214  10.5%     -  425s
     0     0 2498.83214    0  719 2792.00013 2498.83214  10.5%     -  428s
     0     0 2498.83214    0  719 2792.00013 2498.83214  10.5%     -  429s
     0     0 2498.83214    0  714 2792.00013 2498.83214  10.5%     -  429s
     0     2 2498.96239    0  713 2792.00013 2498.96239  10.5%     -  433s
     3     6 2512.04466    2  301 2792.00013 2498.96239  10.5%   822  435s
    33    40 2537.59784    8  121 2792.00013 2498.96239  10.5%   217  440s
    92   101 2537.81199   25  103 2792.00013 2498.96239  10.5%   108  445s
   155   161 2537.87803   42  104 2792.00013 2498.96239  10.5%  91.6  450s
   190   202 2537.97076   58  106 2792.00013 2498.96239  10.5%  94.7  455s
   232   224 2538.13258   77  104 2792.00013 2499.71355  10.5%  97.2  461s
H  282   273                    2790.9920758 2499.78490  10.4%  89.0  465s
   306   318 2538.35109  110   97 2790.99208 2499.78490  10.4%  84.8  470s
   354   363 2538.59835  122   97 2790.99208 2499.78490  10.4%  80.1  475s
   406   386 2538.68200  132   97 2790.99208 2499.78490  10.4%  77.7  480s
   415   417 2538.73851  135  100 2790.99208 2499.78490  10.4%  79.0  485s
   466   437 2538.80434  140  100 2790.99208 2499.78490  10.4%  76.0  490s
   496   476 2538.83595  143  100 2790.99208 2499.78490  10.4%  73.9  498s
   520   487 2540.20250  150  160 2790.99208 2499.78490  10.4%  75.8  501s
   528   534 2541.50594  156  160 2790.99208 2499.78490  10.4%  77.2  508s
   577   576 2542.96884  157  160 2790.99208 2499.78490  10.4%  72.7  511s
   651   596 2575.72339  161  471 2790.99208 2499.78490  10.4%  68.0  516s
   677   625 2553.21605  163  226 2790.99208 2500.96919  10.4%  69.2  522s
   702   661 2751.35362  166  198 2790.99208 2500.96919  10.4%  69.5  525s
   766   701 infeasible  169      2790.99208 2501.17734  10.4%  67.6  531s
   804   702 2502.82552  125  137 2790.99208 2501.17734  10.4%  65.8  630s
   806   703 2755.71877  271  443 2790.99208 2501.17734  10.4%  65.7  652s
   807   704 2540.81039  151  555 2790.99208 2501.17734  10.4%  65.6  656s
   810   706 2538.84144  137  511 2790.99208 2501.17734  10.4%  65.4  660s
   812   707 2733.38898  186  532 2790.99208 2501.17734  10.4%  65.2  665s
   814   709 2751.88230  261  607 2790.99208 2501.17734  10.4%  65.0  671s
   816   710 2538.63173  118  616 2790.99208 2501.17734  10.4%  64.9  675s
   819   712 2502.69755   61  635 2790.99208 2501.17734  10.4%  64.6  680s
   822   714 2512.80520   18  645 2790.99208 2501.17734  10.4%  64.4  685s
   826   717 2505.28216   77  655 2790.99208 2501.17734  10.4%  64.1  691s
   830   719 2723.77864  226  720 2790.99208 2501.17734  10.4%  63.8  695s
   834   722 2503.25702  142  678 2790.99208 2501.17734  10.4%  63.5  700s
   839   725 2587.92386   19  661 2790.99208 2501.17734  10.4%  63.1  705s
   844   729 2538.05996   65  637 2790.99208 2501.17734  10.4%  62.7  711s
   846   730 2538.09864   72  723 2790.99208 2501.17734  10.4%  62.6  715s
   849   732 2503.20882  141  728 2790.99208 2501.17734  10.4%  62.4  721s
   851   733 2537.60068    6  740 2790.99208 2501.17734  10.4%  62.2  725s
   853   735 2537.86083   33  743 2790.99208 2501.17734  10.4%  62.1  730s
   856   737 2660.27664   44  754 2790.99208 2501.17734  10.4%  61.8  736s
   859   739 2507.45745   28  738 2790.99208 2501.17734  10.4%  61.6  740s
   861   740 2512.78403   38  770 2790.99208 2501.17734  10.4%  61.5  746s
   864   742 2501.91674   30  747 2790.99208 2501.61693  10.4%  61.3  752s
   866   743 2537.62846   19  745 2790.99208 2501.61693  10.4%  61.1  755s
   868   745 2538.23740   79  780 2790.99208 2501.61693  10.4%  61.0  762s
   869   745 2540.55811   30  782 2790.99208 2501.61693  10.4%  60.9  768s
   870   746 2751.63875  262  784 2790.99208 2501.61693  10.4%  60.8  770s
   872   747 2538.37421   81  786 2790.99208 2501.61693  10.4%  60.7  778s
   873   748 2512.79914   12  786 2790.99208 2501.61693  10.4%  60.6  780s
   874   749 2523.77860  156  757 2790.99208 2501.61693  10.4%  60.6  788s
   875   749 2538.84978  148  757 2790.99208 2501.61798  10.4%  60.5  798s
   876   753 2504.63453   10  635 2790.99208 2501.61798  10.4%  92.7  806s
   880   758 2514.61618   12  619 2790.99208 2503.84775  10.3%  94.3  813s
   884   758 2538.76061   13  509 2790.99208 2503.84775  10.3%  97.4  817s
   886   763 2515.09387   13  612 2790.99208 2503.84775  10.3%  98.6  822s
   891   763 2541.17841   15  476 2790.99208 2503.84775  10.3%   101  827s
   895   766 2538.58233   15  310 2790.99208 2503.84775  10.3%   102  830s
   901   768 infeasible   17      2790.99208 2503.84775  10.3%   104  839s
   907   770 2545.82488   18  450 2790.99208 2503.84775  10.3%   103  852s
   911   775 2548.30235   19  298 2790.99208 2503.84775  10.3%   104  856s
   918   779 2548.17444   22  446 2790.99208 2503.84775  10.3%   105  861s
   925   779 2551.12895   23  182 2790.99208 2503.84775  10.3%   105  867s
   927   781 2551.79411   24  301 2790.99208 2503.84775  10.3%   105  870s
   930   784 2552.40021   25  303 2790.99208 2503.84775  10.3%   105  875s
   943   790 2555.08182   29  291 2790.99208 2503.84775  10.3%   106  884s
   949   791 2555.08292   31  296 2790.99208 2503.84775  10.3%   106  888s
   954   794 2555.98976   34  295 2790.99208 2503.84775  10.3%   106  892s
   960   798 2629.42147   36  288 2790.99208 2503.84775  10.3%   105  896s
   972   802 2572.76240   39  296 2790.99208 2503.84775  10.3%   106  913s
   974   802 2636.13059   39  293 2790.99208 2503.84775  10.3%   105  917s
   980   805 2675.21959   41  181 2790.99208 2503.84775  10.3%   106  922s
   990   805 2746.39298   46   73 2790.99208 2504.20868  10.3%   105  927s
  1003   804 2513.62288   12  200 2790.99208 2504.20868  10.3%   105  936s
  1012   812 2515.05323   13  270 2790.99208 2504.20868  10.3%   104  943s
  1023   812 2569.49206   15   60 2790.99208 2504.20868  10.3%   104  950s
  1031   824 2570.90544   16   60 2790.99208 2504.20868  10.3%   103  959s
  1056   824 2658.60952   25   32 2790.99208 2504.20868  10.3%   101  967s
  1087   831 2658.64564   38   30 2790.99208 2504.20868  10.3%  98.6  975s
  1125   832 2658.82109   48   94 2790.99208 2504.20868  10.3%  95.8  990s
  1143   837 2717.56401   56   12 2790.99208 2504.20868  10.3%  94.7 1009s
  1169   837 2771.34913   66   39 2790.99208 2504.39921  10.3%  93.6 1018s
  1191   835 2559.13867   13  459 2790.99208 2504.39921  10.3%  94.9 1026s
  1196   840 2558.49945   15  269 2790.99208 2504.63453  10.3%  95.3 1036s
  1206   844 2566.01123   17  340 2790.99208 2504.63453  10.3%  96.4 1059s
  1211   854 2560.72163   18  307 2790.99208 2504.63453  10.3%  96.4 1067s
  1226   859 2591.45962   26  272 2790.99208 2504.63453  10.3%  96.0 1074s
  1238   863 2596.18727   29  231 2790.99208 2504.63453  10.3%  96.4 1086s
  1255   864 infeasible   37      2790.99208 2504.63453  10.3%  95.8 1099s
  1263   861 2509.83555   23  339 2790.99208 2504.63453  10.3%  96.0 1100s
  1268   873 2725.86167   42  171 2790.99208 2505.66594  10.2%  96.7 1117s
  1290   888 2643.14760   12  503 2790.99208 2505.66594  10.2%   103 1133s
  1333   881 2512.04605   12  648 2790.99208 2505.66594  10.2%   101 1149s
  1341   891 2553.56855   13  525 2790.99208 2505.66594  10.2%   101 1162s
  1389   890 infeasible   15      2790.99208 2505.66594  10.2%   100 1170s
  1410   943 2545.57117   20  312 2790.99208 2505.66594  10.2%   100 1186s
  1487   953 2739.48693   46   60 2790.99208 2505.67875  10.2%  96.3 1206s
  1562   985 2506.87181   18  237 2790.99208 2505.82347  10.2%  94.5 1223s
  1675   976 infeasible   38      2790.99208 2505.98504  10.2%  94.2 1239s
  1733   999 2636.49363   26  107 2790.99208 2506.10002  10.2%  94.0 1256s
  1799  1030 2510.16794   19  442 2790.99208 2506.10002  10.2%  94.4 1267s
  1862  1096 2515.77990   29  405 2790.99208 2506.10002  10.2%  92.6 1282s
  1992  1055 2695.46680   38  127 2790.99208 2506.93955  10.2%  90.9 1291s
  1998  1056 2586.42060   39  367 2790.99208 2506.93955  10.2%  91.0 1299s
  2001  1058 2642.98547   39  137 2790.99208 2506.93955  10.2%  91.0 1315s
  2005  1069 2696.75206   40   74 2790.99208 2506.93955  10.2%  91.1 1334s
  2022  1083 2713.46954   47   88 2790.99208 2506.93955  10.2%  91.0 1357s
  2068  1187 2775.57423   57   64 2790.99208 2508.78093  10.1%  90.1 1385s
  2247  1128 2574.69428   26  319 2790.99208 2508.84832  10.1%  87.1 1400s
  2253  1178 2513.23065   27  330 2790.99208 2508.88921  10.1%  87.2 1426s
  2321  1356 2565.84328   19  342 2790.99208 2509.15794  10.1%  86.6 1463s
  2592  1323     cutoff   53      2790.99208 2509.17260  10.1%  82.0 1486s
  2686  1383 2745.24807   31   34 2790.99208 2509.60059  10.1%  80.3 1516s
  2864  1348 2513.27132   24  342 2790.99208 2509.78257  10.1%  79.4 1539s
  2920  1444 2621.64506   31  275 2790.99208 2509.78257  10.1%  79.5 1565s
  3068  1440 2724.58707   30  125 2790.99208 2510.15036  10.1%  77.9 1602s
  3141  1505 2696.14528   31  137 2790.99208 2510.30458  10.1%  77.3 1628s
  3275  1536 2565.89443   31  275 2790.99208 2510.37738  10.1%  76.6 1650s
  3338  1646 2760.88050   52   80 2790.99208 2510.37738  10.1%  76.6 1680s
  3518  1675 2625.35561   37  309 2790.99208 2510.64649  10.0%  76.2 1703s
  3582  1763 2593.17864   20  249 2790.99208 2510.79211  10.0%  77.1 1741s
  3734  1817 2607.63461   24  323 2790.99208 2511.04812  10.0%  76.7 1786s
  3845  1939 infeasible   22      2790.99208 2511.69754  10.0%  76.4 1831s
  4072  1965 2650.03840   37  134 2790.99208 2513.48605  9.94%  74.7 1873s
  4151  2041 2618.28161   21  477 2790.99208 2513.82908  9.93%  75.1 1909s
  4281  2268 2572.66133   25  178 2790.99208 2513.95823  9.93%  74.4 1964s
  4435  2268 2677.17957   34  235 2790.99208 2515.17524  9.88%  73.9 1965s
  4617  2411 infeasible   45      2790.99208 2515.39495  9.87%  72.9 2007s
  4846  2470 2589.32221   16  337 2790.99208 2516.56446  9.83%  71.6 2042s
  4946  2521 2595.01455   23  918 2790.99208 2516.56446  9.83%  72.5 2087s
  5032  2690 2645.90964   43  335 2790.99208 2517.68015  9.79%  72.8 2148s
  5314  2815 2547.80321   16  537 2790.99208 2518.79977  9.75%  72.0 2200s
  5533  2882 2597.51187   17  390 2790.99208 2519.70445  9.72%  71.7 2262s
  5659  2901     cutoff   28      2790.99208 2520.20657  9.70%  74.2 2332s
  5748  2951 2693.89577   32  211 2790.99208 2522.13391  9.63%  76.3 2395s
  5853  3058 2585.20564   25  279 2790.99208 2522.13391  9.63%  78.1 2462s
  6036  3198 2708.62554   36  150 2790.99208 2522.42283  9.62%  78.9 2542s
  6290  3330 2576.64903   22  271 2790.99208 2532.04978  9.28%  78.1 2620s
  6466  3506 2585.91929   29  243 2790.99208 2534.85402  9.18%  79.0 2697s
  6754  3660 2642.34445   53  114 2790.99208 2538.76780  9.04%  78.4 2769s
  6990  3753 2772.03464   39  102 2790.99208 2541.97646  8.92%  78.3 2832s
  7133  3767 2563.84084   24  274 2790.99208 2541.97646  8.92%  79.5 2883s
  7164  3843 2598.08481   18  432 2790.99208 2541.97646  8.92%  81.9 2936s
  7283  3986 2600.08578   39  454 2790.99208 2543.99226  8.85%  82.7 3089s
  7556  4051 2759.15821   23  160 2790.99208 2543.99226  8.85%  83.9 3153s
  7700  4291 2786.84634   35   44 2790.99208 2544.53358  8.83%  84.1 3264s
  8114  4388 2707.46715   22  486 2790.99208 2545.20660  8.81%  82.9 3321s
  8262  4615 2711.69559   31  539 2790.99208 2545.90077  8.78%  82.2 3413s
  8632  4701 2747.88761   43  124 2790.99208 2547.80321  8.71%  80.3 3470s
  8775  4834 2572.63677   18  398 2790.99208 2548.30329  8.70%  79.9 3532s
  9043  4973 infeasible   25      2790.99208 2548.88169  8.67%  79.0 3598s
  9286  5160 2587.26461   28  359 2790.99208 2549.04668  8.67%  77.9 3683s
  9602  5185 2638.73745   29  192 2790.99208 2549.48196  8.65%  77.1 3726s
  9635  5203 2552.61919   18  451 2790.99208 2549.48196  8.65%  77.8 3768s
  9669  5276 2708.51302   27  565 2790.99208 2549.48196  8.65%  79.2 3818s
  9783  5476 2721.94644   27  666 2790.99208 2549.92427  8.64%  79.3 3893s
 10139  5651 infeasible   58      2790.99208 2550.35080  8.62%  77.6 3968s
 10449  5847 2601.01969   18  542 2790.99208 2550.78669  8.61%  76.5 4059s
 10755  5932 2710.88032   25  947 2790.99208 2550.91111  8.60%  75.3 4100s
 10868  6074 2782.14899   52  110 2790.99208 2550.94772  8.60%  75.0 4179s
 11123  6169 2604.91538   21  975 2790.99208 2551.16702  8.59%  74.6 4235s
 11282  6348 2605.04916   24  508 2790.99208 2551.21370  8.59%  74.1 4317s
 11530  6457 2613.35682   42  453 2790.99208 2551.33235  8.59%  73.7 4371s
 11707  6627 2698.64845   46  389 2790.99208 2551.33235  8.59%  73.6 4429s
 11972  6727 2577.60351   43  259 2790.99208 2551.86901  8.57%  73.3 4478s
 12105  6899 2706.87959   40   97 2790.99208 2551.86901  8.57%  73.4 4548s
 12349  7025 2773.93788   42   97 2790.99208 2551.86901  8.57%  73.6 4600s
 12540  7351 2710.07533   44  129 2790.99208 2552.24992  8.55%  73.0 4675s
 13040  7412 2656.52916   30  152 2790.99208 2552.46308  8.55%  71.4 4713s
 13143  7416 2730.16615   39  127 2790.99208 2552.46308  8.55%  71.2 4726s
 13154  7519 2683.24513   41  159 2790.99208 2552.49119  8.55%  71.1 4766s
 13352  8121 infeasible   42      2790.99208 2552.53338  8.54%  70.6 4862s
 14225  8146 infeasible   48      2790.99208 2552.84655  8.53%  67.8 4881s
 14274  8588 2643.77071   37  277 2790.99208 2552.84655  8.53%  67.7 4970s
 14917  8589 2666.81427   42  137 2790.99208 2552.97687  8.53%  65.9 5975s
 14919  8590 2644.39916   33  465 2790.99208 2552.97687  8.53%  65.9 6013s
 14920  8591 2743.33625   47  560 2790.99208 2552.97687  8.53%  65.9 6021s
 14922  8592 2558.81038   26  243 2790.99208 2552.97687  8.53%  65.9 6026s
 14924  8594 2670.08204   36  546 2790.99208 2552.97687  8.53%  65.9 6032s
 14925  8594 2786.42463   45  458 2790.99208 2552.97687  8.53%  65.9 6038s
 14926  8595 2605.01919   48  403 2790.99208 2552.97687  8.53%  65.9 6042s
 14927  8596 2770.26474   53  650 2790.99208 2552.97687  8.53%  65.9 6048s
 14928  8596 2691.13369   51  633 2790.99208 2552.97687  8.53%  65.9 6052s
 14929  8597 2638.03040   65  657 2790.99208 2552.97687  8.53%  65.9 6057s
 14930  8598 2622.76523   29  697 2790.99208 2552.97687  8.53%  65.8 6061s
 14931  8598 2718.91242   37  636 2790.99208 2552.97687  8.53%  65.8 6069s
 14932  8599 2659.87656   55  687 2790.99208 2552.97687  8.53%  65.8 6074s
 14933  8600 2780.33103   43  702 2790.99208 2552.97687  8.53%  65.8 6077s
 14934  8600 2658.04387   36  798 2790.99208 2552.97687  8.53%  65.8 6084s
 14935  8601 2649.45115   45  703 2790.99208 2552.97687  8.53%  65.8 6087s
 14936  8602 2708.50716   36  753 2790.99208 2552.97687  8.53%  65.8 6090s
 14938  8603 2599.58113   40  719 2790.99208 2552.97687  8.53%  65.8 6096s
 14940  8604 2693.27689   44  736 2790.99208 2552.97687  8.53%  65.8 6100s
 14943  8606 2690.76724   40  775 2790.99208 2552.97687  8.53%  65.8 6107s
 14945  8608 2780.02309   67  773 2790.99208 2552.97687  8.53%  65.8 6111s
 14947  8609 2749.89072   48  754 2790.99208 2552.97687  8.53%  65.8 6116s
 14949  8610 2741.42601   44  767 2790.99208 2552.97687  8.53%  65.8 6120s
 14952  8612 2599.04966   38  769 2790.99208 2552.97687  8.53%  65.7 6128s
 14953  8613 2569.02183   36  759 2790.99208 2552.97687  8.53%  65.7 6134s
 14954  8614 2726.05868   34  767 2790.99208 2552.97687  8.53%  65.7 6136s
 14956  8615 2775.75084   42  775 2790.99208 2552.97687  8.53%  65.7 6140s
 14959  8617 2606.44192   30  775 2790.99208 2552.97687  8.53%  65.7 6147s
 14961  8618 2773.15214   47  765 2790.99208 2552.97687  8.53%  65.7 6178s
 14962  8619 2712.99808   63  765 2790.99208 2552.97687  8.53%  65.7 6183s
 14963  8620 2781.56934   33  758 2790.99208 2552.97687  8.53%  65.7 6185s
 14966  8622 2572.99779   34  772 2790.99208 2552.97687  8.53%  65.7 6190s
 14967  8622 2564.75267   30  774 2790.99208 2552.97687  8.53%  65.7 6218s
 14968  8623 2639.19274   33  779 2790.99208 2552.97687  8.53%  65.7 6223s
 14969  8624 2596.20966   41  778 2790.99208 2552.97687  8.53%  65.7 6225s
 14970  8624 2637.23431   30  779 2790.99208 2552.97687  8.53%  65.7 6255s
 14972  8626 2777.93084   54  786 2790.99208 2552.97687  8.53%  65.7 6291s
 14973  8626 2658.77306   47  773 2790.99208 2552.97687  8.53%  65.7 6299s
 14974  8627 2642.12163   51  780 2790.99208 2552.97687  8.53%  65.7 6302s
 14976  8628 2681.51474   29  775 2790.99208 2552.97687  8.53%  65.6 6306s
 14977  8629 2642.90858   39  778 2790.99208 2552.97687  8.53%  65.6 6349s
 14978  8630 2628.82935   33 1258 2790.99208 2552.97687  8.53%  65.6 6360s
 14980  8631 2780.91336   48 1291 2790.99208 2552.97687  8.53%  65.6 6366s
 14981  8632 2725.26298   33 1287 2790.99208 2552.97687  8.53%  65.6 6405s
 14982  8632 2595.35602   34 1263 2790.99208 2552.97687  8.53%  65.6 6412s
 14983  8633 2644.83314   40 1239 2790.99208 2552.97687  8.53%  65.6 6415s
 14985  8634 2556.84106   29 1251 2790.99208 2552.97687  8.53%  65.6 6464s
 14986  8635 2782.24909   32 1252 2790.99208 2552.97687  8.53%  65.6 6471s
 14988  8636 2730.40350   62  756 2790.99208 2552.97687  8.53%  65.6 6475s
 14989  8637 2671.67915   37  757 2790.99208 2552.97687  8.53%  65.6 6510s
 14990  8638 2697.02207   44  760 2790.99208 2552.97687  8.53%  65.6 6515s
 14991  8638 2561.37416   30  760 2790.99208 2552.97687  8.53%  65.6 6550s
 14992  8639 2673.96215   32  760 2790.99208 2552.97687  8.53%  65.6 6555s
 14994  8640 2652.60689   38 1243 2790.99208 2552.97687  8.53%  65.6 6560s
 14997  8642 2734.85464   54 1251 2790.99208 2552.97687  8.53%  65.6 6603s
 14998  8643 2666.76367   23 1255 2790.99208 2552.97687  8.53%  65.5 6610s
 14999  8644 2767.76853   47 1246 2790.99208 2552.97687  8.53%  65.5 6652s
 15000  8644 2655.67202   39 1262 2790.99208 2552.97687  8.53%  65.5 6658s
 15001  8645 2707.72182   44 1262 2790.99208 2552.97687  8.53%  65.5 6704s
 15002  8646 2735.18088   45 1263 2790.99208 2552.97687  8.53%  65.5 6708s
 15003  8646 2774.91324   50 1263 2790.99208 2552.97687  8.53%  65.5 6742s
 15004  8647 2748.52959   40 1263 2790.99208 2552.97687  8.53%  65.5 6787s
 15005  8648 2709.65566   34  711 2790.99208 2552.97687  8.53%  65.5 6838s
 15006  8648 2779.11533   45  730 2790.99208 2552.97687  8.53%  65.5 6842s
 15008  8650 2730.40350   62  735 2790.99208 2552.97687  8.53%  65.5 6888s
 15009  8650 2782.17007   46  729 2790.99208 2552.97687  8.53%  65.5 6894s
 15010  8651 2691.82787   39  715 2790.99208 2552.97687  8.53%  65.5 6895s
 15012  8652 2624.01743   39  718 2790.99208 2552.97687  8.53%  65.5 6933s
 15013  8653 2737.13148   42  719 2790.99208 2552.97687  8.53%  65.5 6945s
 15014  8654 2639.00684   30  719 2790.99208 2552.97687  8.53%  65.5 6977s
 15015  8654 2689.03500   41  722 2790.99208 2552.97687  8.53%  65.5 6982s
 15016  8655 2729.03456   41  722 2790.99208 2552.97687  8.53%  65.5 7020s
 15017  8656 2666.81427   42  746 2790.99208 2552.97687  8.53%  65.5 7025s
 15018  8656 2722.29820   37  751 2790.99208 2552.97687  8.53%  65.5 7061s
 15019  8657 2644.39916   33  739 2790.99208 2552.97687  8.53%  65.5 7068s
 15020  8658 2743.33625   47  744 2790.99208 2552.97687  8.53%  65.5 7101s
 15021  8658 2757.26906   41  746 2790.99208 2552.97687  8.53%  65.4 7105s
 15022  8659 2558.81038   26  745 2790.99208 2552.97687  8.53%  65.4 7144s
 15023  8660 2626.99139   45  748 2790.99208 2552.97687  8.53%  65.4 7149s
 15024  8660 2670.08204   36  749 2790.99208 2552.97687  8.53%  65.4 7150s
 15025  8661 2786.42463   45  749 2790.99208 2552.97687  8.53%  65.4 7183s
 15026  8662 2605.01919   48  749 2790.99208 2552.97687  8.53%  65.4 7315s
 15027  8662 2770.26474   53  747 2790.99208 2552.97687  8.53%  65.4 7323s
 15028  8663 2691.13369   51  747 2790.99208 2552.97687  8.53%  65.4 7356s
 15029  8664 2638.03040   65  694 2790.99208 2552.97687  8.53%  65.4 7399s
 15030  8664 2622.76523   29  694 2790.99208 2552.97687  8.53%  65.4 7422s
 15031  8668 2552.97687   19 1142 2790.99208 2552.97687  8.53%  67.8 7447s
 15033  8669 2552.97687   20 1172 2790.99208 2552.97687  8.53%  67.8 7461s
 15035  8673 2552.97687   21  588 2790.99208 2552.97687  8.53%  67.9 7474s
 15039  8674 2552.97687   22 1067 2790.99208 2552.97687  8.53%  68.1 7491s
 15042  8676 2552.97687   23  581 2790.99208 2552.97687  8.53%  68.2 7502s
 15045  8680 2552.97687   24  573 2790.99208 2552.97687  8.53%  68.4 7518s
 15050  8682 2552.97687   25  589 2790.99208 2552.97687  8.53%  68.7 7528s
 15053  8685 2552.97687   26  337 2790.99208 2552.97687  8.53%  68.8 7540s
 15058  8686 2552.97687   27 1133 2790.99208 2552.97687  8.53%  69.0 7552s
 15061  8689 2552.97687   28  321 2790.99208 2552.97687  8.53%  69.1 7569s
 15065  8691 2552.97687   29  321 2790.99208 2552.97687  8.53%  69.4 7579s
 15069  8693 2628.23475   30  117 2790.99208 2552.97687  8.53%  69.6 7594s
 15074  8697 2552.97687   32  299 2790.99208 2552.97687  8.53%  69.7 7678s
 15079  8697 2552.97687   33  306 2790.99208 2552.97687  8.53%  70.0 7688s
 15081  8698 2636.36930   33  111 2790.99208 2552.97687  8.53%  70.1 7744s
 15083  8704 2552.97687   34  295 2790.99208 2552.97687  8.53%  70.1 7753s
 15089  8708 2552.97687   35  286 2790.99208 2552.97687  8.53%  70.1 7773s
 15099  8709 2552.97687   37  289 2790.99208 2552.97687  8.53%  70.2 7793s
 15111  8713 2647.20709   39   99 2790.99208 2552.97687  8.53%  70.4 7836s
 15120  8713 2647.20798   40   83 2790.99208 2552.97687  8.53%  70.4 7865s
 15134  8715 2647.39171   43   92 2790.99208 2552.97687  8.53%  70.6 7880s
 15143  8720 2647.48146   44   92 2790.99208 2552.97687  8.53%  70.8 7898s
 15154  8728 2647.48767   45  104 2790.99208 2552.97687  8.53%  71.0 7912s
 15175  8720 2702.26698   47   52 2790.99208 2552.97687  8.53%  71.1 7943s
 15198  8713 infeasible   56      2790.99208 2552.97687  8.53%  71.2 8002s
 15204  8721 2552.97687   21  677 2790.99208 2552.97687  8.53%  71.4 8020s
 15219  8722 2552.97687   22  643 2790.99208 2552.97687  8.53%  71.6 8041s
 15225  8726 2552.97687   23  382 2790.99208 2552.97687  8.53%  71.7 8074s
 15235  8729 2552.97687   24  644 2790.99208 2552.97687  8.53%  71.7 8101s
 15245  8730 2552.97687   26  581 2790.99208 2552.97687  8.53%  71.9 8125s
 15259  8730 2552.97687   28  580 2790.99208 2552.97687  8.53%  72.1 8141s
 15264  8735 2552.97687   29  618 2790.99208 2552.97687  8.53%  72.1 8161s
 15286  8734 2552.97687   30  631 2790.99208 2552.97687  8.53%  72.2 8198s
 15292  8739 2552.97687   31  662 2790.99208 2552.97687  8.53%  72.5 8213s
 15301  8744 infeasible   33      2790.99208 2552.97687  8.53%  72.8 8240s
 15311  8750 2555.96994   35  328 2790.99208 2552.97687  8.53%  72.8 8261s
 15320  8761 2555.97723   36  328 2790.99208 2552.97687  8.53%  72.8 8291s
 15335  8768 2674.69386   40  241 2790.99208 2552.97687  8.53%  72.9 8318s
 15359  8776 2727.18973   45  208 2790.99208 2552.97687  8.53%  72.9 8350s
 15395  8773 infeasible   52      2790.99208 2552.97687  8.53%  72.9 8379s
 15406  8777 2552.97687   24  478 2790.99208 2552.97687  8.53%  73.4 8410s
 15414  8784 2555.46867   26  465 2790.99208 2552.97687  8.53%  73.7 8442s
 15424  8790 2566.48879   29  337 2790.99208 2552.97687  8.53%  73.9 8467s
 15433  8804 2620.07296   31  388 2790.99208 2552.97687  8.53%  74.0 8483s
 15478  8804 2572.65592   37  308 2790.99208 2552.97687  8.53%  73.9 8495s
 15504  8816 infeasible   45      2790.99208 2552.97687  8.53%  73.8 8523s
 15545  8828 2552.97687   28  624 2790.99208 2552.97687  8.53%  73.9 8566s
 15571  8825 2552.97687   29  463 2790.99208 2552.97687  8.53%  73.9 8602s
 15585  8832 infeasible   33      2790.99208 2552.97687  8.53%  74.0 8652s
 15610  8830 2742.53622   34  311 2790.99208 2552.97687  8.53%  74.0 8688s
 15627  8826 infeasible   45      2790.99208 2552.97687  8.53%  74.2 8776s
 15633  8843 2579.93816   29  360 2790.99208 2552.97687  8.53%  74.4 8841s
 15655  8857 2674.99144   38  185 2790.99208 2552.97687  8.53%  74.4 8921s
 15693  8858 2617.75355   30  235 2790.99208 2552.97687  8.53%  74.3 8991s
 15720  8879 2611.76488   33  202 2790.99208 2552.97687  8.53%  74.3 9029s
 15811  8855 2784.78101   90   30 2790.99208 2552.97687  8.53%  74.1 9081s
 15856  8881 2552.97687   32  254 2790.99208 2552.97687  8.53%  74.1 9141s
 15904  8888 2693.07969   46  106 2790.99208 2552.97687  8.53%  74.1 9342s
 15966  8926 2552.97687   29  206 2790.99208 2552.97687  8.53%  74.0 9661s
 16048  8937 2552.97687   29  240 2790.99208 2552.97687  8.53%  74.1 9718s
 16103  8953 2672.35744   34  156 2790.99208 2552.97687  8.53%  74.4 9800s
 16147  9003     cutoff   51      2790.99208 2552.97687  8.53%  74.5 9885s
 16238  9029     cutoff   57      2790.99208 2552.97687  8.53%  74.5 9950s
 16347  9020 2594.47911   44  228 2790.99208 2552.97687  8.53%  74.3 10027s
 16415  9035 2626.25831   36  158 2790.99208 2552.97687  8.53%  74.7 10094s
 16469  9060 2685.67923   39  227 2790.99208 2552.97687  8.53%  74.8 10188s
 16561  9095 2573.77039   31  394 2790.99208 2552.97687  8.53%  75.3 10257s
 16685  9139 2563.11256   26  534 2790.99208 2552.97687  8.53%  75.3 10374s
 16815  9149 2677.40477   40  422 2790.99208 2552.97687  8.53%  75.6 10469s
 16930  9177 2581.28579   44  280 2790.99208 2552.97687  8.53%  75.6 10542s
 17045  9156 2601.00619   43 1024 2790.99208 2552.97687  8.53%  76.0 10604s
 17068  9198 2602.43720   51  501 2790.99208 2552.97687  8.53%  76.6 10696s
 17249  9241 2612.30629   50  281 2790.99208 2552.97687  8.53%  76.9 10805s
 17423  9229 2714.75956   40   97 2790.99208 2552.97687  8.53%  77.0 10876s
 17510  9279 2725.31140   28  362 2790.99208 2552.97687  8.53%  77.9 10960s
 17688  9400 2746.57597   70   44 2790.99208 2552.97687  8.53%  78.0 11090s
 18079  9303 2552.97687   26  327 2790.99208 2552.97687  8.53%  77.4 11165s
 18117  9485 2663.80834   44  193 2790.99208 2552.97687  8.53%  78.1 11282s
 18489  9456 2767.23285   29  119 2790.99208 2552.97687  8.53%  78.2 11372s
 18667  9458 2644.95049   27  546 2790.99208 2552.97687  8.53%  79.0 11487s
 18751  9438 2669.16830   60  256 2790.99208 2552.97687  8.53%  79.7 11626s
 18778  9455 2696.24869   26  479 2790.99208 2552.97687  8.53%  80.7 11755s
 18933  9497 2713.52764   34  403 2790.99208 2552.97687  8.53%  80.8 11850s
 19078  9519 2656.14584   42  387 2790.99208 2552.97687  8.53%  81.7 11955s
 19169  9579 2668.54588   32  450 2790.99208 2552.97687  8.53%  82.0 12048s
 19313  9621 infeasible   37      2790.99208 2552.97687  8.53%  83.6 12171s
 19473  9667 2712.86735   30  697 2790.99208 2552.97687  8.53%  84.4 12250s
 19638  9698 2757.18215   75  130 2790.99208 2552.97687  8.53%  85.2 12362s
 19769  9756 2559.83545   35  358 2790.99208 2552.97687  8.53%  86.0 12482s
 20056  9836 infeasible   42      2790.99208 2552.97687  8.53%  87.6 12626s
 20361  9991 2552.97687   23  402 2790.99208 2552.97687  8.53%  88.5 12791s
 20722  9993 2596.85813   43  261 2790.99208 2552.97687  8.53%  89.6 12915s
 20897 10216 2643.40688   27  173 2790.99208 2552.97687  8.53%  90.1 13072s
 21374 10151 2688.93142   46  504 2790.99208 2552.97687  8.53%  90.4 13208s
 21542 10316 2767.16623   63    4 2790.99208 2552.97687  8.53%  90.6 13356s
 21860 10359 2626.39836   52  303 2790.99208 2552.97687  8.53%  91.1 13515s
 22132 10468 2554.31404   30  906 2790.99208 2552.97687  8.53%  91.6 13765s
 22501 10354 2622.51461   39  604 2790.99208 2552.97687  8.53%  92.7 13800s

Cutting planes:
  Learned: 1
  Gomory: 7
  Cover: 206
  Implied bound: 406
  Projected implied bound: 4
  Clique: 14
  MIR: 190
  Mixing: 8
  Knapsack: 3
  StrongCG: 41
  Flow cover: 152
  GUB cover: 76
  Inf proof: 5
  Zero half: 16
  RLT: 19
  Relax-and-lift: 40
  BQP: 1

Explored 22512 nodes (2163886 simplex iterations) in 13800.23 seconds (1641.95 work units)
Thread count was 2 (of 46 available processors)

Solution count 10: 2790.99 2792 2792.07 ... 2793.39

Time limit reached
Best objective 2.790992075767e+03, best bound 2.552976867468e+03, gap 8.5280%
