
Gurobi 13.0.2 (linux64) logging started Wed Aug 12 03:54:06 2026

Set parameter LogFile to value "/home/23037696r/Documents/research/or_benchmark/wp/results/inactive_0.2/j40/logs/gurobi/j400302_6.log"
Set parameter NumericFocus to value 1
Gurobi Optimizer version 13.0.2 build v13.0.2rc1 (linux64 - "Ubuntu 22.04.3 LTS")

CPU model: Intel Xeon Processor (Cascadelake), instruction set [SSE2|AVX|AVX2|AVX512]
Thread count: 46 physical cores, 46 logical processors, using up to 4 threads

Non-default parameters:
TimeLimit  13800
MIPGap  1e-06
NumericFocus  1
Threads  4

Optimize a model with 76739 rows, 16642 columns and 259353 nonzeros (Min)
Model fingerprint: 0x0cde7c9d
Model has 10904 linear objective coefficients and an objective constant of 8.2350577284300437e+02
Variable types: 2560 continuous, 14082 integer (13882 binary)
Coefficient statistics:
  Matrix range     [1e+00, 2e+02]
  Objective range  [1e-02, 1e+03]
  Bounds range     [1e+00, 2e+02]
  RHS range        [1e+00, 2e+02]

Presolve removed 47182 rows and 4758 columns (presolve time = 5s)...
Presolve removed 49188 rows and 5127 columns (presolve time = 10s)...
Presolve removed 49367 rows and 5753 columns (presolve time = 15s)...
Presolve removed 49822 rows and 5787 columns (presolve time = 20s)...
Presolve removed 54799 rows and 6246 columns (presolve time = 26s)...
Presolve removed 54851 rows and 6276 columns (presolve time = 30s)...
Presolve removed 54851 rows and 6276 columns (presolve time = 36s)...
Presolve removed 54851 rows and 6276 columns (presolve time = 40s)...
Presolve removed 54851 rows and 7412 columns (presolve time = 45s)...
Presolve removed 54851 rows and 7412 columns (presolve time = 50s)...
Presolve removed 54851 rows and 7412 columns (presolve time = 56s)...
Presolve removed 55613 rows and 7829 columns (presolve time = 62s)...
Presolve removed 55616 rows and 7832 columns (presolve time = 65s)...
Presolve removed 56213 rows and 7857 columns (presolve time = 70s)...
Presolve removed 56279 rows and 7857 columns (presolve time = 76s)...
Presolve removed 56279 rows and 7857 columns (presolve time = 83s)...
Presolve removed 56279 rows and 7857 columns (presolve time = 86s)...
Presolve removed 56281 rows and 7857 columns (presolve time = 93s)...
Presolve removed 56281 rows and 7857 columns (presolve time = 95s)...
Presolve removed 56278 rows and 7854 columns
Presolve time: 97.67s
Presolved: 20461 rows, 8788 columns, 128755 nonzeros
Variable types: 0 continuous, 8788 integer (6594 binary)
Found heuristic solution: objective 3846.4870933

Root simplex log...

Iteration    Objective       Primal Inf.    Dual Inf.      Time
       0    9.7798335e+02   3.388750e+02   0.000000e+00    107s
     616    1.2511678e+03   1.960171e+03   0.000000e+00    111s
    1134    1.4740767e+03   1.046858e+04   0.000000e+00    116s
    1662    1.5540286e+03   1.954652e+04   0.000000e+00    120s
    2278    1.8033841e+03   1.551285e+03   0.000000e+00    126s
    2718    1.9480240e+03   1.184304e+03   0.000000e+00    131s
    3070    2.0209879e+03   1.171881e+03   0.000000e+00    135s
    3422    2.0871190e+03   6.025460e+03   0.000000e+00    141s
    3862    2.1562535e+03   1.127898e+04   0.000000e+00    146s
    4478    2.1918428e+03   3.442713e+00   0.000000e+00    151s
    4513    2.1918421e+03   0.000000e+00   0.000000e+00    152s

Root relaxation: objective 2.191842e+03, 4513 iterations, 46.60 seconds (0.48 work units)

    Nodes    |    Current Node    |     Objective Bounds      |     Work
 Expl Unexpl |  Obj  Depth IntInf | Incumbent    BestBd   Gap | It/Node Time

     0     0 2191.84209    0   72 3846.48709 2191.84209  43.0%     -  168s
H    0     0                    3846.2373744 2191.84209  43.0%     -  184s
     0     0 2201.39051    0  146 3846.23737 2201.39051  42.8%     -  213s
     0     0 2201.69875    0  128 3846.23737 2201.69875  42.8%     -  216s
H    0     0                    3840.3252003 2202.12990  42.7%     -  222s
     0     0 2202.12990    0  144 3840.32520 2202.12990  42.7%     -  230s
     0     0 2202.12990    0  145 3840.32520 2202.12990  42.7%     -  233s
     0     0 2202.32425    0  151 3840.32520 2202.32425  42.7%     -  265s
     0     0 2203.26508    0  153 3840.32520 2203.26508  42.6%     -  278s
H    0     0                    3840.0263230 2203.27622  42.6%     -  282s
     0     0 2203.27622    0  170 3840.02632 2203.27622  42.6%     -  283s
     0     0 2203.27622    0  171 3840.02632 2203.27622  42.6%     -  288s
     0     0 2210.41403    0  291 3840.02632 2210.41403  42.4%     -  320s
     0     0 2210.56161    0  355 3840.02632 2210.56161  42.4%     -  331s
     0     0 2210.62693    0  281 3840.02632 2210.62693  42.4%     -  341s
H    0     0                    3839.3548569 2218.11897  42.2%     -  410s
H    0     0                    3829.5316089 2218.11897  42.1%     -  410s
H    0     0                    3828.2783212 2218.11897  42.1%     -  410s
H    0     0                    3826.9283557 2218.11897  42.0%     -  411s
H    0     0                    3824.8632347 2218.11897  42.0%     -  411s
H    0     0                    3820.0352608 2218.11897  41.9%     -  411s
     0     0 2218.11897    0  358 3820.03526 2218.11897  41.9%     -  484s
     0     0 2218.27042    0  263 3820.03526 2218.27042  41.9%     -  523s
     0     0 2218.27042    0  193 3820.03526 2218.27042  41.9%     -  581s
H    0     0                    3817.5749456 2218.27042  41.9%     -  594s
H    0     0                    3764.7716700 2218.27042  41.1%     -  595s
H    0     0                    3763.0254904 2218.27042  41.1%     -  595s
H    0     0                    3762.9028389 2218.27042  41.0%     -  595s
H    0     0                    3762.4560338 2218.27042  41.0%     -  595s
     0     0 2218.29612    0  134 3762.45603 2218.29612  41.0%     -  640s
     0     0 2218.39622    0  132 3762.45603 2218.39622  41.0%     -  661s
     0     0 2218.39622    0  143 3762.45603 2218.39622  41.0%     -  666s
H    0     0                    3659.1761096 2218.39622  39.4%     -  678s
H    0     0                    3656.3589777 2218.39622  39.3%     -  678s
H    0     0                    3656.2363262 2218.39622  39.3%     -  679s
H    0     0                    3655.7895211 2218.39622  39.3%     -  679s
H    0     0                    3655.7647358 2218.39622  39.3%     -  679s
H    0     0                    3655.7397951 2218.39622  39.3%     -  679s
H    0     0                    3654.7673141 2218.39622  39.3%     -  680s
     0     0 2218.55701    0  316 3654.76731 2218.55701  39.3%     -  722s
H    0     0                    3553.8768555 2218.64944  37.6%     -  748s
H    0     0                    3553.2811898 2218.64944  37.6%     -  748s
H    0     0                    3552.9347588 2218.64944  37.6%     -  748s
     0     0 2218.64944    0  347 3552.93476 2218.64944  37.6%     -  772s
H    0     0                    3552.7858795 2218.95783  37.5%     -  787s
H    0     0                    3547.6384851 2218.95783  37.5%     -  787s
     0     0 2218.95783    0  377 3547.63849 2218.95783  37.5%     -  798s
H    0     0                    3547.6332190 2219.15340  37.4%     -  807s
     0     0 2219.15340    0  393 3547.63322 2219.15340  37.4%     -  810s
     0     0 2219.18701    0  132 3547.63322 2219.18701  37.4%     -  817s
     0     0 2219.19974    0  131 3547.63322 2219.19974  37.4%     -  823s
     0     0 2219.20402    0  392 3547.63322 2219.20402  37.4%     -  833s
     0     0 2219.20476    0  129 3547.63322 2219.20476  37.4%     -  836s
     0     0 2219.38204    0  384 3547.63322 2219.38204  37.4%     -  864s
     0     0 2219.42054    0  357 3547.63322 2219.42054  37.4%     -  885s
     0     0 2219.46673    0  297 3547.63322 2219.46673  37.4%     -  894s
     0     0 2219.50011    0  322 3547.63322 2219.50011  37.4%     -  912s
     0     0 2219.50011    0  319 3547.63322 2219.50011  37.4%     -  918s
     0     0 2220.30921    0  452 3547.63322 2220.30921  37.4%     -  959s
     0     0 2221.07363    0  399 3547.63322 2221.07363  37.4%     - 1000s
H    0     0                    2386.8076527 2221.19235  6.94%     - 1018s
     0     0 2221.19235    0  333 2386.80765 2221.19235  6.94%     - 1020s
     0     0 2221.21445    0  340 2386.80765 2221.21445  6.94%     - 1029s
     0     0 2221.21523    0  329 2386.80765 2221.21523  6.94%     - 1034s
H    0     0                    2386.2187978 2221.21523  6.91%     - 1044s
     0     0 2221.75096    0  247 2386.21880 2221.75096  6.89%     - 1057s
     0     0 2222.13585    0  437 2386.21880 2222.13585  6.88%     - 1082s
     0     0 2222.14515    0  440 2386.21880 2222.14515  6.88%     - 1090s
     0     0 2222.14515    0  434 2386.21880 2222.14515  6.88%     - 1095s
H    0     0                    2380.6684884 2222.14515  6.66%     - 1119s
     0     0 2222.49520    0  247 2380.66849 2222.49520  6.64%     - 1141s
H    0     0                    2377.1373479 2222.57362  6.50%     - 1151s
     0     0 2222.57362    0  251 2377.13735 2222.57362  6.50%     - 1165s
     0     0 2222.57362    0  242 2377.13735 2222.57362  6.50%     - 1175s
     0     0 2222.57362    0  244 2377.13735 2222.57362  6.50%     - 1181s
     0     0 2222.90142    0  381 2377.13735 2222.90142  6.49%     - 1221s
H    0     0                    2368.3769772 2222.90149  6.14%     - 1230s
H    0     0                    2368.1227648 2222.90149  6.13%     - 1231s
     0     0 2223.05400    0  387 2368.12276 2223.05400  6.13%     - 1243s
     0     0 2223.07590    0  401 2368.12276 2223.07590  6.12%     - 1252s
     0     0 2223.10153    0  392 2368.12276 2223.10153  6.12%     - 1263s
     0     0 2223.10336    0  397 2368.12276 2223.10336  6.12%     - 1270s
     0     0 2223.13034    0  397 2368.12276 2223.13034  6.12%     - 1292s
     0     0 2223.22291    0  407 2368.12276 2223.22291  6.12%     - 1306s
     0     0 2223.22297    0  407 2368.12276 2223.22297  6.12%     - 1312s
     0     0 2223.25650    0  413 2368.12276 2223.25650  6.12%     - 1360s
H    0     0                    2367.0667937 2223.30866  6.07%     - 1370s
     0     0 2223.30866    0  415 2367.06679 2223.30866  6.07%     - 1380s
     0     0 2223.69146    0  410 2367.06679 2223.69146  6.06%     - 1434s
     0     0 2223.74114    0  412 2367.06679 2223.74114  6.05%     - 1458s
     0     0 2223.74114    0  407 2367.06679 2223.74114  6.05%     - 1463s
     0     0 2223.74211    0  411 2367.06679 2223.74211  6.05%     - 1483s
     0     0 2223.74231    0  413 2367.06679 2223.74231  6.05%     - 1496s
     0     0 2223.75812    0  412 2367.06679 2223.75812  6.05%     - 1523s
     0     0 2224.00671    0  412 2367.06679 2224.00671  6.04%     - 1542s
     0     0 2224.00671    0  388 2367.06679 2224.00671  6.04%     - 1566s
     0     2 2224.01708    0  378 2367.06679 2224.01708  6.04%     - 1604s
     1     4 2228.49598    1  388 2367.06679 2224.01708  6.04%  1017 1644s
     3     8 2246.95657    2  158 2367.06679 2228.92353  5.84%  1716 1693s
     7    12 2248.11326    3  159 2367.06679 2247.04157  5.07%  1153 1717s
    11    18 2248.26908    4  425 2367.06679 2247.04157  5.07%   978 1743s
    18    27 2249.38323    5  391 2367.06679 2247.04157  5.07%   765 1773s
    33    43 2253.79143    5  380 2367.06679 2247.04157  5.07%   588 1798s
    49    48 2263.04476    6  277 2367.06679 2247.04157  5.07%   465 1823s
    60    56 2249.38323    6  389 2367.06679 2247.04157  5.07%   423 1847s
    72    58 infeasible    7      2367.06679 2247.04157  5.07%   419 1876s
    85    65 2299.85398    9  146 2367.06679 2247.04157  5.07%   386 1888s
    97    71 2301.45754   11  122 2367.06679 2247.04157  5.07%   353 1898s
   108    81 2303.50092   13  162 2367.06679 2247.04157  5.07%   325 1908s
   120    82 2308.16727   14  139 2367.06679 2247.04157  5.07%   309 1920s
   133    83 infeasible   15      2367.06679 2247.04157  5.07%   288 1958s
   142    89 2351.62469   16  158 2367.06679 2247.70848  5.04%   294 1977s
   152    97 2353.58277   17  152 2367.06679 2247.70848  5.04%   290 1993s
   168   106 2356.53530   18  135 2367.06679 2247.70848  5.04%   272 2004s
   177   110 2356.81754   19  127 2367.06679 2247.70848  5.04%   261 2013s
   181   120 infeasible   20      2367.06679 2247.70848  5.04%   259 2027s
   195   128 infeasible   21      2367.06679 2248.12265  5.02%   246 2048s
   223   141 2251.20952    5  137 2367.06679 2248.12265  5.02%   225 2069s
   248   168 2301.95944    7  114 2367.06679 2248.12265  5.02%   215 2087s
   278   195 2303.71249   14  105 2367.06679 2248.12265  5.02%   200 2102s
   317   211 2304.41903   26  100 2367.06679 2248.12265  5.02%   182 2119s
   344   241 2318.60587   36   47 2367.06679 2248.12265  5.02%   174 2137s
   379   276 2318.71938   50   57 2367.06679 2248.12265  5.02%   165 2149s
   414   307 2319.36776   67   57 2367.06679 2248.12265  5.02%   156 2163s
   463   340 2320.41915   83   53 2367.06679 2248.12265  5.02%   143 2183s
   516   385 2320.48687   98   53 2367.06679 2248.12265  5.02%   130 2196s
   571   425 2321.57280  111   60 2367.06679 2248.12265  5.02%   120 2214s
   635   432     cutoff  123      2367.06679 2248.12265  5.02%   110 2246s
   670   467 2272.23816   10   55 2367.06679 2251.15145  4.90%   108 2273s
   722   513 2272.59676   27   51 2367.06679 2251.15145  4.90%   104 2314s
   784   536 infeasible   34      2367.06679 2253.42034  4.80%   102 2336s
   823   552 2267.23721    5  242 2367.06679 2253.42034  4.80%   100 2353s
   849   569 infeasible    6      2367.06679 2253.42034  4.80%  98.8 2373s
   881   572 2299.90100    7  104 2367.06679 2253.42034  4.80%   101 2395s
   923   593 2304.29476    9  118 2367.06679 2253.42034  4.80%   102 2417s
   958   601 2354.66168   17   53 2367.06679 2253.45261  4.80%   102 2441s
  1020   635 infeasible   22      2367.06679 2254.82443  4.74%  98.2 2466s
  1097   655 2319.40339    6  176 2367.06679 2266.00429  4.27%  95.5 2492s
  1170   675 infeasible    7      2367.06679 2266.00429  4.27%  91.0 2523s
  1244   681 infeasible    9      2367.06679 2266.36576  4.25%  87.8 2562s
  1331   710 infeasible    8      2367.06679 2266.36576  4.25%  84.1 2597s
  1415   714 infeasible    8      2367.06679 2267.46064  4.21%  80.9 2625s
  1475   726 2328.94052   21    6 2367.06679 2267.46064  4.21%  78.5 2646s
  1539   746 2269.65970   49   51 2367.06679 2267.46495  4.21%  76.3 2679s
  1665   766 infeasible   13      2367.06679 2268.18709  4.18%  72.4 2717s
  1791   795 2296.69340   23   27 2367.06679 2268.37932  4.17%  68.4 2754s
  1915   822 2336.49548   32   11 2367.06679 2268.85669  4.15%  65.2 2792s
  2056   844 infeasible   27      2367.06679 2268.98342  4.14%  61.9 2825s
  2146   881 infeasible   22      2367.06679 2269.01001  4.14%  60.2 2876s
  2285   903 2348.50015   27   40 2367.06679 2269.29174  4.13%  57.8 2922s
  2430   920 2336.17007   43   13 2367.06679 2269.45976  4.12%  55.5 2976s
  2580   930 infeasible   54      2367.06679 2269.90459  4.10%  53.3 3032s
  2736   963 2332.78759   24   22 2367.06679 2270.61401  4.07%  51.5 3092s
  2901   964 2306.29235   13  388 2367.06679 2270.97723  4.06%  49.6 3769s
  2903   965 2301.56011    8  107 2367.06679 2270.97723  4.06%  49.6 4071s
  2904   966 2340.15947   61  227 2367.06679 2270.97723  4.06%  49.6 4353s
  2905   967 2354.78471    7  224 2367.06679 2270.97723  4.06%  49.6 4474s
  2906   967 2275.94097   24  225 2367.06679 2270.97723  4.06%  49.6 4619s
  2907   968 2279.47076   23  231 2367.06679 2270.97723  4.06%  49.5 4662s
  2908   969 2297.67751   60  226 2367.06679 2270.97723  4.06%  49.5 4701s
  2909   969 2338.88726   18  244 2367.06679 2270.97723  4.06%  49.5 4827s
  2910   970 2271.88262   24  286 2367.06679 2270.97723  4.06%  49.5 5005s
  2911   971 2358.19073   25  283 2367.06679 2270.97723  4.06%  49.5 5076s
  2912   971 2332.93007   56  276 2367.06679 2270.97723  4.06%  49.5 5159s
  2913   972 2358.85240   78  289 2367.06679 2270.97723  4.06%  49.4 5258s
  2914   973 2354.03671   11  303 2367.06679 2270.97723  4.06%  49.4 5356s
  2915   973 2301.56277    9  312 2367.06679 2270.97723  4.06%  49.4 5407s
  2916   974 2292.43459   25  321 2367.06679 2270.97723  4.06%  49.4 5503s
  2917   975 2320.47277   92  314 2367.06679 2270.97723  4.06%  49.4 5603s
  2918   975 2320.71770   99  314 2367.06679 2270.97723  4.06%  49.4 5645s
  2919   976 2272.67700   10  314 2367.06679 2270.97723  4.06%  49.3 5697s
  2920   980 2270.97723   15  313 2367.06679 2270.97723  4.06%  58.3 5800s
  2922   983 2270.97723   16  313 2367.06679 2270.97723  4.06%  58.2 5915s
  2926   986 2270.97723   17  305 2367.06679 2270.97723  4.06%  59.0 6011s
  2930   988 2270.97723   18  297 2367.06679 2270.97723  4.06%  60.0 6090s
  2934   990 2276.77474   19  217 2367.06679 2270.97723  4.06%  62.3 6235s
  2941   996 2270.97723   19  453 2367.06679 2270.97723  4.06%  64.8 6441s
  2953  1005 2270.97723   20  185 2367.06679 2270.97723  4.06%  67.1 6531s
  2967  1005 2270.97723   21  173 2367.06679 2270.97723  4.06%  68.3 6653s
  2984  1004 2307.67206   22  123 2367.06679 2270.97723  4.06%  69.8 6697s
  2994  1006 2307.53794   23  145 2367.06679 2270.97723  4.06%  70.3 6741s
  3003  1012 2270.97723   24  104 2367.06679 2270.97723  4.06%  71.1 6810s
  3015  1016 2338.96435   27   62 2367.06679 2270.97723  4.06%  72.8 6929s
  3029  1019 2306.66209   29   85 2367.06679 2270.97723  4.06%  74.8 7018s
  3042  1021 2284.21233   32  103 2367.06679 2270.97723  4.06%  76.0 7110s
  3052  1015 2304.00757   35  100 2367.06679 2270.97723  4.06%  77.4 7178s
  3065  1010 2321.77494   24  178 2367.06679 2270.97723  4.06%  78.0 7502s
  3072  1016 2301.88546   18  152 2367.06679 2270.97723  4.06%  82.3 7536s
  3080  1018 2299.49458   18  135 2367.06679 2270.97723  4.06%  82.5 7607s
  3096  1014 2310.50403   21  256 2367.06679 2270.97723  4.06%  83.7 7655s
  3106  1018 2303.58456   21  119 2367.06679 2270.97723  4.06%  84.9 7734s
  3114  1025 2304.56566   22  124 2367.06679 2270.97723  4.06%  85.6 7773s
  3127  1025 2311.07273   24  128 2367.06679 2270.97723  4.06%  86.2 7818s
  3154  1025 2306.51817   23  118 2367.06679 2270.97723  4.06%  86.7 7872s
  3179  1026 2318.96678   26  108 2367.06679 2270.97723  4.06%  86.9 7931s
  3217  1015 infeasible   25      2367.06679 2270.97723  4.06%  86.4 7989s
  3265  1017 2347.47620   21   43 2367.06679 2270.97723  4.06%  86.1 8135s
  3318  1011 2302.78754   21  124 2367.06679 2270.97723  4.06%  87.3 8222s
  3344  1004 2334.41482   24   78 2367.06679 2270.97723  4.06%  87.5 8335s
  3391  1000     cutoff   28      2367.06679 2270.97723  4.06%  87.7 8470s
  3426   993     cutoff   35      2367.06679 2291.77934  3.18%  88.1 8525s
  3440  1008 2310.07258   19  130 2367.06679 2293.05982  3.13%  88.9 8600s
  3481  1001 2352.43684   36    9 2367.06679 2293.17232  3.12%  88.8 8665s
  3507   993 2307.54620   26  121 2367.06679 2293.17232  3.12%  89.3 8747s
  3551  1011 2352.31239   23  176 2367.06679 2296.22213  2.99%  90.7 8838s
  3609   992 2352.31239   24  172 2367.06679 2298.20989  2.91%  90.0 8897s
  3628   991 2352.69122   27  169 2367.06679 2298.20989  2.91%  90.9 8968s
  3641   997 infeasible   28      2367.06679 2299.23235  2.87%  91.1 9095s
  3664   994 2322.18557   28   94 2367.06679 2299.23235  2.87%  92.6 9162s
  3694   990 2349.82007   22  114 2367.06679 2299.23235  2.87%  94.1 9390s
  3719   988 2301.55541   24  148 2367.06679 2299.23235  2.87%  95.3 9453s
  3745   989 2352.79299   27  145 2367.06679 2299.23235  2.87%  97.4 9530s
  3774   992     cutoff   38      2367.06679 2299.74392  2.84%  99.0 9620s
  3798   988 infeasible   26      2367.06679 2299.74392  2.84%   101 9854s
  3826   996 2304.57035   26  203 2367.06679 2299.83745  2.84%   104 10011s
  3863   997 2357.15337   29  188 2367.06679 2299.87230  2.84%   105 10170s
  3913   973 infeasible   34      2367.06679 2300.11518  2.83%   107 10318s
  3996   969 2315.58339   28   90 2367.06679 2300.11518  2.83%   107 10429s
  4053   964 2304.09017   23  131 2367.06679 2301.13788  2.79%   109 10592s
  4105   950 2304.28087   23  112 2367.06679 2301.19456  2.78%   111 10728s
  4110   947 2304.34504   24  117 2367.06679 2301.20821  2.78%   112 10855s
  4118   949 2314.99221   24  120 2367.06679 2301.20821  2.78%   112 10939s
  4125   954 2324.05448   26  110 2367.06679 2301.20821  2.78%   112 11048s
  4160   946 2355.15793   21  160 2367.06679 2301.20821  2.78%   114 11206s
  4196   950 2362.11948   26  234 2367.06679 2301.20821  2.78%   115 11358s
  4248   940 2362.88164   33  301 2367.06679 2301.23620  2.78%   117 11546s
  4295   964 2330.70301   23  337 2367.06679 2301.46527  2.77%   119 11753s
  4388   930 2337.18744   25  307 2367.06679 2301.46527  2.77%   120 11897s
  4429   961 2356.17065   27  160 2367.06679 2301.48101  2.77%   122 12121s
  4550   964 2304.97675   36  137 2367.06679 2301.70447  2.76%   123 12331s
  4684   986 2329.80433   37   56 2367.06679 2301.86076  2.75%   124 12565s
  4880   958 2326.00327   29  123 2367.06679 2301.88546  2.75%   124 12768s
  5009  1004 2305.47472   32  130 2367.06679 2302.13999  2.74%   124 12889s
  5205  1003 infeasible   27      2367.06679 2302.42501  2.73%   124 12992s
  5377   982 2309.50467   39  140 2367.06679 2302.69524  2.72%   122 13097s
  5541  1009     cutoff   29      2367.06679 2302.84703  2.71%   123 13175s
  5706  1028 2304.82822   36  130 2367.06679 2302.84703  2.71%   122 13291s
  5912   978 2323.29600   33  148 2367.06679 2303.03866  2.70%   123 13402s
  6016   994 infeasible   33      2367.06679 2303.37533  2.69%   124 13533s
  6193  1022 infeasible   39      2367.06679 2303.58293  2.68%   125 13674s
  6433  1045     cutoff   30      2367.06679 2303.88090  2.67%   125 13800s

Cutting planes:
  Learned: 1
  Cover: 43
  Implied bound: 105
  Projected implied bound: 2
  Clique: 3
  MIR: 29
  StrongCG: 9
  Flow cover: 38
  GUB cover: 49
  Zero half: 9
  RLT: 27
  Relax-and-lift: 60
  BQP: 8

Explored 6635 nodes (847593 simplex iterations) in 13800.37 seconds (268.37 work units)
Thread count was 4 (of 46 available processors)

Solution count 10: 2367.07 2367.07 2368.12 ... 2386.81

Time limit reached
Best objective 2.367066793651e+03, best bound 2.304292823857e+03, gap 2.6520%
