
Gurobi 13.0.2 (linux64) logging started Wed Aug 12 04:37:59 2026

Set parameter LogFile to value "/home/23037696r/Documents/research/or_benchmark/wp/results/inactive_0.2/j40/logs/gurobi/j400302_7.log"
Set parameter NumericFocus to value 1
Gurobi Optimizer version 13.0.2 build v13.0.2rc1 (linux64 - "Ubuntu 22.04.3 LTS")

CPU model: Intel Xeon Processor (Cascadelake), instruction set [SSE2|AVX|AVX2|AVX512]
Thread count: 46 physical cores, 46 logical processors, using up to 4 threads

Non-default parameters:
TimeLimit  13800
MIPGap  1e-06
NumericFocus  1
Threads  4

Optimize a model with 75429 rows, 16224 columns and 253821 nonzeros (Min)
Model fingerprint: 0xeeec4deb
Model has 10384 linear objective coefficients and an objective constant of 8.0740970845417951e+02
Variable types: 2656 continuous, 13568 integer (13368 binary)
Coefficient statistics:
  Matrix range     [1e+00, 2e+02]
  Objective range  [1e-02, 1e+03]
  Bounds range     [1e+00, 2e+02]
  RHS range        [1e+00, 2e+02]

Presolve removed 48428 rows and 4929 columns (presolve time = 6s)...
Presolve removed 51221 rows and 6044 columns (presolve time = 11s)...
Presolve removed 51577 rows and 6155 columns (presolve time = 16s)...
Presolve removed 51577 rows and 6155 columns (presolve time = 21s)...
Presolve removed 56606 rows and 6714 columns (presolve time = 27s)...
Presolve removed 57135 rows and 6752 columns (presolve time = 30s)...
Presolve removed 57191 rows and 7700 columns (presolve time = 36s)...
Presolve removed 57191 rows and 7700 columns (presolve time = 40s)...
Presolve removed 57206 rows and 7707 columns (presolve time = 46s)...
Presolve removed 57643 rows and 8138 columns (presolve time = 50s)...
Presolve removed 57695 rows and 8152 columns (presolve time = 57s)...
Presolve removed 57801 rows and 8152 columns (presolve time = 62s)...
Presolve removed 57837 rows and 8152 columns (presolve time = 67s)...
Presolve removed 57845 rows and 8161 columns (presolve time = 71s)...
Presolve removed 57845 rows and 8161 columns (presolve time = 75s)...
Presolve removed 57855 rows and 8161 columns (presolve time = 81s)...
Presolve removed 57852 rows and 8158 columns
Presolve time: 86.52s
Presolved: 17577 rows, 8066 columns, 122295 nonzeros
Variable types: 0 continuous, 8066 integer (5869 binary)
Found heuristic solution: objective 3687.8536118

Root simplex log...

Iteration    Objective       Primal Inf.    Dual Inf.      Time
       0    1.0856484e+03   5.147500e+02   0.000000e+00     97s
     492    1.2261222e+03   2.541967e+03   0.000000e+00    101s
     980    1.3163968e+03   3.677385e+03   0.000000e+00    105s
    1554    1.5041578e+03   3.873482e+03   0.000000e+00    111s
    2128    1.6557028e+03   1.820578e+03   0.000000e+00    115s
    2702    1.6837513e+03   5.135003e+03   0.000000e+00    121s
    3366    1.8214153e+03   4.780736e+05   0.000000e+00    125s
    4022    1.9272365e+03   1.408052e+05   0.000000e+00    130s
    4678    2.0288023e+03   1.050901e+05   0.000000e+00    135s
    5252    2.0848635e+03   6.300712e+04   0.000000e+00    140s
    5908    2.1785789e+03   1.484301e+07   0.000000e+00    145s
    6482    2.1804032e+03   1.650669e+03   0.000000e+00    150s
    7124    2.1819940e+03   0.000000e+00   0.000000e+00    156s
    7129    2.1819929e+03   0.000000e+00   0.000000e+00    156s

Root relaxation: objective 2.181993e+03, 7129 iterations, 59.78 seconds (0.88 work units)

    Nodes    |    Current Node    |     Objective Bounds      |     Work
 Expl Unexpl |  Obj  Depth IntInf | Incumbent    BestBd   Gap | It/Node Time

     0     0 2181.99289    0  139 3687.85361 2181.99289  40.8%     -  176s
     0     0 2185.83626    0  157 3687.85361 2185.83626  40.7%     -  190s
H    0     0                    2388.6857252 2185.83626  8.49%     -  195s
H    0     0                    2386.9196017 2185.83626  8.42%     -  197s
     0     0 2189.08328    0  127 2386.91960 2189.08328  8.29%     -  295s
H    0     0                    2384.1332928 2189.08389  8.18%     -  307s
     0     0 2189.45270    0  127 2384.13329 2189.45270  8.17%     -  310s
     0     0 2191.06528    0   96 2384.13329 2191.06528  8.10%     -  344s
     0     0 2191.88236    0  186 2384.13329 2191.88236  8.06%     -  366s
     0     0 2191.88299    0   57 2384.13329 2191.88299  8.06%     -  369s
     0     0 2191.88299    0   56 2384.13329 2191.88299  8.06%     -  373s
     0     0 2192.13058    0  222 2384.13329 2192.13058  8.05%     -  388s
     0     0 2192.16709    0  209 2384.13329 2192.16709  8.05%     -  406s
     0     0 2192.21605    0  207 2384.13329 2192.21605  8.05%     -  414s
     0     0 2192.21874    0  210 2384.13329 2192.21874  8.05%     -  419s
     0     0 2237.53894    0  137 2384.13329 2237.53894  6.15%     -  447s
     0     0 2237.76129    0  139 2384.13329 2237.76129  6.14%     -  481s
     0     0 2237.76213    0  142 2384.13329 2237.76213  6.14%     -  487s
H    0     0                    2382.8620028 2239.08692  6.03%     -  562s
     0     0 2239.08692    0  215 2382.86200 2239.08692  6.03%     -  567s
H    0     0                    2380.4871561 2239.26809  5.93%     -  603s
     0     0 2239.26809    0  213 2380.48716 2239.26809  5.93%     -  607s
     0     0 2239.30296    0  201 2380.48716 2239.30296  5.93%     -  616s
     0     0 2239.52817    0  215 2380.48716 2239.52817  5.92%     -  626s
     0     0 2239.58782    0  213 2380.48716 2239.58782  5.92%     -  638s
     0     0 2239.59542    0  212 2380.48716 2239.59542  5.92%     -  646s
     0     0 2239.59669    0  214 2380.48716 2239.59669  5.92%     -  650s
     0     0 2239.74917    0  206 2380.48716 2239.74917  5.91%     -  674s
     0     0 2239.80693    0  217 2380.48716 2239.80693  5.91%     -  701s
     0     0 2239.82622    0  219 2380.48716 2239.82622  5.91%     -  711s
     0     0 2239.85202    0  215 2380.48716 2239.85202  5.91%     -  721s
     0     0 2239.85202    0  219 2380.48716 2239.85202  5.91%     -  727s
     0     0 2239.93215    0  223 2380.48716 2239.93215  5.90%     -  750s
     0     0 2240.00599    0  192 2380.48716 2240.00599  5.90%     -  770s
     0     0 2240.01190    0  217 2380.48716 2240.01190  5.90%     -  780s
     0     0 2240.01751    0  267 2380.48716 2240.01751  5.90%     -  828s
     0     0 2240.01782    0  278 2380.48716 2240.01782  5.90%     -  851s
     0     0 2240.02033    0  229 2380.48716 2240.02033  5.90%     -  872s
     0     0 2240.02313    0  235 2380.48716 2240.02313  5.90%     -  895s
     0     0 2240.04776    0  245 2380.48716 2240.04776  5.90%     -  931s
     0     0 2240.07310    0  225 2380.48716 2240.07310  5.90%     -  944s
     0     0 2240.07342    0  235 2380.48716 2240.07342  5.90%     -  947s
     0     0 2240.35889    0  226 2380.48716 2240.35889  5.89%     -  962s
     0     0 2240.38802    0  227 2380.48716 2240.38802  5.89%     -  976s
     0     0 2240.39060    0  239 2380.48716 2240.39060  5.89%     -  982s
     0     0 2240.40569    0  232 2380.48716 2240.40569  5.88%     - 1006s
     0     0 2240.40926    0  218 2380.48716 2240.40926  5.88%     - 1019s
     0     0 2240.55542    0  243 2380.48716 2240.55542  5.88%     - 1035s
     0     0 2240.68880    0  217 2380.48716 2240.68880  5.87%     - 1044s
     0     0 2240.68880    0  158 2380.48716 2240.68880  5.87%     - 1051s
     0     0 2240.70419    0  247 2380.48716 2240.70419  5.87%     - 1057s
     0     0 2240.70710    0  253 2380.48716 2240.70710  5.87%     - 1061s
     0     0 2240.97920    0  223 2380.48716 2240.97920  5.86%     - 1072s
     0     0 2241.07889    0  235 2380.48716 2241.07889  5.86%     - 1084s
     0     0 2241.10411    0  248 2380.48716 2241.10411  5.86%     - 1093s
     0     0 2241.11257    0  257 2380.48716 2241.11257  5.85%     - 1099s
     0     0 2241.19688    0  251 2380.48716 2241.19688  5.85%     - 1116s
     0     0 2241.21804    0  238 2380.48716 2241.21804  5.85%     - 1131s
     0     0 2241.22688    0  259 2380.48716 2241.22688  5.85%     - 1138s
     0     0 2241.24079    0  257 2380.48716 2241.24079  5.85%     - 1150s
     0     0 2241.30052    0  275 2380.48716 2241.30052  5.85%     - 1164s
     0     0 2241.31406    0  282 2380.48716 2241.31406  5.85%     - 1171s
     0     0 2241.33529    0  265 2380.48716 2241.33529  5.85%     - 1181s
     0     0 2241.33824    0  270 2380.48716 2241.33824  5.85%     - 1187s
     0     0 2241.45085    0  250 2380.48716 2241.45085  5.84%     - 1225s
     0     0 2241.45796    0  258 2380.48716 2241.45796  5.84%     - 1241s
     0     0 2241.49777    0  266 2380.48716 2241.49777  5.84%     - 1256s
     0     0 2241.51102    0  259 2380.48716 2241.51102  5.84%     - 1269s
     0     0 2241.51135    0  273 2380.48716 2241.51135  5.84%     - 1274s
     0     0 2241.51249    0  262 2380.48716 2241.51249  5.84%     - 1292s
     0     0 2241.51893    0  262 2380.48716 2241.51893  5.84%     - 1304s
     0     0 2241.51893    0  257 2380.48716 2241.51893  5.84%     - 1311s
     0     2 2241.76217    0  241 2380.48716 2241.76217  5.83%     - 1352s
     1     4 2241.76217    1  241 2380.48716 2241.76217  5.83%   1.0 1363s
     3     8 2241.76217    2  255 2380.48716 2241.76217  5.83%   215 1375s
     7    12 2241.76217    3  264 2380.48716 2241.76217  5.83%   369 1384s
    11    19 2241.76217    4  261 2380.48716 2241.76217  5.83%   325 1390s
    18    30 2241.76217    5  260 2380.48716 2241.76217  5.83%   202 1403s
    29    37 2241.76217    6  261 2380.48716 2241.76217  5.83%   211 1413s
    36    39 2241.76217    7  265 2380.48716 2241.76217  5.83%   210 1419s
    40    43 2241.77361    7  220 2380.48716 2241.76217  5.83%   239 1428s
    44    46 2241.76217    8  261 2380.48716 2241.76217  5.83%   248 1439s
    49    50 2241.76217    9  260 2380.48716 2241.76217  5.83%   255 1444s
    53    54 2241.76217   10  266 2380.48716 2241.76217  5.83%   238 1455s
    59    64 2241.76217   11  265 2380.48716 2241.76217  5.83%   243 1461s
    69    96 2241.76217   13  265 2380.48716 2241.76217  5.83%   212 1475s
   101   112 2241.76217   17  265 2380.48716 2241.76217  5.83%   160 1487s
   117   137 2241.76217   22  261 2380.48716 2241.76217  5.83%   146 1517s
   142   156 2241.76217   29  257 2380.48716 2241.76217  5.83%   146 1552s
   161   209 2241.76217   31  260 2380.48716 2241.76217  5.83%   153 1595s
   216   249 2241.76217   44  260 2380.48716 2241.76217  5.83%   137 1785s
   262   313 2241.76217   45  262 2380.48716 2241.76217  5.83%   143 1898s
   328   361 2241.76217   50  257 2380.48716 2241.76217  5.83%   146 1965s
   376   432 2241.76217   61  246 2380.48716 2241.76217  5.83%   147 2006s
   447   494 2241.79213   80  248 2380.48716 2241.76217  5.83%   146 2125s
   515   529 2241.88805  102  261 2380.48716 2241.76217  5.83%   163 2214s
   553   579 2242.13629  115  251 2380.48716 2241.76217  5.83%   178 2315s
   611   683 2242.21039  129  253 2380.48716 2241.76217  5.83%   174 2391s
   721   788 2242.34414  156  248 2380.48716 2241.76217  5.83%   162 2487s
   826   828 2244.96532  162  165 2380.48716 2241.76217  5.83%   154 2541s
   868   906 2243.22647  164  244 2380.48716 2241.76217  5.83%   153 2626s
   946   911 2243.43554  165  230 2380.48716 2241.76217  5.83%   150 2702s
   955   974 2255.39943  168  477 2380.48716 2241.76217  5.83%   154 2773s
  1020   990 2259.87191  169  472 2380.48716 2241.76217  5.83%   148 2836s
  1042  1139 2294.58436  171  250 2380.48716 2241.76217  5.83%   150 2949s
  1203  1179 2295.77178  188  145 2380.48716 2241.76217  5.83%   135 2995s
  1245  1331 2296.12668  188  196 2380.48716 2241.76217  5.83%   133 3114s
  1421  1509 2295.78962  189  147 2380.48716 2241.76217  5.83%   122 3194s
  1602  1510 2244.55910   11  257 2380.48716 2241.76217  5.83%   112 3763s
  1604  1511 2295.29245   24  177 2380.48716 2241.76217  5.83%   111 4037s
  1605  1512 2242.24889  138  191 2380.48716 2241.76217  5.83%   111 4137s
  1606  1513 2252.37800  243  215 2380.48716 2241.97025  5.82%   111 4228s
  1607  1513 2242.31708   75  233 2380.48716 2242.31708  5.80%   111 4254s
  1608  1514 2243.40153  117  236 2380.48716 2243.40153  5.76%   111 4324s
  1609  1515 2243.99977   62  229 2380.48716 2243.99977  5.73%   111 4369s
  1610  1515 2244.07825  103  215 2380.48716 2244.07825  5.73%   111 4383s
  1611  1516 2244.08151  120  231 2380.48716 2244.08151  5.73%   111 4391s
  1612  1517 2244.09953  134  234 2380.48716 2244.09953  5.73%   111 4400s
  1613  1517 2244.09953  137  236 2380.48716 2244.09953  5.73%   111 4417s
  1614  1518 2252.57057  260  252 2380.48716 2245.19930  5.68%   111 4515s
  1615  1519 2245.19930  172  250 2380.48716 2245.19930  5.68%   111 4528s
  1616  1519 2245.20679  111  223 2380.48716 2245.20679  5.68%   111 4545s
  1617  1520 2245.86235   28  241 2380.48716 2245.86235  5.66%   111 4566s
  1618  1521 2245.89385  140  267 2380.48716 2245.89385  5.65%   110 4585s
  1619  1521 2247.57989  161  264 2380.48716 2245.90174  5.65%   110 4596s
  1620  1522 2245.90278   43  264 2380.48716 2245.90278  5.65%   110 4614s
  1621  1523 2246.45380  106  267 2380.48716 2246.45380  5.63%   110 4694s
  1622  1523 2246.52889   76  259 2380.48716 2246.52889  5.63%   110 4709s
  1623  1524 2246.66258   52  241 2380.48716 2246.66258  5.62%   110 4731s
  1624  1525 2246.82304  158  268 2380.48716 2246.82304  5.61%   110 4759s
  1625  1525 2247.29188  157  265 2380.48716 2246.90060  5.61%   110 4772s
  1626  1526 2246.90404   49  253 2380.48716 2246.90404  5.61%   110 4781s
  1627  1527 2252.53641  254  274 2380.48716 2246.90524  5.61%   110 4796s
  1628  1527 2300.13569  103  233 2380.48716 2247.60903  5.58%   110 4844s
  1629  1528 2247.62357   45  257 2380.48716 2247.62357  5.58%   110 4855s
  1630  1529 2247.62781  110  275 2380.48716 2247.62781  5.58%   110 4864s
  1631  1529 2247.62851  112  275 2380.48716 2247.62851  5.58%   110 4879s
  1632  1530 2247.85678  280  253 2380.48716 2247.74243  5.58%   110 4952s
  1633  1531 2298.88809   72  260 2380.48716 2247.74243  5.58%   109 4962s
  1634  1531 2298.55861   34  267 2380.48716 2247.74243  5.58%   109 4967s
  1635  1532 2247.74243  201  269 2380.48716 2247.74243  5.58%   109 4983s
  1636  1533 2247.79054   35  265 2380.48716 2247.79054  5.57%   109 5043s
  1637  1533 2248.41457  286  263 2380.48716 2247.79054  5.57%   109 5053s
  1638  1534 2247.79054  167  276 2380.48716 2247.79054  5.57%   109 5080s
  1639  1535 2247.79054  120  265 2380.48716 2247.79054  5.57%   109 5110s
  1640  1535 2302.50179  329  277 2380.48716 2247.79054  5.57%   109 5133s
  1641  1536 2247.79054   33  276 2380.48716 2247.79054  5.57%   109 5181s
  1642  1537 2303.38180  343  285 2380.48716 2247.99762  5.57%   109 5236s
  1643  1537 2298.24603   22  291 2380.48716 2247.99762  5.57%   109 5306s
  1644  1538 2247.99762   39  282 2380.48716 2247.99762  5.57%   109 5357s
  1645  1539 2248.13069  136  289 2380.48716 2247.99762  5.57%   109 5407s
  1646  1539 2300.37634  309  291 2380.48716 2247.99762  5.57%   109 5414s
  1647  1540 2247.99762   56  295 2380.48716 2247.99762  5.57%   109 5466s
  1648  1541 2300.18980   96  280 2380.48716 2247.99762  5.57%   108 5498s
  1649  1541 2247.99762    9  275 2380.48716 2247.99762  5.57%   108 5529s
  1650  1542 2300.25180  122  293 2380.48716 2247.99762  5.57%   108 5539s
  1651  1543 2299.72604  290  300 2380.48716 2247.99762  5.57%   108 5572s
  1652  1543 2247.99762   88  296 2380.48716 2247.99762  5.57%   108 5642s
  1653  1544 2247.99762  241  297 2380.48716 2247.99762  5.57%   108 5726s
  1654  1545 2248.00160   86  300 2380.48716 2248.00160  5.57%   108 5737s
  1655  1545 2301.09910  164  303 2380.48716 2248.00214  5.57%   108 5779s
  1656  1546 2295.79970  190  271 2380.48716 2248.13979  5.56%   108 5854s
  1657  1547 2248.13979  139  274 2380.48716 2248.13979  5.56%   108 5907s
  1658  1547 2298.87537   69  292 2380.48716 2248.13979  5.56%   108 5920s
  1659  1548 2248.13979  106  292 2380.48716 2248.13979  5.56%   108 5949s
  1660  1549 2248.18103   14  283 2380.48716 2248.18103  5.56%   108 6024s
  1661  1549 2302.56442   93  285 2380.48716 2248.18103  5.56%   108 6059s
  1662  1550 2248.18103   20  288 2380.48716 2248.18103  5.56%   108 6068s
  1663  1551 2300.95322  324  290 2380.48716 2248.18103  5.56%   107 6074s
  1664  1551 2248.18103  100  292 2380.48716 2248.18103  5.56%   107 6109s
  1665  1552 2248.34928  266  282 2380.48716 2248.34928  5.55%   107 6170s
  1666  1553 2248.34928  155  289 2380.48716 2248.34928  5.55%   107 6237s
  1667  1553 2248.34928   66  296 2380.48716 2248.34928  5.55%   107 6297s
  1668  1554 2248.40170  115  283 2380.48716 2248.40170  5.55%   107 6367s
  1669  1555 2302.80796   97  298 2380.48716 2248.40170  5.55%   107 6415s
  1670  1555 2248.40170   28  302 2380.48716 2248.40170  5.55%   107 6455s
  1671  1556 2248.40170   30  286 2380.48716 2248.40170  5.55%   107 6501s
  1672  1557 2248.40170   45  292 2380.48716 2248.40170  5.55%   107 6510s
  1673  1557 2248.40170  198  296 2380.48716 2248.40170  5.55%   107 6543s
  1674  1558 2248.40170   73  290 2380.48716 2248.40170  5.55%   107 6607s
  1675  1559 2248.40170  110  299 2380.48716 2248.40170  5.55%   107 6667s
  1676  1559 2252.78940  280  291 2380.48716 2248.40170  5.55%   107 6678s
  1677  1560 2248.40170   33  296 2380.48716 2248.40170  5.55%   107 6698s
  1678  1561 2248.40170   65  300 2380.48716 2248.40170  5.55%   107 6742s
  1679  1561 2249.05756   42  300 2380.48716 2248.40170  5.55%   106 6789s
  1680  1562 2248.40170  130  311 2380.48716 2248.40170  5.55%   106 6823s
  1681  1563 2248.41196  282  301 2380.48716 2248.41196  5.55%   106 6861s
  1682  1563 2248.41196    9  297 2380.48716 2248.41196  5.55%   106 6908s
  1683  1564 2252.29122  241  307 2380.48716 2248.41196  5.55%   106 6924s
  1684  1565 2248.41196   90  316 2380.48716 2248.41196  5.55%   106 6941s
  1685  1565 2248.41196  155  283 2380.48716 2248.41196  5.55%   106 6995s
  1686  1566 2248.41196  153  292 2380.48716 2248.41196  5.55%   106 7007s
  1687  1567 2248.41196   95  299 2380.48716 2248.41196  5.55%   106 7026s
  1688  1567 2248.41196  116  296 2380.48716 2248.41196  5.55%   106 7088s
  1689  1568 2248.41196  151  317 2380.48716 2248.41196  5.55%   106 7106s
  1690  1569 2248.41196   88  311 2380.48716 2248.41196  5.55%   106 7162s
  1691  1569 2248.41196  126  316 2380.48716 2248.41196  5.55%   106 7179s
  1692  1570 2248.51677  127  293 2380.48716 2248.51677  5.54%   106 7234s
  1693  1571 2248.51677   52  306 2380.48716 2248.51677  5.54%   106 7271s
  1694  1571 2300.53324  321  310 2380.48716 2248.51677  5.54%   106 7286s
  1695  1572 2248.51677   11  313 2380.48716 2248.51677  5.54%   105 7301s
  1696  1573 2248.51677   93  319 2380.48716 2248.51677  5.54%   105 7313s
  1697  1573 2248.51677   21  293 2380.48716 2248.51677  5.54%   105 7396s
  1698  1574 2301.09705  158  315 2380.48716 2248.51677  5.54%   105 7426s
  1699  1575 2300.54627  138  315 2380.48716 2248.51677  5.54%   105 7441s
  1700  1575 2248.51677  153  315 2380.48716 2248.51677  5.54%   105 7457s
  1701  1576 2248.51677  166  317 2380.48716 2248.51677  5.54%   105 7490s
  1702  1577 2248.51677   11  320 2380.48716 2248.51677  5.54%   105 7529s
  1703  1577 2248.52706   90  314 2380.48716 2248.52706  5.54%   105 7580s
  1704  1578 2295.29245   24  316 2380.48716 2248.52706  5.54%   105 7594s
  1705  1579 2248.52706  138  309 2380.48716 2248.52706  5.54%   105 7640s
  1706  1579 2252.37800  243  315 2380.48716 2248.52706  5.54%   105 7657s
  1707  1580 2248.58116   75  296 2380.48716 2248.58116  5.54%   105 7699s
  1708  1581 2248.58116  117  290 2380.48716 2248.58116  5.54%   105 7712s
  1709  1581 2248.58116   62  299 2380.48716 2248.58116  5.54%   105 7724s
  1710  1582 2248.58116  103  299 2380.48716 2248.58116  5.54%   105 7765s
  1711  1583 2248.58116  120  306 2380.48716 2248.58116  5.54%   104 7803s
  1712  1583 2248.59811  134  299 2380.48716 2248.59811  5.54%   104 7843s
  1713  1584 2248.59811  137  312 2380.48716 2248.59811  5.54%   104 7864s
  1714  1585 2252.57057  260  314 2380.48716 2248.59811  5.54%   104 7882s
  1715  1585 2248.60464  172  309 2380.48716 2248.60464  5.54%   104 7924s
  1716  1586 2248.60464  111  310 2380.48716 2248.60464  5.54%   104 7965s
  1717  1587 2248.60464   28  315 2380.48716 2248.60464  5.54%   104 7990s
  1718  1587 2248.61937  140  306 2380.48716 2248.61937  5.54%   104 8048s
  1719  1588 2248.61937  161  315 2380.48716 2248.61937  5.54%   104 8067s
  1720  1589 2248.61937   43  314 2380.48716 2248.61937  5.54%   104 8094s
  1721  1589 2248.61937  106  316 2380.48716 2248.61937  5.54%   104 8153s
  1722  1590 2248.61937   76  314 2380.48716 2248.61937  5.54%   104 8212s
  1725  1593 2248.61937  157  257 2380.48716 2248.61937  5.54%   132 8359s
  1727  1594 2252.53641  254  167 2380.48716 2248.61937  5.54%   131 8519s
  1728  1595 2300.13569  103  182 2380.48716 2248.61937  5.54%   131 8602s
  1729  1596 2248.65278   45  217 2380.48716 2248.65278  5.54%   131 8726s
  1730  1596 2248.65278  110  197 2380.48716 2248.65278  5.54%   131 8763s
  1731  1597 2248.65278  112  213 2380.48716 2248.65278  5.54%   131 8790s
  1732  1598 2248.65278  280  229 2380.48716 2248.65278  5.54%   131 8802s
  1733  1598 2298.88809   72  219 2380.48716 2248.65278  5.54%   131 8838s
  1734  1599 2298.55861   34  218 2380.48716 2248.65278  5.54%   131 8865s
  1735  1600 2248.65278  201  252 2380.48716 2248.65278  5.54%   131 8900s
  1736  1600 2248.65278   35  245 2380.48716 2248.65278  5.54%   131 8910s
  1737  1601 2248.65278  286  258 2380.48716 2248.65278  5.54%   131 8917s
  1738  1602 2248.65278  167  268 2380.48716 2248.65278  5.54%   131 8923s
  1739  1602 2248.65278  120  265 2380.48716 2248.65278  5.54%   130 8929s
  1740  1603 2302.50179  329  264 2380.48716 2248.65278  5.54%   130 8938s
  1741  1604 2248.65278   33  265 2380.48716 2248.65278  5.54%   130 8945s
  1742  1604 2303.38180  343  269 2380.48716 2248.65278  5.54%   130 8953s
  1743  1605 2298.24603   22  273 2380.48716 2248.65278  5.54%   130 8965s
  1744  1606 2248.65278   39  278 2380.48716 2248.65278  5.54%   130 9003s
  1745  1606 2248.65278  136  282 2380.48716 2248.65278  5.54%   130 9015s
  1746  1607 2300.37634  309  285 2380.48716 2248.65278  5.54%   130 9078s
  1747  1608 2248.65278   56  278 2380.48716 2248.65278  5.54%   130 9119s
  1748  1608 2300.18980   96  281 2380.48716 2248.65285  5.54%   130 9160s
  1749  1609 2248.65285    9  288 2380.48716 2248.65285  5.54%   130 9207s
  1750  1610 2300.25180  122  275 2380.48716 2248.65316  5.54%   130 9244s
  1751  1610 2299.72604  290  272 2380.48716 2248.65316  5.54%   130 9293s
  1752  1611 2248.65649   88  271 2380.48716 2248.65649  5.54%   130 9299s
  1753  1612 2248.65825  241  278 2380.48716 2248.65825  5.54%   129 9305s
  1754  1612 2248.65835   86  284 2380.48716 2248.65835  5.54%   129 9321s
  1755  1613 2301.09910  164  280 2380.48716 2248.79192  5.53%   129 9369s
  1756  1614 2295.79970  190  286 2380.48716 2248.79192  5.53%   129 9435s
  1757  1614 2248.79192  139  279 2380.48716 2248.79192  5.53%   129 9489s
  1758  1615 2298.87537   69  289 2380.48716 2248.79192  5.53%   129 9590s
  1759  1616 2248.79192  106  283 2380.48716 2248.79192  5.53%   129 9595s
  1760  1616 2248.79192   14  287 2380.48716 2248.79192  5.53%   129 9601s
  1761  1617 2302.56442   93  290 2380.48716 2248.79192  5.53%   129 9609s
  1762  1618 2248.79192   20  289 2380.48716 2248.79192  5.53%   129 9629s
  1763  1618 2300.95322  324  277 2380.48716 2248.79192  5.53%   129 9693s
  1764  1619 2248.79192  100  279 2380.48716 2248.79192  5.53%   129 9761s
  1765  1620 2248.79192  266  285 2380.48716 2248.79192  5.53%   129 9771s
  1766  1620 2248.79192  155  290 2380.48716 2248.79192  5.53%   128 9782s
  1767  1621 2248.79192   66  289 2380.48716 2248.79192  5.53%   128 9790s
  1768  1622 2248.79192  115  291 2380.48716 2248.79192  5.53%   128 9828s
  1769  1622 2302.80796   97  287 2380.48716 2248.83470  5.53%   128 9874s
  1770  1623 2248.85184   28  304 2380.48716 2248.85184  5.53%   128 9926s
  1771  1624 2248.85341   30  310 2380.48716 2248.85341  5.53%   128 9931s
  1772  1624 2248.85598   45  313 2380.48716 2248.85598  5.53%   128 9940s
  1773  1625 2248.85598  198  314 2380.48716 2248.85598  5.53%   128 9981s
  1774  1626 2248.87750   73  295 2380.48716 2248.87750  5.53%   128 10030s
  1775  1626 2248.89243  110  296 2380.48716 2248.89243  5.53%   128 10096s
  1776  1627 2252.78940  280  322 2380.48716 2248.89573  5.53%   128 10103s
  1777  1628 2248.89626   33  321 2380.48716 2248.89626  5.53%   128 10158s
  1778  1628 2248.90578   65  311 2380.48716 2248.90578  5.53%   128 10179s
  1779  1629 2249.05756   42  319 2380.48716 2248.90578  5.53%   128 10213s
  1780  1630 2248.90611  130  314 2380.48716 2248.90611  5.53%   127 10230s
  1781  1630 2248.95662  282  317 2380.48716 2248.95662  5.53%   127 10250s
  1782  1631 2248.95662    9  315 2380.48716 2248.95662  5.53%   127 10272s
  1783  1632 2252.29122  241  315 2380.48716 2248.95662  5.53%   127 10285s
  1784  1632 2248.97390   90  312 2380.48716 2248.97390  5.52%   127 10308s
  1785  1633 2248.97390  155  314 2380.48716 2248.97390  5.52%   127 10355s
  1786  1634 2248.97390  153  314 2380.48716 2248.97390  5.52%   127 10372s
  1787  1634 2248.97390   95  323 2380.48716 2248.97390  5.52%   127 10411s
  1788  1635 2248.97390  116  320 2380.48716 2248.97390  5.52%   127 10441s
  1789  1636 2248.97390  151  321 2380.48716 2248.97390  5.52%   127 10483s
  1790  1636 2248.97390   88  315 2380.48716 2248.97390  5.52%   127 10499s
  1791  1637 2248.97390  126  314 2380.48716 2248.97390  5.52%   127 10512s
  1792  1638 2249.03325  127  314 2380.48716 2249.03325  5.52%   127 10527s
  1793  1641 2251.85725   22  676 2380.48716 2249.03325  5.52%   147 10590s
  1795  1645 2294.25842   23  192 2380.48716 2249.03325  5.52%   152 10674s
  1799  1647 2294.43463   24  192 2380.48716 2249.23248  5.51%   153 10696s
  1803  1658 2294.60081   25  176 2380.48716 2249.24074  5.51%   154 10728s
  1816  1665 2297.99306   26  538 2380.48716 2249.24074  5.51%   157 10750s
  1827  1660 2294.90156   27  212 2380.48716 2249.24074  5.51%   158 10765s
  1838  1659 2296.07565   27  198 2380.48716 2249.24074  5.51%   159 10784s
  1850  1659 2295.34701   28  189 2380.48716 2249.24074  5.51%   160 10826s
  1857  1662 2297.36332   28  198 2380.48716 2253.68531  5.33%   162 10848s
  1862  1664 2297.36588   29  192 2380.48716 2253.68531  5.33%   163 10878s
  1868  1667 2347.30718   29  183 2380.48716 2253.68531  5.33%   164 10908s
  1874  1671 2297.97085   30  170 2380.48716 2253.68531  5.33%   165 10963s
  1885  1670 2346.59598   30  176 2380.48716 2253.68531  5.33%   165 10989s
  1898  1669 2349.22007   31  167 2380.48716 2253.68531  5.33%   165 11007s
  1913  1668 2298.93850   31  182 2380.48716 2253.68531  5.33%   165 11062s
  1934  1661 2354.05541   32  155 2380.48716 2253.68531  5.33%   165 11082s
  1950  1656     cutoff   33      2380.48716 2253.68531  5.33%   165 11112s
  1959  1655 2350.45999   34  157 2380.48716 2253.68531  5.33%   166 11187s
  1972  1658 2349.73778   35  163 2380.48716 2257.76129  5.16%   167 11225s
  1980  1657 2350.05368   37  183 2380.48716 2257.76129  5.16%   171 11248s
  1986  1663 2355.61116   38  180 2380.48716 2264.23733  4.88%   171 11267s
  1994  1658 2355.97772   39  202 2380.48716 2264.27065  4.88%   174 11282s
  2004  1661     cutoff   40      2380.48716 2264.27065  4.88%   176 11302s
  2019  1665 2379.79983   41  214 2380.48716 2274.53984  4.45%   176 11317s
  2033  1668 2285.05293   28  198 2380.48716 2274.64865  4.45%   176 11340s
  2054  1669 2326.62157   30  121 2380.48716 2274.64865  4.45%   175 11372s
  2077  1667 infeasible   40      2380.48716 2274.64865  4.45%   175 11449s
  2088  1671 2346.40704   30  190 2380.48716 2274.64865  4.45%   177 11498s
  2097  1675 2346.49335   31  184 2380.48716 2274.64865  4.45%   177 11552s
  2111  1679 2348.63208   34  226 2380.48716 2274.64865  4.45%   178 11630s
  2126  1686 2348.96914   35  165 2380.48716 2285.51880  3.99%   178 11687s
  2150  1685 2349.00316   39  160 2380.48716 2285.51880  3.99%   178 11758s
  2173  1680 2369.79340   42  183 2380.48716 2285.51880  3.99%   178 11838s
  2185  1680 2371.19738   45  203 2380.48716 2296.07642  3.55%   179 11962s
  2214  1683     cutoff   48      2380.48716 2296.50939  3.53%   179 12198s
  2232  1688 2298.98796   29  225 2380.48716 2296.50939  3.53%   180 12310s
  2254  1685 2299.08855   33  232 2380.48716 2296.50939  3.53%   181 12483s
  2287  1683 2299.91057   35  214 2380.48716 2296.50939  3.53%   184 12573s
  2305  1685 2301.06594   39  185 2380.48716 2296.50939  3.53%   186 12702s
  2324  1683 2349.03902   41  232 2380.48716 2297.01761  3.51%   189 12839s
  2334  1686 2353.88384   43  257 2380.48716 2297.02976  3.51%   191 13014s
  2371  1683 2358.79416   51  154 2380.48716 2298.14021  3.46%   194 13180s
  2401  1682 2298.52917   32  267 2380.48716 2298.39240  3.45%   197 13409s
  2426  1674 2323.67546   34   96 2380.48716 2298.39240  3.45%   201 13601s
  2451  1664 2362.15614   37  191 2380.48716 2298.52918  3.44%   207 13747s
  2478  1662 infeasible   33      2380.48716 2298.52918  3.44%   215 13800s

Cutting planes:
  Gomory: 6
  Cover: 59
  Implied bound: 286
  Projected implied bound: 3
  Clique: 11
  MIR: 129
  Mixing: 1
  StrongCG: 32
  Flow cover: 181
  GUB cover: 62
  Zero half: 42
  RLT: 79
  Relax-and-lift: 62
  BQP: 1
  PSD: 1

Explored 2496 nodes (571590 simplex iterations) in 13801.67 seconds (301.34 work units)
Thread count was 4 (of 46 available processors)

Solution count 6: 2380.49 2382.86 2384.13 ... 3687.85

Time limit reached
Best objective 2.380487156056e+03, best bound 2.298529182091e+03, gap 3.4429%
