
Gurobi 13.0.2 (linux64) logging started Wed Aug 12 11:34:47 2026

Set parameter LogFile to value "/home/23037696r/Documents/research/or_benchmark/wp/results/inactive_0.2/j40/logs/gurobi/j400502_10.log"
Set parameter NumericFocus to value 1
Gurobi Optimizer version 13.0.2 build v13.0.2rc1 (linux64 - "Ubuntu 22.04.3 LTS")

CPU model: Intel Xeon Processor (Cascadelake), instruction set [SSE2|AVX|AVX2|AVX512]
Thread count: 46 physical cores, 46 logical processors, using up to 4 threads

Non-default parameters:
TimeLimit  13800
MIPGap  1e-06
NumericFocus  1
Threads  4

Optimize a model with 74132 rows, 21710 columns and 255862 nonzeros (Min)
Model fingerprint: 0x1d2a23e3
Model has 14408 linear objective coefficients and an objective constant of 7.2237702812972941e+02
Variable types: 4032 continuous, 17678 integer (17478 binary)
Coefficient statistics:
  Matrix range     [1e+00, 3e+02]
  Objective range  [1e-02, 1e+03]
  Bounds range     [1e+00, 3e+02]
  RHS range        [1e+00, 3e+02]

Presolve removed 38903 rows and 5719 columns (presolve time = 6s)...
Presolve removed 40253 rows and 6144 columns (presolve time = 11s)...
Presolve removed 40966 rows and 7083 columns (presolve time = 15s)...
Presolve removed 40970 rows and 7098 columns (presolve time = 20s)...
Presolve removed 40970 rows and 7098 columns (presolve time = 25s)...
Presolve removed 49043 rows and 7482 columns (presolve time = 30s)...
Presolve removed 49045 rows and 7484 columns (presolve time = 36s)...
Presolve removed 49045 rows and 7484 columns (presolve time = 40s)...
Presolve removed 49114 rows and 7486 columns (presolve time = 46s)...
Presolve removed 49114 rows and 7486 columns (presolve time = 50s)...
Presolve removed 49114 rows and 7486 columns (presolve time = 55s)...
Presolve removed 49114 rows and 7486 columns (presolve time = 60s)...
Presolve removed 49114 rows and 7486 columns (presolve time = 65s)...
Presolve removed 49114 rows and 7486 columns (presolve time = 70s)...
Presolve removed 49114 rows and 9514 columns (presolve time = 77s)...
Presolve removed 49114 rows and 9514 columns (presolve time = 85s)...
Presolve removed 50659 rows and 10507 columns (presolve time = 91s)...
Presolve removed 50664 rows and 10512 columns (presolve time = 97s)...
Presolve removed 51174 rows and 10526 columns (presolve time = 101s)...
Presolve removed 51406 rows and 10529 columns (presolve time = 106s)...
Presolve removed 51519 rows and 10540 columns (presolve time = 113s)...
Presolve removed 51519 rows and 10540 columns (presolve time = 115s)...
Presolve removed 51521 rows and 10541 columns (presolve time = 122s)...
Presolve removed 51521 rows and 10541 columns (presolve time = 125s)...
Presolve removed 51521 rows and 10541 columns (presolve time = 130s)...
Presolve removed 51520 rows and 10540 columns
Presolve time: 134.77s
Presolved: 22612 rows, 11170 columns, 143654 nonzeros
Variable types: 0 continuous, 11170 integer (8121 binary)
Found heuristic solution: objective 4117.7108427
Deterministic concurrent LP optimizer: primal and dual simplex
Showing primal log only...


Root simplex log...

Iteration    Objective       Primal Inf.    Dual Inf.      Time
       0    1.0359043e+03   3.075000e+02   3.083192e+08    149s
     278    2.2003890e+03   1.057562e+02   3.091221e+08    150s
     953    4.3343011e+05   0.000000e+00   4.158962e+04    156s
    4092    2.4711847e+03   0.000000e+00   6.585862e+03    160s
    4432    2.4655796e+03   0.000000e+00   1.653039e+03    166s
    4904    2.4616811e+03   0.000000e+00   4.670969e+03    171s
    5354    2.4582640e+03   0.000000e+00   5.045202e+02    175s
    5785    2.4582686e+03   0.000000e+00   0.000000e+00    180s
Concurrent spin time: 9.08s (can be avoided by choosing Method=3)

Solved with primal simplex

Root relaxation: objective 2.458269e+03, 5785 iterations, 45.26 seconds (1.29 work units)

    Nodes    |    Current Node    |     Objective Bounds      |     Work
 Expl Unexpl |  Obj  Depth IntInf | Incumbent    BestBd   Gap | It/Node Time

     0     0 2458.26860    0   86 4117.71084 2458.26860  40.3%     -  205s
     0     0 2458.27313    0  134 4117.71084 2458.27313  40.3%     -  219s
H    0     0                    4114.9092184 2458.27313  40.3%     -  245s
     0     0 2459.46660    0  104 4114.90922 2459.46660  40.2%     -  286s
     0     0 2462.25592    0  118 4114.90922 2462.25592  40.2%     -  307s
     0     0 2462.25592    0  118 4114.90922 2462.25592  40.2%     -  311s
     0     0 2462.25592    0  125 4114.90922 2462.25592  40.2%     -  329s
     0     0 2462.25592    0  124 4114.90922 2462.25592  40.2%     -  341s
     0     0 2462.25592    0  123 4114.90922 2462.25592  40.2%     -  355s
H    0     0                    4109.8182812 2462.25592  40.1%     -  366s
H    0     0                    4090.9425702 2462.25592  39.8%     -  366s
     0     0 2462.25592    0  137 4090.94257 2462.25592  39.8%     -  368s
H    0     0                    4089.1953308 2462.25592  39.8%     -  377s
H    0     0                    4087.1157891 2462.25592  39.8%     -  378s
     0     0 2462.25592    0  135 4087.11579 2462.25592  39.8%     -  384s
     0     0 2462.25592    0  122 4087.11579 2462.25592  39.8%     -  396s
     0     0 2462.25592    0  100 4087.11579 2462.25592  39.8%     -  411s
     0     0 2462.25620    0  137 4087.11579 2462.25620  39.8%     -  429s
     0     0 2462.25620    0  127 4087.11579 2462.25620  39.8%     -  445s
H    0     0                    4035.0516917 2462.25642  39.0%     -  465s
H    0     0                    3983.0705316 2462.25642  38.2%     -  465s
H    0     0                    3982.9007240 2462.25642  38.2%     -  465s
H    0     0                    3982.4575344 2462.25642  38.2%     -  465s
H    0     0                    3981.0141037 2462.25642  38.2%     -  466s
     0     0 2462.25642    0  129 3981.01410 2462.25642  38.2%     -  467s
H    0     0                    3980.3359876 2462.25691  38.1%     -  478s
     0     0 2462.25691    0  113 3980.33599 2462.25691  38.1%     -  479s
     0     0 2462.25691    0  113 3980.33599 2462.25691  38.1%     -  486s
     0     0 2462.25691    0  101 3980.33599 2462.25691  38.1%     -  494s
     0     2 2464.21574    0  101 3980.33599 2464.21574  38.1%     -  537s
     1     4 2464.21574    1  100 3980.33599 2464.21574  38.1%   1.0  541s
     3     8 2464.21574    2  123 3980.33599 2464.21574  38.1%   137  551s
     7    12 2464.21574    3  135 3980.33599 2464.21574  38.1%   262  557s
    11    34 2464.21574    4  133 3980.33599 2464.21574  38.1%   263  573s
    33    68 2464.21574    8  125 3980.33599 2464.21574  38.1%   194  599s
    67   219 2464.21574    9  135 3980.33599 2464.21574  38.1%   182  660s
H  131   219                    3979.9306559 2464.21574  38.1%   119  661s
H  218   395                    3979.6325623 2464.21574  38.1%  90.2  746s
H  253   395                    3977.3349404 2464.21574  38.0%  91.9  746s
H  301   395                    3929.9452562 2464.21574  37.3%  86.9  746s
H  394   610                    3924.9895368 2464.21574  37.2%  83.5  846s
H  426   610                    3924.0965303 2464.21574  37.2%  88.3  846s
H  609   749                    3869.9289191 2464.21574  36.3%  81.1  925s
H  692   749                    3817.1349813 2464.21574  35.4%  79.4  925s
   748   912 2464.21574  127  138 3817.13498 2464.21574  35.4%  78.9 1022s
   911  1054 2464.21574  183  138 3817.13498 2464.21574  35.4%  79.2 1120s
H  969  1054                    3816.6958214 2464.21574  35.4%  80.5 1121s
H 1036  1054                    3816.4350547 2464.21574  35.4%  76.3 1121s
  1053  1253 2464.21574  218  139 3816.43505 2464.21574  35.4%  79.9 1222s
H 1082  1253                    3761.7065125 2464.21574  34.5%  81.5 1223s
  1254  1342 2466.71018  245  313 3761.70651 2464.21574  34.5%  79.3 1309s
H 1315  1342                    3606.5147958 2464.21574  31.7%  78.3 1309s
  1366  1475 2517.10952  301  147 3606.51480 2464.21574  31.7%  80.0 1399s
  1514  1764 2514.55205    7  139 3606.51480 2464.21574  31.7%  85.3 1521s
  1803  1984 2516.02523   84  103 3606.51480 2464.21574  31.7%  80.1 1633s
  2023  2089 2515.36544  162   98 3606.51480 2464.21574  31.7%  79.2 1725s
H 2130  2262                    3552.2144959 2464.21574  30.6%  78.1 1861s
  2305  2602 2515.42527  184  113 3552.21450 2464.21574  30.6%  75.2 1985s
  2667  2864 2515.78552  275  108 3552.21450 2464.21574  30.6%  72.1 2113s
  2982  3130 2475.79237    6  321 3552.21450 2464.21574  30.6%  71.7 2243s
  3307  3131 2573.44740  446  101 3552.21450 2464.21574  30.6%  69.2 2694s
  3309  3132 2464.21574  218  346 3552.21450 2464.21574  30.6%  69.1 3482s
  3310  3133 2514.93668   53  374 3552.21450 2467.05623  30.5%  69.1 3649s
  3311  3134 2514.84390   63  504 3552.21450 2468.00245  30.5%  69.1 3767s
  3312  3134 2518.50481  260  510 3552.21450 2468.64303  30.5%  69.1 3796s
  3313  3135 2511.10500  282  493 3552.21450 2468.97225  30.5%  69.0 3821s
  3314  3136 2468.99971  167  500 3552.21450 2468.99971  30.5%  69.0 3841s
  3315  3136 2508.72941  324  495 3552.21450 2469.29129  30.5%  69.0 3869s
  3316  3137 2471.80023    8  444 3552.21450 2471.80023  30.4%  69.0 3998s
  3317  3138 2572.59108  416  449 3552.21450 2475.20525  30.3%  69.0 4152s
  3318  3138 2515.41356  150  481 3552.21450 2475.68772  30.3%  68.9 4242s
  3319  3139 2517.69595   22  507 3552.21450 2475.97451  30.3%  68.9 4296s
  3320  3140 2476.00527   92  532 3552.21450 2476.00527  30.3%  68.9 4309s
  3321  3140 2476.00696  120  540 3552.21450 2476.00696  30.3%  68.9 4339s
  3322  3141 2573.40847  390  468 3552.21450 2480.80953  30.2%  68.9 4538s
  3323  3142 2483.93922  133  466 3552.21450 2483.93922  30.1%  68.8 4691s
  3324  3142 2484.60868  177  485 3552.21450 2484.60868  30.1%  68.8 4710s
  3325  3143 2485.46958   82  478 3552.21450 2485.46958  30.0%  68.8 4749s
  3326  3144 2486.97087   98  472 3552.21450 2486.97087  30.0%  68.8 4785s
  3327  3144 2515.31130  289  285 3552.21450 2487.13196  30.0%  68.8 4806s
  3328  3145 2518.06308  308  502 3552.21450 2487.17136  30.0%  68.7 4840s
  3329  3146 2514.85695  154  484 3552.21450 2487.20577  30.0%  68.7 4868s
  3330  3146 2573.34248  443  492 3552.21450 2487.32206  30.0%  68.7 4898s
  3331  3147 2515.17201  161  500 3552.21450 2488.80519  29.9%  68.7 5097s
  3332  3148 2514.73975  143  481 3552.21450 2490.07716  29.9%  68.7 5174s
  3333  3148 2514.66634   25  508 3552.21450 2490.29938  29.9%  68.6 5194s
  3334  3149 2490.35244   48  502 3552.21450 2490.35244  29.9%  68.6 5219s
  3335  3150 2490.36530  224  505 3552.21450 2490.36530  29.9%  68.6 5229s
  3336  3150 2515.41356  150  506 3552.21450 2490.36607  29.9%  68.6 5250s
  3337  3151 2517.40079  164  521 3552.21450 2491.82097  29.9%  68.6 5361s
  3338  3152 2519.70335  318  524 3552.21450 2491.82097  29.9%  68.5 5381s
  3339  3152 2515.66135  318  528 3552.21450 2491.82097  29.9%  68.5 5392s
  3340  3153 2573.00941  450  522 3552.21450 2491.82097  29.9%  68.5 5502s
  3341  3154 2570.22648  328  536 3552.21450 2491.86517  29.9%  68.5 5644s
H 3341  2995                    3550.8786542 2491.86517  29.8%  68.5 5656s
H 3341  2845                    3548.6050774 2491.86517  29.8%  68.5 5657s
H 3341  2702                    3548.1983807 2491.86517  29.8%  68.5 5657s
H 3341  2566                    2742.6058203 2491.86517  9.14%  68.5 5736s
  3342  2566 2491.86517  169  535 2742.60582 2491.86517  9.14%  68.4 5746s
H 3342  2437                    2741.2132183 2491.86517  9.10%  68.4 5881s
H 3343  2316                    2738.0499187 2492.25972  8.98%  68.4 6067s
H 3344  2200                    2735.6032670 2492.27276  8.89%  68.4 6201s
  3345  2200 2515.09086  253  344 2735.60327 2492.27276  8.89%  68.4 6208s
  3346  2201 2515.33582  139  333 2735.60327 2492.29779  8.89%  68.4 6217s
  3347  2202 2492.31007  120  352 2735.60327 2492.31007  8.89%  68.3 6227s
  3348  2202 2572.61410  418  356 2735.60327 2492.31099  8.89%  68.3 6281s
  3349  2203 2570.64752   58  502 2735.60327 2493.09791  8.86%  68.3 6354s
  3350  2204 2514.58088   33  327 2735.60327 2493.41469  8.85%  68.3 6492s
  3351  2204 2516.97705  295  343 2735.60327 2493.47026  8.85%  68.3 6513s
  3352  2205 2516.23359  374  355 2735.60327 2493.48370  8.85%  68.2 6523s
  3353  2206 2493.49733   15  356 2735.60327 2493.49733  8.85%  68.2 6531s
  3354  2206 2493.49753  188  358 2735.60327 2493.49753  8.85%  68.2 6571s
H 3354  2095                    2731.6376195 2493.69426  8.71%  68.2 6643s
  3355  2096 2574.05566  453  343 2731.63762 2493.69426  8.71%  68.2 6645s
  3356  2097 2514.46757   17  349 2731.63762 2493.74552  8.71%  68.2 6721s
  3357  2097 2570.82690  394  354 2731.63762 2493.75006  8.71%  68.1 6818s
  3358  2098 2493.85480   45  405 2731.63762 2493.85480  8.70%  68.1 6893s
  3359  2099 2622.97851  337  350 2731.63762 2493.85480  8.70%  68.1 6999s
  3360  2099 2515.41431   56  551 2731.63762 2493.85480  8.70%  68.1 7014s
  3361  2100 2514.91514   81  554 2731.63762 2493.85480  8.70%  68.1 7069s
  3362  2101 2507.25513  268  524 2731.63762 2494.23172  8.69%  68.0 7159s
  3363  2101 2494.23172  179  478 2731.63762 2494.23172  8.69%  68.0 7211s
  3364  2102 2508.56445  235  539 2731.63762 2494.23172  8.69%  68.0 7254s
  3365  2103 2494.37812  206  355 2731.63762 2494.37812  8.69%  68.0 7298s
  3366  2103 2517.30733  334  362 2731.63762 2494.37812  8.69%  68.0 7340s
  3367  2104 2515.40209  192  549 2731.63762 2494.39142  8.69%  67.9 7412s
  3368  2105 2516.16628  215  387 2731.63762 2494.39142  8.69%  67.9 7453s
  3369  2105 2515.22034  261  390 2731.63762 2494.39142  8.69%  67.9 7460s
  3370  2106 2515.34787  185  398 2731.63762 2494.39142  8.69%  67.9 7475s
  3371  2107 2495.09155  114  393 2731.63762 2495.09155  8.66%  67.9 7544s
  3372  2107 2495.09155   74  396 2731.63762 2495.09155  8.66%  67.8 7576s
  3373  2108 2514.63980   76  385 2731.63762 2495.09155  8.66%  67.8 7618s
  3374  2109 2515.61307  221  404 2731.63762 2495.09155  8.66%  67.8 7656s
  3375  2109 2495.21121  194  338 2731.63762 2495.21121  8.66%  67.8 7725s
  3376  2110 2495.75155  157  356 2731.63762 2495.75155  8.64%  67.8 7810s
  3377  2111 2495.82026  187  356 2731.63762 2495.82026  8.63%  67.7 7835s
  3378  2111 2514.67446   18  374 2731.63762 2495.83873  8.63%  67.7 7849s
  3379  2112 2515.49811  273  373 2731.63762 2495.84031  8.63%  67.7 7884s
  3380  2113 2623.29213  361  366 2731.63762 2497.33278  8.58%  67.7 7980s
  3381  2113 2516.93143  276  382 2731.63762 2497.33278  8.58%  67.7 8011s
  3382  2114 2515.42100  246  394 2731.63762 2497.33278  8.58%  67.6 8036s
  3383  2115 2517.14738   75  387 2731.63762 2497.33278  8.58%  67.6 8047s
  3384  2115 2497.33278  141  388 2731.63762 2497.33278  8.58%  67.6 8064s
  3385  2116 2515.17883  126  383 2731.63762 2497.40032  8.57%  67.6 8167s
  3386  2117 2497.40032  146  380 2731.63762 2497.40032  8.57%  67.6 8201s
  3387  2117 2507.46513  308  373 2731.63762 2497.40032  8.57%  67.5 8233s
  3388  2118 2497.40032  194  384 2731.63762 2497.40032  8.57%  67.5 8309s
  3389  2119 2514.56390   61  389 2731.63762 2497.40032  8.57%  67.5 8336s
  3390  2119 2572.40949   77  390 2731.63762 2497.40032  8.57%  67.5 8359s
  3393  2123 2497.40032   80  101 2731.63762 2497.40032  8.57%  85.1 8645s
  3395  2124 2516.82595  317  348 2731.63762 2497.40032  8.57%  85.1 8833s
  3396  2125 2497.40032  194  251 2731.63762 2497.40032  8.57%  85.0 8916s
  3397  2126 2572.83651   99  400 2731.63762 2497.40032  8.57%  85.0 8957s
  3398  2126 2572.50765  365  260 2731.63762 2497.40032  8.57%  85.0 8984s
  3399  2127 2572.59889  368  282 2731.63762 2497.40032  8.57%  85.0 9005s
  3400  2128 2572.18434  352  297 2731.63762 2497.40032  8.57%  84.9 9018s
H 3400  2021                    2731.4407277 2497.40032  8.57%  84.9 9042s
  3401  2021 2497.40032   79  304 2731.44073 2497.40032  8.57%  84.9 9045s
  3402  2022 2497.40032  167  320 2731.44073 2497.40032  8.57%  84.9 9051s
  3403  2023 2497.40032  180  345 2731.44073 2497.40032  8.57%  84.9 9061s
  3404  2023 2497.40032  109  360 2731.44073 2497.40032  8.57%  84.8 9071s
  3405  2024 2497.40032  111  364 2731.44073 2497.40032  8.57%  84.8 9075s
  3407  2025 2573.44740  446  371 2731.44073 2497.40032  8.57%  84.8 9082s
  3408  2026 2497.40032  296  375 2731.44073 2497.40032  8.57%  84.7 9092s
  3409  2027 2497.40032  218  367 2731.44073 2497.40032  8.57%  84.7 9108s
  3410  2027 2514.93668   53  490 2731.44073 2498.21005  8.54%  84.7 9147s
  3411  2028 2514.84390   63  547 2731.44073 2498.27511  8.54%  84.7 9155s
  3412  2029 2518.50481  260  555 2731.44073 2498.28632  8.54%  84.6 9160s
  3413  2029 2511.10500  282  543 2731.44073 2498.45732  8.53%  84.6 9166s
H 3413  1927                    2731.1725793 2498.46696  8.52%  84.6 9182s
  3415  1929 2508.72941  324  525 2731.17258 2498.62825  8.51%  84.6 9205s
  3416  1929 2498.64375    8  550 2731.17258 2498.64375  8.51%  84.5 9223s
  3417  1930 2572.59108  416  562 2731.17258 2498.72532  8.51%  84.5 9232s
  3418  1931 2515.41356  150  558 2731.17258 2498.75852  8.51%  84.5 9244s
  3419  1931 2517.69595   22  563 2731.17258 2498.91512  8.50%  84.5 9251s
  3420  1932 2498.93345   92  569 2731.17258 2498.93345  8.50%  84.4 9255s
  3422  1933 2573.40847  390  558 2731.17258 2498.97919  8.50%  84.4 9269s
  3423  1934 2499.07535  133  556 2731.17258 2499.07535  8.50%  84.4 9297s
  3424  1935 2499.13097  177  567 2731.17258 2499.13097  8.50%  84.3 9349s
  3425  1935 2499.13745   82  565 2731.17258 2499.13745  8.50%  84.3 9407s
  3426  1936 2499.76174   98  550 2731.17258 2499.76174  8.47%  84.3 9431s
  3427  1937 2515.31130  289  560 2731.17258 2499.76174  8.47%  84.3 9492s
  3428  1937 2518.06308  308  574 2731.17258 2499.76174  8.47%  84.2 9539s
  3429  1938 2514.85695  154  331 2731.17258 2501.02178  8.43%  84.2 9568s
  3430  1939 2573.34248  443  579 2731.17258 2501.33242  8.42%  84.2 9586s
  3431  1939 2515.17201  161  584 2731.17258 2501.43257  8.41%  84.2 9595s
  3432  1940 2514.73975  143  581 2731.17258 2501.49186  8.41%  84.1 9601s
  3433  1941 2514.66634   25  586 2731.17258 2501.49816  8.41%  84.1 9638s
  3434  1941 2502.25013   48  576 2731.17258 2502.25013  8.38%  84.1 9669s
  3435  1942 2502.27305  224  589 2731.17258 2502.27305  8.38%  84.1 9682s
  3436  1943 2515.41356  150  600 2731.17258 2502.27990  8.38%  84.0 9713s
  3437  1943 2517.40079  164  572 2731.17258 2502.40429  8.38%  84.0 9738s
  3438  1944 2519.70335  318  575 2731.17258 2502.43852  8.37%  84.0 9765s
  3439  1945 2515.66135  318  587 2731.17258 2502.48814  8.37%  84.0 9772s
  3440  1945 2573.00941  450  597 2731.17258 2502.49407  8.37%  84.0 9799s
  3441  1946 2570.22648  328  602 2731.17258 2502.61163  8.37%  83.9 9814s
  3442  1947 2502.71271  169  591 2731.17258 2502.71271  8.36%  83.9 9839s
  3443  1947 2510.00583  215  602 2731.17258 2502.72296  8.36%  83.9 9843s
  3444  1948 2516.66736   95  602 2731.17258 2502.72568  8.36%  83.9 9864s
  3445  1949 2515.09086  253  597 2731.17258 2502.89418  8.36%  83.8 9879s
  3446  1949 2515.33582  139  605 2731.17258 2502.92750  8.36%  83.8 9901s
  3447  1950 2502.93928  120  624 2731.17258 2502.93928  8.36%  83.8 9905s
  3448  1951 2572.61410  418  626 2731.17258 2502.93942  8.36%  83.8 9926s
  3449  1951 2570.64752   58  624 2731.17258 2502.97938  8.36%  83.7 9941s
  3450  1952 2514.58088   33  631 2731.17258 2503.00916  8.35%  83.7 9995s
  3451  1953 2516.97705  295  630 2731.17258 2503.02059  8.35%  83.7 10000s
  3452  1953 2516.23359  374  633 2731.17258 2503.02217  8.35%  83.7 10035s
  3453  1954 2503.53297   15  639 2731.17258 2503.53297  8.33%  83.6 10166s
  3454  1955 2503.53297  188  631 2731.17258 2503.53297  8.33%  83.6 10218s
  3455  1955 2574.05566  453  631 2731.17258 2503.53297  8.33%  83.6 10278s
  3456  1959 2523.99845   24  249 2731.17258 2503.53297  8.33%  97.5 10347s
  3458  1960 2525.20383   25  195 2731.17258 2505.14835  8.28%  97.8 10378s
  3462  1963 2527.95964   26  448 2731.17258 2525.20439  7.54%  99.3 10419s
  3466  1973 2572.18796   27  217 2731.17258 2526.00143  7.51%   100 10470s
  3477  1977 2572.39027   28  212 2731.17258 2526.20271  7.50%   101 10552s
  3487  1980 2578.11875   29  152 2731.17258 2526.20271  7.50%   103 10656s
  3494  1988 2578.16220   30  147 2731.17258 2526.20271  7.50%   103 10685s
  3507  1991 2578.55937   32  141 2731.17258 2526.20271  7.50%   103 10710s
  3517  1997 2578.97595   33  139 2731.17258 2526.20271  7.50%   104 10737s
  3529  1998 2579.08031   34  120 2731.17258 2526.20271  7.50%   104 10758s
  3540  1997 2627.20916   35  169 2731.17258 2526.20271  7.50%   104 10797s
  3545  2000 2579.11792   35  138 2731.17258 2527.23230  7.47%   105 10823s
  3550  2009 2591.66264   36  101 2731.17258 2527.23230  7.47%   105 10842s
  3560  2015 2579.71427   37  140 2731.17258 2527.42763  7.46%   106 10871s
  3570  2022 2579.71433   38  141 2731.17258 2527.42763  7.46%   107 10894s
  3584  2019 2617.28191   40   74 2731.17258 2527.42763  7.46%   107 10933s
  3596  2023 2621.20044   41  123 2731.17258 2527.45440  7.46%   107 10988s
  3604  2025 2669.22649   42  105 2731.17258 2527.45440  7.46%   108 11015s
  3613  2030 2671.84146   44   58 2731.17258 2527.45440  7.46%   109 11040s
  3627  2030 infeasible   46      2731.17258 2528.00227  7.44%   110 11079s
  3642  2029 2545.85197   30  140 2731.17258 2528.00227  7.44%   110 11116s
  3649  2031 2577.14853   30  156 2731.17258 2528.00227  7.44%   111 11203s
  3657  2037 2547.06022   31  136 2731.17258 2528.47211  7.42%   112 11248s
  3667  2040 2614.44321   32   93 2731.17258 2528.47211  7.42%   112 11274s
  3677  2039 2615.12562   34   87 2731.17258 2528.47211  7.42%   113 11341s
  3691  2036 2623.97674   34   89 2731.17258 2528.47211  7.42%   113 11420s
  3704  2045 2639.80258   35   87 2731.17258 2528.47474  7.42%   115 11512s
  3719  2056 2654.45857   37   75 2731.17258 2528.47474  7.42%   115 11561s
  3746  2060 2667.95604   43   70 2731.17258 2529.35399  7.39%   116 11685s
  3770  2055 2538.87856   31  131 2731.17258 2529.35469  7.39%   117 11718s
  3775  2059 2577.00295   31  227 2731.17258 2529.57033  7.38%   117 11799s
  3791  2062 2613.83409   32  134 2731.17258 2529.57033  7.38%   118 11847s
  3809  2066 2698.34635   34   91 2731.17258 2529.63662  7.38%   118 11926s
  3854  2064 2598.67019   30   76 2731.17258 2529.63662  7.38%   119 11997s
  3878  2072 2601.20076   33  102 2731.17258 2529.63662  7.38%   120 12065s
  3903  2085 2650.17850   34  122 2731.17258 2537.31679  7.10%   121 12132s
  3942  2081 2704.48504   37  138 2731.17258 2537.31679  7.10%   122 12230s
  3976  2085 2588.00694   30  165 2731.17258 2538.44176  7.06%   123 12278s
  3991  2093 2640.54401   32  174 2731.17258 2538.44176  7.06%   125 12383s
  4022  2106     cutoff   45      2731.17258 2542.74034  6.90%   125 12471s
  4062  2130 2594.10098   31   98 2731.17258 2542.74034  6.90%   126 12549s
  4121  2136 2656.03756   41   34 2731.17258 2542.74034  6.90%   126 12620s
  4192  2135 2709.16886   48   47 2731.17258 2545.75113  6.79%   127 12725s
  4239  2136 2690.20437   32   96 2731.17258 2546.28374  6.77%   128 12803s
  4321  2126 2601.55653   36  130 2731.17258 2547.66208  6.72%   130 12880s
  4354  2133 2654.24442   41  152 2731.17258 2547.66208  6.72%   130 12981s
  4427  2168 2596.98863   32  191 2731.17258 2551.71160  6.57%   131 13102s
  4524  2176 2655.07788   33  133 2731.17258 2553.39894  6.51%   132 13222s
  4637  2222 2603.23744   33  110 2731.17258 2555.68061  6.43%   133 13316s
  4752  2248 2689.94539   45   25 2731.17258 2555.68061  6.43%   133 13444s
  4835  2220 infeasible   35      2731.17258 2557.10985  6.37%   133 13445s
  4904  2229 infeasible   44      2731.17258 2559.37351  6.29%   134 13566s
  5055  2222 infeasible   60      2731.17258 2561.73435  6.20%   132 13682s
  5227  2202 2669.21324   41  124 2731.17258 2564.19385  6.11%   132 13801s

Cutting planes:
  Cover: 70
  Implied bound: 184
  Projected implied bound: 1
  Clique: 8
  MIR: 202
  Mixing: 5
  StrongCG: 36
  Flow cover: 192
  GUB cover: 112
  Zero half: 16
  RLT: 95
  Relax-and-lift: 63
  BQP: 1

Explored 5349 nodes (723429 simplex iterations) in 13803.02 seconds (380.09 work units)
Thread count was 4 (of 46 available processors)

Solution count 10: 2731.17 2731.44 2731.64 ... 2742.61

Time limit reached
Best objective 2.731172579261e+03, best bound 2.565496085910e+03, gap 6.0661%
