
Gurobi 13.0.2 (linux64) logging started Thu Aug 13 15:09:52 2026

Set parameter LogFile to value "/home/23037696r/Documents/research/or_benchmark/wp/results/inactive_0.2/j40/logs/gurobi/j400902_10.log"
Set parameter NumericFocus to value 1
Gurobi Optimizer version 13.0.2 build v13.0.2rc1 (linux64 - "Ubuntu 22.04.3 LTS")

CPU model: Intel Xeon Processor (Cascadelake), instruction set [SSE2|AVX|AVX2|AVX512]
Thread count: 46 physical cores, 46 logical processors, using up to 2 threads

Non-default parameters:
TimeLimit  13800
MIPGap  1e-06
NumericFocus  1
Threads  2

Optimize a model with 56202 rows, 27812 columns and 202386 nonzeros (Min)
Model fingerprint: 0x0fec07b8
Model has 17280 linear objective coefficients and an objective constant of 771.114007857754
Variable types: 7072 continuous, 20740 integer (20540 binary)
Coefficient statistics:
  Matrix range     [1e+00, 3e+02]
  Objective range  [1e-02, 1e+03]
  Bounds range     [1e+00, 3e+02]
  RHS range        [1e+00, 3e+02]

Presolve removed 39466 rows and 9621 columns (presolve time = 5s)...
Presolve removed 39643 rows and 11227 columns (presolve time = 11s)...
Presolve removed 41014 rows and 12055 columns (presolve time = 15s)...
Presolve removed 41014 rows and 12049 columns
Presolve time: 19.10s
Presolved: 15188 rows, 15763 columns, 111787 nonzeros
Variable types: 0 continuous, 15763 integer (10057 binary)
Found heuristic solution: objective 4174.2573097
Deterministic concurrent LP optimizer: primal and dual simplex
Showing primal log only...


Root simplex log...

Iteration    Objective       Primal Inf.    Dual Inf.      Time
       0    1.3129101e+03   1.584904e+03   5.589461e+08     22s
     544    1.0151607e+06   0.000000e+00   1.032120e+05     22s
    7279    2.4917820e+03   0.000000e+00   1.243553e+02     25s
    7407    2.4917862e+03   0.000000e+00   0.000000e+00     25s
Concurrent spin time: 0.29s

Solved with dual simplex

Root simplex log...

Iteration    Objective       Primal Inf.    Dual Inf.      Time
    3790    2.4917862e+03   0.000000e+00   0.000000e+00     26s

Root relaxation: objective 2.491786e+03, 3790 iterations, 5.26 seconds (0.55 work units)

    Nodes    |    Current Node    |     Objective Bounds      |     Work
 Expl Unexpl |  Obj  Depth IntInf | Incumbent    BestBd   Gap | It/Node Time

     0     0 2491.78618    0  110 4174.25731 2491.78618  40.3%     -   27s
     0     0 2495.15531    0  107 4174.25731 2495.15531  40.2%     -   28s
     0     0 2498.07684    0   98 4174.25731 2498.07684  40.2%     -   29s
     0     0 2498.07698    0  111 4174.25731 2498.07698  40.2%     -   32s
H    0     0                    4164.5840108 2498.07698  40.0%     -   33s
     0     0 2498.36603    0   96 4164.58401 2498.36603  40.0%     -   34s
     0     0 2498.38545    0  104 4164.58401 2498.38545  40.0%     -   34s
     0     0 2498.38545    0  103 4164.58401 2498.38545  40.0%     -   35s
     0     0 2498.45968    0  100 4164.58401 2498.45968  40.0%     -   35s
     0     0 2498.45988    0  113 4164.58401 2498.45988  40.0%     -   35s
     0     0 2500.43136    0  130 4164.58401 2500.43136  40.0%     -   38s
     0     0 2500.43136    0  129 4164.58401 2500.43136  40.0%     -   38s
     0     0 2501.12108    0  169 4164.58401 2501.12108  39.9%     -   40s
     0     0 2501.15113    0  129 4164.58401 2501.15113  39.9%     -   41s
     0     0 2501.15113    0  134 4164.58401 2501.15113  39.9%     -   42s
     0     0 2503.81983    0  185 4164.58401 2503.81983  39.9%     -   45s
H    0     0                    4138.8359532 2503.81984  39.5%     -   46s
     0     0 2503.92967    0  185 4138.83595 2503.92967  39.5%     -   47s
     0     0 2503.97021    0  194 4138.83595 2503.97021  39.5%     -   47s
     0     0 2503.97021    0  195 4138.83595 2503.97021  39.5%     -   48s
     0     0 2506.31151    0  199 4138.83595 2506.31151  39.4%     -   50s
     0     0 2506.74835    0  212 4138.83595 2506.74835  39.4%     -   52s
     0     0 2506.83603    0  208 4138.83595 2506.83603  39.4%     -   52s
     0     0 2506.83675    0  210 4138.83595 2506.83675  39.4%     -   53s
     0     0 2506.84309    0  215 4138.83595 2506.84309  39.4%     -   55s
     0     0 2507.12677    0  237 4138.83595 2507.12677  39.4%     -   56s
     0     0 2507.13138    0  243 4138.83595 2507.13138  39.4%     -   57s
     0     0 2507.13161    0  241 4138.83595 2507.13161  39.4%     -   58s
     0     0 2509.67811    0  153 4138.83595 2509.67811  39.4%     -   60s
H    0     0                    2971.1020919 2509.77754  15.5%     -   61s
H    0     0                    2965.0957501 2509.77754  15.4%     -   62s
H    0     0                    2957.9764989 2509.77754  15.2%     -   62s
H    0     0                    2957.3926375 2509.77754  15.1%     -   62s
     0     0 2509.81058    0  154 2957.39264 2509.81058  15.1%     -   63s
     0     0 2509.84008    0  152 2957.39264 2509.84008  15.1%     -   65s
     0     0 2509.87928    0  172 2957.39264 2509.87928  15.1%     -   65s
     0     0 2509.89511    0  165 2957.39264 2509.89511  15.1%     -   66s
     0     0 2509.89574    0  169 2957.39264 2509.89574  15.1%     -   66s
     0     0 2510.31433    0  182 2957.39264 2510.31433  15.1%     -   68s
     0     0 2511.10171    0  199 2957.39264 2511.10171  15.1%     -   70s
     0     0 2511.12439    0  193 2957.39264 2511.12439  15.1%     -   70s
     0     0 2511.12439    0  196 2957.39264 2511.12439  15.1%     -   71s
     0     0 2511.14982    0  197 2957.39264 2511.14982  15.1%     -   72s
     0     0 2511.15027    0  197 2957.39264 2511.15027  15.1%     -   73s
     0     0 2511.15069    0  195 2957.39264 2511.15069  15.1%     -   73s
     0     0 2511.15109    0  195 2957.39264 2511.15109  15.1%     -   73s
     0     0 2511.15143    0  195 2957.39264 2511.15143  15.1%     -   74s
     0     0 2511.15174    0  195 2957.39264 2511.15174  15.1%     -   74s
     0     0 2511.15203    0  195 2957.39264 2511.15203  15.1%     -   74s
     0     0 2511.15231    0  195 2957.39264 2511.15231  15.1%     -   74s
     0     0 2511.15258    0  195 2957.39264 2511.15258  15.1%     -   74s
     0     0 2511.15282    0  195 2957.39264 2511.15282  15.1%     -   75s
     0     0 2511.15305    0  195 2957.39264 2511.15305  15.1%     -   75s
H    0     0                    2950.6656044 2511.17283  14.9%     -   77s
H    0     0                    2946.3644369 2511.17283  14.8%     -   77s
H    0     0                    2915.9597719 2511.17283  13.9%     -   77s
     0     0 2511.17283    0  199 2915.95977 2511.17283  13.9%     -   77s
     0     0 2511.17283    0  199 2915.95977 2511.17283  13.9%     -   78s
     0     0 2511.17283    0  199 2915.95977 2511.17283  13.9%     -   78s
     0     0 2511.17283    0  199 2915.95977 2511.17283  13.9%     -   78s
     0     0 2511.17283    0  199 2915.95977 2511.17283  13.9%     -   78s
     0     0 2511.17283    0  199 2915.95977 2511.17283  13.9%     -   79s
     0     0 2511.17398    0  202 2915.95977 2511.17398  13.9%     -   79s
     0     0 2511.17416    0  202 2915.95977 2511.17416  13.9%     -   79s
     0     0 2511.17434    0  202 2915.95977 2511.17434  13.9%     -   79s
     0     0 2511.17451    0  202 2915.95977 2511.17451  13.9%     -   80s
     0     0 2511.17468    0  202 2915.95977 2511.17468  13.9%     -   80s
     0     0 2511.18652    0  206 2915.95977 2511.18652  13.9%     -   81s
     0     0 2511.18669    0  206 2915.95977 2511.18669  13.9%     -   81s
     0     0 2511.18685    0  207 2915.95977 2511.18685  13.9%     -   81s
     0     0 2511.18701    0  207 2915.95977 2511.18701  13.9%     -   81s
     0     0 2511.18717    0  207 2915.95977 2511.18717  13.9%     -   82s
     0     0 2511.18732    0  207 2915.95977 2511.18732  13.9%     -   82s
     0     0 2511.18746    0  207 2915.95977 2511.18746  13.9%     -   82s
     0     0 2511.18761    0  207 2915.95977 2511.18761  13.9%     -   82s
     0     0 2511.18866    0  208 2915.95977 2511.18866  13.9%     -   82s
     0     0 2511.18877    0  208 2915.95977 2511.18877  13.9%     -   83s
     0     0 2511.18888    0  208 2915.95977 2511.18888  13.9%     -   83s
     0     0 2511.54633    0  200 2915.95977 2511.54633  13.9%     -   83s
     0     0 2511.54639    0  199 2915.95977 2511.54639  13.9%     -   84s
     0     0 2511.54644    0  199 2915.95977 2511.54644  13.9%     -   84s
     0     0 2511.54649    0  199 2915.95977 2511.54649  13.9%     -   84s
     0     0 2511.54653    0  199 2915.95977 2511.54653  13.9%     -   84s
     0     0 2511.54658    0  199 2915.95977 2511.54658  13.9%     -   85s
     0     0 2511.54662    0  199 2915.95977 2511.54662  13.9%     -   85s
     0     0 2511.54666    0  199 2915.95977 2511.54666  13.9%     -   85s
     0     0 2511.54670    0  199 2915.95977 2511.54670  13.9%     -   85s
     0     0 2511.54674    0  199 2915.95977 2511.54674  13.9%     -   86s
     0     0 2511.54678    0  199 2915.95977 2511.54678  13.9%     -   86s
     0     0 2511.54707    0  203 2915.95977 2511.54707  13.9%     -   86s
     0     0 2511.54713    0  203 2915.95977 2511.54713  13.9%     -   87s
     0     0 2511.54719    0  203 2915.95977 2511.54719  13.9%     -   87s
     0     0 2511.54724    0  203 2915.95977 2511.54724  13.9%     -   87s
     0     0 2511.54729    0  203 2915.95977 2511.54729  13.9%     -   88s
     0     0 2511.54734    0  203 2915.95977 2511.54734  13.9%     -   88s
     0     0 2511.54740    0  203 2915.95977 2511.54740  13.9%     -   88s
     0     0 2511.54745    0  203 2915.95977 2511.54745  13.9%     -   88s
     0     0 2511.54749    0  203 2915.95977 2511.54749  13.9%     -   88s
     0     0 2511.54754    0  203 2915.95977 2511.54754  13.9%     -   89s
     0     0 2511.54759    0  203 2915.95977 2511.54759  13.9%     -   89s
     0     0 2511.57792    0  198 2915.95977 2511.57792  13.9%     -   90s
     0     0 2511.57815    0  198 2915.95977 2511.57815  13.9%     -   91s
     0     0 2511.57838    0  198 2915.95977 2511.57838  13.9%     -   91s
     0     0 2511.57860    0  198 2915.95977 2511.57860  13.9%     -   91s
     0     0 2511.57882    0  198 2915.95977 2511.57882  13.9%     -   92s
     0     0 2511.57904    0  198 2915.95977 2511.57904  13.9%     -   92s
     0     0 2511.57925    0  198 2915.95977 2511.57925  13.9%     -   92s
     0     0 2511.57946    0  198 2915.95977 2511.57946  13.9%     -   92s
     0     0 2511.57966    0  198 2915.95977 2511.57966  13.9%     -   93s
     0     0 2511.57986    0  198 2915.95977 2511.57986  13.9%     -   93s
     0     0 2511.58006    0  198 2915.95977 2511.58006  13.9%     -   93s
     0     0 2511.91637    0  191 2915.95977 2511.91637  13.9%     -   95s
     0     0 2511.91637    0  187 2915.95977 2511.91637  13.9%     -   96s
     0     0 2511.91637    0  193 2915.95977 2511.91637  13.9%     -   99s
     0     0 2511.91637    0  199 2915.95977 2511.91637  13.9%     -  100s
     0     0 2511.91637    0  198 2915.95977 2511.91637  13.9%     -  102s
     0     0 2511.91637    0  201 2915.95977 2511.91637  13.9%     -  105s
     0     0 2512.40576    0  192 2915.95977 2512.40576  13.8%     -  107s
     0     0 2512.40675    0  200 2915.95977 2512.40675  13.8%     -  109s
     0     0 2512.52559    0  192 2915.95977 2512.52559  13.8%     -  111s
     0     0 2512.55043    0  209 2915.95977 2512.55043  13.8%     -  113s
     0     0 2512.55087    0  206 2915.95977 2512.55087  13.8%     -  114s
     0     0 2512.60763    0  204 2915.95977 2512.60763  13.8%     -  116s
     0     0 2512.60898    0  208 2915.95977 2512.60898  13.8%     -  118s
     0     0 2512.61308    0  211 2915.95977 2512.61308  13.8%     -  120s
     0     0 2512.62585    0  216 2915.95977 2512.62585  13.8%     -  122s
     0     0 2512.62585    0  207 2915.95977 2512.62585  13.8%     -  123s
     0     0 2512.62585    0  207 2915.95977 2512.62585  13.8%     -  126s
     0     0 2512.62585    0  193 2915.95977 2512.62585  13.8%     -  127s
     0     2 2513.99428    0  187 2915.95977 2513.99428  13.8%     -  135s
     5    13 2513.99428    3  211 2915.95977 2513.99428  13.8%  87.4  140s
H   13    18                    2892.5158237 2513.99428  13.1%   139  144s
H   18    20                    2891.9557876 2513.99428  13.1%   133  148s
H   20    31                    2891.9319622 2513.99428  13.1%   240  153s
H   21    31                    2891.8130734 2513.99428  13.1%   232  153s
    31    40 2526.08167    6  158 2891.81307 2513.99428  13.1%   183  157s
    40    49 2526.32982    7  155 2891.81307 2513.99428  13.1%   159  162s
    49    56 2526.32984    8  153 2891.81307 2513.99428  13.1%   158  165s
    64    82 2526.87514   11  155 2891.81307 2513.99428  13.1%   141  174s
    82    89 2529.55443   17  147 2891.81307 2513.99428  13.1%   123  176s
    89   111 2529.56357   23  148 2891.81307 2513.99428  13.1%   118  182s
   111   118 2529.59772   37  146 2891.81307 2513.99428  13.1%   106  186s
   118   129 2529.59990   38  149 2891.81307 2513.99428  13.1%   103  191s
   131   149 2529.60738   40  148 2891.81307 2513.99428  13.1%  97.4  199s
   149   151 2529.61782   45  145 2891.81307 2513.99428  13.1%  93.7  200s
   151   162 2529.62799   46  144 2891.81307 2513.99428  13.1%  93.2  206s
   166   182 2553.62311   56  116 2891.81307 2513.99428  13.1%  97.2  215s
   186   205 2553.71576   74  117 2891.81307 2513.99428  13.1%   100  222s
   209   232 2553.78124   94  116 2891.81307 2513.99428  13.1%  93.5  228s
   234   260 2553.96440  115  115 2891.81307 2513.99428  13.1%  87.2  234s
   264   288 2554.09217  137  116 2891.81307 2513.99428  13.1%  80.0  240s
   294   308 2554.22093  163  115 2891.81307 2513.99428  13.1%  74.8  245s
   320   340 2554.26550  183  119 2891.81307 2513.99428  13.1%  73.5  251s
   352   383 2554.35542  211  118 2891.81307 2513.99428  13.1%  70.3  258s
   397   415 2554.38474  233  116 2891.81307 2513.99428  13.1%  65.0  264s
   429   450 2556.36672  249  120 2891.81307 2513.99428  13.1%  63.1  270s
   464   475 2554.68465  265  111 2891.81307 2513.99428  13.1%  60.0  275s
   489   489 2669.66592  276  105 2891.81307 2513.99428  13.1%  61.5  282s
   509   493 2605.35834    4  133 2891.81307 2513.99428  13.1%  64.0  285s
   513   499 2605.39292    6  110 2891.81307 2513.99428  13.1%  66.5  290s
   519   536 2605.47760   10  125 2891.81307 2513.99428  13.1%  67.1  298s
   556   566 2605.66952   45  113 2891.81307 2513.99428  13.1%  64.3  303s
   588   640 2606.79645   61   89 2891.81307 2513.99428  13.1%  61.5  315s
   664   726 2609.35790   77   76 2891.81307 2513.99428  13.1%  56.5  326s
   757   799 2609.56713  123   79 2891.81307 2513.99428  13.1%  51.0  340s
   829   836 infeasible  173      2891.81307 2513.99428  13.1%  48.5  350s
   882   837 2556.15627  190  193 2891.81307 2513.99428  13.1%  47.8  488s
   884   838 2554.44197  107  146 2891.81307 2513.99428  13.1%  47.6  534s
   885   839 2529.94570   40  181 2891.81307 2513.99428  13.1%  47.6  548s
   886   840 2557.14912  236   61 2891.81307 2514.05339  13.1%  47.5  552s
   888   841 2609.65408  108  161 2891.81307 2527.05282  12.6%  47.4  557s
   889   842 2609.66133   91  197 2891.81307 2532.48673  12.4%  47.4  560s
   891   843 2556.28938  198  196 2891.81307 2534.08363  12.4%  47.3  565s
   894   845 2552.97065  113  193 2891.81307 2534.13679  12.4%  47.1  571s
   897   847 2664.87545  201  197 2891.81307 2534.16914  12.4%  47.0  575s
   899   848 2664.87545  201  207 2891.81307 2535.25137  12.3%  46.8  588s
   900   849 2669.68163  277  206 2891.81307 2535.67246  12.3%  46.8  590s
   903   851 2554.58925  240  215 2891.81307 2535.83353  12.3%  46.6  597s
   904   852 2553.10118  136  329 2891.81307 2537.41451  12.3%  46.6  612s
   906   853 2537.41451   74  230 2891.81307 2537.41451  12.3%  46.5  616s
   908   854 2554.65335  256  372 2891.81307 2538.17125  12.2%  46.4  621s
   910   856 2554.33176  190  375 2891.81307 2538.21246  12.2%  46.3  626s
   911   856 2540.23700   35  356 2891.81307 2540.23700  12.2%  46.2  636s
   912   857 2564.29060  277  328 2891.81307 2540.23700  12.2%  46.2  640s
   914   858 2554.27104   92  334 2891.81307 2540.23700  12.2%  46.1  645s
   917   860 2555.13059  143  349 2891.81307 2540.99798  12.1%  45.9  652s
   918   861 2669.96143  277  353 2891.81307 2541.38229  12.1%  45.9  658s
   919   862 2554.05812   83  347 2891.81307 2541.54368  12.1%  45.8  661s
   921   863 2609.55871  102  354 2891.81307 2542.26707  12.1%  45.7  671s
   923   864 2554.37436  219  354 2891.81307 2542.26707  12.1%  45.6  676s
   924   865 2554.66060  264  346 2891.81307 2543.65863  12.0%  45.6  684s
   925   866 2556.03988  212  350 2891.81307 2543.65863  12.0%  45.5  686s
   927   867 2554.49036  246  344 2891.81307 2543.65863  12.0%  45.4  692s
   928   868 2605.54903   33  336 2891.81307 2543.65863  12.0%  45.4  701s
   930   869 2556.38478  232  359 2891.81307 2543.80009  12.0%  45.3  706s
   932   870 2605.50304   16  346 2891.81307 2543.82081  12.0%  45.2  710s
   934   872 2605.51122   18  335 2891.81307 2545.37953  12.0%  45.1  720s
   937   874 2554.67621  258  348 2891.81307 2545.37953  12.0%  44.9  726s
   938   874 2545.60731   52  342 2891.81307 2545.60731  12.0%  44.9  732s
   939   875 2553.80888  136  351 2891.81307 2545.60731  12.0%  44.9  735s
   940   876 2554.30000   99  317 2891.81307 2549.17156  11.8%  44.8  745s
   942   877 2550.24526   29  282 2891.81307 2550.24526  11.8%  44.7  751s
   944   878 2550.33371   28  228 2891.81307 2550.33371  11.8%  44.6  755s
   946   880 2553.06073  133  374 2891.81307 2552.30862  11.7%  44.5  767s
   947   880 2554.64242  254  211 2891.81307 2553.55390  11.7%  44.5  770s
   950   882 2553.98816  134  236 2891.81307 2553.98816  11.7%  44.3  775s
   952   884 2623.02065  173  211 2891.81307 2554.78453  11.7%  44.2  783s
   953   884 2555.14069   51  381 2891.81307 2555.14069  11.6%  44.2  785s
   956   886 2605.53676   29  390 2891.81307 2555.23872  11.6%  44.1  791s
   957   887 2557.10377  118  399 2891.81307 2557.10377  11.6%  44.0  798s
   959   888 2557.10377   87  419 2891.81307 2557.10377  11.6%  43.9  801s
   961   890 2557.99876   82  358 2891.81307 2557.99876  11.5%  43.8  810s
   964   892 2664.79598  197  375 2891.81307 2558.17771  11.5%  43.7  816s
   965   892 2558.91278  138  385 2891.81307 2558.91278  11.5%  43.6  824s
   966   893 2559.09851  201  406 2891.81307 2559.09851  11.5%  43.6  826s
   968   894 2559.17178  105  423 2891.81307 2559.17178  11.5%  43.5  830s
   970   896 2610.98636  155  246 2891.81307 2560.94065  11.4%  43.4  839s
   971   896 2561.08071  166  268 2891.81307 2561.08071  11.4%  43.4  841s
   974   898 2561.16315   47  268 2891.81307 2561.16315  11.4%  43.2  847s
   975   899 2561.26174   68  268 2891.81307 2561.26174  11.4%  43.2  856s
   977   900 2561.26174  159  277 2891.81307 2561.26174  11.4%  43.1  860s
   978   901 2561.86464  159  272 2891.81307 2561.86464  11.4%  43.1  868s
   979   902 2561.86464   53  269 2891.81307 2561.86464  11.4%  43.0  870s
   981   903 2606.75528   60  276 2891.81307 2561.86464  11.4%  42.9  875s
   982   904 2562.48537  190  270 2891.81307 2562.48537  11.4%  42.9  882s
   984   905 2562.48537  107  403 2891.81307 2562.48537  11.4%  42.8  887s
   985   906 2562.48537   40  387 2891.81307 2562.48537  11.4%  42.8  895s
   987   907 2562.77138  197  400 2891.81307 2562.77138  11.4%  42.7  902s
   989   908 2609.66133   91  403 2891.81307 2562.77138  11.4%  42.6  910s
   991   910 2562.77138  198  393 2891.81307 2562.77138  11.4%  42.5  917s
   994   913 2562.77138  113  193 2891.81307 2562.77138  11.4%  83.3  971s
   996   914 2562.77138  246  135 2891.81307 2562.77138  11.4%  83.1  988s
   997   915 2664.87545  201  186 2891.81307 2562.77138  11.4%  83.0  994s
   998   916 2562.77138  219   66 2891.81307 2562.77138  11.4%  83.0  997s
  1000   917 2669.68163  277  203 2891.81307 2562.77138  11.4%  82.8 1002s
  1001   918 2562.77138   71  189 2891.81307 2562.77138  11.4%  82.7 1005s
  1003   919 2562.77138  240  187 2891.81307 2562.77138  11.4%  82.5 1010s
  1005   920 2562.77138   49  317 2891.81307 2562.77138  11.4%  82.4 1015s
  1008   922 2562.77138  256  182 2891.81307 2562.77138  11.4%  82.1 1022s
  1010   924 2562.77138  190  336 2891.81307 2562.77138  11.4%  82.0 1026s
  1012   925 2564.29060  277  338 2891.81307 2562.77138  11.4%  81.8 1030s
  1014   926 2562.77138   92  392 2891.81307 2562.77138  11.4%  81.6 1035s
  1017   928 2562.77138  143  409 2891.81307 2562.77138  11.4%  81.4 1042s
  1018   929 2669.96143  277  252 2891.81307 2562.77138  11.4%  81.3 1046s
  1020   930 2562.77138  191  387 2891.81307 2562.77138  11.4%  81.2 1050s
  1023   932 2562.77138  219  408 2891.81307 2562.77138  11.4%  80.9 1056s
  1026   934 2606.33879   11  398 2891.81307 2562.77138  11.4%  80.7 1061s
  1029   936 2562.77138   50  402 2891.81307 2562.77138  11.4%  80.5 1065s
  1031   938 2609.50227   85  261 2891.81307 2562.77138  11.4%  80.3 1070s
  1033   939 2609.65408  108  261 2891.81307 2562.77138  11.4%  80.1 1075s
  1034   940 2605.51122   18  264 2891.81307 2562.77138  11.4%  80.1 1081s
  1036   941 2562.77138  129  269 2891.81307 2562.77138  11.4%  79.9 1085s
  1037   942 2562.77138  258  272 2891.81307 2562.77138  11.4%  79.8 1092s
  1039   943 2562.77138  136  278 2891.81307 2562.77138  11.4%  79.7 1097s
  1040   944 2562.77138   99  271 2891.81307 2562.77138  11.4%  79.6 1104s
  1041   944 2562.77138  141  266 2891.81307 2562.77138  11.4%  79.5 1106s
  1043   946 2564.03680  206  405 2891.81307 2564.03680  11.3%  79.4 1119s
  1044   946 2564.03680   28  404 2891.81307 2564.03680  11.3%  79.3 1122s
  1045   947 2564.03680  226  398 2891.81307 2564.03680  11.3%  79.2 1126s
  1046   948 2564.03680  133  409 2891.81307 2564.03680  11.3%  79.2 1137s
  1048   949 2609.60018  120  418 2891.81307 2564.03680  11.3%  79.0 1144s
  1049   950 2564.03680   19  282 2891.81307 2564.03680  11.3%  78.9 1152s
  1050   950 2564.03680  134  289 2891.81307 2564.03680  11.3%  78.9 1155s
  1051   951 2564.03680  246  275 2891.81307 2564.03680  11.3%  78.8 1163s
  1052   952 2623.02065  173  278 2891.81307 2564.03680  11.3%  78.7 1166s
  1053   952 2564.03680   51  281 2891.81307 2564.03680  11.3%  78.6 1172s
  1054   953 2564.03680  183  279 2891.81307 2564.03680  11.3%  78.6 1176s
  1055   954 2564.09595   57  279 2891.81307 2564.09595  11.3%  78.5 1182s
  1056   954 2605.53676   29  279 2891.81307 2564.09595  11.3%  78.4 1187s
  1057   955 2564.51919  118  279 2891.81307 2564.51919  11.3%  78.3 1205s
  1058   959 2567.41760   20  192 2891.81307 2564.51919  11.3%   108 1226s
  1060   960 2569.50919   21  321 2891.81307 2567.42374  11.2%   109 1234s
  1062   966 2569.54738   22  327 2891.81307 2567.42374  11.2%   109 1242s
  1069   969 2612.65074   23  146 2891.81307 2567.42374  11.2%   111 1250s
  1074   971 2570.15788   24  296 2891.81307 2567.42374  11.2%   112 1262s
  1078   974 2611.33422   24  151 2891.81307 2567.42374  11.2%   113 1270s
  1082   978 2571.68827   25  268 2891.81307 2567.42374  11.2%   113 1285s
  1087   979 2571.33150   25  319 2891.81307 2567.42374  11.2%   114 1357s
  1090   982 2572.12162   26  234 2891.81307 2567.42374  11.2%   114 1368s
  1094   983 2611.47598   26  145 2891.81307 2567.42374  11.2%   115 1387s
  1096   989 2576.24171   27  238 2891.81307 2567.42374  11.2%   115 1410s
  1103   993 2576.32949   28  237 2891.81307 2567.42374  11.2%   115 1425s
  1109   993 2622.43943   29  140 2891.81307 2567.42374  11.2%   115 1528s
  1111   996 2582.28071   29   87 2891.81307 2567.42374  11.2%   116 1551s
  1115   998 2584.61272   30   99 2891.81307 2567.42374  11.2%   117 1558s
  1118   999 2585.02532   31   97 2891.81307 2567.42374  11.2%   118 1568s
  1121  1002 2646.41283   31   34 2891.81307 2567.42374  11.2%   119 1578s
  1127  1008 2585.14999   32  102 2891.81307 2567.42374  11.2%   119 1586s
  1135  1013 2585.40329   34  101 2891.81307 2567.42374  11.2%   119 1602s
  1145  1016 2589.26314   37   98 2891.81307 2567.42374  11.2%   120 1610s
  1152  1020 2594.21912   39   72 2891.81307 2567.42374  11.2%   120 1623s
  1162  1023 2595.02830   42   73 2891.81307 2567.42374  11.2%   120 1635s
  1169  1026 2705.90161   44   39 2891.81307 2567.42374  11.2%   120 1652s
  1176  1030 2861.79723   47   38 2891.81307 2567.42374  11.2%   122 1668s
  1186  1031 2780.34245   49   27 2891.81307 2567.42374  11.2%   122 1687s
  1194  1024 2857.52828   51   70 2891.81307 2567.42374  11.2%   122 1703s
  1204  1017 2829.39630   57  137 2891.81307 2571.33164  11.1%   123 1719s
  1213  1015 infeasible   47      2891.81307 2573.03564  11.0%   125 1743s
  1216  1018 2659.19122   27  181 2891.81307 2573.03564  11.0%   128 1757s
  1220  1021 2659.24992   28  172 2891.81307 2573.03564  11.0%   129 1772s
  1224  1028 2659.28494   29  178 2891.81307 2573.03564  11.0%   131 1789s
  1233  1034 2659.28823   30  178 2891.81307 2573.03564  11.0%   131 1813s
  1242  1041 2689.28577   31  217 2891.81307 2573.03564  11.0%   135 1837s
  1252  1053 2717.88015   32  176 2891.81307 2573.03564  11.0%   137 1858s
  1273  1069 2776.19910   37   96 2891.81307 2573.03564  11.0%   137 1884s
  1298  1087 2808.05766   45   92 2891.81307 2573.03564  11.0%   135 1905s
  1330  1086 2817.08021   57   47 2891.81307 2573.03694  11.0%   133 1925s
  1355  1089 2573.80039   29  238 2891.81307 2573.03694  11.0%   132 1943s
  1378  1112 2576.35605   36  101 2891.81307 2573.03694  11.0%   131 1965s
  1409  1110 2581.78286   50  101 2891.81307 2573.03694  11.0%   131 1995s
  1418  1128     cutoff   52      2891.81307 2573.03694  11.0%   133 2024s
  1443  1129 2772.15468   60  151 2891.81307 2573.03694  11.0%   134 2051s
  1454  1149 2863.19429   64   72 2891.81307 2573.03694  11.0%   135 2081s
  1483  1168 2831.24461   71  105 2891.81307 2573.48978  11.0%   134 2115s
  1534  1182 2589.05185   38   97 2891.81307 2573.80375  11.0%   132 2141s
  1565  1220 2674.20232   42   41 2891.81307 2573.80375  11.0%   130 2177s
  1625  1224 2706.47403   48   45 2891.81307 2573.80375  11.0%   128 2211s
  1665  1234 2841.43209   34   38 2891.81307 2574.60495  11.0%   128 2247s
  1699  1240 2682.89164   37  113 2891.81307 2574.60495  11.0%   127 2273s
  1716  1262 2686.97069   50  113 2891.81307 2574.60495  11.0%   127 2301s
  1749  1284 2713.34397   55   61 2891.81307 2575.14832  11.0%   126 2375s
  1812  1281 2682.93551   38  107 2891.81307 2576.35683  10.9%   124 2422s
  1844  1282 2767.89836   44  117 2891.81307 2576.35683  10.9%   124 2459s
  1867  1274 2587.66303   30   86 2891.81307 2576.35683  10.9%   123 2460s
  1875  1291 2589.86506   31   74 2891.81307 2576.35683  10.9%   125 2510s
  1899  1321 2853.76878   38   20 2891.81307 2576.62722  10.9%   125 2572s
  1949  1310 infeasible   61      2891.81307 2576.63026  10.9%   123 2628s
  1961  1308 2686.44717   44  111 2891.81307 2576.63026  10.9%   124 2650s
  1963  1317 2686.47613   45  111 2891.81307 2576.63026  10.9%   124 2715s
  1973  1334 2690.65921   53  102 2891.81307 2576.63026  10.9%   124 2900s
  1999  1364     cutoff   70      2891.81307 2576.78469  10.9%   123 3010s
  2074  1382 2690.66074   49   89 2891.81307 2577.51798  10.9%   122 3057s
  2185  1376 2697.34080   58  104 2891.81307 2577.51798  10.9%   117 3159s
  2242  1432 2844.03378   54   47 2891.81307 2578.02911  10.9%   115 3230s
  2362  1535 2843.08625   47   42 2891.81307 2578.07695  10.8%   110 3301s
  2583  1561     cutoff   64      2891.81307 2578.48416  10.8%   104 3378s
  2753  1585 2693.71077   47  113 2891.81307 2578.73042  10.8%   100 3449s
  3003  1541 2696.08572   47   96 2891.81307 2579.45972  10.8%  94.4 3512s
  3121  1628 2812.82984   62  108 2891.81307 2579.86488  10.8%  91.7 3592s
  3442  1574 2624.17499   53  140 2891.81307 2581.86276  10.7%  86.0 3665s
  3540  1641 infeasible   57      2891.81307 2582.65633  10.7%  84.9 3751s
  3789  1631 2812.00339   56   27 2891.81307 2585.80874  10.6%  82.3 3823s
  3913  1671 2651.98434   46   81 2891.81307 2586.63828  10.6%  81.2 3897s
  4059  1809 2711.30209   45   80 2891.81307 2587.46210  10.5%  80.0 3983s
  4277  1942 2773.03628   37   77 2891.81307 2588.05738  10.5%  77.3 4082s
  4610  2077 2694.82901   42   77 2891.81307 2589.82307  10.4%  73.4 4183s
  4874  2264 2806.37582   52   22 2891.81307 2590.46054  10.4%  71.2 4287s
  5273  2309 2693.71219   49   49 2891.81307 2591.85596  10.4%  66.7 4380s
  5422  2431 infeasible   48      2891.81307 2592.47548  10.4%  66.7 4478s
  5690  2648 2708.14009   38   55 2891.81307 2592.48044  10.4%  64.9 4577s
  6057  2775 infeasible   44      2891.81307 2594.41855  10.3%  62.5 4678s
  6321  2901 2689.08017   38  112 2891.81307 2596.46253  10.2%  61.3 4791s
  6620  3078 2707.76456   43   87 2891.81307 2596.79116  10.2%  59.9 4914s
  7035  3197 2782.20925   46   31 2891.81307 2602.68785  10.0%  57.6 5012s
  7269  3290 2759.93579   62   93 2891.81307 2611.33422  9.70%  57.2 5458s
  7405  3447 2668.86528   29   91 2891.81307 2612.11611  9.67%  58.7 5699s
  7686  3582 2832.62310   68   80 2891.81307 2612.53511  9.66%  60.5 5901s
  7888  3740 2796.68158   42   58 2891.81307 2615.37485  9.56%  62.3 6141s
  8159  3844 2843.80754   64   95 2891.81307 2615.60025  9.55%  64.1 6343s
  8391  4033 2699.00297   34  201 2891.81307 2615.84534  9.54%  64.4 6525s
  8675  4109 infeasible   39      2891.81307 2615.87159  9.54%  65.3 6703s
  8780  4198 2717.47551   44  139 2891.81307 2616.06497  9.54%  67.3 6893s
  8987  4372 2681.92176   39  108 2891.81307 2616.49663  9.52%  67.6 7104s
  9298  4561 2675.12447   23  156 2891.81307 2616.96395  9.50%  67.3 7268s
  9691  4683 2648.49566   36  175 2891.81307 2617.39065  9.49%  67.6 7437s
  9888  4917 2636.31722   40  156 2891.81307 2617.55558  9.48%  67.6 7638s
 10317  4994 2751.99439   37   24 2891.81307 2617.91598  9.47%  67.5 7834s
 10465  5136 2718.95884   34  156 2891.81307 2618.06599  9.47%  67.9 8000s
 10756  5213 2656.79266   45   81 2891.81307 2618.23690  9.46%  68.7 8107s
 10890  5281 2675.50924   36   75 2891.81307 2618.36851  9.46%  68.7 8253s
 11036  5414 2678.49613   34  182 2891.81307 2618.42521  9.45%  68.8 8421s
 11284  5524 2712.77351   37  179 2891.81307 2618.44128  9.45%  68.5 8589s
 11530  5710 2718.04699   46   90 2891.81307 2618.69763  9.44%  68.8 8791s
 11905  5945 2843.54885   72   22 2891.81307 2619.30272  9.42%  68.6 8978s
 12318  6171 2726.24146   34  158 2891.81307 2619.85609  9.40%  67.9 9173s
 12739  6367 2666.66121   45  112 2891.81307 2620.46650  9.38%  67.3 9334s
 13074  6367 2856.45047   54   47 2891.81307 2620.69581  9.38%  67.1 9410s
 13086  6511 2690.81165   29   67 2891.81307 2620.90269  9.37%  67.3 9515s
 13321  6739 2881.41489   62   54 2891.81307 2621.08330  9.36%  67.4 9659s
 13713  6795 2865.95108   65   85 2891.81307 2621.32509  9.35%  67.7 9832s
 13840  7004 2633.15254   31   48 2891.81307 2621.39438  9.35%  68.0 9987s
 14256  7133 2622.98077   32   48 2891.81307 2622.16270  9.32%  68.0 10110s
 14447  7301 2771.15189   55   22 2891.81307 2622.16270  9.32%  68.5 10251s
 14794  7302 2765.96260   35  193 2891.81307 2622.42045  9.32%  68.3 11404s
 14796  7303 2661.77341   39   78 2891.81307 2622.42045  9.32%  68.3 11478s
 14797  7304 2733.08568   51  196 2891.81307 2622.42045  9.32%  68.3 11507s
 14798  7305 2699.45282   45  175 2891.81307 2622.42045  9.32%  68.3 11517s
 14799  7305 2721.15277   32   55 2891.81307 2622.42045  9.32%  68.3 11525s
 14800  7306 2819.49182   52  209 2891.81307 2622.42045  9.32%  68.3 11534s
 14801  7307 2845.23684   56  197 2891.81307 2622.42045  9.32%  68.3 11548s
 14802  7307 2740.96143   53  219 2891.81307 2622.42045  9.32%  68.3 11557s
 14803  7308 2827.35494   59  322 2891.81307 2622.42045  9.32%  68.3 11567s
 14804  7309 2657.18207   32  223 2891.81307 2622.42045  9.32%  68.3 11575s
 14805  7309 2852.04700   56  226 2891.81307 2622.42045  9.32%  68.3 11582s
 14806  7310 2750.41421   38  270 2891.81307 2622.42045  9.32%  68.3 11591s
 14807  7311 2730.23502   41  280 2891.81307 2622.42045  9.32%  68.3 11599s
 14808  7311 2721.26656   37  267 2891.81307 2622.42045  9.32%  68.3 11605s
 14809  7312 2809.10451   44  279 2891.81307 2622.42045  9.32%  68.3 11612s
 14810  7313 2847.45130   49  223 2891.81307 2622.42045  9.32%  68.3 11621s
 14811  7313 2738.09194   41  290 2891.81307 2622.42045  9.32%  68.3 11627s
 14812  7314 2669.72097   48  285 2891.81307 2622.42045  9.32%  68.3 11633s
 14813  7315 2843.59090   50  242 2891.81307 2622.42045  9.32%  68.3 11640s
 14814  7315 2730.65847   57  241 2891.81307 2622.42045  9.32%  68.3 11646s
 14815  7316 2710.22624   44  239 2891.81307 2622.42045  9.32%  68.2 11652s
 14816  7317 2769.65241   40  248 2891.81307 2622.42045  9.32%  68.2 11661s
 14817  7317 2665.99010   44  267 2891.81307 2622.42045  9.32%  68.2 11667s
 14818  7318 2766.41065   39  263 2891.81307 2622.42045  9.32%  68.2 11672s
 14819  7319 2707.71141   50  258 2891.81307 2622.42045  9.32%  68.2 11678s
 14820  7319 2768.47312   44  274 2891.81307 2622.42045  9.32%  68.2 11685s
 14822  7321 2873.37219   53  279 2891.81307 2622.42045  9.32%  68.2 11694s
 14823  7321 2721.16247   40  281 2891.81307 2622.42045  9.32%  68.2 11702s
 14824  7322 2822.09915   42  271 2891.81307 2622.42045  9.32%  68.2 11770s
 14825  7323 2831.75362   66  286 2891.81307 2622.42045  9.32%  68.2 11777s
 14826  7323 2711.48383   36  282 2891.81307 2622.42045  9.32%  68.2 11782s
 14827  7324 2847.88081   30  280 2891.81307 2622.42045  9.32%  68.2 11838s
 14828  7325 2629.42127   40  274 2891.81307 2622.42045  9.32%  68.2 11900s
 14829  7325 2668.20868   35  281 2891.81307 2622.42045  9.32%  68.2 11905s
 14830  7326 2816.09993   53  286 2891.81307 2622.42045  9.32%  68.2 11951s
 14831  7327 2879.88186   65  278 2891.81307 2622.42045  9.32%  68.2 12007s
 14832  7327 2812.30633   65  295 2891.81307 2622.42045  9.32%  68.2 12011s
 14833  7328 2843.12326   48  287 2891.81307 2622.42045  9.32%  68.2 12015s
 14834  7329 2843.11016   59  301 2891.81307 2622.42045  9.32%  68.2 12061s
 14835  7329 2770.32401   41  269 2891.81307 2622.42045  9.32%  68.2 12136s
 14836  7330 2775.71733   46  275 2891.81307 2622.42045  9.32%  68.2 12141s
 14837  7331 2741.43657   58  286 2891.81307 2622.42045  9.32%  68.1 12147s
 14838  7331 2690.05623   49  281 2891.81307 2622.42045  9.32%  68.1 12198s
 14839  7332 2749.12128   43  321 2891.81307 2622.42045  9.32%  68.1 12272s
 14840  7333 2861.48387   57  322 2891.81307 2622.42045  9.32%  68.1 12278s
 14841  7333 2763.35909   52  332 2891.81307 2622.42045  9.32%  68.1 12283s
 14842  7334 2799.70021   52  286 2891.81307 2622.42045  9.32%  68.1 12287s
 14843  7335 2756.68758   49  286 2891.81307 2622.42045  9.32%  68.1 12342s
 14844  7335 2836.11776   42  288 2891.81307 2622.42045  9.32%  68.1 12418s
 14845  7336 2842.44201   58  288 2891.81307 2622.42045  9.32%  68.1 12425s
 14846  7337 2849.05588   54  287 2891.81307 2622.42045  9.32%  68.1 12478s
 14847  7337 2718.98613   53  293 2891.81307 2622.42045  9.32%  68.1 12539s
 14848  7338 2754.95494   50  295 2891.81307 2622.42045  9.32%  68.1 12544s
 14849  7339 2676.29331   42  282 2891.81307 2622.42045  9.32%  68.1 12548s
 14850  7339 2833.09880   38  290 2891.81307 2622.42045  9.32%  68.1 12552s
 14851  7340 2785.18540   46  295 2891.81307 2622.42045  9.32%  68.1 12600s
 14852  7341 2764.91672   62  310 2891.81307 2622.42045  9.32%  68.1 12663s
 14853  7341 2726.81972   44  356 2891.81307 2622.42045  9.32%  68.1 12668s
 14854  7342 2723.39285   44  359 2891.81307 2622.42045  9.32%  68.1 12725s
 14855  7343 2794.27789   61  361 2891.81307 2622.42045  9.32%  68.1 12785s
 14856  7343 2764.65638   46  367 2891.81307 2622.42045  9.32%  68.1 12846s
 14857  7344 2853.40074   56  375 2891.81307 2622.42045  9.32%  68.1 12922s
 14858  7345 2733.72464   41  363 2891.81307 2622.42045  9.32%  68.1 12928s
 14859  7345 2755.30652   47  498 2891.81307 2622.42045  9.32%  68.0 12939s
 14860  7346 2817.71761   45  508 2891.81307 2622.42045  9.32%  68.0 13006s
 14861  7347 2631.28006   29  367 2891.81307 2622.42045  9.32%  68.0 13088s
 14862  7347 2745.40450   45  377 2891.81307 2622.42045  9.32%  68.0 13092s
 14863  7348 2787.73722   42  379 2891.81307 2622.42045  9.32%  68.0 13096s
 14864  7349 2887.88507   69  380 2891.81307 2622.42045  9.32%  68.0 13154s
 14865  7349 2707.61590   41  361 2891.81307 2622.42045  9.32%  68.0 13228s
 14866  7350 2666.16139   39  352 2891.81307 2622.42045  9.32%  68.0 13235s
 14867  7351 2699.45519   39  369 2891.81307 2622.42045  9.32%  68.0 13243s
 14868  7351 2680.59160   46  373 2891.81307 2622.42045  9.32%  68.0 13249s
 14869  7352 2719.40019   61  375 2891.81307 2622.42045  9.32%  68.0 13309s
 14870  7353 2862.40160   58  381 2891.81307 2622.42045  9.32%  68.0 13390s
 14871  7353 2696.39865   50  370 2891.81307 2622.42045  9.32%  68.0 13397s
 14872  7354 2818.80006   47  374 2891.81307 2622.42045  9.32%  68.0 13404s
 14873  7355 2656.43968   30  387 2891.81307 2622.42045  9.32%  68.0 13410s
 14874  7355 2699.62851   47  389 2891.81307 2622.42045  9.32%  68.0 13468s
 14875  7356 2677.46828   54  457 2891.81307 2622.42045  9.32%  68.0 13543s
 14876  7357 2697.41566   36  457 2891.81307 2622.42045  9.32%  68.0 13549s
 14877  7357 2765.89019   57  451 2891.81307 2622.42045  9.32%  68.0 13553s
 14878  7358 2715.81712   44  456 2891.81307 2622.42045  9.32%  68.0 13612s
 14879  7359 2706.48178   46  431 2891.81307 2622.42045  9.32%  68.0 13681s
 14880  7359 2657.26468   51  434 2891.81307 2622.42045  9.32%  68.0 13685s
 14881  7360 2733.97563   66  430 2891.81307 2622.42045  9.32%  67.9 13690s
 14882  7361 2851.57375   42  439 2891.81307 2622.42045  9.32%  67.9 13695s
 14883  7361 2623.44812   37  445 2891.81307 2622.42045  9.32%  67.9 13744s

Cutting planes:
  Gomory: 1
  Cover: 56
  Implied bound: 382
  Projected implied bound: 2
  Clique: 7
  MIR: 138
  StrongCG: 16
  Flow cover: 82
  GUB cover: 47
  Zero half: 20
  RLT: 23
  Relax-and-lift: 107
  BQP: 1

Explored 14883 nodes (1070098 simplex iterations) in 13801.52 seconds (1259.62 work units)
Thread count was 2 (of 46 available processors)

Solution count 10: 2891.81 2891.81 2891.93 ... 2950.67

Time limit reached
Best objective 2.891813073429e+03, best bound 2.622420450809e+03, gap 9.3157%
