
Gurobi 13.0.2 (linux64) logging started Mon Aug 10 19:51:27 2026

Set parameter LogFile to value "/home/23037696r/Documents/research/or_benchmark/wp/results/inactivate_0.1/j30/logs/gurobi/j300301_7.log"
Set parameter NumericFocus to value 1
Gurobi Optimizer version 13.0.2 build v13.0.2rc1 (linux64 - "Ubuntu 22.04.3 LTS")

CPU model: Intel Xeon Processor (Cascadelake), instruction set [SSE2|AVX|AVX2|AVX512]
Thread count: 46 physical cores, 46 logical processors, using up to 4 threads

Non-default parameters:
TimeLimit  82800
MIPGap  1e-06
NumericFocus  1
Threads  4

Optimize a model with 22339 rows, 11436 columns and 87411 nonzeros (Min)
Model fingerprint: 0x7621a215
Model has 8082 linear objective coefficients and an objective constant of 3.0052113958225141e+02
Variable types: 1323 continuous, 10113 integer (9958 binary)
Coefficient statistics:
  Matrix range     [1e+00, 2e+02]
  Objective range  [1e-02, 1e+03]
  Bounds range     [1e+00, 2e+02]
  RHS range        [1e+00, 2e+02]

Presolve removed 18151 rows and 4402 columns
Presolve time: 0.28s
Presolved: 4188 rows, 7034 columns, 29972 nonzeros
Variable types: 0 continuous, 7034 integer (5670 binary)
Found heuristic solution: objective 3054.6025062

Root relaxation: objective 1.578549e+03, 2577 iterations, 0.19 seconds (0.26 work units)

    Nodes    |    Current Node    |     Objective Bounds      |     Work
 Expl Unexpl |  Obj  Depth IntInf | Incumbent    BestBd   Gap | It/Node Time

     0     0 1578.54930    0   85 3054.60251 1578.54930  48.3%     -    0s
H    0     0                    1727.3785505 1578.54930  8.62%     -    0s
H    0     0                    1715.3124885 1578.54930  7.97%     -    0s
     0     0 1585.66322    0  107 1715.31249 1585.66322  7.56%     -    0s
H    0     0                    1698.2938949 1585.69918  6.63%     -    0s
H    0     0                    1695.7809403 1585.69918  6.49%     -    0s
H    0     0                    1694.8055133 1585.69918  6.44%     -    0s
     0     0 1585.69918    0  108 1694.80551 1585.69918  6.44%     -    0s
     0     0 1587.16100    0  105 1694.80551 1587.16100  6.35%     -    1s
     0     0 1588.76910    0  104 1694.80551 1588.76910  6.26%     -    1s
     0     0 1590.98302    0   84 1694.80551 1590.98302  6.13%     -    1s
     0     0 1590.98302    0   84 1694.80551 1590.98302  6.13%     -    1s
     0     0 1590.98302    0   84 1694.80551 1590.98302  6.13%     -    1s
     0     0 1590.98302    0   84 1694.80551 1590.98302  6.13%     -    1s
     0     0 1590.98302    0   84 1694.80551 1590.98302  6.13%     -    1s
     0     0 1590.98351    0   73 1694.80551 1590.98351  6.13%     -    1s
     0     0 1591.00599    0   82 1694.80551 1591.00599  6.12%     -    1s
     0     0 1591.22178    0   87 1694.80551 1591.22178  6.11%     -    1s
     0     0 1591.22178    0   89 1694.80551 1591.22178  6.11%     -    1s
     0     0 1591.22200    0   82 1694.80551 1591.22200  6.11%     -    1s
H    0     0                    1693.5605690 1591.22222  6.04%     -    1s
H    0     0                    1692.8209412 1591.22222  6.00%     -    1s
     0     0 1591.22222    0   81 1692.82094 1591.22222  6.00%     -    1s
     0     0 1591.22222    0   81 1692.82094 1591.22222  6.00%     -    1s
     0     0 1605.71422    0   66 1692.82094 1605.71422  5.15%     -    2s
     0     0 1605.71422    0   66 1692.82094 1605.71422  5.15%     -    2s
     0     0 1605.71422    0   18 1692.82094 1605.71422  5.15%     -    2s
H    0     0                    1685.1103831 1605.71422  4.71%     -    2s
     0     2 1605.71422    0    6 1685.11038 1605.71422  4.71%     -    2s
H  600   574                    1683.7378904 1605.71422  4.63%  23.6    3s
  1084  1024 1665.31528   90  117 1683.73789 1610.85546  4.33%  15.7    5s
  1142  1063 1665.45672  148  116 1683.73789 1617.42378  3.94%  14.9   10s
  1204  1105 1664.35051  126  107 1683.73789 1623.03945  3.60%  19.2   15s
  1379  1177 1661.63417   53   37 1683.73789 1638.18782  2.71%  32.9   20s

Cutting planes:
  Learned: 1
  Gomory: 3
  Lift-and-project: 1
  Cover: 32
  Implied bound: 69
  Projected implied bound: 12
  Clique: 2
  MIR: 53
  Mixing: 2
  StrongCG: 11
  Flow cover: 61
  GUB cover: 5
  Zero half: 2
  RLT: 18
  Relax-and-lift: 66

Explored 3592 nodes (202423 simplex iterations) in 23.61 seconds (23.11 work units)
Thread count was 4 (of 46 available processors)

Solution count 10: 1683.74 1685.11 1692.82 ... 3054.6

Optimal solution found (tolerance 1.00e-06)
Best objective 1.683737890428e+03, best bound 1.683737890428e+03, gap 0.0000%
