
Gurobi 13.0.2 (linux64) logging started Mon Aug 10 19:51:03 2026

Set parameter LogFile to value "/home/23037696r/Documents/research/or_benchmark/wp/results/inactivate_0.1/j30/logs/gurobi/j300101_7.log"
Set parameter NumericFocus to value 1
Gurobi Optimizer version 13.0.2 build v13.0.2rc1 (linux64 - "Ubuntu 22.04.3 LTS")

CPU model: Intel Xeon Processor (Cascadelake), instruction set [SSE2|AVX|AVX2|AVX512]
Thread count: 46 physical cores, 46 logical processors, using up to 4 threads

Non-default parameters:
TimeLimit  82800
MIPGap  1e-06
NumericFocus  1
Threads  4

Optimize a model with 32283 rows, 10079 columns and 117142 nonzeros (Min)
Model fingerprint: 0x66590e48
Model has 7392 linear objective coefficients and an objective constant of 2.5069401866694906e+02
Variable types: 702 continuous, 9377 integer (9222 binary)
Coefficient statistics:
  Matrix range     [1e+00, 2e+02]
  Objective range  [1e-02, 1e+03]
  Bounds range     [1e+00, 2e+02]
  RHS range        [1e+00, 2e+02]

Presolve removed 25069 rows and 4482 columns
Presolve time: 0.58s
Presolved: 7214 rows, 5597 columns, 48445 nonzeros
Variable types: 0 continuous, 5597 integer (4818 binary)
Found heuristic solution: objective 2966.6155422

Root relaxation: objective 1.564298e+03, 3812 iterations, 0.27 seconds (0.31 work units)

    Nodes    |    Current Node    |     Objective Bounds      |     Work
 Expl Unexpl |  Obj  Depth IntInf | Incumbent    BestBd   Gap | It/Node Time

     0     0 1564.29798    0  116 2966.61554 1564.29798  47.3%     -    0s
H    0     0                    1640.8763464 1564.29798  4.67%     -    1s
H    0     0                    1636.9162753 1564.29798  4.44%     -    1s
H    0     0                    1628.1843193 1564.29798  3.92%     -    1s
     0     0 1566.35831    0  118 1628.18432 1566.35831  3.80%     -    1s
     0     0 1566.35852    0  118 1628.18432 1566.35852  3.80%     -    1s
     0     0 1566.93305    0  223 1628.18432 1566.93305  3.76%     -    1s
     0     0 1566.93305    0  239 1628.18432 1566.93305  3.76%     -    1s
     0     0 1567.08802    0  234 1628.18432 1567.08802  3.75%     -    1s
     0     0 1567.08883    0  219 1628.18432 1567.08883  3.75%     -    1s
     0     0 1567.08901    0  219 1628.18432 1567.08901  3.75%     -    1s
     0     0 1568.69725    0  105 1628.18432 1568.69725  3.65%     -    2s
     0     0 1568.69725    0  105 1628.18432 1568.69725  3.65%     -    2s
     0     0 1568.85980    0  203 1628.18432 1568.85980  3.64%     -    2s
     0     0 1568.90696    0  195 1628.18432 1568.90696  3.64%     -    2s
     0     0 1568.90696    0  195 1628.18432 1568.90696  3.64%     -    2s
     0     0 1569.33775    0  188 1628.18432 1569.33775  3.61%     -    2s
     0     0 1569.44096    0  155 1628.18432 1569.44096  3.61%     -    2s
     0     0 1569.45956    0  161 1628.18432 1569.45956  3.61%     -    2s
     0     0 1569.45956    0  162 1628.18432 1569.45956  3.61%     -    2s
     0     0 1569.76680    0  191 1628.18432 1569.76680  3.59%     -    3s
     0     0 1569.76904    0  196 1628.18432 1569.76904  3.59%     -    3s
     0     0 1569.77134    0  197 1628.18432 1569.77134  3.59%     -    3s
     0     0 1569.77340    0  197 1628.18432 1569.77340  3.59%     -    3s
     0     0 1569.78669    0  194 1628.18432 1569.78669  3.59%     -    3s
     0     0 1569.80988    0  157 1628.18432 1569.80988  3.59%     -    3s
     0     0 1569.81341    0  158 1628.18432 1569.81341  3.59%     -    3s
     0     0 1569.81341    0  158 1628.18432 1569.81341  3.59%     -    3s
     0     0 1569.92189    0  161 1628.18432 1569.92189  3.58%     -    3s
     0     0 1569.92217    0  161 1628.18432 1569.92217  3.58%     -    3s
     0     0 1569.92352    0  163 1628.18432 1569.92352  3.58%     -    3s
     0     0 1569.93201    0  162 1628.18432 1569.93201  3.58%     -    3s
     0     0 1569.93201    0  162 1628.18432 1569.93201  3.58%     -    3s
     0     0 1569.93201    0  162 1628.18432 1569.93201  3.58%     -    3s
     0     0 1569.93201    0  154 1628.18432 1569.93201  3.58%     -    3s
     0     2 1570.03752    0  135 1628.18432 1570.03752  3.57%     -    3s
    16    15 1603.23961    5  127 1628.18432 1570.95761  3.51%   550    5s

Cutting planes:
  Learned: 22
  Gomory: 3
  Cover: 67
  Implied bound: 70
  Clique: 8
  MIR: 89
  StrongCG: 11
  Flow cover: 13
  GUB cover: 18
  Mod-K: 9
  RLT: 62
  Relax-and-lift: 70
  BQP: 8
  PSD: 3

Explored 555 nodes (93455 simplex iterations) in 9.25 seconds (13.51 work units)
Thread count was 4 (of 46 available processors)

Solution count 4: 1628.18 1636.92 1640.88 2966.62 

Optimal solution found (tolerance 1.00e-06)
Best objective 1.628184319253e+03, best bound 1.628184319253e+03, gap 0.0000%
