
Gurobi 13.0.2 (linux64) logging started Mon Aug 10 19:51:08 2026

Set parameter LogFile to value "/home/23037696r/Documents/research/or_benchmark/wp/results/inactivate_0.1/j30/logs/gurobi/j300301_2.log"
Set parameter NumericFocus to value 1
Gurobi Optimizer version 13.0.2 build v13.0.2rc1 (linux64 - "Ubuntu 22.04.3 LTS")

CPU model: Intel Xeon Processor (Cascadelake), instruction set [SSE2|AVX|AVX2|AVX512]
Thread count: 46 physical cores, 46 logical processors, using up to 4 threads

Non-default parameters:
TimeLimit  82800
MIPGap  1e-06
NumericFocus  1
Threads  4

Optimize a model with 43063 rows, 12766 columns and 149856 nonzeros (Min)
Model fingerprint: 0x090fdec2
Model has 8745 linear objective coefficients and an objective constant of 3.1055247199194554e+02
Variable types: 1944 continuous, 10822 integer (10667 binary)
Coefficient statistics:
  Matrix range     [1e+00, 2e+02]
  Objective range  [1e-02, 1e+03]
  Bounds range     [1e+00, 2e+02]
  RHS range        [1e+00, 2e+02]

Presolve removed 31672 rows and 6303 columns
Presolve time: 1.50s
Presolved: 11391 rows, 6463 columns, 88445 nonzeros
Variable types: 0 continuous, 6463 integer (4798 binary)
Found heuristic solution: objective 3109.6929358

Root relaxation: objective 1.630624e+03, 3777 iterations, 0.33 seconds (0.35 work units)

    Nodes    |    Current Node    |     Objective Bounds      |     Work
 Expl Unexpl |  Obj  Depth IntInf | Incumbent    BestBd   Gap | It/Node Time

     0     0 1630.62386    0   20 3109.69294 1630.62386  47.6%     -    1s
H    0     0                    1788.0981912 1630.62386  8.81%     -    2s
H    0     0                    1787.9039979 1633.31445  8.65%     -    2s
     0     0 1633.31445    0  118 1787.90400 1633.31445  8.65%     -    2s
     0     0 1633.52602    0  121 1787.90400 1633.52602  8.63%     -    2s
     0     0 1633.52602    0  122 1787.90400 1633.52602  8.63%     -    2s
H    0     0                    1786.8846236 1646.26900  7.87%     -    3s
     0     0 1646.26900    0  113 1786.88462 1646.26900  7.87%     -    3s
     0     0 1646.44739    0  117 1786.88462 1646.44739  7.86%     -    3s
     0     0 1646.44739    0  118 1786.88462 1646.44739  7.86%     -    3s
     0     0 1647.53314    0  134 1786.88462 1647.53314  7.80%     -    3s
     0     0 1647.53363    0  135 1786.88462 1647.53363  7.80%     -    3s
     0     0 1647.58238    0  117 1786.88462 1647.58238  7.80%     -    3s
     0     0 1647.59349    0  127 1786.88462 1647.59349  7.80%     -    3s
     0     0 1647.59349    0  126 1786.88462 1647.59349  7.80%     -    3s
     0     0 1649.63996    0  114 1786.88462 1649.63996  7.68%     -    4s
     0     0 1649.64062    0  115 1786.88462 1649.64062  7.68%     -    4s
     0     0 1649.77184    0  113 1786.88462 1649.77184  7.67%     -    4s
     0     0 1649.77185    0  114 1786.88462 1649.77185  7.67%     -    4s
     0     0 1649.82931    0  130 1786.88462 1649.82931  7.67%     -    4s
     0     0 1649.89842    0  121 1786.88462 1649.89842  7.67%     -    4s
     0     0 1649.89878    0  122 1786.88462 1649.89878  7.67%     -    4s
     0     0 1651.72772    0  118 1786.88462 1651.72772  7.56%     -    5s
     0     0 1651.87535    0  116 1786.88462 1651.87535  7.56%     -    5s
     0     0 1651.87538    0  117 1786.88462 1651.87538  7.56%     -    5s
     0     0 1652.31076    0  210 1786.88462 1652.31076  7.53%     -    5s
     0     0 1652.31179    0  213 1786.88462 1652.31179  7.53%     -    5s
     0     0 1652.47277    0  111 1786.88462 1652.47277  7.52%     -    5s
     0     0 1652.48140    0  117 1786.88462 1652.48140  7.52%     -    5s
     0     0 1652.50699    0  115 1786.88462 1652.50699  7.52%     -    5s
     0     0 1652.50821    0  119 1786.88462 1652.50821  7.52%     -    5s
     0     0 1652.54127    0  124 1786.88462 1652.54127  7.52%     -    5s
     0     0 1652.59197    0  117 1786.88462 1652.59197  7.52%     -    5s
     0     0 1652.66423    0  128 1786.88462 1652.66423  7.51%     -    5s
     0     0 1652.71573    0  126 1786.88462 1652.71573  7.51%     -    5s
     0     0 1652.71601    0  130 1786.88462 1652.71601  7.51%     -    5s
     0     0 1652.73367    0  126 1786.88462 1652.73367  7.51%     -    5s
     0     0 1652.73384    0  125 1786.88462 1652.73384  7.51%     -    6s
     0     0 1652.79826    0  132 1786.88462 1652.79826  7.50%     -    6s
     0     0 1653.15318    0  154 1786.88462 1653.15318  7.48%     -    6s
     0     0 1653.16962    0  156 1786.88462 1653.16962  7.48%     -    6s
     0     0 1653.17048    0  157 1786.88462 1653.17048  7.48%     -    6s
     0     0 1653.32904    0  140 1786.88462 1653.32904  7.47%     -    6s
     0     0 1653.34456    0  150 1786.88462 1653.34456  7.47%     -    6s
     0     0 1654.03664    0  135 1786.88462 1654.03664  7.43%     -    6s
     0     0 1654.13355    0  151 1786.88462 1654.13355  7.43%     -    6s
     0     0 1654.14737    0  155 1786.88462 1654.14737  7.43%     -    6s
     0     0 1654.14737    0  155 1786.88462 1654.14737  7.43%     -    7s
     0     0 1654.36045    0  137 1786.88462 1654.36045  7.42%     -    7s
     0     0 1654.49267    0  142 1786.88462 1654.49267  7.41%     -    7s
     0     0 1654.49826    0  149 1786.88462 1654.49826  7.41%     -    7s
     0     0 1654.49826    0  151 1786.88462 1654.49826  7.41%     -    7s
     0     0 1654.54124    0  147 1786.88462 1654.54124  7.41%     -    7s
     0     0 1654.54258    0  156 1786.88462 1654.54258  7.41%     -    7s
     0     0 1654.57694    0  140 1786.88462 1654.57694  7.40%     -    7s
     0     0 1654.58353    0  148 1786.88462 1654.58353  7.40%     -    7s
     0     0 1654.58857    0  153 1786.88462 1654.58857  7.40%     -    7s
     0     0 1654.58857    0  154 1786.88462 1654.58857  7.40%     -    7s
     0     0 1654.59883    0  139 1786.88462 1654.59883  7.40%     -    7s
     0     0 1654.60754    0  139 1786.88462 1654.60754  7.40%     -    7s
     0     0 1654.60754    0  136 1786.88462 1654.60754  7.40%     -    7s
     0     2 1654.61553    0  133 1786.88462 1654.61553  7.40%     -    8s
    84    53 1681.37397   10  130 1786.88462 1676.15349  6.20%   146   10s
   370   212 infeasible   12      1786.88462 1676.35060  6.19%   198   15s
   777   330 1730.11738   22   41 1786.88462 1684.57454  5.73%   186   20s
  1603   644 infeasible   24      1786.88462 1707.00382  4.47%   149   25s
  2202   737 infeasible   19      1786.88462 1729.34307  3.22%   148   30s
  2847   763 1782.34217   22  111 1786.88462 1730.18791  3.17%   150   35s
  3599   849 1772.68524   66    9 1786.88462 1731.16681  3.12%   146   41s
  3856   850 1746.38462   61  136 1786.88462 1731.58716  3.09%   142   50s
  3859   852 1776.87326   82  140 1786.88462 1731.58716  3.09%   142   55s
  3873   861 1731.58716   16   58 1786.88462 1731.58716  3.09%   146   60s
  3915   877 1731.58716   21   79 1786.88462 1731.58716  3.09%   150   65s
  3996   874 infeasible   26      1786.88462 1731.58716  3.09%   155   70s
  4066   890 1774.02319   38  146 1786.88462 1731.58716  3.09%   157   75s
  4156   909 1732.79335   31   53 1786.88462 1731.58716  3.09%   160   80s
  4260   880 1748.55191   24  103 1786.88462 1731.58716  3.09%   162   85s
  4389   873 1738.60784   29   82 1786.88462 1731.58716  3.09%   163   91s
  4509   850 1731.58716   28  315 1786.88462 1731.58716  3.09%   166   95s
  4666   801     cutoff   29      1786.88462 1731.58716  3.09%   169  101s
  4748   780 1761.23456   33   61 1786.88462 1731.58716  3.09%   172  105s
  4882   728 1740.95249   27  148 1786.88462 1731.58716  3.09%   176  110s
  5199   594 infeasible   32      1786.88462 1731.58716  3.09%   178  116s
  5442   488 infeasible   36      1786.88462 1732.60079  3.04%   182  121s
  5669   384 infeasible   28      1786.88462 1735.03079  2.90%   183  125s
  5869   303 1778.54753   29  160 1786.88462 1741.39710  2.55%   183  130s
  6091   200     cutoff   28      1786.88462 1753.98311  1.84%   184  136s

Cutting planes:
  Learned: 4
  Cover: 23
  Implied bound: 28
  Clique: 1
  MIR: 12
  StrongCG: 2
  Flow cover: 1
  GUB cover: 6
  Zero half: 1
  RLT: 6
  Relax-and-lift: 8
  BQP: 1

Explored 6572 nodes (1196565 simplex iterations) in 139.51 seconds (217.75 work units)
Thread count was 4 (of 46 available processors)

Solution count 4: 1786.88 1787.9 1788.1 3109.69 

Optimal solution found (tolerance 1.00e-06)
Best objective 1.786884623645e+03, best bound 1.786884623645e+03, gap 0.0000%
