Slurm job ID    : 2416
Array task ID   : 97
Host            : 23037696r-i7809a0b3cd
Start time      : 2026-08-15T05:26:56+08:00
Instance        : /home/23037696r/Documents/research/or_benchmark/wp/instances/inactive_0.4/j20/j201004_7.sm
Output JSON     : /home/23037696r/Documents/research/or_benchmark/wp/results/inactive_0.4/j20/j201004_7.json
Gurobi log      : /home/23037696r/Documents/research/or_benchmark/wp/results/inactive_0.4/j20/logs/gurobi/j201004_7.log
Allocated CPUs  : 2
Running with command-line arguments
-----------------------------------
Instance file: /home/23037696r/Documents/research/or_benchmark/wp/instances/inactive_0.4/j20/j201004_7.sm
Instance summary
----------------
Tasks:          22
Active tasks:   12
Inactive tasks: 10
Arcs:           21
Total duration: 111
Total work:     172
Active work:    130
Delta (singleton critical-path makespan): 111
Chosen deadline: 123
Feasible by singleton schedule: yes
Deadline rule: automatic: d = ceil(1.1 * Delta) = 123
Set parameter Username
Set parameter LicenseID to value 2851961
Academic license - for non-commercial use only - expires 2027-08-07
Set parameter MIPGap to value 1e-06
Set parameter TimeLimit to value 13800
Set parameter Threads to value 2
Set parameter LogFile to value "/home/23037696r/Documents/research/or_benchmark/wp/results/inactive_0.4/j20/logs/gurobi/j201004_7.log"
Set parameter NumericFocus to value 1
Gurobi Optimizer version 13.0.2 build v13.0.2rc1 (linux64 - "Ubuntu 22.04.3 LTS")

CPU model: Intel Xeon Processor (Cascadelake), instruction set [SSE2|AVX|AVX2|AVX512]
Thread count: 46 physical cores, 46 logical processors, using up to 2 threads

Non-default parameters:
TimeLimit  13800
MIPGap  1e-06
NumericFocus  1
Threads  2

Optimize a model with 7805 rows, 6506 columns and 28959 nonzeros (Min)
Model fingerprint: 0x2b9d7303
Model has 4032 linear objective coefficients and an objective constant of 6.3797635793957943e+02
Variable types: 1488 continuous, 5018 integer (4918 binary)
Coefficient statistics:
  Matrix range     [1e+00, 1e+02]
  Objective range  [1e-02, 6e+02]
  Bounds range     [1e+00, 1e+02]
  RHS range        [1e+00, 1e+02]

Presolve removed 6364 rows and 4515 columns
Presolve time: 1.18s
Presolved: 1441 rows, 1991 columns, 11310 nonzeros
Variable types: 0 continuous, 1991 integer (1221 binary)
Found heuristic solution: objective 1968.0650363

Root relaxation: objective 1.522693e+03, 454 iterations, 0.03 seconds (0.01 work units)

    Nodes    |    Current Node    |     Objective Bounds      |     Work
 Expl Unexpl |  Obj  Depth IntInf | Incumbent    BestBd   Gap | It/Node Time

     0     0 1522.69285    0   80 1968.06504 1522.69285  22.6%     -    1s
H    0     0                    1625.9081506 1522.69285  6.35%     -    1s
     0     0 1534.08926    0  140 1625.90815 1534.08926  5.65%     -    1s
     0     0 1534.92875    0  110 1625.90815 1534.92875  5.60%     -    1s
     0     0 1534.92875    0  113 1625.90815 1534.92875  5.60%     -    1s
     0     0 1538.59010    0  114 1625.90815 1538.59010  5.37%     -    1s
     0     0 1538.59541    0  116 1625.90815 1538.59541  5.37%     -    1s
     0     0 1539.65092    0  117 1625.90815 1539.65092  5.31%     -    2s
     0     0 1540.44556    0  113 1625.90815 1540.44556  5.26%     -    2s
     0     0 1540.44556    0  120 1625.90815 1540.44556  5.26%     -    2s
     0     0 1540.44556    0  148 1625.90815 1540.44556  5.26%     -    2s
     0     0 1541.09918    0  153 1625.90815 1541.09918  5.22%     -    2s
     0     0 1541.11750    0  195 1625.90815 1541.11750  5.21%     -    2s
     0     0 1544.16463    0  160 1625.90815 1544.16463  5.03%     -    2s
     0     0 1544.46810    0  173 1625.90815 1544.46810  5.01%     -    2s
     0     0 1544.56813    0  161 1625.90815 1544.56813  5.00%     -    2s
     0     0 1544.60193    0  163 1625.90815 1544.60193  5.00%     -    2s
     0     0 1544.60193    0  163 1625.90815 1544.60193  5.00%     -    2s
     0     0 1547.36992    0  181 1625.90815 1547.36992  4.83%     -    3s
     0     0 1547.96981    0  186 1625.90815 1547.96981  4.79%     -    3s
     0     0 1548.21264    0  189 1625.90815 1548.21264  4.78%     -    3s
     0     0 1548.28506    0  191 1625.90815 1548.28506  4.77%     -    3s
     0     0 1548.28934    0  192 1625.90815 1548.28934  4.77%     -    3s
     0     0 1550.78553    0  200 1625.90815 1550.78553  4.62%     -    3s
     0     0 1550.95171    0  201 1625.90815 1550.95171  4.61%     -    3s
     0     0 1551.00321    0  197 1625.90815 1551.00321  4.61%     -    3s
     0     0 1551.08052    0  211 1625.90815 1551.08052  4.60%     -    3s
     0     0 1551.16795    0  212 1625.90815 1551.16795  4.60%     -    3s
     0     0 1551.28396    0  214 1625.90815 1551.28396  4.59%     -    3s
     0     0 1551.39074    0  219 1625.90815 1551.39074  4.58%     -    3s
     0     0 1551.44942    0  213 1625.90815 1551.44942  4.58%     -    3s
     0     0 1551.47368    0  216 1625.90815 1551.47368  4.58%     -    3s
     0     0 1551.47431    0  217 1625.90815 1551.47431  4.58%     -    3s
     0     0 1552.09104    0  214 1625.90815 1552.09104  4.54%     -    4s
     0     0 1552.15783    0  223 1625.90815 1552.15783  4.54%     -    4s
     0     0 1552.17085    0  224 1625.90815 1552.17085  4.54%     -    4s
     0     0 1552.51135    0  221 1625.90815 1552.51135  4.51%     -    4s
     0     0 1552.51510    0  226 1625.90815 1552.51510  4.51%     -    4s
     0     0 1552.68428    0  230 1625.90815 1552.68428  4.50%     -    4s
     0     0 1552.68435    0  229 1625.90815 1552.68435  4.50%     -    4s
     0     0 1552.68435    0  227 1625.90815 1552.68435  4.50%     -    4s
     0     2 1552.69215    0  227 1625.90815 1552.69215  4.50%     -    5s

Cutting planes:
  Learned: 7
  Gomory: 2
  Cover: 27
  Implied bound: 188
  Clique: 25
  MIR: 85
  StrongCG: 9
  GUB cover: 23
  Zero half: 1
  Mod-K: 1
  RLT: 13
  Relax-and-lift: 59
  BQP: 1
  PSD: 1

Explored 276 nodes (8800 simplex iterations) in 7.26 seconds (1.41 work units)
Thread count was 2 (of 46 available processors)

Solution count 2: 1625.91 1968.07 

Optimal solution found (tolerance 1.00e-06)
Best objective 1.625908150589e+03, best bound 1.625908150589e+03, gap 0.0000%

Solve summary
-------------
Status code:       2
Objective:         1625.908150588695
Objective bound:   1625.908150588695
MIP gap:           0.0
Has cycle:         False
Is acyclic:        True
Packages selected: 4 active packages

Packages
--------
   I1 | inactive_singleton | S=  0, C=  0, x=  0 | tasks=[1]
   I2 | inactive_singleton | S=  0, C=  3, x=  4 | tasks=[2]
   A1 | active             | S=  3, C= 10, x= 12 | tasks=[3, 4]
   I5 | inactive_singleton | S= 10, C= 12, x=  2 | tasks=[5]
   A2 | active             | S= 12, C= 42, x= 49 | tasks=[6, 7, 8, 9, 10]
  I11 | inactive_singleton | S= 42, C= 47, x=  5 | tasks=[11]
  I12 | inactive_singleton | S= 47, C= 50, x=  6 | tasks=[12]
  I13 | inactive_singleton | S= 50, C= 56, x= 10 | tasks=[13]
   A3 | active             | S= 56, C= 88, x= 52 | tasks=[14, 15, 16, 17]
  I18 | inactive_singleton | S= 88, C= 93, x=  6 | tasks=[18]
  I19 | inactive_singleton | S= 93, C= 99, x=  6 | tasks=[19]
   A4 | active             | S= 99, C=108, x= 17 | tasks=[20]
  I21 | inactive_singleton | S=108, C=111, x=  3 | tasks=[21]
  I22 | inactive_singleton | S=111, C=111, x=  0 | tasks=[22]

Solution JSON saved to: /home/23037696r/Documents/research/or_benchmark/wp/results/inactive_0.4/j20/j201004_7.json
Finish time     : 2026-08-15T05:27:06+08:00
