Slurm job ID    : 2388
Array task ID   : 69
Host            : 23037696r-i7809a0b3cd
Start time      : 2026-08-15T05:22:20+08:00
Instance        : /home/23037696r/Documents/research/or_benchmark/wp/instances/inactive_0.4/j20/j200704_9.sm
Output JSON     : /home/23037696r/Documents/research/or_benchmark/wp/results/inactive_0.4/j20/j200704_9.json
Gurobi log      : /home/23037696r/Documents/research/or_benchmark/wp/results/inactive_0.4/j20/logs/gurobi/j200704_9.log
Allocated CPUs  : 2
Running with command-line arguments
-----------------------------------
Instance file: /home/23037696r/Documents/research/or_benchmark/wp/instances/inactive_0.4/j20/j200704_9.sm
Instance summary
----------------
Tasks:          22
Active tasks:   12
Inactive tasks: 10
Arcs:           27
Total duration: 113
Total work:     159
Active work:    112
Delta (singleton critical-path makespan): 65
Chosen deadline: 72
Feasible by singleton schedule: yes
Deadline rule: automatic: d = ceil(1.1 * Delta) = 72
Set parameter Username
Set parameter LicenseID to value 2851961
Academic license - for non-commercial use only - expires 2027-08-07
Set parameter MIPGap to value 1e-06
Set parameter TimeLimit to value 13800
Set parameter Threads to value 2
Set parameter LogFile to value "/home/23037696r/Documents/research/or_benchmark/wp/results/inactive_0.4/j20/logs/gurobi/j200704_9.log"
Set parameter NumericFocus to value 1
Gurobi Optimizer version 13.0.2 build v13.0.2rc1 (linux64 - "Ubuntu 22.04.3 LTS")

CPU model: Intel Xeon Processor (Cascadelake), instruction set [SSE2|AVX|AVX2|AVX512]
Thread count: 46 physical cores, 46 logical processors, using up to 2 threads

Non-default parameters:
TimeLimit  13800
MIPGap  1e-06
NumericFocus  1
Threads  2

Optimize a model with 5676 rows, 4556 columns and 21016 nonzeros (Min)
Model fingerprint: 0x4fc9b042
Model has 2796 linear objective coefficients and an objective constant of 6.6103471577321079e+02
Variable types: 876 continuous, 3680 integer (3580 binary)
Coefficient statistics:
  Matrix range     [1e+00, 1e+02]
  Objective range  [1e-02, 5e+02]
  Bounds range     [1e+00, 1e+02]
  RHS range        [1e+00, 1e+02]

Presolve removed 4570 rows and 2719 columns
Presolve time: 0.58s
Presolved: 1106 rows, 1837 columns, 8536 nonzeros
Variable types: 0 continuous, 1837 integer (1238 binary)
Found heuristic solution: objective 1846.6727230

Root relaxation: objective 1.441193e+03, 348 iterations, 0.02 seconds (0.01 work units)

    Nodes    |    Current Node    |     Objective Bounds      |     Work
 Expl Unexpl |  Obj  Depth IntInf | Incumbent    BestBd   Gap | It/Node Time

     0     0 1441.19314    0   44 1846.67272 1441.19314  22.0%     -    0s
H    0     0                    1546.6980089 1441.19314  6.82%     -    0s
     0     0 1446.50101    0   50 1546.69801 1446.50101  6.48%     -    0s
H    0     0                    1539.8474898 1446.50186  6.06%     -    0s
     0     0 1446.52635    0   54 1539.84749 1446.52635  6.06%     -    0s
     0     0 1446.52636    0   64 1539.84749 1446.52636  6.06%     -    0s
     0     0 1447.19071    0   83 1539.84749 1447.19071  6.02%     -    0s
     0     0 1447.20618    0   86 1539.84749 1447.20618  6.02%     -    1s
     0     0 1449.10542    0  115 1539.84749 1449.10542  5.89%     -    1s
H    0     0                    1491.2754193 1449.10586  2.83%     -    1s
H    0     0                    1486.9767596 1449.10586  2.55%     -    1s
     0     0 1449.40675    0  115 1486.97676 1449.40675  2.53%     -    1s
     0     0 1449.40784    0  115 1486.97676 1449.40784  2.53%     -    1s
     0     0 1449.40833    0  117 1486.97676 1449.40833  2.53%     -    1s
     0     0 1449.40836    0  117 1486.97676 1449.40836  2.53%     -    1s
     0     0 1449.40837    0  117 1486.97676 1449.40837  2.53%     -    1s
     0     0 1449.40842    0  117 1486.97676 1449.40842  2.53%     -    1s
     0     0 1449.40850    0  117 1486.97676 1449.40850  2.53%     -    1s
     0     0 1449.40850    0  117 1486.97676 1449.40850  2.53%     -    1s
     0     0 1449.40861    0  117 1486.97676 1449.40861  2.53%     -    1s
     0     0 1449.40863    0  117 1486.97676 1449.40863  2.53%     -    1s
     0     0 1449.40873    0  117 1486.97676 1449.40873  2.53%     -    1s
     0     0 1449.64965    0  113 1486.97676 1449.64965  2.51%     -    1s
     0     0 1449.64967    0  113 1486.97676 1449.64967  2.51%     -    1s
     0     0 1449.64972    0  113 1486.97676 1449.64972  2.51%     -    1s
     0     0 1449.64984    0  115 1486.97676 1449.64984  2.51%     -    1s
     0     0 1453.96469    0   59 1486.97676 1453.96469  2.22%     -    1s
     0     0 1453.96469    0   36 1486.97676 1453.96469  2.22%     -    1s
     0     0 1453.96469    0   70 1486.97676 1453.96469  2.22%     -    1s
     0     0 1453.96469    0   62 1486.97676 1453.96469  2.22%     -    1s
     0     0 1453.96469    0   63 1486.97676 1453.96469  2.22%     -    1s
     0     0 1453.96469    0   63 1486.97676 1453.96469  2.22%     -    1s
     0     0 1453.96469    0   63 1486.97676 1453.96469  2.22%     -    1s
     0     0 1453.96469    0   63 1486.97676 1453.96469  2.22%     -    1s
     0     0 1453.96469    0   68 1486.97676 1453.96469  2.22%     -    1s
     0     0 1453.96469    0   65 1486.97676 1453.96469  2.22%     -    1s
     0     0 1453.96469    0   65 1486.97676 1453.96469  2.22%     -    1s
     0     0 1453.96469    0   72 1486.97676 1453.96469  2.22%     -    1s
     0     0 1453.96469    0   58 1486.97676 1453.96469  2.22%     -    1s
     0     0 1453.96469    0   58 1486.97676 1453.96469  2.22%     -    1s
     0     0 1453.96469    0   58 1486.97676 1453.96469  2.22%     -    1s
     0     0 1453.96469    0   58 1486.97676 1453.96469  2.22%     -    1s
     0     0 1453.96469    0   58 1486.97676 1453.96469  2.22%     -    1s
     0     0 1459.31360    0   80 1486.97676 1459.31360  1.86%     -    1s
     0     0 1460.32995    0   78 1486.97676 1460.32995  1.79%     -    1s
     0     0 1460.33098    0   82 1486.97676 1460.33098  1.79%     -    1s
     0     0 1481.29109    0   73 1486.97676 1481.29109  0.38%     -    1s
     0     0 1481.80728    0   72 1486.97676 1481.80728  0.35%     -    1s
     0     0 1481.87894    0   10 1486.97676 1481.87894  0.34%     -    1s
     0     0 1481.87894    0   11 1486.97676 1481.87894  0.34%     -    1s
     0     0 1481.96635    0   87 1486.97676 1481.96635  0.34%     -    1s
H    0     0                    1484.9630966 1481.97923  0.20%     -    1s
H    0     0                    1482.5950617 1481.97923  0.04%     -    1s
H    0     0                    1482.4592898 1481.97923  0.03%     -    1s
     0     0 1482.12253    0   58 1482.45929 1482.12253  0.02%     -    1s
     0     0 1482.15297    0   58 1482.45929 1482.15297  0.02%     -    1s
     0     0 1482.15745    0   56 1482.45929 1482.15745  0.02%     -    1s
*    0     0               0    1482.2501488 1482.25015  0.00%     -    1s

Cutting planes:
  Learned: 1
  Gomory: 4
  Cover: 14
  Implied bound: 31
  Clique: 3
  MIR: 7
  StrongCG: 2
  GUB cover: 14
  Zero half: 4
  RLT: 6
  Relax-and-lift: 10
  BQP: 5

Explored 1 nodes (2362 simplex iterations) in 1.92 seconds (0.41 work units)
Thread count was 2 (of 46 available processors)

Solution count 10: 1482.25 1482.46 1482.6 ... 1491.28

Optimal solution found (tolerance 1.00e-06)
Best objective 1.482250148822e+03, best bound 1.482250148822e+03, gap 0.0000%

Solve summary
-------------
Status code:       2
Objective:         1482.2501488218431
Objective bound:   1482.2501488218431
MIP gap:           0.0
Has cycle:         False
Is acyclic:        True
Packages selected: 4 active packages

Packages
--------
   I1 | inactive_singleton | S=  0, C=  0, x=  0 | tasks=[1]
   A1 | active             | S=  0, C= 10, x= 39 | tasks=[2, 3, 20, 21]
   I4 | inactive_singleton | S= 10, C= 11, x=  1 | tasks=[4]
   I5 | inactive_singleton | S= 11, C= 15, x=  8 | tasks=[5]
  I18 | inactive_singleton | S= 11, C= 18, x=  9 | tasks=[18]
   A2 | active             | S= 15, C= 24, x= 34 | tasks=[6, 7, 17, 19]
   I8 | inactive_singleton | S= 24, C= 31, x=  7 | tasks=[8]
   I9 | inactive_singleton | S= 31, C= 33, x=  3 | tasks=[9]
   A3 | active             | S= 33, C= 43, x= 30 | tasks=[10, 11, 16]
  I12 | inactive_singleton | S= 43, C= 50, x= 10 | tasks=[12]
  I13 | inactive_singleton | S= 50, C= 51, x=  1 | tasks=[13]
  I14 | inactive_singleton | S= 51, C= 59, x=  8 | tasks=[14]
   A4 | active             | S= 59, C= 67, x=  9 | tasks=[15]
  I22 | inactive_singleton | S= 72, C= 72, x=  0 | tasks=[22]

Solution JSON saved to: /home/23037696r/Documents/research/or_benchmark/wp/results/inactive_0.4/j20/j200704_9.json
Finish time     : 2026-08-15T05:22:24+08:00
