Slurm job ID    : 2358
Array task ID   : 39
Host            : 23037696r-i7809a0b3cd
Start time      : 2026-08-15T05:17:54+08:00
Instance        : /home/23037696r/Documents/research/or_benchmark/wp/instances/inactive_0.4/j20/j200404_9.sm
Output JSON     : /home/23037696r/Documents/research/or_benchmark/wp/results/inactive_0.4/j20/j200404_9.json
Gurobi log      : /home/23037696r/Documents/research/or_benchmark/wp/results/inactive_0.4/j20/logs/gurobi/j200404_9.log
Allocated CPUs  : 2
Running with command-line arguments
-----------------------------------
Instance file: /home/23037696r/Documents/research/or_benchmark/wp/instances/inactive_0.4/j20/j200404_9.sm
Instance summary
----------------
Tasks:          22
Active tasks:   12
Inactive tasks: 10
Arcs:           43
Total duration: 114
Total work:     177
Active work:    101
Delta (singleton critical-path makespan): 60
Chosen deadline: 66
Feasible by singleton schedule: yes
Deadline rule: automatic: d = ceil(1.1 * Delta) = 66
Set parameter Username
Set parameter LicenseID to value 2851961
Academic license - for non-commercial use only - expires 2027-08-07
Set parameter MIPGap to value 1e-06
Set parameter TimeLimit to value 13800
Set parameter Threads to value 2
Set parameter LogFile to value "/home/23037696r/Documents/research/or_benchmark/wp/results/inactive_0.4/j20/logs/gurobi/j200404_9.log"
Set parameter NumericFocus to value 1
Gurobi Optimizer version 13.0.2 build v13.0.2rc1 (linux64 - "Ubuntu 22.04.3 LTS")

CPU model: Intel Xeon Processor (Cascadelake), instruction set [SSE2|AVX|AVX2|AVX512]
Thread count: 46 physical cores, 46 logical processors, using up to 2 threads

Non-default parameters:
TimeLimit  13800
MIPGap  1e-06
NumericFocus  1
Threads  2

Optimize a model with 6857 rows, 4220 columns and 24097 nonzeros (Min)
Model fingerprint: 0x912635b3
Model has 2544 linear objective coefficients and an objective constant of 8.0635612390898120e+02
Variable types: 804 continuous, 3416 integer (3316 binary)
Coefficient statistics:
  Matrix range     [1e+00, 1e+02]
  Objective range  [1e-02, 5e+02]
  Bounds range     [1e+00, 1e+02]
  RHS range        [1e+00, 1e+02]

Presolve removed 5580 rows and 3081 columns
Presolve time: 0.63s
Presolved: 1277 rows, 1139 columns, 11628 nonzeros
Variable types: 0 continuous, 1139 integer (757 binary)
Found heuristic solution: objective 2022.4961935

Root relaxation: objective 1.600075e+03, 821 iterations, 0.05 seconds (0.03 work units)

    Nodes    |    Current Node    |     Objective Bounds      |     Work
 Expl Unexpl |  Obj  Depth IntInf | Incumbent    BestBd   Gap | It/Node Time

     0     0 1600.07539    0  142 2022.49619 1600.07539  20.9%     -    0s
     0     0 1646.86409    0  110 2022.49619 1646.86409  18.6%     -    0s
H    0     0                    1706.3377417 1646.86409  3.49%     -    0s
     0     0 1646.88588    0  111 1706.33774 1646.88588  3.48%     -    0s
     0     0 1656.58800    0  149 1706.33774 1656.58800  2.92%     -    1s
     0     0 1680.02139    0  194 1706.33774 1680.02139  1.54%     -    1s
H    0     0                    1705.8458626 1680.02595  1.51%     -    1s
     0     0 1680.06393    0  194 1705.84586 1680.06393  1.51%     -    1s
     0     0 1680.07694    0  191 1705.84586 1680.07694  1.51%     -    2s
     0     0 1680.08782    0  190 1705.84586 1680.08782  1.51%     -    2s
     0     0 1680.08860    0  190 1705.84586 1680.08860  1.51%     -    2s
     0     0 1682.94987    0  184 1705.84586 1682.94987  1.34%     -    2s
     0     0 1683.17904    0  186 1705.84586 1683.17904  1.33%     -    2s
     0     0 1683.19990    0  187 1705.84586 1683.19990  1.33%     -    2s
     0     0 1683.20045    0  189 1705.84586 1683.20045  1.33%     -    2s
     0     0 1684.38267    0  210 1705.84586 1684.38267  1.26%     -    2s
     0     0 1684.73235    0  218 1705.84586 1684.73235  1.24%     -    2s
     0     0 1684.75010    0  220 1705.84586 1684.75010  1.24%     -    3s
     0     0 1684.75503    0  220 1705.84586 1684.75503  1.24%     -    3s
     0     0 1685.85754    0  235 1705.84586 1685.85754  1.17%     -    3s
     0     0 1685.94455    0  234 1705.84586 1685.94455  1.17%     -    3s
     0     0 1685.95393    0  238 1705.84586 1685.95393  1.17%     -    3s
     0     0 1686.06326    0  229 1705.84586 1686.06326  1.16%     -    3s
     0     0 1686.07678    0  232 1705.84586 1686.07678  1.16%     -    4s
     0     0 1686.21609    0  247 1705.84586 1686.21609  1.15%     -    4s
     0     0 1686.30395    0  256 1705.84586 1686.30395  1.15%     -    4s
     0     0 1686.30400    0  253 1705.84586 1686.30400  1.15%     -    4s
     0     0 1686.30517    0  255 1705.84586 1686.30517  1.15%     -    4s
     0     0 1686.48216    0  246 1705.84586 1686.48216  1.14%     -    4s
     0     0 1686.57325    0  242 1705.84586 1686.57325  1.13%     -    4s
     0     0 1686.58686    0  246 1705.84586 1686.58686  1.13%     -    4s
     0     0 1686.58731    0  247 1705.84586 1686.58731  1.13%     -    4s
     0     0 1686.73455    0  244 1705.84586 1686.73455  1.12%     -    5s
     0     0 1686.77541    0  249 1705.84586 1686.77541  1.12%     -    5s
     0     0 1686.79137    0  261 1705.84586 1686.79137  1.12%     -    5s
     0     0 1686.79588    0  260 1705.84586 1686.79588  1.12%     -    5s
     0     0 1686.83288    0  256 1705.84586 1686.83288  1.11%     -    5s
     0     0 1686.83668    0  257 1705.84586 1686.83668  1.11%     -    5s
     0     0 1686.84152    0  254 1705.84586 1686.84152  1.11%     -    5s
     0     0 1686.84527    0  240 1705.84586 1686.84527  1.11%     -    6s
     0     0 1686.84527    0  240 1705.84586 1686.84527  1.11%     -    6s
     0     0 1686.84527    0  240 1705.84586 1686.84527  1.11%     -    6s
     0     0 1686.84645    0  143 1705.84586 1686.84645  1.11%     -    6s
     0     0 1686.84645    0  184 1705.84586 1686.84645  1.11%     -    6s
     0     0 1686.84645    0  173 1705.84586 1686.84645  1.11%     -    6s
     0     0 1686.84645    0  192 1705.84586 1686.84645  1.11%     -    6s
     0     0 1686.84645    0  214 1705.84586 1686.84645  1.11%     -    7s
     0     0 1686.84645    0  219 1705.84586 1686.84645  1.11%     -    7s
     0     0 1686.84645    0  222 1705.84586 1686.84645  1.11%     -    7s
     0     0 1686.84645    0  221 1705.84586 1686.84645  1.11%     -    7s
     0     0 1686.84769    0  224 1705.84586 1686.84769  1.11%     -    7s
     0     0 1686.85182    0  225 1705.84586 1686.85182  1.11%     -    7s
     0     0 1686.86012    0  235 1705.84586 1686.86012  1.11%     -    7s
     0     0 1686.86652    0  234 1705.84586 1686.86652  1.11%     -    7s
     0     0 1686.92778    0  225 1705.84586 1686.92778  1.11%     -    7s
     0     0 1686.92929    0  227 1705.84586 1686.92929  1.11%     -    7s
     0     0 1686.93460    0  219 1705.84586 1686.93460  1.11%     -    7s
     0     0 1686.93582    0  221 1705.84586 1686.93582  1.11%     -    7s
     0     0 1686.93582    0  221 1705.84586 1686.93582  1.11%     -    7s
     0     2 1686.94493    0  221 1705.84586 1686.94493  1.11%     -    8s
   473    98 1701.14171   17    5 1705.84586 1700.95421  0.29%  10.1   10s

Cutting planes:
  Learned: 4
  Gomory: 3
  Cover: 45
  Implied bound: 152
  Clique: 15
  MIR: 69
  StrongCG: 3
  GUB cover: 30
  Zero half: 6
  RLT: 12
  Relax-and-lift: 19
  BQP: 2

Explored 1072 nodes (13978 simplex iterations) in 11.76 seconds (2.57 work units)
Thread count was 2 (of 46 available processors)

Solution count 6: 1705.85 1705.85 1706.34 ... 2022.5

Optimal solution found (tolerance 1.00e-06)
Best objective 1.705845862571e+03, best bound 1.705845862571e+03, gap 0.0000%

Solve summary
-------------
Status code:       2
Objective:         1705.845862570833
Objective bound:   1705.845862570833
MIP gap:           0.0
Has cycle:         False
Is acyclic:        True
Packages selected: 6 active packages

Packages
--------
   I1 | inactive_singleton | S=  0, C=  0, x=  0 | tasks=[1]
   I2 | inactive_singleton | S=  0, C=  6, x= 10 | tasks=[2]
   I5 | inactive_singleton | S=  0, C=  9, x= 17 | tasks=[5]
   A1 | active             | S=  6, C= 10, x=  8 | tasks=[3, 4]
   I8 | inactive_singleton | S= 10, C= 17, x= 10 | tasks=[8]
   A2 | active             | S= 10, C= 19, x= 10 | tasks=[6]
   I7 | inactive_singleton | S= 19, C= 21, x=  2 | tasks=[7]
   A3 | active             | S= 21, C= 31, x= 25 | tasks=[9, 10, 11]
  I12 | inactive_singleton | S= 31, C= 38, x= 14 | tasks=[12]
   A5 | active             | S= 31, C= 40, x= 13 | tasks=[14]
   A4 | active             | S= 38, C= 41, x=  5 | tasks=[13]
  I16 | inactive_singleton | S= 38, C= 41, x=  4 | tasks=[16]
  I15 | inactive_singleton | S= 41, C= 50, x= 15 | tasks=[15]
  I17 | inactive_singleton | S= 50, C= 52, x=  4 | tasks=[17]
   A6 | active             | S= 52, C= 65, x= 40 | tasks=[18, 19, 20, 21]
  I22 | inactive_singleton | S= 65, C= 65, x=  0 | tasks=[22]

Solution JSON saved to: /home/23037696r/Documents/research/or_benchmark/wp/results/inactive_0.4/j20/j200404_9.json
Finish time     : 2026-08-15T05:18:08+08:00
