
Gurobi 13.0.2 (linux64) logging started Sat Aug 15 05:25:34 2026

Set parameter LogFile to value "/home/23037696r/Documents/research/or_benchmark/wp/results/inactive_0.4/j20/logs/gurobi/j200904_8.log"
Set parameter NumericFocus to value 1
Gurobi Optimizer version 13.0.2 build v13.0.2rc1 (linux64 - "Ubuntu 22.04.3 LTS")

CPU model: Intel Xeon Processor (Cascadelake), instruction set [SSE2|AVX|AVX2|AVX512]
Thread count: 46 physical cores, 46 logical processors, using up to 2 threads

Non-default parameters:
TimeLimit  13800
MIPGap  1e-06
NumericFocus  1
Threads  2

Optimize a model with 7554 rows, 5946 columns and 27434 nonzeros (Min)
Model fingerprint: 0x34799fe6
Model has 3584 linear objective coefficients and an objective constant of 7.6770047892102912e+02
Variable types: 1392 continuous, 4554 integer (4454 binary)
Coefficient statistics:
  Matrix range     [1e+00, 1e+02]
  Objective range  [1e-02, 5e+02]
  Bounds range     [1e+00, 1e+02]
  RHS range        [1e+00, 1e+02]

Presolve removed 6462 rows and 4685 columns
Presolve time: 0.68s
Presolved: 1092 rows, 1261 columns, 14335 nonzeros
Variable types: 0 continuous, 1261 integer (819 binary)
Found heuristic solution: objective 2007.8413929

Root relaxation: objective 1.563617e+03, 530 iterations, 0.04 seconds (0.02 work units)

    Nodes    |    Current Node    |     Objective Bounds      |     Work
 Expl Unexpl |  Obj  Depth IntInf | Incumbent    BestBd   Gap | It/Node Time

     0     0 1563.61703    0  134 2007.84139 1563.61703  22.1%     -    0s
H    0     0                    1633.9396158 1563.61703  4.30%     -    0s
     0     0 1592.83416    0   95 1633.93962 1592.83416  2.52%     -    1s
     0     0 1592.83978    0   95 1633.93962 1592.83978  2.52%     -    1s
     0     0 1592.85163    0   94 1633.93962 1592.85163  2.51%     -    1s
     0     0 1592.88317    0   94 1633.93962 1592.88317  2.51%     -    1s
     0     0 1592.91532    0   94 1633.93962 1592.91532  2.51%     -    1s
     0     0 1594.11922    0  150 1633.93962 1594.11922  2.44%     -    1s
     0     0 1594.11955    0  140 1633.93962 1594.11955  2.44%     -    1s
     0     0 1594.42429    0  142 1633.93962 1594.42429  2.42%     -    1s
     0     0 1594.42459    0  142 1633.93962 1594.42459  2.42%     -    1s
     0     0 1596.05168    0  120 1633.93962 1596.05168  2.32%     -    1s
     0     0 1596.07268    0  119 1633.93962 1596.07268  2.32%     -    1s
     0     0 1596.09697    0  120 1633.93962 1596.09697  2.32%     -    1s
     0     0 1599.95308    0   19 1633.93962 1599.95308  2.08%     -    1s
     0     0 1599.95308    0  110 1633.93962 1599.95308  2.08%     -    1s
     0     0 1607.14501    0   96 1633.93962 1607.14501  1.64%     -    2s
     0     0 1608.33913    0  125 1633.93962 1608.33913  1.57%     -    2s
     0     0 1609.00010    0  125 1633.93962 1609.00010  1.53%     -    2s
     0     0 1609.74133    0  126 1633.93962 1609.74133  1.48%     -    2s
     0     0 1610.58614    0   84 1633.93962 1610.58614  1.43%     -    2s
     0     0 1611.61533    0   85 1633.93962 1611.61533  1.37%     -    2s
     0     0 1612.69714    0   83 1633.93962 1612.69714  1.30%     -    2s
     0     0 1613.84960    0   85 1633.93962 1613.84960  1.23%     -    2s
     0     0 1615.08659    0  125 1633.93962 1615.08659  1.15%     -    2s
     0     0 1616.40287    0  125 1633.93962 1616.40287  1.07%     -    2s
     0     0 1617.76837    0  123 1633.93962 1617.76837  0.99%     -    2s
     0     0 1622.78883    0   96 1633.93962 1622.78883  0.68%     -    2s
     0     0 1624.48993    0   92 1633.93962 1624.48993  0.58%     -    2s
     0     0 1626.96061    0   80 1633.93962 1626.96061  0.43%     -    2s
     0     0 1627.79089    0   79 1633.93962 1627.79089  0.38%     -    2s
     0     0 1628.59819    0   79 1633.93962 1628.59819  0.33%     -    2s
     0     0 1629.66528    0   80 1633.93962 1629.66528  0.26%     -    2s
     0     0 1631.61382    0   84 1633.93962 1631.61382  0.14%     -    2s

Cutting planes:
  Learned: 4
  Gomory: 7
  Cover: 4
  Implied bound: 41
  Clique: 7
  MIR: 10
  StrongCG: 3
  Flow cover: 1
  RLT: 5
  Relax-and-lift: 7

Explored 1 nodes (1931 simplex iterations) in 2.13 seconds (0.55 work units)
Thread count was 2 (of 46 available processors)

Solution count 3: 1633.94 1633.94 2007.84 

Optimal solution found (tolerance 1.00e-06)
Best objective 1.633939615766e+03, best bound 1.633939615766e+03, gap 0.0000%
