
Gurobi 13.0.2 (linux64) logging started Sat Aug 15 05:23:48 2026

Set parameter LogFile to value "/home/23037696r/Documents/research/or_benchmark/wp/results/inactive_0.4/j20/logs/gurobi/j200804_9.log"
Set parameter NumericFocus to value 1
Gurobi Optimizer version 13.0.2 build v13.0.2rc1 (linux64 - "Ubuntu 22.04.3 LTS")

CPU model: Intel Xeon Processor (Cascadelake), instruction set [SSE2|AVX|AVX2|AVX512]
Thread count: 46 physical cores, 46 logical processors, using up to 2 threads

Non-default parameters:
TimeLimit  13800
MIPGap  1e-06
NumericFocus  1
Threads  2

Optimize a model with 7378 rows, 6028 columns and 27304 nonzeros (Min)
Model fingerprint: 0x3bc5a706
Model has 3736 linear objective coefficients and an objective constant of 8.0248754927969367e+02
Variable types: 1332 continuous, 4696 integer (4596 binary)
Coefficient statistics:
  Matrix range     [1e+00, 1e+02]
  Objective range  [1e-02, 6e+02]
  Bounds range     [1e+00, 1e+02]
  RHS range        [1e+00, 1e+02]

Presolve removed 5582 rows and 3357 columns
Presolve time: 1.39s
Presolved: 1796 rows, 2671 columns, 18132 nonzeros
Variable types: 0 continuous, 2671 integer (1697 binary)
Found heuristic solution: objective 2179.8174576

Root relaxation: objective 1.643387e+03, 503 iterations, 0.04 seconds (0.02 work units)

    Nodes    |    Current Node    |     Objective Bounds      |     Work
 Expl Unexpl |  Obj  Depth IntInf | Incumbent    BestBd   Gap | It/Node Time

     0     0 1643.38673    0   66 2179.81746 1643.38673  24.6%     -    1s
     0     0 1643.39493    0   66 2179.81746 1643.39493  24.6%     -    1s
     0     0 1643.40518    0   66 2179.81746 1643.40518  24.6%     -    1s
     0     0 1643.41756    0   66 2179.81746 1643.41756  24.6%     -    1s
     0     0 1643.43219    0   66 2179.81746 1643.43219  24.6%     -    1s
     0     0 1643.44913    0   66 2179.81746 1643.44913  24.6%     -    1s
     0     0 1650.34031    0  102 2179.81746 1650.34031  24.3%     -    1s
H    0     0                    1769.2705476 1650.35563  6.72%     -    1s
H    0     0                    1764.6271852 1650.35563  6.48%     -    2s
     0     0 1650.35563    0  102 1764.62719 1650.35563  6.48%     -    2s
     0     0 1668.64999    0   63 1764.62719 1668.64999  5.44%     -    2s
     0     0 1671.85095    0   60 1764.62719 1671.85095  5.26%     -    2s
     0     0 1675.36177    0   85 1764.62719 1675.36177  5.06%     -    2s
H    0     0                    1756.9270732 1675.41595  4.64%     -    2s
     0     0 1675.68387    0  101 1756.92707 1675.68387  4.62%     -    2s
     0     0 1678.02444    0   98 1756.92707 1678.02444  4.49%     -    2s
     0     0 1678.45041    0  110 1756.92707 1678.45041  4.47%     -    3s
     0     0 1678.45041    0  110 1756.92707 1678.45041  4.47%     -    3s
     0     0 1678.84299    0  107 1756.92707 1678.84299  4.44%     -    3s
     0     0 1679.05946    0  120 1756.92707 1679.05946  4.43%     -    3s
     0     0 1679.17741    0  123 1756.92707 1679.17741  4.43%     -    3s
     0     0 1679.26554    0  120 1756.92707 1679.26554  4.42%     -    3s
     0     0 1679.33294    0  128 1756.92707 1679.33294  4.42%     -    3s
     0     0 1679.38226    0  128 1756.92707 1679.38226  4.41%     -    3s
     0     0 1679.40417    0  130 1756.92707 1679.40417  4.41%     -    3s
     0     0 1679.40448    0  130 1756.92707 1679.40448  4.41%     -    3s
     0     0 1679.40501    0  130 1756.92707 1679.40501  4.41%     -    3s
     0     0 1679.40575    0  130 1756.92707 1679.40575  4.41%     -    3s
     0     0 1679.40672    0  130 1756.92707 1679.40672  4.41%     -    3s
     0     0 1679.40790    0  130 1756.92707 1679.40790  4.41%     -    3s
     0     0 1679.41183    0  132 1756.92707 1679.41183  4.41%     -    3s
     0     0 1680.51171    0  134 1756.92707 1680.51171  4.35%     -    4s
H    0     0                    1746.6561247 1680.51224  3.79%     -    4s
H    0     0                    1744.9497159 1680.51224  3.69%     -    4s
     0     0 1680.52983    0  140 1744.94972 1680.52983  3.69%     -    4s
     0     0 1680.55586    0  143 1744.94972 1680.55586  3.69%     -    4s
     0     0 1680.56875    0  144 1744.94972 1680.56875  3.69%     -    4s
     0     0 1682.17281    0  146 1744.94972 1682.17281  3.60%     -    4s
H    0     0                    1739.5033041 1682.18910  3.29%     -    4s
H    0     0                    1738.7596590 1682.18910  3.25%     -    4s
     0     0 1682.36239    0  147 1738.75966 1682.36239  3.24%     -    4s
     0     0 1682.36239    0  142 1738.75966 1682.36239  3.24%     -    5s
     0     0 1683.08785    0  147 1738.75966 1683.08785  3.20%     -    5s
     0     0 1683.36168    0  149 1738.75966 1683.36168  3.19%     -    5s
     0     0 1683.36168    0  151 1738.75966 1683.36168  3.19%     -    5s
     0     0 1683.36168    0  148 1738.75966 1683.36168  3.19%     -    5s
     0     0 1683.44791    0  149 1738.75966 1683.44791  3.18%     -    5s
     0     0 1683.44794    0  152 1738.75966 1683.44794  3.18%     -    5s
     0     0 1683.49438    0  146 1738.75966 1683.49438  3.18%     -    5s
     0     0 1683.63800    0  148 1738.75966 1683.63800  3.17%     -    5s
     0     0 1683.63800    0  151 1738.75966 1683.63800  3.17%     -    6s
     0     0 1683.63800    0  151 1738.75966 1683.63800  3.17%     -    6s
     0     0 1683.63800    0  151 1738.75966 1683.63800  3.17%     -    6s
     0     0 1683.63800    0  151 1738.75966 1683.63800  3.17%     -    6s
     0     0 1683.63800    0   66 1738.75966 1683.63800  3.17%     -    6s
     0     0 1683.63800    0  114 1738.75966 1683.63800  3.17%     -    7s
     0     0 1683.63800    0  109 1738.75966 1683.63800  3.17%     -    7s
     0     0 1683.63800    0  106 1738.75966 1683.63800  3.17%     -    7s
     0     0 1683.63800    0  144 1738.75966 1683.63800  3.17%     -    7s
     0     0 1683.63800    0  146 1738.75966 1683.63800  3.17%     -    7s
     0     0 1683.63800    0  146 1738.75966 1683.63800  3.17%     -    7s
     0     0 1683.63800    0  146 1738.75966 1683.63800  3.17%     -    7s
     0     0 1683.63800    0  146 1738.75966 1683.63800  3.17%     -    7s
     0     0 1683.63800    0  146 1738.75966 1683.63800  3.17%     -    7s
     0     0 1683.63800    0  146 1738.75966 1683.63800  3.17%     -    7s
     0     0 1683.63800    0  146 1738.75966 1683.63800  3.17%     -    7s
     0     0 1683.63800    0  146 1738.75966 1683.63800  3.17%     -    7s
     0     0 1683.63800    0  145 1738.75966 1683.63800  3.17%     -    7s
     0     0 1683.63800    0  145 1738.75966 1683.63800  3.17%     -    7s
     0     0 1683.74260    0  152 1738.75966 1683.74260  3.16%     -    7s
     0     0 1683.74602    0  152 1738.75966 1683.74602  3.16%     -    7s
     0     0 1684.16872    0  139 1738.75966 1684.16872  3.14%     -    7s
     0     0 1684.54759    0  154 1738.75966 1684.54759  3.12%     -    7s
     0     0 1684.62996    0  161 1738.75966 1684.62996  3.11%     -    7s
     0     0 1684.69881    0  163 1738.75966 1684.69881  3.11%     -    7s
     0     0 1684.71156    0  160 1738.75966 1684.71156  3.11%     -    7s
     0     0 1684.72190    0  161 1738.75966 1684.72190  3.11%     -    7s
     0     0 1684.72272    0  163 1738.75966 1684.72272  3.11%     -    7s
     0     0 1685.02569    0  168 1738.75966 1685.02569  3.09%     -    7s
     0     0 1685.11224    0  172 1738.75966 1685.11224  3.09%     -    7s
     0     0 1685.80250    0  156 1738.75966 1685.80250  3.05%     -    7s
     0     0 1686.04510    0  162 1738.75966 1686.04510  3.03%     -    7s
     0     0 1686.07056    0  170 1738.75966 1686.07056  3.03%     -    7s
     0     0 1686.08343    0  167 1738.75966 1686.08343  3.03%     -    7s
     0     0 1686.32559    0  177 1738.75966 1686.32559  3.02%     -    8s
     0     0 1686.36238    0  180 1738.75966 1686.36238  3.01%     -    8s
     0     0 1686.36397    0  185 1738.75966 1686.36397  3.01%     -    8s
     0     0 1686.40012    0  171 1738.75966 1686.40012  3.01%     -    8s
     0     0 1686.60229    0  169 1738.75966 1686.60229  3.00%     -    8s
     0     0 1686.60229    0  169 1738.75966 1686.60229  3.00%     -    8s
     0     0 1686.60229    0  167 1738.75966 1686.60229  3.00%     -    8s
     0     2 1686.62882    0  166 1738.75966 1686.62882  3.00%     -    8s
   155    34 infeasible   23      1738.75966 1702.48249  2.09%  27.0   10s

Cutting planes:
  Learned: 15
  Gomory: 3
  Cover: 65
  Implied bound: 170
  Clique: 23
  MIR: 43
  StrongCG: 19
  Flow cover: 1
  GUB cover: 26
  Mod-K: 1
  Network: 1
  RLT: 12
  Relax-and-lift: 43
  BQP: 2

Explored 411 nodes (12907 simplex iterations) in 11.14 seconds (1.93 work units)
Thread count was 2 (of 46 available processors)

Solution count 10: 1738.76 1738.76 1739.5 ... 1769.27

Optimal solution found (tolerance 1.00e-06)
Best objective 1.738759659037e+03, best bound 1.738759659037e+03, gap 0.0000%
