
Gurobi 13.0.2 (linux64) logging started Sat Aug 15 05:23:29 2026

Set parameter LogFile to value "/home/23037696r/Documents/research/or_benchmark/wp/results/inactive_0.4/j20/logs/gurobi/j200804_7.log"
Set parameter NumericFocus to value 1
Gurobi Optimizer version 13.0.2 build v13.0.2rc1 (linux64 - "Ubuntu 22.04.3 LTS")

CPU model: Intel Xeon Processor (Cascadelake), instruction set [SSE2|AVX|AVX2|AVX512]
Thread count: 46 physical cores, 46 logical processors, using up to 2 threads

Non-default parameters:
TimeLimit  13800
MIPGap  1e-06
NumericFocus  1
Threads  2

Optimize a model with 7317 rows, 5968 columns and 26933 nonzeros (Min)
Model fingerprint: 0x69a0b99e
Model has 3676 linear objective coefficients and an objective constant of 8.1280934390862012e+02
Variable types: 1332 continuous, 4636 integer (4536 binary)
Coefficient statistics:
  Matrix range     [1e+00, 1e+02]
  Objective range  [1e-02, 6e+02]
  Bounds range     [1e+00, 1e+02]
  RHS range        [1e+00, 1e+02]

Presolve removed 6414 rows and 4757 columns
Presolve time: 0.43s
Presolved: 903 rows, 1211 columns, 6682 nonzeros
Variable types: 0 continuous, 1211 integer (810 binary)
Found heuristic solution: objective 2211.4377096

Root relaxation: objective 1.724902e+03, 475 iterations, 0.02 seconds (0.01 work units)

    Nodes    |    Current Node    |     Objective Bounds      |     Work
 Expl Unexpl |  Obj  Depth IntInf | Incumbent    BestBd   Gap | It/Node Time

     0     0 1724.90180    0   97 2211.43771 1724.90180  22.0%     -    0s
H    0     0                    1889.2461239 1724.90180  8.70%     -    0s
     0     0 1752.23868    0   82 1889.24612 1752.23868  7.25%     -    0s
H    0     0                    1834.6209428 1752.25900  4.49%     -    0s
H    0     0                    1834.4608821 1752.25900  4.48%     -    0s
     0     0 1752.25900    0   84 1834.46088 1752.25900  4.48%     -    0s
     0     0 1752.25900    0   85 1834.46088 1752.25900  4.48%     -    0s
     0     0 1763.51370    0  118 1834.46088 1763.51370  3.87%     -    0s
     0     0 1766.07989    0   92 1834.46088 1766.07989  3.73%     -    0s
     0     0 1766.07989    0   92 1834.46088 1766.07989  3.73%     -    0s
     0     0 1787.19163    0  134 1834.46088 1787.19163  2.58%     -    1s
     0     0 1793.33713    0  153 1834.46088 1793.33713  2.24%     -    1s
     0     0 1793.69317    0  153 1834.46088 1793.69317  2.22%     -    1s
     0     0 1793.76430    0  153 1834.46088 1793.76430  2.22%     -    1s
     0     0 1793.83540    0  153 1834.46088 1793.83540  2.21%     -    1s
     0     0 1793.90646    0  153 1834.46088 1793.90646  2.21%     -    1s
     0     0 1793.97748    0  153 1834.46088 1793.97748  2.21%     -    1s
     0     0 1794.03241    0  134 1834.46088 1794.03241  2.20%     -    1s
     0     0 1794.08681    0  133 1834.46088 1794.08681  2.20%     -    1s
     0     0 1794.30107    0  131 1834.46088 1794.30107  2.19%     -    1s
     0     0 1794.72826    0  152 1834.46088 1794.72826  2.17%     -    1s
     0     0 1794.78106    0  150 1834.46088 1794.78106  2.16%     -    1s
     0     0 1794.78390    0  152 1834.46088 1794.78390  2.16%     -    1s
     0     0 1803.41527    0  120 1834.46088 1803.41527  1.69%     -    1s
H    0     0                    1829.8390783 1803.57002  1.44%     -    1s
     0     0 1803.79824    0  140 1829.83908 1803.79824  1.42%     -    1s
     0     0 1803.83403    0  143 1829.83908 1803.83403  1.42%     -    1s
     0     0 1803.83477    0  144 1829.83908 1803.83477  1.42%     -    1s
     0     0 1804.36989    0  174 1829.83908 1804.36989  1.39%     -    1s
     0     0 1804.36989    0   96 1829.83908 1804.36989  1.39%     -    1s
     0     0 1804.36989    0   96 1829.83908 1804.36989  1.39%     -    1s
     0     0 1804.36989    0   96 1829.83908 1804.36989  1.39%     -    1s
     0     0 1804.36989    0   96 1829.83908 1804.36989  1.39%     -    1s
H    0     0                    1828.5603521 1804.36989  1.32%     -    1s
     0     0 1804.36989    0  148 1828.56035 1804.36989  1.32%     -    1s
     0     0 1804.36989    0  147 1828.56035 1804.36989  1.32%     -    1s
     0     0 1804.36989    0  147 1828.56035 1804.36989  1.32%     -    1s
     0     0 1804.36989    0  147 1828.56035 1804.36989  1.32%     -    1s
     0     0 1804.36989    0  147 1828.56035 1804.36989  1.32%     -    1s
     0     0 1804.36989    0  164 1828.56035 1804.36989  1.32%     -    1s
     0     0 1804.36989    0  164 1828.56035 1804.36989  1.32%     -    1s
     0     0 1804.36989    0  162 1828.56035 1804.36989  1.32%     -    1s
     0     0 1804.36989    0  172 1828.56035 1804.36989  1.32%     -    1s
     0     0 1805.51936    0  173 1828.56035 1805.51936  1.26%     -    1s
     0     0 1805.54501    0  173 1828.56035 1805.54501  1.26%     -    1s
     0     0 1805.55474    0  177 1828.56035 1805.55474  1.26%     -    1s
     0     0 1807.03953    0  163 1828.56035 1807.03953  1.18%     -    1s
     0     0 1807.04362    0  163 1828.56035 1807.04362  1.18%     -    1s
     0     0 1807.04718    0  163 1828.56035 1807.04718  1.18%     -    1s
     0     0 1807.05064    0  163 1828.56035 1807.05064  1.18%     -    1s
     0     0 1807.05402    0  163 1828.56035 1807.05402  1.18%     -    1s
     0     0 1807.05590    0  162 1828.56035 1807.05590  1.18%     -    1s
     0     0 1807.05598    0  162 1828.56035 1807.05598  1.18%     -    1s
     0     0 1807.32213    0  169 1828.56035 1807.32213  1.16%     -    1s
     0     0 1807.32330    0  168 1828.56035 1807.32330  1.16%     -    1s
     0     0 1807.52389    0  167 1828.56035 1807.52389  1.15%     -    1s
     0     0 1807.52390    0  166 1828.56035 1807.52390  1.15%     -    1s
     0     0 1807.52895    0  166 1828.56035 1807.52895  1.15%     -    1s
     0     0 1809.57921    0  158 1828.56035 1809.57921  1.04%     -    2s
     0     0 1809.58638    0  157 1828.56035 1809.58638  1.04%     -    2s
     0     0 1809.66567    0  166 1828.56035 1809.66567  1.03%     -    2s
     0     0 1809.67593    0  165 1828.56035 1809.67593  1.03%     -    2s
     0     0 1809.67645    0  164 1828.56035 1809.67645  1.03%     -    2s
     0     0 1809.68195    0  166 1828.56035 1809.68195  1.03%     -    2s
     0     0 1813.86466    0  175 1828.56035 1813.86466  0.80%     -    2s
     0     0 1814.07779    0  160 1828.56035 1814.07779  0.79%     -    2s
     0     0 1814.22171    0  161 1828.56035 1814.22171  0.78%     -    2s
     0     0 1814.36487    0  157 1828.56035 1814.36487  0.78%     -    2s
     0     0 1814.50281    0  159 1828.56035 1814.50281  0.77%     -    2s
     0     0 1815.27116    0  145 1828.56035 1815.27116  0.73%     -    2s
     0     0 1815.71780    0  142 1828.56035 1815.71780  0.70%     -    2s
     0     0 1815.71780    0  149 1828.56035 1815.71780  0.70%     -    2s
     0     0 1816.17768    0  150 1828.56035 1816.17768  0.68%     -    2s
     0     0 1816.17768    0   36 1828.56035 1816.17768  0.68%     -    2s
     0     0 1816.17768    0   37 1828.56035 1816.17768  0.68%     -    2s
     0     0 1818.89453    0   50 1828.56035 1818.89453  0.53%     -    2s
     0     0 1822.88164    0   41 1828.56035 1822.88164  0.31%     -    2s
     0     0 1823.82320    0   42 1828.56035 1823.82320  0.26%     -    2s
     0     0 1823.82320    0   41 1828.56035 1823.82320  0.26%     -    2s
     0     0 1824.19687    0   41 1828.56035 1824.19687  0.24%     -    2s
     0     0 1824.19687    0   41 1828.56035 1824.19687  0.24%     -    2s
*    0     0               0    1826.7694493 1826.76945  0.00%     -    2s

Cutting planes:
  Learned: 2
  Gomory: 7
  Cover: 9
  Implied bound: 18
  Clique: 4
  MIR: 3
  GUB cover: 5
  Mod-K: 2
  RLT: 2
  Relax-and-lift: 2

Explored 1 nodes (3320 simplex iterations) in 2.40 seconds (0.54 work units)
Thread count was 2 (of 46 available processors)

Solution count 10: 1826.77 1828.56 1828.56 ... 2211.44

Optimal solution found (tolerance 1.00e-06)
Best objective 1.826769449336e+03, best bound 1.826769449336e+03, gap 0.0000%
