
Gurobi 13.0.2 (linux64) logging started Sat Aug 15 05:21:38 2026

Set parameter LogFile to value "/home/23037696r/Documents/research/or_benchmark/wp/results/inactive_0.4/j20/logs/gurobi/j200704_4.log"
Set parameter NumericFocus to value 1
Gurobi Optimizer version 13.0.2 build v13.0.2rc1 (linux64 - "Ubuntu 22.04.3 LTS")

CPU model: Intel Xeon Processor (Cascadelake), instruction set [SSE2|AVX|AVX2|AVX512]
Thread count: 46 physical cores, 46 logical processors, using up to 2 threads

Non-default parameters:
TimeLimit  13800
MIPGap  1e-06
NumericFocus  1
Threads  2

Optimize a model with 6890 rows, 5286 columns and 24662 nonzeros (Min)
Model fingerprint: 0xf82749bb
Model has 3092 linear objective coefficients and an objective constant of 8.6657929943677743e+02
Variable types: 1248 continuous, 4038 integer (3938 binary)
Coefficient statistics:
  Matrix range     [1e+00, 1e+02]
  Objective range  [1e-02, 4e+02]
  Bounds range     [1e+00, 1e+02]
  RHS range        [1e+00, 1e+02]

Presolve removed 5345 rows and 2703 columns
Presolve time: 1.25s
Presolved: 1545 rows, 2583 columns, 11480 nonzeros
Variable types: 0 continuous, 2583 integer (1621 binary)
Found heuristic solution: objective 1997.2134630

Root relaxation: objective 1.487354e+03, 524 iterations, 0.03 seconds (0.01 work units)

    Nodes    |    Current Node    |     Objective Bounds      |     Work
 Expl Unexpl |  Obj  Depth IntInf | Incumbent    BestBd   Gap | It/Node Time

     0     0 1487.35364    0   39 1997.21346 1487.35364  25.5%     -    1s
     0     0 1487.41862    0   36 1997.21346 1487.41862  25.5%     -    1s
     0     0 1490.77970    0   99 1997.21346 1490.77970  25.4%     -    1s
H    0     0                    1568.2096654 1490.80298  4.94%     -    1s
     0     0 1490.80298    0   99 1568.20967 1490.80298  4.94%     -    1s
     0     0 1490.80298    0   99 1568.20967 1490.80298  4.94%     -    1s
     0     0 1501.19009    0   60 1568.20967 1501.19009  4.27%     -    1s
     0     0 1501.27095    0   58 1568.20967 1501.27095  4.27%     -    2s
     0     0 1501.27194    0   58 1568.20967 1501.27194  4.27%     -    2s
     0     0 1502.85582    0  121 1568.20967 1502.85582  4.17%     -    2s
H    0     0                    1560.5170182 1502.88476  3.69%     -    2s
H    0     0                    1559.4566313 1502.88476  3.63%     -    2s
     0     0 1502.98581    0   65 1559.45663 1502.98581  3.62%     -    2s
     0     0 1502.98858    0   58 1559.45663 1502.98858  3.62%     -    2s
     0     0 1503.80017    0   65 1559.45663 1503.80017  3.57%     -    2s
H    0     0                    1558.5945582 1503.81723  3.51%     -    2s
H    0     0                    1557.5967808 1503.81723  3.45%     -    3s
H    0     0                    1557.4869075 1503.81723  3.45%     -    3s
H    0     0                    1556.9122632 1503.81723  3.41%     -    3s
H    0     0                    1556.8023624 1503.81723  3.40%     -    3s
H    0     0                    1555.5791250 1503.81723  3.33%     -    3s
H    0     0                    1554.8200850 1503.81723  3.28%     -    3s
     0     0 1503.88041    0   66 1554.82009 1503.88041  3.28%     -    3s
     0     0 1503.92580    0   67 1554.82009 1503.92580  3.27%     -    3s
     0     0 1504.16002    0   75 1554.82009 1504.16002  3.26%     -    3s
     0     0 1504.16004    0   76 1554.82009 1504.16004  3.26%     -    3s
     0     0 1505.10229    0  132 1554.82009 1505.10229  3.20%     -    4s
     0     0 1505.10231    0  130 1554.82009 1505.10231  3.20%     -    4s
     0     0 1505.24071    0  129 1554.82009 1505.24071  3.19%     -    4s
     0     0 1505.24099    0  129 1554.82009 1505.24099  3.19%     -    4s
     0     0 1505.28733    0  118 1554.82009 1505.28733  3.19%     -    4s
     0     0 1505.41818    0  120 1554.82009 1505.41818  3.18%     -    4s
     0     0 1505.41818    0  124 1554.82009 1505.41818  3.18%     -    4s
     0     0 1505.41818    0  140 1554.82009 1505.41818  3.18%     -    4s
     0     0 1505.50338    0  140 1554.82009 1505.50338  3.17%     -    5s
     0     0 1505.50338    0  122 1554.82009 1505.50338  3.17%     -    5s
     0     0 1505.50338    0  126 1554.82009 1505.50338  3.17%     -    5s
     0     0 1505.50338    0  126 1554.82009 1505.50338  3.17%     -    5s
     0     0 1505.50338    0  124 1554.82009 1505.50338  3.17%     -    5s
     0     0 1505.50338    0   35 1554.82009 1505.50338  3.17%     -    6s
     0     0 1505.50338    0   69 1554.82009 1505.50338  3.17%     -    6s
     0     0 1505.50338    0  112 1554.82009 1505.50338  3.17%     -    6s
     0     0 1507.26577    0  112 1554.82009 1507.26577  3.06%     -    6s
     0     0 1507.36498    0  114 1554.82009 1507.36498  3.05%     -    6s
     0     0 1507.51250    0  114 1554.82009 1507.51250  3.04%     -    6s
     0     0 1507.51942    0  113 1554.82009 1507.51942  3.04%     -    6s
     0     0 1524.50836    0   86 1554.82009 1524.50836  1.95%     -    6s
     0     0 1524.59139    0   88 1554.82009 1524.59139  1.94%     -    6s
     0     0 1524.63559    0   79 1554.82009 1524.63559  1.94%     -    6s
     0     0 1524.67334    0   75 1554.82009 1524.67334  1.94%     -    6s
     0     0 1524.70161    0   74 1554.82009 1524.70161  1.94%     -    6s
     0     0 1524.72531    0   74 1554.82009 1524.72531  1.94%     -    6s
     0     0 1524.78587    0  110 1554.82009 1524.78587  1.93%     -    6s
     0     0 1524.86768    0   79 1554.82009 1524.86768  1.93%     -    6s
     0     0 1524.94401    0   79 1554.82009 1524.94401  1.92%     -    6s
     0     0 1525.02101    0   79 1554.82009 1525.02101  1.92%     -    6s
     0     0 1525.09864    0   79 1554.82009 1525.09864  1.91%     -    6s
     0     0 1525.17688    0   80 1554.82009 1525.17688  1.91%     -    6s
     0     0 1525.17733    0   84 1554.82009 1525.17733  1.91%     -    6s
     0     0 1525.23765    0   86 1554.82009 1525.23765  1.90%     -    6s
     0     0 1525.35608    0   80 1554.82009 1525.35608  1.90%     -    6s
     0     0 1525.44452    0   78 1554.82009 1525.44452  1.89%     -    6s
     0     0 1525.53457    0   78 1554.82009 1525.53457  1.88%     -    6s
     0     0 1525.62502    0   77 1554.82009 1525.62502  1.88%     -    6s
     0     0 1525.72298    0   66 1554.82009 1525.72298  1.87%     -    6s
     0     0 1525.83511    0   66 1554.82009 1525.83511  1.86%     -    6s
     0     0 1525.94746    0   66 1554.82009 1525.94746  1.86%     -    6s
     0     0 1526.06213    0   71 1554.82009 1526.06213  1.85%     -    6s
     0     0 1526.06213    0   72 1554.82009 1526.06213  1.85%     -    6s
     0     0 1526.34433    0  108 1554.82009 1526.34433  1.83%     -    6s
     0     0 1526.62825    0  104 1554.82009 1526.62825  1.81%     -    6s
     0     0 1526.91928    0   85 1554.82009 1526.91928  1.79%     -    6s
     0     0 1527.21767    0   97 1554.82009 1527.21767  1.78%     -    6s
     0     0 1527.52391    0  106 1554.82009 1527.52391  1.76%     -    6s
     0     0 1527.83757    0  106 1554.82009 1527.83757  1.74%     -    6s
     0     0 1528.15911    0  106 1554.82009 1528.15911  1.71%     -    6s
     0     0 1528.48870    0  107 1554.82009 1528.48870  1.69%     -    6s
     0     0 1528.82648    0  107 1554.82009 1528.82648  1.67%     -    6s
     0     0 1529.17258    0  107 1554.82009 1529.17258  1.65%     -    6s
     0     0 1529.17392    0   53 1554.82009 1529.17392  1.65%     -    6s
     0     0 1529.17392    0   53 1554.82009 1529.17392  1.65%     -    6s
     0     0 1529.17392    0   53 1554.82009 1529.17392  1.65%     -    6s
     0     0 1529.17392    0   53 1554.82009 1529.17392  1.65%     -    6s
     0     0 1529.38959    0   52 1554.82009 1529.38959  1.64%     -    6s
     0     0 1529.38959    0   52 1554.82009 1529.38959  1.64%     -    6s
     0     0 1532.96882    0  108 1554.82009 1532.96882  1.41%     -    6s
     0     0 1532.96882    0   62 1554.82009 1532.96882  1.41%     -    6s
     0     0     cutoff    0      1554.82009 1554.82009  0.00%     -    6s

Cutting planes:
  Learned: 1
  Gomory: 1
  Cover: 17
  Implied bound: 29
  Clique: 22
  MIR: 3
  StrongCG: 5
  Flow cover: 1
  GUB cover: 3
  Zero half: 1
  RLT: 5
  Relax-and-lift: 15
  BQP: 4
  PSD: 1

Explored 1 nodes (3361 simplex iterations) in 7.00 seconds (0.79 work units)
Thread count was 2 (of 46 available processors)

Solution count 10: 1554.82 1554.82 1555.58 ... 1558.59

Optimal solution found (tolerance 1.00e-06)
Best objective 1.554820085020e+03, best bound 1.554820085020e+03, gap 0.0000%
