
Gurobi 13.0.2 (linux64) logging started Sat Aug 15 05:25:51 2026

Set parameter LogFile to value "/home/23037696r/Documents/research/or_benchmark/wp/results/inactive_0.4/j20/logs/gurobi/j201004_10.log"
Set parameter NumericFocus to value 1
Gurobi Optimizer version 13.0.2 build v13.0.2rc1 (linux64 - "Ubuntu 22.04.3 LTS")

CPU model: Intel Xeon Processor (Cascadelake), instruction set [SSE2|AVX|AVX2|AVX512]
Thread count: 46 physical cores, 46 logical processors, using up to 2 threads

Non-default parameters:
TimeLimit  13800
MIPGap  1e-06
NumericFocus  1
Threads  2

Optimize a model with 7478 rows, 6122 columns and 27144 nonzeros (Min)
Model fingerprint: 0x4e4c4643
Model has 3648 linear objective coefficients and an objective constant of 7.8857225321859278e+02
Variable types: 1488 continuous, 4634 integer (4534 binary)
Coefficient statistics:
  Matrix range     [1e+00, 1e+02]
  Objective range  [1e-02, 5e+02]
  Bounds range     [1e+00, 1e+02]
  RHS range        [1e+00, 1e+02]

Presolve removed 6405 rows and 4591 columns
Presolve time: 0.78s
Presolved: 1073 rows, 1531 columns, 11223 nonzeros
Variable types: 0 continuous, 1531 integer (864 binary)
Found heuristic solution: objective 1988.9279703

Root relaxation: objective 1.707567e+03, 466 iterations, 0.03 seconds (0.01 work units)

    Nodes    |    Current Node    |     Objective Bounds      |     Work
 Expl Unexpl |  Obj  Depth IntInf | Incumbent    BestBd   Gap | It/Node Time

     0     0 1707.56703    0  192 1988.92797 1707.56703  14.1%     -    0s
     0     0 1707.80558    0  167 1988.92797 1707.80558  14.1%     -    1s
     0     0 1727.17034    0  157 1988.92797 1727.17034  13.2%     -    1s
     0     0 1727.25886    0  157 1988.92797 1727.25886  13.2%     -    1s
     0     0 1727.36244    0  157 1988.92797 1727.36244  13.2%     -    1s
     0     0 1727.48440    0  157 1988.92797 1727.48440  13.1%     -    1s
H    0     0                    1777.3939132 1728.59077  2.75%     -    1s
H    0     0                    1774.6220203 1728.59077  2.59%     -    1s
     0     0 1728.59077    0  184 1774.62202 1728.59077  2.59%     -    1s
     0     0 1728.59077    0  187 1774.62202 1728.59077  2.59%     -    1s
     0     0 1734.91573    0  231 1774.62202 1734.91573  2.24%     -    1s
     0     0 1735.97569    0  223 1774.62202 1735.97569  2.18%     -    1s
     0     0 1735.97569    0  223 1774.62202 1735.97569  2.18%     -    1s
     0     0 1735.97569    0  223 1774.62202 1735.97569  2.18%     -    1s
     0     0 1735.97569    0  223 1774.62202 1735.97569  2.18%     -    1s
     0     0 1735.97569    0  223 1774.62202 1735.97569  2.18%     -    1s
     0     0 1735.97569    0  223 1774.62202 1735.97569  2.18%     -    1s
     0     0 1735.97569    0  223 1774.62202 1735.97569  2.18%     -    1s
     0     0 1735.97569    0  223 1774.62202 1735.97569  2.18%     -    1s
     0     0 1735.97569    0  223 1774.62202 1735.97569  2.18%     -    1s
     0     0 1735.97569    0  223 1774.62202 1735.97569  2.18%     -    1s
     0     0 1735.97569    0  223 1774.62202 1735.97569  2.18%     -    1s
     0     0 1736.20005    0  219 1774.62202 1736.20005  2.17%     -    1s
     0     0 1736.20005    0  219 1774.62202 1736.20005  2.17%     -    1s
     0     0 1736.20005    0  219 1774.62202 1736.20005  2.17%     -    1s
     0     0 1736.20005    0  219 1774.62202 1736.20005  2.17%     -    1s
     0     0 1736.20005    0  219 1774.62202 1736.20005  2.17%     -    1s
     0     0 1736.20005    0  219 1774.62202 1736.20005  2.17%     -    1s
     0     0 1736.20005    0  219 1774.62202 1736.20005  2.17%     -    1s
     0     0 1736.20005    0  219 1774.62202 1736.20005  2.17%     -    1s
     0     0 1736.20005    0  219 1774.62202 1736.20005  2.17%     -    1s
     0     0 1736.20395    0  221 1774.62202 1736.20395  2.16%     -    1s
     0     0 1739.99949    0  231 1774.62202 1739.99949  1.95%     -    2s
     0     0 1739.99949    0  230 1774.62202 1739.99949  1.95%     -    2s
     0     0 1739.99949    0  230 1774.62202 1739.99949  1.95%     -    2s
     0     0 1739.99949    0  230 1774.62202 1739.99949  1.95%     -    2s
     0     0 1739.99949    0  230 1774.62202 1739.99949  1.95%     -    2s
     0     0 1739.99949    0  230 1774.62202 1739.99949  1.95%     -    2s
     0     0 1739.99949    0  230 1774.62202 1739.99949  1.95%     -    2s
     0     0 1741.10991    0  233 1774.62202 1741.10991  1.89%     -    2s
     0     0 1741.10991    0  232 1774.62202 1741.10991  1.89%     -    2s
     0     0 1741.10991    0  232 1774.62202 1741.10991  1.89%     -    2s
     0     0 1741.10991    0  232 1774.62202 1741.10991  1.89%     -    2s
     0     0 1741.10991    0  232 1774.62202 1741.10991  1.89%     -    2s
     0     0 1741.10991    0  232 1774.62202 1741.10991  1.89%     -    2s
     0     0 1741.10991    0  232 1774.62202 1741.10991  1.89%     -    2s
     0     0 1741.10991    0  232 1774.62202 1741.10991  1.89%     -    2s
     0     0 1741.10991    0  232 1774.62202 1741.10991  1.89%     -    2s
     0     0 1741.10991    0  232 1774.62202 1741.10991  1.89%     -    2s
     0     0 1741.10991    0  232 1774.62202 1741.10991  1.89%     -    2s
     0     0 1741.14882    0  232 1774.62202 1741.14882  1.89%     -    2s
     0     0 1741.14882    0  232 1774.62202 1741.14882  1.89%     -    2s
     0     0 1741.14882    0  232 1774.62202 1741.14882  1.89%     -    2s
     0     0 1741.14882    0  232 1774.62202 1741.14882  1.89%     -    2s
     0     0 1741.15836    0  234 1774.62202 1741.15836  1.89%     -    2s
     0     0 1741.88610    0  239 1774.62202 1741.88610  1.84%     -    2s
     0     0 1742.30279    0  241 1774.62202 1742.30279  1.82%     -    3s
     0     0 1742.30279    0  244 1774.62202 1742.30279  1.82%     -    3s
     0     0 1742.60570    0  248 1774.62202 1742.60570  1.80%     -    3s
     0     0 1742.70872    0  274 1774.62202 1742.70872  1.80%     -    3s
     0     0 1742.70872    0  274 1774.62202 1742.70872  1.80%     -    3s
     0     0 1743.18234    0  248 1774.62202 1743.18234  1.77%     -    3s
H    0     0                    1774.1849920 1744.09071  1.70%     -    3s
     0     0 1744.09071    0  242 1774.18499 1744.09071  1.70%     -    3s
     0     0 1744.09071    0  249 1774.18499 1744.09071  1.70%     -    3s
     0     0 1746.90610    0  217 1774.18499 1746.90610  1.54%     -    3s
     0     0 1747.13365    0  237 1774.18499 1747.13365  1.52%     -    4s
     0     0 1747.13962    0  236 1774.18499 1747.13962  1.52%     -    4s
     0     0 1747.28182    0  254 1774.18499 1747.28182  1.52%     -    4s
     0     0 1747.30321    0  253 1774.18499 1747.30321  1.52%     -    4s
     0     0 1747.32493    0  243 1774.18499 1747.32493  1.51%     -    4s
     0     0 1747.32493    0  243 1774.18499 1747.32493  1.51%     -    4s
     0     0 1748.12866    0  206 1774.18499 1748.12866  1.47%     -    4s
     0     0 1748.12866    0  206 1774.18499 1748.12866  1.47%     -    4s
     0     0 1748.12866    0  205 1774.18499 1748.12866  1.47%     -    4s
     0     0 1748.13550    0  155 1774.18499 1748.13550  1.47%     -    5s
     0     0 1748.13550    0  144 1774.18499 1748.13550  1.47%     -    5s
     0     0 1748.13550    0  144 1774.18499 1748.13550  1.47%     -    5s
     0     0 1748.13550    0  144 1774.18499 1748.13550  1.47%     -    5s
     0     0 1748.13550    0  144 1774.18499 1748.13550  1.47%     -    5s
     0     0 1748.13550    0  144 1774.18499 1748.13550  1.47%     -    5s
     0     0 1748.13550    0  144 1774.18499 1748.13550  1.47%     -    5s
     0     0 1748.13550    0  144 1774.18499 1748.13550  1.47%     -    5s
     0     0 1748.13550    0  144 1774.18499 1748.13550  1.47%     -    5s
     0     0 1761.56862    0  181 1774.18499 1761.56862  0.71%     -    5s
     0     0 1761.59375    0  155 1774.18499 1761.59375  0.71%     -    5s
     0     0 1761.59842    0  167 1774.18499 1761.59842  0.71%     -    5s
     0     0 1761.59877    0  167 1774.18499 1761.59877  0.71%     -    5s
     0     0 1763.86981    0   42 1774.18499 1763.86981  0.58%     -    5s
     0     0 1766.27101    0   41 1774.18499 1766.27101  0.45%     -    5s
     0     0 1767.23197    0   42 1774.18499 1767.23197  0.39%     -    5s
     0     0 1767.37386    0   42 1774.18499 1767.37386  0.38%     -    5s
     0     0 1767.37386    0   42 1774.18499 1767.37386  0.38%     -    5s
     0     0 1773.74411    0   44 1774.18499 1773.74411  0.02%     -    5s

Cutting planes:
  Gomory: 4
  Lift-and-project: 8
  Cover: 11
  Implied bound: 119
  Clique: 6
  MIR: 36
  StrongCG: 3
  GUB cover: 4
  RLT: 9
  Relax-and-lift: 5
  BQP: 36
  PSD: 1

Explored 1 nodes (3658 simplex iterations) in 5.47 seconds (1.00 work units)
Thread count was 2 (of 46 available processors)

Solution count 7: 1774.18 1774.18 1774.62 ... 1988.93

Optimal solution found (tolerance 1.00e-06)
Best objective 1.774184992040e+03, best bound 1.774184992040e+03, gap 0.0000%
