Slurm job ID    : 2819
Array task ID   : 5
Host            : 23037696r-i7809a0b3cd
Start time      : 2026-08-16T01:28:01+08:00
Instance        : /home/23037696r/Documents/research/or_benchmark/wp/instances/inactive_0.5/j40/j400105_5.sm
Output JSON     : /home/23037696r/Documents/research/or_benchmark/wp/results/inactive_0.5/j40/j400105_5.json
Gurobi log      : /home/23037696r/Documents/research/or_benchmark/wp/results/inactive_0.5/j40/logs/gurobi/j400105_5.log
Allocated CPUs  : 2
Running with command-line arguments
-----------------------------------
Instance file: /home/23037696r/Documents/research/or_benchmark/wp/instances/inactive_0.5/j40/j400105_5.sm
Instance summary
----------------
Tasks:          42
Active tasks:   20
Inactive tasks: 22
Arcs:           71
Total duration: 218
Total work:     304
Active work:    145
Delta (singleton critical-path makespan): 24
Chosen deadline: 27
Feasible by singleton schedule: yes
Deadline rule: automatic: d = ceil(1.1 * Delta) = 27
Set parameter Username
Set parameter LicenseID to value 2851961
Academic license - for non-commercial use only - expires 2027-08-07
Set parameter MIPGap to value 1e-06
Set parameter TimeLimit to value 13800
Set parameter Threads to value 2
Set parameter LogFile to value "/home/23037696r/Documents/research/or_benchmark/wp/results/inactive_0.5/j40/logs/gurobi/j400105_5.log"
Set parameter NumericFocus to value 1
Gurobi Optimizer version 13.0.2 build v13.0.2rc1 (linux64 - "Ubuntu 22.04.3 LTS")

CPU model: Intel Xeon Processor (Cascadelake), instruction set [SSE2|AVX|AVX2|AVX512]
Thread count: 46 physical cores, 46 logical processors, using up to 2 threads

Non-default parameters:
TimeLimit  13800
MIPGap  1e-06
NumericFocus  1
Threads  2

Optimize a model with 12395 rows, 6986 columns and 45315 nonzeros (Min)
Model fingerprint: 0xad760903
Model has 4000 linear objective coefficients and an objective constant of 1.8656626923820509e+03
Variable types: 560 continuous, 6426 integer (6238 binary)
Coefficient statistics:
  Matrix range     [1e+00, 1e+02]
  Objective range  [1e-02, 7e+02]
  Bounds range     [1e+00, 1e+02]
  RHS range        [1e+00, 1e+02]

Presolve removed 10305 rows and 3796 columns
Presolve time: 1.10s
Presolved: 2090 rows, 3190 columns, 18523 nonzeros
Variable types: 0 continuous, 3190 integer (2609 binary)
Found heuristic solution: objective 3692.0417312

Root relaxation: objective 2.744212e+03, 736 iterations, 0.07 seconds (0.03 work units)

    Nodes    |    Current Node    |     Objective Bounds      |     Work
 Expl Unexpl |  Obj  Depth IntInf | Incumbent    BestBd   Gap | It/Node Time

     0     0 2744.21236    0   57 3692.04173 2744.21236  25.7%     -    1s
H    0     0                    2818.8113918 2744.21236  2.65%     -    1s
H    0     0                    2818.0258596 2744.21236  2.62%     -    1s
     0     0 2745.85747    0   60 2818.02586 2745.85747  2.56%     -    1s
     0     0 2745.85747    0   29 2818.02586 2745.85747  2.56%     -    2s
     0     0 2748.14766    0   38 2818.02586 2748.14766  2.48%     -    2s
H    0     0                    2792.4608942 2748.14766  1.59%     -    2s
H    0     0                    2781.7469584 2748.14766  1.21%     -    2s
     0     0 2749.18633    0   76 2781.74696 2749.18633  1.17%     -    2s
     0     0 2749.18633    0   18 2781.74696 2749.18633  1.17%     -    2s
H    0     0                    2780.4995566 2749.18633  1.13%     -    2s
     0     0 2767.82935    0   50 2780.49956 2767.82935  0.46%     -    2s
     0     0 2767.96189    0   57 2780.49956 2767.96189  0.45%     -    2s
     0     0 2767.96192    0   58 2780.49956 2767.96192  0.45%     -    2s
     0     0 2771.07572    0   72 2780.49956 2771.07572  0.34%     -    2s
     0     0 2773.01809    0   76 2780.49956 2773.01809  0.27%     -    2s
     0     0 2773.44766    0   66 2780.49956 2773.44766  0.25%     -    2s
     0     0 2773.48937    0   74 2780.49956 2773.48937  0.25%     -    2s
     0     0 2773.48937    0   74 2780.49956 2773.48937  0.25%     -    2s
     0     0 2773.78912    0   83 2780.49956 2773.78912  0.24%     -    2s
H    0     0                    2780.1888094 2773.78945  0.23%     -    2s
     0     0 2773.80598    0   65 2780.18881 2773.80598  0.23%     -    2s
     0     0 2773.80697    0   83 2780.18881 2773.80697  0.23%     -    2s
     0     0 2775.34275    0   81 2780.18881 2775.34275  0.17%     -    2s
H    0     0                    2780.1018872 2775.34286  0.17%     -    2s
     0     0 2775.67939    0   82 2780.10189 2775.67939  0.16%     -    2s
     0     0 2775.74302    0   96 2780.10189 2775.74302  0.16%     -    2s
     0     0 2775.74302    0   98 2780.10189 2775.74302  0.16%     -    2s
     0     0 2775.92295    0   88 2780.10189 2775.92295  0.15%     -    2s
     0     0 2775.94349    0   85 2780.10189 2775.94349  0.15%     -    3s
     0     0 2775.95486    0   97 2780.10189 2775.95486  0.15%     -    3s
     0     0 2776.08126    0   99 2780.10189 2776.08126  0.14%     -    3s
     0     0 2776.08140    0   99 2780.10189 2776.08140  0.14%     -    3s
     0     0 2776.08140    0   99 2780.10189 2776.08140  0.14%     -    3s
     0     0 2776.08140    0   78 2780.10189 2776.08140  0.14%     -    3s
     0     0 2776.08555    0   27 2780.10189 2776.08555  0.14%     -    3s
     0     0 2776.08555    0   43 2780.10189 2776.08555  0.14%     -    3s
     0     0 2776.08555    0   54 2780.10189 2776.08555  0.14%     -    3s
     0     0 2776.29465    0   81 2780.10189 2776.29465  0.14%     -    3s
     0     0 2776.41137    0   90 2780.10189 2776.41137  0.13%     -    3s
     0     0 2776.48373    0   90 2780.10189 2776.48373  0.13%     -    3s
     0     0 2776.48390    0   91 2780.10189 2776.48390  0.13%     -    3s
     0     0 2776.76915    0   91 2780.10189 2776.76915  0.12%     -    3s
     0     0 2776.83883    0   87 2780.10189 2776.83883  0.12%     -    3s
     0     0 2776.83886    0   92 2780.10189 2776.83886  0.12%     -    3s
     0     0 2777.45284    0   90 2780.10189 2777.45284  0.10%     -    3s
     0     0 2777.57259    0   80 2780.10189 2777.57259  0.09%     -    3s
     0     0 2777.57259    0   86 2780.10189 2777.57259  0.09%     -    3s
     0     0 2778.16858    0   90 2780.10189 2778.16858  0.07%     -    3s
     0     0 2778.17533    0  102 2780.10189 2778.17533  0.07%     -    3s
     0     0 2778.19035    0  102 2780.10189 2778.19035  0.07%     -    3s
     0     0 2778.25570    0   92 2780.10189 2778.25570  0.07%     -    3s
     0     0 2778.25570    0   92 2780.10189 2778.25570  0.07%     -    3s
     0     0 2778.25570    0   77 2780.10189 2778.25570  0.07%     -    3s
     0     2 2778.25940    0   77 2780.10189 2778.25940  0.07%     -    3s
H   13     8                    2780.0259202 2778.81918  0.04%  15.9    3s
*   14     8               5    2779.5048837 2778.81918  0.02%  15.4    3s

Cutting planes:
  Learned: 7
  Gomory: 2
  Cover: 16
  Implied bound: 23
  Clique: 11
  MIR: 11
  GUB cover: 4
  Inf proof: 2
  Mod-K: 1
  RLT: 8
  Relax-and-lift: 13
  BQP: 4

Explored 31 nodes (4223 simplex iterations) in 3.86 seconds (0.66 work units)
Thread count was 2 (of 46 available processors)

Solution count 10: 2779.5 2780.03 2780.1 ... 2781.75

Optimal solution found (tolerance 1.00e-06)
Best objective 2.779504883658e+03, best bound 2.779504883658e+03, gap 0.0000%

Solve summary
-------------
Status code:       2
Objective:         2779.5048836584206
Objective bound:   2779.5048836584206
MIP gap:           0.0
Has cycle:         False
Is acyclic:        True
Packages selected: 3 active packages

Packages
--------
   I1 | inactive_singleton | S=  0, C=  0, x=  0 | tasks=[1]
   I5 | inactive_singleton | S=  0, C=  1, x=  2 | tasks=[5]
  I30 | inactive_singleton | S=  0, C=  2, x=  4 | tasks=[30]
  I32 | inactive_singleton | S=  0, C=  2, x=  4 | tasks=[32]
  I39 | inactive_singleton | S=  0, C=  3, x=  4 | tasks=[39]
   I3 | inactive_singleton | S=  0, C=  4, x=  8 | tasks=[3]
  I35 | inactive_singleton | S=  0, C=  4, x=  6 | tasks=[35]
  I26 | inactive_singleton | S=  0, C=  7, x=  8 | tasks=[26]
  I27 | inactive_singleton | S=  0, C=  7, x=  9 | tasks=[27]
  I31 | inactive_singleton | S=  0, C=  7, x=  9 | tasks=[31]
  I12 | inactive_singleton | S=  0, C=  8, x=  8 | tasks=[12]
  I13 | inactive_singleton | S=  0, C=  8, x= 12 | tasks=[13]
  I37 | inactive_singleton | S=  0, C=  8, x= 10 | tasks=[37]
   A1 | active             | S=  0, C=  9, x= 67 | tasks=[2, 11, 14, 21, 22, 28, 33, 34, 36, 40, 41]
  I38 | inactive_singleton | S=  0, C=  9, x= 17 | tasks=[38]
   I4 | inactive_singleton | S=  0, C=  9, x= 11 | tasks=[4]
  I29 | inactive_singleton | S=  0, C= 10, x= 10 | tasks=[29]
  I23 | inactive_singleton | S=  1, C=  3, x=  4 | tasks=[23]
   I9 | inactive_singleton | S=  9, C= 11, x=  4 | tasks=[9]
  I18 | inactive_singleton | S=  9, C= 13, x=  6 | tasks=[18]
  I19 | inactive_singleton | S=  9, C= 19, x= 16 | tasks=[19]
   A2 | active             | S=  9, C= 23, x= 14 | tasks=[6, 7]
   A3 | active             | S= 11, C= 22, x= 64 | tasks=[8, 10, 15, 16, 20, 24, 25]
  I17 | inactive_singleton | S= 23, C= 27, x=  7 | tasks=[17]
  I42 | inactive_singleton | S= 27, C= 27, x=  0 | tasks=[42]

Solution JSON saved to: /home/23037696r/Documents/research/or_benchmark/wp/results/inactive_0.5/j40/j400105_5.json
Finish time     : 2026-08-16T01:28:09+08:00
