Slurm job ID    : 2844
Array task ID   : 30
Host            : 23037696r-i7809a0b3cd
Start time      : 2026-08-16T01:44:49+08:00
Instance        : /home/23037696r/Documents/research/or_benchmark/wp/instances/inactive_0.5/j40/j400405_1.sm
Output JSON     : /home/23037696r/Documents/research/or_benchmark/wp/results/inactive_0.5/j40/j400405_1.json
Gurobi log      : /home/23037696r/Documents/research/or_benchmark/wp/results/inactive_0.5/j40/logs/gurobi/j400405_1.log
Allocated CPUs  : 2
Running with command-line arguments
-----------------------------------
Instance file: /home/23037696r/Documents/research/or_benchmark/wp/instances/inactive_0.5/j40/j400405_1.sm
Instance summary
----------------
Tasks:          42
Active tasks:   20
Inactive tasks: 22
Arcs:           87
Total duration: 196
Total work:     287
Active work:    152
Delta (singleton critical-path makespan): 59
Chosen deadline: 65
Feasible by singleton schedule: yes
Deadline rule: automatic: d = ceil(1.1 * Delta) = 65
Set parameter Username
Set parameter LicenseID to value 2851961
Academic license - for non-commercial use only - expires 2027-08-07
Set parameter MIPGap to value 1e-06
Set parameter TimeLimit to value 13800
Set parameter Threads to value 2
Set parameter LogFile to value "/home/23037696r/Documents/research/or_benchmark/wp/results/inactive_0.5/j40/logs/gurobi/j400405_1.log"
Set parameter NumericFocus to value 1
Gurobi Optimizer version 13.0.2 build v13.0.2rc1 (linux64 - "Ubuntu 22.04.3 LTS")

CPU model: Intel Xeon Processor (Cascadelake), instruction set [SSE2|AVX|AVX2|AVX512]
Thread count: 46 physical cores, 46 logical processors, using up to 2 threads

Non-default parameters:
TimeLimit  13800
MIPGap  1e-06
NumericFocus  1
Threads  2

Optimize a model with 19862 rows, 9482 columns and 69430 nonzeros (Min)
Model fingerprint: 0xb8d16b34
Model has 5660 linear objective coefficients and an objective constant of 1.7400159120303738e+03
Variable types: 1320 continuous, 8162 integer (7974 binary)
Coefficient statistics:
  Matrix range     [1e+00, 2e+02]
  Objective range  [1e-02, 7e+02]
  Bounds range     [1e+00, 2e+02]
  RHS range        [1e+00, 2e+02]

Presolve removed 15011 rows and 5551 columns (presolve time = 5s)...
Presolve removed 15174 rows and 5606 columns
Presolve time: 7.09s
Presolved: 4688 rows, 3876 columns, 38009 nonzeros
Variable types: 0 continuous, 3876 integer (2835 binary)
Found heuristic solution: objective 3656.1249017

Root simplex log...

Iteration    Objective       Primal Inf.    Dual Inf.      Time
       0    1.9717611e+03   2.611875e+02   0.000000e+00      8s
    1843    2.7475698e+03   0.000000e+00   0.000000e+00      8s

Root relaxation: objective 2.747570e+03, 1843 iterations, 0.34 seconds (0.16 work units)

    Nodes    |    Current Node    |     Objective Bounds      |     Work
 Expl Unexpl |  Obj  Depth IntInf | Incumbent    BestBd   Gap | It/Node Time

     0     0 2747.56981    0   70 3656.12490 2747.56981  24.9%     -    8s
     0     0 2748.94273    0   71 3656.12490 2748.94273  24.8%     -    8s
     0     0 2748.94305    0   71 3656.12490 2748.94305  24.8%     -    8s
H    0     0                    3655.9280762 2748.94305  24.8%     -    8s
     0     0 2756.63601    0  277 3655.92808 2756.63601  24.6%     -    9s
     0     0 2756.67624    0  278 3655.92808 2756.67624  24.6%     -    9s
H    0     0                    3655.4826057 2756.67644  24.6%     -    9s
H    0     0                    3653.9593219 2756.67644  24.6%     -    9s
     0     0 2757.12851    0  296 3653.95932 2757.12851  24.5%     -   10s
     0     0 2757.14364    0  298 3653.95932 2757.14364  24.5%     -   10s
     0     0 2757.14364    0  298 3653.95932 2757.14364  24.5%     -   10s
     0     0 2768.62575    0  189 3653.95932 2768.62575  24.2%     -   11s
H    0     0                    2894.0705429 2768.62580  4.33%     -   12s
     0     0 2769.70358    0  187 2894.07054 2769.70358  4.30%     -   12s
     0     0 2769.91808    0  184 2894.07054 2769.91808  4.29%     -   12s
     0     0 2769.92594    0  184 2894.07054 2769.92594  4.29%     -   12s
     0     0 2769.92594    0  184 2894.07054 2769.92594  4.29%     -   13s
     0     0 2773.31541    0  211 2894.07054 2773.31541  4.17%     -   14s
     0     0 2773.31709    0  211 2894.07054 2773.31709  4.17%     -   14s
H    0     0                    2892.1933994 2773.31806  4.11%     -   14s
     0     0 2773.90516    0  206 2892.19340 2773.90516  4.09%     -   14s
     0     0 2773.90999    0  215 2892.19340 2773.90999  4.09%     -   15s
     0     0 2788.28330    0  196 2892.19340 2788.28330  3.59%     -   15s
     0     0 2788.28931    0  197 2892.19340 2788.28931  3.59%     -   16s
     0     0 2789.06863    0  186 2892.19340 2789.06863  3.57%     -   16s
     0     0 2789.14035    0  174 2892.19340 2789.14035  3.56%     -   16s
     0     0 2789.14043    0  189 2892.19340 2789.14043  3.56%     -   17s
     0     0 2789.43634    0  203 2892.19340 2789.43634  3.55%     -   17s
     0     0 2789.47730    0  217 2892.19340 2789.47730  3.55%     -   18s
     0     0 2789.54379    0  216 2892.19340 2789.54379  3.55%     -   18s
     0     0 2789.54380    0  218 2892.19340 2789.54380  3.55%     -   19s
     0     0 2789.81113    0  222 2892.19340 2789.81113  3.54%     -   19s
H    0     0                    2889.6272459 2789.82059  3.45%     -   20s
     0     0 2790.02576    0  212 2889.62725 2790.02576  3.45%     -   20s
     0     0 2790.19047    0  225 2889.62725 2790.19047  3.44%     -   20s
     0     0 2790.23942    0  231 2889.62725 2790.23942  3.44%     -   20s
     0     0 2790.24858    0  231 2889.62725 2790.24858  3.44%     -   21s
     0     0 2790.55091    0  229 2889.62725 2790.55091  3.43%     -   21s
     0     0 2790.55915    0  229 2889.62725 2790.55915  3.43%     -   22s
     0     0 2790.71797    0  232 2889.62725 2790.71797  3.42%     -   23s
     0     0 2790.72733    0  242 2889.62725 2790.72733  3.42%     -   23s
     0     0 2790.81749    0  237 2889.62725 2790.81749  3.42%     -   24s
     0     0 2790.92330    0  239 2889.62725 2790.92330  3.42%     -   24s
     0     0 2790.92826    0  242 2889.62725 2790.92826  3.42%     -   24s
     0     0 2790.94023    0  250 2889.62725 2790.94023  3.42%     -   25s
     0     0 2790.94035    0  250 2889.62725 2790.94035  3.42%     -   25s
     0     0 2790.94035    0  244 2889.62725 2790.94035  3.42%     -   26s
     0     2 2791.04252    0  244 2889.62725 2791.04252  3.41%     -   27s
H    4     6                    2887.9988947 2791.04252  3.36%   174   28s
    13    17 2806.06990    5  248 2887.99889 2791.04252  3.36%   135   30s
    82    62 2833.27003   29   50 2887.99889 2791.06569  3.36%  53.0   35s
   196   148 2823.98288   28   59 2887.99889 2806.07192  2.84%  34.5   40s
   296   186 2863.79569   13  136 2887.99889 2809.11105  2.73%  38.1   45s
*  401   233              60    2886.3404125 2809.84888  2.65%  37.3   49s
   426   261 infeasible    9      2886.34041 2816.54876  2.42%  37.8   50s
H  544   316                    2883.3804439 2821.65435  2.14%  34.8   54s
H  556   313                    2881.6864721 2821.65435  2.08%  34.2   54s
   568   320     cutoff   33      2881.68647 2821.74005  2.08%  33.6   55s
   696   361 2826.08289   25   53 2881.68647 2822.85347  2.04%  34.3   61s
H  754   357                    2881.4631750 2822.85347  2.03%  33.0   62s
   829   362 2881.10374   18   56 2881.46317 2825.30550  1.95%  34.4   66s
H  874   330                    2880.0459560 2825.34187  1.90%  34.0   67s
H  904   327                    2879.4537049 2825.36145  1.88%  33.1   69s
   940   330     cutoff   35      2879.45370 2825.39362  1.88%  32.4   71s
*  951   330              44    2879.1287869 2825.49121  1.86%  32.1   71s
  1086   328 2828.75012   15   66 2879.12879 2826.96724  1.81%  31.4   76s
H 1183   329                    2878.6283827 2827.70959  1.77%  30.8   77s
  1236   344 2877.10388   44   12 2878.62838 2827.92963  1.76%  30.9   81s
  1361   351     cutoff   17      2878.62838 2828.48440  1.74%  30.0   87s
  1483   330 2877.24920   41   10 2878.62838 2828.94611  1.73%  29.5   92s
  1538   307 infeasible   22      2878.62838 2829.66217  1.70%  29.7   95s
  1634   263 2852.86249   15   74 2878.62838 2831.44879  1.64%  30.6  100s
  1739   171 2869.24826   10    3 2878.62838 2836.45410  1.47%  30.6  105s
  1910   135     cutoff   20      2878.62838 2843.60446  1.22%  29.8  111s
  2050   133 infeasible   14      2878.62838 2859.62076  0.66%  30.7  116s
  2116   149     cutoff   82      2878.62838 2861.44242  0.60%  32.7  120s
  2215   151 infeasible   17      2878.62838 2863.53696  0.52%  34.7  126s
  2279   140     cutoff   21      2878.62838 2864.32506  0.50%  35.2  130s
  2382    61 infeasible   22      2878.62838 2868.25454  0.36%  37.7  138s
  2466     0     cutoff   55      2878.62838 2873.22489  0.19%  37.8  143s

Cutting planes:
  Learned: 28
  Cover: 323
  Implied bound: 285
  Clique: 69
  MIR: 215
  Knapsack: 2
  StrongCG: 66
  Flow cover: 1
  GUB cover: 82
  Zero half: 13
  Mod-K: 3
  RLT: 30
  Relax-and-lift: 190
  BQP: 15
  PSD: 1

Explored 2548 nodes (101014 simplex iterations) in 143.64 seconds (13.42 work units)
Thread count was 2 (of 46 available processors)

Solution count 10: 2878.63 2879.13 2879.45 ... 2889.63

Optimal solution found (tolerance 1.00e-06)
Best objective 2.878628382680e+03, best bound 2.878628382680e+03, gap 0.0000%

Solve summary
-------------
Status code:       2
Objective:         2878.6283826801678
Objective bound:   2878.6283826801678
MIP gap:           0.0
Has cycle:         False
Is acyclic:        True
Packages selected: 5 active packages

Packages
--------
   I1 | inactive_singleton | S=  0, C=  0, x=  0 | tasks=[1]
  I19 | inactive_singleton | S=  0, C=  6, x= 10 | tasks=[19]
   A1 | active             | S=  0, C= 19, x= 66 | tasks=[2, 3, 4, 5, 6, 7, 8, 9, 16, 23]
  I10 | inactive_singleton | S= 19, C= 21, x=  2 | tasks=[10]
  I14 | inactive_singleton | S= 19, C= 21, x=  3 | tasks=[14]
  I17 | inactive_singleton | S= 19, C= 21, x=  2 | tasks=[17]
  I11 | inactive_singleton | S= 19, C= 23, x=  4 | tasks=[11]
  I30 | inactive_singleton | S= 19, C= 23, x=  5 | tasks=[30]
  I18 | inactive_singleton | S= 19, C= 26, x=  9 | tasks=[18]
   A3 | active             | S= 19, C= 29, x= 14 | tasks=[13]
  I41 | inactive_singleton | S= 19, C= 29, x= 17 | tasks=[41]
   A2 | active             | S= 21, C= 23, x=  4 | tasks=[12]
  I40 | inactive_singleton | S= 23, C= 25, x=  2 | tasks=[40]
  I15 | inactive_singleton | S= 23, C= 29, x= 11 | tasks=[15]
  I38 | inactive_singleton | S= 29, C= 33, x=  4 | tasks=[38]
  I20 | inactive_singleton | S= 29, C= 35, x=  7 | tasks=[20]
  I21 | inactive_singleton | S= 35, C= 36, x=  2 | tasks=[21]
   A4 | active             | S= 36, C= 38, x=  4 | tasks=[22]
  I36 | inactive_singleton | S= 36, C= 41, x= 10 | tasks=[36]
  I24 | inactive_singleton | S= 38, C= 44, x=  6 | tasks=[24]
  I25 | inactive_singleton | S= 44, C= 45, x=  1 | tasks=[25]
  I34 | inactive_singleton | S= 44, C= 52, x= 11 | tasks=[34]
  I28 | inactive_singleton | S= 44, C= 54, x= 19 | tasks=[28]
   A5 | active             | S= 45, C= 58, x= 64 | tasks=[26, 27, 29, 32, 35, 37, 39]
  I33 | inactive_singleton | S= 54, C= 59, x=  7 | tasks=[33]
  I31 | inactive_singleton | S= 58, C= 60, x=  3 | tasks=[31]
  I42 | inactive_singleton | S= 65, C= 65, x=  0 | tasks=[42]

Solution JSON saved to: /home/23037696r/Documents/research/or_benchmark/wp/results/inactive_0.5/j40/j400405_1.json
Finish time     : 2026-08-16T01:47:18+08:00
