Slurm job ID    : 2038
Array task ID   : 16
Host            : 23037696r-i7809a0b3cd
Start time      : 2026-08-13T22:50:12+08:00
Instance        : /home/23037696r/Documents/research/or_benchmark/wp/instances/inactive_0.3/j20/j200203_6.sm
Output JSON     : /home/23037696r/Documents/research/or_benchmark/wp/results/inactive_0.3/j20/j200203_6.json
Gurobi log      : /home/23037696r/Documents/research/or_benchmark/wp/results/inactive_0.3/j20/logs/gurobi/j200203_6.log
Allocated CPUs  : 2
Running with command-line arguments
-----------------------------------
Instance file: /home/23037696r/Documents/research/or_benchmark/wp/instances/inactive_0.3/j20/j200203_6.sm
Instance summary
----------------
Tasks:          22
Active tasks:   14
Inactive tasks: 8
Arcs:           51
Total duration: 67
Total work:     99
Active work:    87
Delta (singleton critical-path makespan): 21
Chosen deadline: 24
Feasible by singleton schedule: yes
Deadline rule: automatic: d = ceil(1.1 * Delta) = 24
Set parameter Username
Set parameter LicenseID to value 2851961
Academic license - for non-commercial use only - expires 2027-08-07
Set parameter MIPGap to value 1e-06
Set parameter TimeLimit to value 13800
Set parameter Threads to value 2
Set parameter LogFile to value "/home/23037696r/Documents/research/or_benchmark/wp/results/inactive_0.3/j20/logs/gurobi/j200203_6.log"
Set parameter NumericFocus to value 1
Gurobi Optimizer version 13.0.2 build v13.0.2rc1 (linux64 - "Ubuntu 22.04.3 LTS")

CPU model: Intel Xeon Processor (Cascadelake), instruction set [SSE2|AVX|AVX2|AVX512]
Thread count: 46 physical cores, 46 logical processors, using up to 2 threads

Non-default parameters:
TimeLimit  13800
MIPGap  1e-06
NumericFocus  1
Threads  2

Optimize a model with 6375 rows, 2906 columns and 21938 nonzeros (Min)
Model fingerprint: 0x0a64c716
Model has 1712 linear objective coefficients and an objective constant of 3.7448759423195594e+02
Variable types: 350 continuous, 2556 integer (2454 binary)
Coefficient statistics:
  Matrix range     [1e+00, 9e+01]
  Objective range  [1e-02, 4e+02]
  Bounds range     [1e+00, 9e+01]
  RHS range        [1e+00, 9e+01]

Presolve removed 4590 rows and 1496 columns
Presolve time: 0.23s
Presolved: 1785 rows, 1410 columns, 13675 nonzeros
Variable types: 0 continuous, 1410 integer (1062 binary)
Found heuristic solution: objective 1571.4236906

Root relaxation: objective 9.589783e+02, 482 iterations, 0.02 seconds (0.01 work units)

    Nodes    |    Current Node    |     Objective Bounds      |     Work
 Expl Unexpl |  Obj  Depth IntInf | Incumbent    BestBd   Gap | It/Node Time

     0     0  958.97833    0   78 1571.42369  958.97833  39.0%     -    0s
H    0     0                    1571.3863076  958.97833  39.0%     -    0s
     0     0  961.48413    0   86 1571.38631  961.48413  38.8%     -    0s
H    0     0                    1571.2245169  961.49712  38.8%     -    0s
     0     0  961.54797    0   91 1571.22452  961.54797  38.8%     -    0s
     0     0  961.58704    0   93 1571.22452  961.58704  38.8%     -    0s
     0     0  961.76533    0   97 1571.22452  961.76533  38.8%     -    0s
     0     0  961.77778    0   97 1571.22452  961.77778  38.8%     -    0s
     0     0  962.13724    0   97 1571.22452  962.13724  38.8%     -    0s
     0     0  962.19880    0   92 1571.22452  962.19880  38.8%     -    0s
     0     0  962.23017    0   92 1571.22452  962.23017  38.8%     -    0s
     0     0  962.23509    0   92 1571.22452  962.23509  38.8%     -    0s
     0     0  962.23509    0   91 1571.22452  962.23509  38.8%     -    0s
     0     0  962.25233    0  102 1571.22452  962.25233  38.8%     -    0s
H    0     0                    1032.1820112  962.25259  6.77%     -    0s
     0     0  962.27381    0   99 1032.18201  962.27381  6.77%     -    0s
     0     0  962.28068    0   99 1032.18201  962.28068  6.77%     -    0s
     0     0  962.28068    0  111 1032.18201  962.28068  6.77%     -    0s
     0     0  962.28069    0  112 1032.18201  962.28069  6.77%     -    0s
H    0     0                    1031.4657691  962.28126  6.71%     -    1s
H    0     0                    1031.3910124  962.28126  6.70%     -    1s
     0     0  962.28126    0  113 1031.39101  962.28126  6.70%     -    1s
     0     0  962.28126    0  109 1031.39101  962.28126  6.70%     -    1s
H    0     0                    1030.6985872  962.28126  6.64%     -    1s
H    0     0                    1030.6238399  962.28126  6.63%     -    1s
H    0     0                    1030.5989117  962.28126  6.63%     -    1s
     0     0  962.28126    0  109 1030.59891  962.28126  6.63%     -    1s
     0     0  962.28126    0  107 1030.59891  962.28126  6.63%     -    1s
     0     0  962.28126    0  103 1030.59891  962.28126  6.63%     -    1s
     0     0  962.28126    0  107 1030.59891  962.28126  6.63%     -    1s
     0     0  962.28126    0  109 1030.59891  962.28126  6.63%     -    1s
     0     0  962.28126    0  109 1030.59891  962.28126  6.63%     -    1s
     0     0  962.28126    0  109 1030.59891  962.28126  6.63%     -    1s
     0     0  962.28126    0  109 1030.59891  962.28126  6.63%     -    1s
     0     0  962.28126    0  109 1030.59891  962.28126  6.63%     -    1s
     0     0  962.29999    0   76 1030.59891  962.29999  6.63%     -    1s
     0     0  962.29999    0   88 1030.59891  962.29999  6.63%     -    1s
     0     0  962.29999    0   97 1030.59891  962.29999  6.63%     -    1s
     0     0  962.29999    0   99 1030.59891  962.29999  6.63%     -    1s
     0     0  962.29999    0   90 1030.59891  962.29999  6.63%     -    1s
     0     0  962.29999    0  105 1030.59891  962.29999  6.63%     -    1s
     0     0  962.29999    0  110 1030.59891  962.29999  6.63%     -    1s
     0     0  962.29999    0  118 1030.59891  962.29999  6.63%     -    1s
     0     0  962.29999    0  114 1030.59891  962.29999  6.63%     -    1s
     0     0  962.30653    0  107 1030.59891  962.30653  6.63%     -    1s
     0     0  962.36657    0  114 1030.59891  962.36657  6.62%     -    1s
     0     0  962.37386    0  112 1030.59891  962.37386  6.62%     -    1s
     0     0  962.37389    0  120 1030.59891  962.37389  6.62%     -    1s
     0     0  962.38444    0  108 1030.59891  962.38444  6.62%     -    2s
     0     0  962.38870    0  115 1030.59891  962.38870  6.62%     -    2s
     0     0  962.38953    0  119 1030.59891  962.38953  6.62%     -    2s
     0     0  962.40237    0  124 1030.59891  962.40237  6.62%     -    2s
     0     0  962.40249    0  120 1030.59891  962.40249  6.62%     -    2s
     0     0  962.40249    0  118 1030.59891  962.40249  6.62%     -    2s
H    0     0                    1030.4746113  962.41325  6.60%     -    2s
     0     0  962.41325    0  121 1030.47461  962.41325  6.60%     -    2s
     0     0  962.41325    0  121 1030.47461  962.41325  6.60%     -    2s
     0     0  962.41383    0  121 1030.47461  962.41383  6.60%     -    2s
     0     0  962.41383    0  121 1030.47461  962.41383  6.60%     -    2s
     0     0  962.41383    0  110 1030.47461  962.41383  6.60%     -    2s
     0     2  962.51102    0  109 1030.47461  962.51102  6.60%     -    2s
H   55    66                     977.6312800  962.51102  1.55%  28.2    2s
*  141    87              14     977.4820836  963.03043  1.48%  26.1    3s
H  161    92                     977.2279109  963.12977  1.44%  24.7    3s
*  163    92               9     977.0414627  963.12977  1.42%  24.4    3s
*  165    92               8     976.8549678  963.12977  1.41%  24.1    3s
*  214   106              21     976.7835262  963.12977  1.40%  21.4    3s
*  218   106              30     975.5078562  963.12977  1.27%  21.1    3s
*  395   108              19     974.9333271  965.16548  1.00%  22.3    3s
H  450   105                     974.6597420  965.59090  0.93%  21.7    3s

Cutting planes:
  Learned: 7
  Gomory: 2
  Lift-and-project: 3
  Cover: 81
  Implied bound: 63
  Clique: 14
  MIR: 103
  StrongCG: 31
  GUB cover: 27
  Zero half: 7
  RLT: 3
  Relax-and-lift: 27
  PSD: 2

Explored 861 nodes (19211 simplex iterations) in 4.38 seconds (1.64 work units)
Thread count was 2 (of 46 available processors)

Solution count 10: 974.66 974.933 975.508 ... 1030.47

Optimal solution found (tolerance 1.00e-06)
Best objective 9.746597419900e+02, best bound 9.746597419900e+02, gap 0.0000%

Solve summary
-------------
Status code:       2
Objective:         974.6597419899731
Objective bound:   974.6597419899731
MIP gap:           0.0
Has cycle:         False
Is acyclic:        True
Packages selected: 3 active packages

Packages
--------
   I1 | inactive_singleton | S=  0, C=  0, x=  0 | tasks=[1]
   I5 | inactive_singleton | S=  0, C=  1, x=  1 | tasks=[5]
   A1 | active             | S=  1, C= 10, x= 68 | tasks=[2, 3, 4, 6, 7, 8, 9, 11, 19, 20, 21]
  I14 | inactive_singleton | S= 10, C= 11, x=  2 | tasks=[14]
  I16 | inactive_singleton | S= 10, C= 11, x=  1 | tasks=[16]
  I18 | inactive_singleton | S= 10, C= 11, x=  1 | tasks=[18]
   A2 | active             | S= 10, C= 12, x=  3 | tasks=[12]
  I10 | inactive_singleton | S= 10, C= 15, x=  6 | tasks=[10]
  I15 | inactive_singleton | S= 15, C= 16, x=  1 | tasks=[15]
   A3 | active             | S= 15, C= 23, x= 16 | tasks=[13, 17]
  I22 | inactive_singleton | S= 24, C= 24, x=  0 | tasks=[22]

Solution JSON saved to: /home/23037696r/Documents/research/or_benchmark/wp/results/inactive_0.3/j20/j200203_6.json
Finish time     : 2026-08-13T22:50:18+08:00
