Slurm job ID    : 1991
Array task ID   : 99
Host            : 23037696r-i7809a0b3cd
Start time      : 2026-08-13T22:52:27+08:00
Instance        : /home/23037696r/Documents/research/or_benchmark/wp/instances/inactive_0.3/j20/j201003_9.sm
Output JSON     : /home/23037696r/Documents/research/or_benchmark/wp/results/inactive_0.3/j20/j201003_9.json
Gurobi log      : /home/23037696r/Documents/research/or_benchmark/wp/results/inactive_0.3/j20/logs/gurobi/j201003_9.log
Allocated CPUs  : 2
Running with command-line arguments
-----------------------------------
Instance file: /home/23037696r/Documents/research/or_benchmark/wp/instances/inactive_0.3/j20/j201003_9.sm
Instance summary
----------------
Tasks:          22
Active tasks:   14
Inactive tasks: 8
Arcs:           21
Total duration: 111
Total work:     165
Active work:    115
Delta (singleton critical-path makespan): 111
Chosen deadline: 123
Feasible by singleton schedule: yes
Deadline rule: automatic: d = ceil(1.1 * Delta) = 123
Set parameter Username
Set parameter LicenseID to value 2851961
Academic license - for non-commercial use only - expires 2027-08-07
Set parameter MIPGap to value 1e-06
Set parameter TimeLimit to value 13800
Set parameter Threads to value 2
Set parameter LogFile to value "/home/23037696r/Documents/research/or_benchmark/wp/results/inactive_0.3/j20/logs/gurobi/j201003_9.log"
Set parameter NumericFocus to value 1
Gurobi Optimizer version 13.0.2 build v13.0.2rc1 (linux64 - "Ubuntu 22.04.3 LTS")

CPU model: Intel Xeon Processor (Cascadelake), instruction set [SSE2|AVX|AVX2|AVX512]
Thread count: 46 physical cores, 46 logical processors, using up to 2 threads

Non-default parameters:
TimeLimit  13800
MIPGap  1e-06
NumericFocus  1
Threads  2

Optimize a model with 9321 rows, 6862 columns and 33452 nonzeros (Min)
Model fingerprint: 0xecf4f142
Model has 4084 linear objective coefficients and an objective constant of 5.7072073160430057e+02
Variable types: 1736 continuous, 5126 integer (5024 binary)
Coefficient statistics:
  Matrix range     [1e+00, 1e+02]
  Objective range  [1e-02, 6e+02]
  Bounds range     [1e+00, 1e+02]
  RHS range        [1e+00, 1e+02]

Presolve removed 7956 rows and 5263 columns
Presolve time: 0.47s
Presolved: 1365 rows, 1599 columns, 7652 nonzeros
Variable types: 0 continuous, 1599 integer (1001 binary)
Found heuristic solution: objective 1906.3061824

Root relaxation: objective 1.490487e+03, 554 iterations, 0.01 seconds (0.01 work units)

    Nodes    |    Current Node    |     Objective Bounds      |     Work
 Expl Unexpl |  Obj  Depth IntInf | Incumbent    BestBd   Gap | It/Node Time

     0     0 1490.48659    0   53 1906.30618 1490.48659  21.8%     -    0s
     0     0 1514.65663    0   90 1906.30618 1514.65663  20.5%     -    0s
     0     0 1514.70231    0   90 1906.30618 1514.70231  20.5%     -    0s
     0     0 1515.74800    0   95 1906.30618 1515.74800  20.5%     -    0s
     0     0 1515.84800    0   98 1906.30618 1515.84800  20.5%     -    0s
     0     0 1515.85636    0   98 1906.30618 1515.85636  20.5%     -    0s
     0     0 1515.87178    0   98 1906.30618 1515.87178  20.5%     -    0s
     0     0 1525.38683    0  136 1906.30618 1525.38683  20.0%     -    0s
H    0     0                    1641.5600259 1525.45144  7.07%     -    0s
     0     0 1525.95231    0  125 1641.56003 1525.95231  7.04%     -    0s
     0     0 1525.95241    0  128 1641.56003 1525.95241  7.04%     -    0s
     0     0 1527.73625    0  143 1641.56003 1527.73625  6.93%     -    0s
H    0     0                    1588.6360621 1527.77076  3.83%     -    0s
H    0     0                    1585.6715661 1527.77076  3.65%     -    1s
H    0     0                    1585.6105101 1527.77076  3.65%     -    1s
     0     0 1527.91671    0  131 1585.61051 1527.91671  3.64%     -    1s
     0     0 1527.91671    0  131 1585.61051 1527.91671  3.64%     -    1s
     0     0 1527.91671    0  131 1585.61051 1527.91671  3.64%     -    1s
     0     0 1527.91671    0  131 1585.61051 1527.91671  3.64%     -    1s
     0     0 1527.91671    0  131 1585.61051 1527.91671  3.64%     -    1s
     0     0 1527.91671    0  131 1585.61051 1527.91671  3.64%     -    1s
     0     0 1527.91671    0  131 1585.61051 1527.91671  3.64%     -    1s
     0     0 1527.91671    0  131 1585.61051 1527.91671  3.64%     -    1s
     0     0 1527.91671    0  131 1585.61051 1527.91671  3.64%     -    1s
     0     0 1527.91671    0  131 1585.61051 1527.91671  3.64%     -    1s
     0     0 1527.91671    0  131 1585.61051 1527.91671  3.64%     -    1s
     0     0 1527.91715    0  133 1585.61051 1527.91715  3.64%     -    1s
     0     0 1527.91715    0  132 1585.61051 1527.91715  3.64%     -    1s
     0     0 1528.40702    0  128 1585.61051 1528.40702  3.61%     -    1s
     0     0 1528.40702    0   89 1585.61051 1528.40702  3.61%     -    1s
H    0     0                    1585.2701316 1528.40702  3.59%     -    1s
     0     0 1557.43070    0   80 1585.27013 1557.43070  1.76%     -    1s
     0     0 1558.09490    0   86 1585.27013 1558.09490  1.71%     -    1s
     0     0 1561.41753    0   86 1585.27013 1561.41753  1.50%     -    1s
     0     0 1563.14061    0   44 1585.27013 1563.14061  1.40%     -    1s
     0     0 1563.16040    0   45 1585.27013 1563.16040  1.39%     -    1s
     0     0 1563.17760    0   44 1585.27013 1563.17760  1.39%     -    1s
     0     0 1563.21477    0   45 1585.27013 1563.21477  1.39%     -    1s
     0     0 1563.23417    0   45 1585.27013 1563.23417  1.39%     -    1s
     0     0 1563.25300    0   45 1585.27013 1563.25300  1.39%     -    1s
     0     0 1563.27135    0   45 1585.27013 1563.27135  1.39%     -    1s
     0     0 1563.28930    0   45 1585.27013 1563.28930  1.39%     -    1s
     0     0 1564.31529    0   52 1585.27013 1564.31529  1.32%     -    1s
     0     0 1568.11290    0   44 1585.27013 1568.11290  1.08%     -    1s
     0     0 1568.11290    0   44 1585.27013 1568.11290  1.08%     -    1s
     0     0 1568.81136    0   43 1585.27013 1568.81136  1.04%     -    1s
     0     0 1568.91479    0   43 1585.27013 1568.91479  1.03%     -    1s
     0     0 1568.94985    0   45 1585.27013 1568.94985  1.03%     -    1s
     0     0 1575.63093    0   20 1585.27013 1575.63093  0.61%     -    1s
     0     0     cutoff    0      1585.27013 1585.27013  0.00%     -    1s

Explored 1 nodes (1842 simplex iterations) in 1.36 seconds (0.45 work units)
Thread count was 2 (of 46 available processors)

Solution count 10: 1585.27 1585.27 1585.61 ... 1588.64

Optimal solution found (tolerance 1.00e-06)
Best objective 1.585270131613e+03, best bound 1.585270131613e+03, gap 0.0000%

Solve summary
-------------
Status code:       2
Objective:         1585.270131612504
Objective bound:   1585.270131612504
MIP gap:           0.0
Has cycle:         False
Is acyclic:        True
Packages selected: 6 active packages

Packages
--------
   I1 | inactive_singleton | S=  0, C=  0, x=  0 | tasks=[1]
   A1 | active             | S=  0, C=  3, x=  5 | tasks=[2]
   I3 | inactive_singleton | S=  3, C=  8, x=  5 | tasks=[3]
   A2 | active             | S=  8, C= 10, x=  2 | tasks=[4]
   I5 | inactive_singleton | S= 10, C= 12, x=  3 | tasks=[5]
   A3 | active             | S= 12, C= 18, x= 11 | tasks=[6]
   I7 | inactive_singleton | S= 18, C= 24, x= 10 | tasks=[7]
   A4 | active             | S= 24, C= 56, x= 49 | tasks=[8, 9, 10, 11, 12, 13]
  I14 | inactive_singleton | S= 56, C= 63, x= 10 | tasks=[14]
  I15 | inactive_singleton | S= 63, C= 72, x= 17 | tasks=[15]
   A5 | active             | S= 72, C= 88, x= 20 | tasks=[16, 17]
  I18 | inactive_singleton | S= 88, C= 93, x=  5 | tasks=[18]
   A6 | active             | S= 93, C=111, x= 28 | tasks=[19, 20, 21]
  I22 | inactive_singleton | S=114, C=114, x=  0 | tasks=[22]

Solution JSON saved to: /home/23037696r/Documents/research/or_benchmark/wp/results/inactive_0.3/j20/j201003_9.json
Finish time     : 2026-08-13T22:52:31+08:00
