Slurm job ID    : 2098
Array task ID   : 76
Host            : 23037696r-i7809a0b3cd
Start time      : 2026-08-13T22:51:13+08:00
Instance        : /home/23037696r/Documents/research/or_benchmark/wp/instances/inactive_0.3/j20/j200803_6.sm
Output JSON     : /home/23037696r/Documents/research/or_benchmark/wp/results/inactive_0.3/j20/j200803_6.json
Gurobi log      : /home/23037696r/Documents/research/or_benchmark/wp/results/inactive_0.3/j20/logs/gurobi/j200803_6.log
Allocated CPUs  : 2
Running with command-line arguments
-----------------------------------
Instance file: /home/23037696r/Documents/research/or_benchmark/wp/instances/inactive_0.3/j20/j200803_6.sm
Instance summary
----------------
Tasks:          22
Active tasks:   14
Inactive tasks: 8
Arcs:           26
Total duration: 135
Total work:     196
Active work:    132
Delta (singleton critical-path makespan): 118
Chosen deadline: 130
Feasible by singleton schedule: yes
Deadline rule: automatic: d = ceil(1.1 * Delta) = 130
Set parameter Username
Set parameter LicenseID to value 2851961
Academic license - for non-commercial use only - expires 2027-08-07
Set parameter MIPGap to value 1e-06
Set parameter TimeLimit to value 13800
Set parameter Threads to value 2
Set parameter LogFile to value "/home/23037696r/Documents/research/or_benchmark/wp/results/inactive_0.3/j20/logs/gurobi/j200803_6.log"
Set parameter NumericFocus to value 1
Gurobi Optimizer version 13.0.2 build v13.0.2rc1 (linux64 - "Ubuntu 22.04.3 LTS")

CPU model: Intel Xeon Processor (Cascadelake), instruction set [SSE2|AVX|AVX2|AVX512]
Thread count: 46 physical cores, 46 logical processors, using up to 2 threads

Non-default parameters:
TimeLimit  13800
MIPGap  1e-06
NumericFocus  1
Threads  2

Optimize a model with 10336 rows, 7352 columns and 37090 nonzeros (Min)
Model fingerprint: 0xd8a09aa4
Model has 4462 linear objective coefficients and an objective constant of 6.4107923836963289e+02
Variable types: 1834 continuous, 5518 integer (5416 binary)
Coefficient statistics:
  Matrix range     [1e+00, 1e+02]
  Objective range  [1e-02, 6e+02]
  Bounds range     [1e+00, 1e+02]
  RHS range        [1e+00, 1e+02]

Presolve removed 8225 rows and 4912 columns
Presolve time: 0.97s
Presolved: 2111 rows, 2440 columns, 25164 nonzeros
Variable types: 46 continuous, 2394 integer (1544 binary)
Found heuristic solution: objective 2202.7466704

Root relaxation: objective 1.542737e+03, 881 iterations, 0.06 seconds (0.04 work units)

    Nodes    |    Current Node    |     Objective Bounds      |     Work
 Expl Unexpl |  Obj  Depth IntInf | Incumbent    BestBd   Gap | It/Node Time

     0     0 1542.73679    0   65 2202.74667 1542.73679  30.0%     -    1s
     0     0 1547.22048    0   91 2202.74667 1547.22048  29.8%     -    1s
H    0     0                    1726.5438084 1547.26618  10.4%     -    1s
H    0     0                    1673.0083256 1547.26618  7.52%     -    1s
     0     0 1547.60827    0  134 1673.00833 1547.60827  7.50%     -    1s
     0     0 1547.61605    0  137 1673.00833 1547.61605  7.50%     -    1s
     0     0 1560.58455    0   83 1673.00833 1560.58455  6.72%     -    1s
     0     0 1560.75293    0   95 1673.00833 1560.75293  6.71%     -    1s
     0     0 1560.75357    0   97 1673.00833 1560.75357  6.71%     -    2s
     0     0 1564.64574    0  165 1673.00833 1564.64574  6.48%     -    2s
H    0     0                    1671.5201447 1564.66086  6.39%     -    2s
     0     0 1565.15603    0  161 1671.52014 1565.15603  6.36%     -    2s
     0     0 1565.25354    0  156 1671.52014 1565.25354  6.36%     -    2s
     0     0 1568.10813    0  140 1671.52014 1568.10813  6.19%     -    2s
     0     0 1568.51418    0  162 1671.52014 1568.51418  6.16%     -    2s
     0     0 1568.54511    0  143 1671.52014 1568.54511  6.16%     -    2s
     0     0 1568.61092    0  140 1671.52014 1568.61092  6.16%     -    2s
     0     0 1568.61111    0  140 1671.52014 1568.61111  6.16%     -    2s
     0     0 1569.22208    0   97 1671.52014 1569.22208  6.12%     -    3s
     0     0 1569.69073    0   99 1671.52014 1569.69073  6.09%     -    3s
     0     0 1569.69073    0  174 1671.52014 1569.69073  6.09%     -    3s
H    0     0                    1666.4481703 1569.69073  5.81%     -    3s
     0     0 1569.69073    0  173 1666.44817 1569.69073  5.81%     -    3s
     0     0 1570.52307    0  172 1666.44817 1570.52307  5.76%     -    3s
     0     0 1570.70900    0  173 1666.44817 1570.70900  5.75%     -    3s
     0     0 1571.01535    0  174 1666.44817 1571.01535  5.73%     -    4s
     0     0 1571.02385    0  173 1666.44817 1571.02385  5.73%     -    4s
     0     0 1571.04798    0  171 1666.44817 1571.04798  5.72%     -    4s
     0     0 1571.04849    0  173 1666.44817 1571.04849  5.72%     -    4s
     0     0 1574.99531    0  151 1666.44817 1574.99531  5.49%     -    4s
     0     0 1576.08313    0  139 1666.44817 1576.08313  5.42%     -    4s
     0     0 1576.16171    0  168 1666.44817 1576.16171  5.42%     -    4s
     0     0 1576.18222    0  178 1666.44817 1576.18222  5.42%     -    4s
     0     0 1576.18471    0  146 1666.44817 1576.18471  5.42%     -    4s
     0     0 1576.19833    0  146 1666.44817 1576.19833  5.42%     -    5s
     0     0 1576.20505    0  150 1666.44817 1576.20505  5.42%     -    5s
     0     0 1576.22482    0  148 1666.44817 1576.22482  5.41%     -    5s
     0     0 1576.37852    0  180 1666.44817 1576.37852  5.40%     -    5s
     0     0 1576.55682    0  152 1666.44817 1576.55682  5.39%     -    5s
     0     0 1576.72087    0  183 1666.44817 1576.72087  5.38%     -    5s
     0     0 1576.74088    0  188 1666.44817 1576.74088  5.38%     -    5s
     0     0 1576.75199    0  188 1666.44817 1576.75199  5.38%     -    5s
     0     0 1576.84699    0  186 1666.44817 1576.84699  5.38%     -    6s
     0     0 1576.87247    0  188 1666.44817 1576.87247  5.38%     -    6s
     0     0 1576.87252    0  192 1666.44817 1576.87252  5.38%     -    6s
     0     0 1576.90285    0  191 1666.44817 1576.90285  5.37%     -    6s
     0     0 1576.91235    0  192 1666.44817 1576.91235  5.37%     -    6s
     0     0 1576.93312    0  189 1666.44817 1576.93312  5.37%     -    7s
     0     0 1576.96543    0  189 1666.44817 1576.96543  5.37%     -    7s
     0     0 1576.96543    0  187 1666.44817 1576.96543  5.37%     -    7s
     0     2 1576.96720    0  187 1666.44817 1576.96720  5.37%     -    8s
    95    96 1626.64566   40   35 1666.44817 1607.59945  3.53%  36.0   10s
   434   195 infeasible   16      1666.44817 1612.94276  3.21%  33.2   15s
   679   171 infeasible   18      1666.44817 1617.08082  2.96%  39.3   20s
  1150   126 1650.70321   10   37 1666.44817 1637.90150  1.71%  33.0   25s
H 1202   126                    1666.1924316 1638.20801  1.68%  32.0   25s

Cutting planes:
  Learned: 4
  Cover: 75
  Implied bound: 171
  Clique: 11
  MIR: 119
  StrongCG: 7
  GUB cover: 24
  Zero half: 2
  RLT: 4
  Relax-and-lift: 57
  BQP: 2

Explored 1801 nodes (48122 simplex iterations) in 29.93 seconds (5.74 work units)
Thread count was 2 (of 46 available processors)

Solution count 6: 1666.19 1666.45 1671.52 ... 2202.75

Optimal solution found (tolerance 1.00e-06)
Best objective 1.666192431568e+03, best bound 1.666192431568e+03, gap 0.0000%

Solve summary
-------------
Status code:       2
Objective:         1666.192431568044
Objective bound:   1666.192431568044
MIP gap:           0.0
Has cycle:         False
Is acyclic:        True
Packages selected: 4 active packages

Packages
--------
   I1 | inactive_singleton | S=  0, C=  0, x=  0 | tasks=[1]
   I2 | inactive_singleton | S=  0, C=  8, x=  8 | tasks=[2]
   A1 | active             | S=  8, C= 22, x= 32 | tasks=[3, 4, 10]
   I5 | inactive_singleton | S= 22, C= 29, x= 11 | tasks=[5]
   A2 | active             | S= 29, C= 39, x= 10 | tasks=[6]
   I7 | inactive_singleton | S= 39, C= 49, x= 17 | tasks=[7]
  I13 | inactive_singleton | S= 49, C= 52, x=  6 | tasks=[13]
   I8 | inactive_singleton | S= 49, C= 53, x=  8 | tasks=[8]
   A3 | active             | S= 53, C= 94, x= 71 | tasks=[9, 11, 12, 14, 15, 17, 19]
  I16 | inactive_singleton | S= 94, C=103, x= 14 | tasks=[16]
   A4 | active             | S=103, C=118, x= 19 | tasks=[18, 20, 21]
  I22 | inactive_singleton | S=130, C=130, x=  0 | tasks=[22]

Solution JSON saved to: /home/23037696r/Documents/research/or_benchmark/wp/results/inactive_0.3/j20/j200803_6.json
Finish time     : 2026-08-13T22:51:45+08:00
