Slurm job ID    : 2071
Array task ID   : 49
Host            : 23037696r-i7809a0b3cd
Start time      : 2026-08-13T22:50:39+08:00
Instance        : /home/23037696r/Documents/research/or_benchmark/wp/instances/inactive_0.3/j20/j200503_9.sm
Output JSON     : /home/23037696r/Documents/research/or_benchmark/wp/results/inactive_0.3/j20/j200503_9.json
Gurobi log      : /home/23037696r/Documents/research/or_benchmark/wp/results/inactive_0.3/j20/logs/gurobi/j200503_9.log
Allocated CPUs  : 2
Running with command-line arguments
-----------------------------------
Instance file: /home/23037696r/Documents/research/or_benchmark/wp/instances/inactive_0.3/j20/j200503_9.sm
Instance summary
----------------
Tasks:          22
Active tasks:   14
Inactive tasks: 8
Arcs:           31
Total duration: 101
Total work:     147
Active work:    99
Delta (singleton critical-path makespan): 46
Chosen deadline: 51
Feasible by singleton schedule: yes
Deadline rule: automatic: d = ceil(1.1 * Delta) = 51
Set parameter Username
Set parameter LicenseID to value 2851961
Academic license - for non-commercial use only - expires 2027-08-07
Set parameter MIPGap to value 1e-06
Set parameter TimeLimit to value 13800
Set parameter Threads to value 2
Set parameter LogFile to value "/home/23037696r/Documents/research/or_benchmark/wp/results/inactive_0.3/j20/logs/gurobi/j200503_9.log"
Set parameter NumericFocus to value 1
Gurobi Optimizer version 13.0.2 build v13.0.2rc1 (linux64 - "Ubuntu 22.04.3 LTS")

CPU model: Intel Xeon Processor (Cascadelake), instruction set [SSE2|AVX|AVX2|AVX512]
Thread count: 46 physical cores, 46 logical processors, using up to 2 threads

Non-default parameters:
TimeLimit  13800
MIPGap  1e-06
NumericFocus  1
Threads  2

Optimize a model with 5878 rows, 4046 columns and 21391 nonzeros (Min)
Model fingerprint: 0x30b693d1
Model has 2420 linear objective coefficients and an objective constant of 5.5947957110163293e+02
Variable types: 728 continuous, 3318 integer (3216 binary)
Coefficient statistics:
  Matrix range     [1e+00, 1e+02]
  Objective range  [1e-02, 5e+02]
  Bounds range     [1e+00, 1e+02]
  RHS range        [1e+00, 1e+02]

Presolve removed 4535 rows and 1866 columns
Presolve time: 0.27s
Presolved: 1343 rows, 2180 columns, 11304 nonzeros
Variable types: 0 continuous, 2180 integer (1511 binary)
Found heuristic solution: objective 1812.9110855

Root relaxation: objective 1.157219e+03, 321 iterations, 0.01 seconds (0.01 work units)

    Nodes    |    Current Node    |     Objective Bounds      |     Work
 Expl Unexpl |  Obj  Depth IntInf | Incumbent    BestBd   Gap | It/Node Time

     0     0 1157.21876    0   17 1812.91109 1157.21876  36.2%     -    0s
H    0     0                    1808.9419491 1157.21876  36.0%     -    0s
     0     0 1157.64586    0   25 1808.94195 1157.64586  36.0%     -    0s
H    0     0                    1205.0831450 1157.73758  3.93%     -    0s
     0     0 1160.17814    0   49 1205.08314 1160.17814  3.73%     -    0s
     0     0 1160.17814    0   17 1205.08314 1160.17814  3.73%     -    0s
     0     0 1160.17814    0   17 1205.08314 1160.17814  3.73%     -    0s
     0     0 1160.17814    0   36 1205.08314 1160.17814  3.73%     -    0s
     0     0 1160.17814    0   18 1205.08314 1160.17814  3.73%     -    0s
     0     0 1160.17814    0   42 1205.08314 1160.17814  3.73%     -    0s
     0     0 1160.17814    0   42 1205.08314 1160.17814  3.73%     -    0s
     0     0 1160.17814    0   42 1205.08314 1160.17814  3.73%     -    0s
     0     0 1160.17814    0   42 1205.08314 1160.17814  3.73%     -    0s
     0     0 1160.17814    0   42 1205.08314 1160.17814  3.73%     -    0s
     0     0 1160.17814    0   42 1205.08314 1160.17814  3.73%     -    0s
     0     0 1160.17814    0   42 1205.08314 1160.17814  3.73%     -    0s
     0     0 1160.17814    0   42 1205.08314 1160.17814  3.73%     -    0s
H    0     0                    1202.3174619 1160.17814  3.50%     -    0s
     0     0 1160.17814    0   38 1202.31746 1160.17814  3.50%     -    0s
     0     0 1160.17814    0   21 1202.31746 1160.17814  3.50%     -    0s
     0     0 1178.22556    0   51 1202.31746 1178.22556  2.00%     -    0s
     0     0 1178.22556    0   22 1202.31746 1178.22556  2.00%     -    0s
H    0     0                    1198.7625029 1178.22556  1.71%     -    0s
     0     0 1187.11092    0   40 1198.76250 1187.11092  0.97%     -    0s
     0     0 1187.12598    0   40 1198.76250 1187.12598  0.97%     -    0s
     0     0 1187.47973    0   40 1198.76250 1187.47973  0.94%     -    0s
     0     0 1187.47973    0   40 1198.76250 1187.47973  0.94%     -    0s
     0     0 1188.73981    0   41 1198.76250 1188.73981  0.84%     -    0s
     0     0 1189.16755    0   45 1198.76250 1189.16755  0.80%     -    0s
     0     0 1189.16756    0   47 1198.76250 1189.16756  0.80%     -    0s
     0     0 1191.43746    0   50 1198.76250 1191.43746  0.61%     -    0s
H    0     0                    1196.8657565 1191.44775  0.45%     -    0s
H    0     0                    1194.7552140 1191.44775  0.28%     -    0s
     0     0 1192.41872    0   40 1194.75521 1192.41872  0.20%     -    0s
     0     0 1192.47764    0   42 1194.75521 1192.47764  0.19%     -    0s
     0     0 1192.50945    0   47 1194.75521 1192.50945  0.19%     -    0s
     0     0 1192.53294    0   45 1194.75521 1192.53294  0.19%     -    0s
     0     0 1192.55087    0   46 1194.75521 1192.55087  0.18%     -    0s
H    0     0                    1194.1117865 1192.55663  0.13%     -    0s
H    0     0                    1194.1037066 1192.55663  0.13%     -    0s
H    0     0                    1193.9174695 1192.55663  0.11%     -    0s
     0     0 1192.56376    0   47 1193.91747 1192.56376  0.11%     -    0s
*    0     0               0    1192.9187150 1192.91872  0.00%     -    0s
     0     0          -    0      1192.91872 1192.91872  0.00%     -    0s

Cutting planes:
  Learned: 2
  Gomory: 6
  Cover: 11
  Implied bound: 7
  Clique: 2
  MIR: 4
  Knapsack: 1
  StrongCG: 3
  GUB cover: 7
  RLT: 1
  Relax-and-lift: 2

Explored 1 nodes (1354 simplex iterations) in 0.67 seconds (0.30 work units)
Thread count was 2 (of 46 available processors)

Solution count 10: 1192.92 1193.92 1194.1 ... 1205.08

Optimal solution found (tolerance 1.00e-06)
Best objective 1.192918715005e+03, best bound 1.192918715005e+03, gap 0.0000%

Solve summary
-------------
Status code:       2
Objective:         1192.9187150050675
Objective bound:   1192.9187150050675
MIP gap:           0.0
Has cycle:         False
Is acyclic:        True
Packages selected: 2 active packages

Packages
--------
   I1 | inactive_singleton | S=  0, C=  0, x=  0 | tasks=[1]
   I2 | inactive_singleton | S=  0, C=  1, x=  2 | tasks=[2]
  I15 | inactive_singleton | S=  1, C=  9, x= 13 | tasks=[15]
   I3 | inactive_singleton | S=  1, C= 10, x= 16 | tasks=[3]
   A1 | active             | S= 10, C= 20, x= 65 | tasks=[4, 5, 14, 16, 17, 18, 19, 20, 21]
   I6 | inactive_singleton | S= 20, C= 26, x=  7 | tasks=[6]
  I13 | inactive_singleton | S= 20, C= 27, x=  8 | tasks=[13]
   A2 | active             | S= 26, C= 45, x= 34 | tasks=[7, 8, 9, 10, 12]
  I11 | inactive_singleton | S= 45, C= 46, x=  2 | tasks=[11]
  I22 | inactive_singleton | S= 46, C= 46, x=  0 | tasks=[22]

Solution JSON saved to: /home/23037696r/Documents/research/or_benchmark/wp/results/inactive_0.3/j20/j200503_9.json
Finish time     : 2026-08-13T22:50:42+08:00
