Slurm job ID    : 2058
Array task ID   : 36
Host            : 23037696r-i7809a0b3cd
Start time      : 2026-08-13T22:50:27+08:00
Instance        : /home/23037696r/Documents/research/or_benchmark/wp/instances/inactive_0.3/j20/j200403_6.sm
Output JSON     : /home/23037696r/Documents/research/or_benchmark/wp/results/inactive_0.3/j20/j200403_6.json
Gurobi log      : /home/23037696r/Documents/research/or_benchmark/wp/results/inactive_0.3/j20/logs/gurobi/j200403_6.log
Allocated CPUs  : 2
Running with command-line arguments
-----------------------------------
Instance file: /home/23037696r/Documents/research/or_benchmark/wp/instances/inactive_0.3/j20/j200403_6.sm
Instance summary
----------------
Tasks:          22
Active tasks:   14
Inactive tasks: 8
Arcs:           38
Total duration: 112
Total work:     165
Active work:    113
Delta (singleton critical-path makespan): 45
Chosen deadline: 50
Feasible by singleton schedule: yes
Deadline rule: automatic: d = ceil(1.1 * Delta) = 50
Set parameter Username
Set parameter LicenseID to value 2851961
Academic license - for non-commercial use only - expires 2027-08-07
Set parameter MIPGap to value 1e-06
Set parameter TimeLimit to value 13800
Set parameter Threads to value 2
Set parameter LogFile to value "/home/23037696r/Documents/research/or_benchmark/wp/results/inactive_0.3/j20/logs/gurobi/j200403_6.log"
Set parameter NumericFocus to value 1
Gurobi Optimizer version 13.0.2 build v13.0.2rc1 (linux64 - "Ubuntu 22.04.3 LTS")

CPU model: Intel Xeon Processor (Cascadelake), instruction set [SSE2|AVX|AVX2|AVX512]
Thread count: 46 physical cores, 46 logical processors, using up to 2 threads

Non-default parameters:
TimeLimit  13800
MIPGap  1e-06
NumericFocus  1
Threads  2

Optimize a model with 7802 rows, 4206 columns and 27576 nonzeros (Min)
Model fingerprint: 0x7bd6b0cf
Model has 2596 linear objective coefficients and an objective constant of 5.8197185246036679e+02
Variable types: 714 continuous, 3492 integer (3390 binary)
Coefficient statistics:
  Matrix range     [1e+00, 1e+02]
  Objective range  [1e-02, 6e+02]
  Bounds range     [1e+00, 1e+02]
  RHS range        [1e+00, 1e+02]

Presolve removed 5604 rows and 2146 columns
Presolve time: 0.29s
Presolved: 2198 rows, 2060 columns, 16343 nonzeros
Variable types: 0 continuous, 2060 integer (1511 binary)
Found heuristic solution: objective 1914.4340107

Root relaxation: objective 1.255415e+03, 834 iterations, 0.04 seconds (0.04 work units)

    Nodes    |    Current Node    |     Objective Bounds      |     Work
 Expl Unexpl |  Obj  Depth IntInf | Incumbent    BestBd   Gap | It/Node Time

     0     0 1255.41470    0   35 1914.43401 1255.41470  34.4%     -    0s
H    0     0                    1309.3729941 1255.41470  4.12%     -    0s
H    0     0                    1308.1867149 1255.41470  4.03%     -    0s
     0     0 1258.98618    0   14 1308.18671 1258.98618  3.76%     -    0s
H    0     0                    1307.1862069 1259.01558  3.69%     -    0s
H    0     0                    1306.2938244 1259.01558  3.62%     -    0s
     0     0 1259.01558    0   14 1306.29382 1259.01558  3.62%     -    0s
     0     0 1261.73870    0  122 1306.29382 1261.73870  3.41%     -    0s
     0     0 1261.73997    0  122 1306.29382 1261.73997  3.41%     -    0s
     0     0 1262.18651    0   50 1306.29382 1262.18651  3.38%     -    0s
     0     0 1262.25525    0   52 1306.29382 1262.25525  3.37%     -    0s
     0     0 1262.26387    0   52 1306.29382 1262.26387  3.37%     -    0s
     0     0 1266.49009    0  135 1306.29382 1266.49009  3.05%     -    0s
     0     0 1266.52134    0  136 1306.29382 1266.52134  3.04%     -    0s
     0     0 1266.56360    0  137 1306.29382 1266.56360  3.04%     -    0s
     0     0 1268.63753    0  117 1306.29382 1268.63753  2.88%     -    1s
     0     0 1268.70063    0  135 1306.29382 1268.70063  2.88%     -    1s
     0     0 1268.74114    0  135 1306.29382 1268.74114  2.87%     -    1s
     0     0 1268.76031    0  134 1306.29382 1268.76031  2.87%     -    1s
     0     0 1268.76064    0  132 1306.29382 1268.76064  2.87%     -    1s
     0     0 1268.81052    0  132 1306.29382 1268.81052  2.87%     -    1s
     0     0 1268.81534    0  135 1306.29382 1268.81534  2.87%     -    1s
     0     0 1268.81542    0  136 1306.29382 1268.81542  2.87%     -    1s
     0     0 1268.84187    0  138 1306.29382 1268.84187  2.87%     -    1s
     0     0 1268.98911    0  139 1306.29382 1268.98911  2.86%     -    1s
     0     0 1268.98911    0  142 1306.29382 1268.98911  2.86%     -    1s
     0     0 1269.06825    0  131 1306.29382 1269.06825  2.85%     -    1s
     0     0 1269.23662    0  129 1306.29382 1269.23662  2.84%     -    1s
     0     0 1269.23662    0  132 1306.29382 1269.23662  2.84%     -    1s
     0     0 1269.78001    0  136 1306.29382 1269.78001  2.80%     -    1s
     0     0 1270.13967    0  142 1306.29382 1270.13967  2.77%     -    1s
     0     0 1270.13967    0  140 1306.29382 1270.13967  2.77%     -    2s
     0     0 1270.13967    0  141 1306.29382 1270.13967  2.77%     -    2s
     0     0 1270.13967    0  147 1306.29382 1270.13967  2.77%     -    2s
     0     0 1270.13967    0  149 1306.29382 1270.13967  2.77%     -    2s
     0     0 1270.13967    0  143 1306.29382 1270.13967  2.77%     -    2s
     0     0 1270.13967    0  143 1306.29382 1270.13967  2.77%     -    2s
     0     0 1270.13967    0  143 1306.29382 1270.13967  2.77%     -    2s
     0     0 1270.13967    0  143 1306.29382 1270.13967  2.77%     -    2s
     0     0 1270.13967    0   33 1306.29382 1270.13967  2.77%     -    2s
     0     0 1270.13967    0   99 1306.29382 1270.13967  2.77%     -    2s
     0     0 1270.13967    0  118 1306.29382 1270.13967  2.77%     -    2s
     0     0 1270.13967    0  121 1306.29382 1270.13967  2.77%     -    2s
     0     0 1270.13967    0  130 1306.29382 1270.13967  2.77%     -    2s
     0     0 1270.13967    0  133 1306.29382 1270.13967  2.77%     -    2s
     0     0 1270.13967    0  159 1306.29382 1270.13967  2.77%     -    2s
     0     0 1270.13967    0  133 1306.29382 1270.13967  2.77%     -    2s
     0     0 1270.13967    0  135 1306.29382 1270.13967  2.77%     -    2s
     0     0 1270.22596    0  137 1306.29382 1270.22596  2.76%     -    2s
     0     0 1270.34416    0  139 1306.29382 1270.34416  2.75%     -    2s
     0     0 1270.34417    0  139 1306.29382 1270.34417  2.75%     -    2s
     0     0 1270.39093    0  142 1306.29382 1270.39093  2.75%     -    3s
H    0     0                    1304.4370028 1270.39173  2.61%     -    3s
H    0     0                    1303.5720077 1270.39173  2.55%     -    3s
     0     0 1270.39993    0  141 1303.57201 1270.39993  2.54%     -    3s
     0     0 1270.39993    0  141 1303.57201 1270.39993  2.54%     -    3s
     0     0 1270.55974    0  148 1303.57201 1270.55974  2.53%     -    3s
     0     0 1270.98158    0  144 1303.57201 1270.98158  2.50%     -    3s
     0     0 1270.98158    0  143 1303.57201 1270.98158  2.50%     -    3s
     0     0 1270.98158    0  144 1303.57201 1270.98158  2.50%     -    3s
     0     0 1270.98158    0  145 1303.57201 1270.98158  2.50%     -    3s
     0     0 1271.03428    0  146 1303.57201 1271.03428  2.50%     -    3s
     0     0 1271.03428    0  149 1303.57201 1271.03428  2.50%     -    3s
     0     0 1271.03428    0  149 1303.57201 1271.03428  2.50%     -    3s
     0     0 1271.03428    0  149 1303.57201 1271.03428  2.50%     -    3s
     0     0 1271.03428    0  147 1303.57201 1271.03428  2.50%     -    3s
     0     2 1271.03428    0  147 1303.57201 1271.03428  2.50%     -    3s

Cutting planes:
  Learned: 4
  Cover: 30
  Implied bound: 33
  Clique: 12
  MIR: 65
  StrongCG: 9
  GUB cover: 19
  Zero half: 1
  Mod-K: 7
  RLT: 7
  Relax-and-lift: 59
  BQP: 1

Explored 39 nodes (4453 simplex iterations) in 4.04 seconds (1.31 work units)
Thread count was 2 (of 46 available processors)

Solution count 7: 1303.57 1304.44 1306.29 ... 1914.43

Optimal solution found (tolerance 1.00e-06)
Best objective 1.303572007651e+03, best bound 1.303572007651e+03, gap 0.0000%

Solve summary
-------------
Status code:       2
Objective:         1303.5720076508878
Objective bound:   1303.5720076508878
MIP gap:           0.0
Has cycle:         False
Is acyclic:        True
Packages selected: 2 active packages

Packages
--------
   I1 | inactive_singleton | S=  0, C=  0, x=  0 | tasks=[1]
   A1 | active             | S=  0, C= 25, x= 78 | tasks=[2, 3, 4, 5, 6, 7, 8, 11, 14, 19]
  I17 | inactive_singleton | S= 25, C= 29, x=  4 | tasks=[17]
  I20 | inactive_singleton | S= 25, C= 30, x=  8 | tasks=[20]
  I21 | inactive_singleton | S= 25, C= 31, x= 12 | tasks=[21]
   I9 | inactive_singleton | S= 25, C= 31, x= 11 | tasks=[9]
  I10 | inactive_singleton | S= 25, C= 32, x=  8 | tasks=[10]
  I16 | inactive_singleton | S= 32, C= 41, x=  9 | tasks=[16]
   A2 | active             | S= 32, C= 45, x= 35 | tasks=[12, 13, 15, 18]
  I22 | inactive_singleton | S= 50, C= 50, x=  0 | tasks=[22]

Solution JSON saved to: /home/23037696r/Documents/research/or_benchmark/wp/results/inactive_0.3/j20/j200403_6.json
Finish time     : 2026-08-13T22:50:32+08:00
