Slurm job ID    : 2081
Array task ID   : 59
Host            : 23037696r-i7809a0b3cd
Start time      : 2026-08-13T22:50:49+08:00
Instance        : /home/23037696r/Documents/research/or_benchmark/wp/instances/inactive_0.3/j20/j200603_9.sm
Output JSON     : /home/23037696r/Documents/research/or_benchmark/wp/results/inactive_0.3/j20/j200603_9.json
Gurobi log      : /home/23037696r/Documents/research/or_benchmark/wp/results/inactive_0.3/j20/logs/gurobi/j200603_9.log
Allocated CPUs  : 2
Running with command-line arguments
-----------------------------------
Instance file: /home/23037696r/Documents/research/or_benchmark/wp/instances/inactive_0.3/j20/j200603_9.sm
Instance summary
----------------
Tasks:          22
Active tasks:   14
Inactive tasks: 8
Arcs:           32
Total duration: 102
Total work:     156
Active work:    107
Delta (singleton critical-path makespan): 67
Chosen deadline: 74
Feasible by singleton schedule: yes
Deadline rule: automatic: d = ceil(1.1 * Delta) = 74
Set parameter Username
Set parameter LicenseID to value 2851961
Academic license - for non-commercial use only - expires 2027-08-07
Set parameter MIPGap to value 1e-06
Set parameter TimeLimit to value 13800
Set parameter Threads to value 2
Set parameter LogFile to value "/home/23037696r/Documents/research/or_benchmark/wp/results/inactive_0.3/j20/logs/gurobi/j200603_9.log"
Set parameter NumericFocus to value 1
Gurobi Optimizer version 13.0.2 build v13.0.2rc1 (linux64 - "Ubuntu 22.04.3 LTS")

CPU model: Intel Xeon Processor (Cascadelake), instruction set [SSE2|AVX|AVX2|AVX512]
Thread count: 46 physical cores, 46 logical processors, using up to 2 threads

Non-default parameters:
TimeLimit  13800
MIPGap  1e-06
NumericFocus  1
Threads  2

Optimize a model with 8746 rows, 4986 columns and 30690 nonzeros (Min)
Model fingerprint: 0xbdb0ee9f
Model has 2992 linear objective coefficients and an objective constant of 5.6461087304550074e+02
Variable types: 1050 continuous, 3936 integer (3834 binary)
Coefficient statistics:
  Matrix range     [1e+00, 1e+02]
  Objective range  [1e-02, 5e+02]
  Bounds range     [1e+00, 1e+02]
  RHS range        [1e+00, 1e+02]

Presolve removed 6577 rows and 3148 columns
Presolve time: 0.59s
Presolved: 2169 rows, 1838 columns, 20344 nonzeros
Variable types: 0 continuous, 1838 integer (1183 binary)
Found heuristic solution: objective 1871.0806484

Root relaxation: objective 1.277324e+03, 666 iterations, 0.04 seconds (0.03 work units)

    Nodes    |    Current Node    |     Objective Bounds      |     Work
 Expl Unexpl |  Obj  Depth IntInf | Incumbent    BestBd   Gap | It/Node Time

     0     0 1277.32433    0  104 1871.08065 1277.32433  31.7%     -    0s
     0     0 1278.64241    0  102 1871.08065 1278.64241  31.7%     -    0s
H    0     0                    1324.7237432 1278.64241  3.48%     -    0s
     0     0 1290.29449    0   86 1324.72374 1290.29449  2.60%     -    0s
H    0     0                    1324.6745921 1290.41834  2.59%     -    0s
     0     0 1290.44434    0   11 1324.67459 1290.44434  2.58%     -    1s
     0     0 1293.37066    0  111 1324.67459 1293.37066  2.36%     -    1s
     0     0 1293.73647    0   78 1324.67459 1293.73647  2.34%     -    1s
H    0     0                    1324.6254288 1293.73647  2.33%     -    1s
*    0     0               0    1324.2816417 1324.28164  0.00%     -    1s

Cutting planes:
  Learned: 2
  Gomory: 21
  Cover: 18
  Implied bound: 46
  Clique: 16
  MIR: 12
  StrongCG: 4
  Flow cover: 1
  GUB cover: 7
  Zero half: 1
  Network: 1
  RLT: 17
  Relax-and-lift: 9
  BQP: 20

Explored 1 nodes (1146 simplex iterations) in 1.30 seconds (0.45 work units)
Thread count was 2 (of 46 available processors)

Solution count 7: 1324.28 1324.63 1324.67 ... 1871.08

Optimal solution found (tolerance 1.00e-06)
Best objective 1.324281641690e+03, best bound 1.324281641690e+03, gap 0.0000%

Solve summary
-------------
Status code:       2
Objective:         1324.2816416903584
Objective bound:   1324.2816416903584
MIP gap:           0.0
Has cycle:         False
Is acyclic:        True
Packages selected: 3 active packages

Packages
--------
   I1 | inactive_singleton | S=  0, C=  0, x=  0 | tasks=[1]
   A1 | active             | S=  0, C=  7, x= 20 | tasks=[2, 3]
   I4 | inactive_singleton | S=  7, C= 16, x= 16 | tasks=[4]
   I6 | inactive_singleton | S=  7, C= 17, x= 15 | tasks=[6]
   A2 | active             | S= 17, C= 40, x= 43 | tasks=[5, 7, 8, 12]
   I9 | inactive_singleton | S= 40, C= 41, x=  2 | tasks=[9]
  I15 | inactive_singleton | S= 41, C= 44, x=  4 | tasks=[15]
   A3 | active             | S= 44, C= 62, x= 44 | tasks=[10, 11, 13, 14, 16, 17, 18, 19]
  I20 | inactive_singleton | S= 62, C= 66, x=  4 | tasks=[20]
  I21 | inactive_singleton | S= 66, C= 71, x=  8 | tasks=[21]
  I22 | inactive_singleton | S= 74, C= 74, x=  0 | tasks=[22]

Solution JSON saved to: /home/23037696r/Documents/research/or_benchmark/wp/results/inactive_0.3/j20/j200603_9.json
Finish time     : 2026-08-13T22:50:52+08:00
