Slurm job ID    : 2044
Array task ID   : 22
Host            : 23037696r-i7809a0b3cd
Start time      : 2026-08-13T22:50:15+08:00
Instance        : /home/23037696r/Documents/research/or_benchmark/wp/instances/inactive_0.3/j20/j200303_2.sm
Output JSON     : /home/23037696r/Documents/research/or_benchmark/wp/results/inactive_0.3/j20/j200303_2.json
Gurobi log      : /home/23037696r/Documents/research/or_benchmark/wp/results/inactive_0.3/j20/logs/gurobi/j200303_2.log
Allocated CPUs  : 2
Running with command-line arguments
-----------------------------------
Instance file: /home/23037696r/Documents/research/or_benchmark/wp/instances/inactive_0.3/j20/j200303_2.sm
Instance summary
----------------
Tasks:          22
Active tasks:   14
Inactive tasks: 8
Arcs:           40
Total duration: 106
Total work:     168
Active work:    117
Delta (singleton critical-path makespan): 31
Chosen deadline: 35
Feasible by singleton schedule: yes
Deadline rule: automatic: d = ceil(1.1 * Delta) = 35
Set parameter Username
Set parameter LicenseID to value 2851961
Academic license - for non-commercial use only - expires 2027-08-07
Set parameter MIPGap to value 1e-06
Set parameter TimeLimit to value 13800
Set parameter Threads to value 2
Set parameter LogFile to value "/home/23037696r/Documents/research/or_benchmark/wp/results/inactive_0.3/j20/logs/gurobi/j200303_2.log"
Set parameter NumericFocus to value 1
Gurobi Optimizer version 13.0.2 build v13.0.2rc1 (linux64 - "Ubuntu 22.04.3 LTS")

CPU model: Intel Xeon Processor (Cascadelake), instruction set [SSE2|AVX|AVX2|AVX512]
Thread count: 46 physical cores, 46 logical processors, using up to 2 threads

Non-default parameters:
TimeLimit  13800
MIPGap  1e-06
NumericFocus  1
Threads  2

Optimize a model with 6052 rows, 3722 columns and 22046 nonzeros (Min)
Model fingerprint: 0xb04056ba
Model has 2352 linear objective coefficients and an objective constant of 5.7267641598460887e+02
Variable types: 504 continuous, 3218 integer (3116 binary)
Coefficient statistics:
  Matrix range     [1e+00, 1e+02]
  Objective range  [1e-02, 6e+02]
  Bounds range     [1e+00, 1e+02]
  RHS range        [1e+00, 1e+02]

Presolve removed 4179 rows and 2163 columns
Presolve time: 0.39s
Presolved: 1873 rows, 1559 columns, 15584 nonzeros
Variable types: 3 continuous, 1556 integer (1119 binary)
Found heuristic solution: objective 1838.7878757

Root relaxation: objective 1.370153e+03, 738 iterations, 0.03 seconds (0.03 work units)

    Nodes    |    Current Node    |     Objective Bounds      |     Work
 Expl Unexpl |  Obj  Depth IntInf | Incumbent    BestBd   Gap | It/Node Time

     0     0 1370.15324    0   91 1838.78788 1370.15324  25.5%     -    0s
H    0     0                    1452.5710984 1370.15324  5.67%     -    0s
     0     0 1371.18385    0   92 1452.57110 1371.18385  5.60%     -    0s
H    0     0                    1451.9662923 1371.18923  5.56%     -    0s
     0     0 1371.19794    0  105 1451.96629 1371.19794  5.56%     -    0s
     0     0 1371.19794    0  105 1451.96629 1371.19794  5.56%     -    0s
     0     0 1372.38488    0  101 1451.96629 1372.38488  5.48%     -    0s
     0     0 1372.53390    0  112 1451.96629 1372.53390  5.47%     -    0s
     0     0 1372.53390    0  119 1451.96629 1372.53390  5.47%     -    0s
     0     0 1373.39660    0   99 1451.96629 1373.39660  5.41%     -    1s
H    0     0                    1450.8615193 1373.39879  5.34%     -    1s
     0     0 1373.40020    0   99 1450.86152 1373.40020  5.34%     -    1s
     0     0 1373.40020    0  100 1450.86152 1373.40020  5.34%     -    1s
     0     0 1375.23126    0  125 1450.86152 1375.23126  5.21%     -    1s
     0     0 1375.28750    0  128 1450.86152 1375.28750  5.21%     -    1s
     0     0 1375.28750    0  129 1450.86152 1375.28750  5.21%     -    1s
     0     0 1375.78895    0  112 1450.86152 1375.78895  5.17%     -    1s
     0     0 1375.91525    0  140 1450.86152 1375.91525  5.17%     -    1s
     0     0 1375.92413    0  121 1450.86152 1375.92413  5.17%     -    1s
     0     0 1375.92415    0  137 1450.86152 1375.92415  5.17%     -    1s
     0     0 1376.11304    0  132 1450.86152 1376.11304  5.15%     -    1s
H    0     0                    1449.8262058 1376.11605  5.08%     -    1s
     0     0 1376.24129    0  117 1449.82621 1376.24129  5.08%     -    2s
     0     0 1376.24612    0  130 1449.82621 1376.24612  5.08%     -    2s
     0     0 1376.24612    0  131 1449.82621 1376.24612  5.08%     -    2s
     0     0 1376.25649    0  138 1449.82621 1376.25649  5.07%     -    2s
     0     0 1376.25751    0  135 1449.82621 1376.25751  5.07%     -    2s
     0     0 1376.30116    0  147 1449.82621 1376.30116  5.07%     -    2s
H    0     0                    1404.4461068 1376.30854  2.00%     -    2s
H    0     0                    1404.3838330 1376.30854  2.00%     -    2s
     0     0 1376.30854    0  151 1404.38383 1376.30854  2.00%     -    2s
     0     0 1376.30854    0  149 1404.38383 1376.30854  2.00%     -    2s
     0     0 1376.30854    0   60 1404.38383 1376.30854  2.00%     -    2s
H    0     0                    1402.3103610 1376.30854  1.85%     -    2s
H    0     0                    1401.8120490 1376.30854  1.82%     -    2s
     0     0 1379.59954    0   53 1401.81205 1379.59954  1.58%     -    2s
     0     0 1381.57362    0   61 1401.81205 1381.57362  1.44%     -    2s
     0     0 1387.18749    0   66 1401.81205 1387.18749  1.04%     -    2s
     0     0 1387.21256    0   62 1401.81205 1387.21256  1.04%     -    2s
     0     0 1387.21508    0   60 1401.81205 1387.21508  1.04%     -    2s
     0     0 1388.94793    0   80 1401.81205 1388.94793  0.92%     -    2s
     0     0 1389.52085    0   77 1401.81205 1389.52085  0.88%     -    2s
     0     0 1389.54363    0   83 1401.81205 1389.54363  0.88%     -    2s
     0     0 1389.54907    0   83 1401.81205 1389.54907  0.87%     -    2s
     0     0 1390.59133    0   82 1401.81205 1390.59133  0.80%     -    2s
H    0     0                    1399.3725971 1390.59331  0.63%     -    2s
     0     0 1390.64614    0   72 1399.37260 1390.64614  0.62%     -    2s
     0     0 1390.70738    0   71 1399.37260 1390.70738  0.62%     -    2s
     0     0 1390.71656    0   73 1399.37260 1390.71656  0.62%     -    2s
     0     0 1390.98509    0   82 1399.37260 1390.98509  0.60%     -    2s
     0     0 1391.05097    0   86 1399.37260 1391.05097  0.59%     -    2s
     0     0 1391.05097    0   87 1399.37260 1391.05097  0.59%     -    2s
     0     0 1391.79384    0   88 1399.37260 1391.79384  0.54%     -    2s
H    0     0                    1398.4420132 1391.79572  0.48%     -    2s
     0     0 1391.92565    0   89 1398.44201 1391.92565  0.47%     -    2s
     0     0 1391.94087    0   84 1398.44201 1391.94087  0.46%     -    2s
     0     0 1391.95630    0   95 1398.44201 1391.95630  0.46%     -    2s
     0     0 1391.95737    0   97 1398.44201 1391.95737  0.46%     -    2s
     0     0 1392.85883    0   95 1398.44201 1392.85883  0.40%     -    2s
H    0     0                    1398.3591792 1392.90646  0.39%     -    2s
     0     0 1392.91817    0  100 1398.35918 1392.91817  0.39%     -    2s
     0     0 1392.91817    0  100 1398.35918 1392.91817  0.39%     -    2s
     0     0 1392.93762    0   93 1398.35918 1392.93762  0.39%     -    2s
     0     0 1392.95332    0   92 1398.35918 1392.95332  0.39%     -    2s
     0     0 1392.95332    0   92 1398.35918 1392.95332  0.39%     -    2s
     0     0 1392.95332    0   92 1398.35918 1392.95332  0.39%     -    2s
     0     2 1392.96757    0   92 1398.35918 1392.96757  0.39%     -    2s
H   55    59                    1395.2773621 1395.11558  0.01%   9.1    2s

Cutting planes:
  Cover: 14
  Implied bound: 49
  Clique: 7
  MIR: 16
  StrongCG: 1
  GUB cover: 8
  Zero half: 1
  RLT: 11
  Relax-and-lift: 7

Explored 135 nodes (4593 simplex iterations) in 2.92 seconds (0.74 work units)
Thread count was 2 (of 46 available processors)

Solution count 10: 1395.28 1398.36 1398.44 ... 1404.45

Optimal solution found (tolerance 1.00e-06)
Best objective 1.395277362076e+03, best bound 1.395277362076e+03, gap 0.0000%

Solve summary
-------------
Status code:       2
Objective:         1395.27736207607
Objective bound:   1395.27736207607
MIP gap:           0.0
Has cycle:         False
Is acyclic:        True
Packages selected: 4 active packages

Packages
--------
   I1 | inactive_singleton | S=  0, C=  0, x=  0 | tasks=[1]
   I2 | inactive_singleton | S=  0, C=  1, x=  2 | tasks=[2]
   A1 | active             | S=  1, C=  9, x= 64 | tasks=[3, 4, 5, 7, 8, 17, 18]
  I15 | inactive_singleton | S=  9, C= 14, x=  5 | tasks=[15]
  I11 | inactive_singleton | S=  9, C= 17, x=  8 | tasks=[11]
   A2 | active             | S=  9, C= 19, x= 28 | tasks=[10, 16]
   I6 | inactive_singleton | S=  9, C= 19, x= 19 | tasks=[6]
   I9 | inactive_singleton | S= 19, C= 20, x=  1 | tasks=[9]
   A4 | active             | S= 19, C= 23, x=  8 | tasks=[13, 14]
   A3 | active             | S= 20, C= 30, x= 17 | tasks=[12, 19, 21]
  I20 | inactive_singleton | S= 23, C= 31, x= 16 | tasks=[20]
  I22 | inactive_singleton | S= 35, C= 35, x=  0 | tasks=[22]

Solution JSON saved to: /home/23037696r/Documents/research/or_benchmark/wp/results/inactive_0.3/j20/j200303_2.json
Finish time     : 2026-08-13T22:50:19+08:00
