Slurm job ID    : 1985
Array task ID   : 4
Host            : 23037696r-i7809a0b3cd
Start time      : 2026-08-13T11:19:45+08:00
Instance        : /home/23037696r/Documents/research/or_benchmark/wp/instances/inactive_0.2/j40/j400802_10.sm
Output JSON     : /home/23037696r/Documents/research/or_benchmark/wp/results/inactive_0.2/j40/j400802_10.json
Gurobi log      : /home/23037696r/Documents/research/or_benchmark/wp/results/inactive_0.2/j40/logs/gurobi/j400802_10.log
Allocated CPUs  : 2
Running with command-line arguments
-----------------------------------
Instance file: /home/23037696r/Documents/research/or_benchmark/wp/instances/inactive_0.2/j40/j400802_10.sm
Instance summary
----------------
Tasks:          42
Active tasks:   32
Inactive tasks: 10
Arcs:           51
Total duration: 228
Total work:     345
Active work:    261
Delta (singleton critical-path makespan): 175
Chosen deadline: 193
Feasible by singleton schedule: yes
Deadline rule: automatic: d = ceil(1.1 * Delta) = 193
Set parameter Username
Set parameter LicenseID to value 2851961
Academic license - for non-commercial use only - expires 2027-08-07
Set parameter MIPGap to value 1e-06
Set parameter TimeLimit to value 13800
Set parameter Threads to value 2
Set parameter LogFile to value "/home/23037696r/Documents/research/or_benchmark/wp/results/inactive_0.2/j40/logs/gurobi/j400802_10.log"
Set parameter NumericFocus to value 1
Gurobi Optimizer version 13.0.2 build v13.0.2rc1 (linux64 - "Ubuntu 22.04.3 LTS")

CPU model: Intel Xeon Processor (Cascadelake), instruction set [SSE2|AVX|AVX2|AVX512]
Thread count: 46 physical cores, 46 logical processors, using up to 2 threads

Non-default parameters:
TimeLimit  13800
MIPGap  1e-06
NumericFocus  1
Threads  2

Optimize a model with 58608 rows, 25718 columns and 208834 nonzeros (Min)
Model fingerprint: 0xefb418c9
Model has 16104 linear objective coefficients and an objective constant of 8.4836908300248479e+02
Variable types: 6208 continuous, 19510 integer (19310 binary)
Coefficient statistics:
  Matrix range     [1e+00, 3e+02]
  Objective range  [1e-02, 1e+03]
  Bounds range     [1e+00, 3e+02]
  RHS range        [1e+00, 3e+02]

Presolve removed 38831 rows and 8687 columns (presolve time = 5s)...
Presolve removed 41802 rows and 13637 columns
Presolve time: 9.83s
Presolved: 16806 rows, 12081 columns, 109706 nonzeros
Variable types: 0 continuous, 12081 integer (8106 binary)
Found heuristic solution: objective 4244.0660151
Deterministic concurrent LP optimizer: primal and dual simplex
Showing primal log only...


Root simplex log...

Iteration    Objective       Primal Inf.    Dual Inf.      Time
       0    1.2954236e+03   2.578194e+02   3.477311e+08     11s
     730    8.0926385e+05   0.000000e+00   7.787447e+04     11s
    6129    2.5345659e+03   0.000000e+00   0.000000e+00     13s
Concurrent spin time: 0.34s (can be avoided by choosing Method=3)

Solved with dual simplex

Root simplex log...

Iteration    Objective       Primal Inf.    Dual Inf.      Time
    3849    2.5345659e+03   0.000000e+00   0.000000e+00     13s

Root relaxation: objective 2.534566e+03, 3849 iterations, 2.59 seconds (0.37 work units)

    Nodes    |    Current Node    |     Objective Bounds      |     Work
 Expl Unexpl |  Obj  Depth IntInf | Incumbent    BestBd   Gap | It/Node Time

     0     0 2534.56588    0   93 4244.06602 2534.56588  40.3%     -   13s
     0     0 2539.95775    0   87 4244.06602 2539.95775  40.2%     -   14s
H    0     0                    2863.7784289 2539.95775  11.3%     -   15s
     0     0 2541.39075    0  144 2863.77843 2541.39075  11.3%     -   21s
     0     0 2541.39075    0  145 2863.77843 2541.39075  11.3%     -   21s
     0     0 2541.48028    0  219 2863.77843 2541.48028  11.3%     -   23s
     0     0 2541.48235    0  223 2863.77843 2541.48235  11.3%     -   23s
     0     0 2541.48593    0  222 2863.77843 2541.48593  11.3%     -   23s
     0     0 2541.48607    0  223 2863.77843 2541.48607  11.3%     -   24s
     0     0 2543.31870    0  174 2863.77843 2543.31870  11.2%     -   26s
     0     0 2543.31874    0  174 2863.77843 2543.31874  11.2%     -   26s
     0     0 2543.31876    0  174 2863.77843 2543.31876  11.2%     -   27s
     0     0 2543.39101    0  195 2863.77843 2543.39101  11.2%     -   28s
     0     0 2543.39102    0  199 2863.77843 2543.39102  11.2%     -   29s
     0     0 2545.85666    0  210 2863.77843 2545.85666  11.1%     -   31s
     0     0 2545.85734    0  210 2863.77843 2545.85734  11.1%     -   31s
     0     0 2545.87231    0  215 2863.77843 2545.87231  11.1%     -   32s
     0     0 2545.97286    0  216 2863.77843 2545.97286  11.1%     -   33s
     0     0 2546.00020    0  221 2863.77843 2546.00020  11.1%     -   33s
     0     0 2546.00913    0  224 2863.77843 2546.00913  11.1%     -   34s
     0     0 2546.00914    0  227 2863.77843 2546.00914  11.1%     -   34s
     0     0 2546.00914    0  226 2863.77843 2546.00914  11.1%     -   34s
     0     0 2547.89339    0  261 2863.77843 2547.89339  11.0%     -   36s
     0     0 2547.89587    0  266 2863.77843 2547.89587  11.0%     -   38s
     0     0 2547.90709    0  258 2863.77843 2547.90709  11.0%     -   38s
     0     0 2547.90846    0  261 2863.77843 2547.90846  11.0%     -   39s
     0     0 2547.90851    0  261 2863.77843 2547.90851  11.0%     -   39s
     0     0 2548.97236    0  261 2863.77843 2548.97236  11.0%     -   40s
     0     0 2548.98056    0  263 2863.77843 2548.98056  11.0%     -   42s
     0     0 2548.99277    0  268 2863.77843 2548.99277  11.0%     -   42s
     0     0 2548.99278    0  272 2863.77843 2548.99278  11.0%     -   43s
     0     0 2549.83244    0  276 2863.77843 2549.83244  11.0%     -   44s
     0     0 2549.83578    0  277 2863.77843 2549.83578  11.0%     -   46s
     0     0 2549.83872    0  281 2863.77843 2549.83872  11.0%     -   46s
     0     0 2549.83915    0  280 2863.77843 2549.83915  11.0%     -   47s
     0     0 2551.35081    0  239 2863.77843 2551.35081  10.9%     -   48s
     0     0 2551.38669    0  265 2863.77843 2551.38669  10.9%     -   50s
     0     0 2551.38979    0  270 2863.77843 2551.38979  10.9%     -   51s
     0     0 2551.39170    0  273 2863.77843 2551.39170  10.9%     -   51s
     0     0 2551.39180    0  272 2863.77843 2551.39180  10.9%     -   52s
     0     0 2551.91604    0  249 2863.77843 2551.91604  10.9%     -   53s
     0     0 2551.91926    0  263 2863.77843 2551.91926  10.9%     -   55s
     0     0 2551.92024    0  267 2863.77843 2551.92024  10.9%     -   55s
     0     0 2552.73812    0  266 2863.77843 2552.73812  10.9%     -   57s
     0     0 2552.73976    0  277 2863.77843 2552.73976  10.9%     -   58s
     0     0 2553.65519    0  269 2863.77843 2553.65519  10.8%     -   60s
     0     0 2555.67564    0  231 2863.77843 2555.67564  10.8%     -   61s
     0     0 2555.68930    0  248 2863.77843 2555.68930  10.8%     -   62s
     0     0 2555.68932    0  258 2863.77843 2555.68932  10.8%     -   63s
     0     0 2563.64918    0  232 2863.77843 2563.64918  10.5%     -   65s
H    0     0                    2862.0147333 2563.66924  10.4%     -   66s
     0     0 2564.65203    0  211 2862.01473 2564.65203  10.4%     -   67s
     0     0 2564.84880    0  204 2862.01473 2564.84880  10.4%     -   69s
     0     0 2564.84880    0  211 2862.01473 2564.84880  10.4%     -   69s
     0     0 2564.87294    0  218 2862.01473 2564.87294  10.4%     -   71s
     0     0 2564.87574    0  218 2862.01473 2564.87574  10.4%     -   71s
     0     0 2564.87887    0  218 2862.01473 2564.87887  10.4%     -   72s
     0     0 2564.88233    0  218 2862.01473 2564.88233  10.4%     -   72s
     0     0 2564.88612    0  218 2862.01473 2564.88612  10.4%     -   72s
     0     0 2564.89022    0  218 2862.01473 2564.89022  10.4%     -   73s
     0     0 2564.89465    0  218 2862.01473 2564.89465  10.4%     -   73s
     0     0 2564.92131    0  219 2862.01473 2564.92131  10.4%     -   76s
     0     0 2564.92131    0  216 2862.01473 2564.92131  10.4%     -   76s
     0     0 2564.97811    0  217 2862.01473 2564.97811  10.4%     -   79s
     0     0 2565.04871    0  220 2862.01473 2565.04871  10.4%     -   81s
     0     0 2565.04871    0  224 2862.01473 2565.04871  10.4%     -   82s
     0     0 2565.05871    0  231 2862.01473 2565.05871  10.4%     -   84s
     0     0 2565.05882    0  232 2862.01473 2565.05882  10.4%     -   86s
     0     0 2565.06395    0  232 2862.01473 2565.06395  10.4%     -   88s
     0     0 2565.06413    0  234 2862.01473 2565.06413  10.4%     -   90s
     0     0 2565.08397    0  227 2862.01473 2565.08397  10.4%     -   93s
     0     0 2565.13976    0  227 2862.01473 2565.13976  10.4%     -   95s
     0     0 2565.13976    0  206 2862.01473 2565.13976  10.4%     -   96s
     0     2 2566.00047    0  205 2862.01473 2566.00047  10.3%     -  105s
     3     6 2566.00047    2  210 2862.01473 2566.00047  10.3%   351  110s
    12    19 2596.46574    6   81 2862.01473 2566.00047  10.3%   277  116s
    25    28 2569.94928   15   74 2862.01473 2566.00047  10.3%   167  120s
    33    36 2571.08024   18   75 2862.01473 2566.00047  10.3%   153  125s
    42    45 2572.56479   22   98 2862.01473 2566.00047  10.3%   140  130s
    50    54 2597.58051   26   98 2862.01473 2566.00047  10.3%   139  135s
    61    61 2598.73450   29   86 2862.01473 2566.00047  10.3%   133  140s
    69    72 2599.24927   32   80 2862.01473 2566.00047  10.3%   124  145s
    84    88 2600.54845   44   69 2862.01473 2566.00047  10.3%   107  150s
   104   105 2602.37457   60   30 2862.01473 2566.00047  10.3%  91.5  155s
   122   129 2603.82348   72   27 2862.01473 2566.00047  10.3%  86.0  160s
   139   143 2730.27256   84   15 2862.01473 2566.00047  10.3%  77.7  165s
   196   159 infeasible  110      2862.01473 2566.00047  10.3%  55.7  172s
   220   169 2781.10630  121    5 2862.01473 2566.00047  10.3%  49.8  175s
   270   203 2809.41102  139   23 2862.01473 2566.00047  10.3%  43.2  182s
   297   223 infeasible  162      2862.01473 2566.00047  10.3%  41.2  186s
   336   231 2811.16922  187   21 2862.01473 2566.00047  10.3%  41.3  191s
   356   229 2599.28837    5  334 2862.01473 2568.22990  10.3%  52.0  197s
   358   237 2599.28862    6  339 2862.01473 2568.22990  10.3%  53.9  200s
   401   287 2615.40203   40   37 2862.01473 2568.22990  10.3%  52.4  207s
   431   308 2615.51595   67   30 2862.01473 2568.22990  10.3%  50.4  210s
   484   355     cutoff  104      2862.01473 2568.52923  10.3%  50.4  217s
   526   402 2604.49929   26   35 2862.01473 2568.94154  10.2%  48.6  222s
   577   460 2645.32216   41   21 2862.01473 2571.01921  10.2%  46.8  227s
   645   513 2598.58549   10   70 2862.01473 2571.01921  10.2%  43.2  231s
   707   536 2635.50430   36   19 2862.01473 2571.01921  10.2%  40.5  236s
   743   597 2635.52202   50   17 2862.01473 2572.25811  10.1%  38.9  241s
   811   662 2678.62428   78   19 2862.01473 2572.25811  10.1%  36.6  247s
   895   663 2608.37151   35  206 2862.01473 2572.25811  10.1%  33.9  361s
   897   664 2779.02298  100  160 2862.01473 2572.25811  10.1%  33.8  402s
   898   665 2635.52277   47  226 2862.01473 2572.25811  10.1%  33.8  410s
   900   666 2594.00420    4  202 2862.01473 2572.25811  10.1%  33.7  415s
   903   668 2809.86054  165  208 2862.01473 2572.25811  10.1%  33.6  420s
   905   670 2821.95714  157  200 2862.01473 2572.25811  10.1%  33.5  427s
   906   670 2646.97155   47  203 2862.01473 2572.25811  10.1%  33.5  431s
   907   671 2646.97155   47  214 2862.01473 2572.25811  10.1%  33.4  440s
   909   672 2594.24247    3  214 2862.01473 2572.25811  10.1%  33.4  446s
   910   673 2593.78369    2  214 2862.01473 2572.25811  10.1%  33.3  455s
   912   674 2615.55049   66  219 2862.01473 2572.25811  10.1%  33.3  463s
   913   675 2646.52400   45  209 2862.01473 2572.25811  10.1%  33.2  473s
   914   676 2747.57183   33  213 2862.01473 2572.25811  10.1%  33.2  476s
   915   676 2602.07941   48  233 2862.01473 2572.25811  10.1%  33.1  481s
   916   677 2653.44725   83  234 2862.01473 2572.25811  10.1%  33.1  486s
   917   678 2678.36561   81  191 2862.01473 2572.25811  10.1%  33.1  499s
   918   678 2670.81420   47  212 2862.01473 2572.25811  10.1%  33.0  502s
   919   679 2599.53573   13  206 2862.01473 2572.25811  10.1%  33.0  507s
   920   680 2612.12052   14  477 2862.01473 2572.92617  10.1%  33.0  525s
   921   680 2615.49787   47  276 2862.01473 2573.68917  10.1%  32.9  530s
   923   682 2602.13198   35  282 2862.01473 2573.87605  10.1%  32.9  536s
   925   683 2628.02024   31  284 2862.01473 2573.92092  10.1%  32.8  543s
   926   684 2814.89769  152  228 2862.01473 2575.23835  10.0%  32.7  553s
   927   684 2602.26337   18  237 2862.01473 2575.30340  10.0%  32.7  556s
   928   685 2646.52396   45  343 2862.01473 2575.32091  10.0%  32.7  562s
   929   686 2593.78369    2  442 2862.01473 2576.40136  10.0%  32.6  570s
   931   687 2615.53285   74  252 2862.01473 2576.51951  10.0%  32.6  577s
   932   688 2603.85498   72  254 2862.01473 2576.54552  10.0%  32.5  581s
   933   688 2781.28854  120  455 2862.01473 2579.64236  9.87%  32.5  594s
   934   689 2622.48429   55  500 2862.01473 2579.64236  9.87%  32.5  598s
   935   690 2809.79964  159  566 2862.01473 2579.64236  9.87%  32.4  601s
   936   690 2630.16189   27  569 2862.01473 2579.64236  9.87%  32.4  605s
   937   691 2611.21027   17  573 2862.01473 2579.64236  9.87%  32.4  610s
   938   692 2778.66083   90  582 2862.01473 2581.71755  9.79%  32.3  622s
   939   692 2613.79070   32  540 2862.01473 2581.78041  9.79%  32.3  626s
   940   693 2611.24864   21  553 2862.01473 2581.79007  9.79%  32.3  632s
   941   694 2611.21027   17  397 2862.01473 2582.01432  9.78%  32.2  646s
   942   694 2809.18341   25  565 2862.01473 2582.01432  9.78%  32.2  653s
   943   695 2605.21796   39  565 2862.01473 2582.01432  9.78%  32.2  667s
   944   696 2692.02441   47  568 2862.01473 2582.01432  9.78%  32.1  674s
   945   696 2601.56080   15  570 2862.01473 2582.01432  9.78%  32.1  685s
   946   697 2627.68973   88  571 2862.01473 2582.01432  9.78%  32.1  692s
   947   698 2636.07569   65  586 2862.01473 2582.05818  9.78%  32.0  704s
   948   698 2640.39924   31  587 2862.01473 2582.05818  9.78%  32.0  710s
   949   699 2646.98635   40  565 2862.01473 2582.05818  9.78%  32.0  721s
   950   700 2635.81320   35  565 2862.01473 2582.09672  9.78%  31.9  731s
   951   700 2635.52537   50  565 2862.01473 2582.74148  9.76%  31.9  755s
   952   704 2582.74148   10  116 2862.01473 2582.74148  9.76%  68.8  781s
   954   705 2583.77900   11   90 2862.01473 2582.76981  9.76%  70.6  791s
   956   711 2584.52826   12   90 2862.01473 2582.76981  9.76%  72.3  815s
   962   715 2586.89157   15   99 2862.01473 2582.76981  9.76%  73.8  826s
   968   719 2620.69784   17   56 2862.01473 2582.76981  9.76%  75.4  842s
   974   722 2589.23856   20  142 2862.01473 2582.76981  9.76%  77.0  850s
   979   725 2589.59560   22  145 2862.01473 2582.76981  9.76%  78.8  880s
   984   728 2591.48781   24  116 2862.01473 2582.76981  9.76%  79.4  915s
   989   733 2591.90979   26  116 2862.01473 2582.76981  9.76%  79.6  926s
   995   736 2593.56674   28   84 2862.01473 2582.76981  9.76%  80.9  930s
  1000   739 2654.28837   30   50 2862.01473 2582.76981  9.76%  80.8  935s
  1013   740 2642.27010   36   46 2862.01473 2582.76981  9.76%  81.2  940s
  1020   748 2677.05299   38   29 2862.01473 2582.76981  9.76%  80.9  948s
  1028   757 2644.86235   42   45 2862.01473 2582.76981  9.76%  80.6  954s
  1041   763 2645.52274   45   36 2862.01473 2582.76981  9.76%  80.0  959s
  1057   763 2709.60638   48   18 2862.01473 2582.76981  9.76%  79.1  967s
  1074   764 2647.96937   52   45 2862.01473 2591.01827  9.47%  78.4  973s
  1082   766 2683.75041   55   18 2862.01473 2593.73621  9.37%  78.1  980s
  1099   776 2733.04875   31   40 2862.01473 2593.73621  9.37%  77.4  986s
  1118   773 2793.30532   39   10 2862.01473 2593.90242  9.37%  76.4  991s
  1130   781 2594.07058   30   83 2862.01473 2594.07058  9.36%  75.8  996s
  1142   787 2627.95704   33   55 2862.01473 2600.02086  9.15%  75.2 1011s
  1175   778 2602.34271   12  305 2862.01473 2600.02086  9.15%  75.6 1051s
  1185   782 2649.55196   12  144 2862.01473 2600.02086  9.15%  76.6 1056s
  1193   794 2649.93580   13  145 2862.01473 2600.02086  9.15%  76.7 1085s
  1207   812 2702.73988   13  145 2862.01473 2600.02086  9.15%  76.8 1097s
  1230   815 2703.37600   14  159 2862.01473 2600.02086  9.15%  76.8 1107s
  1259   803 infeasible   14      2862.01473 2600.02086  9.15%  76.1 1118s
  1282   804 infeasible   14      2862.01473 2600.02086  9.15%  76.2 1130s
  1293   820 infeasible   15      2862.01473 2600.02086  9.15%  76.1 1151s
  1315   839 2715.59625   17  142 2862.01473 2600.02086  9.15%  75.8 1170s
  1348   831 2707.65772   17  153 2862.01473 2600.02086  9.15%  74.6 1181s
  1355   836 2707.66130   18  152 2862.01473 2600.02086  9.15%  75.0 1193s
  1362   840 2721.10470   20  166 2862.01473 2600.02086  9.15%  75.6 1206s
  1369   846 2711.36225   22  114 2862.01473 2600.02086  9.15%  76.6 1221s
  1387   859 2612.04247   14  119 2862.01473 2600.02086  9.15%  77.1 1239s
  1406   865 2612.11678   15  120 2862.01473 2600.02086  9.15%  76.4 1282s
  1429   865 2612.15041   16  125 2862.01473 2600.02086  9.15%  76.1 1300s
  1437   869 2612.35417   22  105 2862.01473 2600.02086  9.15%  76.9 1320s
  1444   896 2615.13022   25   94 2862.01473 2600.02086  9.15%  77.3 1339s
  1474   930 2720.27063   31   81 2862.01473 2600.02086  9.15%  76.6 1465s
  1542   910 infeasible   48      2862.01473 2600.02086  9.15%  74.8 1508s
  1554   917 2606.05791   16  211 2862.01473 2600.02086  9.15%  74.8 1573s
  1565   945 2617.47483   21  110 2862.01473 2600.02086  9.15%  75.1 1600s
  1596   961 2714.17157   30   48 2862.01473 2600.02086  9.15%  74.1 1665s
  1656   944 2624.21151   17  161 2862.01473 2602.43729  9.07%  73.9 1743s
  1659   957 2625.64080   18  138 2862.01473 2602.43799  9.07%  75.4 1786s
  1673   966 2634.35268   26   83 2862.01473 2602.43799  9.07%  77.3 1818s
  1692   973 2716.81484   31   45 2862.01473 2602.43799  9.07%  78.1 2224s
  1726   975 2640.05745   15   81 2862.01473 2603.68811  9.03%  79.1 2294s
  1763   964 2623.77977   14  184 2862.01473 2603.68811  9.03%  80.0 2433s
  1770   964 2624.07608   15  173 2862.01473 2604.50154  9.00%  80.4 2463s
  1773   973 2624.65468   16  162 2862.01473 2604.50154  9.00%  80.7 2563s
  1787   973 2625.71576   17  152 2862.01473 2604.50154  9.00%  80.9 2613s
  1803   987 2627.77881   23  149 2862.01473 2604.61484  8.99%  81.3 2676s
  1839  1021 2620.96834   17   88 2862.01473 2605.55360  8.96%  82.1 2746s
  1909  1040 2659.80998   16  146 2862.01473 2606.34687  8.93%  82.1 2811s
  1995  1034 infeasible   42      2862.01473 2607.26658  8.90%  80.8 2893s
  2040  1098 2611.00895   17  224 2862.01473 2610.27961  8.80%  80.7 2962s
  2209  1099 2621.02671   18  238 2862.01473 2610.93378  8.77%  77.3 3035s
  2303  1165 2621.33946   31   81 2862.01473 2611.90397  8.74%  75.6 3107s
  2456  1146 2622.88780   17  107 2862.01473 2612.16838  8.73%  72.8 3182s
  2507  1179 2674.21622   27  138 2862.01473 2612.22808  8.73%  73.4 3287s
  2654  1176 2668.01008   20  143 2862.01473 2613.26532  8.69%  72.3 3381s
  2783  1254 2671.75289   22   58 2862.01473 2614.17895  8.66%  71.3 3467s
  3000  1241 2772.74748   24   86 2862.01473 2614.56019  8.65%  67.6 3546s
  3140  1290 2671.53342   23  170 2862.01473 2615.18395  8.62%  66.3 3643s
  3335  1405 2735.64332   33   91 2862.01473 2615.93116  8.60%  64.2 3745s
  3570  1566 2665.64688   31   67 2862.01473 2616.67177  8.57%  61.4 3862s
  3906  1635 2671.41302   17  165 2862.01473 2617.28979  8.55%  58.2 3974s
  4095  1721 2633.61547   33   65 2862.01473 2617.60917  8.54%  56.4 4078s
  4301  1823 2693.26350   23   46 2862.01473 2619.00487  8.49%  54.7 4190s
  4527  2050 2712.95934   19   55 2862.01473 2621.04569  8.42%  53.2 4353s
  5096  2124     cutoff   43      2862.01473 2622.59114  8.37%  49.5 4452s
  5267  2164 infeasible   23      2862.01473 2622.85252  8.36%  49.9 4560s
  5361  2244 2759.55335   26  174 2862.01473 2622.95341  8.35%  50.8 4697s
  5581  2280 2751.84184   27   87 2862.01473 2623.49033  8.33%  50.9 4798s
  5708  2390 2711.89215   26   85 2862.01473 2623.60459  8.33%  50.5 4937s
  5961  2442 2712.82444   27   74 2862.01473 2624.06675  8.31%  49.8 5045s
  6125  2546 2641.51211   19  227 2862.01473 2624.30707  8.31%  49.7 5188s
  6379  2594 2637.10662   21  169 2862.01473 2625.54928  8.26%  49.7 5299s
  6467  2741 2687.20191   24  204 2862.01473 2625.71627  8.26%  50.0 5498s
  6763  2792 2686.39211   23  206 2862.01473 2626.37579  8.23%  50.7 5625s
  6908  2894 2629.08688   24  124 2862.01473 2626.40872  8.23%  50.9 5794s
  7133  2962 2648.78888   23  151 2862.01473 2626.61862  8.22%  50.9 5937s
  7291  3144 2740.82673   29   77 2862.01473 2626.63354  8.22%  50.8 6487s
  7819  3154 2826.20668   30  127 2862.01473 2627.61295  8.19%  49.7 6555s
  7862  3170 2689.05281   28  239 2862.01473 2627.74694  8.19%  50.1 6609s
  7898  3184 2744.15749   26  184 2862.01473 2627.87435  8.18%  50.4 6760s
  7947  3304 2670.13093   24  167 2862.01473 2627.95628  8.18%  50.7 6885s
  8214  3325 2824.61412   44  134 2862.01473 2628.40562  8.16%  50.9 6973s
  8253  3369 2744.19817   32  130 2862.01473 2628.42377  8.16%  51.2 7105s
  8370  3508 2638.56754   22  158 2862.01473 2628.91142  8.14%  51.2 7249s
  8687  3545 2849.83238   28  216 2862.01473 2629.64115  8.12%  50.6 7351s
  8816  3636 2719.68904   25   64 2862.01473 2630.46313  8.09%  50.5 7473s
  9069  3701 2675.16383   27  139 2862.01473 2631.20186  8.06%  49.8 7633s
  9280  3743 2739.40264   22  208 2862.01473 2631.78563  8.04%  49.9 7749s
  9353  3760 2835.65850   38  209 2862.01473 2632.48058  8.02%  50.1 7952s
  9430  3773 2635.85094   18  220 2862.01473 2632.48058  8.02%  50.2 8032s
  9447  3806 2691.18245   32  164 2862.01473 2632.48058  8.02%  50.2 8108s
  9514  3838 2817.57078   42   67 2862.01473 2632.92597  8.00%  50.2 8219s
  9586  3884 2653.88944   23   89 2862.01473 2632.92597  8.00%  50.0 8340s
  9696  3982 2651.21621   24  126 2862.01473 2632.92597  8.00%  49.7 8458s
  9936  4061 2692.69376   22  195 2862.01473 2633.84447  7.97%  49.3 8571s
 10114  4131 2646.99722   29   95 2862.01473 2634.30536  7.96%  49.2 8752s
 10310  4255     cutoff   55      2862.01473 2634.90167  7.94%  48.7 8907s
 10642  4280 2822.48904   36    8 2862.01473 2635.36072  7.92%  48.3 9027s
 10804  4369 2774.09117   25   96 2862.01473 2635.60665  7.91%  48.4 9158s
 11049  4456 2762.01159   24  182 2862.01473 2636.03778  7.90%  48.1 9276s
 11282  4625 2650.71124   22  135 2862.01473 2636.38060  7.88%  47.7 9433s
 11694  4776 2762.73839   56   46 2862.01473 2636.61963  7.88%  47.2 9581s
 12044  4962 2639.44449   26  176 2862.01473 2637.12489  7.86%  46.6 9751s
 12482  5050 2762.49349   29  103 2862.01473 2637.70212  7.84%  46.3 9874s
 12718  5065 2754.84781   28   95 2862.01473 2638.00452  7.83%  46.0 9915s
 12747  5156     cutoff   36      2862.01473 2638.06142  7.83%  45.9 10131s
 12922  5243 2718.13748   28  170 2862.01473 2638.11837  7.82%  45.7 10265s
 13149  5314 2746.58998   29  187 2862.01473 2638.30101  7.82%  45.6 10417s
 13378  5426     cutoff   33      2862.01473 2638.77253  7.80%  45.4 10544s
 13616  5551 2641.10631   27  165 2862.01473 2639.03588  7.79%  45.3 10662s
 13887  5658 2686.28541   23  183 2862.01473 2639.17813  7.79%  45.2 10785s
 14158  5721 2696.86848   24  121 2862.01473 2639.27203  7.78%  45.2 10963s
 14335  5839 2695.05560   29  123 2862.01473 2639.56274  7.77%  45.2 11099s
 14496  5839 2704.22663   27  196 2862.01473 2639.79262  7.76%  45.0 11100s
 14663  5840 2752.74642   45  206 2862.01473 2639.86218  7.76%  44.9 13152s
 14665  5841 2793.22106   49  164 2862.01473 2639.86218  7.76%  44.9 13395s
 14666  5842 2833.95793   30  237 2862.01473 2639.86218  7.76%  44.9 13425s
 14667  5843 2803.37698   41   78 2862.01473 2639.86218  7.76%  44.9 13437s
 14668  5843 2736.95592   25   78 2862.01473 2639.86218  7.76%  44.9 13444s
 14669  5844 2733.25690   31  227 2862.01473 2639.86218  7.76%  44.9 13455s
 14670  5845 2665.15683   30  390 2862.01473 2639.86218  7.76%  44.9 13485s
 14671  5845 2842.09148   48  410 2862.01473 2639.86218  7.76%  44.9 13498s
 14672  5846 2738.01067   44  576 2862.01473 2639.86218  7.76%  44.9 13512s
 14673  5847 2640.24345   32  601 2862.01473 2639.86218  7.76%  44.9 13522s
 14674  5847 2642.91746   38  508 2862.01473 2639.86218  7.76%  44.9 13538s
 14675  5848 2803.26420   43  542 2862.01473 2639.86218  7.76%  44.9 13546s
 14676  5849 2720.19298   35  626 2862.01473 2639.86218  7.76%  44.9 13558s
 14677  5849 2819.20441   45  251 2862.01473 2639.86218  7.76%  44.9 13572s
 14678  5850 2802.70730   29  526 2862.01473 2639.86218  7.76%  44.9 13583s
 14679  5851 2818.80449   28  557 2862.01473 2639.86218  7.76%  44.9 13602s
 14680  5851 2746.22309   35  687 2862.01473 2639.86218  7.76%  44.9 13614s
 14681  5852 2763.51952   24  699 2862.01473 2639.86218  7.76%  44.9 13622s
 14682  5853 2819.04786   27  726 2862.01473 2639.86218  7.76%  44.9 13631s
 14683  5853 2825.32126   41  714 2862.01473 2639.86218  7.76%  44.9 13639s
 14684  5854 2736.60545   34  697 2862.01473 2639.86218  7.76%  44.9 13654s
 14685  5855 2691.67154   28  708 2862.01473 2639.86218  7.76%  44.8 13664s
 14686  5855 2712.53090   24  713 2862.01473 2639.86218  7.76%  44.8 13684s
 14687  5856 2854.58074   44  612 2862.01473 2639.86218  7.76%  44.8 13792s

Cutting planes:
  Cover: 28
  Implied bound: 288
  Projected implied bound: 3
  Clique: 14
  MIR: 62
  StrongCG: 15
  Flow cover: 63
  GUB cover: 84
  Zero half: 13
  RLT: 9
  Relax-and-lift: 20
  BQP: 2

Explored 14687 nodes (728315 simplex iterations) in 13800.79 seconds (1114.44 work units)
Thread count was 2 (of 46 available processors)

Solution count 5: 2862.01 2862.01 2863.78 ... 4244.07

Time limit reached
Best objective 2.862014733333e+03, best bound 2.639862179729e+03, gap 7.7621%

Solve summary
-------------
Status code:       9
Objective:         2862.014733333287
Objective bound:   2639.8621797287037
MIP gap:           0.07762103773164372
Has cycle:         False
Is acyclic:        True
Packages selected: 6 active packages

Packages
--------
   I1 | inactive_singleton | S=  0, C=  0, x=  0 | tasks=[1]
   A1 | active             | S=  0, C=  3, x=  5 | tasks=[2]
   I3 | inactive_singleton | S=  3, C= 11, x=  8 | tasks=[3]
   A2 | active             | S= 11, C= 55, x= 86 | tasks=[4, 5, 6, 7, 8, 9, 10, 11, 12, 31]
  I13 | inactive_singleton | S= 55, C= 60, x= 10 | tasks=[13]
   A3 | active             | S= 60, C= 76, x= 47 | tasks=[14, 15, 16, 17, 21]
  I18 | inactive_singleton | S= 76, C= 86, x= 12 | tasks=[18]
  I28 | inactive_singleton | S= 86, C= 94, x= 14 | tasks=[28]
   A4 | active             | S= 86, C= 98, x= 20 | tasks=[19, 20]
  I25 | inactive_singleton | S= 98, C=101, x=  5 | tasks=[25]
  I22 | inactive_singleton | S= 98, C=108, x= 11 | tasks=[22]
   A5 | active             | S=108, C=133, x= 51 | tasks=[23, 24, 26, 27, 29, 30, 32, 35]
  I33 | inactive_singleton | S=133, C=142, x= 16 | tasks=[33]
   A6 | active             | S=142, C=169, x= 52 | tasks=[34, 36, 37, 38, 39, 41]
  I40 | inactive_singleton | S=169, C=175, x=  8 | tasks=[40]
  I42 | inactive_singleton | S=175, C=175, x=  0 | tasks=[42]

Solution JSON saved to: /home/23037696r/Documents/research/or_benchmark/wp/results/inactive_0.2/j40/j400802_10.json
Finish time     : 2026-08-13T15:09:49+08:00
