Slurm job ID    : 1983
Array task ID   : 2
Host            : 23037696r-i7809a0b3cd
Start time      : 2026-08-13T11:19:45+08:00
Instance        : /home/23037696r/Documents/research/or_benchmark/wp/instances/inactive_0.2/j40/j400702_9.sm
Output JSON     : /home/23037696r/Documents/research/or_benchmark/wp/results/inactive_0.2/j40/j400702_9.json
Gurobi log      : /home/23037696r/Documents/research/or_benchmark/wp/results/inactive_0.2/j40/logs/gurobi/j400702_9.log
Allocated CPUs  : 2
Running with command-line arguments
-----------------------------------
Instance file: /home/23037696r/Documents/research/or_benchmark/wp/instances/inactive_0.2/j40/j400702_9.sm
Instance summary
----------------
Tasks:          42
Active tasks:   32
Inactive tasks: 10
Arcs:           53
Total duration: 233
Total work:     356
Active work:    275
Delta (singleton critical-path makespan): 168
Chosen deadline: 185
Feasible by singleton schedule: yes
Deadline rule: automatic: d = ceil(1.1 * Delta) = 185
Set parameter Username
Set parameter LicenseID to value 2851961
Academic license - for non-commercial use only - expires 2027-08-07
Set parameter MIPGap to value 1e-06
Set parameter TimeLimit to value 13800
Set parameter Threads to value 2
Set parameter LogFile to value "/home/23037696r/Documents/research/or_benchmark/wp/results/inactive_0.2/j40/logs/gurobi/j400702_9.log"
Set parameter NumericFocus to value 1
Gurobi Optimizer version 13.0.2 build v13.0.2rc1 (linux64 - "Ubuntu 22.04.3 LTS")

CPU model: Intel Xeon Processor (Cascadelake), instruction set [SSE2|AVX|AVX2|AVX512]
Thread count: 46 physical cores, 46 logical processors, using up to 2 threads

Non-default parameters:
TimeLimit  13800
MIPGap  1e-06
NumericFocus  1
Threads  2

Optimize a model with 47346 rows, 25574 columns and 175366 nonzeros (Min)
Model fingerprint: 0xae3c6ad2
Model has 16232 linear objective coefficients and an objective constant of 8.2991976440535313e+02
Variable types: 5952 continuous, 19622 integer (19422 binary)
Coefficient statistics:
  Matrix range     [1e+00, 3e+02]
  Objective range  [1e-02, 1e+03]
  Bounds range     [1e+00, 3e+02]
  RHS range        [1e+00, 3e+02]

Presolve removed 34870 rows and 8536 columns (presolve time = 5s)...
Presolve removed 35944 rows and 10212 columns (presolve time = 10s)...
Presolve removed 35942 rows and 10210 columns
Presolve time: 10.17s
Presolved: 11404 rows, 15364 columns, 80603 nonzeros
Variable types: 0 continuous, 15364 integer (9973 binary)
Found heuristic solution: objective 4375.9167741

Root simplex log...

Iteration    Objective       Primal Inf.    Dual Inf.      Time
       0    1.1799198e+03   6.542500e+02   0.000000e+00     11s
    3468    2.6058193e+03   0.000000e+00   0.000000e+00     12s

Root relaxation: objective 2.605819e+03, 3468 iterations, 1.29 seconds (0.26 work units)

    Nodes    |    Current Node    |     Objective Bounds      |     Work
 Expl Unexpl |  Obj  Depth IntInf | Incumbent    BestBd   Gap | It/Node Time

     0     0 2605.81926    0  133 4375.91677 2605.81926  40.5%     -   12s
     0     0 2619.89982    0   93 4375.91677 2619.89982  40.1%     -   13s
     0     0 2620.86380    0  191 4375.91677 2620.86380  40.1%     -   15s
     0     0 2620.90890    0  196 4375.91677 2620.90890  40.1%     -   15s
H    0     0                    4368.0851316 2620.90892  40.0%     -   16s
     0     0 2621.23158    0  122 4368.08513 2621.23158  40.0%     -   17s
     0     0 2621.23158    0  124 4368.08513 2621.23158  40.0%     -   17s
     0     0 2623.10453    0  238 4368.08513 2623.10453  39.9%     -   19s
H    0     0                    2998.2100506 2623.10477  12.5%     -   20s
     0     0 2623.54241    0  235 2998.21005 2623.54241  12.5%     -   20s
     0     0 2623.54241    0  242 2998.21005 2623.54241  12.5%     -   21s
     0     0 2626.34258    0  221 2998.21005 2626.34258  12.4%     -   23s
H    0     0                    2955.4599690 2626.34284  11.1%     -   24s
H    0     0                    2955.1737520 2626.34284  11.1%     -   24s
H    0     0                    2946.5081392 2626.34284  10.9%     -   24s
     0     0 2626.58845    0  232 2946.50814 2626.58845  10.9%     -   24s
     0     0 2626.58845    0  222 2946.50814 2626.58845  10.9%     -   25s
     0     0 2627.33050    0  118 2946.50814 2627.33050  10.8%     -   26s
     0     0 2627.36785    0  236 2946.50814 2627.36785  10.8%     -   27s
     0     0 2627.36785    0  123 2946.50814 2627.36785  10.8%     -   28s
     0     0 2627.36785    0  128 2946.50814 2627.36785  10.8%     -   28s
     0     0 2628.20538    0  246 2946.50814 2628.20538  10.8%     -   29s
H    0     0                    2939.4318474 2628.20570  10.6%     -   30s
     0     0 2628.28271    0  248 2939.43185 2628.28271  10.6%     -   30s
     0     0 2628.28452    0  246 2939.43185 2628.28452  10.6%     -   31s
     0     0 2628.28452    0  250 2939.43185 2628.28452  10.6%     -   31s
     0     0 2629.03549    0  246 2939.43185 2629.03549  10.6%     -   32s
H    0     0                    2919.9164299 2629.03569  10.0%     -   33s
     0     0 2629.07716    0  265 2919.91643 2629.07716  10.0%     -   33s
     0     0 2629.09541    0  259 2919.91643 2629.09541  10.0%     -   34s
     0     0 2629.09620    0  265 2919.91643 2629.09620  10.0%     -   34s
     0     0 2629.82557    0  261 2919.91643 2629.82557  9.93%     -   35s
H    0     0                    2917.4129874 2629.82591  9.86%     -   36s
     0     0 2629.84635    0  271 2917.41299 2629.84635  9.86%     -   36s
     0     0 2629.84651    0  270 2917.41299 2629.84651  9.86%     -   37s
     0     0 2630.69857    0  274 2917.41299 2630.69857  9.83%     -   38s
     0     0 2630.77948    0  288 2917.41299 2630.77948  9.82%     -   39s
     0     0 2630.87414    0  295 2917.41299 2630.87414  9.82%     -   40s
     0     0 2630.92570    0  300 2917.41299 2630.92570  9.82%     -   40s
     0     0 2630.92570    0  296 2917.41299 2630.92570  9.82%     -   40s
     0     0 2631.67349    0  277 2917.41299 2631.67349  9.79%     -   42s
H    0     0                    2916.4334840 2631.67426  9.76%     -   42s
H    0     0                    2916.3962874 2631.67426  9.76%     -   42s
H    0     0                    2915.5844758 2631.67426  9.74%     -   42s
     0     0 2631.74704    0  281 2915.58448 2631.74704  9.74%     -   43s
     0     0 2631.89398    0  282 2915.58448 2631.89398  9.73%     -   43s
     0     0 2631.93915    0  293 2915.58448 2631.93915  9.73%     -   44s
     0     0 2631.95303    0  294 2915.58448 2631.95303  9.73%     -   44s
     0     0 2631.95315    0  301 2915.58448 2631.95315  9.73%     -   44s
     0     0 2632.44880    0  302 2915.58448 2632.44880  9.71%     -   45s
     0     0 2632.49023    0  300 2915.58448 2632.49023  9.71%     -   46s
     0     0 2632.49324    0  312 2915.58448 2632.49324  9.71%     -   47s
     0     0 2632.49324    0  312 2915.58448 2632.49324  9.71%     -   47s
     0     0 2633.02232    0  301 2915.58448 2633.02232  9.69%     -   48s
     0     0 2633.02232    0  301 2915.58448 2633.02232  9.69%     -   48s
     0     0 2633.30587    0  311 2915.58448 2633.30587  9.68%     -   49s
     0     0 2633.46794    0  315 2915.58448 2633.46794  9.68%     -   50s
     0     0 2633.48667    0  318 2915.58448 2633.48667  9.68%     -   51s
     0     0 2633.48668    0  321 2915.58448 2633.48668  9.68%     -   51s
     0     0 2634.06106    0  290 2915.58448 2634.06106  9.66%     -   52s
     0     0 2634.21102    0  284 2915.58448 2634.21102  9.65%     -   53s
     0     0 2634.21102    0  283 2915.58448 2634.21102  9.65%     -   54s
     0     0 2634.43435    0  289 2915.58448 2634.43435  9.64%     -   55s
     0     0 2634.57085    0  287 2915.58448 2634.57085  9.64%     -   56s
     0     0 2634.57135    0  291 2915.58448 2634.57135  9.64%     -   57s
     0     0 2634.60327    0  292 2915.58448 2634.60327  9.64%     -   58s
     0     0 2634.61112    0  302 2915.58448 2634.61112  9.64%     -   59s
     0     0 2634.61125    0  307 2915.58448 2634.61125  9.64%     -   59s
     0     0 2634.61220    0  300 2915.58448 2634.61220  9.64%     -   60s
     0     0 2634.61220    0  302 2915.58448 2634.61220  9.64%     -   61s
     0     0 2634.63784    0  291 2915.58448 2634.63784  9.64%     -   62s
     0     0 2635.05489    0  288 2915.58448 2635.05489  9.62%     -   63s
     0     0 2635.05489    0  284 2915.58448 2635.05489  9.62%     -   64s
     0     2 2635.99410    0  281 2915.58448 2635.99410  9.59%     -   67s
H   17    23                    2907.2748149 2635.99410  9.33%  33.9   70s
    48    60 2635.99410   14  272 2907.27481 2635.99410  9.33%  43.9   76s
H   58    60                    2904.7608354 2635.99410  9.25%  44.1   76s
    59    81 2635.99410   16  285 2904.76084 2635.99410  9.25%  43.8   80s
   111   169 2635.99410   26  263 2904.76084 2635.99410  9.25%  44.2   90s
   178   239 2636.90161   58   90 2904.76084 2635.99410  9.25%  33.7   97s
   254   319 2636.94931  107   78 2904.76084 2635.99410  9.25%  26.2  103s
   334   354 2636.97860  147   80 2904.76084 2635.99410  9.25%  21.3  106s
   369   423 2636.98796  164   78 2904.76084 2635.99410  9.25%  19.8  112s
   452   478 2637.05537  205   77 2904.76084 2635.99410  9.25%  18.0  118s
   495   492 2637.85025  216  127 2904.76084 2635.99410  9.25%  18.2  121s
   513   527 2693.14593  224   93 2904.76084 2635.99410  9.25%  18.9  126s
   558   582 2728.49446  247   58 2904.76084 2635.99410  9.25%  19.5  133s
   610   613 2728.78343  282   58 2904.76084 2635.99410  9.25%  18.8  136s
   641   670 2729.32442  294   57 2904.76084 2635.99410  9.25%  18.1  141s
   701   746 2781.48073  314   75 2904.76084 2635.99410  9.25%  17.2  147s
   777   762 2781.81184  352   75 2904.76084 2635.99410  9.25%  15.7  151s
   800   781 2675.26273    4  128 2904.76084 2635.99410  9.25%  17.0  156s
   822   782 2636.90227   63  284 2904.76084 2635.99410  9.25%  16.7  417s
   824   783 2692.52082  223   41 2904.76084 2635.99410  9.25%  16.7  440s
   825   784 2758.71502  186  199 2904.76084 2635.99410  9.25%  16.7  449s
   826   785 2785.35166  323  203 2904.76084 2635.99410  9.25%  16.6  452s
   827   785 2637.08543  160  245 2904.76084 2635.99410  9.25%  16.6  455s
   829   787 2662.37121  154  116 2904.76084 2635.99410  9.25%  16.6  461s
   831   788 2662.44402  158  275 2904.76084 2635.99410  9.25%  16.5  465s
   833   789 2728.73768  269  278 2904.76084 2635.99410  9.25%  16.5  471s
   835   791 2785.46751  309  271 2904.76084 2635.99410  9.25%  16.5  477s
   836   791 2637.85866  211  278 2904.76084 2635.99410  9.25%  16.4  480s
   837   792 2637.65132  137  279 2904.76084 2635.99410  9.25%  16.4  486s
   838   793 2637.07897   48  290 2904.76084 2636.57582  9.23%  16.4  497s
   839   793 2785.37149  316  293 2904.76084 2637.26118  9.21%  16.4  503s
   840   794 2637.29663  110  293 2904.76084 2637.29382  9.21%  16.4  507s
   841   795 2641.76932  141  297 2904.76084 2637.29720  9.21%  16.3  513s
   842   795 2638.67211   66  281 2904.76084 2638.67211  9.16%  16.3  522s
   843   796 2638.80865   21  287 2904.76084 2638.80865  9.16%  16.3  525s
   845   797 2638.90476   35  289 2904.76084 2638.90476  9.15%  16.3  531s
   846   798 2760.80574  204  283 2904.76084 2638.91093  9.15%  16.3  535s
   847   799 2639.75372    9  275 2904.76084 2639.75372  9.12%  16.2  543s
   848   799 2759.76723  285  288 2904.76084 2640.11872  9.11%  16.2  546s
   850   801 2758.37281  259  291 2904.76084 2640.29197  9.10%  16.2  552s
   852   802 2640.35866   16  281 2904.76084 2640.35866  9.10%  16.1  557s
   853   803 2647.05883   74  297 2904.76084 2647.05883  8.87%  16.1  565s
   855   804 2725.74531  239  312 2904.76084 2647.30345  8.86%  16.1  570s
   858   806 2647.45612   41  322 2904.76084 2647.45612  8.86%  16.0  576s
   860   807 2758.37281  259  332 2904.76084 2647.49737  8.86%  16.0  580s
   861   808 2647.50111  105  333 2904.76084 2647.50111  8.86%  16.0  585s
   862   809 2697.26817  228  293 2904.76084 2653.83100  8.64%  15.9  594s
   863   809 2654.11257   51  316 2904.76084 2654.11257  8.63%  15.9  596s
   865   811 2654.29379   21  313 2904.76084 2654.29379  8.62%  15.9  602s
   866   811 2785.41753  340  314 2904.76084 2654.31070  8.62%  15.9  605s
   868   813 2663.56557  110  287 2904.76084 2663.56557  8.30%  15.8  619s
   869   813 2757.83237  268  319 2904.76084 2664.25268  8.28%  15.8  622s
   870   814 2664.48967   20  308 2904.76084 2664.48967  8.27%  15.8  625s
   872   815 2664.55971  114  340 2904.76084 2664.55971  8.27%  15.8  630s
   873   816 2664.56611   19  343 2904.76084 2664.56611  8.27%  15.7  635s
   874   817 2758.29171  240  345 2904.76084 2665.13228  8.25%  15.7  644s
   875   817 2665.22276   55  352 2904.76084 2665.22276  8.25%  15.7  647s
   876   818 2755.33365  164  361 2904.76084 2665.22600  8.25%  15.7  651s
   877   819 2692.98989   37  362 2904.76084 2665.39312  8.24%  15.7  660s
   879   820 2665.43952   78  381 2904.76084 2665.43952  8.24%  15.6  665s
   880   821 2665.44380  182  370 2904.76084 2665.44380  8.24%  15.6  670s
   881   821 2666.02864  110  369 2904.76084 2666.02864  8.22%  15.6  679s
   882   822 2666.02864  203  374 2904.76084 2666.02864  8.22%  15.6  681s
   884   823 2666.02864   63  364 2904.76084 2666.02864  8.22%  15.6  688s
   885   824 2666.02864   58  359 2904.76084 2666.02864  8.22%  15.5  698s
   886   825 2785.35890  318  367 2904.76084 2666.02864  8.22%  15.5  703s
   887   825 2729.16314  257  363 2904.76084 2666.02864  8.22%  15.5  712s
   888   826 2666.02864   84  373 2904.76084 2666.02864  8.22%  15.5  715s
   889   827 2666.02864   87  337 2904.76084 2666.02864  8.22%  15.5  725s
   891   828 2666.02864   30  375 2904.76084 2666.02864  8.22%  15.4  731s
   892   829 2666.02864   49  371 2904.76084 2666.02864  8.22%  15.4  736s
   893   829 2666.31979   39  363 2904.76084 2666.31979  8.21%  15.4  744s
   894   830 2742.16369  152  348 2904.76084 2666.31979  8.21%  15.4  747s
   895   831 2666.31979  100  372 2904.76084 2666.31979  8.21%  15.4  750s
   897   832 2696.81510  239  379 2904.76084 2666.31979  8.21%  15.3  756s
   899   833 2690.03948  219  386 2904.76084 2666.31979  8.21%  15.3  762s
   900   834 2758.79992  181  383 2904.76084 2666.31979  8.21%  15.3  766s
   901   835 2666.31979  152  383 2904.76084 2666.31979  8.21%  15.3  774s
   902   835 2759.75984  284  384 2904.76084 2666.31979  8.21%  15.2  777s
   903   836 2742.99845  152  374 2904.76084 2666.59578  8.20%  15.2  781s
   905   837 2666.73589   62  353 2904.76084 2666.73589  8.19%  15.2  786s
   907   839 2666.75146   89  354 2904.76084 2666.75146  8.19%  15.2  794s
   908   839 2758.71502  186  382 2904.76084 2667.36930  8.17%  15.1  802s
   909   840 2728.71673  278  393 2904.76084 2667.60569  8.16%  15.1  805s
   911   841 2667.67410  127  409 2904.76084 2667.67410  8.16%  15.1  812s
   912   842 2724.69296  237  412 2904.76084 2667.67913  8.16%  15.1  818s
   913   843 2759.76723  285  399 2904.76084 2668.12253  8.15%  15.1  829s
   914   843 2668.35041   86  411 2904.76084 2668.35041  8.14%  15.0  833s
   915   844 2668.40834   38  413 2904.76084 2668.40834  8.14%  15.0  836s
   917   845 2668.42048  150  416 2904.76084 2668.42048  8.14%  15.0  843s
   918   846 2757.95801  269  392 2904.76084 2668.74558  8.13%  15.0  856s
   920   847 2668.74558   92  421 2904.76084 2668.74558  8.13%  14.9  861s
   921   848 2728.61155  268  421 2904.76084 2668.74558  8.13%  14.9  865s
   922   849 2668.75030   63  386 2904.76084 2668.75030  8.12%  14.9  873s
   923   849 2668.79551   74  398 2904.76084 2668.79551  8.12%  14.9  876s
   925   851 2758.71502  186  422 2904.76084 2668.84796  8.12%  14.9  881s
   927   852 2668.85729  160  425 2904.76084 2668.85729  8.12%  14.8  889s
   928   853 2668.92607  148  417 2904.76084 2668.92607  8.12%  14.8  896s
   930   854 2668.92607  214  423 2904.76084 2668.92607  8.12%  14.8  902s
   931   855 2668.92607  158  421 2904.76084 2668.92607  8.12%  14.8  909s
   932   855 2762.89500  230  426 2904.76084 2668.92607  8.12%  14.8  912s
   933   856 2728.73768  269  430 2904.76084 2668.98426  8.12%  14.7  921s
   934   857 2758.79711  280  429 2904.76084 2668.98426  8.12%  14.7  925s
   935   857 2785.46751  309  414 2904.76084 2668.98426  8.12%  14.7  932s
   938   861 2668.98426   48  284 2904.76084 2668.98426  8.12%  49.6 1206s
   940   862 2668.98426  110   72 2904.76084 2668.98426  8.12%  49.5 1216s
   941   863 2668.98426  141  420 2904.76084 2668.98426  8.12%  49.5 1222s
   943   864 2668.98426   21  459 2904.76084 2668.98426  8.12%  49.4 1225s
   947   867 2668.98426    9  526 2904.76084 2668.98426  8.12%  49.2 1231s
   949   868 2668.98426   38  471 2904.76084 2668.98426  8.12%  49.1 1235s
   954   872 2668.98426  148  538 2904.76084 2668.98426  8.12%  48.8 1241s
   958   874 2668.98426   41  518 2904.76084 2668.98426  8.12%  48.6 1245s
   962   877 2697.26817  228  585 2904.76084 2668.98426  8.12%  48.4 1250s
   966   880 2785.41753  340  559 2904.76084 2668.98426  8.12%  48.2 1255s
   967   880 2668.98426   47  612 2904.76084 2668.98426  8.12%  48.1 1261s
   971   883 2729.08633  289  631 2904.76084 2668.98426  8.12%  47.9 1266s
   972   884 2668.98426  114  639 2904.76084 2668.98426  8.12%  47.9 1271s
   976   886 2755.33365  164  612 2904.76084 2669.15523  8.11%  47.7 1278s
   977   887 2692.98989   37  655 2904.76084 2669.30132  8.11%  47.6 1282s
   980   889 2669.35372  182  665 2904.76084 2669.35372  8.10%  47.5 1287s
   981   890 2669.52300  110  669 2904.76084 2669.52300  8.10%  47.5 1292s
   983   891 2669.52300  157  671 2904.76084 2669.52300  8.10%  47.4 1296s
   984   892 2669.52300   63  665 2904.76084 2669.52300  8.10%  47.3 1302s
   985   892 2669.52300   58  670 2904.76084 2669.52300  8.10%  47.3 1305s
   986   893 2785.35890  318  672 2904.76084 2669.52300  8.10%  47.2 1310s
   988   894 2669.52300   84  685 2904.76084 2669.52300  8.10%  47.1 1316s
   990   896 2836.71839  162  679 2904.76084 2669.52300  8.10%  47.0 1322s
   991   896 2669.52300   30  693 2904.76084 2669.52300  8.10%  47.0 1325s
   993   898 2669.52851   39  695 2904.76084 2669.52851  8.10%  46.9 1337s
   994   898 2742.16369  152  695 2904.76084 2669.52851  8.10%  46.8 1346s
   995   902 2669.52851   23  691 2904.76084 2669.52851  8.10%  68.5 1370s
   999   908 infeasible   25      2904.76084 2671.13073  8.04%  70.1 1379s
  1006   912 2671.42254   25  242 2904.76084 2671.34919  8.04%  71.1 1382s
  1017   919 2671.50340   27  242 2904.76084 2671.50340  8.03%  72.4 1385s
  1028   925 2671.62319   29  242 2904.76084 2671.62319  8.03%  73.4 1394s
  1033   926 2762.09754   30  234 2904.76084 2672.55596  7.99%  74.5 1396s
  1049   936 2795.97752   33  120 2904.76084 2677.05112  7.84%  76.5 1401s
  1067   939 2699.24239   36  265 2904.76084 2677.05112  7.84%  77.4 1407s
  1080   947 2699.57997   38  261 2904.76084 2677.05112  7.84%  77.5 1410s
  1101   948 2759.03776   41  248 2904.76084 2677.05112  7.84%  77.3 1415s
  1130   951 2774.53207   46  181 2904.76084 2677.05112  7.84%  76.9 1420s
  1146   966 2808.81611   51  120 2904.76084 2677.05112  7.84%  76.6 1426s
  1166   974 2767.96840   57  228 2904.76084 2677.05112  7.84%  76.8 1430s
  1187   984 2772.69079   62  216 2904.76084 2677.05112  7.84%  76.6 1435s
  1207  1003 2823.54741   66  148 2904.76084 2677.05112  7.84%  76.6 1442s
  1226  1009 2806.99144   69  153 2904.76084 2677.05112  7.84%  76.2 1446s
  1254   998 infeasible   76      2904.76084 2677.05112  7.84%  75.7 1451s
  1274   991 infeasible   84      2904.76084 2677.05112  7.84%  75.3 1455s
  1288  1003 2773.43017   41  185 2904.76084 2677.05112  7.84%  76.3 1463s
  1300  1010 2815.98385   46   97 2904.76084 2677.05112  7.84%  76.3 1466s
  1311  1022 2781.84135   51  131 2904.76084 2677.05112  7.84%  76.8 1470s
  1326  1024 infeasible   57      2904.76084 2677.05112  7.84%  76.9 1481s
  1348  1018 infeasible   67      2904.76084 2693.80850  7.26%  77.0 1485s
  1352  1020 2697.62530   25  387 2904.76084 2693.81798  7.26%  78.8 1490s
  1355  1024 2695.36919   25  434 2904.76084 2694.01656  7.26%  79.6 1495s
  1360  1028 2699.65064   26  365 2904.76084 2694.01656  7.26%  80.6 1502s
  1368  1034 2703.29874   28  253 2904.76084 2694.01656  7.26%  81.1 1507s
  1376  1037 2737.17359   30  274 2904.76084 2694.01656  7.26%  81.7 1513s
  1384  1049 2703.30577   31  265 2904.76084 2694.01656  7.26%  82.1 1522s
  1401  1048 2710.81345   34  171 2904.76084 2694.01656  7.26%  81.8 1532s
  1417  1060 2711.21560   36  176 2904.76084 2694.03694  7.25%  82.0 1544s
  1435  1062 2740.91372   44   73 2904.76084 2694.03694  7.25%  82.8 1551s
  1450  1070 2795.32942   50   78 2904.76084 2694.03694  7.25%  83.6 1562s
  1467  1085 2822.18195   57   87 2904.76084 2694.03694  7.25%  84.0 1571s
  1498  1109 2877.66164   68   72 2904.76084 2695.36919  7.21%  84.0 1586s
  1566  1102 2704.69000   28  346 2904.76084 2695.36919  7.21%  82.8 1598s
  1585  1140 2711.15719   30  240 2904.76084 2695.36919  7.21%  82.7 1617s
  1652  1166 2743.26472   34  152 2904.76084 2695.36919  7.21%  81.2 1627s
  1713  1172 2744.59975   66  127 2904.76084 2695.36919  7.21%  80.8 1640s
  1791  1156 2700.93851   27  472 2904.76084 2695.91166  7.19%  78.8 1647s
  1801  1209 2737.73053   29  443 2904.76084 2696.07594  7.18%  80.1 1658s
  1874  1215 2752.26871   41  302 2904.76084 2696.07594  7.18%  80.3 1674s
  1926  1231 2747.67904   40  233 2904.76084 2696.07594  7.18%  79.5 1688s
  1983  1228 2879.76083   61  264 2904.76084 2697.07133  7.15%  78.6 1698s
  2006  1248 infeasible   28      2904.76084 2698.47210  7.10%  78.8 1714s
  2069  1294 2799.61421   35  240 2904.76084 2698.58913  7.10%  80.2 1728s
  2140  1370 2827.15182   47  191 2904.76084 2698.58913  7.10%  79.2 1749s
  2309  1362 2843.54066   38  274 2904.76084 2699.19484  7.08%  76.5 1761s
  2366  1400 2872.92439   45  197 2904.76084 2699.51488  7.07%  75.9 1783s
  2505  1383 2800.65336   32  311 2904.76084 2699.66624  7.06%  74.7 1802s
  2559  1464 2767.68638   38   65 2904.76084 2699.71501  7.06%  74.7 1827s
  2714  1413 2736.46365   28  433 2904.76084 2700.62752  7.03%  73.7 1843s
  2721  1474 2793.40301   30  369 2904.76084 2700.62752  7.03%  74.4 1863s
  2815  1513 infeasible   52      2904.76084 2700.62752  7.03%  74.1 1884s
  2955  1476 2793.70846   30  468 2904.76084 2701.10630  7.01%  73.5 1892s
  2966  1479 2799.71263   33  293 2904.76084 2701.10630  7.01%  73.7 1906s
  2990  1615 2809.55493   37  191 2904.76084 2701.10630  7.01%  74.6 1930s
  3161  1575     cutoff   60      2904.76084 2701.10630  7.01%  72.6 1951s
  3242  1605 2878.92357   82  123 2904.76084 2702.62723  6.96%  72.8 1968s
  3327  1655 infeasible   55      2904.76084 2702.62723  6.96%  73.3 1993s
  3441  1690 2880.77559   57  151 2904.76084 2703.32463  6.93%  73.5 2020s
  3599  1735 2725.74879   53  127 2904.76084 2705.96634  6.84%  72.2 2048s
  3763  1842 2742.30219   32  273 2904.76084 2706.68896  6.82%  72.3 2076s
  3956  1945 infeasible   50      2904.76084 2707.32114  6.80%  71.1 2104s
  4177  2095 2743.79879   37  157 2904.76084 2707.53934  6.79%  70.8 2136s
  4373  2199 2802.80658   58   49 2904.76084 2707.76855  6.78%  70.5 2168s
  4546  2330 2724.23564   65  269 2904.76084 2708.02457  6.77%  70.6 2205s
  4754  2455 2749.30638   61  120 2904.76084 2708.02457  6.77%  69.9 2238s
  4943  2602 2807.23677   49  255 2904.76084 2708.83113  6.75%  70.4 2280s
  5173  2743     cutoff   37      2904.76084 2709.19461  6.73%  70.3 2325s
  5391  2870 2803.47440   37  197 2904.76084 2709.30826  6.73%  70.1 2370s
  5561  2983 2877.92493   41  214 2904.76084 2709.77940  6.71%  71.4 2410s
  5734  3207 2713.14520   39  200 2904.76084 2710.09169  6.70%  72.0 2469s
  6058  3282 2830.00553   58  100 2904.76084 2710.33915  6.69%  71.1 2514s
  6209  3454 2712.65980   39  240 2904.76084 2710.74288  6.68%  71.6 2559s
  6497  3666 infeasible   58      2904.76084 2711.23716  6.66%  72.0 2612s
  6796  3811 2894.18210   74  123 2904.76084 2711.40690  6.66%  71.7 2663s
  7092  3976 2792.78703   43   93 2904.76084 2711.40693  6.66%  71.2 2715s
  7361  4177 2893.37201   50   48 2904.76084 2712.15738  6.63%  71.1 2847s
  7747  4265 2894.42664   48  122 2904.76084 2712.60302  6.62%  70.5 2877s
  7921  4393 2903.24234   51  114 2904.76084 2712.73110  6.61%  70.1 2912s
  8166  4491 2881.08622   53   83 2904.76084 2713.02029  6.60%  69.8 2940s
  8345  4645 2899.79957   53  131 2904.76084 2713.44722  6.59%  69.6 2976s
  8616  4720 2857.84591   62  141 2904.76084 2713.90445  6.57%  69.0 3005s
  8748  4883 2899.58266   62   96 2904.76084 2713.90548  6.57%  68.9 3046s
  9018  4931 2736.33832   40  234 2904.76084 2714.05048  6.57%  68.5 3070s
  9088  5060 2798.68552   49  277 2904.76084 2714.18568  6.56%  68.8 3102s
  9311  5114 2785.78808   52  182 2904.76084 2714.64740  6.54%  68.8 3126s
  9412  5284 2870.77419   52  223 2904.76084 2714.67920  6.54%  68.9 3169s
  9714  5344 2874.26145   64  135 2904.76084 2714.89986  6.54%  68.5 3194s
  9817  5444 2793.44277   47  195 2904.76084 2714.89986  6.54%  68.7 3226s
  9987  5512 2715.58590   41  300 2904.76084 2715.14364  6.53%  68.5 3258s
 10073  5640 2733.72645   56  251 2904.76084 2715.14364  6.53%  69.2 3297s
 10318  5717 infeasible   62      2904.76084 2715.45807  6.52%  69.4 3326s
 10421  5849 2869.44154   71  143 2904.76084 2715.45807  6.52%  69.2 3370s
 10657  5896 2794.95222   40  365 2904.76084 2715.61937  6.51%  69.3 3406s
 10798  5953 2888.55553   68  197 2904.76084 2715.64682  6.51%  69.0 3432s
 10897  5959 2895.26942   55  204 2904.76084 2715.64682  6.51%  69.2 3447s
 10914  6098 2737.58971   58  201 2904.76084 2715.64682  6.51%  69.3 3489s
 11110  6221 infeasible   82      2904.76084 2715.64682  6.51%  69.3 3539s
 11338  6276 infeasible   84      2904.76084 2715.83482  6.50%  69.4 3571s
 11427  6437     cutoff   63      2904.76084 2715.98145  6.50%  69.6 3624s
 11743  6504 2758.70754   54  218 2904.76084 2716.04682  6.50%  69.5 3650s
 11835  6659     cutoff   67      2904.76084 2716.04955  6.50%  69.5 3697s
 12159  6737     cutoff   63      2904.76084 2716.32572  6.49%  69.6 3733s
 12288  6945 2815.12235   30  229 2904.76084 2716.32572  6.49%  69.4 3782s
 12577  7014 2757.72732   38  133 2904.76084 2716.37694  6.49%  69.4 3815s
 12694  7040 2791.14513   35  182 2904.76084 2716.40659  6.48%  69.5 3827s
 12720  7075 2812.20332   45  122 2904.76084 2716.40659  6.48%  69.4 3854s
 12797  7301 2720.16973   47  269 2904.76084 2716.52033  6.48%  69.4 3901s
 13131  7359 2798.66892   44  242 2904.76084 2716.80839  6.47%  69.3 3933s
 13219  7647 2892.92254   67  214 2904.76084 2716.80839  6.47%  69.7 3999s
 13643  7723 2862.24075   72  225 2904.76084 2716.80874  6.47%  69.1 4031s
 13779  7974 2868.35247   55  142 2904.76084 2716.84088  6.47%  69.2 4081s
 14153  8020 infeasible   64      2904.76084 2716.96925  6.46%  68.6 4111s
 14232  8236 2776.32468   48  262 2904.76084 2716.98934  6.46%  68.5 4174s
 14610  8237 2809.98275   44  284 2904.76084 2717.13033  6.46%  68.2 4682s
 14612  8238 2763.60897   54  106 2904.76084 2717.13033  6.46%  68.1 4711s
 14613  8239 2803.35157   58  429 2904.76084 2717.13033  6.46%  68.1 4720s
 14616  8241 2761.65332   41  245 2904.76084 2717.13033  6.46%  68.1 4726s
 14618  8242 2854.58708   54  479 2904.76084 2717.13033  6.46%  68.1 4731s
 14620  8244 2840.47778   41  503 2904.76084 2717.13033  6.46%  68.1 4735s
 14622  8245 2798.96213   46  517 2904.76084 2717.13033  6.46%  68.1 4741s
 14623  8246 2785.51050   40  591 2904.76084 2717.13033  6.46%  68.1 4745s
 14625  8247 2820.50420   51  533 2904.76084 2717.13033  6.46%  68.1 4750s
 14628  8249 2888.09671   52  601 2904.76084 2717.13033  6.46%  68.1 4757s
 14630  8250 2899.72109   59  594 2904.76084 2717.13033  6.46%  68.1 4761s
 14632  8252 2812.44082   42  609 2904.76084 2717.13033  6.46%  68.1 4767s
 14633  8252 2881.88655   51  631 2904.76084 2717.13033  6.46%  68.1 4770s
 14635  8254 2799.44114   34  622 2904.76084 2717.13033  6.46%  68.0 4775s
 14637  8255 2902.04783   58  628 2904.76084 2717.13033  6.46%  68.0 4780s
 14639  8256 2812.43836   44  654 2904.76084 2717.13033  6.46%  68.0 4785s
 14641  8258 2790.40635   86  661 2904.76084 2717.13033  6.46%  68.0 4792s
 14642  8258 2901.73684   47  661 2904.76084 2717.13033  6.46%  68.0 4822s
 14643  8259 2780.82030   52  665 2904.76084 2717.13033  6.46%  68.0 4850s
 14644  8260 2881.04547   43  664 2904.76084 2717.13033  6.46%  68.0 4882s
 14645  8260 2765.44232   38  664 2904.76084 2717.13033  6.46%  68.0 4907s
 14646  8261 2755.08509   67  662 2904.76084 2717.13033  6.46%  68.0 4936s
 14648  8262 2829.29135   48  685 2904.76084 2717.13033  6.46%  68.0 4941s
 14649  8263 2828.22396   68  688 2904.76084 2717.13033  6.46%  68.0 4965s
 14650  8264 2843.05166   67  680 2904.76084 2717.13033  6.46%  68.0 4990s
 14652  8265 2732.48150   49  689 2904.76084 2717.13033  6.46%  68.0 5011s
 14653  8266 2782.82121   52  679 2904.76084 2717.13033  6.46%  68.0 5040s
 14655  8267 2830.92478   58  667 2904.76084 2717.13033  6.46%  67.9 5045s
 14657  8268 2862.13064   46  675 2904.76084 2717.13033  6.46%  67.9 5075s
 14658  8269 2817.21924   45  658 2904.76084 2717.13033  6.46%  67.9 5103s
 14659  8270 2858.57190   42  673 2904.76084 2717.13033  6.46%  67.9 5105s
 14661  8271 2719.85479   62  675 2904.76084 2717.13033  6.46%  67.9 5132s
 14662  8272 2841.53473   51  664 2904.76084 2717.13033  6.46%  67.9 5159s
 14663  8272 2875.88532   65  669 2904.76084 2717.13033  6.46%  67.9 5185s
 14664  8273 2807.67192   37  668 2904.76084 2717.13033  6.46%  67.9 5215s
 14665  8274 2836.64628   60  677 2904.76084 2717.13033  6.46%  67.9 5242s
 14666  8274 2850.23563   48  682 2904.76084 2717.13033  6.46%  67.9 5269s
 14667  8275 2785.73345   48  683 2904.76084 2717.13033  6.46%  67.9 5293s
 14668  8276 2851.99038   64  677 2904.76084 2717.13033  6.46%  67.9 5323s
 14669  8276 2885.55940   50  675 2904.76084 2717.13033  6.46%  67.9 5326s
 14670  8277 2730.87328   53  680 2904.76084 2717.13033  6.46%  67.9 5350s
 14671  8278 2899.68367   77  675 2904.76084 2717.13033  6.46%  67.9 5389s
 14672  8278 2875.60049   57  679 2904.76084 2717.13033  6.46%  67.9 5416s
 14673  8279 2742.96763   39  674 2904.76084 2717.13033  6.46%  67.9 5444s
 14674  8280 2842.97103   62  676 2904.76084 2717.13033  6.46%  67.9 5468s
 14675  8280 2720.26467   34  676 2904.76084 2717.13033  6.46%  67.9 5496s
 14676  8281 2856.18936   50  676 2904.76084 2717.13033  6.46%  67.9 5521s
 14677  8282 2834.29345   43  692 2904.76084 2717.13033  6.46%  67.8 5555s
 14679  8283 2832.12837   41  695 2904.76084 2717.13033  6.46%  67.8 5588s
 14680  8284 2791.16121   44  684 2904.76084 2717.13033  6.46%  67.8 5620s
 14682  8285 2755.38864   72  676 2904.76084 2717.13033  6.46%  67.8 5626s
 14684  8286 2764.49700   47  669 2904.76084 2717.13033  6.46%  67.8 5632s
 14685  8287 2774.31685   45  690 2904.76084 2717.13033  6.46%  67.8 5663s
 14686  8288 2880.74866   72  667 2904.76084 2717.13033  6.46%  67.8 5699s
 14687  8288 2845.86889   50  672 2904.76084 2717.13033  6.46%  67.8 5702s
 14688  8289 2826.48965   63  678 2904.76084 2717.13033  6.46%  67.8 5732s
 14689  8290 2806.77359   49  649 2904.76084 2717.13033  6.46%  67.8 5776s
 14691  8291 2892.07583   68  654 2904.76084 2717.13033  6.46%  67.8 5781s
 14692  8292 2898.58324   62  656 2904.76084 2717.13033  6.46%  67.8 5808s
 14693  8292 2771.13581   51  672 2904.76084 2717.13033  6.46%  67.8 5842s
 14694  8293 2902.82221   50  681 2904.76084 2717.13033  6.46%  67.8 5845s
 14695  8294 2896.05038   75  674 2904.76084 2717.13033  6.46%  67.8 5871s
 14696  8294 2726.17713   45  676 2904.76084 2717.13033  6.46%  67.8 5881s
 14697  8295 2782.10534   44  675 2904.76084 2717.13033  6.46%  67.8 5887s
 14698  8296 2874.02365   53  685 2904.76084 2717.13033  6.46%  67.7 5896s
 14699  8296 2821.89810   72  672 2904.76084 2717.13033  6.46%  67.7 5900s
 14700  8297 2884.16630   51  680 2904.76084 2717.13033  6.46%  67.7 5907s
 14701  8298 2799.57415   38  688 2904.76084 2717.13033  6.46%  67.7 5917s
 14702  8298 2892.07583   68  694 2904.76084 2717.13033  6.46%  67.7 5922s
 14703  8299 2736.58774   52  699 2904.76084 2717.13033  6.46%  67.7 5932s
 14704  8300 2879.37127   46  713 2904.76084 2717.13033  6.46%  67.7 5936s
 14706  8301 2720.24791   38  726 2904.76084 2717.13033  6.46%  67.7 5944s
 14707  8302 2895.92919   73  726 2904.76084 2717.13033  6.46%  67.7 5952s
 14708  8302 2767.85591   46  731 2904.76084 2717.13033  6.46%  67.7 5957s
 14709  8303 2780.74058   42  720 2904.76084 2717.13033  6.46%  67.7 5966s
 14710  8304 2809.98275   44  729 2904.76084 2717.13033  6.46%  67.7 5971s
 14711  8304 2825.58324   52  721 2904.76084 2717.13033  6.46%  67.7 5979s
 14712  8305 2763.60897   54  734 2904.76084 2717.13033  6.46%  67.7 5985s
 14713  8306 2803.35157   58  713 2904.76084 2717.13033  6.46%  67.7 5994s
 14714  8306 2843.71954   66  737 2904.76084 2717.13033  6.46%  67.7 5999s
 14715  8307 2767.94019   47  722 2904.76084 2717.13033  6.46%  67.7 6006s
 14716  8308 2761.65332   41  732 2904.76084 2717.13033  6.46%  67.7 6010s
 14717  8308 2770.13032   45  719 2904.76084 2717.13033  6.46%  67.7 6018s
 14718  8309 2854.58708   54  723 2904.76084 2717.13033  6.46%  67.7 6023s
 14719  8310 2839.66850   53  712 2904.76084 2717.13033  6.46%  67.7 6034s
 14720  8310 2840.47778   41  724 2904.76084 2717.13033  6.46%  67.6 6039s
 14721  8311 2857.45897   54  724 2904.76084 2717.13033  6.46%  67.6 6049s
 14722  8312 2798.96213   46  726 2904.76084 2717.13033  6.46%  67.6 6055s
 14723  8312 2785.51050   40  718 2904.76084 2717.13033  6.46%  67.6 6064s
 14724  8313 2874.61933  113  724 2904.76084 2717.13033  6.46%  67.6 6069s
 14725  8314 2820.50420   51  724 2904.76084 2717.13033  6.46%  67.6 6078s
 14726  8314 2867.67613   69  726 2904.76084 2717.13033  6.46%  67.6 6084s
 14727  8315 2734.45828   45  726 2904.76084 2717.13033  6.46%  67.6 6091s
 14728  8316 2888.09671   52  733 2904.76084 2717.13033  6.46%  67.6 6095s
 14729  8316 2808.91144   51  729 2904.76084 2717.13033  6.46%  67.6 6101s
 14730  8317 2899.72109   59  733 2904.76084 2717.13033  6.46%  67.6 6105s
 14731  8318 2883.36716   54  730 2904.76084 2717.13033  6.46%  67.6 6110s
 14732  8318 2812.44082   42  730 2904.76084 2717.13033  6.46%  67.6 6115s
 14733  8319 2881.88655   51  730 2904.76084 2717.13033  6.46%  67.6 6129s
 14734  8323 2717.13033   32  642 2904.76084 2717.13033  6.46%  70.5 6138s
 14736  8324 2717.13033   33  544 2904.76084 2717.13033  6.46%  70.6 6140s
 14738  8325 2717.13033   34  281 2904.76084 2717.13033  6.46%  70.6 6145s
 14740  8328 2717.13033   35  274 2904.76084 2717.13033  6.46%  70.6 6150s
 14745  8328 2717.13033   36  282 2904.76084 2717.13033  6.46%  70.7 6155s
 14749  8331 2717.13033   37  277 2904.76084 2717.13033  6.46%  70.8 6160s
 14757  8334 2717.13033   39  184 2904.76084 2717.13033  6.46%  70.9 6167s
 14759  8336 2717.13033   40  283 2904.76084 2717.13033  6.46%  70.9 6170s
 14767  8337 2717.13033   42  279 2904.76084 2717.13033  6.46%  70.9 6177s
 14769  8340 infeasible   42      2904.76084 2717.13033  6.46%  71.0 6180s
 14775  8343 2717.13033   44  259 2904.76084 2717.13033  6.46%  71.0 6186s
 14782  8345 2717.13033   46  275 2904.76084 2717.13033  6.46%  71.0 6197s
 14786  8344 2717.13033   47  275 2904.76084 2717.13033  6.46%  71.0 6200s
 14789  8345 2741.49323   48  188 2904.76084 2717.13033  6.46%  71.0 6212s
 14791  8351 2717.13033   48  271 2904.76084 2717.13033  6.46%  71.0 6217s
 14799  8354 2717.13033   50  221 2904.76084 2717.13033  6.46%  71.0 6222s
 14807  8359 2722.53140   51  154 2904.76084 2717.13033  6.46%  71.0 6226s
 14815  8368 2743.84397   54  137 2904.76084 2717.13033  6.46%  71.0 6232s
 14826  8378 2718.60022   58   91 2904.76084 2717.13033  6.46%  71.1 6238s
 14840  8378 2805.82467   63   64 2904.76084 2717.13033  6.46%  71.0 6245s
 14846  8383 2824.67689   66   30 2904.76084 2717.13033  6.46%  71.1 6250s
 14858  8383 2829.82712   70   93 2904.76084 2717.13033  6.46%  71.1 6255s
 14874  8382 2717.13033   34  470 2904.76084 2717.13033  6.46%  71.2 6260s
 14882  8387 2717.13033   34  346 2904.76084 2717.13033  6.46%  71.2 6265s
 14894  8391 2717.13033   36  346 2904.76084 2717.13033  6.46%  71.2 6271s
 14904  8398 2717.13033   37  345 2904.76084 2717.13033  6.46%  71.2 6275s
 14915  8405 2717.13033   39  295 2904.76084 2717.13033  6.46%  71.2 6282s
 14929  8409 2734.58588   44  101 2904.76084 2717.13033  6.46%  71.2 6292s
 14939  8403 2770.44476   46  101 2904.76084 2717.13033  6.46%  71.2 6301s
 14950  8402 2745.09477   48  176 2904.76084 2717.13033  6.46%  71.3 6317s
 14959  8403 2745.79617   48  187 2904.76084 2717.13033  6.46%  71.3 6332s
 14971  8410 2798.68581   51  157 2904.76084 2717.13033  6.46%  71.3 6342s
 14983  8413 infeasible   53      2904.76084 2717.13033  6.46%  71.4 6352s
 14998  8410 infeasible   57      2904.76084 2717.13033  6.46%  71.4 6363s
 15016  8408 2717.13033   51  228 2904.76084 2717.13033  6.46%  71.4 6367s
 15020  8415 2719.75753   53  250 2904.76084 2717.13033  6.46%  71.4 6372s
 15034  8423 2853.56068   59  111 2904.76084 2717.13033  6.46%  71.5 6380s
 15059  8432 2720.15867   42  184 2904.76084 2717.13033  6.46%  71.5 6387s
 15086  8425 2839.70201   51  131 2904.76084 2717.13033  6.46%  71.5 6399s
 15116  8428 2717.13033   37  250 2904.76084 2717.13033  6.46%  71.6 6405s
 15130  8441 2717.13033   42  235 2904.76084 2717.13033  6.46%  71.6 6412s
 15147  8454 2742.04005   47   83 2904.76084 2717.13033  6.46%  71.6 6420s
 15166  8463 2827.29367   53   78 2904.76084 2717.13033  6.46%  71.6 6429s
 15192  8467 2717.13033   35  386 2904.76084 2717.13033  6.46%  71.7 6438s
 15209  8471 2717.13033   36  482 2904.76084 2717.13033  6.46%  71.9 6447s
 15231  8483 2717.13033   36  283 2904.76084 2717.13033  6.46%  71.9 6459s
 15250  8492 2719.62874   42  267 2904.76084 2717.13033  6.46%  71.9 6470s
 15275  8502 2719.82285   50  274 2904.76084 2717.13033  6.46%  71.9 6484s
 15310  8521 2731.82034   64  200 2904.76084 2717.13033  6.46%  71.8 6497s
 15342  8528 2802.73705   75  142 2904.76084 2717.13033  6.46%  71.9 6508s
 15371  8540     cutoff   77      2904.76084 2717.13033  6.46%  72.0 6523s
 15412  8547 2842.22979   55  117 2904.76084 2717.13033  6.46%  72.0 6535s
 15459  8564 infeasible   55      2904.76084 2717.13033  6.46%  71.9 6551s
 15511  8577 2862.27641   68  171 2904.76084 2717.13033  6.46%  71.8 6564s
 15568  8602 2862.58801   57  107 2904.76084 2717.13033  6.46%  71.8 6578s
 15633  8623 2794.89754   44  204 2904.76084 2717.13033  6.46%  71.7 6592s
 15682  8650 2868.19221   47  154 2904.76084 2717.13033  6.46%  71.7 6604s
 15743  8671 2902.57439   52   81 2904.76084 2717.13033  6.46%  71.7 6620s
 15811  8665 2875.95188   50   97 2904.76084 2717.13033  6.46%  71.7 6637s
 15853  8666 2717.13033   46  255 2904.76084 2717.13033  6.46%  71.8 6653s
 15868  8689 2746.41261   49  153 2904.76084 2717.13033  6.46%  71.9 6672s
 15903  8699 2763.90000   63  153 2904.76084 2717.13033  6.46%  71.8 6696s
 15940  8700 infeasible   84      2904.76084 2717.13033  6.46%  71.8 6725s
 15968  8712 2803.64277   53  259 2904.76084 2717.13033  6.46%  72.0 6743s
 16006  8713 2717.13033   41  151 2904.76084 2717.13033  6.46%  72.0 6763s
 16022  8748 2717.13033   46  252 2904.76084 2717.13033  6.46%  72.1 6788s
 16069  8822 2846.31490   61   29 2904.76084 2717.13033  6.46%  72.0 6835s
 16291  8808 2884.62137   62   94 2904.76084 2717.13033  6.46%  71.9 6875s
 16396  8908 2811.82784   39  428 2904.76084 2717.13033  6.46%  71.9 6923s
 16599  8950 infeasible   65      2904.76084 2717.13033  6.46%  71.9 6972s
 16754  9031 2859.59361   51  116 2904.76084 2717.13033  6.46%  71.6 7027s
 17013  9071 2842.37459   54  149 2904.76084 2717.13033  6.46%  71.3 7086s
 17229  9029 2788.95278   40  345 2904.76084 2717.13033  6.46%  71.4 7119s
 17281  9114 2791.72977   44  381 2904.76084 2717.13033  6.46%  71.7 7172s
 17418  9084 2846.31069   49  408 2904.76084 2717.13033  6.46%  72.1 7228s
 17475  9151 2853.07780   61  377 2904.76084 2717.13033  6.46%  72.3 7277s
 17613  9206     cutoff   73      2904.76084 2717.13033  6.46%  72.6 7330s
 17796  9284 infeasible   56      2904.76084 2717.13033  6.46%  72.5 7399s
 18095  9287 2782.49796   59  245 2904.76084 2717.13033  6.46%  72.5 7464s
 18319  9291 2865.52091   77  219 2904.76084 2717.13033  6.46%  72.7 7537s
 18537  9332 infeasible   73      2904.76084 2717.13033  6.46%  72.5 7612s
 18710  9529 2752.03982   43  176 2904.76084 2717.13033  6.46%  72.3 7706s
 19092  9581 2765.68389   38  180 2904.76084 2717.13033  6.46%  72.3 7788s
 19390  9699 2854.95876   63  179 2904.76084 2717.13033  6.46%  72.4 7871s
 19763  9728     cutoff   67      2904.76084 2717.13033  6.46%  72.3 7946s
 20078  9699 2809.11479   39  341 2904.76084 2717.13033  6.46%  72.4 8021s
 20276  9700 2834.14182   42  359 2904.76084 2717.13033  6.46%  72.3 8078s
 20416  9775 2766.60938   56  205 2904.76084 2717.13033  6.46%  72.4 8140s
 20602  9884 2758.29344   56  290 2904.76084 2717.13033  6.46%  72.4 8196s
 20874  9917 2900.66681   70  145 2904.76084 2718.64356  6.41%  72.3 8255s
 21142  9866 2880.92795   47  237 2904.76084 2719.90567  6.36%  72.8 8302s
 21233 10094 2829.28676   43  261 2904.76084 2721.28251  6.32%  73.2 8377s
 21722 10070 2779.86558   57  222 2904.76084 2722.80141  6.26%  73.1 8444s
 22005 10160 2886.93605  124  274 2904.76084 2722.80141  6.26%  73.0 8569s
 22434 10102 2848.92573   61  272 2904.76084 2724.30068  6.21%  72.8 8614s
 22627 10136 2825.48419   56  220 2904.76084 2725.05164  6.19%  72.7 8664s
 22864 10125 2891.91953  105  241 2904.76084 2725.89159  6.16%  72.7 8713s
 23035 10117     cutoff   69      2904.76084 2726.18901  6.15%  72.6 8750s
 23196 10140 2885.54363  112  196 2904.76084 2726.72043  6.13%  72.5 8802s
 23407 10106 2842.54992   57  225 2904.76084 2727.17280  6.11%  72.3 8844s
 23542 10096 2893.12291   67  177 2904.76084 2727.17280  6.11%  72.4 8880s
 23631 10149     cutoff   59      2904.76084 2727.60386  6.10%  72.7 8925s
 23814 10106 2892.91703   72  244 2904.76084 2727.79087  6.09%  73.0 8957s
 23859 10125 2892.98153   82  231 2904.76084 2727.81649  6.09%  72.9 9003s
 24000 10110 2823.28984   50  171 2904.76084 2727.82751  6.09%  72.9 9046s
 24101 10171 2866.87462   55  239 2904.76084 2727.84239  6.09%  72.9 9103s
 24309 10161 2880.21314   99  186 2904.76084 2728.21731  6.08%  73.0 9160s
 24468 10238 2824.16259   66  227 2904.76084 2728.73918  6.06%  73.3 9229s
 24759 10236     cutoff   81      2904.76084 2729.42178  6.04%  73.3 9270s
 24944 10349 2837.82355   50  200 2904.76084 2729.76156  6.02%  73.7 9329s
 25304 10348 2823.95326   63  178 2904.76084 2731.34157  5.97%  73.7 9385s
 25616 10293 2899.96777   67   93 2904.76084 2732.70883  5.92%  73.7 9429s
 25767 10299 2895.98228   55  162 2904.76084 2733.05320  5.91%  73.7 9476s
 25919 10357 2742.96414   49  189 2904.76084 2734.01669  5.88%  73.9 9524s
 26166 10364 2817.96880   49  238 2904.76084 2734.88920  5.85%  74.1 9559s
 26290 10457 2887.35767   70  124 2904.76084 2737.19746  5.77%  74.3 9608s
 26544 10408 2769.94836   53  268 2904.76084 2738.60954  5.72%  74.6 9635s
 26648 10499 2904.34983   50  119 2904.76084 2738.64640  5.72%  74.6 9695s
 26966 10510 infeasible   55      2904.76084 2740.35463  5.66%  74.8 9750s
 27228 10558 2893.54993   71  148 2904.76084 2740.68747  5.65%  74.9 9811s
 27499 10595 2783.86527   52  122 2904.76084 2740.80148  5.64%  75.0 9877s
 27818 10633 2779.07348   52  187 2904.76084 2741.47392  5.62%  75.1 9942s
 28120 10614 2901.48243   77  150 2904.76084 2742.34404  5.59%  75.1 10003s
 28350 10658 infeasible   75      2904.76084 2742.58011  5.58%  75.2 10057s
 28610 10695 2798.18972   51  162 2904.76084 2743.02174  5.57%  75.4 10110s
 28867 10736 2781.38520   52  120 2904.76084 2743.38994  5.56%  75.4 10166s
 29136 10745 2782.64319   53  151 2904.76084 2743.65084  5.55%  75.5 10222s
 29389 10827     cutoff   61      2904.76084 2744.04332  5.53%  75.5 10372s
 29769 10794 2813.59953   59  297 2904.76084 2744.38526  5.52%  75.5 10415s
 29941 10758 2786.00094   51  136 2904.76084 2744.76186  5.51%  75.6 10455s
 29968 10772 2866.91508   59   72 2904.76084 2744.76186  5.51%  75.5 10491s
 30015 10855 2844.49313   60  155 2904.76084 2745.20416  5.49%  75.7 10541s
 30206 10920 2783.95018   55  215 2904.76084 2745.52631  5.48%  75.9 10599s
 30509 10942 infeasible   72      2904.76084 2746.20608  5.46%  76.0 10649s
 30734 11017 2802.01416   57  212 2904.76084 2746.48598  5.45%  76.1 10705s
 31043 10960 2846.56722   50  207 2904.76084 2746.92359  5.43%  76.1 10738s
 31098 11053 infeasible   62      2904.76084 2746.95021  5.43%  76.2 10801s
 31351 11072 2852.14213   53  267 2904.76084 2747.27580  5.42%  76.0 10841s
 31499 11161 2874.91236   63  132 2904.76084 2747.43041  5.42%  76.0 10902s
 31805 11172 2749.09791   62  253 2904.76084 2748.31500  5.39%  76.1 10945s
 31998 11221 2782.16984   54  134 2904.76084 2748.80791  5.37%  76.1 10996s
 32231 11193 2893.71813   71  112 2904.76084 2749.24895  5.35%  76.2 11040s
 32357 11296 2875.44273   67   81 2904.76084 2749.51127  5.34%  76.4 11097s
 32611 11249 2885.28146   71  160 2904.76084 2750.28257  5.32%  76.4 11134s
 32711 11258 2881.73789   72  160 2904.76084 2750.34891  5.32%  76.5 11165s
 32787 11310 infeasible   72      2904.76084 2750.38763  5.31%  76.4 11215s
 33024 11387     cutoff   61      2904.76084 2751.05647  5.29%  76.4 11270s
 33341 11386 2863.33430   67  134 2904.76084 2751.38781  5.28%  76.3 11307s
 33498 11368 2772.45279   56  232 2904.76084 2751.49658  5.28%  76.1 11343s
 33577 11396 2866.88227   54  135 2904.76084 2751.49658  5.28%  76.3 11379s
 33672 11463 2868.49734   56  140 2904.76084 2751.53397  5.28%  76.3 11438s
 33854 11594 2884.12622   62  231 2904.76084 2752.06607  5.26%  76.2 11514s
 34214 11562 2883.11087   53  104 2904.76084 2752.41818  5.24%  76.1 11563s
 34381 11735 2886.17821   61  144 2904.76084 2752.48521  5.24%  76.2 11637s
 34792 11671 2873.01635   77   41 2904.76084 2752.84037  5.23%  75.9 11677s
 34927 11797 2834.82729   66  217 2904.76084 2752.98550  5.23%  75.9 11743s
 35269 11727 2882.99080   74  157 2904.76084 2753.27884  5.21%  75.8 11781s
 35436 11920 2887.63953   55  120 2904.76084 2753.38587  5.21%  75.8 11845s
 35849 11875 2833.10313   69  172 2904.76084 2753.46245  5.21%  75.5 11877s
 36002 12062 2882.97329   71   98 2904.76084 2753.98611  5.19%  75.5 11933s
 36369 11961 2903.07308   93  156 2904.76084 2754.05229  5.19%  75.4 11955s
 36415 12142 2902.82563   94  159 2904.76084 2754.05229  5.19%  75.4 12009s
 36736 12135 infeasible   93      2904.76084 2754.28256  5.18%  75.3 12102s
 36921 12305 2800.04090   47  168 2904.76084 2754.57750  5.17%  75.4 12157s
 37295 12287 2854.75718   53  205 2904.76084 2754.67382  5.17%  75.3 12192s
 37484 12362     cutoff   58      2904.76084 2754.71845  5.17%  75.3 12228s
 37708 12412 infeasible   57      2904.76084 2754.81396  5.16%  75.2 12266s
 37911 12500     cutoff   84      2904.76084 2754.94742  5.16%  75.1 12309s
 38184 12445 2849.62014   86   80 2904.76084 2755.06826  5.15%  75.1 12342s
 38286 12484 2858.55309   49  178 2904.76084 2755.13175  5.15%  75.3 12375s
 38416 12484 2823.76072   59  295 2904.76084 2755.20671  5.15%  75.3 12407s
 38483 12598 2774.25024   51  252 2904.76084 2755.20671  5.15%  75.2 12445s
 38691 12780     cutoff   67      2904.76084 2755.29971  5.15%  75.1 12502s
 39105 12735 2831.63158   62  166 2904.76084 2755.49787  5.14%  75.0 12536s
 39251 12928     cutoff   68      2904.76084 2755.54782  5.14%  75.0 12595s
 39654 12851     cutoff  102      2904.76084 2755.70212  5.13%  74.9 12620s
 39764 13018     cutoff   65      2904.76084 2755.74893  5.13%  74.9 12662s
 40059 13053 2887.51054   68  184 2904.76084 2755.78586  5.13%  75.0 12688s
 40138 13263 2826.10213   66   89 2904.76084 2755.82689  5.13%  75.1 12745s
 40466 13367     cutoff   72      2904.76084 2755.94048  5.12%  75.1 12795s
 40686 13553 2858.34439   50  177 2904.76084 2756.00089  5.12%  75.0 12842s
 40961 13607 2870.88498   69  260 2904.76084 2756.12356  5.12%  75.1 12880s
 41100 13729 2878.44572   56  105 2904.76084 2756.21000  5.11%  75.1 12915s
 41311 13869 infeasible   61      2904.76084 2756.34000  5.11%  75.2 12952s
 41491 14004     cutoff   86      2904.76084 2756.48747  5.10%  75.3 12997s
 41753 14032 2823.33623   72  245 2904.76084 2756.56971  5.10%  75.3 13024s
 41844 14204     cutoff   83      2904.76084 2756.56971  5.10%  75.4 13066s
 42123 14294 2874.11949   61  217 2904.76084 2756.94181  5.09%  75.3 13096s
 42289 14435     cutoff   89      2904.76084 2757.02685  5.09%  75.4 13139s
 42551 14556 2803.21698   52  251 2904.76084 2757.38479  5.07%  75.3 13176s
 42725 14695 2837.38193   77  230 2904.76084 2757.61117  5.07%  75.3 13218s
 42949 14792 2855.41455   58  234 2904.76084 2757.73014  5.06%  75.4 13258s
 43111 14909 2779.64106   60  202 2904.76084 2757.96274  5.05%  75.4 13300s
 43328 14946 2854.65224   68  139 2904.76084 2758.18999  5.05%  75.4 13334s
 43464 15008 2848.73188   53  215 2904.76084 2758.38230  5.04%  75.6 13374s
 43642 15112 infeasible   65      2904.76084 2758.87605  5.02%  75.7 13425s
 43887 15257 2769.56174   49  220 2904.76084 2759.45748  5.00%  75.6 13474s
 44155 15371 2877.31677   51  163 2904.76084 2759.74926  4.99%  75.5 13578s
 44376 15488 2801.73948   67  238 2904.76084 2759.86188  4.99%  75.6 13632s
 44568 15658 2853.61146   70  103 2904.76084 2760.08161  4.98%  75.7 13693s
 44855 15750 2818.25990   59  197 2904.76084 2760.57245  4.96%  75.7 13737s
 45009 15954 2802.63974   61  200 2904.76084 2760.77939  4.96%  75.7 13800s

Cutting planes:
  Gomory: 3
  Cover: 106
  Implied bound: 387
  Projected implied bound: 3
  Clique: 9
  MIR: 216
  Mixing: 2
  StrongCG: 39
  Flow cover: 108
  GUB cover: 122
  Inf proof: 5
  Zero half: 6
  RLT: 41
  Relax-and-lift: 45

Explored 45393 nodes (3445065 simplex iterations) in 13800.77 seconds (1199.99 work units)
Thread count was 2 (of 46 available processors)

Solution count 10: 2904.76 2907.27 2915.58 ... 2955.17

Time limit reached
Best objective 2.904760835424e+03, best bound 2.761002282304e+03, gap 4.9491%

Solve summary
-------------
Status code:       9
Objective:         2904.760835423748
Objective bound:   2761.0022823042004
MIP gap:           0.04949066765373686
Has cycle:         False
Is acyclic:        True
Packages selected: 7 active packages

Packages
--------
   I1 | inactive_singleton | S=  0, C=  0, x=  0 | tasks=[1]
   A1 | active             | S=  0, C= 17, x= 50 | tasks=[2, 3, 4, 37, 38, 39, 40, 41]
   I5 | inactive_singleton | S= 17, C= 20, x=  3 | tasks=[5]
   A2 | active             | S= 20, C= 30, x= 51 | tasks=[6, 34, 35, 36]
  I33 | inactive_singleton | S= 30, C= 32, x=  3 | tasks=[33]
   I7 | inactive_singleton | S= 30, C= 40, x= 16 | tasks=[7]
   A3 | active             | S= 40, C= 57, x= 25 | tasks=[8, 9, 10]
  I11 | inactive_singleton | S= 57, C= 67, x= 10 | tasks=[11]
  I12 | inactive_singleton | S= 67, C= 77, x= 18 | tasks=[12]
   A4 | active             | S= 77, C= 90, x= 40 | tasks=[13, 14, 31, 32]
  I15 | inactive_singleton | S= 90, C= 99, x= 14 | tasks=[15]
   A5 | active             | S= 99, C=115, x= 43 | tasks=[16, 17, 30]
  I18 | inactive_singleton | S=115, C=124, x= 15 | tasks=[18]
   A6 | active             | S=124, C=138, x= 21 | tasks=[19, 20]
  I21 | inactive_singleton | S=138, C=140, x=  2 | tasks=[21]
   A7 | active             | S=140, C=168, x= 45 | tasks=[22, 23, 24, 25, 26, 27, 28, 29]
  I42 | inactive_singleton | S=173, C=173, x=  0 | tasks=[42]

Solution JSON saved to: /home/23037696r/Documents/research/or_benchmark/wp/results/inactive_0.2/j40/j400702_9.json
Finish time     : 2026-08-13T15:09:49+08:00
