Slurm job ID    : 1940
Array task ID   : 32
Host            : 23037696r-i7809a0b3cd
Start time      : 2026-08-12T06:13:01+08:00
Instance        : /home/23037696r/Documents/research/or_benchmark/wp/instances/inactive_0.2/j40/j400402_2.sm
Output JSON     : /home/23037696r/Documents/research/or_benchmark/wp/results/inactive_0.2/j40/j400402_2.json
Gurobi log      : /home/23037696r/Documents/research/or_benchmark/wp/results/inactive_0.2/j40/logs/gurobi/j400402_2.log
Allocated CPUs  : 4
Running with command-line arguments
-----------------------------------
Instance file: /home/23037696r/Documents/research/or_benchmark/wp/instances/inactive_0.2/j40/j400402_2.sm
Instance summary
----------------
Tasks:          42
Active tasks:   32
Inactive tasks: 10
Arcs:           79
Total duration: 209
Total work:     304
Active work:    246
Delta (singleton critical-path makespan): 107
Chosen deadline: 118
Feasible by singleton schedule: yes
Deadline rule: automatic: d = ceil(1.1 * Delta) = 118
Set parameter Username
Set parameter LicenseID to value 2851961
Academic license - for non-commercial use only - expires 2027-08-07
Set parameter MIPGap to value 1e-06
Set parameter TimeLimit to value 13800
Set parameter Threads to value 4
Set parameter LogFile to value "/home/23037696r/Documents/research/or_benchmark/wp/results/inactive_0.2/j40/logs/gurobi/j400402_2.log"
Set parameter NumericFocus to value 1
Gurobi Optimizer version 13.0.2 build v13.0.2rc1 (linux64 - "Ubuntu 22.04.3 LTS")

CPU model: Intel Xeon Processor (Cascadelake), instruction set [SSE2|AVX|AVX2|AVX512]
Thread count: 46 physical cores, 46 logical processors, using up to 4 threads

Non-default parameters:
TimeLimit  13800
MIPGap  1e-06
NumericFocus  1
Threads  4

Optimize a model with 62737 rows, 19688 columns and 218339 nonzeros (Min)
Model fingerprint: 0x4e060d67
Model has 12624 linear objective coefficients and an objective constant of 7.1580791293872062e+02
Variable types: 3808 continuous, 15880 integer (15680 binary)
Coefficient statistics:
  Matrix range     [1e+00, 2e+02]
  Objective range  [1e-02, 1e+03]
  Bounds range     [1e+00, 2e+02]
  RHS range        [1e+00, 2e+02]

Presolve removed 40828 rows and 5674 columns (presolve time = 5s)...
Presolve removed 43621 rows and 7024 columns (presolve time = 10s)...
Presolve removed 50778 rows and 7162 columns (presolve time = 16s)...
Presolve removed 50932 rows and 7192 columns (presolve time = 20s)...
Presolve removed 50932 rows and 7192 columns (presolve time = 25s)...
Presolve removed 50932 rows and 7552 columns (presolve time = 32s)...
Presolve removed 50932 rows and 7552 columns (presolve time = 37s)...
Presolve removed 51168 rows and 7669 columns (presolve time = 40s)...
Presolve removed 51425 rows and 7669 columns (presolve time = 47s)...
Presolve removed 51512 rows and 7669 columns (presolve time = 50s)...
Presolve removed 51509 rows and 7666 columns
Presolve time: 56.16s
Presolved: 11228 rows, 12022 columns, 78806 nonzeros
Variable types: 0 continuous, 12022 integer (8444 binary)
Found heuristic solution: objective 3894.7863863

Root simplex log...

Iteration    Objective       Primal Inf.    Dual Inf.      Time
       0    9.1580791e+02   5.743750e+02   0.000000e+00     60s
     201    1.0224816e+03   2.342571e+04   0.000000e+00     60s
    4359    2.1502993e+03   0.000000e+00   0.000000e+00     65s

Root relaxation: objective 2.150299e+03, 4359 iterations, 5.12 seconds (0.36 work units)

    Nodes    |    Current Node    |     Objective Bounds      |     Work
 Expl Unexpl |  Obj  Depth IntInf | Incumbent    BestBd   Gap | It/Node Time

     0     0 2150.29929    0  100 3894.78639 2150.29929  44.8%     -   66s
     0     0 2153.57670    0  105 3894.78639 2153.57670  44.7%     -   66s
H    0     0                    3872.6933421 2153.57670  44.4%     -   77s
H    0     0                    3859.3573197 2153.57670  44.2%     -   77s
H    0     0                    2395.8982577 2153.57670  10.1%     -   81s
H    0     0                    2378.6246510 2153.57670  9.46%     -   81s
     0     0 2154.79581    0   81 2378.62465 2154.79581  9.41%     -   86s
     0     0 2154.79701    0   72 2378.62465 2154.79701  9.41%     -   86s
     0     0 2155.01524    0   76 2378.62465 2155.01524  9.40%     -   90s
     0     0 2155.08709    0   71 2378.62465 2155.08709  9.40%     -   92s
     0     0 2155.17761    0   74 2378.62465 2155.17761  9.39%     -   94s
     0     0 2155.39364    0   76 2378.62465 2155.39364  9.38%     -   95s
     0     0 2155.39481    0   76 2378.62465 2155.39481  9.38%     -   96s
     0     0 2156.62045    0  121 2378.62465 2156.62045  9.33%     -  101s
     0     0 2156.76898    0  122 2378.62465 2156.76898  9.33%     -  105s
     0     0 2156.78951    0  128 2378.62465 2156.78951  9.33%     -  107s
     0     0 2156.80680    0  125 2378.62465 2156.80680  9.33%     -  108s
     0     0 2156.80820    0  126 2378.62465 2156.80820  9.33%     -  109s
     0     0 2156.81045    0  126 2378.62465 2156.81045  9.33%     -  110s
     0     0 2156.81218    0  129 2378.62465 2156.81218  9.33%     -  111s
     0     0 2156.81257    0  126 2378.62465 2156.81257  9.33%     -  112s
     0     0 2158.80932    0  192 2378.62465 2158.80932  9.24%     -  132s
     0     0 2158.80947    0  189 2378.62465 2158.80947  9.24%     -  133s
     0     0 2158.85309    0  189 2378.62465 2158.85309  9.24%     -  139s
     0     0 2158.85442    0  207 2378.62465 2158.85442  9.24%     -  141s
     0     0 2158.85442    0  208 2378.62465 2158.85442  9.24%     -  142s
     0     0 2160.50943    0  374 2378.62465 2160.50943  9.17%     -  164s
     0     0 2160.50943    0  394 2378.62465 2160.50943  9.17%     -  165s
     0     0 2161.13022    0  216 2378.62465 2161.13022  9.14%     -  175s
     0     0 2161.28726    0  230 2378.62465 2161.28726  9.14%     -  177s
     0     0 2161.39539    0  231 2378.62465 2161.39539  9.13%     -  180s
     0     0 2161.43262    0  232 2378.62465 2161.43262  9.13%     -  182s
     0     0 2161.49671    0  235 2378.62465 2161.49671  9.13%     -  186s
     0     0 2161.52371    0  237 2378.62465 2161.52371  9.13%     -  189s
     0     0 2162.05352    0  209 2378.62465 2162.05352  9.10%     -  193s
     0     0 2162.05684    0  218 2378.62465 2162.05684  9.10%     -  196s
     0     0 2162.05799    0  225 2378.62465 2162.05799  9.10%     -  198s
     0     0 2166.71644    0  210 2378.62465 2166.71644  8.91%     -  209s
     0     0 2166.87775    0  199 2378.62465 2166.87775  8.90%     -  215s
     0     0 2166.96226    0  212 2378.62465 2166.96226  8.90%     -  218s
     0     0 2167.01570    0  212 2378.62465 2167.01570  8.90%     -  221s
     0     0 2167.53741    0  217 2378.62465 2167.53741  8.87%     -  224s
     0     0 2167.72851    0  212 2378.62465 2167.72851  8.87%     -  226s
     0     0 2167.72859    0  218 2378.62465 2167.72859  8.87%     -  228s
     0     0 2168.07774    0  206 2378.62465 2168.07774  8.85%     -  233s
     0     0 2168.14830    0  209 2378.62465 2168.14830  8.85%     -  239s
     0     0 2168.15295    0  214 2378.62465 2168.15295  8.85%     -  242s
     0     0 2168.15572    0  216 2378.62465 2168.15572  8.85%     -  243s
     0     0 2168.71863    0  224 2378.62465 2168.71863  8.82%     -  250s
     0     0 2168.97627    0  215 2378.62465 2168.97627  8.81%     -  256s
     0     0 2169.00583    0  227 2378.62465 2169.00583  8.81%     -  259s
     0     0 2169.01098    0  228 2378.62465 2169.01098  8.81%     -  261s
     0     0 2169.01098    0  228 2378.62465 2169.01098  8.81%     -  263s
     0     0 2169.45686    0  219 2378.62465 2169.45686  8.79%     -  273s
     0     0 2169.52793    0  228 2378.62465 2169.52793  8.79%     -  278s
     0     0 2169.63012    0  228 2378.62465 2169.63012  8.79%     -  280s
     0     0 2169.70678    0  215 2378.62465 2169.70678  8.78%     -  284s
     0     0 2169.75838    0  231 2378.62465 2169.75838  8.78%     -  288s
     0     0 2169.80982    0  221 2378.62465 2169.80982  8.78%     -  290s
     0     0 2169.81378    0  219 2378.62465 2169.81378  8.78%     -  292s
     0     0 2170.49042    0  210 2378.62465 2170.49042  8.75%     -  306s
     0     0 2170.63257    0  212 2378.62465 2170.63257  8.74%     -  310s
     0     0 2170.65121    0  223 2378.62465 2170.65121  8.74%     -  312s
     0     0 2170.66422    0  216 2378.62465 2170.66422  8.74%     -  314s
     0     0 2170.66498    0  225 2378.62465 2170.66498  8.74%     -  316s
     0     0 2170.69643    0  217 2378.62465 2170.69643  8.74%     -  321s
     0     0 2170.70285    0  222 2378.62465 2170.70285  8.74%     -  326s
     0     0 2170.70289    0  224 2378.62465 2170.70289  8.74%     -  327s
     0     0 2170.71739    0  230 2378.62465 2170.71739  8.74%     -  331s
     0     0 2170.72073    0  234 2378.62465 2170.72073  8.74%     -  336s
     0     0 2170.72073    0  236 2378.62465 2170.72073  8.74%     -  348s
     0     0 2170.74013    0  235 2378.62465 2170.74013  8.74%     -  352s
     0     0 2170.74013    0  229 2378.62465 2170.74013  8.74%     -  354s
     0     2 2170.74013    0  227 2378.62465 2170.74013  8.74%     -  368s
     3     8 2170.74013    2  226 2378.62465 2170.74013  8.74%  18.0  373s
    11    14 2183.80092    4  170 2378.62465 2170.74013  8.74%   232  379s
    15    20 2183.80121    5  170 2378.62465 2170.74013  8.74%   292  383s
    21    24 2207.38694    7   84 2378.62465 2170.74013  8.74%   307  385s
    33    35 infeasible    8      2378.62465 2170.74013  8.74%   236  390s
    56    54 2210.85185   13   83 2378.62465 2170.74013  8.74%   160  395s
    74    69 2210.90551   20   91 2378.62465 2170.74013  8.74%   142  400s
    93    85 2211.08218   21   89 2378.62465 2170.74013  8.74%   123  405s
   110   116 2211.86185   23   77 2378.62465 2170.74013  8.74%   107  411s
   133   142 2211.80761   29   86 2378.62465 2170.74013  8.74%  92.4  416s
   155   168 2211.82737   34   86 2378.62465 2170.74013  8.74%  81.1  420s
   192   179 2211.86653   44   86 2378.62465 2170.74013  8.74%  68.3  425s
   201   186 2211.87431   46   86 2378.62465 2170.74013  8.74%  65.6  430s
   213   205 2211.88206   48   86 2378.62465 2170.74013  8.74%  62.8  436s
   228   218 2211.88593   49   86 2378.62465 2170.74013  8.74%  58.7  440s
   245   227 2211.89365   51   86 2378.62465 2170.74013  8.74%  55.0  447s
   252   231 2211.89750   52   86 2378.62465 2170.74013  8.74%  55.3  450s
   256   234 2211.90135   53   86 2378.62465 2170.74013  8.74%  55.8  455s
   266   244 2211.90519   54   86 2378.62465 2170.74013  8.74%  55.3  460s
   278   250 2211.90903   55   86 2378.62465 2170.74013  8.74%  53.5  468s
   292   254 2211.91287   56   86 2378.62465 2170.74013  8.74%  54.1  470s
   300   262 2211.92052   58   86 2378.62465 2170.74013  8.74%  54.0  475s
   308   270 2211.92814   60   86 2378.62465 2170.74013  8.74%  53.2  480s
   320   282 2211.93955   63   86 2378.62465 2170.74013  8.74%  52.2  485s
   332   294 2211.95090   66   86 2378.62465 2170.74013  8.74%  50.8  490s
   344   306 2211.96221   69   86 2378.62465 2170.74013  8.74%  49.6  495s
   356   318 2211.97347   72   86 2378.62465 2170.74013  8.74%  48.1  501s
   365   325 2211.98095   74   86 2378.62465 2170.74013  8.74%  47.3  505s
   373   332 2211.98841   76   86 2378.62465 2170.74013  8.74%  46.9  510s
   384   357 2212.00326   80   86 2378.62465 2170.74013  8.74%  45.8  522s
   403   369 2212.06182   96   86 2378.62465 2170.74013  8.74%  43.8  532s
   423   394 2262.92245  108   92 2378.62465 2170.74013  8.74%  43.8  540s
   448   418 2263.93703  130   77 2378.62465 2170.74013  8.74%  41.8  548s
   474   441 2265.33402  152  109 2378.62465 2170.74013  8.74%  39.9  557s
   501   477 2265.57608  169  109 2378.62465 2170.74013  8.74%  38.1  566s
   545   542 2265.75297  194  107 2378.62465 2170.74013  8.74%  36.8  583s
   612   622 2268.16716  220  111 2378.62465 2170.74013  8.74%  34.2  597s
   699   703 2268.27561  250  102 2378.62465 2170.74013  8.74%  32.7  614s
   784   781 2268.30862  285  102 2378.62465 2170.74013  8.74%  30.2  624s
   867   796 infeasible  319      2378.62465 2170.74013  8.74%  28.3  631s
   896   821 2174.80573    5  401 2378.62465 2171.57562  8.70%  30.3  644s
   924   865 2175.13230    6  192 2378.62465 2171.57562  8.70%  33.3  664s
  1006   932 2287.25631   18  118 2378.62465 2171.57562  8.70%  35.1  678s
  1100   996 2266.51457    8  125 2378.62465 2172.23456  8.68%  36.1  698s
  1198   997 2215.18541   39  229 2378.62465 2172.23456  8.68%  36.0  797s
  1200   998 2268.41608   68  116 2378.62465 2172.23456  8.68%  36.0  852s
  1201   999 2212.40520   11  127 2378.62465 2172.23456  8.68%  35.9  873s
  1202  1000 2266.68774   52  178 2378.62465 2172.23456  8.68%  35.9  915s
  1203  1000 2217.70801  187  106 2378.62465 2172.23456  8.68%  35.9  923s
  1204  1001 2215.32373   54  224 2378.62465 2172.23456  8.68%  35.8  932s
  1205  1002 2215.26319  120  217 2378.62465 2172.23456  8.68%  35.8  940s
  1206  1002 2265.74287  178  210 2378.62465 2172.23456  8.68%  35.8  949s
  1207  1003 2215.12971   32  235 2378.62465 2172.23456  8.68%  35.8  955s
  1209  1004 2268.45258  315  236 2378.62465 2172.23456  8.68%  35.7  963s
  1210  1005 2268.79471  228  242 2378.62465 2172.25007  8.68%  35.7  967s
  1211  1006 2270.20359  123  242 2378.62465 2172.25273  8.68%  35.6  975s
  1212  1006 2214.92353  106  226 2378.62465 2173.06855  8.64%  35.6  996s
  1213  1007 2210.90139   19  230 2378.62465 2173.19172  8.64%  35.6 1001s
  1214  1008 2213.69823   55  223 2378.62465 2173.19236  8.64%  35.5 1008s
  1215  1008 2210.43720    4  229 2378.62465 2173.23640  8.63%  35.5 1029s
  1216  1009 2267.70107   67  245 2378.62465 2173.25012  8.63%  35.5 1050s
  1217  1010 2216.13063  151  250 2378.62465 2173.27233  8.63%  35.5 1056s
  1218  1010 2269.89587  117  244 2378.62465 2173.28016  8.63%  35.4 1061s
  1220  1012 2215.52528    6  257 2378.62465 2173.33206  8.63%  35.4 1069s
  1221  1012 2212.15325   95  252 2378.62465 2173.33823  8.63%  35.3 1079s
  1222  1013 2265.13249  149  254 2378.62465 2173.34108  8.63%  35.3 1102s
  1223  1014 2214.46306   82  249 2378.62465 2173.34108  8.63%  35.3 1120s
  1224  1014 2247.85171   12  249 2378.62465 2173.37261  8.63%  35.3 1137s
  1225  1015 2269.03311  235  250 2378.62465 2173.38118  8.63%  35.2 1150s
  1226  1016 2242.84785   11  252 2378.62465 2173.38121  8.63%  35.2 1164s
  1227  1016 2216.20225  154  230 2378.62465 2173.64224  8.62%  35.2 1193s
  1228  1017 2297.35365   19  250 2378.62465 2173.77062  8.61%  35.1 1201s
  1229  1018 2268.81359  302  253 2378.62465 2173.77243  8.61%  35.1 1223s
  1230  1018 2329.46442   25  252 2378.62465 2173.85010  8.61%  35.1 1249s
  1231  1019 2212.10794   74  248 2378.62465 2173.85529  8.61%  35.1 1272s
  1232  1020 2265.80561   13  251 2378.62465 2173.85988  8.61%  35.0 1293s
  1233  1020 2213.89377   14  247 2378.62465 2173.96534  8.60%  35.0 1324s
  1234  1021 2266.79282   66  232 2378.62465 2173.96534  8.60%  35.0 1331s
  1235  1022 2267.61038   39  249 2378.62465 2173.96534  8.60%  34.9 1337s
  1236  1022 2267.04938   78  249 2378.62465 2173.96534  8.60%  34.9 1364s
  1237  1023 2318.56211   10  231 2378.62465 2174.23283  8.59%  34.9 1395s
  1238  1024 2319.89846   63  238 2378.62465 2174.23283  8.59%  34.9 1455s
  1239  1024 2212.60431   30  253 2378.62465 2174.48229  8.58%  34.8 1482s
  1240  1025 2214.99171   10  239 2378.62465 2174.48229  8.58%  34.8 1536s
  1241  1026 2268.70144  313  254 2378.62465 2174.48229  8.58%  34.8 1561s
  1242  1026 2214.87586   15  263 2378.62465 2174.82157  8.57%  34.7 1599s
  1243  1027 2268.38786  141  284 2378.62465 2174.82157  8.57%  34.7 1623s
  1244  1028 2268.99092  246  246 2378.62465 2174.82157  8.57%  34.7 1630s
  1245  1028 2214.55568   85  249 2378.62465 2174.82157  8.57%  34.7 1645s
  1246  1029 2215.41786   44  248 2378.62465 2174.82157  8.57%  34.6 1698s
  1247  1030 2214.46306   82  254 2378.62465 2174.82157  8.57%  34.6 1741s
  1248  1030 2268.84271  282  249 2378.62465 2174.82157  8.57%  34.6 1767s
  1249  1031 2269.01949  205  255 2378.62465 2174.82157  8.57%  34.5 1821s
  1250  1032 2214.55568   85  251 2378.62465 2174.82157  8.57%  34.5 1842s
  1251  1032 2268.29350  207  251 2378.62465 2174.82157  8.57%  34.5 1904s
  1252  1033 2215.37841  107  238 2378.62465 2174.82157  8.57%  34.5 1953s
  1253  1034 2265.79185  185  238 2378.62465 2174.82157  8.57%  34.4 1978s
  1254  1034 2213.78519   12  238 2378.62465 2174.82157  8.57%  34.4 2037s
  1255  1036 2268.00678   57  229 2378.62465 2174.82157  8.57%  49.7 2179s
  1257  1037 2215.53231  136  115 2378.62465 2174.82157  8.57%  49.6 2228s
  1258  1038 2211.88289   24  127 2378.62465 2174.82157  8.57%  49.5 2246s
  1259  1039 2353.92833   67  106 2378.62465 2174.82157  8.57%  49.5 2257s
  1260  1039 2266.68883   51  105 2378.62465 2174.82157  8.57%  49.5 2270s
  1261  1040 2212.15129   81  215 2378.62465 2174.82157  8.57%  49.4 2284s
  1262  1041 2214.92469   99  209 2378.62465 2174.82157  8.57%  49.4 2295s
  1263  1041 2216.31362  171  226 2378.62465 2174.82157  8.57%  49.3 2303s
  1264  1042 2269.61153  273  218 2378.62465 2174.82157  8.57%  49.3 2308s
  1265  1043 2267.29836   49  220 2378.62465 2174.82157  8.57%  49.3 2312s
  1266  1043 2264.06557  135  230 2378.62465 2174.82157  8.57%  49.2 2317s
  1267  1044 2217.72347  185  232 2378.62465 2174.82157  8.57%  49.2 2322s
  1268  1045 2212.74581   15  245 2378.62465 2174.82157  8.57%  49.2 2325s
  1269  1045 2213.90690   70  248 2378.62465 2174.82157  8.57%  49.1 2335s
  1270  1046 2263.68875  114  254 2378.62465 2174.82157  8.57%  49.1 2356s
  1271  1047 2215.81905   28  248 2378.62465 2174.82157  8.57%  49.0 2360s
  1272  1047 2269.61153  273  251 2378.62465 2174.82157  8.57%  49.0 2371s
  1273  1048 2216.31362  171  243 2378.62465 2174.82157  8.57%  49.0 2392s
  1274  1049 2269.97186  283  247 2378.62465 2174.82157  8.57%  48.9 2404s
  1275  1049 2213.69412   49  249 2378.62465 2174.82157  8.57%  48.9 2424s
  1276  1050 2266.76529   56  250 2378.62465 2174.82157  8.57%  48.8 2454s
  1277  1051 2268.49685  142  249 2378.62465 2174.99136  8.56%  48.8 2476s
  1278  1051 2213.87758   76  250 2378.62465 2174.99136  8.56%  48.8 2489s
  1279  1052 2265.84612  191  264 2378.62465 2174.99136  8.56%  48.7 2509s
  1280  1053 2215.06790   21  261 2378.62465 2174.99136  8.56%  48.7 2514s
  1281  1053 2213.78238   14  264 2378.62465 2174.99136  8.56%  48.7 2521s
  1282  1054 2267.77207   73  260 2378.62465 2174.99136  8.56%  48.6 2538s
  1283  1055 2266.73633   65  260 2378.62465 2174.99136  8.56%  48.6 2557s
  1284  1055 2214.60106   13  263 2378.62465 2174.99136  8.56%  48.5 2572s
  1285  1056 2318.78686   13  262 2378.62465 2174.99136  8.56%  48.5 2587s
  1286  1057 2215.05821   12  264 2378.62465 2174.99136  8.56%  48.5 2597s
  1287  1057 2268.93817  102  260 2378.62465 2174.99136  8.56%  48.4 2613s
  1288  1058 2212.24851   13  262 2378.62465 2174.99136  8.56%  48.4 2631s
  1290  1059 2268.97263  233  265 2378.62465 2174.99136  8.56%  48.3 2642s
  1291  1060 2218.56542   79  274 2378.62465 2174.99136  8.56%  48.3 2654s
  1292  1061 2212.32315    8  279 2378.62465 2174.99136  8.56%  48.2 2677s
  1293  1061 2267.59749   82  262 2378.62465 2175.48423  8.54%  48.2 2694s
  1294  1062 2201.95071   12  271 2378.62465 2175.48423  8.54%  48.2 2715s
  1295  1063 2216.11557   73  269 2378.62465 2175.48423  8.54%  48.1 2734s
  1296  1063 2217.84804  186  269 2378.62465 2175.48423  8.54%  48.1 2900s
  1297  1064 2211.86059   37  269 2378.62465 2175.48423  8.54%  48.1 2919s
  1298  1068 2176.36197   27  318 2378.62465 2176.36197  8.50%  59.3 2977s
  1300  1071 2176.44375   28  350 2378.62465 2176.36308  8.50%  60.6 2995s
  1304  1074 2176.95439   29  390 2378.62465 2176.44221  8.50%  62.2 3013s
  1308  1080 2215.11704   30  104 2378.62465 2176.95505  8.48%  65.2 3034s
  1316  1092 2215.15645   31   95 2378.62465 2176.95505  8.48%  66.5 3058s
  1330  1099 2215.15645   32   94 2378.62465 2176.95505  8.48%  68.5 3081s
  1344  1105 2215.42822   34   92 2378.62465 2176.95505  8.48%  71.7 3097s
  1355  1112 2215.42822   35   88 2378.62465 2176.95505  8.48%  71.8 3106s
  1365  1116 2216.30068   36  189 2378.62465 2176.95505  8.48%  72.7 3114s
  1373  1126 2216.04209   36  101 2378.62465 2176.95505  8.48%  72.9 3130s
  1385  1128 2218.30690   38  150 2378.62465 2176.95505  8.48%  74.5 3141s
  1391  1134 2223.09171   38   63 2378.62465 2176.95505  8.48%  76.1 3148s
  1399  1136 2275.33596   39   86 2378.62465 2176.95505  8.48%  76.8 3152s
  1404  1138 2223.41824   40   63 2378.62465 2176.95505  8.48%  76.8 3161s
  1411  1142 2223.83187   41   65 2378.62465 2176.95505  8.48%  79.1 3173s
  1422  1143 2278.45965   43   51 2378.62465 2176.95505  8.48%  81.2 3182s
  1430  1146 2225.78090   44   29 2378.62465 2176.95505  8.48%  82.4 3193s
  1437  1148 2225.78090   45   29 2378.62465 2176.95505  8.48%  83.0 3215s
  1445  1150 2276.63127   46  114 2378.62465 2177.15098  8.47%  86.3 3237s
  1463  1148 2226.00734   47   96 2378.62465 2177.15098  8.47%  86.7 3253s
  1477  1149 2267.63620   48  319 2378.62465 2177.15098  8.47%  89.6 3274s
  1491  1149     cutoff   48      2378.62465 2177.15098  8.47%  91.7 3294s
  1498  1155 2276.42543   49   78 2378.62465 2177.15098  8.47%  97.0 3322s
  1506  1160 2276.44996   50   78 2378.62465 2177.15098  8.47%   100 3349s
  1515  1165 2314.01056   51   60 2378.62465 2177.15098  8.47%   102 3365s
  1525  1163 2315.57826   52   68 2378.62465 2177.15098  8.47%   105 3384s
  1543  1162     cutoff   54      2378.62465 2177.15098  8.47%   106 3401s
  1560  1161 2353.50667   37   45 2378.62465 2177.62637  8.45%   107 3445s
  1583  1165 2178.80047   31  304 2378.62465 2178.80047  8.40%   112 3479s
  1594  1175 2222.54388   32  137 2378.62465 2178.80750  8.40%   114 3506s
  1610  1177 2222.60121   33  144 2378.62465 2178.80750  8.40%   117 3544s
  1633  1171 2275.13608   34  178 2378.62465 2178.80750  8.40%   122 3552s
  1639  1173 2226.61347   35  199 2378.62465 2178.80750  8.40%   124 3570s
  1643  1177 2275.08229   33  177 2378.62465 2178.80750  8.40%   127 3595s
  1660  1180 2229.80307   36  165 2378.62465 2182.87201  8.23%   129 3625s
  1697  1200 2248.87044   39  127 2378.62465 2182.87201  8.23%   129 3653s
  1733  1209 2271.33303   46   89 2378.62465 2212.84103  6.97%   130 3679s
  1767  1206 2271.73863   47   88 2378.62465 2212.84103  6.97%   133 3716s
  1818  1206 2266.36604   31  126 2378.62465 2213.26777  6.95%   133 3734s
  1837  1216 2267.29264   35  123 2378.62465 2213.26777  6.95%   136 3759s
  1882  1210 infeasible   40      2378.62465 2213.26777  6.95%   138 3790s
  1930  1209 2334.27724   44  238 2378.62465 2213.26777  6.95%   138 3821s
  1965  1220 2340.37102   55  161 2378.62465 2213.26777  6.95%   140 3851s
  1998  1227 2377.23638   65   34 2378.62465 2213.26777  6.95%   141 3899s
  2032  1240 infeasible   66      2378.62465 2214.60965  6.90%   143 3936s
  2072  1256 2244.60033   38  127 2378.62465 2214.86084  6.88%   148 3979s
  2110  1265 2272.79262   39   98 2378.62465 2214.86084  6.88%   155 4023s
  2154  1252 infeasible   42      2378.62465 2214.86084  6.88%   157 4069s
  2181  1243 2215.54142   37  128 2378.62465 2214.86084  6.88%   156 4070s
  2229  1257 2375.79945   40   94 2378.62465 2214.86084  6.88%   160 4121s
  2326  1233 2328.64435   40  140 2378.62465 2215.36656  6.86%   159 4181s
  2416  1213 2265.34810   33  134 2378.62465 2215.64045  6.85%   160 4222s
  2442  1211 2296.36402   37  138 2378.62465 2215.64045  6.85%   165 4283s
  2498  1218 2360.87572   40   88 2378.62465 2215.70350  6.85%   169 4358s
  2595  1203 2292.81180   35  217 2378.62465 2215.89144  6.84%   170 4412s
  2676  1212 infeasible   45      2378.62465 2216.09599  6.83%   172 4461s
  2782  1188 2316.07612   39   78 2378.62465 2216.15340  6.83%   174 4485s
  2837  1183 infeasible   39      2378.62465 2216.15340  6.83%   176 4513s
  2904  1181 2267.59114   40  176 2378.62465 2216.44589  6.82%   181 4545s
  2986  1174 infeasible   38      2378.62465 2216.49511  6.82%   184 4576s
  3086  1156 2299.73818   39   97 2378.62465 2216.57063  6.81%   184 4604s
  3188  1141 2329.69226   37  144 2378.62465 2216.73182  6.81%   188 4636s
  3264  1157 2222.98217   40  105 2378.62465 2216.81472  6.80%   190 4667s
  3418  1139 infeasible   39      2378.62465 2217.07340  6.79%   193 4704s
  3553  1140 infeasible   36      2378.62465 2217.11006  6.79%   194 4751s
  3704  1099 2372.89178   44   88 2378.62465 2217.31704  6.78%   196 4785s
  3778  1110 2232.12979   41  208 2378.62465 2217.47120  6.78%   198 4814s
  3942  1073 2294.82786   41  145 2378.62465 2217.47120  6.78%   197 4839s
  4045  1066 2266.84059   36  158 2378.62465 2217.47120  6.78%   197 4883s
  4205  1040 2330.44480   37  226 2378.62465 2218.18968  6.74%   200 4933s
  4339  1047 2322.88568   40  145 2378.62465 2218.54678  6.73%   204 4986s
  4569  1052 2324.08836   54   36 2378.62465 2219.36737  6.70%   204 5051s
  4803  1080 2333.47620   35  131 2378.62465 2221.36984  6.61%   205 5105s
  4915  1116 2232.30294   38  137 2378.62465 2222.21815  6.58%   205 5152s
  5016  1205 2277.17343   35  166 2378.62465 2222.21815  6.58%   205 5243s
  5263  1273 2333.31673   51   31 2378.62465 2225.76265  6.43%   203 5327s
  5489  1339 2275.47730   42  123 2378.62465 2226.11755  6.41%   205 5398s
  5682  1444 2238.54641   36  180 2378.62465 2226.45642  6.40%   206 5456s
  5896  1505 2329.57355   43   71 2378.62465 2227.07466  6.37%   208 5501s
  6037  1575 2309.36876   41   52 2378.62465 2227.77820  6.34%   209 5553s
  6318  1604 infeasible   37      2378.62465 2228.19798  6.32%   210 5603s
  6470  1655 2269.81483   34  208 2378.62465 2228.55344  6.31%   210 5680s
  6812  1685 2323.03935   41  112 2378.62465 2231.72583  6.18%   209 5801s
  7096  1748 2341.30182   41  115 2378.62465 2238.09732  5.91%   210 5950s
  7378  1813 infeasible   45      2378.62465 2239.55624  5.85%   209 6159s
  7802  1873 2355.96142   54   91 2378.62465 2242.49449  5.72%   207 6361s
  8224  1929     cutoff   37      2378.62465 2244.96913  5.62%   205 6524s
  8393  1929 2297.16655   38  158 2378.62465 2245.29160  5.61%   205 6525s
  8636  1997 2377.28168   48   54 2378.62465 2247.52520  5.51%   206 6755s
  9252  2066 2338.47221   45   60 2378.62465 2259.90042  4.99%   202 6987s
  9549  2066 2321.52545   38  162 2378.62465 2263.23679  4.85%   203 6990s
  9609  2089 2307.98454   40   88 2378.62465 2263.23679  4.85%   202 7187s
  9688  2129 2326.74241   68  140 2378.62465 2263.26005  4.85%   203 7439s
  9890  2178 2310.02748   42   99 2378.62465 2263.98741  4.82%   203 7624s
 10101  2280 2266.73483   43  152 2378.62465 2264.92947  4.78%   203 7865s
 10575  2281 2323.58246   60  229 2378.62465 2265.82320  4.74%   203 8337s
 10577  2282 2344.22502   40  291 2378.62465 2265.82320  4.74%   203 8368s
 10578  2283 2352.83476   43  286 2378.62465 2265.82320  4.74%   203 8389s
 10579  2284 2334.55176   40  460 2378.62465 2265.82320  4.74%   203 8419s
 10580  2284 2298.61137   45  565 2378.62465 2265.82320  4.74%   203 8441s
 10581  2285 2329.42782   48  553 2378.62465 2265.82320  4.74%   203 8447s
 10582  2286 2337.88770   39  555 2378.62465 2265.82320  4.74%   203 8456s
 10583  2286 2331.97945   40  577 2378.62465 2265.82320  4.74%   203 8463s
 10584  2287 2371.44344   43  580 2378.62465 2265.82320  4.74%   203 8469s
 10585  2288 2277.03549   50  582 2378.62465 2265.82320  4.74%   203 8475s
 10587  2289 2361.00472   36  584 2378.62465 2265.82320  4.74%   203 8481s
 10588  2290 2273.15427   43  590 2378.62465 2265.82320  4.74%   203 8485s
 10590  2291 2322.36033   40  593 2378.62465 2265.82320  4.74%   203 8499s
 10591  2292 2268.34900   42  584 2378.62465 2265.82320  4.74%   203 8519s
 10592  2292 2369.18661   45  594 2378.62465 2265.82320  4.74%   202 8522s
 10593  2293 2312.13909   48  604 2378.62465 2265.82320  4.74%   202 8533s
 10594  2294 2366.78798   43  594 2378.62465 2265.82320  4.74%   202 8547s
 10595  2294 2272.00804   37  601 2378.62465 2265.82320  4.74%   202 8551s
 10596  2295 2291.61451   41  597 2378.62465 2265.82320  4.74%   202 8560s
 10597  2296 2272.84302   34  601 2378.62465 2265.82320  4.74%   202 8575s
 10598  2296 2277.60214   54  609 2378.62465 2265.82320  4.74%   202 8581s
 10599  2297 2266.57273   43  612 2378.62465 2265.82320  4.74%   202 8586s
 10600  2298 2287.78203   40  618 2378.62465 2265.82320  4.74%   202 8609s
 10601  2298 2340.59985   41  619 2378.62465 2265.82320  4.74%   202 8629s
 10602  2299 2331.25502   41  618 2378.62465 2265.82320  4.74%   202 8692s
 10603  2300 2300.05232   44  621 2378.62465 2265.82320  4.74%   202 8713s
 10604  2300 2352.83476   43  623 2378.62465 2265.82320  4.74%   202 8751s
 10605  2301 2323.07867   44  615 2378.62465 2265.82320  4.74%   202 8779s
 10606  2302 2321.84313   43  618 2378.62465 2265.82320  4.74%   202 8801s
 10607  2302 2323.96946   39  617 2378.62465 2265.82320  4.74%   202 8818s
 10608  2303 2302.93224   49  617 2378.62465 2265.82320  4.74%   202 8844s
 10609  2304 2337.76919   43  618 2378.62465 2265.82320  4.74%   202 8860s
 10610  2304 2319.47354   35  618 2378.62465 2265.82320  4.74%   202 8883s
 10611  2305 2315.68075   43  613 2378.62465 2265.82320  4.74%   202 8902s
 10612  2306 2322.86698   37  613 2378.62465 2265.82320  4.74%   202 8913s
 10613  2306 2270.60847   46  613 2378.62465 2265.82320  4.74%   202 8930s
 10614  2310 2265.82320   36  409 2378.62465 2265.82320  4.74%   204 8948s
 10616  2313 2265.82320   37  409 2378.62465 2265.82320  4.74%   204 8961s
 10620  2316 2265.82320   38  376 2378.62465 2265.82320  4.74%   204 8979s
 10624  2328 2265.82320   39  377 2378.62465 2265.82320  4.74%   204 8988s
 10638  2331 2265.82320   40  433 2378.62465 2265.82320  4.74%   205 9000s
 10648  2333 2265.82320   41  332 2378.62465 2265.82320  4.74%   205 9010s
 10658  2337 2265.82320   41  339 2378.62465 2265.82320  4.74%   205 9018s
 10669  2338 2265.82320   42  308 2378.62465 2265.82320  4.74%   205 9026s
 10676  2338 2292.12448   42  473 2378.62465 2265.82320  4.74%   205 9034s
 10684  2341 2265.82320   43  326 2378.62465 2265.82320  4.74%   205 9041s
 10690  2347 2265.82320   44  429 2378.62465 2265.82320  4.74%   205 9047s
 10698  2352 2265.82320   45  417 2378.62465 2265.82320  4.74%   205 9052s
 10706  2353 2293.33402   46  500 2378.62465 2265.82320  4.74%   206 9091s
 10712  2355 2293.35466   46  315 2378.62465 2265.82320  4.74%   206 9097s
 10720  2362 infeasible   47      2378.62465 2265.82320  4.74%   206 9104s
 10736  2356 2337.90523   49  327 2378.62465 2265.82320  4.74%   206 9114s
 10745  2361 2319.81020   50  319 2378.62465 2265.82320  4.74%   206 9126s
 10763  2357 2320.41945   51  335 2378.62465 2265.82320  4.74%   206 9167s
 10774  2361 2320.77491   52  365 2378.62465 2265.82320  4.74%   207 9176s
 10786  2364 2329.33856   55  204 2378.62465 2265.82320  4.74%   207 9183s
 10799  2361 infeasible   57      2378.62465 2265.82320  4.74%   207 9190s
 10805  2367 2265.82320   42  297 2378.62465 2265.82320  4.74%   207 9201s
 10814  2371 2265.82320   44  284 2378.62465 2265.82320  4.74%   207 9206s
 10822  2372 2265.82320   45  400 2378.62465 2265.82320  4.74%   207 9213s
 10826  2375 2265.82320   45  383 2378.62465 2265.82320  4.74%   207 9221s
 10833  2376 2265.82320   46  508 2378.62465 2265.82320  4.74%   207 9231s
 10844  2377 2265.82320   46  332 2378.62465 2265.82320  4.74%   207 9241s
 10857  2381 2265.82320   47  372 2378.62465 2265.82320  4.74%   207 9252s
 10875  2391 2265.82320   47  370 2378.62465 2265.82320  4.74%   207 9266s
 10901  2398 2296.32998   50  399 2378.62465 2265.82320  4.74%   207 9279s
 10931  2391 2345.68189   53  270 2378.62465 2265.82320  4.74%   207 9286s
 10944  2397 infeasible   54      2378.62465 2265.82320  4.74%   207 9300s
 10968  2401 2273.33094   44  364 2378.62465 2265.82320  4.74%   207 9329s
 10991  2406 2291.50429   49  373 2378.62465 2265.82320  4.74%   207 9343s
 11007  2416 2273.43596   50  348 2378.62465 2265.82320  4.74%   207 9357s
 11027  2424 2274.67821   52  322 2378.62465 2265.82320  4.74%   207 9374s
 11048  2430 infeasible   57      2378.62465 2265.82320  4.74%   207 9393s
 11086  2423 infeasible   59      2378.62465 2265.82320  4.74%   207 9404s
 11102  2427 2347.55958   61   35 2378.62465 2265.82320  4.74%   208 9418s
 11133  2421 infeasible   70      2378.62465 2265.82320  4.74%   208 9432s
 11150  2423 infeasible   44      2378.62465 2265.82320  4.74%   208 9460s
 11174  2424 2295.20033   50  373 2378.62465 2265.82320  4.74%   208 9483s
 11210  2419 2265.82320   41  291 2378.62465 2265.82320  4.74%   209 9503s
 11231  2438 2311.56861   44  156 2378.62465 2265.82320  4.74%   209 9531s
 11276  2437 2322.52363   60   24 2378.62465 2265.82320  4.74%   209 9545s
 11297  2450 infeasible   67      2378.62465 2265.82320  4.74%   209 9570s
 11333  2448 2324.74738   85  138 2378.62465 2265.82320  4.74%   209 9590s
 11364  2451 2265.82320   50  320 2378.62465 2265.82320  4.74%   209 9603s
 11380  2454 2300.15883   52  315 2378.62465 2265.82320  4.74%   209 9633s
 11410  2468 2265.82320   48  359 2378.62465 2265.82320  4.74%   210 9655s
 11449  2470 2265.82320   56  312 2378.62465 2265.82320  4.74%   210 9671s
 11503  2459 infeasible   62      2378.62465 2265.82320  4.74%   210 9703s
 11560  2452 2279.64874   58  332 2378.62465 2265.82320  4.74%   210 9734s
 11605  2458 2297.15974   57  445 2378.62465 2265.82320  4.74%   210 9766s
 11642  2480 infeasible   63      2378.62465 2265.82320  4.74%   211 9803s
 11702  2477 infeasible   52      2378.62465 2265.82320  4.74%   211 9838s
 11753  2474 2361.72422   54  288 2378.62465 2265.82320  4.74%   211 9884s
 11809  2478 2265.82320   55  415 2378.62465 2265.82320  4.74%   212 9920s
 11860  2491 infeasible   65      2378.62465 2265.82320  4.74%   212 9970s
 11912  2501 infeasible   47      2378.62465 2265.82320  4.74%   213 10032s
 11986  2480 infeasible   53      2378.62465 2265.82320  4.74%   213 10079s
 11993  2495 2332.28485   53  311 2378.62465 2265.82320  4.74%   213 10118s
 12027  2542 2322.43054   49  188 2378.62465 2265.82320  4.74%   213 10161s
 12127  2523 2274.77816   46  318 2378.62465 2265.82320  4.74%   212 10228s
 12191  2544 2265.82320   49  345 2378.62465 2265.82320  4.74%   213 10281s
 12274  2550 infeasible   45      2378.62465 2265.82320  4.74%   213 10328s
 12383  2555 2337.74949   63  184 2378.62465 2265.82320  4.74%   213 10395s
 12512  2514 infeasible   52      2378.62465 2265.82320  4.74%   212 10422s
 12517  2525     cutoff   53      2378.62465 2265.82320  4.74%   212 10473s
 12547  2518 2327.35034   55  211 2378.62465 2265.82320  4.74%   212 10531s
 12588  2520 2305.81083   50  246 2378.62465 2265.82320  4.74%   213 10619s
 12633  2526 2290.36395   50  349 2378.62465 2265.82320  4.74%   213 10714s
 12708  2544 2281.98767   45  160 2378.62465 2265.82320  4.74%   213 10810s
 12820  2555 2332.69434   60  228 2378.62465 2265.82320  4.74%   213 10980s
 13004  2518 infeasible   62      2378.62465 2265.82320  4.74%   212 11111s
 13160  2491 infeasible   62      2378.62465 2265.82320  4.74%   212 11219s
 13193  2480 2285.68134   60  261 2378.62465 2265.82320  4.74%   212 11220s
 13309  2483 2278.76754   51  356 2378.62465 2265.82320  4.74%   213 11325s
 13519  2426 2295.45952   49  319 2378.62465 2265.82320  4.74%   212 11409s
 13548  2416 2276.50790   48  370 2378.62465 2265.82320  4.74%   213 11410s
 13723  2385 infeasible   49      2378.62465 2265.82320  4.74%   213 11513s
 13895  2367 2358.38740   53  428 2378.62465 2265.82320  4.74%   212 11611s
 14002  2389 2320.87504   53  287 2378.62465 2265.82320  4.74%   213 11733s
 14158  2380 infeasible   52      2378.62465 2265.82320  4.74%   212 11891s
 14297  2405 2266.37256   46  402 2378.62465 2265.82320  4.74%   212 12024s
 14504  2384 infeasible   49      2378.62465 2265.82320  4.74%   212 12135s
 14718  2367 2321.01570   49  493 2378.62465 2265.82320  4.74%   213 12220s
 14853  2402 2269.63431   47  335 2378.62465 2265.82320  4.74%   213 12325s
 15114  2388 infeasible   55      2378.62465 2265.82320  4.74%   212 12427s
 15350  2424 2365.41844   56  348 2378.62465 2265.82320  4.74%   212 12580s
 15646  2413 2322.58655   68  434 2378.62465 2265.82320  4.74%   211 12726s
 15927  2407 2277.93143   62  557 2378.62465 2265.83061  4.74%   211 12850s
 16101  2385 infeasible   68      2378.62465 2265.87240  4.74%   212 12971s
 16248  2415 2316.80225   53  461 2378.62465 2265.91989  4.74%   214 13096s
 16471  2457 2267.91007   52  422 2378.62465 2266.08919  4.73%   214 13232s
 16754  2435 2319.87513   48  487 2378.62465 2266.18820  4.73%   214 13400s
 17025  2410 infeasible   63      2378.62465 2266.50800  4.71%   215 13586s
 17300  2453 2333.82783   60  287 2378.62465 2266.72111  4.70%   216 13800s

Cutting planes:
  Learned: 3
  Gomory: 4
  Lift-and-project: 1
  Cover: 144
  Implied bound: 135
  Projected implied bound: 2
  Clique: 9
  MIR: 175
  Mixing: 1
  StrongCG: 38
  Flow cover: 317
  GUB cover: 52
  Inf proof: 2
  Zero half: 1
  RLT: 75
  Relax-and-lift: 44
  BQP: 2

Explored 17656 nodes (3822250 simplex iterations) in 13802.41 seconds (601.18 work units)
Thread count was 4 (of 46 available processors)

Solution count 6: 2378.62 2395.9 2395.9 ... 3894.79

Time limit reached
Best objective 2.378624651019e+03, best bound 2.266795139019e+03, gap 4.7014%

Solve summary
-------------
Status code:       9
Objective:         2378.6246510193046
Objective bound:   2266.7951390194303
MIP gap:           0.047014358466331514
Has cycle:         False
Is acyclic:        True
Packages selected: 4 active packages

Packages
--------
   I1 | inactive_singleton | S=  0, C=  0, x=  0 | tasks=[1]
   A1 | active             | S=  0, C=  4, x=  4 | tasks=[2]
   I3 | inactive_singleton | S=  4, C=  8, x=  5 | tasks=[3]
  I28 | inactive_singleton | S=  8, C=  9, x=  2 | tasks=[28]
   A2 | active             | S=  8, C= 24, x= 53 | tasks=[4, 5, 6, 10, 23, 29, 40, 41]
  I39 | inactive_singleton | S= 24, C= 25, x=  2 | tasks=[39]
   I7 | inactive_singleton | S= 24, C= 31, x= 10 | tasks=[7]
  I18 | inactive_singleton | S= 31, C= 37, x=  9 | tasks=[18]
   A3 | active             | S= 31, C= 60, x= 95 | tasks=[8, 9, 11, 12, 13, 16, 35, 36, 37, 38]
  I34 | inactive_singleton | S= 37, C= 46, x= 17 | tasks=[34]
  I14 | inactive_singleton | S= 60, C= 68, x= 11 | tasks=[14]
   A4 | active             | S= 68, C=116, x= 94 | tasks=[15, 17, 19, 20, 21, 22, 24, 25, 27, 30, 31, 32, 33]
  I26 | inactive_singleton | S=116, C=118, x=  2 | tasks=[26]
  I42 | inactive_singleton | S=118, C=118, x=  0 | tasks=[42]

Solution JSON saved to: /home/23037696r/Documents/research/or_benchmark/wp/results/inactive_0.2/j40/j400402_2.json
Finish time     : 2026-08-12T10:03:19+08:00
