Slurm job ID    : 1951
Array task ID   : 43
Host            : 23037696r-i7809a0b3cd
Start time      : 2026-08-12T13:52:59+08:00
Instance        : /home/23037696r/Documents/research/or_benchmark/wp/instances/inactive_0.2/j40/j400502_3.sm
Output JSON     : /home/23037696r/Documents/research/or_benchmark/wp/results/inactive_0.2/j40/j400502_3.json
Gurobi log      : /home/23037696r/Documents/research/or_benchmark/wp/results/inactive_0.2/j40/logs/gurobi/j400502_3.log
Allocated CPUs  : 4
Running with command-line arguments
-----------------------------------
Instance file: /home/23037696r/Documents/research/or_benchmark/wp/instances/inactive_0.2/j40/j400502_3.sm
Instance summary
----------------
Tasks:          42
Active tasks:   32
Inactive tasks: 10
Arcs:           77
Total duration: 258
Total work:     359
Active work:    273
Delta (singleton critical-path makespan): 137
Chosen deadline: 151
Feasible by singleton schedule: yes
Deadline rule: automatic: d = ceil(1.1 * Delta) = 151
Set parameter Username
Set parameter LicenseID to value 2851961
Academic license - for non-commercial use only - expires 2027-08-07
Set parameter MIPGap to value 1e-06
Set parameter TimeLimit to value 13800
Set parameter Threads to value 4
Set parameter LogFile to value "/home/23037696r/Documents/research/or_benchmark/wp/results/inactive_0.2/j40/logs/gurobi/j400502_3.log"
Set parameter NumericFocus to value 1
Gurobi Optimizer version 13.0.2 build v13.0.2rc1 (linux64 - "Ubuntu 22.04.3 LTS")

CPU model: Intel Xeon Processor (Cascadelake), instruction set [SSE2|AVX|AVX2|AVX512]
Thread count: 46 physical cores, 46 logical processors, using up to 4 threads

Non-default parameters:
TimeLimit  13800
MIPGap  1e-06
NumericFocus  1
Threads  4

Optimize a model with 73674 rows, 22994 columns and 253710 nonzeros (Min)
Model fingerprint: 0x20c5ad86
Model has 14808 linear objective coefficients and an objective constant of 8.5645866783532449e+02
Variable types: 4864 continuous, 18130 integer (17930 binary)
Coefficient statistics:
  Matrix range     [1e+00, 3e+02]
  Objective range  [1e-02, 1e+03]
  Bounds range     [1e+00, 3e+02]
  RHS range        [1e+00, 3e+02]

Presolve removed 34894 rows and 4965 columns (presolve time = 6s)...
Presolve removed 36114 rows and 5326 columns (presolve time = 12s)...
Presolve removed 36281 rows and 5493 columns (presolve time = 16s)...
Presolve removed 37287 rows and 6713 columns (presolve time = 21s)...
Presolve removed 37288 rows and 6714 columns (presolve time = 25s)...
Presolve removed 37288 rows and 6714 columns (presolve time = 31s)...
Presolve removed 37289 rows and 6714 columns (presolve time = 35s)...
Presolve removed 46865 rows and 7252 columns (presolve time = 40s)...
Presolve removed 46865 rows and 7252 columns (presolve time = 45s)...
Presolve removed 46903 rows and 7253 columns (presolve time = 50s)...
Presolve removed 46903 rows and 7253 columns (presolve time = 55s)...
Presolve removed 46903 rows and 7253 columns (presolve time = 61s)...
Presolve removed 46903 rows and 7253 columns (presolve time = 65s)...
Presolve removed 46903 rows and 7253 columns (presolve time = 70s)...
Presolve removed 46903 rows and 7253 columns (presolve time = 75s)...
Presolve removed 46903 rows and 10208 columns (presolve time = 82s)...
Presolve removed 47145 rows and 10250 columns (presolve time = 85s)...
Presolve removed 49370 rows and 12064 columns (presolve time = 91s)...
Presolve removed 49977 rows and 12090 columns (presolve time = 96s)...
Presolve removed 50552 rows and 12096 columns (presolve time = 101s)...
Presolve removed 50607 rows and 12099 columns (presolve time = 105s)...
Presolve removed 50672 rows and 12116 columns (presolve time = 111s)...
Presolve removed 50672 rows and 12116 columns (presolve time = 116s)...
Presolve removed 50674 rows and 12116 columns (presolve time = 121s)...
Presolve removed 50674 rows and 12116 columns (presolve time = 125s)...
Presolve removed 50674 rows and 12116 columns
Presolve time: 130.13s
Presolved: 23000 rows, 10878 columns, 147603 nonzeros
Variable types: 0 continuous, 10878 integer (7883 binary)
Found heuristic solution: objective 4265.2783571
Deterministic concurrent LP optimizer: primal and dual simplex
Showing primal log only...


Root simplex log...

Iteration    Objective       Primal Inf.    Dual Inf.      Time
       0    1.1748711e+03   2.792917e+02   3.204284e+08    142s
     681    2.3761947e+03   1.752971e+01   5.162286e+08    146s
     981    2.3950027e+03   9.713204e+00   4.613360e+08    151s
    1187    5.9621761e+05   0.000000e+00   5.609226e+04    157s
    4122    2.6784996e+03   0.000000e+00   2.241216e+04    161s
    4440    2.4732482e+03   0.000000e+00   1.828613e+01    166s
    4862    2.4730312e+03   0.000000e+00   4.378940e+00    171s
    5102    2.4729928e+03   0.000000e+00   3.607672e+00    176s
    5462    2.4729927e+03   0.000000e+00   9.590236e+00    181s
    5902    2.4729925e+03   0.000000e+00   1.993713e-01    187s
    5952    2.4729928e+03   0.000000e+00   0.000000e+00    188s
Concurrent spin time: 18.38s (can be avoided by choosing Method=3)

Solved with primal simplex

Root relaxation: objective 2.472993e+03, 5952 iterations, 70.87 seconds (1.37 work units)

    Nodes    |    Current Node    |     Objective Bounds      |     Work
 Expl Unexpl |  Obj  Depth IntInf | Incumbent    BestBd   Gap | It/Node Time

     0     0 2472.99276    0   72 4265.27836 2472.99276  42.0%     -  214s
     0     0 2475.13410    0   80 4265.27836 2475.13410  42.0%     -  220s
H    0     0                    4264.8363846 2475.13410  42.0%     -  225s
H    0     0                    4259.7956026 2475.13410  41.9%     -  246s
     0     0 2522.95977    0  117 4259.79560 2522.95977  40.8%     -  319s
     0     0 2526.32575    0  113 4259.79560 2526.32575  40.7%     -  330s
H    0     0                    4259.4983647 2526.32575  40.7%     -  377s
     0     0 2526.38388    0  110 4259.49836 2526.38388  40.7%     -  382s
H    0     0                    4258.3507331 2526.38388  40.7%     -  401s
H    0     0                    4258.0296901 2526.38388  40.7%     -  401s
H    0     0                    4211.6617816 2526.38388  40.0%     -  401s
H    0     0                    4211.4165113 2526.55162  40.0%     -  445s
     0     0 2527.10949    0  143 4211.41651 2527.10949  40.0%     -  447s
     0     0 2527.12375    0  138 4211.41651 2527.12375  40.0%     -  461s
     0     0 2527.12838    0  140 4211.41651 2527.12838  40.0%     -  465s
     0     0 2527.29214    0  228 4211.41651 2527.29214  40.0%     -  513s
H    0     0                    2894.7143258 2527.29261  12.7%     -  522s
     0     0 2527.30687    0  242 2894.71433 2527.30687  12.7%     -  530s
     0     0 2527.30751    0  244 2894.71433 2527.30751  12.7%     -  534s
     0     0 2527.53907    0  186 2894.71433 2527.53907  12.7%     -  572s
     0     0 2527.54264    0  195 2894.71433 2527.54264  12.7%     -  587s
     0     0 2527.56093    0  243 2894.71433 2527.56093  12.7%     -  605s
     0     0 2527.57507    0  243 2894.71433 2527.57507  12.7%     -  617s
     0     0 2527.57630    0  246 2894.71433 2527.57630  12.7%     -  621s
     0     0 2527.60613    0  170 2894.71433 2527.60613  12.7%     -  639s
H    0     0                    2894.4253313 2527.61514  12.7%     -  643s
H    0     0                    2894.3289517 2527.61514  12.7%     -  643s
H    0     0                    2894.0077811 2527.61514  12.7%     -  643s
     0     0 2527.68091    0  182 2894.00778 2527.68091  12.7%     -  652s
     0     0 2527.68092    0  172 2894.00778 2527.68092  12.7%     -  654s
     0     0 2527.68315    0  174 2894.00778 2527.68315  12.7%     -  659s
     0     0 2527.68618    0  165 2894.00778 2527.68618  12.7%     -  670s
     0     0 2527.68623    0  176 2894.00778 2527.68623  12.7%     -  679s
     0     0 2527.69492    0  179 2894.00778 2527.69492  12.7%     -  684s
     0     0 2527.70876    0  235 2894.00778 2527.70876  12.7%     -  696s
     0     0 2527.75483    0  183 2894.00778 2527.75483  12.7%     -  703s
     0     0 2527.75483    0  176 2894.00778 2527.75483  12.7%     -  710s
     0     0 2527.75483    0  176 2894.00778 2527.75483  12.7%     -  714s
     0     0 2527.75483    0  165 2894.00778 2527.75483  12.7%     -  720s
     0     2 2529.42609    0  165 2894.00778 2529.42609  12.6%     -  732s
     1     4 2529.42609    1  164 2894.00778 2529.42609  12.6%   3.0  748s
     3     6 2529.42609    2  163 2894.00778 2529.42609  12.6%   496  776s
     7    10 2529.42609    3  165 2894.00778 2529.42609  12.6%   625  796s
    11    14 2529.42609    4  168 2894.00778 2529.42609  12.6%   596  805s
H   17    14                    2834.2036818 2529.42609  10.8%   386  805s
    25    18 2529.42609    8  165 2834.20368 2529.42609  10.8%   401  818s
    31    25 2529.42609    9  222 2834.20368 2529.42609  10.8%   468  827s
    38    30 2529.42609   11  218 2834.20368 2529.42609  10.8%   430  832s
    43    37 2530.82785   12  186 2834.20368 2529.42609  10.8%   440  839s
    52    46 2530.83385   13  186 2834.20368 2529.42609  10.8%   372  852s
H   63    50                    2833.4525238 2529.42609  10.7%   375  856s
    67    59 2533.46155   14  341 2833.45252 2529.42609  10.7%   380  864s
    76    68 2533.46155   15  340 2833.45252 2529.42609  10.7%   356  870s
    85    81 2538.90558   16  127 2833.45252 2529.42609  10.7%   331  905s
    98    84 2581.10927   16  648 2833.45252 2529.42609  10.7%   413  925s
   103   104 2543.57538   17  128 2833.45252 2529.42609  10.7%   401  940s
   125   108 2544.56875   20  105 2833.45252 2529.42609  10.7%   345  946s
   129   120 2545.49338   21  218 2833.45252 2529.42609  10.7%   342  962s
   147   123 2544.56963   21  105 2833.45252 2529.42609  10.7%   321  969s
   152   138 2544.57270   22  101 2833.45252 2529.42609  10.7%   318  983s
   167   142 2544.57339   23  104 2833.45252 2529.42609  10.7%   303  998s
   171   155 2544.57742   24   99 2833.45252 2529.42609  10.7%   307 1004s
   186   165 2545.06025   25  225 2833.45252 2529.42609  10.7%   292 1009s
   196   186 2544.57781   25   99 2833.45252 2529.42609  10.7%   280 1019s
   225   212 2544.58833   28   96 2833.45252 2529.42609  10.7%   250 1032s
   261   218 2544.94105   31   98 2833.45252 2529.42609  10.7%   220 1046s
   289   220 2546.98408   32  493 2833.45252 2529.42609  10.7%   208 1105s
   295   224 2575.83653   32  223 2833.45252 2529.42609  10.7%   216 1115s
   299   228 2595.82458   33  320 2833.45252 2529.42609  10.7%   228 1145s
   303   233 2547.16859   33   64 2833.45252 2529.42609  10.7%   230 1153s
   312   254 2569.08980   34   46 2833.45252 2529.42609  10.7%   230 1160s
   346   284 2549.26448   51   95 2833.45252 2529.42609  10.7%   212 1172s
   369   304 2550.73590   64  124 2833.45252 2529.42609  10.7%   203 1186s
   407   340 2551.99754   79   97 2833.45252 2529.42609  10.7%   185 1201s
   458   385 2609.50135   97  115 2833.45252 2529.42609  10.7%   167 1221s
   524   414 2534.06681    7  322 2833.45252 2529.42609  10.7%   157 1234s
   559   455 2536.53271    8  139 2833.45252 2529.42609  10.7%   155 1252s
   600   489 2567.05992   10  185 2833.45252 2529.42609  10.7%   148 1268s
   648   510 2536.82049   11  316 2833.45252 2529.42609  10.7%   144 1286s
   681   558 2589.65688   13  337 2833.45252 2529.42609  10.7%   143 1303s
   741   603 2642.38952   14  197 2833.45252 2529.42609  10.7%   137 1328s
   808   667 2596.35326   18  155 2833.45252 2529.42609  10.7%   131 1355s
   899   669 2624.17344   24   85 2833.45252 2529.42609  10.7%   122 1360s
   905   684 2624.18337   25   85 2833.45252 2529.42609  10.7%   121 1372s
   922   703 infeasible   37      2833.45252 2529.42609  10.7%   120 1392s
   950   748 2624.51008   58   63 2833.45252 2529.42609  10.7%   116 1409s
  1006   752 2625.60983  105  143 2833.45252 2529.42609  10.7%   111 1422s
  1013   751 infeasible  104      2833.45252 2529.42609  10.7%   112 1441s
  1034   757 2581.43528   12  173 2833.45252 2529.42609  10.7%   115 1450s
  1040   761 2582.91423   15  128 2833.45252 2529.42609  10.7%   116 1461s
  1046   769 2582.93177   16  127 2833.45252 2529.42609  10.7%   116 1472s
  1056   774 2635.43342   20  186 2833.45252 2529.42609  10.7%   118 1487s
  1069   778 2535.91241   12  188 2833.45252 2529.42609  10.7%   120 1499s
  1073   778 2538.28495   13  236 2833.45252 2529.42609  10.7%   120 1506s
  1085   793 2590.09769   14  162 2833.45252 2529.42609  10.7%   122 1519s
  1112   816 2620.08800   25   97 2833.45252 2529.42609  10.7%   122 1538s
  1157   845 2624.97283   46  105 2833.45252 2529.42609  10.7%   121 1557s
  1193   912 2632.15312   68   95 2833.45252 2529.42609  10.7%   121 1573s
  1281   913 2625.38563  103  165 2833.45252 2529.42609  10.7%   115 1695s
  1283   914 2549.33229   58  127 2833.45252 2529.42609  10.7%   115 1856s
  1284   915 2681.30449  141  198 2833.45252 2529.42609  10.7%   115 1893s
  1285   916 2581.74657   78  207 2833.45252 2529.42609  10.7%   115 1916s
  1286   916 2590.86524   14  217 2833.45252 2529.42609  10.7%   114 1923s
  1287   917 2681.44714  145  212 2833.45252 2529.42609  10.7%   114 1930s
  1288   918 2581.18485   19  212 2833.45252 2529.42609  10.7%   114 1940s
  1289   918 2603.92064   55  179 2833.45252 2530.95357  10.7%   114 1968s
  1290   919 2622.09120   90  172 2833.45252 2531.64035  10.7%   114 1980s
  1291   920 2632.22566   78  203 2833.45252 2531.72015  10.6%   114 1991s
  1292   920 2624.79337   54  202 2833.45252 2531.76015  10.6%   114 1999s
  1293   921 2608.01021   75  210 2833.45252 2532.23077  10.6%   114 2011s
  1294   922 2581.23518   29  189 2833.45252 2532.27668  10.6%   114 2017s
  1295   922 2549.32719   66  185 2833.45252 2532.28464  10.6%   114 2026s
  1296   923 2624.52351   63  458 2833.45252 2533.39103  10.6%   114 2091s
  1297   924 2605.26612   31  212 2833.45252 2533.79267  10.6%   114 2128s
  1298   924 2581.29299   56  470 2833.45252 2534.68669  10.5%   113 2154s
  1299   925 2534.73548   12  483 2833.45252 2534.73548  10.5%   113 2166s
  1300   926 2633.97244   82  491 2833.45252 2534.74507  10.5%   113 2173s
  1301   926 2588.04244   29  491 2833.45252 2536.70360  10.5%   113 2238s
  1302   927 2603.96783   27  207 2833.45252 2537.59878  10.4%   113 2314s
  1303   928 2581.34104   40  214 2833.45252 2538.49700  10.4%   113 2370s
  1304   928 2540.14215   14  506 2833.45252 2539.32272  10.4%   113 2399s
  1305   929 2605.19886   31  204 2833.45252 2539.48777  10.4%   113 2411s
  1306   930 2630.64036   34  223 2833.45252 2539.52604  10.4%   113 2420s
  1307   930 2581.19004   21  205 2833.45252 2539.54150  10.4%   113 2430s
  1308   931 2682.28629  163  207 2833.45252 2539.54584  10.4%   113 2457s
  1309   932 2549.23473   40  226 2833.45252 2539.94014  10.4%   112 2484s
  1310   932 2596.35323   18  243 2833.45252 2541.26226  10.3%   112 2520s
  1311   933 2581.80284   96  536 2833.45252 2541.44686  10.3%   112 2541s
  1312   934 2681.30449  141  260 2833.45252 2541.51551  10.3%   112 2557s
  1313   934 2545.54323   22  265 2833.45252 2541.53162  10.3%   112 2565s
  1314   935 2682.37684   95  267 2833.45252 2541.54245  10.3%   112 2572s
  1315   936 2581.53285   79  264 2833.45252 2541.54867  10.3%   112 2625s
  1316   936 2619.93890   23  243 2833.45252 2541.81534  10.3%   112 2674s
  1317   937 2581.51098   11  257 2833.45252 2542.24889  10.3%   112 2773s
  1318   938 2614.60592   57  259 2833.45252 2542.31374  10.3%   112 2783s
  1319   938 2603.89807   54  264 2833.45252 2542.32828  10.3%   112 2790s
  1320   939 2609.50275  100  270 2833.45252 2542.34880  10.3%   112 2796s
  1321   940 2625.43508  104  266 2833.45252 2542.35375  10.3%   111 2815s
  1322   940 2545.06495   26  542 2833.45252 2543.46237  10.2%   111 2876s
  1323   941 2606.62372   74  271 2833.45252 2543.89123  10.2%   111 3016s
  1324   942 2681.66146  151  559 2833.45252 2544.05559  10.2%   111 3042s
  1325   942 2630.64036   34  566 2833.45252 2544.13090  10.2%   111 3058s
  1326   943 2624.22151   40  550 2833.45252 2544.15368  10.2%   111 3078s
  1327   944 2626.01060  106  275 2833.45252 2544.16973  10.2%   111 3086s
  1328   944 2546.18724   21  276 2833.45252 2544.17146  10.2%   111 3122s
  1329   945 2634.19300   64  553 2833.45252 2545.16723  10.2%   111 3183s
  1330   946 2581.54510   73  564 2833.45252 2545.16723  10.2%   111 3344s
  1331   946 2618.11914   34  558 2833.45252 2545.16723  10.2%   111 3358s
  1332   947 2632.12452   62  568 2833.45252 2545.16723  10.2%   111 3365s
  1333   948 2632.32363   94  583 2833.45252 2545.16723  10.2%   110 3372s
  1334   948 2703.96380   48  573 2833.45252 2545.16723  10.2%   110 3474s
  1335   949 2549.26782   54  574 2833.45252 2545.16723  10.2%   110 3527s
  1336   950 2623.66139   36  583 2833.45252 2545.16723  10.2%   110 3640s
  1337   950 2614.41848   74  571 2833.45252 2545.16723  10.2%   110 3845s
  1338   951 2588.07674   31  575 2833.45252 2545.36292  10.2%   110 3932s
  1339   952 2614.59014   28  583 2833.45252 2545.42746  10.2%   110 4123s
  1340   952 2632.11935   61  579 2833.45252 2545.45781  10.2%   110 4143s
  1341   953 2682.77682   99  580 2833.45252 2545.48155  10.2%   110 4153s
  1342   954 2548.79329   25  583 2833.45252 2545.48618  10.2%   110 4317s
  1343   954 2581.18485   19  590 2833.45252 2545.48949  10.2%   110 4374s
  1344   955 2590.09789   15  592 2833.45252 2545.49067  10.2%   110 4794s
  1345   956 2581.69274  118  591 2833.45252 2545.85525  10.2%   109 4886s
  1346   956 2546.70865   25  588 2833.45252 2545.85525  10.2%   109 5106s
  1347   957 2552.04958   79  271 2833.45252 2546.24253  10.1%   109 5145s
  1348   958 2581.25276   32  287 2833.45252 2546.37213  10.1%   109 5167s
  1349   958 2682.77682   99  293 2833.45252 2546.39551  10.1%   109 5179s
  1350   959 2614.51154   67  298 2833.45252 2546.39927  10.1%   109 5223s
  1351   960 2601.08407   63  284 2833.45252 2546.72133  10.1%   109 5277s
  1352   960 2628.04932   64  288 2833.45252 2546.72133  10.1%   109 5426s
  1353   961 2614.71984   15  293 2833.45252 2546.72133  10.1%   109 5452s
  1354   962 2632.24768   57  289 2833.45252 2546.82811  10.1%   109 5525s
  1355   962 2588.04244   29  293 2833.45252 2546.82811  10.1%   109 5564s
  1356   963 2581.53285   79  291 2833.45252 2546.90645  10.1%   109 5594s
  1357   964 2546.90645   19  295 2833.45252 2546.90645  10.1%   108 5614s
  1358   964 2632.11371   59  271 2833.45252 2546.90645  10.1%   108 5625s
  1359   965 2682.79652  173  282 2833.45252 2546.90645  10.1%   108 5639s
  1360   966 2581.27147   34  282 2833.45252 2547.01021  10.1%   108 5694s
  1361   966 2593.35741   49  287 2833.45252 2547.01021  10.1%   108 5717s
  1362   967 2616.59247   20  292 2833.45252 2547.01021  10.1%   108 5757s
  1363   968 2581.56700   87  272 2833.45252 2547.10655  10.1%   108 5814s
  1364   968 2560.30542   19  282 2833.45252 2547.10655  10.1%   108 5854s
  1365   969 2682.24009   92  289 2833.45252 2547.10655  10.1%   108 5864s
  1366   970 2682.17670  161  287 2833.45252 2547.10655  10.1%   108 5879s
  1367   970 2632.23500   82  280 2833.45252 2547.75520  10.1%   108 5954s
  1368   971 2594.23461    9  278 2833.45252 2547.75520  10.1%   108 6025s
  1369   972 2581.70029  125  286 2833.45252 2547.75520  10.1%   108 6031s
  1370   972 2596.59816   15  292 2833.45252 2547.75520  10.1%   107 6043s
  1371   973 2682.68124   98  271 2833.45252 2547.75520  10.1%   107 6098s
  1372   974 2624.32878   46  289 2833.45252 2547.75520  10.1%   107 6121s
  1373   974 2547.75520   25  277 2833.45252 2547.75520  10.1%   107 6152s
  1374   975 2682.28629  163  282 2833.45252 2547.75520  10.1%   107 6159s
  1375   976 2588.07674   31  283 2833.45252 2547.75520  10.1%   107 6170s
  1376   976 2632.46611  102  302 2833.45252 2547.75520  10.1%   107 6218s
  1377   977 2681.27322  140  294 2833.45252 2547.75520  10.1%   107 6264s
  1378   978 2547.81398   21  279 2833.45252 2547.81398  10.1%   107 6326s
  1379   978 2547.81398   14  280 2833.45252 2547.81398  10.1%   107 6339s
  1380   979 2631.71774   46  284 2833.45252 2547.81398  10.1%   107 6348s
  1381   980 2625.38563  103  292 2833.45252 2547.81398  10.1%   107 6361s
  1382   980 2632.14819   65  266 2833.45252 2547.99655  10.1%   107 6413s
  1383   981 2549.33229   58  281 2833.45252 2548.01071  10.1%   106 6444s
  1384   982 2681.30449  141  282 2833.45252 2548.01619  10.1%   106 6472s
  1385   982 2581.74657   78  285 2833.45252 2548.03313  10.1%   106 6535s
  1386   983 2590.86524   14  284 2833.45252 2548.03313  10.1%   106 6548s
  1387   984 2681.44714  145  286 2833.45252 2548.07056  10.1%   106 6583s
  1388   984 2581.18485   19  284 2833.45252 2548.07056  10.1%   106 6593s
  1389   985 2603.92064   55  288 2833.45252 2548.12025  10.1%   106 6650s
  1390   986 2622.09120   90  274 2833.45252 2548.12025  10.1%   106 6665s
  1391   986 2632.22566   78  281 2833.45252 2548.12025  10.1%   106 6681s
  1392   987 2624.79337   54  271 2833.45252 2548.12025  10.1%   106 6719s
  1395   990 2549.32719   66  165 2833.45252 2548.12025  10.1%   138 6842s
  1397   991 2605.26612   31  131 2833.45252 2548.12025  10.1%   137 7013s
  1398   992 2581.29299   56  183 2833.45252 2548.12025  10.1%   137 7065s
  1399   993 2548.12025   12  204 2833.45252 2548.12025  10.1%   137 7116s
  1400   993 2633.97244   82  199 2833.45252 2548.12025  10.1%   137 7127s
  1401   994 2588.04244   29  189 2833.45252 2548.12025  10.1%   137 7148s
  1402   995 2603.96783   27  201 2833.45252 2548.12025  10.1%   137 7164s
  1403   995 2581.34104   40  498 2833.45252 2548.12025  10.1%   137 7209s
  1404   996 2548.12025   14  512 2833.45252 2548.12025  10.1%   137 7237s
  1405   997 2605.19886   31  512 2833.45252 2548.12025  10.1%   137 7277s
  1406   997 2630.64036   34  526 2833.45252 2548.12025  10.1%   137 7312s
  1407   998 2581.19004   21  536 2833.45252 2548.12025  10.1%   136 7334s
  1408   999 2682.28629  163  549 2833.45252 2548.12025  10.1%   136 7356s
  1409   999 2549.23473   40  549 2833.45252 2548.12025  10.1%   136 7364s
  1410  1000 2596.35323   18  545 2833.45252 2548.12025  10.1%   136 7378s
  1411  1001 2581.80284   96  546 2833.45252 2548.12025  10.1%   136 7400s
  1412  1001 2681.30449  141  540 2833.45252 2548.12025  10.1%   136 7416s
  1413  1002 2548.12025   22  550 2833.45252 2548.12025  10.1%   136 7427s
  1414  1003 2682.37684   95  558 2833.45252 2548.12025  10.1%   136 7435s
  1415  1003 2581.53285   79  565 2833.45252 2548.12025  10.1%   136 7560s
  1416  1004 2619.93890   23  621 2833.45252 2548.12025  10.1%   136 7667s
  1417  1005 2581.51098   11  635 2833.45252 2548.12025  10.1%   135 7814s
  1418  1005 2614.60592   57  636 2833.45252 2548.12025  10.1%   135 7851s
  1419  1006 2603.89807   54  637 2833.45252 2548.12025  10.1%   135 7870s
  1420  1007 2609.50275  100  615 2833.45252 2548.12025  10.1%   135 7885s
  1421  1007 2625.43508  104  247 2833.45252 2548.12025  10.1%   135 7909s
  1422  1008 2548.12025   26  259 2833.45252 2548.12025  10.1%   135 7920s
  1423  1009 2606.62372   74  258 2833.45252 2548.12025  10.1%   135 7927s
  1424  1009 2681.66146  151  261 2833.45252 2548.12025  10.1%   135 7935s
  1425  1010 2630.64036   34  258 2833.45252 2548.12025  10.1%   135 7943s
  1426  1011 2624.22151   40  266 2833.45252 2548.12025  10.1%   135 7953s
  1427  1011 2626.01060  106  248 2833.45252 2548.12025  10.1%   134 7959s
  1428  1012 2548.12025   21  256 2833.45252 2548.12025  10.1%   134 8019s
  1429  1013 2634.19300   64  251 2833.45252 2548.12025  10.1%   134 8136s
  1430  1013 2581.54510   73  270 2833.45252 2548.12025  10.1%   134 8160s
  1431  1014 2618.11914   34  270 2833.45252 2548.12025  10.1%   134 8171s
  1432  1015 2632.12452   62  268 2833.45252 2548.12025  10.1%   134 8188s
  1433  1015 2632.32363   94  272 2833.45252 2548.12025  10.1%   134 8196s
  1434  1016 2703.96380   48  270 2833.45252 2548.12025  10.1%   134 8201s
  1435  1017 2549.26782   54  273 2833.45252 2548.12025  10.1%   134 8212s
  1436  1017 2623.66139   36  269 2833.45252 2548.12025  10.1%   134 8246s
  1437  1018 2614.41848   74  288 2833.45252 2548.12025  10.1%   134 8334s
  1438  1019 2588.07674   31  273 2833.45252 2548.12025  10.1%   133 8377s
  1439  1019 2614.59014   28  282 2833.45252 2548.12025  10.1%   133 8402s
  1440  1020 2632.11935   61  278 2833.45252 2548.12025  10.1%   133 8415s
  1441  1021 2682.77682   99  274 2833.45252 2548.12025  10.1%   133 8456s
  1442  1021 2548.79329   25  279 2833.45252 2548.46729  10.1%   133 8522s
  1443  1022 2581.18485   19  277 2833.45252 2548.46729  10.1%   133 8575s
  1444  1023 2590.09789   15  277 2833.45252 2548.46729  10.1%   133 8626s
  1445  1023 2581.69274  118  283 2833.45252 2548.46729  10.1%   133 8646s
  1446  1024 2548.46729   25  279 2833.45252 2548.46729  10.1%   133 8656s
  1447  1025 2552.04958   79  280 2833.45252 2548.46729  10.1%   133 8669s
  1448  1025 2581.25276   32  280 2833.45252 2548.46729  10.1%   133 8701s
  1449  1026 2682.77682   99  629 2833.45252 2548.49138  10.1%   132 8801s
  1450  1027 2614.51154   67  520 2833.45252 2548.49138  10.1%   132 8952s
  1451  1027 2601.08407   63  626 2833.45252 2548.49138  10.1%   132 9003s
  1452  1028 2628.04932   64  291 2833.45252 2548.49138  10.1%   132 9075s
  1453  1029 2614.71984   15  645 2833.45252 2548.68823  10.1%   132 9182s
  1454  1029 2632.24768   57  294 2833.45252 2548.68823  10.1%   132 9350s
  1455  1030 2588.04244   29  513 2833.45252 2548.68823  10.1%   132 9425s
  1456  1031 2581.53285   79  633 2833.45252 2548.72930  10.0%   132 9473s
  1457  1031 2548.72930   19  304 2833.45252 2548.72930  10.0%   132 9606s
  1458  1032 2632.11371   59  303 2833.45252 2548.72930  10.0%   132 9623s
  1459  1033 2682.79652  173  303 2833.45252 2548.72930  10.0%   132 9673s
  1460  1033 2581.27147   34  306 2833.45252 2548.72930  10.0%   131 9729s
  1461  1034 2593.35741   49  306 2833.45252 2548.72930  10.0%   131 9766s
  1462  1035 2616.59247   20  306 2833.45252 2548.72930  10.0%   131 9863s
  1463  1035 2581.56700   87  306 2833.45252 2548.74508  10.0%   131 9930s
  1464  1036 2560.30542   19  307 2833.45252 2548.74508  10.0%   131 9975s
  1465  1037 2682.24009   92  301 2833.45252 2548.77993  10.0%   131 10024s
  1466  1037 2682.17670  161  307 2833.45252 2548.77993  10.0%   131 10103s
  1467  1038 2632.23500   82  297 2833.45252 2548.77993  10.0%   131 10161s
  1468  1039 2594.23461    9  297 2833.45252 2548.77993  10.0%   131 10203s
  1469  1039 2581.70029  125  632 2833.45252 2548.77993  10.0%   131 10218s
  1470  1040 2596.59816   15  633 2833.45252 2548.77993  10.0%   131 10260s
  1471  1041 2682.68124   98  301 2833.45252 2548.77993  10.0%   130 10316s
  1472  1041 2624.32878   46  309 2833.45252 2548.77993  10.0%   130 10332s
  1473  1042 2548.77993   25  313 2833.45252 2548.77993  10.0%   130 10346s
  1474  1043 2682.28629  163  314 2833.45252 2548.88032  10.0%   130 10429s
  1475  1043 2588.07674   31  311 2833.45252 2548.88032  10.0%   130 10490s
  1476  1044 2632.46611  102  306 2833.45252 2548.88032  10.0%   130 10498s
  1477  1045 2681.27322  140  313 2833.45252 2548.88032  10.0%   130 10520s
  1478  1045 2548.91774   21  304 2833.45252 2548.91774  10.0%   130 10578s
  1479  1046 2548.91774   14  311 2833.45252 2548.91774  10.0%   130 10656s
  1480  1047 2631.71774   46  304 2833.45252 2548.96326  10.0%   130 10694s
  1481  1047 2625.38563  103  309 2833.45252 2548.96326  10.0%   130 10726s
  1482  1048 2632.14819   65  300 2833.45252 2548.96326  10.0%   130 10791s
  1483  1049 2549.33229   58  299 2833.45252 2548.96326  10.0%   129 10823s
  1484  1049 2681.30449  141  299 2833.45252 2549.14338  10.0%   129 10861s
  1485  1053 2549.14338   27  268 2833.45252 2549.14338  10.0%   155 10940s
  1487  1056 2549.14338   28  254 2833.45252 2549.14338  10.0%   156 11013s
  1491  1059 2589.42585   29  170 2833.45252 2549.14338  10.0%   160 11060s
  1495  1066 2590.63639   30  189 2833.45252 2549.14338  10.0%   164 11085s
  1507  1069 2591.93617   31  210 2833.45252 2549.14338  10.0%   164 11107s
  1519  1069     cutoff   31      2833.45252 2549.14338  10.0%   174 11197s
  1528  1078 2638.98281   32  182 2833.45252 2549.14338  10.0%   179 11256s
  1540  1082 2592.12427   32  182 2833.45252 2549.14338  10.0%   179 11337s
  1550  1083 2694.29497   33  212 2833.45252 2549.14338  10.0%   182 11421s
  1561  1086 infeasible   33      2833.45252 2549.14338  10.0%   182 11436s
  1574  1084 2694.48575   34  218 2833.45252 2549.14338  10.0%   181 11471s
  1589  1080 infeasible   35      2833.45252 2549.14338  10.0%   180 11527s
  1602  1082 2581.50613   31  125 2833.45252 2553.59908  9.88%   181 11563s
  1611  1086 2600.35582   33   57 2833.45252 2553.60444  9.88%   183 11607s
  1618  1097 2585.06280   34   96 2833.45252 2555.92681  9.79%   185 11704s
  1636  1096 2768.56237   37   75 2833.45252 2555.92681  9.79%   185 11756s
  1658  1089 2832.44093   41    9 2833.45252 2555.92681  9.79%   184 11863s
  1673  1086 2653.93861   33  192 2833.45252 2556.64880  9.77%   190 11949s
  1684  1088 2653.97146   34  182 2833.45252 2556.66599  9.77%   190 12090s
  1694  1090 2653.97697   38  181 2833.45252 2556.66599  9.77%   192 12205s
  1708  1092 2654.22057   41  189 2833.45252 2556.66599  9.77%   193 12379s
  1714  1097 2658.76064   44  253 2833.45252 2556.66599  9.77%   197 12492s
  1721  1102 2658.91856   45  198 2833.45252 2556.66599  9.77%   196 12571s
  1730  1108 2659.04163   47  244 2833.45252 2556.66599  9.77%   198 12879s
  1750  1108 2662.63123   49  166 2833.45252 2556.66599  9.77%   200 12936s
  1757  1114 2665.27487   51  142 2833.45252 2556.66599  9.77%   200 13036s
  1772  1127 2679.54388   55  129 2833.45252 2556.66599  9.77%   200 13096s
  1799  1141 2682.83668   58  113 2833.45252 2556.66599  9.77%   199 13201s
  1831  1140     cutoff   68      2833.45252 2556.66599  9.77%   197 13286s
  1849  1143 2600.03537   34  124 2833.45252 2556.66599  9.77%   197 13416s
  1862  1157 2759.64108   36   77 2833.45252 2556.66599  9.77%   197 13489s
  1902  1144 infeasible   46      2833.45252 2595.56334  8.40%   194 13630s
  1943  1147 2603.23332   33  172 2833.45252 2596.38187  8.37%   194 13730s
  1975  1150 2666.31471   35  253 2833.45252 2596.38187  8.37%   195 13782s
  1996  1149 2603.51555   36  298 2833.45252 2596.38187  8.37%   195 13801s

Cutting planes:
  Cover: 54
  Implied bound: 241
  Projected implied bound: 2
  Clique: 17
  MIR: 110
  StrongCG: 14
  Flow cover: 144
  GUB cover: 60
  Inf proof: 1
  Zero half: 51
  RLT: 190
  Relax-and-lift: 33
  BQP: 2
  PSD: 1

Explored 2012 nodes (403588 simplex iterations) in 13801.59 seconds (357.57 work units)
Thread count was 4 (of 46 available processors)

Solution count 10: 2833.45 2833.45 2834.2 ... 4211.42

Time limit reached
Best objective 2.833452523784e+03, best bound 2.596381868248e+03, gap 8.3668%

Solve summary
-------------
Status code:       9
Objective:         2833.4525237839744
Objective bound:   2596.3818682484434
MIP gap:           0.08366847637133921
Has cycle:         False
Is acyclic:        True
Packages selected: 5 active packages

Packages
--------
   I1 | inactive_singleton | S=  0, C=  0, x=  0 | tasks=[1]
   A1 | active             | S=  0, C= 38, x= 92 | tasks=[2, 3, 4, 5, 6, 7, 8, 9, 10, 17]
  I11 | inactive_singleton | S= 38, C= 48, x= 18 | tasks=[11]
  I12 | inactive_singleton | S= 38, C= 48, x= 13 | tasks=[12]
   A2 | active             | S= 48, C= 76, x= 55 | tasks=[13, 14, 15, 16, 18, 19, 20, 21, 22]
  I24 | inactive_singleton | S= 76, C= 78, x=  2 | tasks=[24]
  I23 | inactive_singleton | S= 76, C= 85, x= 14 | tasks=[23]
  I28 | inactive_singleton | S= 76, C= 85, x= 12 | tasks=[28]
   A3 | active             | S= 85, C= 95, x= 18 | tasks=[25, 26, 27]
  I29 | inactive_singleton | S= 95, C=102, x=  9 | tasks=[29]
  I31 | inactive_singleton | S= 95, C=105, x= 13 | tasks=[31]
   A4 | active             | S=105, C=131, x= 79 | tasks=[30, 32, 33, 34, 35, 36, 37]
  I41 | inactive_singleton | S=131, C=136, x=  5 | tasks=[41]
   A5 | active             | S=131, C=147, x= 29 | tasks=[38, 39, 40]
  I42 | inactive_singleton | S=150, C=150, x=  0 | tasks=[42]

Solution JSON saved to: /home/23037696r/Documents/research/or_benchmark/wp/results/inactive_0.2/j40/j400502_3.json
Finish time     : 2026-08-12T17:43:22+08:00
