Slurm job ID    : 2010
Array task ID   : 20
Host            : 23037696r-i7809a0b3cd
Start time      : 2026-08-13T18:59:56+08:00
Instance        : /home/23037696r/Documents/research/or_benchmark/wp/instances/inactive_0.2/j40/j400902_7.sm
Output JSON     : /home/23037696r/Documents/research/or_benchmark/wp/results/inactive_0.2/j40/j400902_7.json
Gurobi log      : /home/23037696r/Documents/research/or_benchmark/wp/results/inactive_0.2/j40/logs/gurobi/j400902_7.log
Allocated CPUs  : 2
Running with command-line arguments
-----------------------------------
Instance file: /home/23037696r/Documents/research/or_benchmark/wp/instances/inactive_0.2/j40/j400902_7.sm
Instance summary
----------------
Tasks:          42
Active tasks:   32
Inactive tasks: 10
Arcs:           45
Total duration: 207
Total work:     347
Active work:    261
Delta (singleton critical-path makespan): 199
Chosen deadline: 219
Feasible by singleton schedule: yes
Deadline rule: automatic: d = ceil(1.1 * Delta) = 219
Set parameter Username
Set parameter LicenseID to value 2851961
Academic license - for non-commercial use only - expires 2027-08-07
Set parameter MIPGap to value 1e-06
Set parameter TimeLimit to value 13800
Set parameter Threads to value 2
Set parameter LogFile to value "/home/23037696r/Documents/research/or_benchmark/wp/results/inactive_0.2/j40/logs/gurobi/j400902_7.log"
Set parameter NumericFocus to value 1
Gurobi Optimizer version 13.0.2 build v13.0.2rc1 (linux64 - "Ubuntu 22.04.3 LTS")

CPU model: Intel Xeon Processor (Cascadelake), instruction set [SSE2|AVX|AVX2|AVX512]
Thread count: 46 physical cores, 46 logical processors, using up to 2 threads

Non-default parameters:
TimeLimit  13800
MIPGap  1e-06
NumericFocus  1
Threads  2

Optimize a model with 59977 rows, 27642 columns and 213597 nonzeros (Min)
Model fingerprint: 0xc0ee440c
Model has 17144 linear objective coefficients and an objective constant of 8.5548121975079971e+02
Variable types: 7040 continuous, 20602 integer (20402 binary)
Coefficient statistics:
  Matrix range     [1e+00, 3e+02]
  Objective range  [1e-02, 1e+03]
  Bounds range     [1e+00, 3e+02]
  RHS range        [1e+00, 3e+02]

Presolve removed 37955 rows and 8767 columns (presolve time = 5s)...
Presolve removed 43230 rows and 16523 columns
Presolve time: 9.97s
Presolved: 16747 rows, 11119 columns, 102138 nonzeros
Variable types: 0 continuous, 11119 integer (7642 binary)
Found heuristic solution: objective 4279.7586986
Deterministic concurrent LP optimizer: primal and dual simplex
Showing primal log only...


Root simplex log...

Iteration    Objective       Primal Inf.    Dual Inf.      Time
       0    1.2942713e+03   2.253898e+02   6.021130e+08     11s
     410    8.5193426e+05   0.000000e+00   9.597767e+04     11s
    5024    2.6067508e+03   0.000000e+00   0.000000e+00     11s
Concurrent spin time: 0.66s (can be avoided by choosing Method=3)

Solved with primal simplex

Root relaxation: objective 2.606751e+03, 5024 iterations, 1.69 seconds (0.40 work units)

    Nodes    |    Current Node    |     Objective Bounds      |     Work
 Expl Unexpl |  Obj  Depth IntInf | Incumbent    BestBd   Gap | It/Node Time

     0     0 2606.75077    0   66 4279.75870 2606.75077  39.1%     -   12s
     0     0 2611.99435    0  122 4279.75870 2611.99435  39.0%     -   13s
     0     0 2612.17772    0  123 4279.75870 2612.17772  39.0%     -   15s
     0     0 2614.01969    0  138 4279.75870 2614.01969  38.9%     -   15s
H    0     0                    4279.7230765 2614.01993  38.9%     -   16s
     0     0 2614.60071    0  125 4279.72308 2614.60071  38.9%     -   17s
     0     0 2614.60243    0  138 4279.72308 2614.60243  38.9%     -   18s
     0     0 2614.60289    0  141 4279.72308 2614.60289  38.9%     -   18s
     0     0 2614.84957    0  144 4279.72308 2614.84957  38.9%     -   21s
     0     0 2618.17544    0  204 4279.72308 2618.17544  38.8%     -   24s
     0     0 2618.17558    0  207 4279.72308 2618.17558  38.8%     -   25s
     0     0 2618.86860    0  187 4279.72308 2618.86860  38.8%     -   25s
     0     0 2619.47939    0  254 4279.72308 2619.47939  38.8%     -   27s
     0     0 2619.47939    0  254 4279.72308 2619.47939  38.8%     -   27s
     0     0 2619.67978    0  254 4279.72308 2619.67978  38.8%     -   28s
     0     0 2619.67978    0  254 4279.72308 2619.67978  38.8%     -   28s
     0     0 2619.68016    0  255 4279.72308 2619.68016  38.8%     -   29s
     0     0 2619.68699    0  254 4279.72308 2619.68699  38.8%     -   29s
     0     0 2619.69582    0  246 4279.72308 2619.69582  38.8%     -   30s
     0     0 2619.69582    0  252 4279.72308 2619.69582  38.8%     -   30s
     0     0 2624.82066    0  238 4279.72308 2624.82066  38.7%     -   32s
H    0     0                    3011.3683222 2624.82195  12.8%     -   33s
H    0     0                    3008.7327742 2624.82195  12.8%     -   34s
     0     0 2625.32508    0  252 3008.73277 2625.32508  12.7%     -   34s
     0     0 2625.33460    0  249 3008.73277 2625.33460  12.7%     -   35s
     0     0 2625.33691    0  242 3008.73277 2625.33691  12.7%     -   35s
     0     0 2626.92940    0  252 3008.73277 2626.92940  12.7%     -   37s
H    0     0                    3007.3233316 2626.92970  12.6%     -   38s
H    0     0                    3007.1389231 2626.92970  12.6%     -   39s
     0     0 2626.95198    0  254 3007.13892 2626.95198  12.6%     -   39s
     0     0 2626.95233    0  260 3007.13892 2626.95233  12.6%     -   40s
     0     0 2627.38936    0  269 3007.13892 2627.38936  12.6%     -   42s
     0     0 2627.39818    0  279 3007.13892 2627.39818  12.6%     -   43s
     0     0 2627.40715    0  276 3007.13892 2627.40715  12.6%     -   44s
     0     0 2627.42318    0  283 3007.13892 2627.42318  12.6%     -   45s
     0     0 2627.42540    0  285 3007.13892 2627.42540  12.6%     -   45s
     0     0 2630.45800    0  270 3007.13892 2630.45800  12.5%     -   47s
     0     0 2630.45833    0  268 3007.13892 2630.45833  12.5%     -   47s
H    0     0                    3006.5473516 2630.46014  12.5%     -   48s
H    0     0                    3004.2245845 2630.46014  12.4%     -   48s
     0     0 2630.47421    0  282 3004.22458 2630.47421  12.4%     -   49s
     0     0 2630.48475    0  288 3004.22458 2630.48475  12.4%     -   50s
     0     0 2630.49502    0  282 3004.22458 2630.49502  12.4%     -   51s
     0     0 2630.49934    0  283 3004.22458 2630.49934  12.4%     -   51s
     0     0 2630.50098    0  288 3004.22458 2630.50098  12.4%     -   52s
     0     0 2632.85539    0  260 3004.22458 2632.85539  12.4%     -   54s
     0     0 2632.89460    0  273 3004.22458 2632.89460  12.4%     -   56s
     0     0 2632.89601    0  268 3004.22458 2632.89601  12.4%     -   56s
     0     0 2633.20384    0  277 3004.22458 2633.20384  12.3%     -   58s
     0     0 2633.25745    0  274 3004.22458 2633.25745  12.3%     -   60s
     0     0 2633.25767    0  276 3004.22458 2633.25767  12.3%     -   60s
     0     0 2633.45414    0  278 3004.22458 2633.45414  12.3%     -   62s
     0     0 2633.49612    0  280 3004.22458 2633.49612  12.3%     -   63s
     0     0 2633.51750    0  277 3004.22458 2633.51750  12.3%     -   63s
     0     0 2633.54438    0  282 3004.22458 2633.54438  12.3%     -   64s
     0     0 2633.60009    0  283 3004.22458 2633.60009  12.3%     -   66s
     0     0 2633.60275    0  294 3004.22458 2633.60275  12.3%     -   66s
     0     0 2634.01406    0  286 3004.22458 2634.01406  12.3%     -   68s
     0     0 2634.01991    0  292 3004.22458 2634.01991  12.3%     -   69s
     0     0 2634.01991    0  292 3004.22458 2634.01991  12.3%     -   70s
     0     0 2636.57880    0  283 3004.22458 2636.57880  12.2%     -   71s
     0     0 2639.59115    0  268 3004.22458 2639.59115  12.1%     -   74s
     0     0 2640.10394    0  261 3004.22458 2640.10394  12.1%     -   74s
     0     0 2640.12523    0  284 3004.22458 2640.12523  12.1%     -   75s
     0     0 2640.12934    0  286 3004.22458 2640.12934  12.1%     -   76s
     0     0 2640.39691    0  283 3004.22458 2640.39691  12.1%     -   78s
     0     0 2640.47416    0  278 3004.22458 2640.47416  12.1%     -   80s
     0     0 2640.53920    0  293 3004.22458 2640.53920  12.1%     -   80s
     0     0 2640.55187    0  290 3004.22458 2640.55187  12.1%     -   81s
     0     0 2640.56108    0  297 3004.22458 2640.56108  12.1%     -   82s
     0     0 2640.56129    0  298 3004.22458 2640.56129  12.1%     -   82s
     0     0 2640.60448    0  305 3004.22458 2640.60448  12.1%     -   84s
     0     0 2640.61917    0  302 3004.22458 2640.61917  12.1%     -   86s
     0     0 2640.61917    0  305 3004.22458 2640.61917  12.1%     -   87s
     0     0 2640.76507    0  287 3004.22458 2640.76507  12.1%     -   88s
     0     0 2640.77673    0  290 3004.22458 2640.77673  12.1%     -   90s
     0     0 2640.78615    0  298 3004.22458 2640.78615  12.1%     -   91s
     0     0 2640.78703    0  305 3004.22458 2640.78703  12.1%     -   91s
     0     0 2640.79189    0  312 3004.22458 2640.79189  12.1%     -   93s
     0     0 2641.01121    0  315 3004.22458 2641.01121  12.1%     -   95s
     0     0 2641.01121    0  314 3004.22458 2641.01121  12.1%     -   97s
     0     0 2641.19411    0  293 3004.22458 2641.19411  12.1%     -  100s
     0     0 2641.19411    0  293 3004.22458 2641.19411  12.1%     -  100s
     0     0 2641.19411    0  273 3004.22458 2641.19411  12.1%     -  101s
     0     2 2642.35693    0  272 3004.22458 2642.35693  12.0%     -  110s
     5    12 2668.19908    3  176 3004.22458 2642.90119  12.0%   255  115s
    26    25 2668.22747    9  170 3004.22458 2642.90119  12.0%   135  120s
    36    37 2668.22823   12  173 3004.22458 2642.90119  12.0%   117  125s
    48    50 2668.68933   17  143 3004.22458 2642.90119  12.0%   107  130s
    69    66 2668.23821   19  169 3004.22458 2642.90119  12.0%  88.3  136s
    90    90 2668.23948   23  165 3004.22458 2642.90119  12.0%  78.7  140s
   126   120 2668.24814   38  160 3004.22458 2642.90119  12.0%  58.5  147s
   140   131 2668.25577   44  161 3004.22458 2642.90119  12.0%  58.6  150s
   163   145 2668.26107   48  163 3004.22458 2642.90119  12.0%  58.9  155s
   178   171 2668.27305   57  162 3004.22458 2642.90119  12.0%  56.2  160s
   210   193 2668.29660   67  159 3004.22458 2642.90119  12.0%  56.6  167s
   214   205 2668.29710   68  159 3004.22458 2642.90119  12.0%  55.6  170s
   245   214 2668.32979   85  168 3004.22458 2642.90119  12.0%  51.5  177s
   252   225 2668.33232   86  170 3004.22458 2646.00666  11.9%  54.8  180s
   277   253 2668.34564   93  171 3004.22458 2646.92676  11.9%  51.3  186s
   309   282 2668.37405  104  171 3004.22458 2646.92676  11.9%  46.8  190s
   355   310 2668.52375  120  159 3004.22458 2646.92676  11.9%  42.6  197s
   377   321 2725.32611  121  151 3004.22458 2646.92676  11.9%  45.2  201s
   392   354 2668.52443  121  159 3004.22458 2646.92676  11.9%  44.3  206s
   428   386 2668.68121  136  158 3004.22458 2646.92676  11.9%  41.8  212s
   464   396 2671.44312  138  136 3004.22458 2646.92676  11.9%  41.2  217s
   500   423 2671.59343  146  135 3004.22458 2646.92676  11.9%  40.3  222s
   531   440 2671.62522  150  135 3004.22458 2646.92676  11.9%  39.9  226s
   570   448 2671.91017  157  136 3004.22458 2646.92676  11.9%  39.2  231s
   586   480 2671.91351  158  136 3004.22458 2646.92676  11.9%  38.4  238s
   619   519 2672.49131  169  125 3004.22458 2646.92676  11.9%  37.9  245s
   668   539 2674.07411  185  119 3004.22458 2646.92676  11.9%  36.2  251s
   690   569 2674.19899  192  115 3004.22458 2647.16758  11.9%  37.7  257s
   724   605 2674.35013  198  104 3004.22458 2647.16758  11.9%  38.0  263s
   762   619 2674.40766  201  104 3004.22458 2647.16758  11.9%  37.6  268s
   784   646 2674.44521  205  104 3004.22458 2647.16758  11.9%  38.4  276s
   829   670 2674.53863  214  107 3004.22458 2647.16758  11.9%  39.0  282s
   870   671 2686.75306   17  273 3004.22458 2647.16758  11.9%  38.9  402s
   872   672 2650.89014   19  152 3004.22458 2647.16758  11.9%  38.8  425s
   873   673 2964.06510  114  231 3004.22458 2647.16758  11.9%  38.8  439s
   874   674 2863.07117   61  246 3004.22458 2647.16758  11.9%  38.7  442s
   876   675 2654.52505   16  250 3004.22458 2647.16758  11.9%  38.7  446s
   877   676 2675.38049  195  255 3004.22458 2647.16758  11.9%  38.6  450s
   880   678 2674.42059  202  250 3004.22458 2647.16758  11.9%  38.5  457s
   881   678 2743.12026   38  280 3004.22458 2647.16758  11.9%  38.4  463s
   883   680 2668.39672  102  313 3004.22458 2647.16758  11.9%  38.3  465s
   885   681 2745.38830   62  315 3004.22458 2648.15110  11.9%  38.3  472s
   887   682 2672.63242  169  324 3004.22458 2648.79383  11.8%  38.2  475s
   890   684 2857.28875   37  325 3004.22458 2649.60240  11.8%  38.0  484s
   891   685 2686.98597  192  338 3004.22458 2649.76696  11.8%  38.0  486s
   893   686 2677.31144   22  275 3004.22458 2650.14638  11.8%  37.9  495s
   896   688 2671.59424  144  337 3004.22458 2650.57716  11.8%  37.8  501s
   897   689 2668.38737   13  332 3004.22458 2650.96120  11.8%  37.7  506s
   900   691 2880.89238   65  339 3004.22458 2651.23179  11.7%  37.6  510s
   902   692 2745.38320   60  358 3004.22458 2653.68368  11.7%  37.5  515s
   904   694 2677.46224   48  365 3004.22458 2653.82550  11.7%  37.5  524s
   905   694 2668.64919  107  371 3004.22458 2653.83587  11.7%  37.4  527s
   906   695 2683.11301   29  346 3004.22458 2654.72135  11.6%  37.4  536s
   908   696 2927.17537   48  360 3004.22458 2654.92505  11.6%  37.3  541s
   909   697 2681.82301   37  365 3004.22458 2654.93488  11.6%  37.2  545s
   910   698 2964.05661   91  370 3004.22458 2655.21317  11.6%  37.2  552s
   912   699 2668.68629   16  390 3004.22458 2655.29673  11.6%  37.1  556s
   913   700 2668.68629   16  369 3004.22458 2655.69450  11.6%  37.1  563s
   915   701 2668.44202  112  396 3004.22458 2655.89075  11.6%  37.0  566s
   917   702 2676.15826   14  361 3004.22458 2656.58605  11.6%  36.9  573s
   919   704 2675.66985   54  383 3004.22458 2656.72072  11.6%  36.8  576s
   921   705 2694.73980   42  377 3004.22458 2656.92537  11.6%  36.8  582s
   922   706 2674.88151  147  383 3004.22458 2656.93550  11.6%  36.7  586s
   923   706 2674.32745  197  388 3004.22458 2656.98984  11.6%  36.7  591s
   925   708 2676.85746   13  364 3004.22458 2657.20486  11.6%  36.6  596s
   926   708 2880.67180   80  402 3004.22458 2657.40883  11.5%  36.6  604s
   927   709 2674.49469  204  380 3004.22458 2657.50811  11.5%  36.5  606s
   928   710 2668.36854    9  382 3004.22458 2657.52338  11.5%  36.5  610s
   929   710 2668.35251   80  372 3004.22458 2658.16341  11.5%  36.4  618s
   930   711 2668.62691  109  394 3004.22458 2658.33131  11.5%  36.4  620s
   933   713 2894.64701   41  379 3004.22458 2658.65379  11.5%  36.3  626s
   935   714 2673.48018   26  390 3004.22458 2658.71747  11.5%  36.2  631s
   936   715 2672.63242  169  409 3004.22458 2658.93396  11.5%  36.2  638s
   938   716 2790.26305   17  408 3004.22458 2659.00559  11.5%  36.1  642s
   939   717 2686.70577   24  413 3004.22458 2659.34347  11.5%  36.1  650s
   941   718 2745.26473   79  420 3004.22458 2660.07261  11.5%  36.0  659s
   942   719 2674.44333  196  414 3004.22458 2660.07261  11.5%  35.9  662s
   943   720 2880.67180   87  422 3004.22458 2660.11820  11.5%  35.9  667s
   944   720 2789.31546   20  420 3004.22458 2660.11820  11.5%  35.9  674s
   945   721 2668.68667   17  420 3004.22458 2660.11820  11.5%  35.8  677s
   946   725 2678.32962   10  258 3004.22458 2660.11820  11.5%  60.4  697s
   948   726 2678.36401   11  193 3004.22458 2678.32962  10.8%  61.6  705s
   950   727 2679.29647   12  195 3004.22458 2678.32962  10.8%  62.2  734s
   952   731 2679.56901   13  224 3004.22458 2678.32962  10.8%  63.1  745s
   956   736 infeasible   14      3004.22458 2678.32962  10.8%  67.1  756s
   965   738 2694.92080   16  171 3004.22458 2678.32962  10.8%  72.2  776s
   971   745 2698.04799   17  176 3004.22458 2678.32962  10.8%  72.1  782s
   980   749 2724.22253   19  134 3004.22458 2678.32962  10.8%  72.8  786s
   993   754 2724.84523   21  134 3004.22458 2678.32962  10.8%  74.3  793s
   999   759 2739.77963   22   99 3004.22458 2678.32962  10.8%  74.3  800s
  1017   771 2843.43482   24   86 3004.22458 2678.32962  10.8%  75.4  806s
  1035   777 2787.02844   26   74 3004.22458 2678.32962  10.8%  76.1  812s
  1045   777 2742.43223   27   41 3004.22458 2678.32962  10.8%  75.8  833s
  1051   776 infeasible   28      3004.22458 2678.50409  10.8%  77.2  837s
  1054   776 infeasible   29      3004.22458 2678.50409  10.8%  79.6  857s
  1057   779 2848.43902   30  125 3004.22458 2678.50409  10.8%  80.3  864s
  1062   780 2796.81040   31   51 3004.22458 2678.50409  10.8%  82.0  883s
  1065   781 2797.56095   32   39 3004.22458 2678.50409  10.8%  82.5  887s
  1069   783 infeasible   33      3004.22458 2678.50409  10.8%  83.9  893s
  1077   783 2897.49404   37   82 3004.22458 2681.45288  10.7%  84.2  912s
  1090   782 2727.85300   13  153 3004.22458 2681.45288  10.7%  86.5  919s
  1093   785 2689.14005   13  239 3004.22458 2681.45288  10.7%  88.8  946s
  1097   786 2782.36935   14  142 3004.22458 2681.45288  10.7%  89.6  988s
  1100   789 2728.32461   14  152 3004.22458 2681.45288  10.7%  90.1  997s
  1106   794 2782.95342   15  149 3004.22458 2681.45288  10.7%  91.5 1003s
  1113   802 2733.12739   16  166 3004.22458 2681.45288  10.7%  95.4 1014s
  1123   802 2837.68254   17  156 3004.22458 2681.45288  10.7%  97.1 1020s
  1126   809 2787.12317   18  149 3004.22458 2681.45288  10.7%   100 1043s
  1136   809 2785.31385   18  138 3004.22458 2681.45288  10.7%   102 1057s
  1141   812 2785.31606   19  138 3004.22458 2681.45288  10.7%   107 1074s
  1163   812 2845.27059   22  109 3004.22458 2681.45831  10.7%   110 1092s
  1179   817 2848.11592   30  114 3004.22458 2681.45831  10.7%   110 1107s
  1197   838 2850.90475   40  104 3004.22458 2681.45831  10.7%   110 1119s
  1227   837 2888.68432   54   55 3004.22458 2686.26793  10.6%   109 1148s
  1249   839 2741.19061   17  181 3004.22458 2686.26793  10.6%   110 1160s
  1260   872 2732.16197   21   58 3004.22458 2686.26793  10.6%   111 1172s
  1298   878 2800.42400   37   16 3004.22458 2686.26793  10.6%   111 1194s
  1335   872     cutoff   52      3004.22458 2689.14050  10.5%   109 1208s
  1344   896 2766.88158   14   34 3004.22458 2689.14050  10.5%   112 1224s
  1403   876 2984.05855   39   16 3004.22458 2690.02664  10.5%   109 1235s
  1417   881 2692.91226   15  111 3004.22458 2692.91226  10.4%   110 1272s
  1426   889 2697.41778   19  111 3004.22458 2693.73867  10.3%   111 1295s
  1437   913 2835.95783   23  104 3004.22458 2693.73867  10.3%   111 1325s
  1491   915 2744.24303   24   68 3004.22458 2694.51470  10.3%   108 1355s
  1532   937 2709.31900   27  108 3004.22458 2694.54821  10.3%   106 1391s
  1590   960 2825.02291   19   87 3004.22458 2695.68071  10.3%   105 1423s
  1648   957 2799.57633   23  146 3004.22458 2695.68071  10.3%   103 1456s
  1676   957 2799.33798   29  133 3004.22458 2695.68071  10.3%   104 1489s
  1691  1003 2811.26965   38  102 3004.22458 2695.68071  10.3%   104 1520s
  1773  1049 2950.44548   36   36 3004.22458 2697.08086  10.2%  99.4 1557s
  1909  1002 2997.61940   29   11 3004.22458 2697.08086  10.2%  93.9 1672s
  1927  1049 2703.51305   12   57 3004.22458 2703.51305  10.0%  94.3 1706s
  2030  1026 2994.31727   25    5 3004.22458 2704.39012  10.0%  90.4 1747s
  2115  1014 2805.39245   24  107 3004.22458 2707.45558  9.88%  89.5 1794s
  2157  1009 2801.35319   21  131 3004.22458 2707.45558  9.88%  90.2 1842s
  2200  1015 2801.52839   22  131 3004.22458 2707.45558  9.88%  90.3 1890s
  2255  1015 2830.38935   26  127 3004.22458 2707.45558  9.88%  91.5 1935s
  2338  1002 2833.35109   16  102 3004.22458 2725.47365  9.28%  91.0 1996s
  2384  1004 2732.89134   25   76 3004.22458 2726.28562  9.25%  90.9 2039s
  2409   996 infeasible   21      3004.22458 2726.34068  9.25%  90.4 2040s
  2425  1005 2749.56166   27   54 3004.22458 2726.34507  9.25%  90.3 2092s
  2451  1076 2784.72424   18  120 3004.22458 2726.34507  9.25%  90.8 2146s
  2557  1058 2907.86342   39  118 3004.22458 2726.62613  9.24%  90.6 2196s
  2595  1069 2956.55810   34   54 3004.22458 2726.72594  9.24%  91.4 2259s
  2676  1082 2933.26467   32   96 3004.22458 2726.95048  9.23%  93.1 2319s
  2748  1094 2738.02026   20  137 3004.22458 2729.94154  9.13%  93.6 2379s
  2793  1153 2783.22509   19  173 3004.22458 2730.15819  9.12%  96.4 2442s
  2921  1140     cutoff   25      3004.22458 2730.31363  9.12%  96.5 2509s
  2984  1145 2863.04953   26  116 3004.22458 2730.33555  9.12%  97.1 2584s
  3062  1197 2790.96620   29  171 3004.22458 2731.63837  9.07%  98.1 2685s
  3276  1233 2759.98273   23  140 3004.22458 2732.16197  9.06%  96.4 2788s
  3438  1281 2738.19444   22  275 3004.22458 2733.16348  9.02%  95.0 2894s
  3507  1301 2796.98197   29  145 3004.22458 2733.30852  9.02%  95.0 2985s
  3569  1465 2739.51594   19  189 3004.22458 2733.45167  9.01%  95.4 3122s
  3896  1566 2762.58866   27   27 3004.22458 2733.69662  9.00%  90.4 3227s
  4149  1677 2765.16640   31   83 3004.22458 2733.95219  9.00%  86.1 3383s
  4353  1768 2799.04540   19  159 3004.22458 2735.60396  8.94%  84.6 3510s
  4539  1795 2993.86525   29   11 3004.22458 2736.77149  8.90%  84.6 3678s
  4627  1932 2817.20120   25   93 3004.22458 2737.09191  8.89%  84.6 3849s
  4769  1932 2770.00262   22  145 3004.22458 2738.87469  8.83%  85.3 3850s
  4946  1954 2743.21909   21  227 3004.22458 2738.87469  8.83%  85.5 3959s
  4992  2069 2791.30475   24  119 3004.22458 2739.06232  8.83%  86.0 4149s
  5331  2124 2981.06013   43  162 3004.22458 2739.69602  8.81%  85.5 4292s
  5474  2159 2777.08286   18   92 3004.22458 2740.53203  8.78%  85.0 4465s
  5632  2221 2891.02086   35   99 3004.22458 2740.67332  8.77%  85.8 4617s
  5850  2276 2750.42299   18  184 3004.22458 2741.29606  8.75%  86.1 4736s
  5964  2300 2910.38304   24  154 3004.22458 2742.02269  8.73%  87.2 4906s
  6074  2371 2838.64613   27  141 3004.22458 2742.20094  8.72%  87.7 5090s
  6274  2524 2770.58186   21  197 3004.22458 2742.86948  8.70%  87.5 5290s
  6658  2627 infeasible   31      3004.22458 2743.81284  8.67%  86.5 5487s
  6990  2700 2767.42614   26   46 3004.22458 2745.42862  8.61%  85.5 5710s
  7277  2805 infeasible   27      3004.22458 2745.92091  8.60%  85.0 6123s
  7655  2811 infeasible   22      3004.22458 2747.04035  8.56%  83.9 6239s
  7710  2852 2981.77268   30  203 3004.22458 2747.27246  8.55%  84.0 6371s
  7924  2883 2857.43340   23  204 3004.22458 2747.51586  8.54%  83.5 6505s
  7999  2999 2920.62941   23  117 3004.22458 2747.87441  8.53%  84.1 6658s
  8290  3099 infeasible   44      3004.22458 2747.97778  8.53%  83.6 6808s
  8581  3160 2852.98849   22  216 3004.22458 2748.56860  8.51%  83.7 6981s
  8826  3175 2939.12981   34  122 3004.22458 2748.99448  8.50%  83.7 7112s
  8947  3239 2789.27774   28  104 3004.22458 2749.19550  8.49%  83.5 7242s
  9090  3320 2919.32417   42  136 3004.22458 2749.51701  8.48%  84.2 7420s
  9325  3379 2846.48562   29   73 3004.22458 2750.03868  8.46%  83.8 7586s
  9542  3468 2882.36696   20  206 3004.22458 2750.56677  8.44%  83.8 7780s
  9764  3536 2940.37477   28   18 3004.22458 2751.38701  8.42%  84.5 7887s
  9916  3534     cutoff   33      3004.22458 2751.62147  8.41%  84.7 7921s
  9920  3542     cutoff   32      3004.22458 2751.65302  8.41%  84.6 7993s
  9948  3592 2785.00405   28   83 3004.22458 2752.00385  8.40%  84.5 8190s
 10104  3679 2805.10957   27  116 3004.22458 2752.17191  8.39%  84.5 8357s
 10365  3767 2789.41970   24   53 3004.22458 2752.72257  8.37%  83.7 8539s
 10634  3813 2908.22364   33   74 3004.22458 2753.15809  8.36%  82.9 8740s
 10830  3851 2829.15269   34  187 3004.22458 2753.33591  8.35%  83.4 8892s
 10983  3934 2762.95636   26  120 3004.22458 2753.39279  8.35%  83.7 9082s
 11312  4077 2969.28444   25   88 3004.22458 2753.89338  8.33%  82.6 9222s
 11655  4133 2926.71490   26  144 3004.22458 2754.23214  8.32%  83.0 9366s
 11926  4201 2874.53493   33   86 3004.22458 2754.89069  8.30%  83.4 9491s
 12117  4367 infeasible   19      3004.22458 2754.98255  8.30%  83.0 9649s
 12527  4490 2805.36475   18  167 3004.22458 2755.25057  8.29%  81.7 9807s
 12875  4493 infeasible   39      3004.22458 2755.89468  8.27%  80.9 9902s
 12880  4524 infeasible   40      3004.22458 2755.98469  8.26%  80.8 9987s
 12966  4607 2831.16313   30  174 3004.22458 2756.12628  8.26%  80.9 10129s
 13206  4689 2974.06103   40   60 3004.22458 2756.33553  8.25%  80.5 10258s
 13373  4763 2897.49407   31  258 3004.22458 2756.60645  8.24%  80.6 10398s
 13648  4817 2980.90124   34  183 3004.22458 2756.72643  8.24%  81.3 10495s
 13843  4897 2927.26838   31  115 3004.22458 2757.23899  8.22%  82.2 10597s
 14098  5029 2818.37914   26   98 3004.22458 2757.65634  8.21%  82.3 10720s
 14470  5128 2985.29471   54   52 3004.22458 2758.21887  8.19%  81.4 10859s
 14592  5128 2763.66113   22  197 3004.22458 2758.21887  8.19%  81.1 10860s
 14720  5129 2800.35971   23  273 3004.22458 2758.76866  8.17%  80.8 11981s
 14722  5130 2906.61884   46  155 3004.22458 2758.76866  8.17%  80.8 12004s
 14723  5131 2809.77985   27  245 3004.22458 2758.76866  8.17%  80.8 12019s
 14724  5132 2849.66681   40  267 3004.22458 2758.76866  8.17%  80.8 12027s
 14725  5132 2980.90129   35  270 3004.22458 2758.76866  8.17%  80.8 12032s
 14726  5133 2763.82195   30  253 3004.22458 2758.76866  8.17%  80.8 12037s
 14727  5134 2836.22172   28  293 3004.22458 2758.76866  8.17%  80.8 12042s
 14728  5134 2972.52431   45  296 3004.22458 2758.76866  8.17%  80.8 12046s
 14729  5135 2937.81902   32  389 3004.22458 2758.76866  8.17%  80.8 12050s
 14731  5136 2981.62502   33  420 3004.22458 2758.76866  8.17%  80.7 12059s
 14732  5137 2900.24101   20  445 3004.22458 2758.76866  8.17%  80.7 12064s
 14733  5138 2912.50665   31  376 3004.22458 2758.76866  8.17%  80.7 12068s
 14734  5138 2840.57267   31  364 3004.22458 2758.76866  8.17%  80.7 12072s
 14735  5139 2913.27600   32  382 3004.22458 2758.76866  8.17%  80.7 12075s
 14737  5140 2936.60099   31  392 3004.22458 2758.76866  8.17%  80.7 12082s
 14738  5141 2919.68395   29  451 3004.22458 2758.76866  8.17%  80.7 12086s
 14739  5142 2852.04236   22  402 3004.22458 2758.76866  8.17%  80.7 12092s
 14740  5142 2971.29485   37  534 3004.22458 2758.76866  8.17%  80.7 12099s
 14741  5143 2870.72650   39  526 3004.22458 2758.76866  8.17%  80.7 12108s
 14742  5144 2860.35236   50  558 3004.22458 2758.76866  8.17%  80.7 12165s
 14744  5145 2850.90594   29  558 3004.22458 2758.76866  8.17%  80.7 12173s
 14745  5146 2794.22222   33  554 3004.22458 2758.76866  8.17%  80.7 12177s
 14746  5146 2858.14231   43  555 3004.22458 2758.76866  8.17%  80.7 12220s
 14747  5147 2912.71178   21  566 3004.22458 2758.76866  8.17%  80.7 12268s
 14748  5148 2825.87327   24  576 3004.22458 2758.76866  8.17%  80.7 12272s
 14749  5148 2795.57064   22  570 3004.22458 2758.76866  8.17%  80.6 12314s
 14750  5149 2854.30046   35  583 3004.22458 2758.76866  8.17%  80.6 12371s
 14751  5150 2816.21570   23  562 3004.22458 2758.76866  8.17%  80.6 12417s
 14752  5150 2819.70777   27  580 3004.22458 2758.76866  8.17%  80.6 12473s
 14753  5151 2862.95560   29  589 3004.22458 2758.76866  8.17%  80.6 12514s
 14754  5152 2796.20010   25  583 3004.22458 2758.76866  8.17%  80.6 12562s
 14755  5152 2910.85573   26  584 3004.22458 2758.76866  8.17%  80.6 12565s
 14756  5153 2899.84663   43  590 3004.22458 2758.76866  8.17%  80.6 12611s
 14757  5154 2886.42263   33  615 3004.22458 2758.76866  8.17%  80.6 12667s
 14758  5154 2982.10757   30  619 3004.22458 2758.76866  8.17%  80.6 12716s
 14759  5155 2944.93173   26  611 3004.22458 2758.76866  8.17%  80.6 12757s
 14760  5156 2836.22859   26  621 3004.22458 2758.76866  8.17%  80.6 12795s
 14761  5156 2906.89219   39  623 3004.22458 2758.76866  8.17%  80.6 12841s
 14762  5157 2856.51590   28  625 3004.22458 2758.76866  8.17%  80.6 12881s
 14763  5158 2863.32573   28  615 3004.22458 2758.76866  8.17%  80.6 12933s
 14764  5158 2856.12445   27  614 3004.22458 2758.76866  8.17%  80.6 12969s
 14765  5159 2866.58446   32  596 3004.22458 2758.76866  8.17%  80.6 13021s
 14766  5160 2805.26885   26  603 3004.22458 2758.76866  8.17%  80.6 13068s
 14767  5160 2952.00688   29  608 3004.22458 2758.76866  8.17%  80.6 13122s
 14768  5161 2769.88398   31  613 3004.22458 2758.76866  8.17%  80.5 13163s
 14769  5162 2927.55548   33  615 3004.22458 2758.76866  8.17%  80.5 13225s
 14770  5162 2839.64621   24  618 3004.22458 2758.76866  8.17%  80.5 13277s
 14771  5163 2845.07190   50  625 3004.22458 2758.76866  8.17%  80.5 13344s
 14772  5164 2923.17635   26  626 3004.22458 2758.76866  8.17%  80.5 13396s
 14773  5164 2833.05967   25  625 3004.22458 2758.76866  8.17%  80.5 13460s
 14774  5165 2926.12362   35  633 3004.22458 2758.76866  8.17%  80.5 13513s
 14775  5166 2764.95048   32  597 3004.22458 2758.76866  8.17%  80.5 13576s
 14776  5166 2978.93188   35  601 3004.22458 2758.76866  8.17%  80.5 13581s
 14777  5167 2984.85268   26  601 3004.22458 2758.76866  8.17%  80.5 13585s
 14778  5168 2931.28686   39  623 3004.22458 2758.76866  8.17%  80.5 13636s
 14779  5168 2974.40478   27  615 3004.22458 2758.76866  8.17%  80.5 13689s
 14780  5169 2811.20385   33  633 3004.22458 2758.76866  8.17%  80.5 13694s
 14781  5170 2898.99199   35  627 3004.22458 2758.76866  8.17%  80.5 13698s
 14782  5170 2870.08346   27  623 3004.22458 2758.76866  8.17%  80.5 13745s

Cutting planes:
  Gomory: 2
  Cover: 43
  Implied bound: 535
  Projected implied bound: 1
  Clique: 27
  MIR: 60
  StrongCG: 21
  Flow cover: 62
  GUB cover: 92
  Zero half: 5
  Mod-K: 22
  RLT: 30
  Relax-and-lift: 79
  BQP: 4

Explored 14782 nodes (1236691 simplex iterations) in 13800.21 seconds (1305.53 work units)
Thread count was 2 (of 46 available processors)

Solution count 10: 3004.22 3004.22 3006.55 ... 4279.72

Time limit reached
Best objective 3.004224584524e+03, best bound 2.758768662399e+03, gap 8.1704%

Solve summary
-------------
Status code:       9
Objective:         3004.2245845242014
Objective bound:   2758.7686623987693
MIP gap:           0.08170358613995118
Has cycle:         False
Is acyclic:        True
Packages selected: 7 active packages

Packages
--------
   I1 | inactive_singleton | S=  0, C=  0, x=  0 | tasks=[1]
   A1 | active             | S=  0, C= 12, x= 20 | tasks=[2, 3, 4]
   I5 | inactive_singleton | S= 12, C= 22, x= 11 | tasks=[5]
   A2 | active             | S= 22, C= 57, x= 59 | tasks=[6, 7, 8, 9, 10]
  I11 | inactive_singleton | S= 57, C= 66, x= 15 | tasks=[11]
   A3 | active             | S= 66, C= 75, x= 18 | tasks=[12]
  I13 | inactive_singleton | S= 75, C= 83, x= 16 | tasks=[13]
   A4 | active             | S= 83, C=143, x=103 | tasks=[14, 15, 16, 17, 18, 19, 20, 21, 22, 23, 24, 25, 26, 27]
  I28 | inactive_singleton | S=143, C=150, x= 14 | tasks=[28]
  I29 | inactive_singleton | S=150, C=159, x= 16 | tasks=[29]
   A5 | active             | S=159, C=160, x=  1 | tasks=[30]
  I31 | inactive_singleton | S=160, C=163, x=  5 | tasks=[31]
   A6 | active             | S=163, C=183, x= 41 | tasks=[32, 33, 34, 35, 38]
  I36 | inactive_singleton | S=183, C=184, x=  1 | tasks=[36]
  I37 | inactive_singleton | S=183, C=187, x=  8 | tasks=[37]
   A7 | active             | S=187, C=199, x= 19 | tasks=[39, 40, 41]
  I42 | inactive_singleton | S=219, C=219, x=  0 | tasks=[42]

Solution JSON saved to: /home/23037696r/Documents/research/or_benchmark/wp/results/inactive_0.2/j40/j400902_7.json
Finish time     : 2026-08-13T22:50:00+08:00
