Slurm job ID    : 1975
Array task ID   : 67
Host            : 23037696r-i7809a0b3cd
Start time      : 2026-08-13T07:30:01+08:00
Instance        : /home/23037696r/Documents/research/or_benchmark/wp/instances/inactive_0.2/j40/j400702_7.sm
Output JSON     : /home/23037696r/Documents/research/or_benchmark/wp/results/inactive_0.2/j40/j400702_7.json
Gurobi log      : /home/23037696r/Documents/research/or_benchmark/wp/results/inactive_0.2/j40/logs/gurobi/j400702_7.log
Allocated CPUs  : 4
Running with command-line arguments
-----------------------------------
Instance file: /home/23037696r/Documents/research/or_benchmark/wp/instances/inactive_0.2/j40/j400702_7.sm
Instance summary
----------------
Tasks:          42
Active tasks:   32
Inactive tasks: 10
Arcs:           53
Total duration: 258
Total work:     380
Active work:    315
Delta (singleton critical-path makespan): 182
Chosen deadline: 201
Feasible by singleton schedule: yes
Deadline rule: automatic: d = ceil(1.1 * Delta) = 201
Set parameter Username
Set parameter LicenseID to value 2851961
Academic license - for non-commercial use only - expires 2027-08-07
Set parameter MIPGap to value 1e-06
Set parameter TimeLimit to value 13800
Set parameter Threads to value 4
Set parameter LogFile to value "/home/23037696r/Documents/research/or_benchmark/wp/results/inactive_0.2/j40/logs/gurobi/j400702_7.log"
Set parameter NumericFocus to value 1
Gurobi Optimizer version 13.0.2 build v13.0.2rc1 (linux64 - "Ubuntu 22.04.3 LTS")

CPU model: Intel Xeon Processor (Cascadelake), instruction set [SSE2|AVX|AVX2|AVX512]
Thread count: 46 physical cores, 46 logical processors, using up to 4 threads

Non-default parameters:
TimeLimit  13800
MIPGap  1e-06
NumericFocus  1
Threads  4

Optimize a model with 51669 rows, 28038 columns and 191401 nonzeros (Min)
Model fingerprint: 0xb6ee1591
Model has 18152 linear objective coefficients and an objective constant of 7.5396921270625194e+02
Variable types: 6464 continuous, 21574 integer (21374 binary)
Coefficient statistics:
  Matrix range     [1e+00, 3e+02]
  Objective range  [1e-02, 2e+03]
  Bounds range     [1e+00, 3e+02]
  RHS range        [1e+00, 3e+02]

Presolve removed 38420 rows and 9092 columns (presolve time = 6s)...
Presolve removed 38667 rows and 9128 columns (presolve time = 10s)...
Presolve removed 39215 rows and 10229 columns (presolve time = 15s)...
Presolve removed 39279 rows and 10248 columns (presolve time = 20s)...
Presolve removed 39271 rows and 10240 columns
Presolve time: 23.89s
Presolved: 12398 rows, 17798 columns, 96802 nonzeros
Variable types: 0 continuous, 17798 integer (11614 binary)
Found heuristic solution: objective 4469.8282881

Root simplex log...

Iteration    Objective       Primal Inf.    Dual Inf.      Time
       0    1.0539692e+03   6.028125e+02   0.000000e+00     26s
    3435    2.6749548e+03   0.000000e+00   0.000000e+00     28s

Root relaxation: objective 2.674955e+03, 3435 iterations, 2.48 seconds (0.28 work units)

    Nodes    |    Current Node    |     Objective Bounds      |     Work
 Expl Unexpl |  Obj  Depth IntInf | Incumbent    BestBd   Gap | It/Node Time

     0     0 2674.95479    0   96 4469.82829 2674.95479  40.2%     -   29s
     0     0 2675.21239    0  113 4469.82829 2675.21239  40.1%     -   30s
H    0     0                    4371.3217064 2675.21239  38.8%     -   32s
H    0     0                    4304.4823937 2713.33012  37.0%     -   41s
H    0     0                    4223.1034490 2713.33012  35.8%     -   41s
     0     0 2713.35974    0  109 4223.10345 2713.35974  35.7%     -   42s
H    0     0                    4220.3607510 2713.36026  35.7%     -   44s
H    0     0                    4192.8071162 2713.36026  35.3%     -   44s
     0     0 2713.42950    0  113 4192.80712 2713.42950  35.3%     -   45s
H    0     0                    3884.3556049 2725.96885  29.8%     -   50s
     0     0 2725.96885    0  208 3884.35560 2725.96885  29.8%     -   52s
     0     0 2725.98172    0  212 3884.35560 2725.98172  29.8%     -   53s
     0     0 2726.02283    0  245 3884.35560 2726.02283  29.8%     -   53s
     0     0 2726.04679    0  236 3884.35560 2726.04679  29.8%     -   54s
     0     0 2726.06514    0  237 3884.35560 2726.06514  29.8%     -   54s
     0     0 2726.07692    0  237 3884.35560 2726.07692  29.8%     -   55s
     0     0 2726.08763    0  236 3884.35560 2726.08763  29.8%     -   55s
     0     0 2726.09544    0  236 3884.35560 2726.09544  29.8%     -   56s
     0     0 2726.10256    0  236 3884.35560 2726.10256  29.8%     -   56s
     0     0 2726.10913    0  235 3884.35560 2726.10913  29.8%     -   56s
     0     0 2726.11361    0  236 3884.35560 2726.11361  29.8%     -   57s
H    0     0                    3882.0223984 2726.36875  29.8%     -   59s
H    0     0                    3827.9026096 2726.36875  28.8%     -   59s
H    0     0                    3826.7415383 2726.36875  28.8%     -   60s
H    0     0                    3818.3695880 2726.36875  28.6%     -   60s
H    0     0                    3806.9221532 2726.36875  28.4%     -   60s
     0     0 2726.36875    0  242 3806.92215 2726.36875  28.4%     -   60s
     0     0 2726.36920    0  242 3806.92215 2726.36920  28.4%     -   61s
     0     0 2726.36963    0  242 3806.92215 2726.36963  28.4%     -   61s
     0     0 2726.37007    0  242 3806.92215 2726.37007  28.4%     -   61s
     0     0 2726.37049    0  242 3806.92215 2726.37049  28.4%     -   62s
     0     0 2726.37092    0  240 3806.92215 2726.37092  28.4%     -   62s
     0     0 2726.37134    0  240 3806.92215 2726.37134  28.4%     -   63s
     0     0 2726.37176    0  240 3806.92215 2726.37176  28.4%     -   63s
     0     0 2726.37217    0  240 3806.92215 2726.37217  28.4%     -   63s
     0     0 2726.38840    0  242 3806.92215 2726.38840  28.4%     -   64s
     0     0 2726.38929    0  242 3806.92215 2726.38929  28.4%     -   64s
     0     0 2726.55309    0  238 3806.92215 2726.55309  28.4%     -   65s
     0     0 2726.55391    0  238 3806.92215 2726.55391  28.4%     -   66s
     0     0 2726.55478    0  238 3806.92215 2726.55478  28.4%     -   66s
     0     0 2726.55561    0  239 3806.92215 2726.55561  28.4%     -   67s
     0     0 2726.55640    0  239 3806.92215 2726.55640  28.4%     -   67s
     0     0 2726.55717    0  239 3806.92215 2726.55717  28.4%     -   67s
     0     0 2726.55791    0  239 3806.92215 2726.55791  28.4%     -   67s
     0     0 2726.55863    0  239 3806.92215 2726.55863  28.4%     -   68s
     0     0 2726.55932    0  240 3806.92215 2726.55932  28.4%     -   68s
     0     0 2726.55999    0  240 3806.92215 2726.55999  28.4%     -   68s
     0     0 2726.56063    0  240 3806.92215 2726.56063  28.4%     -   69s
     0     0 2726.56148    0  241 3806.92215 2726.56148  28.4%     -   69s
     0     0 2726.56211    0  241 3806.92215 2726.56211  28.4%     -   70s
     0     0 2726.56272    0  241 3806.92215 2726.56272  28.4%     -   70s
     0     0 2726.56331    0  241 3806.92215 2726.56331  28.4%     -   70s
     0     0 2726.56388    0  241 3806.92215 2726.56388  28.4%     -   71s
     0     0 2726.56444    0  241 3806.92215 2726.56444  28.4%     -   71s
     0     0 2726.56498    0  241 3806.92215 2726.56498  28.4%     -   71s
     0     0 2726.56562    0  241 3806.92215 2726.56562  28.4%     -   71s
     0     0 2726.57038    0  240 3806.92215 2726.57038  28.4%     -   72s
     0     0 2726.57057    0  240 3806.92215 2726.57057  28.4%     -   72s
     0     0 2726.57075    0  240 3806.92215 2726.57075  28.4%     -   72s
H    0     0                    3806.7262604 2726.57121  28.4%     -   73s
     0     0 2726.57121    0  243 3806.72626 2726.57121  28.4%     -   73s
     0     0 2726.57140    0  243 3806.72626 2726.57140  28.4%     -   73s
     0     0 2726.57159    0  243 3806.72626 2726.57159  28.4%     -   73s
     0     0 2726.57177    0  243 3806.72626 2726.57177  28.4%     -   74s
     0     0 2726.57195    0  243 3806.72626 2726.57195  28.4%     -   74s
     0     0 2726.57215    0  243 3806.72626 2726.57215  28.4%     -   74s
     0     0 2726.57234    0  243 3806.72626 2726.57234  28.4%     -   75s
     0     0 2726.57253    0  243 3806.72626 2726.57253  28.4%     -   75s
     0     0 2726.57272    0  243 3806.72626 2726.57272  28.4%     -   75s
     0     0 2726.57290    0  243 3806.72626 2726.57290  28.4%     -   75s
     0     0 2726.57309    0  243 3806.72626 2726.57309  28.4%     -   76s
     0     0 2731.97368    0  197 3806.72626 2731.97368  28.2%     -   81s
H    0     0                    3049.3003779 2731.97429  10.4%     -   83s
     0     0 2732.41704    0  194 3049.30038 2732.41704  10.4%     -   84s
     0     0 2732.48431    0  196 3049.30038 2732.48431  10.4%     -   85s
     0     0 2732.50863    0  217 3049.30038 2732.50863  10.4%     -   87s
     0     0 2732.51023    0  219 3049.30038 2732.51023  10.4%     -   88s
     0     0 2737.32121    0  152 3049.30038 2737.32121  10.2%     -   95s
H    0     0                    3046.1623100 2737.32131  10.1%     -   98s
H    0     0                    3041.9865925 2737.32131  10.0%     -   98s
     0     0 2738.99535    0  223 3041.98659 2738.99535  10.0%     -  101s
     0     0 2740.02458    0  219 3041.98659 2740.02458  9.93%     -  104s
     0     0 2740.06348    0  228 3041.98659 2740.06348  9.93%     -  105s
     0     0 2740.06414    0  234 3041.98659 2740.06414  9.93%     -  106s
     0     0 2741.47951    0  201 3041.98659 2741.47951  9.88%     -  111s
H    0     0                    3034.7536038 2741.47992  9.66%     -  113s
     0     0 2741.60760    0  219 3034.75360 2741.60760  9.66%     -  113s
     0     0 2741.62973    0  208 3034.75360 2741.62973  9.66%     -  114s
     0     0 2741.64244    0  231 3034.75360 2741.64244  9.66%     -  115s
     0     0 2741.65082    0  218 3034.75360 2741.65082  9.66%     -  116s
     0     0 2741.72923    0  221 3034.75360 2741.72923  9.66%     -  118s
H    0     0                    3025.4381512 2741.72956  9.38%     -  120s
     0     0 2741.89377    0  234 3025.43815 2741.89377  9.37%     -  121s
     0     0 2742.00512    0  222 3025.43815 2742.00512  9.37%     -  122s
     0     0 2742.01164    0  220 3025.43815 2742.01164  9.37%     -  122s
     0     0 2742.01773    0  221 3025.43815 2742.01773  9.37%     -  124s
     0     0 2742.01797    0  221 3025.43815 2742.01797  9.37%     -  126s
     0     0 2742.01797    0  213 3025.43815 2742.01797  9.37%     -  127s
     0     2 2742.55272    0  213 3025.43815 2742.55272  9.35%     -  134s
     1     4 2742.55272    1  212 3025.43815 2742.55272  9.35%  11.0  135s
    15    17 2745.18371    5  199 3025.43815 2742.55272  9.35%   209  140s
    48    48 2760.52166    8  151 3025.43815 2742.55272  9.35%   123  145s
    85    80 2755.00861   10  186 3025.43815 2742.55272  9.35%  88.5  150s
   112   101 2757.88343   13  196 3025.43815 2742.55272  9.35%  81.8  155s
   151   130 2796.83973   17  164 3025.43815 2742.55272  9.35%  90.0  160s
   204   172 2799.38866   25  142 3025.43815 2742.55272  9.35%  84.9  166s
   259   220 2852.32171   30  156 3025.43815 2742.55272  9.35%  80.9  172s
   319   241 infeasible   40      3025.43815 2742.55272  9.35%  70.4  175s
   339   254 2962.85138   44  114 3025.43815 2742.55272  9.35%  68.5  180s
   364   293 2962.85536   49  114 3025.43815 2742.55272  9.35%  64.6  188s
   402   305 2962.88069   60  114 3025.43815 2743.14604  9.33%  60.0  191s
   420   365 2962.89799   64  114 3025.43815 2743.14604  9.33%  59.1  196s
   508   438 2962.93873   97  117 3025.43815 2743.14604  9.33%  51.7  202s
   562   502 infeasible  121      3025.43815 2743.14604  9.33%  47.0  208s
   632   578 2964.84490  148   99 3025.43815 2743.14604  9.33%  43.5  214s
   718   672 2967.23721  175   94 3025.43815 2743.14604  9.33%  39.3  220s
   813   730 2967.21530  205   99 3025.43815 2743.14604  9.33%  35.7  225s
   902   812 2967.68590  236   93 3025.43815 2743.14604  9.33%  33.5  232s
  1003   866 2970.26001  268   91 3025.43815 2744.37545  9.29%  31.8  239s
  1072   909 2971.32761  299   68 3025.43815 2744.37545  9.29%  31.8  244s
  1117   953 2971.36257  318   65 3025.43815 2744.37545  9.29%  32.0  250s
  1165   954 2994.12041  158  213 3025.43815 2744.37545  9.29%  31.7  316s
  1167   955 2971.50571  354  110 3025.43815 2744.37545  9.29%  31.7  335s
  1168   956 2939.81876   95  273 3025.43815 2744.37545  9.29%  31.7  354s
  1169   957 2967.17623  180  298 3025.43815 2746.75485  9.21%  31.6  360s
  1171   958 2967.31752  201  314 3025.43815 2749.65712  9.12%  31.6  367s
  1172   959 2982.09069   35  322 3025.43815 2751.89618  9.04%  31.6  370s
  1174   960 2944.49830  147  312 3025.43815 2758.65245  8.82%  31.5  376s
  1175   961 2995.49998  334  309 3025.43815 2758.65329  8.82%  31.5  381s
  1176   961 2962.90589   67  365 3025.43815 2764.93788  8.61%  31.4  398s
  1177   962 2966.14317  164  220 3025.43815 2765.81196  8.58%  31.4  409s
  1178   963 2971.50571  354  246 3025.43815 2766.24603  8.57%  31.4  411s
  1180   964 2824.53785   37  257 3025.43815 2766.64667  8.55%  31.3  417s
  1181   965 2887.12543   72  367 3025.43815 2770.65765  8.42%  31.3  428s
  1182   965 2808.09106   10  355 3025.43815 2772.55847  8.36%  31.3  437s
  1183   966 2817.68998   46  244 3025.43815 2774.12586  8.31%  31.3  441s
  1185   967 2971.03732  274  371 3025.43815 2775.11584  8.27%  31.2  446s
  1187   969 2816.69651   37  381 3025.43815 2775.17941  8.27%  31.2  452s
  1188   969 2817.24906   29  328 3025.43815 2781.71762  8.06%  31.1  465s
  1189   970 2967.96708  228  356 3025.43815 2783.55176  8.00%  31.1  487s
  1191   971 2812.42975   29  357 3025.43815 2783.95107  7.98%  31.0  492s
  1193   973 2972.71061  145  413 3025.43815 2783.99811  7.98%  31.0  496s
  1194   973 2784.00846   11  417 3025.43815 2784.00846  7.98%  31.0  512s
  1195   974 2945.67552  191  420 3025.43815 2784.56207  7.96%  30.9  533s
  1196   975 2998.43600  343  413 3025.43815 2784.74234  7.96%  30.9  555s
  1198   976 2878.63856   29  432 3025.43815 2785.03767  7.95%  30.9  560s
  1200   977 2994.10513   49  439 3025.43815 2785.07046  7.94%  30.8  571s
  1201   978 2947.75486  241  434 3025.43815 2785.23099  7.94%  30.8  579s
  1202   979 2970.00187  213  441 3025.43815 2785.25041  7.94%  30.8  590s
  1205   981 2785.33014    7  448 3025.43815 2785.33014  7.94%  30.7  600s
  1206   981 2974.69419  345  436 3025.43815 2785.57863  7.93%  30.7  606s
  1207   982 2948.29910  247  436 3025.43815 2785.84603  7.92%  30.6  611s
  1209   983 2966.01070  143  444 3025.43815 2785.86652  7.92%  30.6  618s
  1210   984 2973.50880  279  430 3025.43815 2786.11251  7.91%  30.6  623s
  1211   985 2964.76013  139  445 3025.43815 2786.16231  7.91%  30.5  626s
  1212   985 2887.77430   94  443 3025.43815 2786.17155  7.91%  30.5  631s
  1213   986 2944.52116  173  409 3025.43815 2786.32751  7.90%  30.5  641s
  1214   987 2786.52048    8  462 3025.43815 2786.52048  7.90%  30.5  650s
  1216   988 2791.01839   22  466 3025.43815 2786.61279  7.89%  30.4  656s
  1218   989 2982.62223  270  476 3025.43815 2786.63674  7.89%  30.4  661s
  1219   990 2940.14889  109  457 3025.43815 2786.76415  7.89%  30.3  670s
  1221   991 2930.34775   38  476 3025.43815 2786.81329  7.89%  30.3  676s
  1222   992 2970.26351  269  480 3025.43815 2786.82037  7.89%  30.3  681s
  1223   993 2794.70317   17  456 3025.43815 2787.47567  7.87%  30.2  691s
  1224   993 2968.62058  239  464 3025.43815 2787.47567  7.87%  30.2  697s
  1225   994 2815.51819   32  470 3025.43815 2787.47567  7.87%  30.2  701s
  1226   995 2941.10239   89  475 3025.43815 2787.47567  7.87%  30.2  711s
  1227   995 2962.93903   79  472 3025.43815 2787.47567  7.87%  30.1  724s
  1228   996 2975.48598  283  469 3025.43815 2787.47567  7.87%  30.1  732s
  1229   997 2832.43592   34  481 3025.43815 2787.47567  7.87%  30.1  737s
  1230   997 2876.19863   41  490 3025.43815 2787.47567  7.87%  30.1  743s
  1231   998 2823.20924   32  485 3025.43815 2787.47567  7.87%  30.0  752s
  1232   999 2887.06613   60  471 3025.43815 2787.47567  7.87%  30.0  759s
  1233   999 2967.94117  219  486 3025.43815 2787.47567  7.87%  30.0  770s
  1234  1000 2962.98491   86  470 3025.43815 2787.47567  7.87%  30.0  779s
  1235  1001 2904.72955   71  476 3025.43815 2787.47567  7.87%  29.9  791s
  1236  1001 2967.43343  211  392 3025.43815 2788.36124  7.84%  29.9  798s
  1237  1002 2941.44319  122  397 3025.43815 2788.70613  7.82%  29.9  800s
  1240  1004 2788.89113   11  446 3025.43815 2788.89113  7.82%  29.8  808s
  1241  1005 2969.30126   53  405 3025.43815 2791.07858  7.75%  29.8  816s
  1243  1006 2791.72754   25  389 3025.43815 2791.72754  7.72%  29.7  820s
  1246  1008 2946.13338  200  409 3025.43815 2791.78482  7.72%  29.7  825s
  1247  1009 2941.09177  114  395 3025.43815 2792.01598  7.72%  29.7  838s
  1248  1009 2968.12637  231  421 3025.43815 2792.09788  7.71%  29.6  845s
  1251  1011 2946.74428   48  384 3025.43815 2792.21063  7.71%  29.6  855s
  1253  1013 2969.20450   95  394 3025.43815 2792.26074  7.71%  29.5  860s
  1255  1014 2967.20686  188  407 3025.43815 2792.26520  7.71%  29.5  866s
  1256  1015 2994.12041  158  403 3025.43815 2792.26522  7.71%  29.4  871s
  1259  1017 2949.48212   75  499 3025.43815 2792.34827  7.70%  29.4  878s
  1262  1020 2946.26269  219  213 3025.43815 2792.34827  7.70%  67.3  891s
  1264  1021 2894.92648   77  105 3025.43815 2792.34827  7.70%  67.2  902s
  1265  1022 2994.12041  158  258 3025.43815 2792.34827  7.70%  67.1  912s
  1266  1023 2939.85809  101  286 3025.43815 2792.44364  7.70%  67.1  919s
  1267  1023 2971.50571  354  355 3025.43815 2792.44364  7.70%  67.0  921s
  1269  1025 2967.17623  180  380 3025.43815 2792.44364  7.70%  66.9  928s
  1270  1025 2802.26135   18  320 3025.43815 2792.44364  7.70%  66.9  931s
  1272  1027 2982.09069   35  451 3025.43815 2792.44364  7.70%  66.8  938s
  1273  1027 2792.44364    5  448 3025.43815 2792.44364  7.70%  66.7  941s
  1275  1029 2995.49998  334  278 3025.43815 2792.44364  7.70%  66.6  948s
  1276  1029 2962.90589   67  424 3025.43815 2792.44364  7.70%  66.6  953s
  1278  1031 2971.50571  354  444 3025.43815 2792.44364  7.70%  66.5  955s
  1281  1033 2887.12543   72  453 3025.43815 2792.44364  7.70%  66.3  961s
  1284  1035 2974.49739  281  475 3025.43815 2792.44364  7.70%  66.2  966s
  1286  1036 2792.44364    9  474 3025.43815 2792.44364  7.70%  66.0  981s
  1287  1037 2816.69651   37  387 3025.43815 2792.44364  7.70%  66.0  992s
  1288  1037 2817.24906   29  484 3025.43815 2792.44364  7.70%  65.9 1003s
  1289  1038 2967.96708  228  471 3025.43815 2792.44364  7.70%  65.9 1005s
  1292  1040 2897.03335   50  459 3025.43815 2792.51525  7.70%  65.7 1011s
  1293  1041 2972.71061  145  462 3025.43815 2792.51700  7.70%  65.7 1027s
  1294  1041 2794.11750   11  382 3025.43815 2794.11750  7.65%  65.6 1036s
  1295  1042 2945.67552  191  384 3025.43815 2794.18126  7.64%  65.6 1051s
  1297  1043 2996.35989   55  472 3025.43815 2794.22909  7.64%  65.5 1067s
  1298  1044 2878.63856   29  483 3025.43815 2794.32945  7.64%  65.4 1075s
  1299  1045 2939.84276   99  477 3025.43815 2794.37767  7.64%  65.4 1099s
  1300  1045 2994.10513   49  482 3025.43815 2794.49327  7.63%  65.3 1101s
  1301  1046 2947.75486  241  482 3025.43815 2794.49461  7.63%  65.3 1111s
  1302  1047 2970.00187  213  396 3025.43815 2794.52667  7.63%  65.2 1121s
  1303  1047 2999.93399  347  404 3025.43815 2794.53084  7.63%  65.2 1154s
  1304  1048 2948.29910  247  408 3025.43815 2794.53582  7.63%  65.1 1163s
  1305  1049 2794.54200    7  412 3025.43815 2794.54200  7.63%  65.1 1192s
  1306  1049 2974.69419  345  375 3025.43815 2797.09874  7.55%  65.0 1205s
  1307  1050 2948.29910  247  392 3025.43815 2797.09874  7.55%  65.0 1216s
  1308  1051 2967.99457  222  398 3025.43815 2797.09874  7.55%  64.9 1221s
  1309  1051 2966.01070  143  398 3025.43815 2797.09874  7.55%  64.9 1230s
  1310  1052 2973.50880  279  391 3025.43815 2797.09874  7.55%  64.8 1241s
  1312  1053 2887.77430   94  389 3025.43815 2797.09874  7.55%  64.7 1246s
  1314  1055 2797.09874    8  351 3025.43815 2797.09874  7.55%  64.6 1256s
  1316  1056 2797.09874   22  377 3025.43815 2797.09874  7.55%  64.5 1260s
  1318  1057 2982.62223  270  361 3025.43815 2797.09874  7.55%  64.4 1268s
  1319  1058 2940.14889  109  362 3025.43815 2797.09874  7.55%  64.4 1270s
  1322  1060 2970.26351  269  359 3025.43815 2797.09874  7.55%  64.3 1279s
  1323  1061 2797.09874   17  365 3025.43815 2797.09874  7.55%  64.2 1282s
  1324  1061 2968.62058  239  424 3025.43815 2797.09874  7.55%  64.2 1295s
  1326  1063 2941.10239   89  431 3025.43815 2797.09874  7.55%  64.1 1305s
  1328  1064 2975.48598  283  432 3025.43815 2797.14731  7.55%  64.0 1314s
  1329  1065 2832.43592   34  440 3025.43815 2797.14731  7.55%  63.9 1325s
  1330  1065 2876.19863   41  469 3025.43815 2797.14731  7.55%  63.9 1336s
  1331  1066 2823.20924   32  459 3025.43815 2797.14731  7.55%  63.8 1358s
  1332  1067 2887.06613   60  459 3025.43815 2797.14731  7.55%  63.8 1369s
  1333  1070 2803.87278   20  294 3025.43815 2797.29492  7.54%  92.2 1376s
  1335  1074 2804.56021   21  260 3025.43815 2800.31449  7.44%  93.1 1384s
  1339  1074 2811.66936   22  268 3025.43815 2801.27246  7.41%  95.4 1392s
  1343  1087 2817.28251   23  256 3025.43815 2802.89677  7.36%  96.3 1401s
  1357  1091 2825.50139   24  193 3025.43815 2804.77964  7.29%  97.5 1416s
  1366  1093 2830.09458   24  156 3025.43815 2804.77964  7.29%  98.4 1422s
  1371  1106 2843.32550   25  143 3025.43815 2804.77964  7.29%  99.1 1427s
  1385  1111 2829.80385   25  170 3025.43815 2804.77964  7.29%   100 1435s
  1405  1123 2865.62480   26  138 3025.43815 2804.77964  7.29%   101 1443s
  1414  1128 2837.22039   27  121 3025.43815 2804.77964  7.29%   102 1446s
  1432  1143 2836.73661   28  122 3025.43815 2804.77964  7.29%   103 1450s
  1469  1162 2837.39055   29  123 3025.43815 2804.77964  7.29%   104 1456s
  1484  1167 2879.15150   30   55 3025.43815 2804.77964  7.29%   103 1463s
  1498  1171 2879.71916   32   54 3025.43815 2806.25460  7.24%   104 1468s
  1513  1181 2855.71785   35   71 3025.43815 2806.25460  7.24%   104 1473s
  1530  1195 2884.01401   38   46 3025.43815 2808.17786  7.18%   104 1478s
  1549  1202 2918.58837   41   35 3025.43815 2808.17786  7.18%   103 1483s
  1572  1211 2885.23481   44   46 3025.43815 2808.17786  7.18%   102 1488s
  1598  1218 2885.84452   47   46 3025.43815 2808.17786  7.18%   102 1494s
  1625  1224 2887.89799   50   44 3025.43815 2808.18199  7.18%   101 1501s
  1641  1231 2983.37904   52   24 3025.43815 2808.18199  7.18%   101 1508s
  1668  1234 2953.72872   56   23 3025.43815 2808.18199  7.18%   100 1515s
  1706  1240 2959.30091   63   20 3025.43815 2808.18199  7.18%  99.0 1522s
  1752  1243 2967.83768   71   23 3025.43815 2808.18199  7.18%  97.4 1531s
  1795  1250 2826.81406   24  130 3025.43815 2812.15179  7.05%  96.6 1544s
  1826  1257 2826.81419   26  131 3025.43815 2812.15179  7.05%  96.2 1553s
  1843  1271 2828.00448   29  120 3025.43815 2812.15179  7.05%  96.4 1562s
  1863  1271 2829.93053   31  119 3025.43815 2812.15179  7.05%  96.3 1592s
  1899  1276 2835.70291   37  119 3025.43815 2812.15179  7.05%  96.6 1606s
  1939  1280 2845.74521   40   92 3025.43815 2812.15179  7.05%  97.7 1616s
  1977  1304 2904.63986   46   55 3025.43815 2812.94255  7.02%  97.3 1631s
  2039  1306 2813.44013   30   66 3025.43815 2813.33762  7.01%  96.3 1641s
  2070  1357 2823.30891   37   73 3025.43815 2813.33762  7.01%  96.0 1651s
  2153  1368 2948.02412   45   33 3025.43815 2813.38801  7.01%  95.4 1664s
  2234  1341 2841.94161   29  131 3025.43815 2813.38801  7.01%  94.3 1665s
  2236  1378 2992.29930   33   58 3025.43815 2813.44032  7.01%  94.5 1686s
  2316  1382 2820.52563   37   81 3025.43815 2813.44032  7.01%  94.0 1700s
  2401  1403 infeasible   52      3025.43815 2817.74274  6.86%  93.0 1740s
  2492  1401 2953.64964   49   67 3025.43815 2819.15662  6.82%  92.2 1752s
  2577  1427 2926.62514   31   70 3025.43815 2819.35573  6.81%  92.6 1772s
  2717  1417 3004.60668   43   22 3025.43815 2820.39228  6.78%  91.1 1791s
  2832  1413 2888.75706   45   38 3025.43815 2821.00449  6.76%  90.1 1807s
  2889  1430 3024.00263   45   67 3025.43815 2822.55098  6.71%  90.3 1829s
  3008  1420 2951.98673   38   65 3025.43815 2825.46372  6.61%  89.3 1867s
  3141  1448 2981.05109   35   82 3025.43815 2826.66013  6.57%  88.5 1915s
  3261  1477 2861.87012   30  113 3025.43815 2826.81768  6.57%  87.6 1937s
  3347  1509 2885.38472   42   87 3025.43815 2826.81768  6.57%  87.0 1962s
  3477  1518 2839.48778   26  187 3025.43815 2827.89565  6.53%  87.1 1982s
  3606  1497 2854.93718   28  124 3025.43815 2827.89565  6.53%  86.8 1993s
  3640  1521 2879.07520   31   69 3025.43815 2827.89565  6.53%  87.0 2007s
  3694  1563 2962.21230   42   75 3025.43815 2827.89565  6.53%  86.7 2027s
  3807  1548 2886.54200   30  148 3025.43815 2830.94234  6.43%  86.9 2058s
  3878  1592 2964.53471   37  139 3025.43815 2830.94234  6.43%  87.5 2083s
  4002  1575 2874.15946   27  139 3025.43815 2833.50664  6.34%  87.3 2106s
  4036  1604 2877.29113   33  183 3025.43815 2833.50664  6.34%  87.1 2134s
  4100  1627 2902.23031   36   99 3025.43815 2833.50664  6.34%  87.3 2168s
  4184  1617 2924.64693   32   71 3025.43815 2835.10694  6.29%  87.2 2208s
  4226  1640 2999.66178   39   69 3025.43815 2835.14423  6.29%  87.8 2240s
  4303  1704 2878.53811   28  192 3025.43815 2835.14423  6.29%  88.4 2287s
  4446  1738 2894.36659   32  113 3025.43815 2835.14423  6.29%  88.2 2326s
  4590  1869 2898.23564   36  113 3025.43815 2835.74535  6.27%  88.7 2360s
  4847  1960 2970.87523   42   89 3025.43815 2837.01743  6.23%  88.4 2388s
  5087  2100 2991.39746   37   87 3025.43815 2837.01743  6.23%  88.2 2431s
  5408  2200 2910.83508   38   87 3025.43815 2838.10044  6.19%  87.3 2462s
  5651  2380 infeasible   42      3025.43815 2838.48952  6.18%  87.7 2507s
  6061  2486 2937.61084   40   75 3025.43815 2839.02621  6.16%  87.2 2547s
  6308  2606 2884.06767   28  181 3025.43815 2839.36589  6.15%  87.4 2593s
  6619  2747 3001.74871   42   91 3025.43815 2839.96432  6.13%  87.3 2645s
  6972  2943 2978.16475   52   63 3025.43815 2840.19584  6.12%  86.4 2696s
  7377  3093 2900.20981   36   86 3025.43815 2840.87090  6.10%  86.2 2738s
  7735  3251 2865.46717   49   90 3025.43815 2841.23453  6.09%  85.5 2798s
  8220  3330 2868.64044   45   60 3025.43815 2842.27822  6.05%  84.5 2837s
  8432  3484 2884.04172   32  107 3025.43815 2842.27822  6.05%  84.5 2882s
  8861  3601     cutoff   50      3025.43815 2842.72467  6.04%  84.6 2942s
  9228  3833 2993.79166   57   58 3025.43815 2843.49376  6.01%  84.7 3013s
  9800  3900 2977.67499   55   45 3025.43815 2843.89749  6.00%  84.5 3060s
 10073  4128 2883.57442   41   66 3025.43815 2844.63271  5.98%  84.2 3132s
 10645  4129 2903.62575   40  213 3025.43815 2845.64017  5.94%  83.4 3525s
 10647  4130 2874.10272   50  245 3025.43815 2845.64017  5.94%  83.4 3560s
 10648  4131 2903.76856   32  442 3025.43815 2845.64017  5.94%  83.4 3574s
 10649  4132 2910.25144   30  466 3025.43815 2845.64017  5.94%  83.4 3582s
 10650  4132 2949.28894   51  479 3025.43815 2845.64017  5.94%  83.4 3588s
 10651  4133 2957.27456   36  481 3025.43815 2845.64017  5.94%  83.4 3590s
 10653  4134 2951.91981   38  743 3025.43815 2845.64017  5.94%  83.3 3603s
 10654  4135 2975.54814   31  629 3025.43815 2845.64017  5.94%  83.3 3606s
 10656  4136 2997.09023   51  714 3025.43815 2845.64017  5.94%  83.3 3615s
 10658  4138 2922.52262   47  615 3025.43815 2845.64017  5.94%  83.3 3622s
 10660  4139 2944.95060   57  543 3025.43815 2845.64017  5.94%  83.3 3626s
 10662  4140 3000.90434   37  565 3025.43815 2845.64017  5.94%  83.3 3632s
 10664  4142 2850.78806   37  565 3025.43815 2845.64017  5.94%  83.2 3636s
 10667  4144 2885.99224   32  627 3025.43815 2845.64017  5.94%  83.2 3641s
 10670  4146 2902.31382   35  640 3025.43815 2845.64017  5.94%  83.2 3646s
 10672  4147 2919.52690   34  586 3025.43815 2845.64017  5.94%  83.2 3650s
 10675  4149 2966.16333   36  597 3025.43815 2845.64017  5.94%  83.2 3656s
 10678  4151 2899.10238   49  596 3025.43815 2845.64017  5.94%  83.1 3663s
 10679  4152 2952.32277   26  653 3025.43815 2845.64017  5.94%  83.1 3674s
 10680  4152 2924.82046   46  663 3025.43815 2845.64017  5.94%  83.1 3678s
 10681  4153 2907.32466   50  659 3025.43815 2845.64017  5.94%  83.1 3680s
 10683  4154 2915.63816   46  677 3025.43815 2845.64017  5.94%  83.1 3685s
 10684  4155 2961.58227   54  675 3025.43815 2845.64017  5.94%  83.1 3695s
 10687  4157 2901.37567   38  685 3025.43815 2845.64017  5.94%  83.1 3719s
 10688  4158 2970.85411   49  660 3025.43815 2845.64017  5.94%  83.1 3734s
 10689  4158 2995.18325   28  673 3025.43815 2845.64017  5.94%  83.1 3754s
 10690  4159 2982.03196   45  674 3025.43815 2845.64017  5.94%  83.0 3775s
 10691  4160 2988.27273   40  668 3025.43815 2845.64017  5.94%  83.0 3785s
 10692  4160 2851.95985   39  677 3025.43815 2845.64017  5.94%  83.0 3822s
 10693  4161 2881.34741   35  676 3025.43815 2845.64017  5.94%  83.0 3835s
 10694  4162 2957.54459   59  692 3025.43815 2845.64017  5.94%  83.0 3862s
 10695  4162 2897.85583   38  693 3025.43815 2845.64017  5.94%  83.0 3888s
 10696  4163 2874.24201   31  688 3025.43815 2845.64017  5.94%  83.0 3894s
 10697  4164 2962.37375   41  698 3025.43815 2845.64017  5.94%  83.0 3925s
 10698  4164 2863.64191   26  690 3025.43815 2845.64017  5.94%  83.0 3935s
 10699  4165 2859.34692   43  696 3025.43815 2845.64017  5.94%  83.0 3973s
 10700  4166 2968.11621   48  680 3025.43815 2845.64017  5.94%  83.0 3982s
 10701  4166 2856.19630   40  692 3025.43815 2845.64017  5.94%  83.0 4021s
 10702  4167 2851.22641   29  689 3025.43815 2845.64017  5.94%  83.0 4037s
 10703  4168 2933.68672   61  683 3025.43815 2845.64017  5.94%  82.9 4045s
 10704  4168 2905.25856   33  683 3025.43815 2845.64017  5.94%  82.9 4054s
 10705  4172 2845.64017   29  675 3025.43815 2845.64017  5.94%  86.0 4066s
 10707  4175 2845.64017   30  828 3025.43815 2845.64017  5.94%  86.3 4072s
 10711  4178 2845.64017   31  270 3025.43815 2845.64017  5.94%  86.5 4080s
 10715  4190 2845.64017   32  270 3025.43815 2845.64017  5.94%  87.0 4087s
 10728  4194 2845.64017   35  269 3025.43815 2845.64017  5.94%  87.2 4094s
 10739  4200 2859.83037   37  167 3025.43815 2845.64017  5.94%  87.5 4099s
 10749  4208 2845.64017   40  272 3025.43815 2845.64017  5.94%  87.7 4105s
 10763  4208 2845.64017   42  270 3025.43815 2845.64017  5.94%  87.7 4115s
 10775  4217 2845.64017   43  269 3025.43815 2845.64017  5.94%  87.8 4126s
 10786  4224 2868.20257   44  153 3025.43815 2845.64017  5.94%  87.8 4130s
 10799  4229 2865.51482   46  184 3025.43815 2845.64017  5.94%  87.8 4135s
 10822  4237 2845.64017   49  259 3025.43815 2845.64017  5.94%  87.8 4144s
 10826  4242 2885.69489   49   81 3025.43815 2845.64017  5.94%  87.8 4147s
 10832  4253 2845.64017   50  259 3025.43815 2845.64017  5.94%  87.8 4151s
 10845  4263 2879.51789   51  234 3025.43815 2845.64017  5.94%  87.9 4167s
 10860  4271 2845.64017   54  159 3025.43815 2845.64017  5.94%  87.8 4171s
 10875  4276 2845.64017   56  169 3025.43815 2845.64017  5.94%  87.8 4177s
 10894  4278 infeasible   58      3025.43815 2845.64017  5.94%  87.8 4182s
 10908  4292 2870.44188   61  108 3025.43815 2845.64017  5.94%  87.8 4189s
 10930  4299 2877.30259   65  127 3025.43815 2845.64017  5.94%  87.8 4195s
 10951  4312 2916.21765   69  104 3025.43815 2845.64017  5.94%  87.8 4202s
 10977  4314 2886.84549   74  117 3025.43815 2845.64017  5.94%  87.8 4208s
 11001  4319 2936.66749   79   76 3025.43815 2845.64017  5.94%  87.7 4217s
 11023  4319 2845.64017   32  729 3025.43815 2845.64017  5.94%  87.8 4222s
 11038  4326 2845.64017   32  523 3025.43815 2845.64017  5.94%  87.8 4229s
 11054  4334 2845.64017   33  522 3025.43815 2845.64017  5.94%  87.8 4235s
 11078  4338 2845.64017   34  482 3025.43815 2845.64017  5.94%  87.8 4245s
 11096  4342 2845.64017   35  454 3025.43815 2845.64017  5.94%  87.9 4252s
 11118  4345 2845.64017   36  421 3025.43815 2845.64017  5.94%  88.0 4263s
 11146  4340 2845.64017   37  411 3025.43815 2845.64017  5.94%  88.1 4271s
 11167  4340 2845.95140   38  408 3025.43815 2845.64017  5.94%  88.4 4287s
 11190  4341 2868.08978   41  360 3025.43815 2845.64017  5.94%  88.5 4302s
 11201  4343 infeasible   42      3025.43815 2845.64017  5.94%  88.7 4317s
 11227  4348 infeasible   47      3025.43815 2845.64017  5.94%  88.8 4324s
 11245  4352 2845.64017   62  158 3025.43815 2845.64017  5.94%  89.0 4329s
 11257  4358 infeasible   68      3025.43815 2845.64017  5.94%  89.0 4339s
 11282  4366 2866.97839   56  285 3025.43815 2845.64017  5.94%  89.0 4351s
 11304  4385 2909.57554   62  172 3025.43815 2845.64017  5.94%  89.1 4361s
 11339  4397 2972.33553   74  139 3025.43815 2845.64017  5.94%  89.1 4373s
 11381  4398 2845.64017   42  527 3025.43815 2845.64017  5.94%  88.9 4397s
 11402  4425 2845.64017   43  524 3025.43815 2845.64017  5.94%  89.1 4406s
 11458  4406 infeasible   47      3025.43815 2845.64017  5.94%  89.2 4421s
 11489  4408 2910.85014   45  333 3025.43815 2845.64017  5.94%  89.5 4434s
 11506  4453 2912.34942   54  316 3025.43815 2845.64017  5.94%  89.7 4443s
 11574  4438 infeasible   44      3025.43815 2845.64017  5.94%  89.7 4462s
 11607  4451 2880.40066   42  499 3025.43815 2845.64017  5.94%  89.9 4470s
 11662  4447 infeasible   44      3025.43815 2845.64017  5.94%  90.0 4485s
 11702  4455 2892.48545   46  366 3025.43815 2845.64017  5.94%  90.2 4507s
 11764  4473 2864.41051   43  609 3025.43815 2845.64017  5.94%  90.8 4528s
 11811  4494 infeasible   46      3025.43815 2845.64017  5.94%  91.0 4553s
 11899  4502 2911.46132   42  377 3025.43815 2845.64017  5.94%  91.3 4571s
 11948  4552 2916.51799   47  323 3025.43815 2845.64017  5.94%  91.3 4598s
 12091  4551 infeasible   94      3025.43815 2845.64017  5.94%  90.9 4625s
 12188  4548 2958.29023   50   98 3025.43815 2845.64017  5.94%  90.8 4646s
 12254  4543 2981.16991   48  488 3025.43815 2845.64017  5.94%  91.3 4666s
 12289  4614 2924.06376   35  321 3025.43815 2845.64017  5.94%  91.6 4697s
 12489  4591 3016.82430   92  131 3025.43815 2845.64017  5.94%  91.0 4727s
 12604  4562 infeasible  126      3025.43815 2845.64017  5.94%  90.7 4742s
 12619  4604 infeasible   38      3025.43815 2845.64017  5.94%  90.8 4767s
 12681  4669 2933.90065   45  365 3025.43815 2845.64017  5.94%  90.8 4798s
 12855  4774 3022.28671  112  114 3025.43815 2845.64017  5.94%  90.3 4831s
 13133  4714 infeasible   53      3025.43815 2845.64017  5.94%  90.1 4856s
 13198  4893 2845.64017   36  306 3025.43815 2845.64017  5.94%  90.3 4888s
 13478  4851     cutoff   73      3025.43815 2845.64017  5.94%  90.1 4924s
 13524  4835 2985.52803   38  509 3025.43815 2845.64017  5.94%  90.2 4925s
 13574  5030 2904.07557   42  191 3025.43815 2845.64017  5.94%  90.2 4966s
 13929  4948 2848.55960   70  295 3025.43815 2845.64017  5.94%  89.7 4996s
 14004  5013 2845.64017   45  327 3025.43815 2845.64017  5.94%  90.1 5034s
 14151  5249 2979.14783   57   52 3025.43815 2845.64017  5.94%  90.3 5082s
 14672  5181 2980.34502   69  181 3025.43815 2845.64017  5.94%  89.6 5122s
 14863  5433 infeasible   61      3025.43815 2845.64017  5.94%  89.6 5172s
 15409  5297 3010.93986   81   68 3025.43815 2845.64017  5.94%  88.5 5216s
 15502  5604 infeasible   55      3025.43815 2845.64017  5.94%  88.6 5269s
 16053  5637 2845.64017   51  317 3025.43815 2845.64017  5.94%  87.6 5314s
 16340  5883 2909.70830   67  186 3025.43815 2845.64017  5.94%  87.4 5365s
 16885  5766 2963.96906   61  151 3025.43815 2845.64017  5.94%  87.0 5403s
 16976  6129 2879.70224   46  150 3025.43815 2845.64017  5.94%  87.2 5471s
 17572  6037 infeasible   67      3025.43815 2845.64017  5.94%  86.7 5510s
 17754  6443 2857.57934   45  202 3025.43815 2845.64017  5.94%  86.9 5554s
 17981  6368 2845.64017   45  208 3025.43815 2845.64017  5.94%  86.6 5555s
 18425  6341 2929.04510   49  165 3025.43815 2845.64017  5.94%  86.1 5584s
 18627  6608 2951.04378   59  108 3025.43815 2845.64017  5.94%  86.3 5630s
 19129  6551 3022.62999   64  179 3025.43815 2845.64017  5.94%  86.0 5665s
 19297  7109 2889.02380   46  198 3025.43815 2845.64017  5.94%  86.0 5722s
 20188  6961 2937.85344   55   76 3025.43815 2845.64017  5.94%  85.3 5764s
 20418  7469 2845.64017   46  254 3025.43815 2845.64017  5.94%  85.5 5852s
 21334  7533 2872.87162   50  286 3025.43815 2845.64017  5.94%  84.0 5993s
 21870  7382 3012.23079   55  100 3025.43815 2845.64017  5.94%  83.6 6044s
 21956  7523 2911.71064   53  250 3025.43815 2845.64017  5.94%  83.7 6097s
 22194  8294 infeasible   66      3025.43815 2845.64017  5.94%  83.8 6181s
 23634  8065 infeasible   65      3025.43815 2845.64017  5.94%  82.7 6199s
 23803  8505 2889.19632   55  119 3025.43815 2845.64017  5.94%  82.7 6229s
 24441  8893 2987.82148   66   75 3025.43815 2845.64017  5.94%  82.3 6262s
 25085  8991 2968.96982   77  146 3025.43815 2845.64017  5.94%  81.8 6284s
 25238  9425 2898.25535   67  149 3025.43815 2845.64017  5.94%  81.9 6326s
 25876  9492 2946.22835   80  104 3025.43815 2845.64017  5.94%  81.5 6350s
 25991  9891 2896.70434   56  199 3025.43815 2845.64017  5.94%  81.6 6399s
 26458  9891 2845.64017   54  226 3025.43815 2845.64017  5.94%  81.3 6400s
 26594  9961 infeasible   59      3025.43815 2845.64017  5.94%  81.3 6424s
 26693 10396 2988.58389   82  131 3025.43815 2845.64017  5.94%  81.2 6467s
 27341 10529 2937.94237   48  170 3025.43815 2845.64017  5.94%  80.7 6493s
 27537 10847 3015.43738   71  173 3025.43815 2845.64017  5.94%  80.7 6530s
 28057 11051 infeasible   73      3025.43815 2845.64017  5.94%  80.4 6566s
 28382 11219 2895.49915   70  243 3025.43815 2845.64017  5.94%  80.2 6603s
 28633 11494 2888.77034   65  271 3025.43815 2845.64017  5.94%  80.1 6660s
 29067 11611 2949.05404   63  180 3025.43815 2845.64017  5.94%  80.0 6686s
 29251 11970 2999.22498   71  135 3025.43815 2845.64017  5.94%  79.9 6741s
 29812 12311 2859.04945   77  290 3025.43815 2845.64017  5.94%  79.7 6785s
 30344 12414 infeasible   44      3025.43815 2845.64017  5.94%  79.7 6811s
 30485 12765 2955.21438   77  159 3025.43815 2845.64017  5.94%  79.7 6865s
 31073 13073 2857.86405   46  187 3025.43815 2845.64017  5.94%  79.4 6909s
 31521 13150 2967.36134   70  185 3025.43815 2845.64017  5.94%  79.2 6938s
 31671 13151 2903.45864   60  213 3025.43815 2845.64017  5.94%  79.2 7370s
 31673 13152 2996.02663   76  239 3025.43815 2845.64017  5.94%  79.2 7396s
 31674 13153 2980.51204   79  257 3025.43815 2845.64017  5.94%  79.2 7410s
 31676 13154 2949.38956   53  237 3025.43815 2845.64017  5.94%  79.2 7417s
 31677 13155 2871.79486   52  454 3025.43815 2845.64017  5.94%  79.2 7421s
 31678 13156 2859.88373   44  753 3025.43815 2845.64017  5.94%  79.2 7428s
 31679 13156 2976.85145   77  510 3025.43815 2845.64017  5.94%  79.2 7436s
 31680 13157 2887.07377   63  523 3025.43815 2845.64017  5.94%  79.2 7440s
 31682 13158 2954.96539   60  615 3025.43815 2845.64017  5.94%  79.2 7446s
 31683 13159 2901.40508   67  524 3025.43815 2845.64017  5.94%  79.2 7450s
 31684 13160 2940.27933   60  602 3025.43815 2845.64017  5.94%  79.2 7455s
 31686 13161 2975.48166   76  558 3025.43815 2845.64017  5.94%  79.2 7460s
 31688 13162 2846.90507   69  657 3025.43815 2845.64017  5.94%  79.2 7467s
 31690 13164 2942.40637   62  666 3025.43815 2845.64017  5.94%  79.2 7472s
 31692 13165 2934.11697   68  646 3025.43815 2845.64017  5.94%  79.2 7477s
 31693 13166 2925.72767   64  655 3025.43815 2845.64017  5.94%  79.2 7480s
 31695 13167 2886.23801   73  665 3025.43815 2845.64017  5.94%  79.1 7486s
 31697 13168 2868.28770   46  679 3025.43815 2845.64017  5.94%  79.1 7490s
 31699 13170 2849.51531   42  674 3025.43815 2845.64017  5.94%  79.1 7496s
 31701 13171 2986.70082   95  687 3025.43815 2845.64017  5.94%  79.1 7501s
 31703 13172 2978.71326   70  685 3025.43815 2845.64017  5.94%  79.1 7506s
 31706 13174 2937.94556   49  672 3025.43815 2845.64017  5.94%  79.1 7512s
 31708 13176 3007.77898   69  686 3025.43815 2845.64017  5.94%  79.1 7515s
 31709 13176 2983.21657   64  692 3025.43815 2845.64017  5.94%  79.1 7523s
 31710 13177 2845.64017   58  685 3025.43815 2845.64017  5.94%  79.1 7550s
 31712 13178 2953.14788   69  704 3025.43815 2845.64017  5.94%  79.1 7576s
 31713 13179 2979.59845   59  713 3025.43815 2845.64017  5.94%  79.1 7608s
 31714 13180 2960.43612   51  716 3025.43815 2845.64017  5.94%  79.1 7645s
 31715 13180 2929.40088   53  729 3025.43815 2845.64017  5.94%  79.1 7678s
 31716 13181 2961.78521   84  713 3025.43815 2845.64017  5.94%  79.1 7699s
 31717 13182 2920.76533   56  725 3025.43815 2845.64017  5.94%  79.1 7722s
 31719 13183 2942.24691   83  740 3025.43815 2845.64017  5.94%  79.1 7766s
 31720 13184 3020.44365   60  739 3025.43815 2845.64017  5.94%  79.1 7789s
 31721 13184 2917.33609   79  738 3025.43815 2845.64017  5.94%  79.1 7858s
 31722 13185 2893.85055   48  739 3025.43815 2845.64017  5.94%  79.1 7883s
 31723 13186 2934.86997   85  740 3025.43815 2845.64017  5.94%  79.1 7956s
 31724 13186 2941.13131   73  732 3025.43815 2845.64017  5.94%  79.1 7982s
 31725 13187 3015.15861   65  728 3025.43815 2845.64017  5.94%  79.1 8041s
 31726 13188 2994.38914   49  724 3025.43815 2845.64017  5.94%  79.1 8063s
 31727 13188 2945.26330   53  736 3025.43815 2845.64017  5.94%  79.1 8124s
 31728 13189 2947.64989   78  729 3025.43815 2845.64017  5.94%  79.1 8147s
 31729 13190 2897.85007   53  737 3025.43815 2845.64017  5.94%  79.1 8222s
 31730 13190 3015.26426   66  724 3025.43815 2845.64017  5.94%  79.1 8243s
 31731 13191 2999.37192   75  732 3025.43815 2845.64017  5.94%  79.1 8306s
 31732 13192 3015.30000   84  748 3025.43815 2845.64017  5.94%  79.1 8329s
 31733 13192 2980.96553   61  736 3025.43815 2845.64017  5.94%  79.1 8389s
 31734 13193 2987.40119   51  739 3025.43815 2845.64017  5.94%  79.0 8416s
 31735 13194 3019.44374   73  739 3025.43815 2845.64017  5.94%  79.0 8474s
 31736 13194 3009.73255   74  729 3025.43815 2845.64017  5.94%  79.0 8494s
 31737 13195 2919.29620   58  740 3025.43815 2845.64017  5.94%  79.0 8572s
 31738 13196 2876.60751   51  735 3025.43815 2845.64017  5.94%  79.0 8603s
 31739 13196 3017.69834   72  739 3025.43815 2845.64017  5.94%  79.0 8687s
 31740 13197 2911.08561   49  734 3025.43815 2845.64017  5.94%  79.0 8720s
 31741 13198 2956.90988   45  729 3025.43815 2845.64017  5.94%  79.0 8765s
 31742 13198 2917.88029   54  732 3025.43815 2845.64017  5.94%  79.0 8861s
 31743 13199 2900.93495   50  734 3025.43815 2845.64017  5.94%  79.0 8897s
 31744 13200 2901.52454   57  737 3025.43815 2845.64017  5.94%  79.0 9038s
 31745 13200 2987.19105   97  722 3025.43815 2845.64017  5.94%  79.0 9064s
 31746 13201 2931.51730   67  736 3025.43815 2845.64017  5.94%  79.0 9147s
 31747 13202 2867.59339   46  733 3025.43815 2845.64017  5.94%  79.0 9177s
 31748 13202 2956.57234   56  737 3025.43815 2845.64017  5.94%  79.0 9207s
 31749 13203 2995.12590   58  738 3025.43815 2845.64017  5.94%  79.0 9247s
 31750 13204 2972.57850   77  737 3025.43815 2845.64017  5.94%  79.0 9274s
 31751 13204 3018.13575   77  735 3025.43815 2845.64017  5.94%  79.0 9326s
 31752 13205 3025.40822   86  740 3025.43815 2845.64017  5.94%  79.0 9356s
 31753 13206 2977.09667   72  734 3025.43815 2845.64017  5.94%  79.0 9460s
 31754 13206 2896.36605   64  733 3025.43815 2845.64017  5.94%  79.0 9493s
 31755 13207 2898.55821   51  741 3025.43815 2845.64017  5.94%  79.0 9567s
 31756 13208 2961.39273   62  742 3025.43815 2845.64017  5.94%  79.0 9589s
 31757 13208 2893.67918   52  744 3025.43815 2845.64017  5.94%  79.0 9672s
 31758 13209 2956.85162   67  738 3025.43815 2845.64017  5.94%  79.0 9688s
 31759 13210 2876.60633   50  742 3025.43815 2845.64017  5.94%  79.0 9743s
 31760 13210 2912.24216   54  735 3025.43815 2845.64017  5.94%  79.0 9796s
 31761 13211 3023.40026   84  742 3025.43815 2845.64017  5.94%  79.0 9906s
 31762 13212 2902.04323   56  741 3025.43815 2845.64017  5.94%  79.0 9924s
 31763 13212 2944.87005   79  741 3025.43815 2845.64017  5.94%  79.0 9970s
 31764 13213 2968.17457   66  735 3025.43815 2845.64017  5.94%  79.0 9988s
 31765 13214 2973.48125   74  747 3025.43815 2845.64017  5.94%  79.0 10034s
 31766 13214 2898.52923   60  735 3025.43815 2845.64017  5.94%  79.0 10052s
 31767 13215 2878.39134   57  745 3025.43815 2845.64017  5.94%  79.0 10110s
 31768 13216 2884.84528   62  745 3025.43815 2845.64017  5.94%  79.0 10126s
 31769 13216 2994.86986   73  745 3025.43815 2845.64017  5.94%  79.0 10206s
 31770 13217 3009.13072   63  741 3025.43815 2845.64017  5.94%  79.0 10225s
 31771 13218 2903.45864   60  740 3025.43815 2845.64017  5.94%  79.0 10278s
 31772 13218 2939.69109   67  742 3025.43815 2845.64017  5.94%  79.0 10299s
 31773 13219 2996.02663   76  750 3025.43815 2845.64017  5.94%  79.0 10352s
 31774 13220 2980.51204   79  753 3025.43815 2845.64017  5.94%  78.9 10377s
 31775 13220 2865.82241   43  752 3025.43815 2845.64017  5.94%  78.9 10503s
 31776 13221 2949.38956   53  751 3025.43815 2845.64017  5.94%  78.9 10531s
 31777 13222 2871.79486   52  752 3025.43815 2845.64017  5.94%  78.9 10621s
 31778 13222 2859.88373   44  747 3025.43815 2845.64017  5.94%  78.9 10643s
 31779 13223 2976.85145   77  754 3025.43815 2845.64017  5.94%  78.9 10702s
 31780 13224 2887.07377   63  747 3025.43815 2845.64017  5.94%  78.9 10723s
 31781 13224 3017.28005   59  754 3025.43815 2845.64017  5.94%  78.9 10786s
 31782 13225 2954.96539   60  748 3025.43815 2845.64017  5.94%  78.9 10809s
 31783 13226 2901.40508   67  750 3025.43815 2845.64017  5.94%  78.9 10873s
 31784 13226 2940.27933   60  740 3025.43815 2845.64017  5.94%  78.9 10893s
 31785 13227 2918.31100   94  748 3025.43815 2845.64017  5.94%  78.9 10979s
 31786 13228 2975.48166   76  737 3025.43815 2845.64017  5.94%  78.9 11004s
 31787 13228 2908.61590   67  749 3025.43815 2845.64017  5.94%  78.9 11074s
 31788 13229 2846.90507   69  743 3025.43815 2845.64017  5.94%  78.9 11089s
 31789 13230 2863.42311   60  748 3025.43815 2845.64017  5.94%  78.9 11162s
 31790 13230 2942.40637   62  744 3025.43815 2845.64017  5.94%  78.9 11177s
 31791 13231 2987.41327   58  757 3025.43815 2845.64017  5.94%  78.9 11232s
 31792 13232 2934.11697   68  753 3025.43815 2845.64017  5.94%  78.9 11255s
 31793 13232 2925.72767   64  755 3025.43815 2845.64017  5.94%  78.9 11336s
 31794 13233 3018.87153  123  714 3025.43815 2845.64017  5.94%  78.9 11356s
 31795 13234 2886.23801   73  717 3025.43815 2845.64017  5.94%  78.9 11386s
 31796 13234 3023.26617   78  713 3025.43815 2845.64017  5.94%  78.9 11436s
 31797 13235 2868.28770   46  720 3025.43815 2845.64017  5.94%  78.9 11459s
 31798 13236 2948.11231   50  721 3025.43815 2845.64017  5.94%  78.9 11537s
 31799 13236 2849.51531   42  719 3025.43815 2845.64017  5.94%  78.9 11545s
 31800 13237 2892.01929   71  733 3025.43815 2845.64017  5.94%  78.9 11591s
 31801 13238 2986.70082   95  732 3025.43815 2845.64017  5.94%  78.9 11678s
 31802 13238 2918.59144   48  731 3025.43815 2845.64017  5.94%  78.9 11793s
 31803 13239 2978.71326   70  730 3025.43815 2845.64017  5.94%  78.9 11800s
 31804 13240 2982.68424   67  730 3025.43815 2845.64017  5.94%  78.9 11823s
 31805 13240 3009.15861   84  729 3025.43815 2845.64017  5.94%  78.9 11829s
 31806 13241 2937.94556   49  726 3025.43815 2845.64017  5.94%  78.9 11852s
 31807 13242 2971.99899   77  727 3025.43815 2845.64017  5.94%  78.9 11859s
 31808 13242 3007.77898   69  734 3025.43815 2845.64017  5.94%  78.9 11888s
 31809 13243 2983.21657   64  732 3025.43815 2845.64017  5.94%  78.9 11906s
 31810 13244 2845.64017   58  732 3025.43815 2845.64017  5.94%  78.9 11913s
 31811 13244 2976.67768   76  732 3025.43815 2845.64017  5.94%  78.9 11922s
 31812 13248 2845.64017   40  675 3025.43815 2845.64017  5.94%  80.3 11933s
 31814 13251 2845.64017   41  620 3025.43815 2845.64017  5.94%  80.4 11945s
 31818 13254 2845.64017   42  621 3025.43815 2845.64017  5.94%  80.4 11951s
 31822 13256 2845.64017   43  612 3025.43815 2845.64017  5.94%  80.5 11957s
 31829 13259 2845.64017   44  605 3025.43815 2845.64017  5.94%  80.5 11963s
 31835 13258 2845.64017   44  586 3025.43815 2845.64017  5.94%  80.5 11968s
 31844 13263 2848.44360   45  529 3025.43815 2845.64017  5.94%  80.6 11974s
 31856 13269 2845.64017   45  567 3025.43815 2845.64017  5.94%  80.7 11980s
 31866 13271 2888.14926   46  455 3025.43815 2845.64017  5.94%  80.7 11985s
 31871 13279 2856.31504   47  537 3025.43815 2845.64017  5.94%  80.7 11990s
 31883 13279 2859.65394   48  525 3025.43815 2845.64017  5.94%  80.8 12012s
 31887 13278 infeasible   48      3025.43815 2845.64017  5.94%  80.8 12031s
 31893 13280 2897.49768   47  139 3025.43815 2845.64017  5.94%  80.8 12062s
 31897 13295 2897.55691   48  139 3025.43815 2845.64017  5.94%  80.8 12068s
 31915 13302 2897.67507   50  290 3025.43815 2845.64017  5.94%  80.9 12073s
 31928 13303 2898.17101   51  138 3025.43815 2845.64017  5.94%  80.9 12077s
 31934 13311 2898.33936   52  138 3025.43815 2845.64017  5.94%  80.9 12084s
 31949 13323 2903.60409   54  308 3025.43815 2845.64017  5.94%  80.9 12090s
 31966 13328 2928.35733   57   99 3025.43815 2845.64017  5.94%  80.9 12095s
 31980 13336 2990.69467   60  106 3025.43815 2845.64017  5.94%  80.9 12102s
 31995 13338 2993.52721   63   77 3025.43815 2845.64017  5.94%  80.9 12107s
 32006 13344 2993.70685   66   76 3025.43815 2845.64017  5.94%  80.9 12112s
 32023 13356 2993.70685   71   84 3025.43815 2845.64017  5.94%  80.9 12118s
 32049 13354     cutoff   74      3025.43815 2845.64017  5.94%  80.9 12124s
 32073 13356 2942.00755   64  147 3025.43815 2845.64017  5.94%  80.9 12128s
 32088 13363 2947.16393   66  107 3025.43815 2845.64017  5.94%  80.9 12141s
 32104 13366 2965.24188   69  197 3025.43815 2845.64017  5.94%  80.9 12147s
 32119 13368 3001.90573   69  155 3025.43815 2845.64017  5.94%  80.9 12152s
 32135 13367 3001.90574   70  155 3025.43815 2845.64017  5.94%  81.0 12156s
 32151 13370 3003.28064   75   55 3025.43815 2845.64017  5.94%  81.0 12161s
 32166 13376 2855.08244   73  293 3025.43815 2845.64017  5.94%  81.0 12172s
 32181 13380 2857.14012   76  302 3025.43815 2845.64017  5.94%  81.0 12179s
 32193 13380 2869.51575   79  420 3025.43815 2845.64017  5.94%  81.1 12188s
 32205 13385 2925.22622   80  333 3025.43815 2845.64017  5.94%  81.1 12196s
 32215 13389 2936.41130   83  274 3025.43815 2845.64017  5.94%  81.1 12212s
 32247 13392 2962.37363   87  261 3025.43815 2845.64017  5.94%  81.2 12219s
 32264 13397 2985.03623   92   90 3025.43815 2845.64017  5.94%  81.2 12230s
 32292 13399 2961.72630   82  261 3025.43815 2845.64017  5.94%  81.2 12254s
 32318 13399 2964.42024   85  263 3025.43815 2845.64017  5.94%  81.3 12266s
 32344 13411 3004.99483   89  110 3025.43815 2845.64017  5.94%  81.3 12280s
 32375 13415 3005.87125  100   96 3025.43815 2845.64017  5.94%  81.3 12293s
 32418 13414 3006.12789  115   96 3025.43815 2845.64017  5.94%  81.2 12306s
 32459 13422 2860.20225   74  299 3025.43815 2845.64017  5.94%  81.2 12317s
 32482 13457 infeasible   81      3025.43815 2845.64017  5.94%  81.3 12331s
 32528 13460 2962.70379   81  252 3025.43815 2845.64017  5.94%  81.3 12349s
 32576 13473 2922.73020   83  281 3025.43815 2845.64017  5.94%  81.2 12358s
 32607 13499 2922.87629   84  282 3025.43815 2845.64017  5.94%  81.2 12371s
 32653 13504 2978.39809   86  267 3025.43815 2845.64017  5.94%  81.2 12393s
 32696 13510 2976.81839   87  267 3025.43815 2845.64017  5.94%  81.2 12414s
 32729 13513 2977.85336   87  266 3025.43815 2845.64017  5.94%  81.2 12432s
 32769 13544 2982.46831   89  202 3025.43815 2845.64017  5.94%  81.2 12447s
 32838 13539 3023.72109  112   43 3025.43815 2845.64017  5.94%  81.1 12461s
 32899 13552     cutoff  129      3025.43815 2845.64017  5.94%  81.0 12482s
 32956 13594 2881.96520   51  287 3025.43815 2845.64017  5.94%  81.0 12501s
 33036 13625 2915.84218   68  159 3025.43815 2845.64017  5.94%  80.9 12519s
 33122 13646 infeasible   83      3025.43815 2845.64017  5.94%  80.9 12536s
 33213 13686 2919.06058   67  202 3025.43815 2845.64017  5.94%  80.9 12558s
 33317 13653 2963.45739   55  157 3025.43815 2845.64017  5.94%  80.8 12570s
 33329 13664 3004.02875   59  170 3025.43815 2845.64017  5.94%  80.9 12582s
 33362 13712 2895.03282   66  201 3025.43815 2845.64017  5.94%  80.8 12604s
 33443 13720 2960.65489   67  135 3025.43815 2845.64017  5.94%  80.8 12626s
 33520 13741     cutoff   82      3025.43815 2845.64017  5.94%  80.8 12646s
 33606 13770 2964.21611   70  235 3025.43815 2845.64017  5.94%  80.7 12670s
 33685 13811 2957.29200   74  181 3025.43815 2845.64017  5.94%  80.8 12700s
 33807 13829 2861.57154   69  268 3025.43815 2845.64017  5.94%  80.8 12733s
 33905 13889     cutoff   83      3025.43815 2845.64017  5.94%  80.8 12775s
 34053 13883 2947.19790   73  233 3025.43815 2845.64017  5.94%  80.8 12799s
 34141 13957 2851.46752   58  224 3025.43815 2845.64017  5.94%  80.9 12827s
 34267 13994 2877.42503   77  254 3025.43815 2845.64017  5.94%  80.9 12864s
 34408 14003 2871.00493   52  262 3025.43815 2845.64017  5.94%  81.0 12898s
 34488 14083 2937.13488   62  123 3025.43815 2845.64017  5.94%  81.0 12937s
 34636 14094 2882.67134   67  227 3025.43815 2845.64017  5.94%  81.0 12964s
 34728 14174 2998.35469   84  166 3025.43815 2845.64017  5.94%  81.0 12992s
 34879 14238 2947.23256   76  151 3025.43815 2845.64017  5.94%  80.9 13023s
 35028 14264 2997.42518   72  161 3025.43815 2845.64017  5.94%  80.9 13059s
 35058 14254 2876.88524   73  208 3025.43815 2845.64017  5.94%  80.9 13060s
 35170 14335 2955.45743   78  167 3025.43815 2845.64017  5.94%  80.8 13101s
 35339 14394 2888.32421   51  259 3025.43815 2845.64017  5.94%  80.8 13138s
 35494 14404 2926.77175   68  195 3025.43815 2845.64017  5.94%  80.8 13188s
 35602 14515 2889.80695   55  256 3025.43815 2845.64017  5.94%  80.9 13232s
 35788 14620 2845.64017   69  350 3025.43815 2845.64017  5.94%  80.9 13285s
 36029 14671 2921.82460   63  210 3025.43815 2845.64017  5.94%  80.9 13337s
 36230 14729 3018.67765   77  186 3025.43815 2845.64017  5.94%  80.9 13387s
 36449 14825 3013.44945   77  193 3025.43815 2845.64017  5.94%  81.0 13443s
 36680 14866 2986.49464   54  389 3025.43815 2845.64017  5.94%  81.1 13509s
 36868 15444 2902.64389   73  263 3025.43815 2845.64017  5.94%  81.3 13607s
 37806 15289 3019.83684   96  168 3025.43815 2845.64017  5.94%  80.8 13656s
