Slurm job ID    : 2505
Array task ID   : 87
Host            : 23037696r-i7809a0b3cd
Start time      : 2026-08-15T07:02:44+08:00
Instance        : /home/23037696r/Documents/research/or_benchmark/wp/instances/inactive_0.4/j30/j300904_7.sm
Output JSON     : /home/23037696r/Documents/research/or_benchmark/wp/results/inactive_0.4/j30/j300904_7.json
Gurobi log      : /home/23037696r/Documents/research/or_benchmark/wp/results/inactive_0.4/j30/logs/gurobi/j300904_7.log
Allocated CPUs  : 2
Running with command-line arguments
-----------------------------------
Instance file: /home/23037696r/Documents/research/or_benchmark/wp/instances/inactive_0.4/j30/j300904_7.sm
Instance summary
----------------
Tasks:          32
Active tasks:   18
Inactive tasks: 14
Arcs:           34
Total duration: 164
Total work:     265
Active work:    153
Delta (singleton critical-path makespan): 150
Chosen deadline: 165
Feasible by singleton schedule: yes
Deadline rule: automatic: d = ceil(1.1 * Delta) = 165
Set parameter Username
Set parameter LicenseID to value 2851961
Academic license - for non-commercial use only - expires 2027-08-07
Set parameter MIPGap to value 1e-06
Set parameter TimeLimit to value 13800
Set parameter Threads to value 2
Set parameter LogFile to value "/home/23037696r/Documents/research/or_benchmark/wp/results/inactive_0.4/j30/logs/gurobi/j300904_7.log"
Set parameter NumericFocus to value 1
Gurobi Optimizer version 13.0.2 build v13.0.2rc1 (linux64 - "Ubuntu 22.04.3 LTS")

CPU model: Intel Xeon Processor (Cascadelake), instruction set [SSE2|AVX|AVX2|AVX512]
Thread count: 46 physical cores, 46 logical processors, using up to 2 threads

Non-default parameters:
TimeLimit  13800
MIPGap  1e-06
NumericFocus  1
Threads  2

Optimize a model with 17307 rows, 12552 columns and 63099 nonzeros (Min)
Model fingerprint: 0xa51a7e98
Model has 7722 linear objective coefficients and an objective constant of 1.2027617378244406e+03
Variable types: 2988 continuous, 9564 integer (9418 binary)
Coefficient statistics:
  Matrix range     [1e+00, 2e+02]
  Objective range  [1e-02, 8e+02]
  Bounds range     [1e+00, 2e+02]
  RHS range        [1e+00, 2e+02]

Presolve removed 13282 rows and 8002 columns
Presolve time: 4.02s
Presolved: 4025 rows, 4550 columns, 38553 nonzeros
Variable types: 0 continuous, 4550 integer (2747 binary)
Found heuristic solution: objective 3128.4364144

Root relaxation: objective 2.430529e+03, 1294 iterations, 0.13 seconds (0.10 work units)

    Nodes    |    Current Node    |     Objective Bounds      |     Work
 Expl Unexpl |  Obj  Depth IntInf | Incumbent    BestBd   Gap | It/Node Time

     0     0 2430.52921    0  103 3128.43641 2430.52921  22.3%     -    4s
     0     0 2430.55963    0  100 3128.43641 2430.55963  22.3%     -    4s
     0     0 2433.37365    0  110 3128.43641 2433.37365  22.2%     -    5s
H    0     0                    2662.0043375 2433.40018  8.59%     -    5s
     0     0 2435.41703    0  121 2662.00434 2435.41703  8.51%     -    5s
     0     0 2435.69288    0  130 2662.00434 2435.69288  8.50%     -    6s
     0     0 2435.69496    0  129 2662.00434 2435.69496  8.50%     -    6s
     0     0 2435.69496    0  129 2662.00434 2435.69496  8.50%     -    6s
     0     0 2438.72235    0  196 2662.00434 2438.72235  8.39%     -    6s
     0     0 2438.89232    0  195 2662.00434 2438.89232  8.38%     -    7s
     0     0 2438.93146    0  163 2662.00434 2438.93146  8.38%     -    7s
     0     0 2438.93809    0  167 2662.00434 2438.93809  8.38%     -    7s
     0     0 2438.93809    0  168 2662.00434 2438.93809  8.38%     -    7s
     0     0 2441.00358    0  182 2662.00434 2441.00358  8.30%     -    8s
     0     0 2441.03770    0  177 2662.00434 2441.03770  8.30%     -    8s
     0     0 2441.04905    0  176 2662.00434 2441.04905  8.30%     -    8s
     0     0 2441.05434    0  171 2662.00434 2441.05434  8.30%     -    8s
     0     0 2441.05471    0  171 2662.00434 2441.05471  8.30%     -    8s
     0     0 2441.05505    0  171 2662.00434 2441.05505  8.30%     -    8s
     0     0 2441.05505    0  171 2662.00434 2441.05505  8.30%     -    8s
     0     0 2441.05505    0  171 2662.00434 2441.05505  8.30%     -    8s
     0     0 2441.05505    0  171 2662.00434 2441.05505  8.30%     -    9s
     0     0 2441.05505    0  171 2662.00434 2441.05505  8.30%     -    9s
     0     0 2441.05505    0  171 2662.00434 2441.05505  8.30%     -    9s
H    0     0                    2606.8061107 2441.05782  6.36%     -    9s
H    0     0                    2605.5923817 2441.05782  6.31%     -    9s
     0     0 2441.20869    0  156 2605.59238 2441.20869  6.31%     -    9s
     0     0 2441.20869    0  156 2605.59238 2441.20869  6.31%     -    9s
     0     0 2441.20869    0  156 2605.59238 2441.20869  6.31%     -    9s
     0     0 2441.20869    0  156 2605.59238 2441.20869  6.31%     -    9s
     0     0 2441.20869    0  156 2605.59238 2441.20869  6.31%     -    9s
     0     0 2441.20869    0  156 2605.59238 2441.20869  6.31%     -    9s
     0     0 2441.20869    0  156 2605.59238 2441.20869  6.31%     -    9s
     0     0 2441.20869    0  156 2605.59238 2441.20869  6.31%     -    9s
     0     0 2441.20869    0  156 2605.59238 2441.20869  6.31%     -    9s
     0     0 2441.20900    0  156 2605.59238 2441.20900  6.31%     -    9s
     0     0 2441.20929    0  156 2605.59238 2441.20929  6.31%     -    9s
     0     0 2441.21858    0  164 2605.59238 2441.21858  6.31%     -   10s
     0     0 2441.21858    0  164 2605.59238 2441.21858  6.31%     -   10s
     0     0 2441.21858    0  164 2605.59238 2441.21858  6.31%     -   10s
     0     0 2441.21858    0  164 2605.59238 2441.21858  6.31%     -   10s
     0     0 2441.21858    0  164 2605.59238 2441.21858  6.31%     -   10s
     0     0 2441.21858    0  164 2605.59238 2441.21858  6.31%     -   10s
     0     0 2441.21858    0  164 2605.59238 2441.21858  6.31%     -   10s
     0     0 2441.21858    0  164 2605.59238 2441.21858  6.31%     -   10s
     0     0 2441.21864    0  164 2605.59238 2441.21864  6.31%     -   10s
     0     0 2441.21871    0  164 2605.59238 2441.21871  6.31%     -   10s
     0     0 2441.21877    0  164 2605.59238 2441.21877  6.31%     -   10s
     0     0 2441.22097    0  166 2605.59238 2441.22097  6.31%     -   10s
     0     0 2441.22103    0  166 2605.59238 2441.22103  6.31%     -   10s
     0     0 2441.22109    0  166 2605.59238 2441.22109  6.31%     -   10s
     0     0 2441.22115    0  166 2605.59238 2441.22115  6.31%     -   10s
     0     0 2441.22120    0  166 2605.59238 2441.22120  6.31%     -   10s
     0     0 2441.22125    0  166 2605.59238 2441.22125  6.31%     -   10s
     0     0 2441.22130    0  166 2605.59238 2441.22130  6.31%     -   10s
     0     0 2441.22134    0  166 2605.59238 2441.22134  6.31%     -   10s
     0     0 2441.22139    0  166 2605.59238 2441.22139  6.31%     -   10s
     0     0 2441.22143    0  166 2605.59238 2441.22143  6.31%     -   11s
     0     0 2441.22147    0  166 2605.59238 2441.22147  6.31%     -   11s
     0     0 2441.22147    0  166 2605.59238 2441.22147  6.31%     -   11s
     0     0 2441.22150    0  166 2605.59238 2441.22150  6.31%     -   11s
     0     0 2441.22154    0  166 2605.59238 2441.22154  6.31%     -   11s
     0     0 2441.22157    0  166 2605.59238 2441.22157  6.31%     -   11s
     0     0 2441.22157    0  166 2605.59238 2441.22157  6.31%     -   11s
     0     0 2441.22157    0  166 2605.59238 2441.22157  6.31%     -   11s
     0     0 2441.22157    0  166 2605.59238 2441.22157  6.31%     -   11s
     0     0 2441.22157    0  166 2605.59238 2441.22157  6.31%     -   11s
     0     0 2441.22157    0  166 2605.59238 2441.22157  6.31%     -   11s
     0     0 2441.22157    0  166 2605.59238 2441.22157  6.31%     -   11s
     0     0 2441.22157    0  166 2605.59238 2441.22157  6.31%     -   11s
     0     0 2442.22495    0  193 2605.59238 2442.22495  6.27%     -   12s
     0     0 2442.22495    0  193 2605.59238 2442.22495  6.27%     -   12s
     0     0 2442.22495    0  193 2605.59238 2442.22495  6.27%     -   12s
     0     0 2442.22495    0  193 2605.59238 2442.22495  6.27%     -   12s
     0     0 2442.22495    0  193 2605.59238 2442.22495  6.27%     -   12s
     0     0 2442.22495    0  193 2605.59238 2442.22495  6.27%     -   12s
     0     0 2442.22495    0  193 2605.59238 2442.22495  6.27%     -   12s
     0     0 2442.22495    0  193 2605.59238 2442.22495  6.27%     -   12s
     0     0 2442.22495    0  193 2605.59238 2442.22495  6.27%     -   12s
     0     0 2442.22495    0  193 2605.59238 2442.22495  6.27%     -   12s
     0     0 2442.22495    0  193 2605.59238 2442.22495  6.27%     -   12s
     0     0 2442.25680    0  195 2605.59238 2442.25680  6.27%     -   13s
     0     0 2442.26099    0  199 2605.59238 2442.26099  6.27%     -   13s
     0     0 2442.26099    0  199 2605.59238 2442.26099  6.27%     -   13s
     0     0 2442.26099    0  199 2605.59238 2442.26099  6.27%     -   13s
     0     0 2442.26099    0  199 2605.59238 2442.26099  6.27%     -   13s
     0     0 2442.26099    0  199 2605.59238 2442.26099  6.27%     -   13s
     0     0 2442.26099    0  199 2605.59238 2442.26099  6.27%     -   13s
     0     0 2442.26099    0  199 2605.59238 2442.26099  6.27%     -   13s
     0     0 2442.26099    0  199 2605.59238 2442.26099  6.27%     -   13s
     0     0 2442.26099    0  199 2605.59238 2442.26099  6.27%     -   13s
     0     0 2442.26099    0  199 2605.59238 2442.26099  6.27%     -   13s
     0     0 2442.26221    0  198 2605.59238 2442.26221  6.27%     -   14s
     0     0 2442.28245    0  188 2605.59238 2442.28245  6.27%     -   14s
     0     0 2442.29573    0  191 2605.59238 2442.29573  6.27%     -   15s
     0     0 2442.29696    0  192 2605.59238 2442.29696  6.27%     -   15s
     0     0 2442.46275    0  194 2605.59238 2442.46275  6.26%     -   15s
H    0     0                    2599.2022081 2442.50736  6.03%     -   16s
     0     0 2442.50736    0  203 2599.20221 2442.50736  6.03%     -   16s
     0     0 2442.52712    0  172 2599.20221 2442.52712  6.03%     -   16s
     0     0 2442.52719    0  174 2599.20221 2442.52719  6.03%     -   16s
     0     0 2442.53900    0  204 2599.20221 2442.53900  6.03%     -   16s
     0     0 2442.54632    0  211 2599.20221 2442.54632  6.03%     -   17s
     0     0 2442.65772    0  190 2599.20221 2442.65772  6.02%     -   17s
H    0     0                    2595.9595429 2442.65792  5.91%     -   18s
     0     0 2442.67780    0  204 2595.95954 2442.67780  5.90%     -   18s
     0     0 2442.67780    0  204 2595.95954 2442.67780  5.90%     -   18s
     0     0 2442.67780    0  204 2595.95954 2442.67780  5.90%     -   18s
     0     0 2442.67780    0  204 2595.95954 2442.67780  5.90%     -   18s
     0     0 2442.67780    0  204 2595.95954 2442.67780  5.90%     -   18s
     0     0 2442.67780    0  204 2595.95954 2442.67780  5.90%     -   18s
     0     0 2442.67780    0  204 2595.95954 2442.67780  5.90%     -   18s
     0     0 2442.67780    0  204 2595.95954 2442.67780  5.90%     -   18s
     0     0 2442.67780    0  204 2595.95954 2442.67780  5.90%     -   18s
     0     0 2442.67780    0  204 2595.95954 2442.67780  5.90%     -   18s
     0     0 2442.67780    0  204 2595.95954 2442.67780  5.90%     -   19s
     0     0 2442.68631    0  202 2595.95954 2442.68631  5.90%     -   19s
     0     0 2442.68730    0  202 2595.95954 2442.68730  5.90%     -   19s
     0     0 2442.70707    0  170 2595.95954 2442.70707  5.90%     -   19s
     0     0 2442.77106    0  198 2595.95954 2442.77106  5.90%     -   20s
     0     0 2442.77106    0  198 2595.95954 2442.77106  5.90%     -   20s
     0     0 2442.77106    0  198 2595.95954 2442.77106  5.90%     -   20s
     0     0 2442.77106    0  198 2595.95954 2442.77106  5.90%     -   20s
     0     0 2442.77106    0  198 2595.95954 2442.77106  5.90%     -   20s
     0     0 2442.77106    0  198 2595.95954 2442.77106  5.90%     -   20s
     0     0 2442.77106    0  198 2595.95954 2442.77106  5.90%     -   20s
     0     0 2442.77106    0  198 2595.95954 2442.77106  5.90%     -   20s
     0     0 2442.77106    0  198 2595.95954 2442.77106  5.90%     -   20s
     0     0 2442.77106    0  198 2595.95954 2442.77106  5.90%     -   20s
     0     0 2442.77106    0  198 2595.95954 2442.77106  5.90%     -   20s
     0     0 2442.77106    0  203 2595.95954 2442.77106  5.90%     -   20s
     0     0 2442.77106    0  201 2595.95954 2442.77106  5.90%     -   20s
     0     0 2442.85796    0  205 2595.95954 2442.85796  5.90%     -   21s
     0     0 2442.85900    0  201 2595.95954 2442.85900  5.90%     -   21s
     0     0 2442.86173    0  208 2595.95954 2442.86173  5.90%     -   21s
     0     0 2444.47396    0  182 2595.95954 2444.47396  5.84%     -   22s
     0     0 2444.64610    0  197 2595.95954 2444.64610  5.83%     -   22s
     0     0 2444.66950    0  185 2595.95954 2444.66950  5.83%     -   23s
     0     0 2444.68716    0  186 2595.95954 2444.68716  5.83%     -   23s
     0     0 2444.73026    0  189 2595.95954 2444.73026  5.83%     -   23s
     0     0 2444.74043    0  186 2595.95954 2444.74043  5.83%     -   23s
     0     0 2444.74432    0  191 2595.95954 2444.74432  5.83%     -   23s
     0     0 2446.96103    0  241 2595.95954 2446.96103  5.74%     -   24s
     0     0 2447.01863    0  198 2595.95954 2447.01863  5.74%     -   24s
     0     0 2447.02842    0  199 2595.95954 2447.02842  5.74%     -   24s
     0     0 2447.03534    0  202 2595.95954 2447.03534  5.74%     -   24s
     0     0 2447.04428    0  203 2595.95954 2447.04428  5.74%     -   25s
     0     0 2447.06226    0  203 2595.95954 2447.06226  5.74%     -   25s
     0     0 2447.07125    0  255 2595.95954 2447.07125  5.74%     -   25s
     0     0 2447.07652    0  264 2595.95954 2447.07652  5.74%     -   25s
     0     0 2447.08416    0  261 2595.95954 2447.08416  5.73%     -   25s
     0     0 2447.09502    0  261 2595.95954 2447.09502  5.73%     -   25s
     0     0 2447.09598    0  263 2595.95954 2447.09598  5.73%     -   25s
     0     0 2447.16523    0  204 2595.95954 2447.16523  5.73%     -   26s
     0     0 2447.22382    0  211 2595.95954 2447.22382  5.73%     -   26s
     0     0 2447.42523    0  296 2595.95954 2447.42523  5.72%     -   27s
     0     0 2447.44156    0  297 2595.95954 2447.44156  5.72%     -   27s
     0     0 2447.44331    0  302 2595.95954 2447.44331  5.72%     -   27s
     0     0 2447.61874    0  232 2595.95954 2447.61874  5.71%     -   28s
H    0     0                    2595.0543686 2447.73060  5.68%     -   28s
H    0     0                    2594.7001552 2447.73060  5.66%     -   28s
H    0     0                    2594.6026364 2447.73060  5.66%     -   28s
     0     0 2447.73060    0  237 2594.60264 2447.73060  5.66%     -   28s
     0     0 2447.73060    0  230 2594.60264 2447.73060  5.66%     -   29s
     0     0 2447.73060    0  230 2594.60264 2447.73060  5.66%     -   29s
     0     0 2447.97863    0  319 2594.60264 2447.97863  5.65%     -   29s
H    0     0                    2593.9531300 2447.99701  5.63%     -   30s
     0     0 2448.11212    0  277 2593.95313 2448.11212  5.62%     -   30s
     0     0 2448.13560    0  315 2593.95313 2448.13560  5.62%     -   30s
     0     0 2448.13846    0  317 2593.95313 2448.13846  5.62%     -   30s
     0     0 2448.21745    0  304 2593.95313 2448.21745  5.62%     -   31s
     0     0 2448.29502    0  301 2593.95313 2448.29502  5.62%     -   31s
     0     0 2448.29502    0  322 2593.95313 2448.29502  5.62%     -   32s
     0     0 2448.32571    0  303 2593.95313 2448.32571  5.61%     -   32s
     0     0 2448.36768    0  318 2593.95313 2448.36768  5.61%     -   32s
     0     0 2448.38610    0  325 2593.95313 2448.38610  5.61%     -   32s
     0     0 2448.39008    0  326 2593.95313 2448.39008  5.61%     -   33s
     0     0 2448.77379    0  309 2593.95313 2448.77379  5.60%     -   33s
     0     0 2448.81037    0  313 2593.95313 2448.81037  5.60%     -   34s
     0     0 2451.32265    0  392 2593.95313 2451.32265  5.50%     -   35s
     0     0 2451.43059    0  380 2593.95313 2451.43059  5.49%     -   35s
     0     0 2451.44770    0  381 2593.95313 2451.44770  5.49%     -   36s
     0     0 2451.44902    0  392 2593.95313 2451.44902  5.49%     -   36s
     0     0 2451.50278    0  301 2593.95313 2451.50278  5.49%     -   37s
     0     0 2451.52109    0  313 2593.95313 2451.52109  5.49%     -   37s
     0     0 2451.52140    0  316 2593.95313 2451.52140  5.49%     -   37s
     0     0 2451.55217    0  318 2593.95313 2451.55217  5.49%     -   38s
     0     0 2451.56657    0  316 2593.95313 2451.56657  5.49%     -   38s
     0     0 2451.56657    0  316 2593.95313 2451.56657  5.49%     -   39s
     0     2 2452.34476    0  312 2593.95313 2452.34476  5.46%     -   40s
H    9     9                    2592.9495473 2457.16392  5.24%   304   41s
    88    51 2497.95991   33  109 2592.94955 2458.76601  5.17%  63.5   45s
   227   120 2540.46871   23   59 2592.94955 2489.46085  3.99%  56.4   50s
   417   245 2556.59265   25   48 2592.94955 2492.08358  3.89%  41.7   55s
   585   321 2574.50491   27   58 2592.94955 2492.92428  3.86%  35.7   60s
   776   382 2502.57811   13   70 2592.94955 2493.78476  3.82%  31.8   65s
   979   473 2568.60306    9  148 2592.94955 2494.74375  3.79%  28.7   71s
  1129   530 2529.77465   32   16 2592.94955 2497.84658  3.67%  29.7   77s
  1228   556 2555.83348   17  133 2592.94955 2498.77500  3.63%  29.6   81s
  1287   557 2509.17946   50  316 2592.94955 2498.93286  3.63%  29.2  102s
  1289   558 2531.61467   25  128 2592.94955 2498.93286  3.63%  29.2  105s
  1292   563 2498.93286   15  152 2592.94955 2498.93286  3.63%  32.0  110s
  1294   565 2498.93286   16  154 2592.94955 2498.93286  3.63%  32.4  117s
  1304   567 2498.93286   19  131 2592.94955 2498.93286  3.63%  34.5  120s
  1319   573 2498.93286   20  130 2592.94955 2498.93286  3.63%  35.9  126s
  1348   588 2522.46856   27  115 2592.94955 2498.93286  3.63%  35.9  130s
  1374   591 2523.59632   33  109 2592.94955 2498.93286  3.63%  36.7  135s
  1399   593 2498.93286   21  107 2592.94955 2498.93286  3.63%  37.1  140s
  1444   598 2544.63791   28   48 2592.94955 2498.93286  3.63%  36.6  145s
  1483   606 2545.72114   31   59 2592.94955 2498.93286  3.63%  36.5  151s
  1527   603 2498.93286   22   80 2592.94955 2498.93286  3.63%  35.9  155s
  1586   632 2563.69617   40   21 2592.94955 2498.93286  3.63%  35.0  161s
  1665   635 2498.93286   21   77 2592.94955 2498.93286  3.63%  34.0  166s
  1736   664     cutoff   45      2592.94955 2498.93286  3.63%  33.6  171s
  1829   685 2538.71924   32   48 2592.94955 2498.93286  3.63%  32.3  177s
  1887   681 2527.07820   29   81 2592.94955 2498.93286  3.63%  32.1  181s
  1930   689 2552.89702   32   49 2592.94955 2498.93286  3.63%  31.9  185s
  2019   689     cutoff   34      2592.94955 2498.93286  3.63%  30.8  192s
  2085   679 infeasible   36      2592.94955 2498.93286  3.63%  30.3  197s
  2156   679 2498.93286   30   54 2592.94955 2498.93286  3.63%  29.6  200s
  2264   670 2532.91045   26   46 2592.94955 2498.93286  3.63%  28.8  206s
  2280   673 2498.93286   25   44 2592.94955 2498.93286  3.63%  28.8  211s
  2373   695 infeasible   56      2592.94955 2498.93286  3.63%  28.6  217s
  2524   655 2574.26389   35   32 2592.94955 2498.93286  3.63%  27.3  220s
  2617   656 2498.93286   30   28 2592.94955 2498.93286  3.63%  26.8  225s
  2737   637 2521.61993   27   54 2592.94955 2498.93286  3.63%  26.0  230s
  2958   569 2546.87115   30   36 2592.94955 2498.93286  3.63%  24.6  238s
  3016   580 2563.66230   37   39 2592.94955 2498.93286  3.63%  24.6  243s
  3079   582 2576.31838   37   21 2592.94955 2498.93286  3.63%  24.4  248s
  3154   592 2546.07245   29   41 2592.94955 2501.29990  3.53%  24.3  254s
  3217   603 2506.36614   22   85 2592.94955 2505.41746  3.38%  24.0  260s
  3357   614 infeasible   29      2592.94955 2511.67620  3.13%  23.5  271s
  3470   630 2578.10716   33  143 2592.94955 2516.75653  2.94%  23.1  276s
  3518   640 2573.38229   27  111 2592.94955 2517.54171  2.91%  23.2  282s
  3572   639 2521.84510   42  109 2592.94955 2518.37163  2.88%  23.1  286s
H 3589   639                    2592.9495466 2518.37163  2.88%  23.2  286s
  3593   665 2529.85810   29   28 2592.94955 2519.18015  2.84%  23.2  292s
  3670   667 2559.91380   45   39 2592.94955 2519.85079  2.82%  23.1  299s
  3710   667 2546.84101   38   92 2592.94955 2520.68130  2.79%  23.1  300s
  3823   677 2560.69977   32   90 2592.94955 2521.07405  2.77%  23.1  313s
  3956   705 infeasible   31      2592.94955 2522.22617  2.73%  22.9  324s
  4104   717 infeasible   39      2592.94955 2522.99685  2.70%  22.7  331s
  4231   737 2541.92194   31   55 2592.94955 2523.69368  2.67%  22.7  344s
  4501   741 infeasible   41      2592.94955 2525.14688  2.61%  22.2  354s
  4596   750 2550.99876   46   58 2592.94955 2525.53789  2.60%  22.0  363s
  4754   780 2527.46464   27  103 2592.94955 2527.46464  2.53%  21.8  376s
  4995   795 infeasible   34      2592.94955 2528.68228  2.48%  21.2  384s
  5182   845 2556.33052   24  134 2592.94955 2530.10709  2.42%  20.8  397s
  5421   877 infeasible   27      2592.94955 2531.76430  2.36%  20.5  408s
  5597   999 2540.22692   36  113 2592.94955 2533.81395  2.28%  20.3  423s
  6007  1023 2592.57332   27   47 2592.94955 2535.37219  2.22%  19.8  433s
  6225  1097 2573.84301   32   30 2592.94955 2536.77217  2.17%  19.5  450s
  6641  1122     cutoff   37      2592.94955 2537.89896  2.12%  18.9  467s
  6955  1159 2547.64994   32   50 2592.94955 2538.68399  2.09%  18.6  478s
H 7087  1159                    2592.9495031 2539.21560  2.07%  18.6  479s
  7141  1186 infeasible   35      2592.94950 2539.22995  2.07%  18.5  491s
  7427  1269 2554.86597   32   41 2592.94950 2539.96835  2.04%  18.4  534s
  7726  1297 infeasible   37      2592.94950 2540.17017  2.04%  18.3  544s
  7993  1348 infeasible   39      2592.94950 2540.86291  2.01%  18.1  560s
  8342  1368 infeasible   38      2592.94950 2541.27397  1.99%  17.8  569s
  8499  1385 2544.08183   35   56 2592.94950 2541.48082  1.98%  17.7  579s
  8679  1426 2542.80368   33   46 2592.94950 2541.61862  1.98%  17.5  588s
  8941  1466 2555.04503   42   80 2592.94950 2542.19992  1.96%  17.4  596s
  9135  1490     cutoff   31      2592.94950 2542.52960  1.94%  17.3  604s
  9389  1494 2562.66300   37   22 2592.94950 2542.92393  1.93%  17.1  613s
  9558  1465     cutoff   23      2592.94950 2543.09805  1.92%  17.2  624s
  9720  1457 infeasible   38      2592.94950 2543.53226  1.91%  17.4  633s
  9898  1431 infeasible   27      2592.94950 2544.17623  1.88%  17.3  642s
 10058  1428 2567.95096   37   42 2592.94950 2544.37241  1.87%  17.4  652s
 10192  1422     cutoff   38      2592.94950 2544.62856  1.86%  17.4  663s
 10399  1404 2559.97024   31   17 2592.94950 2545.12823  1.84%  17.5  675s
 10615  1384     cutoff   40      2592.94950 2545.54131  1.83%  17.4  689s
 10886  1345 2562.12182   32   22 2592.94950 2546.25336  1.80%  17.2  702s
 11157  1292 2563.60790   35   44 2592.94950 2547.08659  1.77%  17.0  711s
 11336  1217 infeasible   41      2592.94950 2547.85393  1.74%  17.0  722s
 11589  1198 2563.90710   36   22 2592.94950 2549.16322  1.69%  16.9  730s
 11788  1159 2575.63047   31   25 2592.94950 2550.34519  1.64%  16.7  737s
 11930  1133 2557.04441   32   49 2592.94950 2551.73409  1.59%  16.6  746s
 12098  1081 2564.99746   38   25 2592.94950 2552.73961  1.55%  16.6  760s
 12320  1008 2564.64977   36   26 2592.94950 2554.53126  1.48%  16.6  771s
 12514   967 2556.53245   27  126 2592.94950 2556.13352  1.42%  16.6  781s
 12693   925     cutoff   37      2592.94950 2557.12535  1.38%  16.6  795s
 12943   881 2574.44453   40   73 2592.94950 2558.44097  1.33%  16.5  805s
 13115   826     cutoff   41      2592.94950 2559.87150  1.28%  16.5  817s
 13286   751 2561.91463   39   72 2592.94950 2560.98504  1.23%  16.5  832s
 13564   709 infeasible   41      2592.94950 2562.87724  1.16%  16.4  841s
 13744   636 infeasible   39      2592.94950 2563.94984  1.12%  16.3  851s
 14010   581 infeasible   37      2592.94950 2565.68964  1.05%  16.3  863s
 14217   493 infeasible   41      2592.94950 2567.45881  0.98%  16.2  876s
 14459   417     cutoff   40      2592.94950 2570.80898  0.85%  16.1  886s
 14687   315 2576.80042   38   38 2592.94950 2572.83089  0.78%  15.9  897s
 14942   203 infeasible   35      2592.94950 2576.43614  0.64%  15.7  904s
 15080    85 infeasible   34      2592.94950 2580.45068  0.48%  15.6  917s
 15227     0 infeasible   44      2592.94950 2586.24242  0.26%  15.5  923s

Explored 15318 nodes (246440 simplex iterations) in 923.47 seconds (99.75 work units)
Thread count was 2 (of 46 available processors)

Solution count 10: 2592.95 2592.95 2592.95 ... 2595.05
No other solutions better than 2592.95

Optimal solution found (tolerance 1.00e-06)
Best objective 2.592949488119e+03, best bound 2.592949488119e+03, gap 0.0000%

Solve summary
-------------
Status code:       2
Objective:         2592.9494881193195
Objective bound:   2592.9494881193195
MIP gap:           0.0
Has cycle:         False
Is acyclic:        True
Packages selected: 7 active packages

Packages
--------
   I1 | inactive_singleton | S=  0, C=  0, x=  0 | tasks=[1]
   I2 | inactive_singleton | S=  0, C=  7, x= 14 | tasks=[2]
   A1 | active             | S=  7, C= 22, x= 26 | tasks=[3, 4, 5, 6, 7]
   I8 | inactive_singleton | S= 22, C= 29, x= 11 | tasks=[8]
   I9 | inactive_singleton | S= 29, C= 32, x=  4 | tasks=[9]
   A2 | active             | S= 32, C= 50, x= 29 | tasks=[10, 11]
  I12 | inactive_singleton | S= 50, C= 57, x= 11 | tasks=[12]
   A3 | active             | S= 57, C= 67, x= 23 | tasks=[13, 14]
  I15 | inactive_singleton | S= 67, C= 70, x=  5 | tasks=[15]
  I16 | inactive_singleton | S= 70, C= 78, x= 12 | tasks=[16]
   A4 | active             | S= 78, C= 81, x=  6 | tasks=[17]
  I18 | inactive_singleton | S= 81, C= 83, x=  4 | tasks=[18]
   A5 | active             | S= 83, C= 92, x= 29 | tasks=[19, 20, 21]
  I22 | inactive_singleton | S= 92, C=100, x=  8 | tasks=[22]
   A6 | active             | S=100, C=110, x= 13 | tasks=[23, 24]
  I25 | inactive_singleton | S=110, C=118, x= 15 | tasks=[25]
  I26 | inactive_singleton | S=118, C=126, x= 11 | tasks=[26]
  I27 | inactive_singleton | S=126, C=133, x=  8 | tasks=[27]
  I28 | inactive_singleton | S=133, C=138, x=  9 | tasks=[28]
   A7 | active             | S=138, C=152, x= 27 | tasks=[29, 30, 31]
  I32 | inactive_singleton | S=156, C=156, x=  0 | tasks=[32]

Solution JSON saved to: /home/23037696r/Documents/research/or_benchmark/wp/results/inactive_0.4/j30/j300904_7.json
Finish time     : 2026-08-15T07:18:11+08:00
