Slurm job ID    : 2433
Array task ID   : 15
Host            : 23037696r-i7809a0b3cd
Start time      : 2026-08-15T05:32:49+08:00
Instance        : /home/23037696r/Documents/research/or_benchmark/wp/instances/inactive_0.4/j30/j300204_5.sm
Output JSON     : /home/23037696r/Documents/research/or_benchmark/wp/results/inactive_0.4/j30/j300204_5.json
Gurobi log      : /home/23037696r/Documents/research/or_benchmark/wp/results/inactive_0.4/j30/logs/gurobi/j300204_5.log
Allocated CPUs  : 2
Running with command-line arguments
-----------------------------------
Instance file: /home/23037696r/Documents/research/or_benchmark/wp/instances/inactive_0.4/j30/j300204_5.sm
Instance summary
----------------
Tasks:          32
Active tasks:   18
Inactive tasks: 14
Arcs:           109
Total duration: 157
Total work:     243
Active work:    154
Delta (singleton critical-path makespan): 33
Chosen deadline: 37
Feasible by singleton schedule: yes
Deadline rule: automatic: d = ceil(1.1 * Delta) = 37
Set parameter Username
Set parameter LicenseID to value 2851961
Academic license - for non-commercial use only - expires 2027-08-07
Set parameter MIPGap to value 1e-06
Set parameter TimeLimit to value 13800
Set parameter Threads to value 2
Set parameter LogFile to value "/home/23037696r/Documents/research/or_benchmark/wp/results/inactive_0.4/j30/logs/gurobi/j300204_5.log"
Set parameter NumericFocus to value 1
Gurobi Optimizer version 13.0.2 build v13.0.2rc1 (linux64 - "Ubuntu 22.04.3 LTS")

CPU model: Intel Xeon Processor (Cascadelake), instruction set [SSE2|AVX|AVX2|AVX512]
Thread count: 46 physical cores, 46 logical processors, using up to 2 threads

Non-default parameters:
TimeLimit  13800
MIPGap  1e-06
NumericFocus  1
Threads  2

Optimize a model with 17105 rows, 6170 columns and 58038 nonzeros (Min)
Model fingerprint: 0xda00dbae
Model has 3900 linear objective coefficients and an objective constant of 1.0867896329116361e+03
Variable types: 684 continuous, 5486 integer (5340 binary)
Coefficient statistics:
  Matrix range     [1e+00, 2e+02]
  Objective range  [1e-02, 8e+02]
  Bounds range     [1e+00, 2e+02]
  RHS range        [1e+00, 2e+02]

Presolve removed 12330 rows and 3716 columns
Presolve time: 2.95s
Presolved: 4775 rows, 2454 columns, 38731 nonzeros
Variable types: 0 continuous, 2454 integer (1865 binary)
Found heuristic solution: objective 2884.0508670

Root relaxation: objective 2.072533e+03, 1856 iterations, 0.49 seconds (0.17 work units)

    Nodes    |    Current Node    |     Objective Bounds      |     Work
 Expl Unexpl |  Obj  Depth IntInf | Incumbent    BestBd   Gap | It/Node Time

     0     0 2072.53341    0   54 2884.05087 2072.53341  28.1%     -    3s
H    0     0                    2114.2373059 2072.53341  1.97%     -    4s
     0     0 2076.96883    0  202 2114.23731 2076.96883  1.76%     -    4s
     0     0 2076.96889    0  196 2114.23731 2076.96889  1.76%     -    4s
H    0     0                    2113.3038673 2076.96915  1.72%     -    5s
H    0     0                    2111.7261552 2076.96915  1.65%     -    5s
H    0     0                    2111.0793348 2076.96915  1.62%     -    5s
     0     0 2077.10678    0  194 2111.07933 2077.10678  1.61%     -    5s
     0     0 2077.10679    0  197 2111.07933 2077.10679  1.61%     -    5s
     0     0 2082.33799    0  200 2111.07933 2082.33799  1.36%     -    6s
     0     0 2082.74448    0  198 2111.07933 2082.74448  1.34%     -    6s
     0     0 2082.87079    0  202 2111.07933 2082.87079  1.34%     -    7s
     0     0 2082.92113    0  204 2111.07933 2082.92113  1.33%     -    7s
     0     0 2087.13594    0  225 2111.07933 2087.13594  1.13%     -    8s
     0     0 2087.55947    0  207 2111.07933 2087.55947  1.11%     -    8s
     0     0 2087.65449    0  215 2111.07933 2087.65449  1.11%     -    8s
     0     0 2087.91183    0  220 2111.07933 2087.91183  1.10%     -    9s
     0     0 2088.06306    0  228 2111.07933 2088.06306  1.09%     -    9s
     0     0 2088.10924    0  228 2111.07933 2088.10924  1.09%     -    9s
     0     0 2088.11113    0  230 2111.07933 2088.11113  1.09%     -    9s
     0     0 2089.38842    0  217 2111.07933 2089.38842  1.03%     -   10s
     0     0 2089.38842    0   55 2111.07933 2089.38842  1.03%     -   10s
     0     0 2092.27692    0  200 2111.07933 2092.27692  0.89%     -   10s
     0     0 2093.26181    0  177 2111.07933 2093.26181  0.84%     -   11s
     0     0 2093.38434    0  173 2111.07933 2093.38434  0.84%     -   11s
     0     0 2093.43106    0  169 2111.07933 2093.43106  0.84%     -   11s
     0     0 2093.46512    0  169 2111.07933 2093.46512  0.83%     -   11s
     0     0 2093.49660    0  173 2111.07933 2093.49660  0.83%     -   11s
     0     0 2093.52125    0  173 2111.07933 2093.52125  0.83%     -   11s
     0     0 2093.54243    0  173 2111.07933 2093.54243  0.83%     -   11s
     0     0 2093.56067    0  173 2111.07933 2093.56067  0.83%     -   11s
     0     0 2093.57673    0  172 2111.07933 2093.57673  0.83%     -   11s
     0     0 2093.59186    0  172 2111.07933 2093.59186  0.83%     -   11s
     0     0 2099.86172    0  178 2111.07933 2099.86172  0.53%     -   11s
     0     0 2099.86360    0  178 2111.07933 2099.86360  0.53%     -   11s
     0     0 2099.91091    0  183 2111.07933 2099.91091  0.53%     -   11s
     0     0 2099.91386    0  180 2111.07933 2099.91386  0.53%     -   11s
     0     0 2099.91554    0  179 2111.07933 2099.91554  0.53%     -   11s
     0     0 2099.91636    0  181 2111.07933 2099.91636  0.53%     -   11s
     0     0 2099.91650    0  183 2111.07933 2099.91650  0.53%     -   11s
     0     0 2100.50246    0  188 2111.07933 2100.50246  0.50%     -   11s
     0     0 2100.50246    0  188 2111.07933 2100.50246  0.50%     -   11s
     0     0 2100.54744    0  189 2111.07933 2100.54744  0.50%     -   11s
     0     0 2100.57367    0  187 2111.07933 2100.57367  0.50%     -   11s
     0     0 2100.57368    0  188 2111.07933 2100.57368  0.50%     -   11s
     0     0 2108.67307    0  210 2111.07933 2108.67307  0.11%     -   11s
     0     0 2108.73546    0  162 2111.07933 2108.73546  0.11%     -   11s
     0     0 2108.74990    0  174 2111.07933 2108.74990  0.11%     -   11s
     0     0 2108.75127    0  173 2111.07933 2108.75127  0.11%     -   11s
     0     0 2108.79353    0  181 2111.07933 2108.79353  0.11%     -   11s
     0     0 2108.79541    0  183 2111.07933 2108.79541  0.11%     -   11s
     0     0 2108.79582    0  182 2111.07933 2108.79582  0.11%     -   11s
     0     0 2108.79591    0  184 2111.07933 2108.79591  0.11%     -   12s
     0     0 2108.79694    0  194 2111.07933 2108.79694  0.11%     -   12s
     0     0 2109.03584    0  179 2111.07933 2109.03584  0.10%     -   12s
*    0     0               0    2110.0899401 2110.08994  0.00%     -   12s

Cutting planes:
  Learned: 9
  Cover: 33
  Implied bound: 54
  Clique: 20
  MIR: 48
  StrongCG: 14
  Flow cover: 3
  GUB cover: 42
  Zero half: 2
  Network: 1
  RLT: 15
  Relax-and-lift: 19
  BQP: 5

Explored 1 nodes (7265 simplex iterations) in 12.08 seconds (1.88 work units)
Thread count was 2 (of 46 available processors)

Solution count 9: 2110.09 2111.08 2111.08 ... 2884.05

Optimal solution found (tolerance 1.00e-06)
Best objective 2.110089940101e+03, best bound 2.110089940101e+03, gap 0.0000%

Solve summary
-------------
Status code:       2
Objective:         2110.089940101009
Objective bound:   2110.089940101009
MIP gap:           0.0
Has cycle:         False
Is acyclic:        True
Packages selected: 4 active packages

Packages
--------
   I1 | inactive_singleton | S=  0, C=  0, x=  0 | tasks=[1]
  I10 | inactive_singleton | S=  0, C=  3, x=  5 | tasks=[10]
   A1 | active             | S=  0, C=  7, x= 53 | tasks=[2, 3, 4, 5, 6, 8, 11, 12, 16]
  I13 | inactive_singleton | S=  7, C= 10, x=  4 | tasks=[13]
   I7 | inactive_singleton | S=  7, C= 12, x=  6 | tasks=[7]
  I15 | inactive_singleton | S=  7, C= 14, x= 10 | tasks=[15]
   A2 | active             | S=  7, C= 15, x= 32 | tasks=[9, 14]
  I22 | inactive_singleton | S= 12, C= 16, x=  6 | tasks=[22]
  I21 | inactive_singleton | S= 12, C= 17, x=  8 | tasks=[21]
  I24 | inactive_singleton | S= 15, C= 18, x=  5 | tasks=[24]
  I17 | inactive_singleton | S= 15, C= 21, x=  8 | tasks=[17]
  I31 | inactive_singleton | S= 15, C= 24, x= 17 | tasks=[31]
   A3 | active             | S= 15, C= 25, x= 39 | tasks=[18, 19, 20, 29]
  I23 | inactive_singleton | S= 25, C= 26, x=  1 | tasks=[23]
  I28 | inactive_singleton | S= 25, C= 31, x=  8 | tasks=[28]
  I25 | inactive_singleton | S= 25, C= 33, x= 11 | tasks=[25]
   A4 | active             | S= 26, C= 35, x= 30 | tasks=[26, 27, 30]
  I32 | inactive_singleton | S= 36, C= 36, x=  0 | tasks=[32]

Solution JSON saved to: /home/23037696r/Documents/research/or_benchmark/wp/results/inactive_0.4/j30/j300204_5.json
Finish time     : 2026-08-15T05:33:04+08:00
