Slurm job ID    : 2503
Array task ID   : 85
Host            : 23037696r-i7809a0b3cd
Start time      : 2026-08-15T07:01:09+08:00
Instance        : /home/23037696r/Documents/research/or_benchmark/wp/instances/inactive_0.4/j30/j300904_5.sm
Output JSON     : /home/23037696r/Documents/research/or_benchmark/wp/results/inactive_0.4/j30/j300904_5.json
Gurobi log      : /home/23037696r/Documents/research/or_benchmark/wp/results/inactive_0.4/j30/logs/gurobi/j300904_5.log
Allocated CPUs  : 2
Running with command-line arguments
-----------------------------------
Instance file: /home/23037696r/Documents/research/or_benchmark/wp/instances/inactive_0.4/j30/j300904_5.sm
Instance summary
----------------
Tasks:          32
Active tasks:   18
Inactive tasks: 14
Arcs:           34
Total duration: 184
Total work:     289
Active work:    167
Delta (singleton critical-path makespan): 165
Chosen deadline: 182
Feasible by singleton schedule: yes
Deadline rule: automatic: d = ceil(1.1 * Delta) = 182
Set parameter Username
Set parameter LicenseID to value 2851961
Academic license - for non-commercial use only - expires 2027-08-07
Set parameter MIPGap to value 1e-06
Set parameter TimeLimit to value 13800
Set parameter Threads to value 2
Set parameter LogFile to value "/home/23037696r/Documents/research/or_benchmark/wp/results/inactive_0.4/j30/logs/gurobi/j300904_5.log"
Set parameter NumericFocus to value 1
Gurobi Optimizer version 13.0.2 build v13.0.2rc1 (linux64 - "Ubuntu 22.04.3 LTS")

CPU model: Intel Xeon Processor (Cascadelake), instruction set [SSE2|AVX|AVX2|AVX512]
Thread count: 46 physical cores, 46 logical processors, using up to 2 threads

Non-default parameters:
TimeLimit  13800
MIPGap  1e-06
NumericFocus  1
Threads  2

Optimize a model with 18208 rows, 13654 columns and 66798 nonzeros (Min)
Model fingerprint: 0xf062dbee
Model has 8484 linear objective coefficients and an objective constant of 1.2506938223775455e+03
Variable types: 3294 continuous, 10360 integer (10214 binary)
Coefficient statistics:
  Matrix range     [1e+00, 2e+02]
  Objective range  [1e-02, 8e+02]
  Bounds range     [1e+00, 2e+02]
  RHS range        [1e+00, 2e+02]

Presolve removed 14924 rows and 9382 columns (presolve time = 5s)...
Presolve removed 15060 rows and 9380 columns
Presolve time: 5.52s
Presolved: 3148 rows, 4274 columns, 31036 nonzeros
Variable types: 0 continuous, 4274 integer (2768 binary)
Found heuristic solution: objective 3304.6790150

Root simplex log...

Iteration    Objective       Primal Inf.    Dual Inf.      Time
       0    1.8483266e+03   3.638750e+02   0.000000e+00      6s
     873    2.5474032e+03   0.000000e+00   0.000000e+00      6s

Root relaxation: objective 2.547403e+03, 873 iterations, 0.11 seconds (0.05 work units)

    Nodes    |    Current Node    |     Objective Bounds      |     Work
 Expl Unexpl |  Obj  Depth IntInf | Incumbent    BestBd   Gap | It/Node Time

     0     0 2547.40316    0   80 3304.67902 2547.40316  22.9%     -    6s
     0     0 2547.42963    0   76 3304.67902 2547.42963  22.9%     -    6s
H    0     0                    2754.1017319 2547.42963  7.50%     -    6s
     0     0 2559.82464    0  141 2754.10173 2559.82464  7.05%     -    6s
     0     0 2559.99968    0  137 2754.10173 2559.99968  7.05%     -    6s
     0     0 2560.02827    0  141 2754.10173 2560.02827  7.05%     -    7s
     0     0 2560.03014    0  141 2754.10173 2560.03014  7.05%     -    7s
     0     0 2560.03225    0  141 2754.10173 2560.03225  7.05%     -    7s
     0     0 2560.03461    0  141 2754.10173 2560.03461  7.05%     -    7s
     0     0 2560.03723    0  141 2754.10173 2560.03723  7.05%     -    7s
     0     0 2560.04014    0  135 2754.10173 2560.04014  7.05%     -    7s
     0     0 2560.04334    0  135 2754.10173 2560.04334  7.05%     -    7s
     0     0 2560.04334    0  135 2754.10173 2560.04334  7.05%     -    7s
     0     0 2560.04334    0  135 2754.10173 2560.04334  7.05%     -    7s
     0     0 2564.47439    0  153 2754.10173 2564.47439  6.89%     -    7s
     0     0 2564.47439    0  153 2754.10173 2564.47439  6.89%     -    7s
     0     0 2564.47439    0  153 2754.10173 2564.47439  6.89%     -    7s
     0     0 2564.47439    0  153 2754.10173 2564.47439  6.89%     -    7s
     0     0 2564.47439    0  153 2754.10173 2564.47439  6.89%     -    7s
     0     0 2564.47439    0  153 2754.10173 2564.47439  6.89%     -    7s
     0     0 2564.47439    0  153 2754.10173 2564.47439  6.89%     -    7s
     0     0 2564.47439    0  153 2754.10173 2564.47439  6.89%     -    7s
     0     0 2564.47439    0  153 2754.10173 2564.47439  6.89%     -    7s
     0     0 2564.47439    0  153 2754.10173 2564.47439  6.89%     -    7s
     0     0 2564.47439    0  153 2754.10173 2564.47439  6.89%     -    8s
     0     0 2564.47621    0  152 2754.10173 2564.47621  6.89%     -    8s
     0     0 2564.47621    0  152 2754.10173 2564.47621  6.89%     -    8s
     0     0 2564.47621    0  152 2754.10173 2564.47621  6.89%     -    8s
     0     0 2564.47621    0  152 2754.10173 2564.47621  6.89%     -    8s
     0     0 2564.47621    0  152 2754.10173 2564.47621  6.89%     -    8s
     0     0 2564.47621    0  152 2754.10173 2564.47621  6.89%     -    8s
     0     0 2564.47621    0  152 2754.10173 2564.47621  6.89%     -    8s
     0     0 2564.47621    0  152 2754.10173 2564.47621  6.89%     -    8s
     0     0 2564.47621    0  152 2754.10173 2564.47621  6.89%     -    8s
     0     0 2564.47621    0  152 2754.10173 2564.47621  6.89%     -    8s
     0     0 2564.47621    0  152 2754.10173 2564.47621  6.89%     -    8s
     0     0 2569.11417    0  147 2754.10173 2569.11417  6.72%     -    8s
     0     0 2569.11417    0  147 2754.10173 2569.11417  6.72%     -    8s
     0     0 2569.11417    0  147 2754.10173 2569.11417  6.72%     -    8s
     0     0 2569.11417    0  147 2754.10173 2569.11417  6.72%     -    8s
     0     0 2569.11417    0  147 2754.10173 2569.11417  6.72%     -    8s
     0     0 2569.11417    0  147 2754.10173 2569.11417  6.72%     -    8s
     0     0 2569.11417    0  147 2754.10173 2569.11417  6.72%     -    8s
     0     0 2569.11417    0  147 2754.10173 2569.11417  6.72%     -    8s
     0     0 2569.11417    0  147 2754.10173 2569.11417  6.72%     -    8s
     0     0 2569.11417    0  147 2754.10173 2569.11417  6.72%     -    8s
     0     0 2569.11417    0  147 2754.10173 2569.11417  6.72%     -    8s
     0     0 2569.16418    0  152 2754.10173 2569.16418  6.71%     -    9s
     0     0 2569.16418    0  152 2754.10173 2569.16418  6.71%     -    9s
     0     0 2569.16418    0  152 2754.10173 2569.16418  6.71%     -    9s
     0     0 2569.16418    0  152 2754.10173 2569.16418  6.71%     -    9s
     0     0 2569.16418    0  152 2754.10173 2569.16418  6.71%     -    9s
     0     0 2569.35836    0  148 2754.10173 2569.35836  6.71%     -    9s
     0     0 2569.51046    0  154 2754.10173 2569.51046  6.70%     -    9s
     0     0 2569.54132    0  149 2754.10173 2569.54132  6.70%     -    9s
     0     0 2569.54967    0  152 2754.10173 2569.54967  6.70%     -    9s
     0     0 2569.54980    0  149 2754.10173 2569.54980  6.70%     -   10s
     0     0 2572.62813    0  153 2754.10173 2572.62813  6.59%     -   10s
     0     0 2572.68270    0  158 2754.10173 2572.68270  6.59%     -   10s
     0     0 2573.16431    0  160 2754.10173 2573.16431  6.57%     -   11s
     0     0 2573.16776    0  160 2754.10173 2573.16776  6.57%     -   11s
     0     0 2573.17463    0  160 2754.10173 2573.17463  6.57%     -   11s
     0     0 2573.17463    0  160 2754.10173 2573.17463  6.57%     -   11s
     0     0 2573.17463    0  160 2754.10173 2573.17463  6.57%     -   11s
     0     0 2573.17463    0  160 2754.10173 2573.17463  6.57%     -   11s
     0     0 2573.17463    0  160 2754.10173 2573.17463  6.57%     -   11s
     0     0 2573.17463    0  160 2754.10173 2573.17463  6.57%     -   11s
     0     0 2573.17463    0  160 2754.10173 2573.17463  6.57%     -   11s
     0     0 2573.17463    0  160 2754.10173 2573.17463  6.57%     -   11s
     0     0 2573.17463    0  160 2754.10173 2573.17463  6.57%     -   11s
     0     0 2573.27771    0  161 2754.10173 2573.27771  6.57%     -   11s
     0     0 2573.27771    0  160 2754.10173 2573.27771  6.57%     -   11s
     0     0 2573.28730    0  165 2754.10173 2573.28730  6.57%     -   11s
     0     0 2573.28734    0  166 2754.10173 2573.28734  6.57%     -   12s
     0     0 2576.06373    0  168 2754.10173 2576.06373  6.46%     -   12s
     0     0 2577.42032    0  140 2754.10173 2577.42032  6.42%     -   12s
     0     0 2577.51402    0  137 2754.10173 2577.51402  6.41%     -   13s
     0     0 2577.60093    0  144 2754.10173 2577.60093  6.41%     -   13s
     0     0 2577.61470    0  143 2754.10173 2577.61470  6.41%     -   13s
     0     0 2577.61488    0  143 2754.10173 2577.61488  6.41%     -   13s
     0     0 2577.61506    0  143 2754.10173 2577.61506  6.41%     -   13s
     0     0 2577.61524    0  143 2754.10173 2577.61524  6.41%     -   13s
     0     0 2577.61541    0  143 2754.10173 2577.61541  6.41%     -   13s
     0     0 2577.61555    0  143 2754.10173 2577.61555  6.41%     -   13s
     0     0 2577.61568    0  143 2754.10173 2577.61568  6.41%     -   13s
     0     0 2577.61576    0  143 2754.10173 2577.61576  6.41%     -   13s
     0     0 2583.81543    0  190 2754.10173 2583.81543  6.18%     -   14s
     0     0 2583.81543    0  190 2754.10173 2583.81543  6.18%     -   14s
     0     0 2583.81543    0  190 2754.10173 2583.81543  6.18%     -   14s
     0     0 2583.81543    0  190 2754.10173 2583.81543  6.18%     -   14s
     0     0 2583.81543    0  190 2754.10173 2583.81543  6.18%     -   14s
     0     0 2583.81543    0  190 2754.10173 2583.81543  6.18%     -   14s
     0     0 2584.08737    0  177 2754.10173 2584.08737  6.17%     -   14s
     0     0 2584.16000    0  184 2754.10173 2584.16000  6.17%     -   14s
     0     0 2584.19398    0  188 2754.10173 2584.19398  6.17%     -   14s
     0     0 2584.20863    0  186 2754.10173 2584.20863  6.17%     -   15s
     0     0 2584.21138    0  187 2754.10173 2584.21138  6.17%     -   15s
     0     0 2585.40874    0  186 2754.10173 2585.40874  6.13%     -   15s
     0     0 2585.82813    0  194 2754.10173 2585.82813  6.11%     -   15s
     0     0 2585.91631    0  193 2754.10173 2585.91631  6.11%     -   16s
     0     0 2585.92274    0  199 2754.10173 2585.92274  6.11%     -   16s
     0     0 2586.43182    0  184 2754.10173 2586.43182  6.09%     -   16s
     0     0 2586.87521    0  188 2754.10173 2586.87521  6.07%     -   17s
     0     0 2587.08503    0  191 2754.10173 2587.08503  6.06%     -   17s
     0     0 2587.16139    0  206 2754.10173 2587.16139  6.06%     -   17s
     0     0 2587.16204    0  207 2754.10173 2587.16204  6.06%     -   17s
     0     0 2588.50641    0  198 2754.10173 2588.50641  6.01%     -   18s
     0     0 2589.05545    0  194 2754.10173 2589.05545  5.99%     -   18s
     0     0 2589.10105    0  200 2754.10173 2589.10105  5.99%     -   18s
     0     0 2589.10105    0   81 2754.10173 2589.10105  5.99%     -   24s
     0     0 2589.10105    0   80 2754.10173 2589.10105  5.99%     -   24s
     0     0 2589.10105    0  153 2754.10173 2589.10105  5.99%     -   25s
     0     0 2589.10105    0  159 2754.10173 2589.10105  5.99%     -   26s
     0     0 2589.10105    0  173 2754.10173 2589.10105  5.99%     -   26s
     0     0 2589.10105    0  156 2754.10173 2589.10105  5.99%     -   27s
     0     0 2589.10105    0  171 2754.10173 2589.10105  5.99%     -   27s
     0     0 2589.10105    0  203 2754.10173 2589.10105  5.99%     -   27s
     0     0 2589.10105    0  204 2754.10173 2589.10105  5.99%     -   27s
     0     0 2589.10105    0  203 2754.10173 2589.10105  5.99%     -   28s
     0     0 2589.10105    0  205 2754.10173 2589.10105  5.99%     -   28s
     0     0 2589.10105    0  203 2754.10173 2589.10105  5.99%     -   28s
     0     0 2589.10105    0  202 2754.10173 2589.10105  5.99%     -   28s
     0     0 2589.10105    0  202 2754.10173 2589.10105  5.99%     -   28s
     0     0 2589.33030    0  222 2754.10173 2589.33030  5.98%     -   28s
     0     0 2589.33440    0  220 2754.10173 2589.33440  5.98%     -   28s
     0     0 2589.51482    0  222 2754.10173 2589.51482  5.98%     -   29s
     0     0 2589.53039    0  221 2754.10173 2589.53039  5.98%     -   29s
     0     0 2589.53039    0  221 2754.10173 2589.53039  5.98%     -   29s
     0     0 2590.17722    0  231 2754.10173 2590.17722  5.95%     -   30s
     0     0 2590.33907    0  207 2754.10173 2590.33907  5.95%     -   30s
     0     0 2590.37524    0  204 2754.10173 2590.37524  5.94%     -   30s
     0     0 2590.41202    0  203 2754.10173 2590.41202  5.94%     -   31s
     0     0 2590.41294    0  206 2754.10173 2590.41294  5.94%     -   31s
     0     0 2593.40084    0  221 2754.10173 2593.40084  5.83%     -   32s
     0     0 2593.44512    0  258 2754.10173 2593.44512  5.83%     -   32s
     0     0 2593.49076    0  230 2754.10173 2593.49076  5.83%     -   33s
     0     0 2593.49076    0  232 2754.10173 2593.49076  5.83%     -   33s
     0     0 2598.36849    0  235 2754.10173 2598.36849  5.65%     -   34s
     0     0 2598.38503    0  227 2754.10173 2598.38503  5.65%     -   34s
     0     0 2598.38504    0  228 2754.10173 2598.38504  5.65%     -   35s
     0     0 2599.66113    0  225 2754.10173 2599.66113  5.61%     -   35s
     0     0 2599.88402    0  250 2754.10173 2599.88402  5.60%     -   36s
     0     0 2599.88402    0  250 2754.10173 2599.88402  5.60%     -   36s
     0     0 2600.77357    0  240 2754.10173 2600.77357  5.57%     -   37s
     0     0 2601.11970    0  245 2754.10173 2601.11970  5.55%     -   37s
     0     0 2601.11970    0  247 2754.10173 2601.11970  5.55%     -   37s
     0     0 2604.91289    0  228 2754.10173 2604.91289  5.42%     -   38s
     0     0 2604.98586    0  246 2754.10173 2604.98586  5.41%     -   39s
     0     0 2604.98773    0  252 2754.10173 2604.98773  5.41%     -   39s
     0     0 2605.06920    0  260 2754.10173 2605.06920  5.41%     -   40s
     0     0 2605.51731    0  234 2754.10173 2605.51731  5.40%     -   40s
     0     0 2605.80569    0  246 2754.10173 2605.80569  5.38%     -   41s
     0     0 2605.85604    0  241 2754.10173 2605.85604  5.38%     -   41s
     0     0 2605.85764    0  246 2754.10173 2605.85764  5.38%     -   42s
     0     0 2605.89295    0  251 2754.10173 2605.89295  5.38%     -   42s
     0     0 2605.90026    0  247 2754.10173 2605.90026  5.38%     -   43s
     0     0 2605.97552    0  242 2754.10173 2605.97552  5.38%     -   43s
     0     0 2605.99385    0  249 2754.10173 2605.99385  5.38%     -   44s
     0     0 2606.00265    0  252 2754.10173 2606.00265  5.38%     -   44s
     0     0 2606.02484    0  255 2754.10173 2606.02484  5.38%     -   45s
     0     0 2606.02527    0  255 2754.10173 2606.02527  5.38%     -   45s
     0     0 2606.02527    0  245 2754.10173 2606.02527  5.38%     -   46s
     0     2 2606.08950    0  241 2754.10173 2606.08950  5.37%     -   47s
    28    34 2639.19932   11   76 2754.10173 2617.15014  4.97%  63.8   50s
   135    95     cutoff   18      2754.10173 2618.62758  4.92%  39.1   55s
   231   162 infeasible   13      2754.10173 2626.32948  4.64%  42.9   60s
   381   316 2693.18031   86   12 2754.10173 2626.32948  4.64%  28.1   65s
   531   407 2690.31008   58   48 2754.10173 2627.16518  4.61%  25.7   70s
   640   458 2636.88980    7   52 2754.10173 2629.29393  4.53%  28.6   75s
   936   626 2683.64572   42  200 2754.10173 2630.09347  4.50%  24.3  106s
   942   630 2693.96852   48  377 2754.10173 2630.09347  4.50%  24.1  110s
   956   639 2690.07333   10  400 2754.10173 2630.09347  4.50%  23.8  115s
   967   647 2696.67286   50  433 2754.10173 2630.09347  4.50%  23.5  120s
   974   651 2733.13500   46  422 2754.10173 2630.09347  4.50%  23.3  125s
   979   658 2677.53303   13  142 2754.10173 2630.09347  4.50%  30.5  131s
  1014   677 2703.36473   24  113 2754.10173 2630.09347  4.50%  32.0  135s
  1066   675 2639.65161   20   75 2754.10173 2631.36423  4.46%  32.4  140s
  1144   682 2734.97839   40   72 2754.10173 2631.36423  4.46%  33.9  145s
  1241   691 2646.58227   23   89 2754.10173 2631.36423  4.46%  35.0  151s
  1376   696 2684.42634   27  135 2754.10173 2639.09411  4.18%  34.7  155s
  1517   700 2643.13496   26  104 2754.10173 2642.20059  4.06%  35.4  160s
  1666   735     cutoff   40      2754.10173 2643.70118  4.01%  35.3  165s
  1866   744 infeasible   40      2754.10173 2647.01200  3.89%  33.1  170s
  2157   784 2719.30094   26   52 2754.10173 2653.75783  3.64%  31.0  177s
  2393   763 2750.60149   45   55 2754.10173 2659.97290  3.42%  29.2  181s
  2520   801 2683.07657   28   58 2754.10173 2660.27451  3.41%  28.7  186s
  2716   816 2695.82855   34  104 2754.10173 2662.20499  3.34%  27.9  191s
  2963   805 2698.22915   35   12 2754.10173 2663.74393  3.28%  27.0  196s
  3268   954 2751.55855   45   19 2754.10173 2666.61303  3.18%  26.2  202s
  3478   978 infeasible   29      2754.10173 2668.98970  3.09%  25.4  205s
  3746  1053 2682.51757   17  135 2754.10173 2672.22663  2.97%  24.8  212s
  3857  1122 2736.34433   26   45 2754.10173 2672.22663  2.97%  24.7  216s
  4043  1171 2695.61973   27   13 2754.10173 2672.99380  2.94%  24.2  221s
  4170  1240 2695.58501   27   12 2754.10173 2673.17119  2.94%  24.0  226s
  4372  1277 infeasible   45      2754.10173 2673.17123  2.94%  23.8  233s
  4508  1293 2744.73258   34  130 2754.10173 2674.24939  2.90%  23.9  235s
  4538  1327 2704.79415   23   61 2754.10173 2674.24939  2.90%  24.2  241s
  4704  1407 2695.50560   34   12 2754.10173 2675.25704  2.86%  24.2  247s
  4943  1464 2735.59068   42   56 2754.10173 2675.82645  2.84%  23.8  252s
  5213  1521 2705.44541   38  145 2754.10173 2676.04164  2.83%  23.4  259s
  5422  1586 2751.33530   47   39 2754.10173 2676.21776  2.83%  23.0  267s
  5675  1642 2751.73062   47   21 2754.10173 2676.39217  2.82%  22.8  275s
  5906  1738 2739.83085   29  127 2754.10173 2676.76351  2.81%  22.5  286s
  6218  1816 2696.24240   37   12 2754.10173 2677.05509  2.80%  22.0  294s
  6464  1896 infeasible   52      2754.10173 2677.39523  2.79%  21.9  301s
  6726  1929     cutoff   28      2754.10173 2678.08953  2.76%  21.6  306s
  6924  1988 2751.00874   22   46 2754.10173 2678.40280  2.75%  21.6  312s
  7204  2016 2751.89871   47   20 2754.10173 2679.40551  2.71%  21.5  316s
  7288  2081 2688.78165   21  295 2754.10173 2680.43821  2.67%  21.6  328s
  7536  2148 2684.25508   24   47 2754.10173 2681.64353  2.63%  21.5  336s
  7727  2226 2694.94419   22   59 2754.10173 2681.95019  2.62%  21.5  344s
  7909  2309 2706.89108   28  129 2754.10173 2682.40202  2.60%  21.9  354s
  8095  2405 2696.55686   30   12 2754.10173 2682.73871  2.59%  22.1  365s
  8366  2456 infeasible   36      2754.10173 2682.78268  2.59%  22.1  372s
  8488  2526 2700.60582   36  190 2754.10173 2682.98753  2.58%  22.3  380s
  8713  2603 2751.33326   39  150 2754.10173 2684.25508  2.54%  22.3  388s
  8995  2696 2696.47681   31   11 2754.10173 2685.15386  2.50%  22.1  398s
  9303  2753 2697.03556   23  190 2754.10173 2685.85320  2.48%  22.1  408s
  9514  2840 2735.73174   37   70 2754.10173 2686.17179  2.47%  22.1  420s
  9827  2882 2723.81490   20  105 2754.10173 2686.67998  2.45%  21.9  426s
 10008  2975 2695.56474   36   15 2754.10173 2686.90798  2.44%  21.9  436s
 10365  3009 2745.64173   20    8 2754.10173 2687.58320  2.42%  21.7  442s
 10508  3079 2732.97969   27   45 2754.10173 2687.75218  2.41%  21.8  449s
 10800  3149 2696.50948   36   16 2754.10173 2687.78531  2.41%  21.7  456s
 11074  3227 2738.35290   43   81 2754.10173 2688.07238  2.40%  21.5  462s
 11310  3290 2714.02342   31  164 2754.10173 2688.28859  2.39%  21.4  470s
 11487  3353 2711.64052   32  162 2754.10173 2688.57116  2.38%  21.4  476s
 11695  3400 2692.36629   31  248 2754.10173 2688.87211  2.37%  21.4  481s
 11822  3465 2732.75107   42  138 2754.10173 2688.89578  2.37%  21.6  487s
 12015  3484 2740.41431   28  124 2754.10173 2689.26696  2.35%  21.7  491s
 12087  3544 2716.27905   37   84 2754.10173 2689.43633  2.35%  21.8  497s
 12250  3614 2751.08234   51   22 2754.10173 2689.74226  2.34%  21.8  503s
 12441  3642 2727.95723   33   40 2754.10173 2690.03482  2.33%  21.8  508s
 12571  3647 2690.57704   27  135 2754.10173 2690.27132  2.32%  21.9  511s
 12616  3705 2693.38844   30  118 2754.10173 2690.27132  2.32%  21.9  517s
 12898  3806 2753.01767   47  143 2754.10173 2690.62402  2.30%  21.7  523s
 13246  3856 2747.95338   22    9 2754.10173 2690.93314  2.29%  21.5  529s
 13456  3929 2716.30431   30  119 2754.10173 2691.12147  2.29%  21.4  537s
 13735  3949 2692.98695   28  291 2754.10173 2691.40646  2.28%  21.4  545s
 13876  4061 infeasible   37      2754.10173 2691.56235  2.27%  21.5  556s
 14206  4093 2698.76093   32  184 2754.10173 2691.92905  2.26%  21.5  561s
 14314  4140 2692.47179   24  119 2754.10173 2692.10325  2.25%  21.6  568s
 14511  4207 2708.24058   36   98 2754.10173 2692.25472  2.25%  21.6  655s
 14681  4306 2730.60138   26   65 2754.10173 2692.36629  2.24%  21.6  667s
 14971  4383 2735.13915   40  147 2754.10173 2692.50643  2.24%  21.6  675s
 15205  4445     cutoff   41      2754.10173 2692.73911  2.23%  21.7  683s
 15457  4521 2693.30708   34  293 2754.10173 2693.00546  2.22%  21.7  692s
 15738  4592 2729.16480   34  142 2754.10173 2693.23589  2.21%  21.7  698s
 15923  4657 2730.19907   34   43 2754.10173 2693.26081  2.21%  21.7  705s
 16123  4713 2695.14129   34  126 2754.10173 2693.42362  2.20%  21.7  715s
 16362  4752 2751.65972   43   27 2754.10173 2693.54956  2.20%  21.8  723s
 16606  4776 2700.60131   32  115 2754.10173 2693.81102  2.19%  21.8  730s
 16800  4786 2698.26309   36   63 2754.10173 2694.16740  2.18%  21.8  735s
 16929  4798 2696.54017   34   17 2754.10173 2694.42870  2.17%  21.8  745s
 17214  4767     cutoff   42      2754.10173 2694.74117  2.16%  21.8  755s
 17384  4765 2722.19183   28  182 2754.10173 2694.98878  2.15%  21.9  767s
 17666  4774 2706.68033   45   64 2754.10173 2695.31506  2.13%  21.8  775s
 17801  4794 2751.92925   39   16 2754.10173 2695.48975  2.13%  21.8  787s
 18138  4782 2741.79561   35   20 2754.10173 2695.80809  2.12%  21.7  796s
 18304  4788 2711.39117   32  170 2754.10173 2695.91274  2.11%  21.7  805s
 18571  4787 2751.67729   43   14 2754.10173 2696.16434  2.10%  21.7  813s
 18777  4772 infeasible   39      2754.10173 2696.39661  2.10%  21.7  820s
 19007  4800 2737.17300   35   62 2754.10173 2696.59161  2.09%  21.8  826s
 19221  4803 infeasible   37      2754.10173 2696.73030  2.08%  21.7  833s
 19430  4800 2726.33434   30   27 2754.10173 2696.91342  2.08%  21.7  841s
 19625  4824 2719.20604   27  152 2754.10173 2697.06823  2.07%  21.8  845s
 19733  4870 2697.55560   37   89 2754.10173 2697.08772  2.07%  21.7  853s
 19908  4917 infeasible   41      2754.10173 2697.21707  2.07%  21.8  863s
 20233  4930 infeasible   46      2754.10173 2697.47906  2.06%  21.9  872s
 20431  4942 2732.60280   24   49 2754.10173 2697.53949  2.05%  21.9  883s
 20709  4945 infeasible   37      2754.10173 2697.87327  2.04%  21.9  889s
 20815  4871 2753.60671   40   32 2754.10173 2698.00992  2.04%  21.9  899s
 21042  4881 2699.14157   37   62 2754.10173 2698.32679  2.03%  22.0  906s
 21131  4897 2698.90901   23  105 2754.10173 2698.43450  2.02%  22.0  917s
 21422  4870 2723.27830   48  156 2754.10173 2698.63833  2.01%  22.1  923s
 21538  4814 2739.16932   24   54 2754.10173 2699.01179  2.00%  22.1  933s
 21822  4790 2706.25465   32  123 2754.10173 2699.60259  1.98%  22.1  936s
 21962  4792 infeasible   32      2754.10173 2700.08389  1.96%  22.1  944s
 22274  4790     cutoff   43      2754.10173 2701.07033  1.93%  22.1  949s
 22330  4756 2751.44364   41   12 2754.10173 2701.28212  1.92%  22.1  957s
 22493  4754 2750.35186   29   78 2754.10173 2702.33534  1.88%  22.1  968s
 22863  4768 infeasible   35      2754.10173 2703.42632  1.84%  22.1  976s
 23015  4799     cutoff   38      2754.10173 2704.03312  1.82%  22.1  987s
 23330  4814 2712.69258   34  103 2754.10173 2704.58525  1.80%  22.1 1001s
 23458  4875 2715.17542   30  122 2754.10173 2704.82575  1.79%  22.1 1016s
 23919  4879     cutoff   39      2754.10173 2705.38687  1.77%  22.1 1020s
 24001  4926 2715.00221   32   76 2754.10173 2705.59596  1.76%  22.2 1034s
 24372  4937     cutoff   40      2754.10173 2706.79120  1.72%  22.1 1036s
 24448  4986     cutoff   47      2754.10173 2706.84552  1.72%  22.1 1046s
 24769  4981 infeasible   32      2754.10173 2707.07579  1.71%  22.1 1052s
 24855  5010 2721.71784   39   67 2754.10173 2707.32234  1.70%  22.1 1062s
 25201  4999     cutoff   44      2754.10173 2707.85915  1.68%  22.1 1067s
 25312  5010 2733.34182   36  114 2754.10173 2708.11107  1.67%  22.1 1075s
 25554  5040 infeasible   38      2754.10173 2708.40051  1.66%  22.1 1081s
 25683  5083 2729.83964   40   56 2754.10173 2708.48199  1.66%  22.1 1091s
 25967  5089 2734.50144   37  128 2754.10173 2708.77643  1.65%  22.1 1097s
 26096  5091 2722.16115   42  170 2754.10173 2708.93406  1.64%  22.1 1106s
 26336  5098 2709.65530   42   66 2754.10173 2709.10097  1.63%  22.1 1112s
 26441  5103 2721.05501   28  134 2754.10173 2709.27898  1.63%  22.2 1120s
 26722  5087 2751.35632   30    8 2754.10173 2709.73526  1.61%  22.2 1126s
 26829  5089 infeasible   46      2754.10173 2709.81247  1.61%  22.2 1135s
 27115  5080 2721.92526   40   96 2754.10173 2710.55295  1.58%  22.2 1141s
 27229  5085     cutoff   46      2754.10173 2710.94089  1.57%  22.2 1148s
 27559  5083 infeasible   39      2754.10173 2711.71497  1.54%  22.2 1152s
 27650  5070     cutoff   51      2754.10173 2711.84195  1.53%  22.2 1161s
 27936  5087 2744.19060   40   60 2754.10173 2713.16929  1.49%  22.2 1169s
 28065  5101 infeasible   33      2754.10173 2713.56650  1.47%  22.2 1178s
 28325  5144 2715.84052   25  113 2754.10173 2714.11976  1.45%  22.2 1184s
 28467  5172 2715.81797   25   83 2754.10173 2714.28203  1.45%  22.2 1189s
 28569  5171 2743.55751   37   85 2754.10173 2714.39254  1.44%  22.2 1198s
 28729  5191 2727.76998   41   48 2754.10173 2714.68899  1.43%  22.2 1210s
 29053  5201 2719.93304   33  112 2754.10173 2715.25144  1.41%  22.2 1216s
 29225  5275 infeasible   26      2754.10173 2715.58568  1.40%  22.1 1224s
 29605  5285 2722.74891   38  104 2754.10173 2716.17306  1.38%  22.1 1229s
 29718  5301 2718.45502   36   84 2754.10173 2716.33441  1.37%  22.1 1239s
 30062  5305 infeasible   28      2754.10173 2716.87639  1.35%  22.0 1244s
 30111  5312 2751.55263   43   39 2754.10173 2716.93029  1.35%  22.0 1255s
 30416  5301     cutoff   34      2754.10173 2717.45205  1.33%  22.0 1261s
 30512  5304 2731.51765   39   66 2754.10173 2717.67931  1.32%  22.0 1273s
 30832  5309 2722.94257   31  161 2754.10173 2718.14645  1.31%  22.0 1286s
 31014  5346 2737.87874   43  104 2754.10173 2718.43671  1.29%  22.0 1299s
 31397  5357 2738.14023   41   55 2754.10173 2718.92789  1.28%  21.9 1306s
 31577  5380 2720.26020   32   87 2754.10173 2719.13923  1.27%  21.9 1315s
 31948  5384 2743.42623   39   68 2754.10173 2719.44246  1.26%  21.8 1327s
 32238  5377 2748.34635   37   93 2754.10173 2719.71291  1.25%  21.8 1335s
 32438  5385 infeasible   38      2754.10173 2719.90749  1.24%  21.8 1343s
 32541  5380 2721.14153   28  118 2754.10173 2719.91855  1.24%  21.7 1346s
 32591  5391 2721.23999   29  135 2754.10173 2719.91855  1.24%  21.7 1351s
 32659  5400 2740.31040   29   69 2754.10173 2719.96152  1.24%  21.7 1358s
 32759  5442 2739.62713   46  140 2754.10173 2720.09663  1.23%  21.7 1372s
 33090  5467 2752.60646   37   64 2754.10173 2720.28464  1.23%  21.7 1380s
 33287  5533 infeasible   47      2754.10173 2720.40656  1.22%  21.7 1391s
 33612  5543     cutoff   50      2754.10173 2720.60618  1.22%  21.6 1398s
 33757  5545 2751.85447   43   34 2754.10173 2720.69989  1.21%  21.6 1409s
 33935  5545     cutoff   41      2754.10173 2720.87141  1.21%  21.6 1410s
 34089  5563 2721.69072   33  136 2754.10173 2720.88342  1.21%  21.6 1416s
 34203  5591 infeasible   33      2754.10173 2720.93603  1.20%  21.6 1425s
 34459  5613 2730.91454   44   61 2754.10173 2721.02184  1.20%  21.6 1432s
 34617  5620 2753.98425   30   17 2754.10173 2721.09647  1.20%  21.6 1442s
 34928  5635     cutoff   40      2754.10173 2721.28915  1.19%  21.5 1448s
 35083  5656 infeasible   33      2754.10173 2721.33728  1.19%  21.5 1455s
 35394  5652 infeasible   27      2754.10173 2721.45359  1.19%  21.5 1462s
 35585  5657 infeasible   35      2754.10173 2721.52806  1.18%  21.4 1471s
 35830  5667     cutoff   43      2754.10173 2721.63521  1.18%  21.3 1476s
 35986  5700 infeasible   44      2754.10173 2721.79699  1.17%  21.3 1485s
 36331  5749 2743.21767   39   76 2754.10173 2721.91128  1.17%  21.2 1492s
 36513  5781 2746.41626   52   88 2754.10173 2721.97091  1.17%  21.2 1501s
 36816  5791 infeasible   44      2754.10173 2722.01554  1.17%  21.2 1508s
 37011  5834 2724.75100   29  101 2754.10173 2722.16108  1.16%  21.2 1518s
 37317  5843 infeasible   37      2754.10173 2722.31083  1.15%  21.1 1524s
 37411  5858 2753.78520   40   38 2754.10173 2722.37947  1.15%  21.1 1528s
 37501  5854 2743.79243   35   87 2754.10173 2722.50523  1.15%  21.1 1536s
 37674  5877 2727.15217   36   95 2754.10173 2722.61786  1.14%  21.1 1544s
 37911  5888 2740.74889   58   90 2754.10173 2722.93583  1.13%  21.1 1553s
 38069  5890     cutoff   39      2754.10173 2723.06121  1.13%  21.1 1569s
 38293  5916     cutoff   35      2754.10173 2723.28856  1.12%  21.1 1578s
 38513  5956 2735.74448   40   63 2754.10173 2723.51159  1.11%  21.1 1588s
 38730  5961 2752.00212   44   15 2754.10173 2723.75531  1.10%  21.1 1596s
 38936  5988 2745.46731   40   83 2754.10173 2724.00388  1.09%  21.1 1605s
 39191  5998 2740.49267   31   49 2754.10173 2724.26114  1.08%  21.1 1612s
 39418  6015 2731.50683   28   51 2754.10173 2724.50475  1.07%  21.1 1623s
 39686  6036 infeasible   52      2754.10173 2724.68856  1.07%  21.1 1630s
 39864  6052 infeasible   27      2754.10173 2724.87089  1.06%  21.1 1638s
 40080  6061 2735.93714   33  160 2754.10173 2725.03106  1.06%  21.1 1645s
 40257  6052 2741.16947   57   21 2754.10173 2725.24494  1.05%  21.1 1652s
 40504  6038 2726.86583   35   38 2754.10173 2725.53354  1.04%  21.1 1660s
 40738  6034 infeasible   34      2754.10173 2725.89503  1.02%  21.1 1669s
 40968  6009 2727.14787   37   94 2754.10173 2726.14523  1.02%  21.1 1679s
 41141  5988 2727.02267   35  111 2754.10173 2726.52050  1.00%  21.1 1688s
 41376  5992 2727.62607   36  102 2754.10173 2726.86298  0.99%  21.1 1696s
 41593  5990     cutoff   34      2754.10173 2727.21454  0.98%  21.1 1703s
 41809  5972 infeasible   52      2754.10173 2727.36712  0.97%  21.1 1712s
 42055  5956 infeasible   33      2754.10173 2727.70295  0.96%  21.0 1721s
 42272  5932 2752.14055   35  106 2754.10173 2727.91916  0.95%  21.0 1727s
 42431  5916     cutoff   40      2754.10173 2728.06410  0.95%  21.0 1736s
 42711  5918 infeasible   41      2754.10173 2728.37366  0.93%  20.9 1747s
 42947  5926 2736.58819   35  130 2754.10173 2728.52732  0.93%  20.9 1756s
 43167  5940     cutoff   36      2754.10173 2728.78432  0.92%  20.9 1764s
 43288  5946     cutoff   50      2754.10173 2728.85927  0.92%  20.9 1774s
 43652  5958 infeasible   29      2754.10173 2729.12411  0.91%  20.9 1782s
 43800  5975 2733.04305   24   90 2754.10173 2729.24248  0.90%  20.9 1793s
 44139  5959 2736.67077   38   99 2754.10173 2729.55485  0.89%  20.9 1800s
 44279  6018     cutoff   38      2754.10173 2729.70156  0.89%  20.9 1812s
 44670  6026 2751.12978   29   31 2754.10173 2729.86342  0.88%  20.8 1819s
 44810  6026 2730.56664   36   84 2754.10173 2729.88724  0.88%  20.8 1820s
 44811  6024 2730.27154   38   92 2754.10173 2729.88724  0.88%  20.8 1829s
 45127  6025 2749.37791   30   31 2754.10173 2730.05475  0.87%  20.8 1836s
 45300  6040 2733.44267   32   46 2754.10173 2730.10555  0.87%  20.7 1854s
 45674  6044 2731.17739   44   92 2754.10173 2730.26631  0.87%  20.7 1857s
 45724  6090 2749.75244   30   34 2754.10173 2730.27724  0.87%  20.7 1865s
 46035  6104 infeasible   46      2754.10173 2730.35135  0.86%  20.7 1870s
 46137  6148 2752.17057   39   57 2754.10173 2730.37260  0.86%  20.7 1879s
 46385  6148 2741.28374   39   98 2754.10173 2730.42889  0.86%  20.6 1886s
 46516  6152 2740.97886   39   94 2754.10173 2730.44784  0.86%  20.6 1893s
 46711  6196 infeasible   34      2754.10173 2730.55195  0.86%  20.6 1901s
 46864  6207 2731.04372   30  122 2754.10173 2730.59239  0.85%  20.6 1909s
 47104  6191     cutoff   46      2754.10173 2730.71827  0.85%  20.5 1915s
 47229  6209 2730.94066   39   89 2754.10173 2730.77336  0.85%  20.5 1922s
 47476  6198 infeasible   41      2754.10173 2730.85489  0.84%  20.5 1928s
 47562  6212     cutoff   41      2754.10173 2730.91184  0.84%  20.5 1936s
 47819  6229 2750.53382   32   44 2754.10173 2730.94812  0.84%  20.5 1942s
 47991  6230 2748.14662   25   32 2754.10173 2731.00299  0.84%  20.5 1950s
 48218  6251 2747.53866   42   82 2754.10173 2731.06771  0.84%  20.5 1956s
 48376  6252 2742.93796   35   57 2754.10173 2731.13829  0.83%  20.5 1961s
 48501  6263 2736.87414   39   20 2754.10173 2731.15724  0.83%  20.5 1968s
 48655  6335 2735.69045   40   59 2754.10173 2731.21142  0.83%  20.5 1975s
 48953  6357 infeasible   41      2754.10173 2731.26442  0.83%  20.5 1982s
 49097  6410 2752.10703   33   32 2754.10173 2731.32271  0.83%  20.5 1992s
 49418  6404     cutoff   40      2754.10173 2731.41437  0.82%  20.5 1999s
 49504  6416 2732.95473   47   61 2754.10173 2731.48228  0.82%  20.5 2010s
 49787  6444     cutoff   39      2754.10173 2731.61933  0.82%  20.5 2019s
 49955  6463     cutoff   38      2754.10173 2731.67881  0.81%  20.4 2027s
 50244  6463 infeasible   43      2754.10173 2731.76041  0.81%  20.4 2033s
 50379  6496 2736.58948   40   65 2754.10173 2731.83033  0.81%  20.4 2042s
 50709  6508 2740.39753   42   90 2754.10173 2731.87580  0.81%  20.4 2048s
 50825  6556     cutoff   59      2754.10173 2731.95427  0.80%  20.4 2055s
 51096  6566 2738.29886   43   69 2754.10173 2732.05573  0.80%  20.4 2060s
 51235  6604 2753.03124   37   33 2754.10173 2732.10971  0.80%  20.4 2070s
 51577  6610 2737.94194   49   67 2754.10173 2732.22085  0.79%  20.4 2076s
 51675  6658     cutoff   39      2754.10173 2732.28576  0.79%  20.4 2084s
 51957  6666 infeasible   46      2754.10173 2732.42698  0.79%  20.4 2089s
 52064  6698 2733.06358   37   86 2754.10173 2732.48149  0.79%  20.4 2099s
 52362  6692 2738.39742   37   50 2754.10173 2732.60519  0.78%  20.4 2107s
 52504  6721 2733.69241   30   51 2754.10173 2732.75024  0.78%  20.4 2118s
 52841  6721 2746.07393   45   95 2754.10173 2732.88972  0.77%  20.4 2132s
 52945  6728 2733.98232   36   83 2754.10173 2732.91428  0.77%  20.4 2153s
 53506  6731 2749.72431   32  106 2754.10173 2733.31282  0.75%  20.3 2158s
 53566  6757 2748.15650   46   80 2754.10173 2733.34307  0.75%  20.3 2170s
 53893  6740 2739.89115   44   60 2754.10173 2733.56208  0.75%  20.3 2176s
 53975  6759 infeasible   26      2754.10173 2733.65608  0.74%  20.3 2184s
 54075  6759     cutoff   27      2754.10173 2733.81113  0.74%  20.3 2185s
 54204  6773 infeasible   52      2754.10173 2733.81113  0.74%  20.3 2192s
 54310  6764 2739.90783   53   79 2754.10173 2733.82421  0.74%  20.3 2201s
 54531  6728     cutoff   48      2754.10173 2734.05369  0.73%  20.3 2210s
 54658  6710 2741.43396   41   79 2754.10173 2734.37217  0.72%  20.3 2225s
 54940  6700     cutoff   39      2754.10173 2734.67037  0.71%  20.3 2233s
 55157  6720     cutoff   35      2754.10173 2734.96783  0.69%  20.3 2242s
 55453  6697 2740.61197   43   64 2754.10173 2735.13835  0.69%  20.3 2250s
 55606  6706     cutoff   46      2754.10173 2735.25723  0.68%  20.3 2261s
 55855  6686 2735.89464   36   79 2754.10173 2735.45191  0.68%  20.3 2269s
 56050  6704 infeasible   42      2754.10173 2735.58006  0.67%  20.3 2278s
 56343  6687 2736.62295   37   89 2754.10173 2735.74134  0.67%  20.3 2286s
 56519  6669 2736.26260   40   48 2754.10173 2735.87614  0.66%  20.3 2297s
 56768  6660 infeasible   42      2754.10173 2736.03936  0.66%  20.2 2303s
 56946  6653 2736.61813   45   70 2754.10173 2736.12089  0.65%  20.2 2314s
 57228  6636     cutoff   36      2754.10173 2736.23698  0.65%  20.2 2323s
 57415  6620 2742.29759   55   62 2754.10173 2736.32081  0.65%  20.2 2330s
 57593  6585 infeasible   30      2754.10173 2736.42891  0.64%  20.2 2339s
 57705  6536 infeasible   29      2754.10173 2736.53100  0.64%  20.2 2349s
 57991  6533 2738.41383   43   60 2754.10173 2736.66628  0.63%  20.2 2356s
 58181  6530 2745.26758   46  135 2754.10173 2736.69497  0.63%  20.2 2365s
 58389  6511 infeasible   36      2754.10173 2736.76341  0.63%  20.2 2375s
 58589  6480 2737.01417   45   59 2754.10173 2736.87414  0.63%  20.2 2385s
 58829  6438 2738.06620   46   59 2754.10173 2736.98399  0.62%  20.2 2393s
 58963  6441     cutoff   42      2754.10173 2737.04322  0.62%  20.2 2401s
 59118  6438 2737.90064   35   33 2754.10173 2737.08379  0.62%  20.2 2406s
 59146  6433 2737.68486   40   75 2754.10173 2737.09890  0.62%  20.2 2411s
 59292  6414 2737.31061   37   64 2754.10173 2737.14034  0.62%  20.2 2420s
 59546  6380 2748.95443   36   59 2754.10173 2737.22924  0.61%  20.2 2430s
 59731  6378 2754.08908   40   61 2754.10173 2737.31872  0.61%  20.2 2441s
 60020  6342 infeasible   40      2754.10173 2737.40291  0.61%  20.2 2448s
 60171  6313 2742.45983   44  166 2754.10173 2737.46602  0.60%  20.2 2458s
 60458  6284 2737.59070   50   60 2754.10173 2737.54128  0.60%  20.2 2466s
 60646  6240 2738.49570   39   48 2754.10173 2737.59635  0.60%  20.2 2476s
 60876  6219 2738.48704   48   79 2754.10173 2737.70718  0.60%  20.2 2484s
 61083  6142 infeasible   40      2754.10173 2737.78757  0.59%  20.2 2493s
 61312  6127 2738.24486   40   62 2754.10173 2737.87814  0.59%  20.2 2499s
 61414  6096 2749.51672   40   56 2754.10173 2737.91423  0.59%  20.1 2509s
 61693  6104 2747.42544   38   63 2754.10173 2738.01711  0.58%  20.1 2518s
 61896  6061 2738.62264   32   66 2754.10173 2738.07793  0.58%  20.1 2532s
 62146  6027 infeasible   46      2754.10173 2738.16099  0.58%  20.1 2540s
 62329  5998 2739.01900   35   49 2754.10173 2738.22746  0.58%  20.1 2552s
 62597  5985 infeasible   36      2754.10173 2738.27758  0.57%  20.1 2563s
 62810  5924     cutoff   46      2754.10173 2738.39101  0.57%  20.1 2575s
 63054  5893 infeasible   51      2754.10173 2738.50094  0.57%  20.0 2583s
 63234  5866 infeasible   48      2754.10173 2738.54758  0.56%  20.0 2594s
 63499  5837 2738.93501   41   85 2754.10173 2738.64491  0.56%  20.0 2601s
 63720  5775 2739.74021   41   52 2754.10173 2738.76229  0.56%  20.0 2609s
 63974  5727 2748.81852   31   45 2754.10173 2738.88582  0.55%  20.0 2617s
 64166  5647     cutoff   37      2754.10173 2738.94888  0.55%  20.0 2625s
 64406  5642 2748.58201   61   84 2754.10173 2739.06271  0.55%  20.0 2632s
 64588  5580 2746.16296   42   75 2754.10173 2739.11710  0.54%  20.0 2641s
 64863  5527 infeasible   39      2754.10173 2739.22066  0.54%  20.0 2648s
 64981  5513 2745.62254   20  209 2754.10173 2739.29536  0.54%  20.0 2656s
 65195  5499 infeasible   37      2754.10173 2739.33636  0.54%  20.0 2662s
 65359  5470 infeasible   33      2754.10173 2739.40715  0.53%  20.0 2669s
 65474  5441 infeasible   56      2754.10173 2739.43520  0.53%  20.0 2676s
 65721  5368 2740.03937   40   80 2754.10173 2739.53735  0.53%  20.0 2687s
 65960  5336 2739.95137   43   63 2754.10173 2739.68967  0.52%  20.0 2693s
 66120  5250 2739.83661   47   78 2754.10173 2739.75150  0.52%  20.0 2703s
 66317  5180 infeasible   40      2754.10173 2739.84141  0.52%  20.0 2710s
 66521  5131 2751.21575   33   76 2754.10173 2739.95604  0.51%  20.0 2717s
 66689  5089 2740.37709   36   21 2754.10173 2740.03981  0.51%  20.0 2725s
 66857  5053     cutoff   60      2754.10173 2740.12356  0.51%  20.0 2733s
 67121  4990     cutoff   43      2754.10173 2740.22389  0.50%  20.0 2745s
 67339  4965 infeasible   50      2754.10173 2740.31533  0.50%  20.0 2754s
 67522  4930 2752.62692   49   61 2754.10173 2740.43974  0.50%  20.0 2763s
 67733  4864 infeasible   43      2754.10173 2740.46466  0.50%  20.0 2773s
 67903  4768 2749.72005   36   67 2754.10173 2740.66227  0.49%  20.0 2783s
 68117  4726 infeasible   43      2754.10173 2740.81798  0.48%  20.0 2794s
 68331  4682 2752.31280   52   40 2754.10173 2740.90988  0.48%  20.0 2802s
 68592  4641     cutoff   64      2754.10173 2741.10970  0.47%  20.0 2811s
 68793  4634 2742.23178   57   81 2754.10173 2741.25596  0.47%  20.0 2815s
 68856  4608 2748.09861   28   36 2754.10173 2741.30799  0.46%  20.0 2822s
 68915  4585 2746.76086   35   94 2754.10173 2741.34287  0.46%  20.0 2827s
 69031  4521 2741.72272   44   41 2754.10173 2741.46091  0.46%  20.0 2840s
 69409  4476 2750.10584   33   30 2754.10173 2741.71880  0.45%  20.0 2849s
 69664  4454 infeasible   42      2754.10173 2741.92576  0.44%  19.9 2860s
 69935  4412 2748.09862   43   72 2754.10173 2742.07287  0.44%  19.9 2869s
 70217  4374 2742.32172   47   65 2754.10173 2742.32172  0.43%  19.9 2880s
 70522  4349 2742.73705   44   61 2754.10173 2742.49119  0.42%  19.9 2887s
 70722  4314     cutoff   45      2754.10173 2742.63728  0.42%  19.9 2896s
 71024  4290 2752.01313   35   29 2754.10173 2742.97099  0.40%  19.8 2903s
 71173  4248     cutoff   38      2754.10173 2743.21565  0.40%  19.8 2914s
 71452  4196 infeasible   31      2754.10173 2743.42758  0.39%  19.8 2925s
 71623  4141 2750.50912   42   75 2754.10173 2743.68116  0.38%  19.8 2936s
 71892  4085 2751.65428   39   27 2754.10173 2743.91370  0.37%  19.8 2946s
 72073  4072 2744.22074   39   78 2754.10173 2744.13106  0.36%  19.8 2956s
 72323  4023 2744.67085   40   48 2754.10173 2744.32401  0.36%  19.8 2966s
 72559  3983 2750.29851   39   33 2754.10173 2744.59374  0.35%  19.8 2973s
 72703  3934 2745.23850   43   49 2754.10173 2744.79509  0.34%  19.8 2981s
 72895  3859 2746.57259   46   80 2754.10173 2744.98685  0.33%  19.8 2992s
 73265  3806 infeasible   29      2754.10173 2745.34205  0.32%  19.8 2999s
 73412  3724 infeasible   46      2754.10173 2745.53731  0.31%  19.8 3012s
 73742  3651 infeasible   40      2754.10173 2745.90624  0.30%  19.8 3022s
 73878  3538 infeasible   41      2754.10173 2746.05288  0.29%  19.8 3033s
 74179  3515 infeasible   47      2754.10173 2746.47532  0.28%  19.8 3036s
 74206  3515 infeasible   43      2754.10173 2746.53143  0.27%  19.8 3041s
 74224  3488 2746.98485   47   78 2754.10173 2746.53143  0.27%  19.8 3046s
 74271  3404 2748.03399   32   47 2754.10173 2746.56332  0.27%  19.8 3056s
 74476  3322 infeasible   50      2754.10173 2746.87109  0.26%  19.8 3066s
 74705  3252 infeasible   40      2754.10173 2747.11224  0.25%  19.8 3074s
 74913  3168     cutoff   41      2754.10173 2747.36128  0.24%  19.8 3084s
 75141  3134 2748.08814   31   27 2754.10173 2747.69445  0.23%  19.8 3095s
 75413  3072     cutoff   46      2754.10173 2747.87961  0.23%  19.8 3107s
 75719  3016 infeasible   34      2754.10173 2748.13343  0.22%  19.8 3117s
 75925  2963 2748.64370   45   69 2754.10173 2748.42019  0.21%  19.7 3128s
 76207  2890 2750.17908   55   90 2754.10173 2748.68947  0.20%  19.7 3136s
 76476  2826 2750.69276   25   36 2754.10173 2748.94638  0.19%  19.7 3144s
 76712  2767 infeasible   39      2754.10173 2749.27258  0.18%  19.7 3150s
 76914  2726 2753.95530   58   16 2754.10173 2749.49197  0.17%  19.7 3157s
 77150  2649     cutoff   29      2754.10173 2749.64058  0.16%  19.6 3164s
 77356  2614 infeasible   42      2754.10173 2749.79846  0.16%  19.6 3169s
 77655  2537 2750.97207   55   40 2754.10173 2749.99644  0.15%  19.6 3173s
 77845  2474     cutoff   30      2754.10173 2750.16569  0.14%  19.6 3180s
 78077  2425 2750.74869   38   39 2754.10173 2750.35217  0.14%  19.6 3185s
 78208  2325 infeasible   41      2754.10173 2750.44660  0.13%  19.6 3190s
 78442  2239 2751.95181   37   83 2754.10173 2750.64103  0.13%  19.6 3196s
 78784  2089 infeasible   32      2754.10173 2750.93913  0.11%  19.6 3204s
 79070  1977 2751.68264   41   35 2754.10173 2751.07626  0.11%  19.5 3209s
 79281  1911 infeasible   45      2754.10173 2751.24309  0.10%  19.5 3215s
 79523  1815 infeasible   38      2754.10173 2751.37994  0.10%  19.5 3223s
 79797  1727 infeasible   34      2754.10173 2751.53766  0.09%  19.5 3230s
 79965  1620 infeasible   46      2754.10173 2751.64275  0.09%  19.5 3237s
 80162  1546 infeasible   46      2754.10173 2751.82107  0.08%  19.5 3241s
 80323  1416 infeasible   35      2754.10173 2751.92623  0.08%  19.5 3249s
 80585  1274 infeasible   48      2754.10173 2752.07700  0.07%  19.4 3255s
 80730  1117 infeasible   44      2754.10173 2752.23344  0.07%  19.4 3261s
 80905   945 infeasible   40      2754.10173 2752.41304  0.06%  19.4 3269s
 81086   773     cutoff   42      2754.10173 2752.66170  0.05%  19.4 3277s
 81289   584 infeasible   59      2754.10173 2752.88814  0.04%  19.4 3285s
 81481   376 infeasible   51      2754.10173 2753.16736  0.03%  19.4 3292s
 81692   148 infeasible   38      2754.10173 2753.45237  0.02%  19.4 3301s
 81922     0 infeasible   41      2754.10173 2753.85241  0.01%  19.4 3306s

Cutting planes:
  Learned: 5
  Gomory: 15
  Cover: 209
  Implied bound: 275
  Projected implied bound: 16
  Clique: 20
  MIR: 126
  StrongCG: 17
  Flow cover: 60
  GUB cover: 69
  Inf proof: 4
  Zero half: 10
  RLT: 7
  Relax-and-lift: 32

Explored 82070 nodes (1601231 simplex iterations) in 3306.78 seconds (349.43 work units)
Thread count was 2 (of 46 available processors)

Solution count 2: 2754.1 3304.68 

Optimal solution found (tolerance 1.00e-06)
Best objective 2.754101731888e+03, best bound 2.754101731888e+03, gap 0.0000%

Solve summary
-------------
Status code:       2
Objective:         2754.1017318883864
Objective bound:   2754.1017318883864
MIP gap:           0.0
Has cycle:         False
Is acyclic:        True
Packages selected: 7 active packages

Packages
--------
   I1 | inactive_singleton | S=  0, C=  0, x=  0 | tasks=[1]
   A1 | active             | S=  0, C=  3, x=  5 | tasks=[2]
   I3 | inactive_singleton | S=  3, C= 13, x= 19 | tasks=[3]
   I4 | inactive_singleton | S= 13, C= 16, x=  5 | tasks=[4]
   I5 | inactive_singleton | S= 16, C= 18, x=  3 | tasks=[5]
   A2 | active             | S= 18, C= 26, x= 16 | tasks=[6]
   I7 | inactive_singleton | S= 26, C= 36, x= 14 | tasks=[7]
   I8 | inactive_singleton | S= 36, C= 42, x= 11 | tasks=[8]
  I20 | inactive_singleton | S= 42, C= 49, x= 14 | tasks=[20]
   A3 | active             | S= 42, C= 61, x= 27 | tasks=[9, 10]
  I11 | inactive_singleton | S= 61, C= 69, x= 12 | tasks=[11]
   A4 | active             | S= 69, C= 90, x= 47 | tasks=[12, 13, 14, 15, 31]
  I16 | inactive_singleton | S= 90, C= 94, x=  5 | tasks=[16]
   A5 | active             | S= 94, C=102, x=  8 | tasks=[17]
  I30 | inactive_singleton | S=102, C=108, x=  6 | tasks=[30]
  I18 | inactive_singleton | S=102, C=112, x= 18 | tasks=[18]
   A6 | active             | S=112, C=115, x=  4 | tasks=[19]
  I21 | inactive_singleton | S=115, C=120, x=  8 | tasks=[21]
   A7 | active             | S=120, C=160, x= 60 | tasks=[22, 23, 24, 25, 26, 27, 28]
  I29 | inactive_singleton | S=160, C=165, x=  7 | tasks=[29]
  I32 | inactive_singleton | S=165, C=165, x=  0 | tasks=[32]

Solution JSON saved to: /home/23037696r/Documents/research/or_benchmark/wp/results/inactive_0.4/j30/j300904_5.json
Finish time     : 2026-08-15T07:56:20+08:00
