Slurm job ID    : 2418
Array task ID   : 0
Host            : 23037696r-i7809a0b3cd
Start time      : 2026-08-15T05:27:25+08:00
Instance        : /home/23037696r/Documents/research/or_benchmark/wp/instances/inactive_0.4/j30/j300104_1.sm
Output JSON     : /home/23037696r/Documents/research/or_benchmark/wp/results/inactive_0.4/j30/j300104_1.json
Gurobi log      : /home/23037696r/Documents/research/or_benchmark/wp/results/inactive_0.4/j30/logs/gurobi/j300104_1.log
Allocated CPUs  : 2
Running with command-line arguments
-----------------------------------
Instance file: /home/23037696r/Documents/research/or_benchmark/wp/instances/inactive_0.4/j30/j300104_1.sm
Instance summary
----------------
Tasks:          32
Active tasks:   18
Inactive tasks: 14
Arcs:           62
Total duration: 167
Total work:     251
Active work:    149
Delta (singleton critical-path makespan): 17
Chosen deadline: 19
Feasible by singleton schedule: yes
Deadline rule: automatic: d = ceil(1.1 * Delta) = 19
Set parameter Username
Set parameter LicenseID to value 2851961
Academic license - for non-commercial use only - expires 2027-08-07
Set parameter MIPGap to value 1e-06
Set parameter TimeLimit to value 13800
Set parameter Threads to value 2
Set parameter LogFile to value "/home/23037696r/Documents/research/or_benchmark/wp/results/inactive_0.4/j30/logs/gurobi/j300104_1.log"
Set parameter NumericFocus to value 1
Gurobi Optimizer version 13.0.2 build v13.0.2rc1 (linux64 - "Ubuntu 22.04.3 LTS")

CPU model: Intel Xeon Processor (Cascadelake), instruction set [SSE2|AVX|AVX2|AVX512]
Thread count: 46 physical cores, 46 logical processors, using up to 2 threads

Non-default parameters:
TimeLimit  13800
MIPGap  1e-06
NumericFocus  1
Threads  2

Optimize a model with 8345 rows, 5180 columns and 31519 nonzeros (Min)
Model fingerprint: 0x61a6829c
Model has 3270 linear objective coefficients and an objective constant of 1.1482758779164117e+03
Variable types: 360 continuous, 4820 integer (4674 binary)
Coefficient statistics:
  Matrix range     [1e+00, 1e+02]
  Objective range  [1e-02, 7e+02]
  Bounds range     [1e+00, 1e+02]
  RHS range        [1e+00, 1e+02]

Presolve removed 6794 rows and 2928 columns
Presolve time: 0.94s
Presolved: 1551 rows, 2252 columns, 16350 nonzeros
Variable types: 0 continuous, 2252 integer (1873 binary)
Found heuristic solution: objective 2846.9514364

Root relaxation: objective 2.038210e+03, 483 iterations, 0.03 seconds (0.01 work units)

    Nodes    |    Current Node    |     Objective Bounds      |     Work
 Expl Unexpl |  Obj  Depth IntInf | Incumbent    BestBd   Gap | It/Node Time

     0     0 2038.20960    0   58 2846.95144 2038.20960  28.4%     -    1s
     0     0 2040.45351    0   56 2846.95144 2040.45351  28.3%     -    1s
H    0     0                    2844.0356673 2040.45351  28.3%     -    1s
     0     0 2041.36505    0   83 2844.03567 2041.36505  28.2%     -    1s
H    0     0                    2843.9108235 2041.36525  28.2%     -    1s
H    0     0                    2843.5371336 2041.36525  28.2%     -    1s
     0     0 2041.55605    0   87 2843.53713 2041.55605  28.2%     -    1s
     0     0 2041.56407    0   82 2843.53713 2041.56407  28.2%     -    1s
     0     0 2041.56407    0   82 2843.53713 2041.56407  28.2%     -    1s
     0     0 2042.05456    0   81 2843.53713 2042.05456  28.2%     -    1s
H    0     0                    2131.2804858 2042.05998  4.19%     -    1s
     0     0 2042.06083    0   79 2131.28049 2042.06083  4.19%     -    1s
     0     0 2042.06083    0   78 2131.28049 2042.06083  4.19%     -    1s
     0     0 2042.44530    0   95 2131.28049 2042.44530  4.17%     -    2s
     0     0 2042.44530    0   56 2131.28049 2042.44530  4.17%     -    2s
H    0     0                    2070.9045453 2042.44530  1.37%     -    2s
     0     0 2042.44530    0   80 2070.90455 2042.44530  1.37%     -    2s
     0     0 2042.44530    0   59 2070.90455 2042.44530  1.37%     -    2s
H    0     0                    2068.9014554 2042.44530  1.28%     -    2s
     0     0 2046.63074    0   68 2068.90146 2046.63074  1.08%     -    2s
     0     0 2046.96019    0   78 2068.90146 2046.96019  1.06%     -    2s
     0     0 2046.99722    0   85 2068.90146 2046.99722  1.06%     -    2s
     0     0 2046.99722    0   86 2068.90146 2046.99722  1.06%     -    2s
     0     0 2048.90807    0   90 2068.90146 2048.90807  0.97%     -    2s
H    0     0                    2068.6773536 2049.45203  0.93%     -    2s
     0     0 2050.30223    0   86 2068.67735 2050.30223  0.89%     -    2s
     0     0 2050.30232    0   86 2068.67735 2050.30232  0.89%     -    2s
     0     0 2050.30254    0   86 2068.67735 2050.30254  0.89%     -    2s
     0     0 2050.30277    0   86 2068.67735 2050.30277  0.89%     -    2s
     0     0 2050.30329    0   86 2068.67735 2050.30329  0.89%     -    2s
     0     0 2050.30357    0   86 2068.67735 2050.30357  0.89%     -    2s
     0     0 2050.30450    0   86 2068.67735 2050.30450  0.89%     -    2s
     0     0 2050.30468    0   86 2068.67735 2050.30468  0.89%     -    2s
     0     0 2050.30609    0   86 2068.67735 2050.30609  0.89%     -    2s
     0     0 2050.30623    0   86 2068.67735 2050.30623  0.89%     -    2s
     0     0 2050.30777    0   86 2068.67735 2050.30777  0.89%     -    2s
     0     0 2050.49351    0   84 2068.67735 2050.49351  0.88%     -    2s
     0     0 2050.49395    0   84 2068.67735 2050.49395  0.88%     -    2s
     0     0 2050.49440    0   84 2068.67735 2050.49440  0.88%     -    2s
     0     0 2050.49451    0   84 2068.67735 2050.49451  0.88%     -    2s
     0     0 2050.49484    0   84 2068.67735 2050.49484  0.88%     -    2s
     0     0 2050.49521    0   84 2068.67735 2050.49521  0.88%     -    2s
     0     0 2050.49607    0   84 2068.67735 2050.49607  0.88%     -    2s
     0     0 2050.49642    0   84 2068.67735 2050.49642  0.88%     -    2s
     0     0 2050.49701    0   84 2068.67735 2050.49701  0.88%     -    2s
     0     0 2050.49710    0   84 2068.67735 2050.49710  0.88%     -    2s
     0     0 2050.49826    0   85 2068.67735 2050.49826  0.88%     -    2s
     0     0 2053.25008    0   82 2068.67735 2053.25008  0.75%     -    2s
     0     0 2053.97938    0   79 2068.67735 2053.97938  0.71%     -    2s
     0     0 2053.98829    0   79 2068.67735 2053.98829  0.71%     -    2s
     0     0 2053.98829    0   79 2068.67735 2053.98829  0.71%     -    2s
     0     0 2055.90485    0   73 2068.67735 2055.90485  0.62%     -    3s
     0     0 2056.03196    0   75 2068.67735 2056.03196  0.61%     -    3s
     0     0 2056.03196    0   79 2068.67735 2056.03196  0.61%     -    3s
     0     0 2056.05631    0   78 2068.67735 2056.05631  0.61%     -    3s
     0     0 2056.07163    0   79 2068.67735 2056.07163  0.61%     -    3s
     0     0 2056.07164    0   82 2068.67735 2056.07164  0.61%     -    3s
     0     0 2056.07630    0   75 2068.67735 2056.07630  0.61%     -    3s
H    0     0                    2068.5788575 2056.07672  0.60%     -    3s
H    0     0                    2068.5235023 2056.07672  0.60%     -    3s
     0     0 2056.07672    0   73 2068.52350 2056.07672  0.60%     -    3s
     0     0 2056.07789    0   75 2068.52350 2056.07789  0.60%     -    3s
     0     0 2056.07855    0   78 2068.52350 2056.07855  0.60%     -    3s
     0     0 2056.07907    0   77 2068.52350 2056.07907  0.60%     -    3s
     0     0 2056.08037    0   75 2068.52350 2056.08037  0.60%     -    3s
     0     0 2056.08037    0   75 2068.52350 2056.08037  0.60%     -    3s
     0     0 2056.08037    0   66 2068.52350 2056.08037  0.60%     -    3s
H    0     0                    2068.5119960 2056.08037  0.60%     -    3s
     0     2 2056.08048    0   66 2068.51200 2056.08048  0.60%     -    3s
*   15    11               5    2067.8900648 2058.25454  0.47%  30.7    3s
*   28     7               3    2067.4782751 2059.27342  0.40%  22.4    3s

Cutting planes:
  Learned: 13
  Gomory: 3
  Cover: 22
  Implied bound: 53
  Clique: 12
  MIR: 21
  StrongCG: 3
  GUB cover: 8
  Inf proof: 1
  Zero half: 2
  RLT: 6
  Relax-and-lift: 15
  BQP: 1

Explored 43 nodes (4290 simplex iterations) in 3.50 seconds (0.75 work units)
Thread count was 2 (of 46 available processors)

Solution count 10: 2067.48 2067.89 2068.51 ... 2843.54

Optimal solution found (tolerance 1.00e-06)
Best objective 2.067478275104e+03, best bound 2.067478275104e+03, gap 0.0000%

Solve summary
-------------
Status code:       2
Objective:         2067.478275103862
Objective bound:   2067.478275103862
MIP gap:           0.0
Has cycle:         False
Is acyclic:        True
Packages selected: 3 active packages

Packages
--------
   I1 | inactive_singleton | S=  0, C=  0, x=  0 | tasks=[1]
  I25 | inactive_singleton | S=  0, C=  1, x=  1 | tasks=[25]
  I28 | inactive_singleton | S=  0, C=  3, x=  5 | tasks=[28]
   I9 | inactive_singleton | S=  0, C=  4, x=  5 | tasks=[9]
   I2 | inactive_singleton | S=  0, C=  5, x=  9 | tasks=[2]
   A1 | active             | S=  0, C=  6, x= 29 | tasks=[3, 4, 11, 12, 29, 30]
  I14 | inactive_singleton | S=  0, C=  8, x= 15 | tasks=[14]
  I26 | inactive_singleton | S=  0, C=  8, x= 14 | tasks=[26]
   I6 | inactive_singleton | S=  0, C=  8, x=  9 | tasks=[6]
   I7 | inactive_singleton | S=  0, C=  8, x=  9 | tasks=[7]
   I8 | inactive_singleton | S=  0, C=  8, x= 13 | tasks=[8]
  I10 | inactive_singleton | S=  0, C=  9, x= 18 | tasks=[10]
   A2 | active             | S=  0, C= 10, x= 55 | tasks=[13, 24, 27, 31]
   I5 | inactive_singleton | S=  6, C=  7, x=  1 | tasks=[5]
  I18 | inactive_singleton | S=  7, C= 10, x=  3 | tasks=[18]
   A3 | active             | S= 10, C= 19, x= 65 | tasks=[15, 16, 17, 19, 20, 21, 22, 23]
  I32 | inactive_singleton | S= 19, C= 19, x=  0 | tasks=[32]

Solution JSON saved to: /home/23037696r/Documents/research/or_benchmark/wp/results/inactive_0.4/j30/j300104_1.json
Finish time     : 2026-08-15T05:27:32+08:00
