Slurm job ID    : 2422
Array task ID   : 4
Host            : 23037696r-i7809a0b3cd
Start time      : 2026-08-15T05:27:58+08:00
Instance        : /home/23037696r/Documents/research/or_benchmark/wp/instances/inactive_0.4/j30/j300104_4.sm
Output JSON     : /home/23037696r/Documents/research/or_benchmark/wp/results/inactive_0.4/j30/j300104_4.json
Gurobi log      : /home/23037696r/Documents/research/or_benchmark/wp/results/inactive_0.4/j30/logs/gurobi/j300104_4.log
Allocated CPUs  : 2
Running with command-line arguments
-----------------------------------
Instance file: /home/23037696r/Documents/research/or_benchmark/wp/instances/inactive_0.4/j30/j300104_4.sm
Instance summary
----------------
Tasks:          32
Active tasks:   18
Inactive tasks: 14
Arcs:           69
Total duration: 170
Total work:     242
Active work:    146
Delta (singleton critical-path makespan): 25
Chosen deadline: 28
Feasible by singleton schedule: yes
Deadline rule: automatic: d = ceil(1.1 * Delta) = 28
Set parameter Username
Set parameter LicenseID to value 2851961
Academic license - for non-commercial use only - expires 2027-08-07
Set parameter MIPGap to value 1e-06
Set parameter TimeLimit to value 13800
Set parameter Threads to value 2
Set parameter LogFile to value "/home/23037696r/Documents/research/or_benchmark/wp/results/inactive_0.4/j30/logs/gurobi/j300104_4.log"
Set parameter NumericFocus to value 1
Gurobi Optimizer version 13.0.2 build v13.0.2rc1 (linux64 - "Ubuntu 22.04.3 LTS")

CPU model: Intel Xeon Processor (Cascadelake), instruction set [SSE2|AVX|AVX2|AVX512]
Thread count: 46 physical cores, 46 logical processors, using up to 2 threads

Non-default parameters:
TimeLimit  13800
MIPGap  1e-06
NumericFocus  1
Threads  2

Optimize a model with 10353 rows, 5576 columns and 37692 nonzeros (Min)
Model fingerprint: 0xf148cc8d
Model has 3486 linear objective coefficients and an objective constant of 1.1174957504681620e+03
Variable types: 522 continuous, 5054 integer (4908 binary)
Coefficient statistics:
  Matrix range     [1e+00, 1e+02]
  Objective range  [1e-02, 7e+02]
  Bounds range     [1e+00, 1e+02]
  RHS range        [1e+00, 1e+02]

Presolve removed 8329 rows and 3362 columns
Presolve time: 0.62s
Presolved: 2024 rows, 2214 columns, 16968 nonzeros
Variable types: 0 continuous, 2214 integer (1758 binary)
Found heuristic solution: objective 2815.2835402

Root relaxation: objective 2.054383e+03, 679 iterations, 0.05 seconds (0.03 work units)

    Nodes    |    Current Node    |     Objective Bounds      |     Work
 Expl Unexpl |  Obj  Depth IntInf | Incumbent    BestBd   Gap | It/Node Time

     0     0 2054.38309    0   49 2815.28354 2054.38309  27.0%     -    0s
     0     0 2062.41930    0   48 2815.28354 2062.41930  26.7%     -    0s
H    0     0                    2092.8411672 2062.41930  1.45%     -    0s
     0     0 2065.16029    0   56 2092.84117 2065.16029  1.32%     -    1s
     0     0 2065.16029    0   39 2092.84117 2065.16029  1.32%     -    1s
     0     0 2081.68105    0   52 2092.84117 2081.68105  0.53%     -    1s
H    0     0                    2092.7292090 2081.68141  0.53%     -    1s
     0     0 2082.77504    0   63 2092.72921 2082.77504  0.48%     -    1s
     0     0 2082.83601    0   62 2092.72921 2082.83601  0.47%     -    1s
     0     0 2085.21051    0   42 2092.72921 2085.21051  0.36%     -    1s
H    0     0                    2091.6883433 2085.21109  0.31%     -    1s
     0     0 2085.43146    0   74 2091.68834 2085.43146  0.30%     -    1s
     0     0 2085.48564    0   73 2091.68834 2085.48564  0.30%     -    1s
     0     0 2085.48564    0   78 2091.68834 2085.48564  0.30%     -    1s
     0     0 2085.86992    0   72 2091.68834 2085.86992  0.28%     -    1s
H    0     0                    2091.5390541 2085.87030  0.27%     -    1s
     0     0 2085.87646    0   73 2091.53905 2085.87646  0.27%     -    1s
     0     0 2087.09261    0   78 2091.53905 2087.09261  0.21%     -    1s
     0     0 2087.09358    0   78 2091.53905 2087.09358  0.21%     -    1s
     0     0 2087.54382    0   73 2091.53905 2087.54382  0.19%     -    1s
     0     0 2087.54747    0   74 2091.53905 2087.54747  0.19%     -    1s
     0     0 2087.54940    0   76 2091.53905 2087.54940  0.19%     -    1s
     0     0 2087.55288    0   78 2091.53905 2087.55288  0.19%     -    1s
     0     0 2087.55288    0   76 2091.53905 2087.55288  0.19%     -    1s
     0     0 2087.55781    0   75 2091.53905 2087.55781  0.19%     -    1s
     0     0 2087.56619    0   77 2091.53905 2087.56619  0.19%     -    1s
     0     0 2087.56825    0   73 2091.53905 2087.56825  0.19%     -    1s
     0     0 2087.59692    0   77 2091.53905 2087.59692  0.19%     -    1s
     0     0 2087.59692    0   78 2091.53905 2087.59692  0.19%     -    1s
     0     0 2087.59692    0   80 2091.53905 2087.59692  0.19%     -    1s
     0     0 2087.59956    0   80 2091.53905 2087.59956  0.19%     -    1s
     0     0 2087.59956    0   80 2091.53905 2087.59956  0.19%     -    1s
     0     0 2087.59956    0   78 2091.53905 2087.59956  0.19%     -    1s
     0     0 2087.60518    0   41 2091.53905 2087.60518  0.19%     -    1s
     0     0 2087.60518    0   63 2091.53905 2087.60518  0.19%     -    1s
     0     0 2087.60518    0   70 2091.53905 2087.60518  0.19%     -    1s
     0     0 2088.10472    0   71 2091.53905 2088.10472  0.16%     -    1s
     0     0 2088.11081    0   74 2091.53905 2088.11081  0.16%     -    1s
     0     0 2090.23291    0   60 2091.53905 2090.23291  0.06%     -    1s
H    0     0                    2091.3926844 2090.23642  0.06%     -    1s
H    0     0                    2091.1440867 2090.23642  0.04%     -    1s
     0     0 2090.38940    0   61 2091.14409 2090.38940  0.04%     -    1s
     0     0 2090.39777    0   62 2091.14409 2090.39777  0.04%     -    1s
     0     0 2090.57250    0   74 2091.14409 2090.57250  0.03%     -    1s
     0     0 2090.67351    0   64 2091.14409 2090.67351  0.02%     -    1s
     0     0 2090.67353    0   69 2091.14409 2090.67353  0.02%     -    1s
     0     0 2091.00200    0   64 2091.14409 2091.00200  0.01%     -    1s
     0     0 2091.00200    0   15 2091.14409 2091.00200  0.01%     -    1s
     0     0 2091.00200    0   15 2091.14409 2091.00200  0.01%     -    1s
     0     0 2091.00200    0   15 2091.14409 2091.00200  0.01%     -    1s
     0     0 2091.00200    0   15 2091.14409 2091.00200  0.01%     -    1s
     0     0     cutoff    0      2091.14409 2091.14409  0.00%     -    1s

Cutting planes:
  Learned: 1
  Gomory: 6
  Cover: 4
  Implied bound: 4
  Clique: 3
  MIR: 6
  Flow cover: 2
  GUB cover: 2
  RLT: 3
  Relax-and-lift: 3

Explored 1 nodes (2225 simplex iterations) in 1.88 seconds (0.42 work units)
Thread count was 2 (of 46 available processors)

Solution count 10: 2091.14 2091.14 2091.39 ... 2815.28

Optimal solution found (tolerance 1.00e-06)
Best objective 2.091144086664e+03, best bound 2.091144086664e+03, gap 0.0000%

Solve summary
-------------
Status code:       2
Objective:         2091.144086664443
Objective bound:   2091.144086664443
MIP gap:           0.0
Has cycle:         False
Is acyclic:        True
Packages selected: 4 active packages

Packages
--------
   I1 | inactive_singleton | S=  0, C=  0, x=  0 | tasks=[1]
  I10 | inactive_singleton | S=  0, C=  1, x=  1 | tasks=[10]
   I4 | inactive_singleton | S=  0, C=  1, x=  2 | tasks=[4]
  I11 | inactive_singleton | S=  0, C=  2, x=  3 | tasks=[11]
   A1 | active             | S=  0, C=  7, x= 31 | tasks=[2, 5, 9, 14, 17]
  I30 | inactive_singleton | S=  0, C=  7, x=  7 | tasks=[30]
   A2 | active             | S=  0, C= 10, x= 58 | tasks=[3, 15, 16, 29, 31]
   I8 | inactive_singleton | S=  7, C= 12, x=  8 | tasks=[8]
  I12 | inactive_singleton | S=  7, C= 17, x= 20 | tasks=[12]
   I6 | inactive_singleton | S= 10, C= 13, x=  3 | tasks=[6]
  I24 | inactive_singleton | S= 10, C= 14, x=  7 | tasks=[24]
   A3 | active             | S= 10, C= 19, x= 34 | tasks=[7, 13, 26, 27, 28]
  I21 | inactive_singleton | S= 12, C= 17, x=  6 | tasks=[21]
  I25 | inactive_singleton | S= 12, C= 22, x= 20 | tasks=[25]
  I22 | inactive_singleton | S= 19, C= 21, x=  4 | tasks=[22]
   A4 | active             | S= 19, C= 28, x= 23 | tasks=[18, 20, 23]
  I19 | inactive_singleton | S= 19, C= 28, x= 15 | tasks=[19]
  I32 | inactive_singleton | S= 28, C= 28, x=  0 | tasks=[32]

Solution JSON saved to: /home/23037696r/Documents/research/or_benchmark/wp/results/inactive_0.4/j30/j300104_4.json
Finish time     : 2026-08-15T05:28:03+08:00
