
Gurobi 13.0.2 (linux64) logging started Tue Aug 11 12:05:50 2026

Set parameter LogFile to value "/home/23037696r/Documents/research/or_benchmark/wp/results/inactive_0.2/j30/logs/gurobi/j300602_10.log"
Set parameter NumericFocus to value 1
Gurobi Optimizer version 13.0.2 build v13.0.2rc1 (linux64 - "Ubuntu 22.04.3 LTS")

CPU model: Intel Xeon Processor (Cascadelake), instruction set [SSE2|AVX|AVX2|AVX512]
Thread count: 46 physical cores, 46 logical processors, using up to 4 threads

Non-default parameters:
TimeLimit  13800
MIPGap  1e-06
NumericFocus  1
Threads  4

Optimize a model with 24936 rows, 12224 columns and 89614 nonzeros (Min)
Model fingerprint: 0xd7dc8006
Model has 7590 linear objective coefficients and an objective constant of 4.9923367921757074e+02
Variable types: 2640 continuous, 9584 integer (9432 binary)
Coefficient statistics:
  Matrix range     [1e+00, 2e+02]
  Objective range  [1e-02, 9e+02]
  Bounds range     [1e+00, 2e+02]
  RHS range        [1e+00, 2e+02]

Presolve removed 18317 rows and 4259 columns
Presolve time: 2.76s
Presolved: 6619 rows, 7965 columns, 43870 nonzeros
Variable types: 0 continuous, 7965 integer (5426 binary)
Found heuristic solution: objective 2814.3996230

Root relaxation: objective 1.516199e+03, 2776 iterations, 0.34 seconds (0.20 work units)

    Nodes    |    Current Node    |     Objective Bounds      |     Work
 Expl Unexpl |  Obj  Depth IntInf | Incumbent    BestBd   Gap | It/Node Time

     0     0 1516.19851    0   82 2814.39962 1516.19851  46.1%     -    3s
     0     0 1516.33332    0   78 2814.39962 1516.33332  46.1%     -    3s
H    0     0                    2776.9407088 1516.33332  45.4%     -    3s
     0     0 1525.69910    0   93 2776.94071 1525.69910  45.1%     -    4s
H    0     0                    1708.1103885 1525.69933  10.7%     -    4s
H    0     0                    1707.4532601 1525.69933  10.6%     -    4s
     0     0 1527.41806    0  114 1707.45326 1527.41806  10.5%     -    4s
     0     0 1529.35210    0  100 1707.45326 1529.35210  10.4%     -    4s
     0     0 1529.46981    0  100 1707.45326 1529.46981  10.4%     -    4s
     0     0 1529.47015    0  102 1707.45326 1529.47015  10.4%     -    4s
     0     0 1530.86168    0  104 1707.45326 1530.86168  10.3%     -    5s
     0     0 1530.97236    0  107 1707.45326 1530.97236  10.3%     -    5s
     0     0 1531.29981    0  107 1707.45326 1531.29981  10.3%     -    5s
     0     0 1531.57827    0  108 1707.45326 1531.57827  10.3%     -    5s
     0     0 1531.98742    0  107 1707.45326 1531.98742  10.3%     -    5s
     0     0 1532.00298    0  107 1707.45326 1532.00298  10.3%     -    5s
     0     0 1532.91258    0  128 1707.45326 1532.91258  10.2%     -    6s
     0     0 1533.38523    0  110 1707.45326 1533.38523  10.2%     -    6s
     0     0 1533.47448    0  133 1707.45326 1533.47448  10.2%     -    6s
     0     0 1533.47449    0  134 1707.45326 1533.47449  10.2%     -    6s
     0     0 1534.50388    0  145 1707.45326 1534.50388  10.1%     -    7s
     0     0 1534.62378    0  151 1707.45326 1534.62378  10.1%     -    7s
     0     0 1534.70202    0  130 1707.45326 1534.70202  10.1%     -    7s
     0     0 1534.72037    0  149 1707.45326 1534.72037  10.1%     -    7s
     0     0 1534.72103    0  149 1707.45326 1534.72103  10.1%     -    7s
     0     0 1534.72210    0  149 1707.45326 1534.72210  10.1%     -    7s
     0     0 1534.77719    0  135 1707.45326 1534.77719  10.1%     -    7s
     0     0 1534.78490    0  133 1707.45326 1534.78490  10.1%     -    8s
     0     0 1535.18882    0  140 1707.45326 1535.18882  10.1%     -    8s
     0     0 1535.18981    0  142 1707.45326 1535.18981  10.1%     -    8s
     0     0 1535.22926    0  143 1707.45326 1535.22926  10.1%     -    8s
     0     0 1535.24571    0  144 1707.45326 1535.24571  10.1%     -    9s
     0     0 1535.24609    0  147 1707.45326 1535.24609  10.1%     -    9s
     0     0 1535.27834    0  152 1707.45326 1535.27834  10.1%     -    9s
     0     0 1535.31172    0  155 1707.45326 1535.31172  10.1%     -    9s
     0     0 1535.31172    0  153 1707.45326 1535.31172  10.1%     -   10s
     0     0 1535.31172    0  154 1707.45326 1535.31172  10.1%     -   10s
     0     0 1535.31172    0  158 1707.45326 1535.31172  10.1%     -   10s
     0     0 1535.32170    0  158 1707.45326 1535.32170  10.1%     -   11s
     0     0 1535.32170    0  157 1707.45326 1535.32170  10.1%     -   11s
     0     2 1535.35812    0  157 1707.45326 1535.35812  10.1%     -   11s
H   48    21                    1705.0449703 1541.62697  9.58%   142   13s
   114    82 1555.33644    8   52 1705.04497 1546.90522  9.27%   113   15s
H  456   331                    1701.8991984 1555.26630  8.62%  44.2   17s
   676   458 infeasible   26      1701.89920 1555.58792  8.60%  48.9   20s
  1086   714 1612.73047   82   65 1701.89920 1557.40173  8.49%  45.4   25s
  1472   914 1609.27503   17   56 1701.89920 1558.32620  8.44%  45.3   30s
  1576   915 1613.86707   41  157 1701.89920 1558.32620  8.44%  43.0   46s
  1578   916 1611.17823   30   83 1701.89920 1558.32620  8.44%  42.9   50s
  1582   919 1637.86944   17  123 1701.89920 1558.32620  8.44%  42.8   55s
  1587   922 1629.98314   15  133 1701.89920 1558.32620  8.44%  42.7   60s
  1589   924 1612.33979   26  118 1701.89920 1558.32620  8.44%  42.6   65s
  1592   926 1619.73138   15  152 1701.89920 1558.77333  8.41%  42.6   71s
  1593   926 1616.48981  103  139 1701.89920 1559.17440  8.39%  42.5   75s
  1595   928 1613.05054   79  155 1701.89920 1559.65146  8.36%  42.5   81s
  1596   928 1560.62273   13  141 1701.89920 1560.62273  8.30%  42.5   85s
  1598   930 1611.86466   67  164 1701.89920 1560.75035  8.29%  42.4   92s
  1599   930 1672.07559   16  155 1701.89920 1561.05701  8.28%  42.4   98s
  1601   932 1626.97469   16  155 1701.89920 1561.61002  8.24%  42.3  100s
  1608   941 1574.92539   18  189 1701.89920 1566.17762  7.97%  48.7  107s
  1612   947 1576.31981   19  181 1701.89920 1566.24339  7.97%  50.3  110s
  1665   966 1673.83538   24   41 1701.89920 1566.24339  7.97%  52.1  115s
  1727   977 1645.46472   20   48 1701.89920 1571.92744  7.64%  52.5  121s
  1798   951 1573.29849   35   53 1701.89920 1571.92744  7.64%  52.9  125s
  1875   963 infeasible   21      1701.89920 1573.48948  7.55%  53.4  130s
  1955   960 1613.47305   42   50 1701.89920 1574.78849  7.47%  54.2  135s
  2132   949 1607.17410   27  129 1701.89920 1580.68184  7.12%  54.0  140s
  2198   936 1618.85500   22   45 1701.89920 1602.38167  5.85%  53.7  145s
  2295   925 infeasible   39      1701.89920 1606.29408  5.62%  53.1  150s
  2433   909 1660.47542   29   44 1701.89920 1607.76134  5.53%  52.6  156s
  2562   920 1613.83198   23   62 1701.89920 1609.70456  5.42%  54.0  162s
  2737   894 1612.95805   35   63 1701.89920 1611.66346  5.30%  53.4  167s
  2838   873 1612.39447   26   45 1701.89920 1611.87271  5.29%  53.4  170s
  2997   847 infeasible   28      1701.89920 1611.90172  5.29%  54.5  176s
  3046   861 infeasible   29      1701.89920 1611.90172  5.29%  54.1  182s
  3187   833 1659.80187   24   28 1701.89920 1612.94515  5.23%  53.6  186s
  3267   799 infeasible   28      1701.89920 1612.95472  5.23%  54.8  191s
  3466   750 1667.41110   33   55 1701.89920 1614.12065  5.16%  56.1  199s
  3514   746 1652.67594   26   20 1701.89920 1614.35331  5.14%  56.0  204s
  3632   722 infeasible   34      1701.89920 1614.52002  5.13%  56.5  210s
  3763   685 1620.54568   40   55 1701.89920 1614.63618  5.13%  56.3  216s
  3923   642 1662.98160   31   18 1701.89920 1616.04161  5.04%  56.2  221s
  4022   624 1680.53107   33    6 1701.89920 1616.18807  5.04%  56.1  227s
  4151   556 infeasible   28      1701.89920 1616.72490  5.00%  56.7  234s
  4323   495     cutoff   42      1701.89920 1618.08667  4.92%  56.8  241s
  4524   447 1696.09822   42   55 1701.89920 1626.19506  4.45%  56.1  246s
  4685   420 1646.14763   35   54 1701.89920 1632.94917  4.05%  55.9  254s
  4902   405 infeasible   29      1701.89920 1646.09166  3.28%  55.5  262s
  5137   410 infeasible   27      1701.89920 1649.26188  3.09%  54.8  268s
  5273   393 1658.20157   30   26 1701.89920 1649.42169  3.08%  55.3  275s
  5441   387 1672.00314   41   87 1701.89920 1655.83748  2.71%  55.2  285s
  5629   376 1657.75836   28  148 1701.89920 1657.18450  2.63%  55.2  291s
  5701   373 1675.48294   26   17 1701.89920 1658.57942  2.55%  55.0  301s
  5838   349 1679.08647   29   16 1701.89920 1658.71258  2.54%  54.9  310s
  5986   306 infeasible   35      1701.89920 1659.70169  2.48%  54.7  321s
  6201   248 infeasible   30      1701.89920 1660.85471  2.41%  54.7  333s
  6452    64 infeasible   31      1701.89920 1667.15183  2.04%  54.4  342s

Cutting planes:
  Gomory: 7
  Lift-and-project: 18
  Cover: 151
  Implied bound: 166
  Projected implied bound: 4
  Clique: 25
  MIR: 82
  StrongCG: 52
  Flow cover: 70
  GUB cover: 62
  Inf proof: 1
  Zero half: 6
  RLT: 35
  Relax-and-lift: 319

Explored 6886 nodes (373185 simplex iterations) in 344.55 seconds (77.13 work units)
Thread count was 4 (of 46 available processors)

Solution count 6: 1701.9 1705.04 1707.45 ... 2814.4

Optimal solution found (tolerance 1.00e-06)
Best objective 1.701899198377e+03, best bound 1.701899198377e+03, gap 0.0000%
