
Gurobi 13.0.2 (linux64) logging started Tue Aug 11 12:11:37 2026

Set parameter LogFile to value "/home/23037696r/Documents/research/or_benchmark/wp/results/inactive_0.2/j30/logs/gurobi/j300602_7.log"
Set parameter NumericFocus to value 1
Gurobi Optimizer version 13.0.2 build v13.0.2rc1 (linux64 - "Ubuntu 22.04.3 LTS")

CPU model: Intel Xeon Processor (Cascadelake), instruction set [SSE2|AVX|AVX2|AVX512]
Thread count: 46 physical cores, 46 logical processors, using up to 4 threads

Non-default parameters:
TimeLimit  13800
MIPGap  1e-06
NumericFocus  1
Threads  4

Optimize a model with 22965 rows, 12016 columns and 83027 nonzeros (Min)
Model fingerprint: 0x2ba50799
Model has 7356 linear objective coefficients and an objective constant of 5.3696735877304457e+02
Variable types: 2664 continuous, 9352 integer (9200 binary)
Coefficient statistics:
  Matrix range     [1e+00, 2e+02]
  Objective range  [1e-02, 8e+02]
  Bounds range     [1e+00, 2e+02]
  RHS range        [1e+00, 2e+02]

Presolve removed 17690 rows and 4929 columns
Presolve time: 1.32s
Presolved: 5275 rows, 7087 columns, 33336 nonzeros
Variable types: 0 continuous, 7087 integer (4558 binary)
Found heuristic solution: objective 2785.4077372

Root relaxation: objective 1.587502e+03, 2183 iterations, 0.09 seconds (0.08 work units)

    Nodes    |    Current Node    |     Objective Bounds      |     Work
 Expl Unexpl |  Obj  Depth IntInf | Incumbent    BestBd   Gap | It/Node Time

     0     0 1587.50197    0   64 2785.40774 1587.50197  43.0%     -    1s
     0     0 1593.52457    0   74 2785.40774 1593.52457  42.8%     -    1s
H    0     0                    2781.3984384 1593.52457  42.7%     -    1s
H    0     0                    2752.9296817 1593.52457  42.1%     -    1s
H    0     0                    1741.7538103 1593.52457  8.51%     -    2s
     0     0 1598.49645    0  138 1741.75381 1598.49645  8.22%     -    2s
     0     0 1598.49702    0  140 1741.75381 1598.49702  8.22%     -    2s
H    0     0                    1741.1692091 1598.84684  8.17%     -    2s
     0     0 1598.85274    0  130 1741.16921 1598.85274  8.17%     -    2s
     0     0 1598.85274    0  132 1741.16921 1598.85274  8.17%     -    2s
     0     0 1600.57407    0  157 1741.16921 1600.57407  8.07%     -    2s
H    0     0                    1739.8494304 1600.57461  8.00%     -    3s
     0     0 1600.64280    0   68 1739.84943 1600.64280  8.00%     -    3s
     0     0 1600.65116    0   54 1739.84943 1600.65116  8.00%     -    3s
     0     0 1601.80789    0  174 1739.84943 1601.80789  7.93%     -    3s
     0     0 1601.80865    0  178 1739.84943 1601.80865  7.93%     -    3s
H    0     0                    1730.2688737 1601.80902  7.42%     -    3s
     0     0 1601.96579    0  178 1730.26887 1601.96579  7.42%     -    3s
     0     0 1601.96585    0  178 1730.26887 1601.96585  7.42%     -    3s
     0     0 1603.19695    0  152 1730.26887 1603.19695  7.34%     -    4s
     0     0 1603.28524    0  163 1730.26887 1603.28524  7.34%     -    4s
     0     0 1603.29195    0  164 1730.26887 1603.29195  7.34%     -    4s
     0     0 1603.29197    0  166 1730.26887 1603.29197  7.34%     -    4s
     0     0 1605.00754    0  186 1730.26887 1605.00754  7.24%     -    5s
H    0     0                    1730.1550772 1605.07212  7.23%     -    5s
     0     0 1607.79416    0  179 1730.15508 1607.79416  7.07%     -    5s
     0     0 1607.81909    0  186 1730.15508 1607.81909  7.07%     -    5s
     0     0 1607.82011    0  191 1730.15508 1607.82011  7.07%     -    5s
     0     0 1611.15757    0  182 1730.15508 1611.15757  6.88%     -    6s
H    0     0                    1729.9174131 1611.15779  6.87%     -    7s
     0     0 1611.33980    0  177 1729.91741 1611.33980  6.85%     -    7s
     0     0 1611.35592    0  186 1729.91741 1611.35592  6.85%     -    7s
     0     0 1611.35715    0  188 1729.91741 1611.35715  6.85%     -    8s
     0     0 1612.18627    0  153 1729.91741 1612.18627  6.81%     -    8s
     0     0 1612.51811    0  175 1729.91741 1612.51811  6.79%     -    9s
     0     0 1612.59492    0  166 1729.91741 1612.59492  6.78%     -    9s
     0     0 1612.60928    0  176 1729.91741 1612.60928  6.78%     -    9s
     0     0 1612.61645    0  178 1729.91741 1612.61645  6.78%     -    9s
     0     0 1612.61973    0  180 1729.91741 1612.61973  6.78%     -    9s
     0     0 1613.01993    0  182 1729.91741 1613.01993  6.76%     -   10s
     0     0 1613.07652    0  215 1729.91741 1613.07652  6.75%     -   10s
     0     0 1613.08433    0  225 1729.91741 1613.08433  6.75%     -   10s
     0     0 1613.08517    0  230 1729.91741 1613.08517  6.75%     -   10s
     0     0 1614.10599    0  244 1729.91741 1614.10599  6.69%     -   11s
     0     0 1614.18252    0  213 1729.91741 1614.18252  6.69%     -   11s
     0     0 1614.20943    0  214 1729.91741 1614.20943  6.69%     -   11s
     0     0 1614.21884    0  224 1729.91741 1614.21884  6.69%     -   11s
     0     0 1614.22488    0  227 1729.91741 1614.22488  6.69%     -   11s
     0     0 1614.50844    0  222 1729.91741 1614.50844  6.67%     -   11s
     0     0 1614.54641    0  225 1729.91741 1614.54641  6.67%     -   11s
     0     0 1614.54998    0  233 1729.91741 1614.54998  6.67%     -   11s
     0     0 1614.78501    0  230 1729.91741 1614.78501  6.66%     -   12s
     0     0 1614.80452    0  223 1729.91741 1614.80452  6.65%     -   12s
     0     0 1614.80789    0  232 1729.91741 1614.80789  6.65%     -   12s
     0     0 1614.98772    0  244 1729.91741 1614.98772  6.64%     -   12s
     0     0 1615.00692    0  254 1729.91741 1615.00692  6.64%     -   12s
     0     0 1615.00698    0  254 1729.91741 1615.00698  6.64%     -   12s
     0     0 1615.10471    0  251 1729.91741 1615.10471  6.64%     -   13s
     0     0 1615.12594    0  252 1729.91741 1615.12594  6.64%     -   13s
     0     0 1615.12594    0  237 1729.91741 1615.12594  6.64%     -   13s
     0     0 1615.13046    0  254 1729.91741 1615.13046  6.64%     -   13s
     0     0 1615.15600    0  259 1729.91741 1615.15600  6.63%     -   13s
     0     0 1615.15615    0  258 1729.91741 1615.15615  6.63%     -   14s
     0     0 1615.15615    0  246 1729.91741 1615.15615  6.63%     -   14s
     0     2 1615.60398    0  246 1729.91741 1615.60398  6.61%     -   14s
     7    12 1654.80559    3  185 1729.91741 1616.09017  6.58%   331   15s
H    9    12                    1729.5203273 1616.09017  6.56%   289   15s
   601   410 1710.12724   23    8 1729.52033 1633.97259  5.52%  32.1   20s
  1297   753 infeasible   40      1729.52033 1654.40196  4.34%  30.6   25s
  1699   883 1655.82571   83  246 1729.52033 1654.78212  4.32%  30.1   38s
  1701   884 1658.84071   61   32 1729.52033 1654.78212  4.32%  30.1   40s
  1709   890 1710.40518   36  222 1729.52033 1654.78212  4.32%  29.9   45s
  1714   893 1698.81537   55  214 1729.52033 1654.78212  4.32%  29.9   50s
  1717   895 1694.89661   37  319 1729.52033 1654.78212  4.32%  29.8   55s
  1720   897 1711.58230   81  224 1729.52033 1654.78212  4.32%  29.8   62s
  1722   898 1729.15756   11  209 1729.52033 1654.78212  4.32%  29.7   65s
  1724   900 1678.56836   45  206 1729.52033 1654.78212  4.32%  29.7   70s
  1727   902 1710.43152   32  215 1729.52033 1654.78212  4.32%  29.6   75s
  1732   910 1654.78212   11  222 1729.52033 1654.78212  4.32%  37.2   80s
  1817   921 1657.27470   19   86 1729.52033 1654.78212  4.32%  41.4   85s
  1865   915 1703.71947   26   94 1729.52033 1655.66305  4.27%  45.2   90s
  1962   915 1680.62653   32   77 1729.52033 1657.83400  4.14%  47.6   95s
  2131   901 1695.72387   17  174 1729.52033 1660.15757  4.01%  50.7  100s
  2236   882     cutoff   30      1729.52033 1660.46165  3.99%  54.5  106s
  2351   868 1723.18093   24   42 1729.52033 1660.86717  3.97%  58.3  110s
  2458   866 1675.10198   14  164 1729.52033 1661.21192  3.95%  59.1  115s
  2599   833     cutoff   33      1729.52033 1662.77510  3.86%  60.6  121s
  2690   790 1704.26540   24  169 1729.52033 1668.72997  3.51%  61.9  125s
  2847   748     cutoff   31      1729.52033 1672.72907  3.28%  64.2  130s
  3082   632 1707.27973   21   92 1729.52033 1680.17877  2.85%  66.6  137s
  3180   596 infeasible   31      1729.52033 1686.87078  2.47%  67.2  140s
  3441   474 1708.23260   32  124 1729.52033 1698.37779  1.80%  67.0  146s
  3683   298 infeasible   17      1729.52033 1703.84473  1.48%  67.5  151s

Cutting planes:
  Gomory: 7
  Lift-and-project: 2
  Cover: 89
  Implied bound: 80
  Projected implied bound: 6
  Clique: 8
  MIR: 89
  StrongCG: 22
  Flow cover: 83
  GUB cover: 43
  Inf proof: 1
  Zero half: 5
  Mod-K: 1
  RLT: 31
  Relax-and-lift: 57
  BQP: 2

Explored 3956 nodes (269394 simplex iterations) in 153.20 seconds (40.46 work units)
Thread count was 4 (of 46 available processors)

Solution count 10: 1729.52 1729.52 1729.92 ... 1741.75

Optimal solution found (tolerance 1.00e-06)
Best objective 1.729520327278e+03, best bound 1.729520327278e+03, gap 0.0000%
