
Gurobi 13.0.2 (linux64) logging started Fri Aug 14 17:07:13 2026

Set parameter LogFile to value "/home/23037696r/Documents/research/or_benchmark/wp/results/inactive_0.3/j40/logs/gurobi/j400703_7.log"
Set parameter NumericFocus to value 1
Gurobi Optimizer version 13.0.2 build v13.0.2rc1 (linux64 - "Ubuntu 22.04.3 LTS")

CPU model: Intel Xeon Processor (Cascadelake), instruction set [SSE2|AVX|AVX2|AVX512]
Thread count: 46 physical cores, 46 logical processors, using up to 2 threads

Non-default parameters:
TimeLimit  13800
MIPGap  1e-06
NumericFocus  1
Threads  2

Optimize a model with 39094 rows, 24318 columns and 145028 nonzeros (Min)
Model fingerprint: 0x91d8db2d
Model has 15488 linear objective coefficients and an objective constant of 1.2719681272277062e+03
Variable types: 5656 continuous, 18662 integer (18466 binary)
Coefficient statistics:
  Matrix range     [1e+00, 3e+02]
  Objective range  [1e-02, 1e+03]
  Bounds range     [1e+00, 3e+02]
  RHS range        [1e+00, 3e+02]

Presolve removed 19482 rows and 9250 columns (presolve time = 5s)...
Presolve removed 30190 rows and 10060 columns (presolve time = 10s)...
Presolve removed 30190 rows and 10639 columns (presolve time = 16s)...
Presolve removed 30576 rows and 10959 columns
Presolve time: 18.98s
Presolved: 8518 rows, 13359 columns, 49872 nonzeros
Variable types: 0 continuous, 13359 integer (8641 binary)
Found heuristic solution: objective 4597.9601640

Root simplex log...

Iteration    Objective       Primal Inf.    Dual Inf.      Time
       0    1.6219681e+03   5.411875e+02   0.000000e+00     20s
    2271    3.0079368e+03   0.000000e+00   0.000000e+00     20s

Root relaxation: objective 3.007937e+03, 2271 iterations, 0.32 seconds (0.13 work units)

    Nodes    |    Current Node    |     Objective Bounds      |     Work
 Expl Unexpl |  Obj  Depth IntInf | Incumbent    BestBd   Gap | It/Node Time

     0     0 3007.93683    0  111 4597.96016 3007.93683  34.6%     -   20s
     0     0 3019.41897    0  137 4597.96016 3019.41897  34.3%     -   21s
H    0     0                    3442.4598847 3019.41897  12.3%     -   21s
H    0     0                    3400.9105709 3019.41897  11.2%     -   21s
H    0     0                    3373.2157378 3019.41897  10.5%     -   21s
H    0     0                    3373.0701528 3019.41897  10.5%     -   21s
H    0     0                    3372.9368999 3019.41897  10.5%     -   21s
H    0     0                    3371.8006201 3019.41897  10.5%     -   21s
H    0     0                    3371.6330065 3019.41897  10.4%     -   21s
H    0     0                    3370.2114643 3019.41897  10.4%     -   22s
H    0     0                    3370.0782114 3019.41897  10.4%     -   22s
H    0     0                    3369.1310291 3019.41897  10.4%     -   22s
H    0     0                    3368.5937508 3019.41897  10.4%     -   22s
     0     0 3023.71930    0  165 3368.59375 3023.71930  10.2%     -   23s
     0     0 3023.71930    0  166 3368.59375 3023.71930  10.2%     -   23s
H    0     0                    3363.5951726 3023.73020  10.1%     -   24s
     0     0 3024.27070    0  155 3363.59517 3024.27070  10.1%     -   25s
     0     0 3024.27100    0  160 3363.59517 3024.27100  10.1%     -   25s
     0     0 3026.22121    0  142 3363.59517 3026.22121  10.0%     -   27s
     0     0 3026.22591    0  150 3363.59517 3026.22591  10.0%     -   29s
     0     0 3026.22591    0  148 3363.59517 3026.22591  10.0%     -   30s
     0     0 3029.41931    0  146 3363.59517 3029.41931  9.94%     -   32s
     0     0 3032.09972    0  106 3363.59517 3032.09972  9.86%     -   34s
     0     0 3032.48347    0  113 3363.59517 3032.48347  9.84%     -   35s
     0     0 3032.48353    0  121 3363.59517 3032.48353  9.84%     -   35s
     0     0 3035.07442    0  204 3363.59517 3035.07442  9.77%     -   38s
     0     0 3035.07442    0  206 3363.59517 3035.07442  9.77%     -   38s
     0     0 3035.17654    0  205 3363.59517 3035.17654  9.76%     -   40s
     0     0 3035.32721    0  197 3363.59517 3035.32721  9.76%     -   41s
     0     0 3035.33534    0  206 3363.59517 3035.33534  9.76%     -   41s
     0     0 3035.33649    0  207 3363.59517 3035.33649  9.76%     -   42s
     0     0 3037.59992    0  209 3363.59517 3037.59992  9.69%     -   45s
     0     0 3037.60824    0  249 3363.59517 3037.60824  9.69%     -   45s
     0     0 3038.07098    0  269 3363.59517 3038.07098  9.68%     -   47s
     0     0 3038.07162    0  175 3363.59517 3038.07162  9.68%     -   47s
     0     0 3038.07329    0  193 3363.59517 3038.07329  9.68%     -   48s
     0     0 3044.29110    0  117 3363.59517 3044.29110  9.49%     -   50s
     0     0 3044.69433    0  195 3363.59517 3044.69433  9.48%     -   55s
     0     0 3044.69616    0  194 3363.59517 3044.69616  9.48%     -   56s
     0     0 3044.69616    0  195 3363.59517 3044.69616  9.48%     -   56s
     0     0 3045.64982    0  101 3363.59517 3045.64982  9.45%     -   58s
     0     0 3045.65039    0  118 3363.59517 3045.65039  9.45%     -   59s
     0     0 3046.48604    0  196 3363.59517 3046.48604  9.43%     -   61s
     0     0 3046.54568    0  198 3363.59517 3046.54568  9.43%     -   62s
     0     0 3046.55268    0  211 3363.59517 3046.55268  9.43%     -   63s
     0     0 3046.55287    0  213 3363.59517 3046.55287  9.43%     -   64s
     0     0 3048.00932    0  204 3363.59517 3048.00932  9.38%     -   66s
     0     0 3048.02979    0  190 3363.59517 3048.02979  9.38%     -   68s
     0     0 3048.10225    0  223 3363.59517 3048.10225  9.38%     -   69s
     0     0 3048.10333    0  234 3363.59517 3048.10333  9.38%     -   69s
     0     0 3048.10495    0  233 3363.59517 3048.10495  9.38%     -   69s
     0     0 3053.01103    0  147 3363.59517 3053.01103  9.23%     -   71s
     0     0 3053.32506    0  152 3363.59517 3053.32506  9.22%     -   73s
     0     0 3053.33806    0  154 3363.59517 3053.33806  9.22%     -   73s
     0     0 3053.33918    0  155 3363.59517 3053.33918  9.22%     -   74s
     0     0 3068.93972    0  185 3363.59517 3068.93972  8.76%     -   75s
     0     0 3070.10692    0  178 3363.59517 3070.10692  8.73%     -   77s
     0     0 3070.11372    0  183 3363.59517 3070.11372  8.73%     -   77s
     0     0 3074.20295    0  191 3363.59517 3074.20295  8.60%     -   79s
     0     0 3074.93012    0  175 3363.59517 3074.93012  8.58%     -   80s
     0     0 3075.03535    0  184 3363.59517 3075.03535  8.58%     -   81s
     0     0 3075.03555    0  189 3363.59517 3075.03555  8.58%     -   82s
     0     0 3080.47804    0  105 3363.59517 3080.47804  8.42%     -   83s
     0     0 3087.68287    0  106 3363.59517 3087.68287  8.20%     -   85s
     0     0 3087.68287    0  108 3363.59517 3087.68287  8.20%     -   86s
     0     0 3087.68287    0  116 3363.59517 3087.68287  8.20%     -   88s
     0     0 3087.68287    0  118 3363.59517 3087.68287  8.20%     -   90s
     0     0 3087.68287    0  125 3363.59517 3087.68287  8.20%     -   92s
     0     0 3087.68287    0  120 3363.59517 3087.68287  8.20%     -   94s
     0     0 3087.68287    0  112 3363.59517 3087.68287  8.20%     -   94s
     0     2 3088.50713    0  110 3363.59517 3088.50713  8.18%     -  101s
    13    19 3101.03883    7  104 3363.59517 3093.22703  8.04%  84.6  105s
    45    47 3109.69683   24  123 3363.59517 3093.22703  8.04%  55.3  110s
    75    78 3127.86803   43   62 3363.59517 3093.22703  8.04%  49.0  115s
   114   121 3136.52658   68   48 3363.59517 3093.22703  8.04%  40.6  121s
   150   158 3198.02793   88   72 3363.59517 3093.22703  8.04%  41.6  125s
   210   215 3117.06522   20  129 3363.59517 3093.22703  8.04%  38.7  130s
   289   283 3150.89592   22   78 3363.59517 3095.48810  7.97%  34.1  136s
   348   326 3178.76589   51   55 3363.59517 3095.48810  7.97%  33.3  141s
   391   380 3190.35638   61   22 3363.59517 3096.84868  7.93%  32.4  145s
   459   427 3120.44715    3  159 3363.59517 3097.51098  7.91%  31.5  151s
   505   470 3135.94378    7  118 3363.59517 3097.51098  7.91%  31.1  156s
   555   501 3223.39127   29   63 3363.59517 3098.25240  7.89%  31.0  162s
   580   535 3227.82331   48   58 3363.59517 3098.25240  7.89%  31.2  165s
   659   622 3242.14557  100   21 3363.59517 3098.25240  7.89%  30.1  171s
   771   667 3274.08438  146    9 3363.59517 3098.25240  7.89%  26.1  178s
   817   715 infeasible    8      3363.59517 3099.33966  7.86%  25.3  181s
   872   716 3131.44229   49  112 3363.59517 3099.33966  7.86%  24.1  816s
   874   717 3139.89549   13  164 3363.59517 3099.33966  7.86%  24.1  820s
   878   720 3229.56167   76  312 3363.59517 3099.33966  7.86%  24.0  826s
   884   724 3274.14672  151  178 3363.59517 3099.33966  7.86%  23.8  830s
   888   727 3187.22128   36  248 3363.59517 3099.33966  7.86%  23.7  835s
   892   729 3242.36887   98  288 3363.59517 3099.33966  7.86%  23.6  841s
   894   731 3183.10440   76  299 3363.59517 3099.33966  7.86%  23.5  847s
   896   732 3277.01762  126  322 3363.59517 3099.33966  7.86%  23.5  851s
   899   734 3103.38141   11  321 3363.59517 3099.33966  7.86%  23.4  859s
   900   735 3251.81753   32  321 3363.59517 3099.33966  7.86%  23.4  865s
   903   740 3101.48683   16  208 3363.59517 3099.33966  7.86%  42.9  871s
   913   744 infeasible   19      3363.59517 3099.33966  7.86%  45.9  899s
   917   747 3113.99104   20  232 3363.59517 3099.33966  7.86%  48.9  902s
   921   748 3128.53437   21  262 3363.59517 3099.33966  7.86%  50.3  905s
   929   755 3132.63034   23  118 3363.59517 3099.33966  7.86%  52.7  930s
   946   763 3135.74562   28  123 3363.59517 3099.33966  7.86%  53.5  938s
   952   763 3360.74414   30   76 3363.59517 3099.33966  7.86%  53.7  944s
   954   769 3136.90204   31  123 3363.59517 3099.33966  7.86%  53.7  951s
   961   775 3138.67505   34  117 3363.59517 3099.33966  7.86%  53.6  955s
   982   786 3144.18410   41  139 3363.59517 3099.33966  7.86%  54.0  962s
   992   791 3147.78709   46  127 3363.59517 3099.33966  7.86%  53.6  966s
  1008   800 3204.35147   52   99 3363.59517 3099.33966  7.86%  53.7  975s
  1029   814 3331.18958   59   91 3363.59517 3099.33966  7.86%  53.6  982s
  1042   813 3346.01451   64   58 3363.59517 3099.33966  7.86%  54.1  985s
  1065   809 3349.19113   78   99 3363.59517 3099.33966  7.86%  53.7  995s
  1101   808 3349.22092  104   99 3363.59517 3099.33966  7.86%  52.5 1003s
  1118   809 3099.33966   17  152 3363.59517 3099.33966  7.86%  52.9 1008s
  1129   823 3116.95245   20   99 3363.59517 3099.33966  7.86%  53.1 1013s
  1147   837 3170.35578   27   64 3363.59517 3099.33966  7.86%  52.8 1019s
  1169   838 3118.96559   35  118 3363.59517 3099.33966  7.86%  52.5 1022s
  1183   842 3119.72687   38   85 3363.59517 3099.33966  7.86%  52.2 1027s
  1197   849 3120.76932   42   87 3363.59517 3099.33966  7.86%  52.0 1031s
  1239   869 3181.88914   54   70 3363.59517 3099.33966  7.86%  52.8 1039s
  1262   877 3208.23021   60   51 3363.59517 3099.33966  7.86%  53.6 1045s
  1290   881 3099.33966   20  150 3363.59517 3099.33966  7.86%  54.4 1050s
  1354   928 3100.05359   25  127 3363.59517 3100.05359  7.84%  54.7 1058s
  1408   939 3102.53389   36  103 3363.59517 3101.48683  7.79%  55.2 1062s
  1441   943 3252.22225   42  101 3363.59517 3101.48683  7.79%  55.2 1068s
  1478   923 infeasible   49      3363.59517 3101.89412  7.78%  56.9 1073s
  1499   926 3118.74877   18  142 3363.59517 3101.89412  7.78%  58.4 1079s
  1509   931 3126.86319   18  195 3363.59517 3101.89412  7.78%  58.6 1085s
  1535   948 3118.76491   19  141 3363.59517 3101.89412  7.78%  58.4 1092s
  1561   964 3129.23907   20  165 3363.59517 3101.89412  7.78%  59.1 1100s
  1603   961 3153.15697   21  226 3363.59517 3109.49905  7.55%  59.0 1109s
  1652  1029 infeasible   23      3363.59517 3109.55102  7.55%  58.6 1119s
  1780  1043     cutoff   50      3363.59517 3109.71193  7.55%  57.7 1127s
  1863  1072 3298.42612   35   62 3363.59517 3110.14064  7.54%  57.7 1135s
  2000  1117 3358.70330   38    8 3363.59517 3110.53180  7.52%  58.5 1145s
  2075  1186 3224.66077   40  116 3363.59517 3110.89705  7.51%  58.0 1154s
  2204  1204 3301.33205   31   92 3363.59517 3111.32893  7.50%  58.4 1162s
  2283  1269 3358.45161   33    9 3363.59517 3111.54143  7.49%  59.3 1170s
  2407  1312 3284.79597   35   79 3363.59517 3111.79272  7.49%  60.2 1178s
  2526  1372 3300.12198   40   74 3363.59517 3117.55011  7.31%  60.1 1186s
  2679  1353 3166.96716   29   53 3363.59517 3117.72828  7.31%  60.0 1193s
  2730  1406 3168.42553   32   65 3363.59517 3117.72828  7.31%  60.0 1202s
  2823  1451 3257.51432   43   77 3363.59517 3118.17191  7.30%  58.9 1212s
  2942  1449 3313.63361   36   33 3363.59517 3118.35021  7.29%  58.6 1219s
  3005  1482 3312.25638   43   88 3363.59517 3119.57270  7.25%  58.4 1228s
  3121  1582 3291.45608   32   50 3363.59517 3121.47548  7.20%  59.2 1240s
  3316  1678 3161.82241   45  110 3363.59517 3123.76373  7.13%  59.3 1254s
  3464  1754     cutoff   50      3363.59517 3125.93466  7.07%  59.5 1266s
  3600  1765 3162.99587   22  203 3363.59517 3127.05702  7.03%  60.7 1289s
  3615  1776 3152.19090   28  217 3363.59517 3127.05702  7.03%  61.4 1296s
  3630  1837 3154.28051   31  154 3363.59517 3127.05702  7.03%  61.7 1308s
  3707  1936 3202.24643   59  152 3363.59517 3127.12793  7.03%  61.6 1323s
  3831  1991 3363.29393   69   52 3363.59517 3127.86814  7.01%  61.1 1336s
  3986  2106 3313.33870   37   51 3363.59517 3128.29297  7.00%  61.4 1352s
  4185  2235     cutoff   48      3363.59517 3129.88783  6.95%  61.4 1369s
  4404  2372 3206.69230   57   89 3363.59517 3134.75927  6.80%  61.0 1392s
  4583  2601 3340.19701   81   20 3363.59517 3137.18470  6.73%  59.9 1415s
  4957  2711 3204.23881   50   68 3363.59517 3147.32887  6.43%  57.5 1440s
  5154  2832 3321.76867   97   30 3363.59517 3148.51475  6.39%  57.0 1459s
  5347  3052 3206.71916   38  106 3363.59517 3149.28530  6.37%  57.0 1479s
  5622  3087 3306.87228   74   73 3363.59517 3151.12197  6.32%  56.5 1499s
  5684  3170 3160.92176   26  190 3363.59517 3151.12197  6.32%  56.7 1523s
  5822  3361 3165.50474   24  111 3363.59517 3151.26353  6.31%  57.2 1547s
  6111  3467 3167.27553   30  137 3363.59517 3151.60338  6.30%  56.7 1571s
  6322  3617 3232.18529   52   45 3363.59517 3151.81373  6.30%  56.3 1595s
  6610  3756 3344.71878   38   61 3363.59517 3152.92177  6.26%  56.7 1617s
  6827  3913 3337.35787   29   64 3363.59517 3153.86835  6.24%  56.4 1640s
  7066  4026 3337.04053   26   71 3363.59517 3155.09070  6.20%  56.6 1663s
  7253  4027 3356.32522   34  112 3363.59517 3155.25805  6.19%  56.5 1745s
  7255  4028 3251.93641   47  158 3363.59517 3155.25805  6.19%  56.5 1768s
  7256  4029 3169.90224   19  135 3363.59517 3155.25805  6.19%  56.5 1775s
  7259  4031 3358.57348   42  132 3363.59517 3155.25805  6.19%  56.5 1780s
  7261  4032 3313.60636   37  264 3363.59517 3155.25805  6.19%  56.5 1786s
  7263  4034 3358.92830   43  254 3363.59517 3155.25805  6.19%  56.5 1790s
  7266  4036 3357.11432   41  279 3363.59517 3155.25805  6.19%  56.4 1795s
  7269  4038 3221.91328   36  299 3363.59517 3155.25805  6.19%  56.4 1802s
  7271  4039 3260.11700   41  310 3363.59517 3155.25805  6.19%  56.4 1807s
  7272  4040 3303.03391   41  312 3363.59517 3155.25805  6.19%  56.4 1814s
  7273  4040 3234.44211   36  329 3363.59517 3155.25805  6.19%  56.4 1817s
  7274  4041 3280.59243   39  313 3363.59517 3155.25805  6.19%  56.4 1824s
  7275  4042 3351.94114   45  320 3363.59517 3155.25805  6.19%  56.4 1826s
  7277  4043 3279.77951   60  338 3363.59517 3155.25805  6.19%  56.3 1836s
  7279  4044 3234.99544   36  343 3363.59517 3155.25805  6.19%  56.3 1847s
  7280  4045 3306.65881   43  350 3363.59517 3155.25805  6.19%  56.3 1850s
  7281  4046 3338.79347   30  345 3363.59517 3155.25805  6.19%  56.3 1856s
  7283  4047 3337.88904   28  340 3363.59517 3155.25805  6.19%  56.3 1865s
  7285  4048 3296.95658   28  324 3363.59517 3155.25805  6.19%  56.3 1877s
  7287  4050 3181.69234   47  315 3363.59517 3155.25805  6.19%  56.3 1881s
  7288  4050 3206.46043   37  313 3363.59517 3155.25805  6.19%  56.3 1886s
  7289  4051 3321.06300   47  311 3363.59517 3155.25805  6.19%  56.2 1890s
  7290  4052 3284.19769   22  311 3363.59517 3155.25805  6.19%  56.2 1899s
  7291  4055 3155.25805   30  183 3363.59517 3155.25805  6.19%  59.6 1905s
  7295  4061 3155.25805   32  247 3363.59517 3155.25805  6.19%  59.8 1912s
  7300  4063 3155.25805   33  250 3363.59517 3155.25805  6.19%  59.9 1916s
  7304  4065 infeasible   33      3363.59517 3155.25805  6.19%  59.9 1921s
  7310  4068 3155.25805   34  314 3363.59517 3155.25805  6.19%  60.1 1928s
  7315  4071 3223.06438   35  198 3363.59517 3155.25805  6.19%  60.2 1932s
  7320  4075 3168.17656   35  193 3363.59517 3155.25805  6.19%  60.2 1936s
  7325  4078 3168.65908   36  192 3363.59517 3155.25805  6.19%  60.2 1940s
  7333  4082 3169.40616   38  181 3363.59517 3155.25805  6.19%  60.3 1950s
  7343  4086 3170.76142   40  161 3363.59517 3155.25805  6.19%  60.5 1956s
  7348  4087 3222.92240   41  165 3363.59517 3155.25805  6.19%  60.6 1960s
  7356  4095 3190.03026   43   93 3363.59517 3155.25805  6.19%  60.7 1966s
  7361  4099 3170.76142   45  140 3363.59517 3155.25805  6.19%  60.7 1970s
  7373  4107 3183.81522   47  124 3363.59517 3155.25805  6.19%  60.7 1976s
  7379  4113 3196.00700   48   86 3363.59517 3155.25805  6.19%  60.8 1981s
  7387  4118 3172.14633   50  133 3363.59517 3155.25805  6.19%  60.8 1987s
  7396  4122 3172.33828   52  134 3363.59517 3155.25805  6.19%  60.8 1992s
  7403  4127 3188.31637   54  127 3363.59517 3155.25805  6.19%  60.8 2000s
  7411  4132 3174.12222   56  139 3363.59517 3155.25805  6.19%  60.8 2005s
  7421  4138 3182.91431   58  122 3363.59517 3155.25805  6.19%  60.8 2010s
  7439  4140 3202.44331   60   74 3363.59517 3155.25805  6.19%  60.8 2018s
  7445  4146 3178.75204   61  140 3363.59517 3155.25805  6.19%  60.8 2023s
  7453  4150 3186.57780   63  123 3363.59517 3155.25805  6.19%  60.9 2029s
  7462  4154 3204.85679   65   67 3363.59517 3155.25805  6.19%  61.0 2036s
  7471  4156 3206.06262   68   68 3363.59517 3155.25805  6.19%  61.1 2047s
  7488  4154 3206.29947   73   38 3363.59517 3155.25805  6.19%  61.2 2055s
  7502  4156 3206.30977   79   39 3363.59517 3155.25805  6.19%  61.2 2063s
  7513  4157 3229.43060   83   66 3363.59517 3155.25805  6.19%  61.3 2080s
  7526  4161 3176.14328   32  100 3363.59517 3155.25805  6.19%  61.5 2086s
  7534  4168 3176.53211   33   58 3363.59517 3155.25805  6.19%  61.6 2092s
  7545  4174 3184.73707   36   85 3363.59517 3155.25805  6.19%  61.7 2100s
  7554  4187 3186.44271   39   84 3363.59517 3155.25805  6.19%  61.7 2108s
  7572  4200 3253.51811   45   58 3363.59517 3155.25805  6.19%  61.7 2116s
  7596  4214 3215.02290   51   71 3363.59517 3155.25805  6.19%  61.7 2125s
  7628  4206 3325.96912   58   26 3363.59517 3155.25805  6.19%  61.6 2135s
  7659  4201 3353.32817   46   68 3363.59517 3155.25805  6.19%  61.6 2142s
  7670  4212 3194.13390   43  129 3363.59517 3155.25805  6.19%  61.7 2149s
  7685  4220 3197.87605   46  150 3363.59517 3155.25805  6.19%  61.6 2158s
  7698  4224 3254.43220   48  163 3363.59517 3155.25805  6.19%  61.8 2169s
  7718  4222 3214.83900   49  173 3363.59517 3155.25805  6.19%  61.9 2199s
  7742  4227 3212.01150   52  134 3363.59517 3155.25805  6.19%  62.2 2207s
  7756  4236 3275.90329   54   88 3363.59517 3155.25805  6.19%  62.2 2221s
  7772  4238 3313.83793   57  135 3363.59517 3155.25805  6.19%  62.2 2235s
  7790  4255 3156.13887   49  134 3363.59517 3155.25805  6.19%  62.3 2247s
  7830  4264 3161.66041   46   68 3363.59517 3155.25805  6.19%  62.2 2258s
  7856  4270 3294.34768   52   70 3363.59517 3155.25805  6.19%  62.2 2271s
  7892  4267 3320.44037   62   30 3363.59517 3155.25805  6.19%  62.0 2286s
  7922  4304 3155.25805   52  115 3363.59517 3155.25805  6.19%  62.0 2306s
  7974  4362     cutoff   70      3363.59517 3155.25805  6.19%  61.9 2326s
  8108  4323 3196.37061   53   86 3363.59517 3155.25805  6.19%  61.5 2338s
  8128  4357 3362.58675   44   66 3363.59517 3155.25805  6.19%  61.6 2359s
  8203  4364 3362.41767   66   43 3363.59517 3155.25805  6.19%  61.9 2381s
  8266  4368 3346.21806   60   79 3363.59517 3155.25805  6.19%  62.0 2400s
  8311  4418 3200.27429   53  140 3363.59517 3155.25805  6.19%  62.2 2424s
  8402  4397 3190.53697   46   88 3363.59517 3155.25805  6.19%  62.3 2442s
  8434  4465 3183.93711   37  137 3363.59517 3155.25805  6.19%  62.5 2468s
  8553  4511 3310.65946   58   66 3363.59517 3155.25805  6.19%  62.5 2494s
  8684  4503 3203.04182   47  142 3363.59517 3155.25805  6.19%  62.8 2517s
  8752  4537 3345.09699   62   81 3363.59517 3155.25805  6.19%  63.1 2540s
  8867  4558 3348.09473   54   74 3363.59517 3155.25805  6.19%  63.4 2565s
  8965  4585 infeasible   43      3363.59517 3155.25805  6.19%  63.5 2594s
  9135  4592 infeasible   49      3363.59517 3155.25805  6.19%  63.3 2624s
  9258  4643 infeasible   62      3363.59517 3155.25805  6.19%  63.3 2653s
  9408  4653 3300.76935   36   81 3363.59517 3155.25805  6.19%  63.6 2682s
  9524  4671 3158.49476   49   50 3363.59517 3155.25805  6.19%  63.8 2708s
  9638  4709     cutoff   52      3363.59517 3155.25805  6.19%  64.2 2739s
  9784  4750 3294.29471   41   77 3363.59517 3155.25805  6.19%  64.2 2766s
  9916  4791 3359.13638   56  105 3363.59517 3155.25805  6.19%  64.2 2801s
 10068  4898 3293.50080   52  110 3363.59517 3155.36846  6.19%  64.3 2836s
 10308  4901 3158.10755   39  143 3363.59517 3155.76908  6.18%  64.0 2877s
 10433  4918 3268.83886   43  174 3363.59517 3155.77713  6.18%  64.1 2909s
 10541  4949 3340.63375   39  121 3363.59517 3155.99454  6.17%  64.2 2950s
 10651  4998 3182.56788   50  216 3363.59517 3156.07633  6.17%  64.2 2987s
 10846  5008 infeasible   93      3363.59517 3156.17116  6.17%  64.1 3021s
 10977  5055 3304.64144   40   58 3363.59517 3156.54677  6.16%  64.3 3054s
 11132  5059 infeasible   55      3363.59517 3156.62434  6.15%  64.5 3089s
 11216  5142     cutoff   52      3363.59517 3156.62434  6.15%  64.7 3140s
 11409  5154     cutoff   59      3363.59517 3156.72678  6.15%  64.8 3181s
 11503  5250 3342.54470   40   71 3363.59517 3156.76106  6.15%  64.9 3233s
 11681  5251 3299.22272   49  164 3363.59517 3156.80527  6.15%  64.7 3272s
 11786  5332 3305.38958   66   58 3363.59517 3156.90534  6.14%  64.6 3317s
 12009  5407 3205.47103   42  185 3363.59517 3157.03344  6.14%  64.5 3375s
 12236  5458 3258.11002   65   84 3363.59517 3157.29169  6.13%  64.5 3435s
 12516  5507 3351.92294   65   49 3363.59517 3157.44779  6.13%  64.4 3491s
 12762  5523 3354.41123   57   72 3363.59517 3157.65659  6.12%  64.4 3533s
 12947  5555 3357.86974   80   37 3363.59517 3157.91918  6.11%  64.5 3576s
 13095  5671 3348.53341   64   51 3363.59517 3157.91918  6.11%  64.3 3648s
 13388  5677 3348.47064   47   69 3363.59517 3158.00388  6.11%  64.3 3703s
 13601  5759 3296.42854   50   67 3363.59517 3158.27884  6.10%  64.3 3762s
 13923  5790 3349.06461   56   61 3363.59517 3158.44797  6.10%  64.1 3823s
 14159  5844 3249.67321   57  153 3363.59517 3158.49930  6.10%  64.3 3873s
 14415  5858     cutoff   52      3363.59517 3158.65488  6.09%  64.3 3921s
 14599  6026 3199.37803   56  124 3363.59517 3158.76701  6.09%  64.5 4069s
 15009  5961 3267.86543   56   79 3363.59517 3159.11719  6.08%  64.5 4101s
 15096  6042 3359.93027   86   33 3363.59517 3159.12261  6.08%  64.6 4150s
 15334  6041 3359.91955   55   30 3363.59517 3159.31028  6.07%  64.7 4192s
 15459  6157 3225.71588   55   97 3363.59517 3159.37638  6.07%  64.8 4243s
 15716  6089 3270.91384   53   97 3363.59517 3159.50258  6.07%  64.8 4278s
 15788  6220 3233.93977   44  159 3363.59517 3159.56710  6.07%  65.1 4326s
 16056  6233 3249.28215   51  110 3363.59517 3159.73302  6.06%  65.1 4368s
 16224  6279 3199.27563   60  109 3363.59517 3159.79977  6.06%  64.9 4410s
 16405  6292 3267.11334   52  100 3363.59517 3159.98824  6.05%  65.1 4452s
 16541  6388 3311.47045   45   57 3363.59517 3160.06938  6.05%  65.1 4498s
 16776  6401 3295.32647   62   59 3363.59517 3160.26656  6.04%  65.3 4536s
 16928  6512 3330.85334   70   86 3363.59517 3160.37486  6.04%  65.3 4595s
 17206  6550 3209.77211   46   89 3363.59517 3160.51639  6.04%  65.2 4641s
 17375  6576 3344.97961   46  133 3363.59517 3160.65949  6.03%  65.2 4684s
 17607  6549 3316.73905   55   47 3363.59517 3160.65949  6.03%  65.1 4722s
 17746  6641 3246.81256   61  113 3363.59517 3160.81438  6.03%  65.2 4770s
 18002  6617 3297.36334   52   90 3363.59517 3160.98966  6.02%  65.3 4812s
 18117  6770 3299.82865   53   21 3363.59517 3161.21794  6.02%  65.5 4862s
 18436  6762 infeasible   51      3363.59517 3161.39536  6.01%  65.5 4897s
 18598  6865 3347.69023   59  107 3363.59517 3161.55028  6.01%  65.6 4951s
 18884  6869 3299.16384   49   28 3363.59517 3161.84048  6.00%  65.6 4992s
 19038  6998 3359.21133   55  128 3363.59517 3161.96410  5.99%  65.6 5042s
 19381  6960 3249.59049   51  165 3363.59517 3162.19400  5.99%  65.4 5070s
 19511  7157 3322.56250   63   95 3363.59517 3162.26751  5.99%  65.3 5126s
 19907  7284 3252.81466   62  130 3363.59517 3163.12739  5.96%  65.1 5168s
 20118  7570 3246.41006   49  135 3363.59517 3163.41069  5.95%  65.0 5221s
 20495  7615 3300.94945   58  106 3363.59517 3163.87523  5.94%  64.6 5247s
 20551  7706 3300.17818   62  123 3363.59517 3163.99332  5.93%  64.7 5291s
 20766  7837 3209.17818   48  200 3363.59517 3164.05583  5.93%  64.6 5333s
 20984  7969 3250.32780   55  160 3363.59517 3164.30844  5.92%  64.5 5375s
 21223  7999 3218.55973   44  208 3363.59517 3164.59266  5.92%  64.4 5400s
 21284  8115 3329.28424   57   86 3363.59517 3164.89532  5.91%  64.6 5440s
 21549  8167 3300.94897   49  191 3363.59517 3165.33151  5.89%  64.5 5471s
 21691  8274 3213.09920   53  162 3363.59517 3165.89995  5.88%  64.6 5512s
 21921  8275 3259.01328   65  112 3363.59517 3166.71164  5.85%  64.7 5992s
 21923  8276 3343.00324   65  156 3363.59517 3166.71164  5.85%  64.7 6027s
 21924  8277 3212.44785   49  124 3363.59517 3166.71164  5.85%  64.7 6035s
 21926  8278 3327.87092   70  141 3363.59517 3166.71164  5.85%  64.7 6040s
 21928  8280 3259.25396   52  146 3363.59517 3166.71164  5.85%  64.6 6045s
 21930  8281 3353.96052   70  262 3363.59517 3166.71164  5.85%  64.6 6053s
 21931  8282 3344.38829   81  284 3363.59517 3166.71164  5.85%  64.6 6056s
 21932  8282 3296.28205   52  239 3363.59517 3166.71164  5.85%  64.6 6060s
 21934  8284 3338.12425   44  255 3363.59517 3166.71164  5.85%  64.6 6067s
 21935  8284 3296.19233   54  269 3363.59517 3166.71164  5.85%  64.6 6070s
 21938  8286 3259.83192   67  294 3363.59517 3166.71164  5.85%  64.6 6079s
 21939  8287 3326.39083   47  301 3363.59517 3166.71164  5.85%  64.6 6104s
 21940  8288 3330.93505   73  340 3363.59517 3166.71164  5.85%  64.6 6106s
 21941  8288 3258.81270   61  309 3363.59517 3166.71164  5.85%  64.6 6132s
 21942  8289 3319.64828   45  311 3363.59517 3166.71164  5.85%  64.6 6164s
 21943  8290 3360.31343   66  303 3363.59517 3166.71164  5.85%  64.6 6167s
 21944  8290 3312.72469   49  298 3363.59517 3166.71164  5.85%  64.6 6194s
 21945  8291 3228.03221   48  330 3363.59517 3166.71164  5.85%  64.6 6226s
 21947  8292 3338.31365   60  308 3363.59517 3166.71164  5.85%  64.6 6257s
 21948  8293 3196.55556   47  319 3363.59517 3166.71164  5.85%  64.6 6292s
 21949  8294 3322.50631   67  321 3363.59517 3166.71164  5.85%  64.6 6320s
 21950  8294 3297.55323   57  318 3363.59517 3166.71164  5.85%  64.6 6350s
 21951  8295 3344.49134   76  326 3363.59517 3166.71164  5.85%  64.6 6377s
 21952  8296 3346.70417   44  326 3363.59517 3166.71164  5.85%  64.6 6406s
 21953  8296 3206.29947   72  326 3363.59517 3166.71164  5.85%  64.6 6430s
 21954  8297 3186.10666   47  343 3363.59517 3166.71164  5.85%  64.6 6463s
 21955  8298 3285.12504   50  350 3363.59517 3166.71164  5.85%  64.6 6490s
 21956  8298 3200.38217   59  366 3363.59517 3166.71164  5.85%  64.6 6526s
 21957  8299 3342.52482   76  340 3363.59517 3166.71164  5.85%  64.6 6553s
 21958  8300 3230.30969   43  324 3363.59517 3166.71164  5.85%  64.6 6587s
 21959  8300 3276.79234   51  336 3363.59517 3166.71164  5.85%  64.6 6611s
 21960  8301 3297.68026   59  341 3363.59517 3166.71164  5.85%  64.6 6634s
 21961  8302 3225.16913   57  347 3363.59517 3166.71164  5.85%  64.5 6654s
 21962  8302 3227.62738   41  324 3363.59517 3166.71164  5.85%  64.5 6682s
 21963  8303 3359.39977   62  353 3363.59517 3166.71164  5.85%  64.5 6703s
 21964  8304 3336.40592   58  329 3363.59517 3166.71164  5.85%  64.5 6727s
 21965  8304 3315.18120   47  347 3363.59517 3166.71164  5.85%  64.5 6746s
 21966  8305 3184.38622   49  329 3363.59517 3166.71164  5.85%  64.5 6773s
 21967  8306 3326.27510   57  331 3363.59517 3166.71164  5.85%  64.5 6793s
 21968  8306 3321.10363   65  302 3363.59517 3166.71164  5.85%  64.5 6817s
 21969  8307 3358.70111   68  316 3363.59517 3166.71164  5.85%  64.5 6841s
 21970  8308 3300.34635   52  310 3363.59517 3166.71164  5.85%  64.5 6874s
 21971  8308 3263.65561   57  305 3363.59517 3166.71164  5.85%  64.5 6895s
 21972  8309 3230.51549   46  359 3363.59517 3166.71164  5.85%  64.5 6921s
 21973  8310 3348.95189   55  409 3363.59517 3166.71164  5.85%  64.5 6925s
 21974  8310 3354.87041  130  415 3363.59517 3166.71164  5.85%  64.5 6945s
 21975  8311 3206.71048   69  411 3363.59517 3166.71164  5.85%  64.5 6971s
 21976  8312 3224.38596   53  434 3363.59517 3166.71164  5.85%  64.5 6993s
 21977  8312 3299.10002   78  393 3363.59517 3166.71164  5.85%  64.5 7015s
 21978  8313 3353.02136   56  428 3363.59517 3166.71164  5.85%  64.5 7036s
 21979  8314 3226.80856   46  400 3363.59517 3166.71164  5.85%  64.5 7063s
 21980  8314 3350.85881   58  406 3363.59517 3166.71164  5.85%  64.5 7065s
 21981  8315 3299.40811   57  405 3363.59517 3166.71164  5.85%  64.5 7086s
 21982  8316 3312.98474   63  403 3363.59517 3166.71164  5.85%  64.5 7111s
 21983  8316 3179.03159   45  397 3363.59517 3166.71164  5.85%  64.5 7134s
 21984  8317 3326.24783   65  418 3363.59517 3166.71164  5.85%  64.5 7158s
 21985  8318 3320.39134   55  419 3363.59517 3166.71164  5.85%  64.5 7183s
 21986  8318 3299.22040   53  430 3363.59517 3166.71164  5.85%  64.5 7209s
 21987  8319 3339.00180   48  446 3363.59517 3166.71164  5.85%  64.5 7229s
 21988  8320 3328.99455   77  454 3363.59517 3166.71164  5.85%  64.5 7274s
 21989  8320 3237.75991   39  449 3363.59517 3166.71164  5.85%  64.5 7279s
 21990  8321 3229.74821   43  468 3363.59517 3166.71164  5.85%  64.5 7288s
 21991  8322 3346.48318   57  472 3363.59517 3166.71164  5.85%  64.5 7292s
 21992  8322 3322.04834   53  397 3363.59517 3166.71164  5.85%  64.5 7301s
 21993  8323 3323.94143   53  464 3363.59517 3166.71164  5.85%  64.5 7307s
 21994  8324 3196.01071   49  455 3363.59517 3166.71164  5.85%  64.5 7316s
 21995  8324 3342.55902   43  460 3363.59517 3166.71164  5.85%  64.4 7320s
 21996  8325 3314.42937   81  454 3363.59517 3166.71164  5.85%  64.4 7328s
 21997  8326 3253.59506   46  459 3363.59517 3166.71164  5.85%  64.4 7334s
 21998  8326 3318.27724   50  469 3363.59517 3166.71164  5.85%  64.4 7343s
 21999  8327 3310.31294   49  468 3363.59517 3166.71164  5.85%  64.4 7347s
 22000  8328 3358.56647   69  424 3363.59517 3166.71164  5.85%  64.4 7356s
 22002  8329 3316.10795   68  441 3363.59517 3166.71164  5.85%  64.4 7363s
 22003  8330 3308.62580   44  454 3363.59517 3166.71164  5.85%  64.4 7372s
 22004  8330 3223.34076   49  455 3363.59517 3166.71164  5.85%  64.4 7375s
 22005  8331 3343.64286   71  422 3363.59517 3166.71164  5.85%  64.4 7382s
 22006  8332 3270.42841   47  470 3363.59517 3166.71164  5.85%  64.4 7388s
 22007  8332 3335.02937   55  477 3363.59517 3166.71164  5.85%  64.4 7394s
 22008  8333 3179.47229   47  487 3363.59517 3166.71164  5.85%  64.4 7398s
 22009  8334 3305.49943   68  487 3363.59517 3166.71164  5.85%  64.4 7405s
 22011  8335 3222.82897   52  487 3363.59517 3166.71164  5.85%  64.4 7416s
 22012  8336 3360.47153   74  495 3363.59517 3166.71164  5.85%  64.4 7421s
 22013  8336 3278.88762   54  491 3363.59517 3166.71164  5.85%  64.4 7430s
 22015  8338 3342.89673   65  496 3363.59517 3166.71164  5.85%  64.4 7443s
 22016  8338 3359.79541   47  497 3363.59517 3166.71164  5.85%  64.4 7447s
 22017  8339 3264.62389   53  499 3363.59517 3166.71164  5.85%  64.4 7452s
 22018  8340 3234.24213   52  498 3363.59517 3166.71164  5.85%  64.4 7455s
 22019  8340 3298.11518   57  501 3363.59517 3166.71164  5.85%  64.4 7463s
 22020  8341 3330.03143   48  500 3363.59517 3166.71164  5.85%  64.4 7466s
 22021  8342 3259.01328   65  496 3363.59517 3166.71164  5.85%  64.4 7471s
 22022  8342 3340.82489   45  500 3363.59517 3166.71164  5.85%  64.4 7475s
 22023  8343 3343.00324   65  502 3363.59517 3166.71164  5.85%  64.4 7481s
 22024  8344 3212.44785   49  504 3363.59517 3166.71164  5.85%  64.4 7485s
 22025  8344 3345.36275   73  502 3363.59517 3166.71164  5.85%  64.4 7491s
 22027  8346 3188.35240   46  506 3363.59517 3166.71164  5.85%  64.4 7502s
 22028  8346 3259.25396   52  508 3363.59517 3166.71164  5.85%  64.4 7505s
 22029  8347 3197.17443   43  494 3363.59517 3166.71164  5.85%  64.3 7512s
 22030  8348 3353.96052   70  487 3363.59517 3166.71164  5.85%  64.3 7517s
 22031  8348 3344.38829   81  493 3363.59517 3166.71164  5.85%  64.3 7525s
 22033  8350 3242.95575   43  495 3363.59517 3166.71164  5.85%  64.3 7535s
 22035  8351 3296.19233   54  496 3363.59517 3166.71164  5.85%  64.3 7547s
 22036  8352 3297.60373   49  497 3363.59517 3166.71164  5.85%  64.3 7551s
 22037  8352 3228.17172   51  495 3363.59517 3166.71164  5.85%  64.3 7557s
 22038  8353 3259.83192   67  498 3363.59517 3166.71164  5.85%  64.3 7562s
 22039  8354 3326.39083   47  495 3363.59517 3166.71164  5.85%  64.3 7568s
 22040  8354 3330.93505   73  499 3363.59517 3166.71164  5.85%  64.3 7572s
 22041  8355 3258.81270   61  495 3363.59517 3166.71164  5.85%  64.3 7576s
 22043  8356 3360.31343   66  494 3363.59517 3166.71164  5.85%  64.3 7586s
 22044  8357 3312.72469   49  497 3363.59517 3166.71164  5.85%  64.3 7590s
 22045  8358 3228.03221   48  493 3363.59517 3166.71164  5.85%  64.3 7596s
 22047  8359 3338.31365   60  495 3363.59517 3166.71164  5.85%  64.3 7603s
 22048  8360 3196.55556   47  495 3363.59517 3166.71164  5.85%  64.3 7608s
 22049  8360 3322.50631   67  495 3363.59517 3166.71164  5.85%  64.3 7615s
 22050  8364 3166.71164   40  339 3363.59517 3166.71164  5.85%  66.4 7625s
 22054  8370 3166.71164   42  248 3363.59517 3166.71164  5.85%  66.5 7632s
 22059  8372 3166.71164   43  245 3363.59517 3166.71164  5.85%  66.5 7638s
 22063  8374 3170.70398   44  149 3363.59517 3166.71164  5.85%  66.5 7640s
 22070  8377 3166.71164   46  145 3363.59517 3166.71164  5.85%  66.5 7659s
 22072  8379 3202.95065   46  121 3363.59517 3166.71164  5.85%  66.5 7700s
 22074  8380 3166.71164   47  145 3363.59517 3166.71164  5.85%  66.5 7714s
 22076  8382 3342.60908   47   85 3363.59517 3166.71164  5.85%  66.5 7718s
 22079  8383 3202.29420   48  109 3363.59517 3166.71164  5.85%  66.5 7734s
 22081  8385 3166.71164   49  153 3363.59517 3166.71164  5.85%  66.5 7750s
 22083  8387 3204.50320   49  100 3363.59517 3166.71164  5.85%  66.5 7766s
 22086  8387 3185.85239   50  126 3363.59517 3166.71164  5.85%  66.5 7783s
 22089  8388 3199.14344   51   99 3363.59517 3166.71164  5.85%  66.6 7798s
 22091  8389 3199.26185   52   84 3363.59517 3166.71164  5.85%  66.6 7811s
 22094  8392 3199.67319   53  116 3363.59517 3166.71164  5.85%  66.6 7824s
 22098  8399 3201.94678   55   92 3363.59517 3166.71164  5.85%  66.6 7829s
 22108  8394     cutoff   57      3363.59517 3166.71164  5.85%  66.6 7831s
 22120  8391 3356.36918   61   71 3363.59517 3166.71164  5.85%  66.6 7836s
 22136  8382 infeasible   62      3363.59517 3166.71164  5.85%  66.6 7842s
 22144  8384 3180.45023   43  139 3363.59517 3166.71164  5.85%  66.7 7846s
 22151  8391 3180.54400   44  137 3363.59517 3166.71164  5.85%  66.7 7852s
 22158  8394 3190.38303   46  149 3363.59517 3166.71164  5.85%  66.7 7864s
 22163  8401 3190.49366   47  144 3363.59517 3166.71164  5.85%  66.8 7875s
 22173  8401 3353.01524   51   69 3363.59517 3166.71164  5.85%  66.8 7881s
 22180  8400 3348.43294   54   68 3363.59517 3166.71164  5.85%  66.8 7887s
 22196  8403 infeasible   61      3363.59517 3166.71164  5.85%  66.8 7893s
 22211  8409 3180.97272   44  110 3363.59517 3166.71164  5.85%  66.9 7899s
 22225  8415 3339.03039   47   64 3363.59517 3166.71164  5.85%  66.9 7909s
 22243  8419 3166.71164   53  125 3363.59517 3166.71164  5.85%  66.9 7914s
 22255  8428 3268.36991   53   90 3363.59517 3166.71164  5.85%  66.9 7921s
 22268  8427 3166.71164   54  125 3363.59517 3166.71164  5.85%  66.9 7929s
 22279  8440 3171.99317   54  129 3363.59517 3166.71164  5.85%  66.9 7936s
 22295  8447 3289.03881   57   92 3363.59517 3166.71164  5.85%  66.9 7943s
 22320  8446 3307.88918   63  108 3363.59517 3166.71164  5.85%  66.9 7952s
 22347  8444 3184.16914   48  113 3363.59517 3166.71164  5.85%  67.0 7958s
 22362  8460 3298.89700   50  100 3363.59517 3166.71164  5.85%  67.0 7968s
 22394  8466 3341.15440   60   86 3363.59517 3166.71164  5.85%  67.0 7976s
 22421  8464 3167.83488   56  125 3363.59517 3166.71164  5.85%  67.0 7986s
 22443  8479 3221.80038   59  116 3363.59517 3166.71164  5.85%  67.0 7993s
 22479  8482 3344.44524   70   63 3363.59517 3166.71164  5.85%  67.0 8001s
 22500  8494 3320.35210   58  103 3363.59517 3166.71164  5.85%  67.0 8006s
 22527  8502 3291.68237   59   90 3363.59517 3166.71164  5.85%  67.0 8016s
 22565  8499 3350.97371   65   66 3363.59517 3166.71164  5.85%  67.2 8024s
 22582  8513 3248.81057   56  132 3363.59517 3166.71164  5.85%  67.2 8029s
 22607  8521 3295.43816   65  100 3363.59517 3166.71164  5.85%  67.2 8036s
 22627  8529 3311.89595   71   96 3363.59517 3166.71164  5.85%  67.2 8044s
 22656  8525 infeasible   75      3363.59517 3166.71164  5.85%  67.2 8054s
 22672  8549 3193.29874   45  172 3363.59517 3166.71164  5.85%  67.3 8069s
 22715  8551 infeasible   53      3363.59517 3166.71164  5.85%  67.3 8078s
 22744  8558 3169.74106   54  137 3363.59517 3166.71164  5.85%  67.3 8083s
 22766  8574 3271.97675   59  110 3363.59517 3166.71164  5.85%  67.2 8093s
 22803  8593 3166.71164   50  162 3363.59517 3166.71164  5.85%  67.2 8100s
 22838  8602 3213.07745   59  108 3363.59517 3166.71164  5.85%  67.2 8110s
 22879  8622 3182.97586   49  169 3363.59517 3166.71164  5.85%  67.3 8121s
 22926  8617 3252.83370   59   63 3363.59517 3166.71164  5.85%  67.3 8133s
 22965  8658 3194.79940   48  102 3363.59517 3166.71164  5.85%  67.3 8147s
 23035  8681 3334.01363   72   52 3363.59517 3166.71164  5.85%  67.3 8166s
 23134  8680 3166.71164   61  151 3363.59517 3166.71164  5.85%  67.1 8181s
 23205  8690 3209.14275   43  245 3363.59517 3166.71164  5.85%  67.1 8199s
 23249  8714 3218.37574   53  211 3363.59517 3166.71164  5.85%  67.1 8212s
 23310  8749 3253.45679   61  140 3363.59517 3166.71164  5.85%  67.1 8235s
 23398  8747 3327.86327   80   81 3363.59517 3166.71164  5.85%  67.1 8254s
 23466  8788 3296.96750   57  110 3363.59517 3166.71164  5.85%  67.1 8268s
 23552  8822 3355.43868   66   94 3363.59517 3166.71164  5.85%  67.1 8286s
 23665  8827 3351.37699   64   80 3363.59517 3166.71164  5.85%  67.1 8306s
 23801  8821 3349.33987   53   91 3363.59517 3166.71164  5.85%  67.0 8324s
 23925  8832 3362.93577   54  100 3363.59517 3169.50362  5.77%  67.0 8346s
 24039  8839 3311.47091   61  128 3363.59517 3169.88143  5.76%  67.0 8367s
 24170  8858 3173.78833   49  119 3363.59517 3170.12551  5.75%  66.8 8385s
 24299  8891 3172.26915   52  154 3363.59517 3171.08422  5.72%  66.8 8409s
 24422  8887 infeasible   74      3363.59517 3172.19428  5.69%  66.8 8430s
 24521  8939 3314.59333   62   60 3363.59517 3173.65420  5.65%  66.9 8453s
 24711  9046 3337.02828   63   91 3363.59517 3173.93029  5.64%  66.6 8493s
 25018  9129 infeasible   70      3363.59517 3175.85626  5.58%  66.5 8532s
 25358  9298 3224.43085   61  134 3363.59517 3177.05158  5.55%  66.3 8582s
 25820  9503 3178.44793   49  148 3363.59517 3177.59951  5.53%  65.8 8627s
 26296  9566 3353.67177   58   73 3363.59517 3178.50292  5.50%  65.4 8666s
 26625  9609 3209.57426   46  130 3363.59517 3180.54472  5.44%  65.3 8702s
 26837  9709 3311.87584   61  108 3363.59517 3180.54472  5.44%  65.2 8744s
 27130  9771 3314.74528   60  131 3363.59517 3181.31411  5.42%  65.1 8795s
 27481  9778 3355.32479   62   67 3363.59517 3182.04436  5.40%  65.1 8832s
 27741  9906 3277.45730   49  138 3363.59517 3182.41264  5.39%  65.0 8883s
 28113 10059 3332.43345   55  176 3363.59517 3182.99483  5.37%  64.7 8934s
 28606 10079 3357.57190   63   82 3363.59517 3184.39681  5.33%  64.6 8973s
 28906 10354 3188.99544   48  161 3363.59517 3188.70150  5.20%  64.8 9029s
 29471 10294 3332.94488   76   84 3363.59517 3189.31490  5.18%  64.5 9172s
 29912 10247 infeasible   69      3363.59517 3190.10036  5.16%  64.5 9205s
 30201 10161 3334.69699   57   74 3363.59517 3190.36027  5.15%  64.7 9223s
 30345 10174 3334.20428   56   94 3363.59517 3190.36538  5.15%  64.9 9249s
 30487 10170 3355.61426   70   64 3363.59517 3190.51828  5.15%  64.9 9274s
 30667 10179 3195.44736   64   92 3363.59517 3190.64127  5.14%  64.9 9299s
 30826 10177 3350.77259   72   84 3363.59517 3190.85737  5.14%  65.0 9322s
 30966 10245 3257.76928   49   60 3363.59517 3191.11612  5.13%  65.0 9363s
 31305 10210 3338.87323   50   71 3363.59517 3192.47516  5.09%  64.9 9393s
 31530 10232     cutoff   64      3363.59517 3192.93278  5.07%  64.8 9421s
 31760 10224 3195.81884   51  195 3363.59517 3193.33165  5.06%  64.6 9442s
 31896 10238 3257.73197   52  128 3363.59517 3193.74899  5.05%  64.6 9463s
 32003 10298 infeasible   58      3363.59517 3193.79900  5.05%  64.6 9496s
 32194 10295     cutoff   68      3363.59517 3193.79900  5.05%  64.5 9524s
 32367 10283 3340.55383   66   82 3363.59517 3194.31653  5.03%  64.5 9544s
 32498 10368 3283.10507   57  159 3363.59517 3194.49378  5.03%  64.5 9579s
 32814 10289 3284.43085   83   72 3363.59517 3194.84502  5.02%  64.5 9605s
 32997 10298 3359.45560   74   69 3363.59517 3194.90131  5.02%  64.6 9630s
 33225 10333 3203.69067   66  104 3363.59517 3195.05979  5.01%  64.7 9655s
 33448 10330 3298.62203   57   94 3363.59517 3195.17836  5.01%  64.6 9681s
 33694 10317     cutoff   65      3363.59517 3195.44736  5.00%  64.7 9702s
 33878 10383 3353.65330   62   70 3363.59517 3195.63708  4.99%  64.7 9728s
 34186 10375 3348.49847   70   83 3363.59517 3195.75370  4.99%  64.7 9754s
 34382 10482 3346.21239   63   67 3363.59517 3195.92211  4.98%  64.7 9780s
 34668 10446 infeasible  105      3363.59517 3195.97603  4.98%  64.6 9800s
 34810 10608 3353.58434   66   73 3363.59517 3196.12311  4.98%  64.6 9832s
 35219 10511 3260.80443   51   97 3363.59517 3196.62671  4.96%  64.4 9848s
 35296 10629 3219.31422   64  141 3363.59517 3196.79594  4.96%  64.4 9877s
 35577 10582 3340.70330   54  134 3363.59517 3197.59335  4.94%  64.3 9907s
 35744 10593 3362.20026   66  168 3363.59517 3198.08368  4.92%  64.2 9935s
 35944 10580 infeasible   61      3363.59517 3198.46950  4.91%  64.3 9965s
 36118 10609 infeasible   63      3363.59517 3199.55872  4.88%  64.2 9999s
 36330 10623 3314.24129   48  123 3363.59517 3200.91629  4.84%  64.2 10029s
 36499 10613 3295.14100   49  119 3363.59517 3201.91769  4.81%  64.1 10060s
 36606 10595 3279.41522   57  137 3363.59517 3202.04164  4.80%  64.1 10080s
 36659 10611     cutoff   61      3363.59517 3202.08659  4.80%  64.1 10103s
 36762 10728 3263.36446   63  142 3363.59517 3202.40190  4.79%  64.2 10244s
 37222 10642 3361.10082   60   87 3363.59517 3203.27990  4.77%  64.2 10259s
 37359 10646     cutoff   64      3363.59517 3203.47806  4.76%  64.2 10291s
 37666 10573 infeasible   67      3363.59517 3204.70062  4.72%  64.1 10312s
 37779 10596 infeasible   72      3363.59517 3205.33333  4.71%  64.1 10340s
 38023 10566     cutoff   73      3363.59517 3206.37501  4.67%  64.1 10364s
 38160 10614 3212.52571   44  327 3363.59517 3207.20235  4.65%  64.1 10390s
 38313 10631 3291.40449   83  126 3363.59517 3207.32620  4.65%  64.1 10414s
 38481 10637 3216.59100   52  113 3363.59517 3209.00193  4.60%  64.0 10435s
 38570 10616 3212.68915   47  193 3363.59517 3209.00193  4.60%  64.1 10454s
 38599 10667 3229.78408   48  189 3363.59517 3209.00193  4.60%  64.1 10486s
 38736 10662 3217.04128   57  149 3363.59517 3209.74768  4.57%  64.0 10512s
 38822 10667 3241.29100   54   72 3363.59517 3209.93735  4.57%  64.1 10552s
 38915 10689 3214.85997   55  236 3363.59517 3210.13429  4.56%  64.1 10578s
 38980 10720 3307.89544   73   87 3363.59517 3210.13429  4.56%  64.1 10609s
 39090 10765 3214.95388   49  207 3363.59517 3210.31898  4.56%  64.2 10649s
 39254 10791 infeasible   58      3363.59517 3210.65606  4.55%  64.2 10692s
 39405 10819 infeasible   69      3363.59517 3210.70534  4.55%  64.2 10732s
 39530 10823 3255.72988   54   86 3363.59517 3210.79934  4.54%  64.2 10774s
 39629 10905 3217.33774   50  132 3363.59517 3211.02080  4.54%  64.2 10807s
 39853 10918 3303.44030   52  113 3363.59517 3211.46306  4.52%  64.1 10848s
 40044 10966 3220.45467   53  112 3363.59517 3211.75505  4.51%  64.0 10893s
 40228 10969 infeasible   82      3363.59517 3212.05174  4.51%  63.9 10933s
 40362 10950 3264.35249   45  245 3363.59517 3212.20080  4.50%  63.9 10963s
 40429 10997 infeasible   50      3363.59517 3212.37622  4.50%  64.1 10999s
 40578 11042 3298.09636   61   91 3363.59517 3212.55137  4.49%  64.2 11044s
 40753 11078 3260.79919   54   94 3363.59517 3212.71025  4.49%  64.1 11083s
 40914 11111 3280.47608   55  139 3363.59517 3212.78244  4.48%  64.1 11123s
 41107 11049 3324.10201   54  207 3363.59517 3212.93094  4.48%  64.2 11165s
 41238 11005 3324.10202  136  202 3363.59517 3212.93094  4.48%  64.1 11222s
 41441 10977 3347.15527  256  145 3363.59517 3213.16146  4.47%  63.8 11259s
 41582 11066 3225.59200   51  127 3363.59517 3213.16146  4.47%  63.9 11330s
 41886 11045 3213.52701   56  100 3363.59517 3213.47194  4.46%  63.7 11377s
 42044 11272 infeasible   79      3363.59517 3213.52717  4.46%  63.7 11450s
 42487 11170 3298.01653   78  102 3363.59517 3213.74660  4.46%  63.5 11489s
 42614 11298 3294.80413   57   87 3363.59517 3213.78773  4.45%  63.5 11542s
 42941 11226 3256.48683   56  160 3363.59517 3214.02346  4.45%  63.6 11574s
 43007 11309 3326.08733   65   72 3363.59517 3214.03361  4.45%  63.7 11606s
 43199 11301 infeasible   52      3363.59517 3214.08504  4.44%  63.6 11641s
 43301 11395 3274.93603   73  103 3363.59517 3214.17271  4.44%  63.7 11687s
 43615 11340 3215.98264   54   91 3363.59517 3214.24351  4.44%  63.6 11716s
 43704 11486 3274.77830   62  125 3363.59517 3214.26654  4.44%  63.6 11768s
 44028 11415 3282.04058   80   66 3363.59517 3214.36922  4.44%  63.5 11882s
 44086 11847 3315.22047   95   51 3363.59517 3214.40256  4.44%  63.5 12065s
 44939 11687 3257.75100   58  138 3363.59517 3214.61906  4.43%  63.6 12120s
 45203 11799 3237.86272   58   84 3363.59517 3214.65181  4.43%  63.5 12181s
 45535 11751 3352.55277   92  103 3363.59517 3214.78907  4.42%  63.4 12218s
 45659 11893 3312.67186   65   53 3363.59517 3214.82620  4.42%  63.4 12259s
 45933 11979 3358.60489   85   70 3363.59517 3214.88026  4.42%  63.3 12306s
 46220 12078 infeasible   75      3363.59517 3214.97159  4.42%  63.4 12352s
 46500 12125 3227.22353   55  136 3363.59517 3215.03262  4.42%  63.3 12396s
 46737 12177 3314.00595   79   41 3363.59517 3215.03262  4.42%  63.3 12439s
 46972 12182     cutoff   75      3363.59517 3215.08625  4.42%  63.2 12471s
 47128 12185 3253.29278   63  206 3363.59517 3215.15757  4.41%  63.2 12494s
 47218 12232 3293.85126   69  113 3363.59517 3215.17997  4.41%  63.2 12523s
 47310 12383 3216.82100   67  129 3363.59517 3215.19022  4.41%  63.3 12565s
 47582 12523 3217.13607   62  185 3363.59517 3215.28660  4.41%  63.3 12609s
 47848 12689     cutoff   77      3363.59517 3215.36471  4.41%  63.2 12662s
 48132 12799 3358.36952   77   97 3363.59517 3215.49217  4.40%  63.1 12696s
 48339 12900 3334.88250   66   91 3363.59517 3215.58377  4.40%  63.1 12740s
 48565 12994     cutoff   58      3363.59517 3215.67567  4.40%  63.1 12780s
 48730 13153 3248.26873   54  159 3363.59517 3215.74788  4.40%  63.1 12828s
 49017 13235 3270.16798   66  215 3363.59517 3215.80396  4.39%  63.1 12871s
 49180 13435 3353.86509   68   91 3363.59517 3215.98264  4.39%  63.1 12934s
 49511 13550 3347.52960   63   88 3363.59517 3216.06780  4.39%  63.0 12983s
 49734 13671     cutoff   81      3363.59517 3216.16344  4.38%  63.0 13026s
 49990 13763 3312.33844   74   98 3363.59517 3216.28691  4.38%  63.0 13065s
 50198 13968 3236.95868   62  130 3363.59517 3216.32418  4.38%  63.0 13122s
 50535 14054 infeasible   69      3363.59517 3216.42527  4.38%  62.8 13161s
 50700 14171 3353.96074   79   78 3363.59517 3216.43504  4.38%  62.8 13200s
 50901 14275 3316.71058   87   69 3363.59517 3216.48776  4.37%  62.8 13245s
 51152 14440 3322.44939   74   73 3363.59517 3216.52016  4.37%  62.8 13294s
 51481 14563 3343.59179   80   84 3363.59517 3216.70734  4.37%  62.7 13421s
 51749 14661 3277.36166   67   75 3363.59517 3216.80092  4.36%  62.7 13461s
 51960 14758 3263.43233   71  114 3363.59517 3216.82104  4.36%  62.7 13504s
 52150 14832 infeasible   85      3363.59517 3216.91978  4.36%  62.7 13541s
 52371 14998 3260.20692   65  126 3363.59517 3217.02761  4.36%  62.7 13583s
 52640 15090     cutoff   69      3363.59517 3217.08943  4.36%  62.7 13617s
 52823 15258 3220.35920   54  147 3363.59517 3217.17342  4.35%  62.7 13651s
 53096 15369 3330.52007   86   43 3363.59517 3217.22222  4.35%  62.7 13689s
 53353 15501 3316.06997   62   95 3363.59517 3217.39137  4.35%  62.6 13725s
 53595 15596 3217.45703   71   96 3363.59517 3217.45703  4.34%  62.5 13755s
 53762 15696 3352.64814   62   71 3363.59517 3217.50361  4.34%  62.5 13795s
 53975 15706 3258.41268   72   64 3363.59517 3217.58155  4.34%  62.5 13800s

Cutting planes:
  Gomory: 14
  Lift-and-project: 47
  Cover: 131
  Implied bound: 263
  Projected implied bound: 7
  Clique: 15
  MIR: 219
  Mixing: 1
  StrongCG: 49
  Flow cover: 184
  GUB cover: 97
  Inf proof: 11
  Zero half: 24
  Mod-K: 1
  RLT: 20
  Relax-and-lift: 22
  BQP: 1

Explored 53987 nodes (3387599 simplex iterations) in 13800.70 seconds (1151.53 work units)
Thread count was 2 (of 46 available processors)

Solution count 10: 3363.6 3368.59 3369.13 ... 3373.22

Time limit reached
Best objective 3.363595172562e+03, best bound 3.217599360979e+03, gap 4.3405%
