
Gurobi 13.0.2 (linux64) logging started Fri Aug 14 16:21:34 2026

Set parameter LogFile to value "/home/23037696r/Documents/research/or_benchmark/wp/results/inactive_0.3/j40/logs/gurobi/j400703_3.log"
Set parameter NumericFocus to value 1
Gurobi Optimizer version 13.0.2 build v13.0.2rc1 (linux64 - "Ubuntu 22.04.3 LTS")

CPU model: Intel Xeon Processor (Cascadelake), instruction set [SSE2|AVX|AVX2|AVX512]
Thread count: 46 physical cores, 46 logical processors, using up to 2 threads

Non-default parameters:
TimeLimit  13800
MIPGap  1e-06
NumericFocus  1
Threads  2

Optimize a model with 44221 rows, 21434 columns and 157860 nonzeros (Min)
Model fingerprint: 0x942fb168
Model has 13444 linear objective coefficients and an objective constant of 1126.57426739646
Variable types: 4872 continuous, 16562 integer (16366 binary)
Coefficient statistics:
  Matrix range     [1e+00, 2e+02]
  Objective range  [1e-02, 1e+03]
  Bounds range     [1e+00, 2e+02]
  RHS range        [1e+00, 2e+02]

Presolve removed 18689 rows and 6666 columns (presolve time = 5s)...
Presolve removed 30373 rows and 8386 columns (presolve time = 10s)...
Presolve removed 30373 rows and 10212 columns (presolve time = 16s)...
Presolve removed 31878 rows and 11521 columns (presolve time = 20s)...
Presolve removed 31888 rows and 11519 columns
Presolve time: 22.36s
Presolved: 12333 rows, 9915 columns, 92204 nonzeros
Variable types: 0 continuous, 9915 integer (6654 binary)
Found heuristic solution: objective 4150.1540171

Root simplex log...

Iteration    Objective       Primal Inf.    Dual Inf.      Time
       0    1.4265743e+03   5.033750e+02   0.000000e+00     24s
    1470    2.0662104e+03   1.428635e+04   0.000000e+00     25s
    4082    2.6514704e+03   0.000000e+00   0.000000e+00     28s

Root relaxation: objective 2.651470e+03, 4082 iterations, 4.24 seconds (0.47 work units)

    Nodes    |    Current Node    |     Objective Bounds      |     Work
 Expl Unexpl |  Obj  Depth IntInf | Incumbent    BestBd   Gap | It/Node Time

     0     0 2651.47037    0   88 4150.15402 2651.47037  36.1%     -   29s
     0     0 2653.97578    0  143 4150.15402 2653.97578  36.1%     -   30s
H    0     0                    2976.0676683 2653.97578  10.8%     -   31s
H    0     0                    2972.9230727 2653.97578  10.7%     -   31s
     0     0 2659.34510    0  143 2972.92307 2659.34510  10.5%     -   34s
     0     0 2659.36550    0  143 2972.92307 2659.36550  10.5%     -   35s
     0     0 2661.92015    0  381 2972.92307 2661.92015  10.5%     -   41s
     0     0 2661.97183    0  238 2972.92307 2661.97183  10.5%     -   42s
H    0     0                    2970.5978037 2661.97247  10.4%     -   43s
     0     0 2662.65384    0  409 2970.59780 2662.65384  10.4%     -   45s
     0     0 2662.65392    0  413 2970.59780 2662.65392  10.4%     -   45s
     0     0 2662.69925    0  252 2970.59780 2662.69925  10.4%     -   46s
     0     0 2662.70849    0  249 2970.59780 2662.70849  10.4%     -   47s
     0     0 2662.70849    0  252 2970.59780 2662.70849  10.4%     -   48s
     0     0 2667.37892    0  236 2970.59780 2667.37892  10.2%     -   51s
H    0     0                    2970.2348860 2667.37901  10.2%     -   52s
     0     0 2667.39830    0  237 2970.23489 2667.39830  10.2%     -   52s
     0     0 2667.39989    0  242 2970.23489 2667.39989  10.2%     -   53s
     0     0 2670.87192    0  252 2970.23489 2670.87192  10.1%     -   56s
     0     0 2671.22375    0  258 2970.23489 2671.22375  10.1%     -   57s
     0     0 2671.24608    0  268 2970.23489 2671.24608  10.1%     -   58s
     0     0 2671.25345    0  270 2970.23489 2671.25345  10.1%     -   59s
     0     0 2671.25345    0  272 2970.23489 2671.25345  10.1%     -   59s
     0     0 2672.34510    0  264 2970.23489 2672.34510  10.0%     -   62s
     0     0 2672.37262    0  266 2970.23489 2672.37262  10.0%     -   63s
     0     0 2672.37274    0  268 2970.23489 2672.37274  10.0%     -   64s
     0     0 2673.26126    0  279 2970.23489 2673.26126  10.0%     -   66s
H    0     0                    2962.5195281 2673.26140  9.76%     -   68s
H    0     0                    2961.6810424 2673.26140  9.74%     -   68s
     0     0 2673.50128    0  275 2961.68104 2673.50128  9.73%     -   69s
     0     0 2673.53439    0  280 2961.68104 2673.53439  9.73%     -   70s
     0     0 2673.53448    0  280 2961.68104 2673.53448  9.73%     -   71s
     0     0 2675.25675    0  259 2961.68104 2675.25675  9.67%     -   73s
     0     0 2675.43478    0  273 2961.68104 2675.43478  9.66%     -   75s
     0     0 2675.50197    0  275 2961.68104 2675.50197  9.66%     -   76s
     0     0 2675.50438    0  283 2961.68104 2675.50438  9.66%     -   77s
     0     0 2675.58587    0  310 2961.68104 2675.58587  9.66%     -   79s
     0     0 2675.64269    0  287 2961.68104 2675.64269  9.66%     -   81s
     0     0 2675.64269    0  286 2961.68104 2675.64269  9.66%     -   82s
     0     0 2675.82420    0  484 2961.68104 2675.82420  9.65%     -   85s
     0     0 2675.83020    0  480 2961.68104 2675.83020  9.65%     -   85s
     0     0 2675.86851    0  481 2961.68104 2675.86851  9.65%     -   87s
     0     0 2675.86851    0  485 2961.68104 2675.86851  9.65%     -   88s
     0     0 2675.94079    0  306 2961.68104 2675.94079  9.65%     -   90s
     0     0 2675.97634    0  299 2961.68104 2675.97634  9.65%     -   92s
     0     0 2675.97919    0  308 2961.68104 2675.97919  9.65%     -   93s
     0     0 2676.01270    0  328 2961.68104 2676.01270  9.65%     -   95s
     0     0 2676.01721    0  328 2961.68104 2676.01721  9.65%     -   96s
     0     0 2676.06664    0  329 2961.68104 2676.06664  9.64%     -   98s
     0     0 2676.08798    0  335 2961.68104 2676.08798  9.64%     -   99s
     0     0 2676.73407    0  497 2961.68104 2676.73407  9.62%     -  103s
     0     0 2677.00243    0  309 2961.68104 2677.00243  9.61%     -  105s
     0     0 2677.02861    0  296 2961.68104 2677.02861  9.61%     -  107s
     0     0 2677.05538    0  306 2961.68104 2677.05538  9.61%     -  108s
     0     0 2677.06098    0  314 2961.68104 2677.06098  9.61%     -  109s
     0     0 2677.06098    0  312 2961.68104 2677.06098  9.61%     -  110s
     0     0 2677.25830    0  315 2961.68104 2677.25830  9.60%     -  112s
     0     0 2677.28236    0  322 2961.68104 2677.28236  9.60%     -  114s
     0     0 2677.28253    0  324 2961.68104 2677.28253  9.60%     -  114s
     0     0 2677.29763    0  321 2961.68104 2677.29763  9.60%     -  117s
     0     0 2677.36401    0  349 2961.68104 2677.36401  9.60%     -  118s
     0     0 2677.36401    0  354 2961.68104 2677.36401  9.60%     -  119s
     0     0 2678.05007    0  316 2961.68104 2678.05007  9.58%     -  122s
     0     0 2678.19350    0  322 2961.68104 2678.19350  9.57%     -  124s
     0     0 2678.19705    0  319 2961.68104 2678.19705  9.57%     -  125s
     0     0 2678.31860    0  326 2961.68104 2678.31860  9.57%     -  128s
     0     0 2678.79241    0  323 2961.68104 2678.79241  9.55%     -  130s
     0     0 2678.85947    0  320 2961.68104 2678.85947  9.55%     -  131s
     0     0 2678.86453    0  322 2961.68104 2678.86453  9.55%     -  132s
     0     0 2679.07348    0  325 2961.68104 2679.07348  9.54%     -  135s
     0     0 2679.13786    0  323 2961.68104 2679.13786  9.54%     -  137s
     0     0 2679.13786    0  322 2961.68104 2679.13786  9.54%     -  138s
     0     0 2679.14598    0  326 2961.68104 2679.14598  9.54%     -  140s
     0     0 2679.15392    0  331 2961.68104 2679.15392  9.54%     -  142s
     0     0 2679.15392    0  322 2961.68104 2679.15392  9.54%     -  143s
     0     0 2679.15445    0  330 2961.68104 2679.15445  9.54%     -  146s
     0     0 2679.16686    0  334 2961.68104 2679.16686  9.54%     -  147s
     0     0 2679.17597    0  349 2961.68104 2679.17597  9.54%     -  150s
     0     0 2679.18379    0  349 2961.68104 2679.18379  9.54%     -  152s
     0     0 2679.18379    0  339 2961.68104 2679.18379  9.54%     -  154s
     0     2 2679.64872    0  339 2961.68104 2679.64872  9.52%     -  158s
     1     4 2679.64872    1  339 2961.68104 2679.64872  9.52%   3.0  160s
     5    13 2679.64872    3  343 2961.68104 2679.64872  9.52%  77.8  165s
    18    23 2679.64872    6  338 2961.68104 2679.64872  9.52%  63.8  171s
    24    27 2679.64872    7  342 2961.68104 2679.64872  9.52%  65.4  175s
    26    40 2679.64872    8  341 2961.68104 2679.64872  9.52%  62.5  180s
    41    44 2679.64872   10  322 2961.68104 2679.64872  9.52%  67.8  185s
    50    55 2709.70351   13  142 2961.68104 2679.64872  9.52%   163  194s
    58    61 2709.88352   14  135 2961.68104 2679.64872  9.52%   168  198s
    64    71 2709.70376   14  141 2961.68104 2679.64872  9.52%   164  203s
    74    76 2710.32844   19  105 2961.68104 2679.64872  9.52%   172  206s
    80    84 2710.32919   20  105 2961.68104 2679.64872  9.52%   169  212s
    88    90 2710.76074   23  105 2961.68104 2679.64872  9.52%   189  217s
   102    92 2710.76829   24   99 2961.68104 2679.64872  9.52%   184  221s
   104    96 2712.69378   25  312 2961.68104 2679.64872  9.52%   208  228s
   108   100 2725.69140   26  214 2961.68104 2679.64872  9.52%   237  232s
   112   130 infeasible   27      2961.68104 2679.64872  9.52%   254  241s
   150   153 2823.94825   49  156 2961.68104 2679.64872  9.52%   224  248s
   181   177 2826.08961   67  156 2961.68104 2679.64872  9.52%   201  256s
   215   180 2828.07946   86   96 2961.68104 2679.64872  9.52%   181  260s
   218   210 2828.11334   88   95 2961.68104 2679.64872  9.52%   186  267s
   250   248 2828.18931  116  113 2961.68104 2679.64872  9.52%   168  272s
   288   277 2828.23499  146  105 2961.68104 2679.64872  9.52%   151  279s
   323   293 2709.96062    3  190 2961.68104 2679.64872  9.52%   145  285s
   345   325 2761.78269    5  142 2961.68104 2679.64872  9.52%   146  293s
   375   327 2761.78399    6  144 2961.68104 2679.64872  9.52%   134  295s
   377   337 2762.06501    7  187 2961.68104 2679.64872  9.52%   134  300s
   387   347 infeasible   15      2961.68104 2679.64872  9.52%   132  306s
   409   350 2709.77714   10  102 2961.68104 2679.64872  9.52%   133  310s
   412   366 2713.64572   11  359 2961.68104 2679.64872  9.52%   136  320s
   440   386 2712.02278   15   75 2961.68104 2679.64872  9.52%   131  329s
   471   389 2733.01195   34   86 2961.68104 2679.64872  9.52%   128  336s
   484   401 2710.14476   10  117 2961.68104 2679.64872  9.52%   130  345s
   508   401 2716.27756   16  302 2961.68104 2679.64872  9.52%   130  351s
   534   424 2771.03949   18  243 2961.68104 2679.64872  9.52%   133  358s
   559   469 2869.88049   25  137 2961.68104 2679.64872  9.52%   130  369s
   640   518 2686.86527   13  198 2961.68104 2679.64872  9.52%   118  377s
   704   536 2781.71391   51   77 2961.68104 2679.64872  9.52%   112  385s
   731   542 2684.04679    7  485 2961.68104 2679.64872  9.52%   114  393s
   747   566 2732.82341   11  155 2961.68104 2679.64872  9.52%   117  405s
   791   569 2901.22405   37  130 2961.68104 2679.64872  9.52%   115  414s
   810   576 2683.94726    7  486 2961.68104 2679.64872  9.52%   118  423s
   827   610 2734.46587   11  133 2961.68104 2679.64872  9.52%   122  434s
   882   652 2710.03473   12  316 2961.68104 2679.64872  9.52%   119  450s
   935   653 2832.44115   49  339 2961.68104 2679.64872  9.52%   117  535s
   937   654 2792.60648   18  124 2961.68104 2679.64872  9.52%   116  563s
   938   655 2680.08229    3  360 2961.68104 2679.64872  9.52%   116  587s
   939   656 2821.96156   48  411 2961.68104 2679.64872  9.52%   116  595s
   940   656 2942.42136   68  500 2961.68104 2679.64872  9.52%   116  606s
   941   657 2870.42083   35  530 2961.68104 2679.64872  9.52%   116  612s
   942   658 2689.89706   18  523 2961.68104 2679.64872  9.52%   116  615s
   944   659 2709.70376   15  542 2961.68104 2679.64872  9.52%   115  622s
   945   660 2869.50987   42  536 2961.68104 2679.64872  9.52%   115  626s
   946   660 2779.98719   23  533 2961.68104 2679.67321  9.52%   115  632s
   947   661 2770.80892   60  547 2961.68104 2679.95033  9.51%   115  637s
   948   662 2779.66751   31  551 2961.68104 2680.07482  9.51%   115  641s
   950   663 2771.88293   82  338 2961.68104 2680.09669  9.51%   115  645s
   951   664 2764.53540   14  338 2961.68104 2680.09670  9.51%   115  650s
   952   664 2828.27839   99  548 2961.68104 2684.02723  9.37%   114  668s
   953   665 2828.19418   95  339 2961.68104 2684.40860  9.36%   114  672s
   954   666 2896.13802   42  340 2961.68104 2684.53437  9.36%   114  676s
   956   667 2788.17412   52  341 2961.68104 2684.60094  9.36%   114  681s
   957   668 2771.88293   82  340 2961.68104 2684.60463  9.36%   114  685s
   958   668 2869.88145   26  349 2961.68104 2684.60510  9.36%   114  690s
   959   669 2829.11417  152  314 2961.68104 2686.71734  9.28%   114  703s
   960   670 2868.32075   40  333 2961.68104 2686.86210  9.28%   113  706s
   962   671 2737.57240   26  356 2961.68104 2686.93512  9.28%   113  711s
   963   672 2766.16199   21  360 2961.68104 2686.93612  9.28%   113  716s
   964   672 2828.93628  147  361 2961.68104 2687.56097  9.26%   113  730s
   966   674 2828.32957  134  365 2961.68104 2687.71819  9.25%   113  738s
   967   674 2828.24610  114  357 2961.68104 2687.73626  9.25%   113  741s
   968   675 2750.76081   26  360 2961.68104 2687.73657  9.25%   113  747s
   969   676 2779.63064   23  629 2961.68104 2688.20650  9.23%   112  769s
   970   676 2829.11417  152  646 2961.68104 2688.20650  9.23%   112  774s
   971   677 2766.15755   19  388 2961.68104 2688.20650  9.23%   112  778s
   972   678 2764.36461   10  387 2961.68104 2688.20650  9.23%   112  781s
   973   678 2779.62285   25  386 2961.68104 2688.20650  9.23%   112  787s
   974   679 2766.19212   22  656 2961.68104 2688.36748  9.23%   112  802s
   975   680 2870.87860   38  653 2961.68104 2688.36748  9.23%   112  806s
   976   680 2770.41666   52  666 2961.68104 2688.36748  9.23%   112  810s
   977   681 2870.87860   38  665 2961.68104 2688.36748  9.23%   112  818s
   978   682 2692.64554   18  387 2961.68104 2688.36748  9.23%   111  835s
   980   683 2868.11678   13  395 2961.68104 2688.36748  9.23%   111  842s
   981   684 2771.85462   77  398 2961.68104 2688.36748  9.23%   111  845s
   982   684 2785.99474   58  398 2961.68104 2688.36748  9.23%   111  850s
   983   685 2903.21235   51  651 2961.68104 2688.56390  9.22%   111  866s
   985   686 2770.80892   60  668 2961.68104 2688.56390  9.22%   111  872s
   986   687 2869.50987   42  656 2961.68104 2688.56390  9.22%   110  878s
   987   688 2781.46696   43  656 2961.68104 2688.74738  9.22%   110  889s
   988   688 2901.32621   37  656 2961.68104 2688.74738  9.22%   110  893s
   989   689 2825.39261   54  400 2961.68104 2688.86826  9.21%   110  903s
   990   690 2870.81322   46  397 2961.68104 2688.86826  9.21%   110  906s
   991   690 2827.06331   75  582 2961.68104 2688.86826  9.21%   110  910s
   992   691 2714.10047   30  592 2961.68104 2688.86826  9.21%   110  922s
   993   692 2865.57992   34  594 2961.68104 2688.86826  9.21%   110  928s
   994   692 2768.73211   20  594 2961.68104 2688.86826  9.21%   110  954s
   995   693 2792.84063   40  594 2961.68104 2688.86826  9.21%   109  958s
   996   694 2764.55511   13  594 2961.68104 2688.86826  9.21%   109  970s
   998   695 2766.43475   25  664 2961.68104 2688.86826  9.21%   109  980s
  1000   696 2688.86826   14  661 2961.68104 2688.86826  9.21%   109  989s
  1001   697 2920.44423   33  674 2961.68104 2688.86826  9.21%   109 1002s
  1002   698 2766.26700   23  671 2961.68104 2688.86826  9.21%   109 1005s
  1004   699 2817.12092   32  680 2961.68104 2688.86826  9.21%   109 1013s
  1005   700 2828.19026  117  685 2961.68104 2688.86826  9.21%   108 1026s
  1006   700 2870.42794   48  686 2961.68104 2688.86826  9.21%   108 1030s
  1007   701 2832.92829   10  688 2961.68104 2688.86826  9.21%   108 1037s
  1008   702 2919.02644   62  393 2961.68104 2689.05495  9.21%   108 1052s
  1009   702 2866.56458   69  662 2961.68104 2689.05495  9.21%   108 1056s
  1011   704 2786.15088   59  674 2961.68104 2689.05495  9.21%   108 1062s
  1012   704 2766.51613   29  671 2961.68104 2689.05495  9.21%   108 1066s
  1014   706 2771.24055   68  678 2961.68104 2689.05495  9.21%   107 1075s
  1015   706 2711.36363   15  402 2961.68104 2689.40269  9.19%   107 1086s
  1017   708 2764.36461   10  415 2961.68104 2689.40269  9.19%   107 1092s
  1019   709 2901.32621   37  418 2961.68104 2689.40269  9.19%   107 1098s
  1020   710 2828.30519  132  412 2961.68104 2689.40269  9.19%   107 1109s
  1021   710 2736.58675   29  422 2961.68104 2689.40269  9.19%   107 1112s
  1023   712 2826.66605   69  676 2961.68104 2689.40269  9.19%   106 1125s
  1024   712 2766.24911   26  677 2961.68104 2689.40269  9.19%   106 1130s
  1025   713 2867.54672   40  679 2961.68104 2689.42371  9.19%   106 1138s
  1026   714 2689.42371    6  680 2961.68104 2689.42371  9.19%   106 1141s
  1027   714 2710.32919   21  680 2961.68104 2689.42371  9.19%   106 1151s
  1028   715 2771.68441   90  681 2961.68104 2689.42371  9.19%   106 1157s
  1031   718 2828.67289  136  339 2961.68104 2689.42371  9.19%   149 1230s
  1033   719 2785.22147   21  117 2961.68104 2689.42371  9.19%   149 1255s
  1034   720 2716.89222   35  345 2961.68104 2689.42371  9.19%   148 1272s
  1035   721 2832.44115   49  503 2961.68104 2689.42371  9.19%   148 1281s
  1036   721 2869.50987   42  285 2961.68104 2689.42371  9.19%   148 1285s
  1038   723 2689.42371    3  536 2961.68104 2689.42371  9.19%   148 1295s
  1039   723 2821.96156   48  524 2961.68104 2689.42371  9.19%   148 1303s
  1040   724 2942.42136   68  312 2961.68104 2689.42371  9.19%   148 1309s
  1041   725 2870.42083   35  314 2961.68104 2689.42371  9.19%   147 1312s
  1042   725 2689.89706   18  330 2961.68104 2689.42371  9.19%   147 1315s
  1044   727 2709.70376   15  349 2961.68104 2689.42371  9.19%   147 1320s
  1046   728 2779.98719   23  360 2961.68104 2689.42371  9.19%   147 1325s
  1048   729 2779.66751   31  661 2961.68104 2689.42371  9.19%   146 1331s
  1050   731 2771.88293   82  386 2961.68104 2689.42371  9.19%   146 1336s
  1052   732 2828.27839   99  391 2961.68104 2689.42371  9.19%   146 1342s
  1053   733 2828.19418   95  689 2961.68104 2689.42371  9.19%   146 1345s
  1055   734 2714.65254   17  685 2961.68104 2689.42371  9.19%   146 1350s
  1056   735 2788.17412   52  690 2961.68104 2689.42371  9.19%   145 1356s
  1057   735 2771.88293   82  413 2961.68104 2689.42371  9.19%   145 1366s
  1059   737 2829.11417  152  633 2961.68104 2689.42371  9.19%   145 1372s
  1060   737 2868.32075   40  421 2961.68104 2689.42371  9.19%   145 1376s
  1061   738 2779.62149   26  660 2961.68104 2689.42371  9.19%   145 1386s
  1063   739 2766.16199   21  657 2961.68104 2689.42371  9.19%   144 1392s
  1064   740 2828.93628  147  656 2961.68104 2689.42371  9.19%   144 1395s
  1066   741 2828.32957  134  647 2961.68104 2689.42371  9.19%   144 1401s
  1067   742 2828.24610  114  654 2961.68104 2689.42371  9.19%   144 1406s
  1068   743 2750.76081   26  666 2961.68104 2689.42371  9.19%   144 1415s
  1069   743 2779.63064   23  662 2961.68104 2689.42371  9.19%   144 1421s
  1070   744 2829.11417  152  658 2961.68104 2689.42371  9.19%   143 1431s
  1071   745 2766.15755   19  659 2961.68104 2689.42371  9.19%   143 1438s
  1072   745 2764.36461   10  661 2961.68104 2689.82631  9.18%   143 1449s
  1073   746 2779.62285   25  656 2961.68104 2689.82631  9.18%   143 1454s
  1074   747 2766.19212   22  659 2961.68104 2689.82631  9.18%   143 1462s
  1075   747 2870.87860   38  659 2961.68104 2689.82631  9.18%   143 1466s
  1076   748 2770.41666   52  658 2961.68104 2689.82631  9.18%   143 1475s
  1078   749 2692.64554   18  658 2961.68104 2689.82631  9.18%   142 1486s
  1079   750 2689.82631   12  661 2961.68104 2689.82631  9.18%   142 1490s
  1080   751 2868.11678   13  659 2961.68104 2689.82631  9.18%   142 1498s
  1081   751 2771.85462   77  659 2961.68104 2689.82631  9.18%   142 1508s
  1082   752 2785.99474   58  659 2961.68104 2690.09623  9.17%   142 1529s
  1083   756 2690.09623   21  407 2961.68104 2690.09623  9.17%   167 1560s
  1085   757 2691.02557   22  652 2961.68104 2690.09623  9.17%   170 1572s
  1087   765 2702.78916   23  127 2961.68104 2690.09623  9.17%   171 1580s
  1107   770 2815.21955   28  130 2961.68104 2690.09623  9.17%   169 1587s
  1122   771 2867.67590   31   59 2961.68104 2690.09623  9.17%   168 1590s
  1127   768 2871.34466   32   58 2961.68104 2690.09623  9.17%   167 1603s
  1132   769 2883.51996   33   57 2961.68104 2691.17405  9.13%   168 1653s
  1135   771 2847.55925   35   43 2961.68104 2691.17405  9.13%   169 1705s
  1139   773 2848.42682   36   50 2961.68104 2691.17405  9.13%   169 1713s
  1142   776 2850.75680   37   27 2961.68104 2691.17405  9.13%   168 1721s
  1146   781 2927.03726   39   20 2961.68104 2691.17405  9.13%   168 1726s
  1154   777     cutoff   42      2961.68104 2691.67574  9.12%   167 1732s
  1161   776 infeasible   23      2961.68104 2691.67574  9.12%   168 1738s
  1164   778 2736.74199   24  115 2961.68104 2691.67574  9.12%   168 1740s
  1167   782 2791.60825   25   66 2961.68104 2691.67574  9.12%   168 1747s
  1172   784 2852.64736   27   81 2961.68104 2691.67574  9.12%   168 1751s
  1177   782 infeasible   29      2961.68104 2691.67574  9.12%   167 1760s
  1186   784 2916.19716   32   44 2961.68104 2695.79495  8.98%   167 1783s
  1199   783 2763.21413   24  160 2961.68104 2695.79495  8.98%   172 1798s
  1202   785 2736.94300   24  167 2961.68104 2695.79495  8.98%   173 1816s
  1205   792 2764.25148   25  165 2961.68104 2695.79495  8.98%   173 1828s
  1213   797 2763.21413   25  160 2961.68104 2695.79495  8.98%   172 1839s
  1225   794 2763.66103   26  153 2961.68104 2695.79495  8.98%   171 1856s
  1236   795 2764.19143   26  162 2961.68104 2717.44105  8.25%   171 1866s
  1242   803 2764.42442   27  168 2961.68104 2717.44105  8.25%   171 1884s
  1252   811 2768.13635   27  166 2961.68104 2717.44105  8.25%   172 1982s
  1268   822 2768.20138   28  166 2961.68104 2717.44105  8.25%   170 1995s
  1287   826 2777.56651   29  144 2961.68104 2717.44105  8.25%   168 2007s
  1312   826 2807.51862   33   82 2961.68104 2717.44105  8.25%   166 2023s
  1326   828 2853.92140   38   15 2961.68104 2717.44105  8.25%   165 2035s
  1333   830 2906.10274   41   53 2961.68104 2717.44105  8.25%   166 2046s
  1342   828 2908.66787   44   91 2961.68104 2720.56708  8.14%   166 2065s
  1355   835 2770.26188   25  165 2961.68104 2721.22796  8.12%   165 2078s
  1366   840 2772.67684   26  163 2961.68104 2721.22796  8.12%   165 2092s
  1376   862 2772.36573   26  141 2961.68104 2721.22796  8.12%   164 2109s
  1401   863 2775.66597   29  102 2961.68104 2721.22796  8.12%   162 2141s
  1428   866 2779.36999   31   92 2961.68104 2721.22796  8.12%   159 2157s
  1449   864 infeasible   38      2961.68104 2721.30225  8.12%   158 2172s
  1465   869 2809.48324   29   82 2961.68104 2721.30225  8.12%   157 2277s
  1476   881 2811.96189   32   50 2961.68104 2721.30225  8.12%   157 2290s
  1493   880 2824.03053   37   94 2961.68104 2721.30225  8.12%   156 2303s
  1501   878 infeasible   37      2961.68104 2721.30225  8.12%   156 2329s
  1520   884 infeasible   40      2961.68104 2722.29321  8.08%   155 2353s
  1573   887 2728.12662   30   96 2961.68104 2724.19023  8.02%   151 2370s
  1594   902 2858.45873   37   99 2961.68104 2725.58036  7.97%   150 2394s
  1639   901 2852.48469   30  131 2961.68104 2725.72470  7.97%   148 2420s
  1693   905 2849.62536   30   86 2961.68104 2726.63926  7.94%   146 2443s
  1742   891 infeasible   40      2961.68104 2726.92004  7.93%   143 2464s
  1764   911 2863.16165   32   76 2961.68104 2727.00050  7.92%   142 2493s
  1815   926 2823.37452   36  123 2961.68104 2727.17816  7.92%   139 2521s
  1864   921 2899.72482   33   87 2961.68104 2729.59044  7.84%   137 2554s
  1912   927 2735.05131   28  178 2961.68104 2730.22413  7.82%   135 2596s
  1952   924 2821.01236   32  106 2961.68104 2731.67340  7.77%   133 2634s
  1987   941 2792.15433   29  152 2961.68104 2731.76499  7.76%   132 2687s
  2019   965 2883.02214   43   58 2961.68104 2731.76499  7.76%   131 2738s
  2087   998 infeasible   40      2961.68104 2735.05187  7.65%   128 2791s
  2181   991 2936.24382   45   41 2961.68104 2735.10483  7.65%   125 2850s
  2267   986 2828.82870   28   68 2961.68104 2735.89033  7.62%   123 2924s
  2326   999 2745.71556   26  108 2961.68104 2737.14735  7.58%   121 2981s
  2383  1007 2794.54532   26  118 2961.68104 2739.72563  7.49%   120 3093s
  2465   987 2798.52919   29  105 2961.68104 2739.72563  7.49%   119 3169s
  2486  1071 2831.94274   29   75 2961.68104 2740.40284  7.47%   119 3230s
  2676  1077 2910.29267   38   52 2961.68104 2743.54758  7.37%   114 3268s
  2774  1136 2913.92679   51   34 2961.68104 2744.32426  7.34%   111 3318s
  2958  1108 2798.56057   29  105 2961.68104 2749.20358  7.17%   106 3353s
  3044  1184 2800.37607   29   90 2961.68104 2751.44345  7.10%   104 3419s
  3307  1178 2923.74701   37   51 2961.68104 2759.86802  6.81%  98.0 3523s
  3499  1180 2784.92668   28  101 2961.68104 2764.34895  6.66%  95.2 3605s
  3531  1216 2765.61814   29  179 2961.68104 2764.80843  6.65%  97.1 3678s
  3591  1238 2827.53117   33  284 2961.68104 2764.80843  6.65%  97.7 3738s
  3643  1251 2927.15270   38  259 2961.68104 2765.61814  6.62%   100 3797s
  3671  1268 infeasible   32      2961.68104 2765.94132  6.61%   102 3951s
  3712  1277 2820.16176   34  201 2961.68104 2768.20138  6.53%   103 4070s
  3729  1300 2824.85539   41  167 2961.68104 2768.20138  6.53%   104 4136s
  3812  1350 2939.36951   48   42 2961.68104 2771.01309  6.44%   104 4216s
  3990  1402 2853.82877   38  100 2961.68104 2772.78754  6.38%   103 4313s
  4206  1434 2824.97035   32  204 2961.68104 2776.23479  6.26%   100 4392s
  4317  1495 2827.38748   36  186 2961.68104 2776.39649  6.26%   100 4468s
  4400  1526 infeasible   40      2961.68104 2776.58367  6.25%   100 4552s
  4520  1565 2903.47614   42   89 2961.68104 2776.90570  6.24%  98.5 4633s
  4747  1624 2793.83830   32   82 2961.68104 2778.27653  6.19%  96.1 4760s
  4967  1672 2915.88591   39  110 2961.68104 2779.21378  6.16%  94.2 4883s
  5144  1723 2848.14308   36  161 2961.68104 2780.88123  6.10%  93.2 5037s
  5384  1769 2934.07150   42  142 2961.68104 2782.01668  6.07%  91.6 5179s
  5544  1848 2847.42015   31  111 2961.68104 2782.21351  6.06%  91.0 5330s
  5807  1913 infeasible   41      2961.68104 2782.47337  6.05%  90.5 5438s
  6009  2010 infeasible   41      2961.68104 2783.49941  6.02%  89.2 5593s
  6285  2101 2870.21480   45  124 2961.68104 2783.83815  6.00%  88.8 5735s
  6568  2197 2914.99301   35  180 2961.68104 2784.15950  5.99%  88.2 5881s
  6889  2234 infeasible   36      2961.68104 2784.71422  5.98%  87.1 6015s
  7070  2285 2868.15261   44  151 2961.68104 2785.14118  5.96%  86.5 6154s
  7311  2434 2878.57756   38  129 2961.68104 2785.53298  5.95%  85.8 6476s
  7702  2546 2904.91615   35  171 2961.68104 2786.65223  5.91%  84.1 6592s
  8034  2557 2933.69973   39  159 2961.68104 2787.21780  5.89%  83.1 6667s
  8207  2606 2823.57539   47  131 2961.68104 2787.84008  5.87%  83.1 6742s
  8396  2673 2897.13870   46  209 2961.68104 2787.96501  5.87%  82.3 6855s
  8719  2693 2831.36725   49   83 2961.68104 2789.04647  5.83%  81.6 6928s
  8869  2754 2880.56572   35   52 2961.68104 2789.35977  5.82%  81.6 7011s
  9075  2811 2849.95283   32  106 2961.68104 2790.43585  5.78%  80.7 7087s
  9204  2866 2798.62081   41   88 2961.68104 2790.59414  5.78%  80.2 7160s
  9403  2942 2859.48178   40   35 2961.68104 2791.88809  5.73%  79.8 7248s
  9596  3035 2794.85770   37   85 2961.68104 2792.43584  5.71%  79.1 7338s
  9940  3075 2797.71077   30   88 2961.68104 2793.07776  5.69%  77.8 7416s
 10076  3141 2869.52482   37  112 2961.68104 2793.44553  5.68%  77.8 7489s
 10256  3202 2828.04311   39   49 2961.68104 2793.71929  5.67%  77.4 7578s
 10483  3256 2851.46315   39  118 2961.68104 2793.86491  5.67%  76.9 7655s
 10610  3309 2886.43101   38   61 2961.68104 2793.92115  5.66%  76.7 7741s
 10788  3341 2923.39139   39   72 2961.68104 2794.05957  5.66%  76.3 7790s
 10898  3383 2928.93823   57   53 2961.68104 2794.08759  5.66%  76.1 7881s
 11169  3459 infeasible   71      2961.68104 2794.16536  5.66%  75.3 7982s
 11405  3494 2794.50641   37   84 2961.68104 2794.34920  5.65%  74.7 8073s
 11602  3537 infeasible   50      2961.68104 2794.44743  5.65%  74.4 8155s
 11828  3608 2796.54265   37   95 2961.68104 2794.51838  5.64%  74.1 8247s
 12068  3681 infeasible   53      2961.68104 2794.73787  5.64%  74.0 8318s
 12297  3735 2894.81851   40   83 2961.68104 2795.01717  5.63%  73.7 8406s
 12538  3796 2875.35686   45   75 2961.68104 2795.17591  5.62%  73.5 8482s
 12739  3800 2883.33881   54   96 2961.68104 2795.42765  5.61%  73.2 8506s
 12743  3810 2883.41078   57   96 2961.68104 2795.45028  5.61%  73.2 8585s
 12794  3832 2798.63881   36  105 2961.68104 2795.51634  5.61%  73.2 8660s
 12915  3880 2873.81424   58   35 2961.68104 2795.57134  5.61%  73.1 8752s
 13123  3902 infeasible   46      2961.68104 2795.95161  5.60%  72.8 8844s
 13233  3975 infeasible   40      2961.68104 2796.11649  5.59%  73.0 8945s
 13418  4062 2917.90471   49   63 2961.68104 2796.37827  5.58%  72.7 9042s
 13654  4153 infeasible   45      2961.68104 2796.61118  5.57%  72.3 9147s
 13886  4214 infeasible   35      2961.68104 2796.71917  5.57%  71.9 9254s
 14156  4267 2905.55106   41   75 2961.68104 2797.07043  5.56%  71.4 9342s
 14364  4321 2957.10372   52   53 2961.68104 2797.31448  5.55%  71.1 9426s
 14576  4322 2894.00046   58  339 2961.68104 2797.37992  5.55%  70.9 10467s
 14578  4323 2949.09620   46  387 2961.68104 2797.37992  5.55%  70.9 10507s
 14579  4324 2828.04311   40 1091 2961.68104 2797.37992  5.55%  70.9 10537s
 14580  4325 2848.14523   37  639 2961.68104 2797.37992  5.55%  70.9 10541s
 14581  4325 2838.50778   43  666 2961.68104 2797.37992  5.55%  70.9 10546s
 14582  4326 2810.62509   33  673 2961.68104 2797.37992  5.55%  70.9 10550s
 14584  4327 2894.08945   38  688 2961.68104 2797.37992  5.55%  70.9 10559s
 14585  4328 2952.73544   51  693 2961.68104 2797.37992  5.55%  70.9 10562s
 14586  4329 2873.13344   51  729 2961.68104 2797.37992  5.55%  70.9 10566s
 14588  4330 2883.50629   57  750 2961.68104 2797.37992  5.55%  70.8 10571s
 14589  4331 2871.60464   43 1363 2961.68104 2797.37992  5.55%  70.8 10576s
 14590  4331 2855.66307   34  830 2961.68104 2797.37992  5.55%  70.8 10580s
 14593  4333 2798.44165   38  821 2961.68104 2797.37992  5.55%  70.8 10586s
 14595  4335 2868.84627   40  826 2961.68104 2797.37992  5.55%  70.8 10590s
 14597  4336 2830.04872   45  837 2961.68104 2797.37992  5.55%  70.8 10596s
 14599  4337 2909.79603   44  840 2961.68104 2797.37992  5.55%  70.8 10604s
 14600  4338 2872.31248   46 1270 2961.68104 2797.37992  5.55%  70.8 10655s
 14603  4340 2813.89052   43  837 2961.68104 2797.37992  5.55%  70.8 10692s
 14604  4341 2847.67337   46 1336 2961.68104 2797.37992  5.55%  70.8 10732s
 14606  4342 2824.76868   40  855 2961.68104 2797.37992  5.55%  70.8 10735s
 14607  4343 2944.99590   77  859 2961.68104 2797.37992  5.55%  70.8 10753s
 14608  4343 2815.28987   35  847 2961.68104 2797.37992  5.55%  70.7 10785s
 14610  4345 2897.55328   33 1341 2961.68104 2797.37992  5.55%  70.7 10791s
 14611  4345 2816.70614   50 1342 2961.68104 2797.37992  5.55%  70.7 10827s
 14612  4346 2895.04226   33 1338 2961.68104 2797.37992  5.55%  70.7 10872s
 14613  4347 2826.66679   33 1341 2961.68104 2797.37992  5.55%  70.7 10915s
 14614  4347 2887.11762   42 1345 2961.68104 2797.37992  5.55%  70.7 10957s
 14615  4348 2877.87394   33 1345 2961.68104 2797.37992  5.55%  70.7 10993s
 14616  4349 2908.67593   54 1345 2961.68104 2797.37992  5.55%  70.7 11035s
 14618  4350 2878.79359   38  859 2961.68104 2797.37992  5.55%  70.7 11070s
 14619  4351 2811.11018   30  856 2961.68104 2797.37992  5.55%  70.7 11107s
 14620  4351 2926.41843   44  863 2961.68104 2797.37992  5.55%  70.7 11133s
 14621  4352 2799.35437   32  856 2961.68104 2797.37992  5.55%  70.7 11168s
 14622  4353 2857.28040   32  862 2961.68104 2797.37992  5.55%  70.7 11201s
 14623  4353 2843.01114   50  859 2961.68104 2797.37992  5.55%  70.7 11245s
 14624  4354 2841.21611   33  863 2961.68104 2797.37992  5.55%  70.7 11284s
 14625  4355 2887.04811   39  855 2961.68104 2797.37992  5.55%  70.7 11329s
 14626  4355 2928.63264   40  858 2961.68104 2797.37992  5.55%  70.7 11365s
 14627  4356 2864.30658   36  863 2961.68104 2797.37992  5.55%  70.7 11401s
 14628  4357 2920.35522   40  863 2961.68104 2797.37992  5.55%  70.7 11435s
 14629  4357 2848.75344   39  863 2961.68104 2797.37992  5.55%  70.6 11458s
 14630  4360 2797.37992   35  400 2961.68104 2797.37992  5.55%  72.9 11478s
 14632  4361 2797.37992   36  400 2961.68104 2797.37992  5.55%  73.0 11483s
 14634  4366 2797.37992   37  362 2961.68104 2797.37992  5.55%  73.1 11501s
 14639  4365 2826.92614   39  286 2961.68104 2797.37992  5.55%  73.3 11519s
 14644  4366 2827.66527   42  287 2961.68104 2797.37992  5.55%  73.5 11532s
 14649  4366 2859.70515   45   42 2961.68104 2797.37992  5.55%  73.5 11539s
 14655  4365 2867.44692   48   56 2961.68104 2797.37992  5.55%  73.5 11545s
 14661  4366 2867.47183   53   61 2961.68104 2797.37992  5.55%  73.5 11587s
 14667  4363 infeasible   56      2961.68104 2797.37992  5.55%  73.5 11604s
 14672  4361 2797.37992   37  572 2961.68104 2797.37992  5.55%  73.6 11612s
 14674  4364 2797.37992   37  493 2961.68104 2797.37992  5.55%  73.8 11618s
 14678  4365 2797.37992   38  638 2961.68104 2797.37992  5.55%  73.9 11701s
 14680  4366 2797.37992   38  539 2961.68104 2797.37992  5.55%  73.9 11738s
 14682  4369 2797.37992   39  528 2961.68104 2797.37992  5.55%  73.9 11745s
 14685  4371 2797.37992   39  424 2961.68104 2797.37992  5.55%  73.9 11750s
 14692  4371 2797.37992   40  493 2961.68104 2797.37992  5.55%  73.8 11762s
 14695  4373 2797.37992   40  474 2961.68104 2797.37992  5.55%  73.8 11771s
 14700  4374 2797.37992   41  496 2961.68104 2797.37992  5.55%  73.8 11779s
 14711  4372 2797.37992   43  488 2961.68104 2797.37992  5.55%  73.8 11829s
 14715  4375 2797.37992   44  483 2961.68104 2797.37992  5.55%  73.9 11839s
 14719  4376 2841.53666   45  272 2961.68104 2797.37992  5.55%  74.0 11872s
 14723  4382 2841.53732   46  256 2961.68104 2797.37992  5.55%  74.0 11888s
 14730  4384 2887.55058   49  156 2961.68104 2797.37992  5.55%  74.0 11905s
 14738  4380 2953.38704   52  165 2961.68104 2797.37992  5.55%  74.1 11925s
 14742  4379     cutoff   53      2961.68104 2797.37992  5.55%  74.1 11950s
 14745  4378     cutoff   54      2961.68104 2797.37992  5.55%  74.1 11965s
 14750  4380 2942.48535   55  230 2961.68104 2797.37992  5.55%  74.1 12004s
 14763  4378 2942.70342   62  249 2961.68104 2797.37992  5.55%  74.1 12021s
 14772  4377 2797.37992   42  378 2961.68104 2797.37992  5.55%  74.1 12033s
 14778  4379 infeasible   42      2961.68104 2797.37992  5.55%  74.2 12045s
 14789  4382 2866.59017   44  258 2961.68104 2797.37992  5.55%  74.2 12066s
 14796  4386 2898.21856   46  227 2961.68104 2797.37992  5.55%  74.2 12081s
 14808  4393 2848.29210   52  113 2961.68104 2797.37992  5.55%  74.1 12102s
 14833  4390 2797.37992   42  592 2961.68104 2797.37992  5.55%  74.2 12135s
 14841  4396 2797.37992   43  367 2961.68104 2797.37992  5.55%  74.2 12159s
 14859  4390 2843.07263   46  238 2961.68104 2797.37992  5.55%  74.2 12187s
 14881  4386 2848.39654   48  186 2961.68104 2797.37992  5.55%  74.1 12222s
 14892  4384 2952.70997   52  153 2961.68104 2797.37992  5.55%  74.2 12250s
 14900  4394 2841.17944   38  189 2961.68104 2797.37992  5.55%  74.2 12264s
 14918  4390 2917.27290   49   60 2961.68104 2797.37992  5.55%  74.2 12285s
 14925  4396 infeasible   41      2961.68104 2797.37992  5.55%  74.3 12305s
 14939  4394 2949.07827   50  107 2961.68104 2797.37992  5.55%  74.3 12330s
 14949  4399 2797.37992   41  542 2961.68104 2797.37992  5.55%  74.3 12354s
 14959  4414 2797.37992   43  490 2961.68104 2797.37992  5.55%  74.3 12392s
 14981  4421 2797.37992   49  299 2961.68104 2797.37992  5.55%  74.2 12424s
 15004  4430 2836.81114   54  278 2961.68104 2797.37992  5.55%  74.2 12439s
 15030  4428 2864.38871   65  138 2961.68104 2797.37992  5.55%  74.1 12456s
 15060  4434 2815.60514   42  349 2961.68104 2797.37992  5.55%  74.0 12494s
 15079  4438 2917.90261   50  240 2961.68104 2797.37992  5.55%  74.0 12544s
 15093  4436     cutoff   56      2961.68104 2797.37992  5.55%  74.0 12591s
 15113  4432 2957.92095   63  115 2961.68104 2797.37992  5.55%  74.0 12712s
 15125  4428 2857.95184   46  417 2961.68104 2797.37992  5.55%  74.1 12772s
 15140  4429 2816.36907   41  517 2961.68104 2797.37992  5.55%  74.4 12808s
 15146  4428 2822.80008   44  673 2961.68104 2797.37992  5.55%  74.8 12863s
 15150  4426 2927.82949   46  478 2961.68104 2797.37992  5.55%  75.3 12890s
 15166  4426     cutoff   51      2961.68104 2797.37992  5.55%  75.9 12935s
 15185  4428 2797.37992   42  592 2961.68104 2797.37992  5.55%  76.2 13012s
 15196  4427 2871.01915   46  488 2961.68104 2797.37992  5.55%  76.7 13081s
 15213  4426 infeasible   49      2961.68104 2797.37992  5.55%  77.0 13140s
 15231  4427 2797.37992   43  442 2961.68104 2797.37992  5.55%  77.3 13222s
 15240  4434 2797.37992   45  378 2961.68104 2797.37992  5.55%  77.5 13286s
 15252  4438 2801.99592   49  266 2961.68104 2797.37992  5.55%  77.6 13342s
 15277  4439 2797.37992   42  394 2961.68104 2797.37992  5.55%  77.6 13384s
 15300  4438 2797.37992   51  345 2961.68104 2797.37992  5.55%  77.7 13472s
 15329  4436 infeasible   53      2961.68104 2797.37992  5.55%  77.9 13547s
 15343  4444 2797.37992   45  389 2961.68104 2797.37992  5.55%  77.9 13591s
 15358  4463 2842.97056   51  246 2961.68104 2797.37992  5.55%  78.0 13665s
 15420  4461 2880.23811   45   77 2961.68104 2797.37992  5.55%  78.0 13732s
 15460  4493 2797.37992   44  528 2961.68104 2797.37992  5.55%  78.1 13800s

Cutting planes:
  Learned: 2
  Cover: 56
  Implied bound: 338
  Projected implied bound: 4
  Clique: 26
  MIR: 189
  Mixing: 4
  StrongCG: 23
  Flow cover: 119
  GUB cover: 101
  Inf proof: 2
  Zero half: 9
  RLT: 25
  Relax-and-lift: 80

Explored 15570 nodes (1229180 simplex iterations) in 13800.90 seconds (1213.46 work units)
Thread count was 2 (of 46 available processors)

Solution count 10: 2961.68 2961.68 2962.52 ... 4150.15

Time limit reached
Best objective 2.961681042449e+03, best bound 2.797379924167e+03, gap 5.5476%
