
Gurobi 13.0.2 (linux64) logging started Fri Aug 14 11:16:06 2026

Set parameter LogFile to value "/home/23037696r/Documents/research/or_benchmark/wp/results/inactive_0.3/j40/logs/gurobi/j400603_1.log"
Set parameter NumericFocus to value 1
Gurobi Optimizer version 13.0.2 build v13.0.2rc1 (linux64 - "Ubuntu 22.04.3 LTS")

CPU model: Intel Xeon Processor (Cascadelake), instruction set [SSE2|AVX|AVX2|AVX512]
Thread count: 46 physical cores, 46 logical processors, using up to 2 threads

Non-default parameters:
TimeLimit  13800
MIPGap  1e-06
NumericFocus  1
Threads  2

Optimize a model with 48596 rows, 20916 columns and 171115 nonzeros (Min)
Model fingerprint: 0xabdacc9e
Model has 13196 linear objective coefficients and an objective constant of 1.1633126259398191e+03
Variable types: 4620 continuous, 16296 integer (16100 binary)
Coefficient statistics:
  Matrix range     [1e+00, 2e+02]
  Objective range  [1e-02, 1e+03]
  Bounds range     [1e+00, 2e+02]
  RHS range        [1e+00, 2e+02]

Presolve removed 32948 rows and 7374 columns (presolve time = 5s)...
Presolve removed 33223 rows and 9683 columns (presolve time = 10s)...
Presolve removed 35769 rows and 11489 columns (presolve time = 16s)...
Presolve removed 35863 rows and 11489 columns (presolve time = 20s)...
Presolve removed 35862 rows and 11488 columns
Presolve time: 23.37s
Presolved: 12734 rows, 9428 columns, 90996 nonzeros
Variable types: 0 continuous, 9428 integer (6621 binary)
Found heuristic solution: objective 4135.8975882

Root simplex log...

Iteration    Objective       Primal Inf.    Dual Inf.      Time
       0    1.4133126e+03   4.545000e+02   0.000000e+00     25s
     355    1.5912288e+03   6.955528e+03   0.000000e+00     25s
    3687    2.6592060e+03   1.851620e+03   0.000000e+00     30s
    4003    2.6592058e+03   0.000000e+00   0.000000e+00     31s

Root relaxation: objective 2.659206e+03, 4003 iterations, 6.11 seconds (0.35 work units)

    Nodes    |    Current Node    |     Objective Bounds      |     Work
 Expl Unexpl |  Obj  Depth IntInf | Incumbent    BestBd   Gap | It/Node Time

     0     0 2659.20583    0  101 4135.89759 2659.20583  35.7%     -   32s
     0     0 2662.99150    0   94 4135.89759 2662.99150  35.6%     -   33s
H    0     0                    2953.7511119 2662.99150  9.84%     -   34s
     0     0 2665.82074    0  121 2953.75111 2665.82074  9.75%     -   36s
     0     0 2666.88413    0  118 2953.75111 2666.88413  9.71%     -   37s
     0     0 2666.89650    0  118 2953.75111 2666.89650  9.71%     -   38s
     0     0 2666.89650    0  118 2953.75111 2666.89650  9.71%     -   39s
     0     0 2669.55336    0  177 2953.75111 2669.55336  9.62%     -   42s
     0     0 2669.56312    0  185 2953.75111 2669.56312  9.62%     -   42s
     0     0 2669.77034    0  126 2953.75111 2669.77034  9.61%     -   44s
     0     0 2669.77053    0  129 2953.75111 2669.77053  9.61%     -   44s
     0     0 2670.88333    0  223 2953.75111 2670.88333  9.58%     -   47s
     0     0 2671.15471    0  209 2953.75111 2671.15471  9.57%     -   49s
     0     0 2671.23557    0  208 2953.75111 2671.23557  9.56%     -   50s
     0     0 2671.26885    0  215 2953.75111 2671.26885  9.56%     -   50s
     0     0 2671.26925    0  219 2953.75111 2671.26925  9.56%     -   51s
     0     0 2672.79355    0  237 2953.75111 2672.79355  9.51%     -   54s
     0     0 2672.80116    0  242 2953.75111 2672.80116  9.51%     -   56s
     0     0 2672.80252    0  244 2953.75111 2672.80252  9.51%     -   56s
     0     0 2673.75437    0  262 2953.75111 2673.75437  9.48%     -   59s
H    0     0                    2952.6273058 2673.75483  9.44%     -   61s
H    0     0                    2952.5043053 2673.75483  9.44%     -   61s
H    0     0                    2952.1663733 2673.75483  9.43%     -   61s
     0     0 2673.81499    0  269 2952.16637 2673.81499  9.43%     -   61s
     0     0 2673.81499    0  272 2952.16637 2673.81499  9.43%     -   62s
     0     0 2674.65301    0  241 2952.16637 2674.65301  9.40%     -   65s
     0     0 2674.65357    0  241 2952.16637 2674.65357  9.40%     -   66s
     0     0 2674.65418    0  241 2952.16637 2674.65418  9.40%     -   66s
     0     0 2674.65481    0  241 2952.16637 2674.65481  9.40%     -   66s
     0     0 2674.65615    0  241 2952.16637 2674.65615  9.40%     -   67s
H    0     0                    2950.0170368 2674.65648  9.33%     -   68s
H    0     0                    2947.1187409 2674.65648  9.25%     -   68s
     0     0 2674.67143    0  246 2947.11874 2674.67143  9.24%     -   69s
     0     0 2674.67539    0  248 2947.11874 2674.67539  9.24%     -   69s
     0     0 2674.67542    0  247 2947.11874 2674.67542  9.24%     -   70s
     0     0 2675.48443    0  247 2947.11874 2675.48443  9.22%     -   72s
     0     0 2675.51426    0  249 2947.11874 2675.51426  9.22%     -   75s
     0     0 2675.51452    0  252 2947.11874 2675.51452  9.22%     -   76s
     0     0 2676.10005    0  258 2947.11874 2676.10005  9.20%     -   78s
H    0     0                    2945.8569163 2676.13556  9.16%     -   80s
H    0     0                    2945.3517446 2676.13556  9.14%     -   80s
H    0     0                    2945.0990641 2676.13556  9.13%     -   80s
     0     0 2676.24688    0  239 2945.09906 2676.24688  9.13%     -   81s
     0     0 2676.25227    0  246 2945.09906 2676.25227  9.13%     -   82s
     0     0 2676.25242    0  251 2945.09906 2676.25242  9.13%     -   83s
     0     0 2676.87182    0  251 2945.09906 2676.87182  9.11%     -   85s
     0     0 2676.88598    0  250 2945.09906 2676.88598  9.11%     -   86s
     0     0 2676.90039    0  250 2945.09906 2676.90039  9.11%     -   86s
     0     0 2676.91507    0  250 2945.09906 2676.91507  9.11%     -   87s
     0     0 2676.93003    0  252 2945.09906 2676.93003  9.11%     -   87s
     0     0 2676.94556    0  252 2945.09906 2676.94556  9.11%     -   87s
     0     0 2676.96180    0  252 2945.09906 2676.96180  9.10%     -   88s
     0     0 2676.98172    0  252 2945.09906 2676.98172  9.10%     -   88s
     0     0 2677.00312    0  252 2945.09906 2677.00312  9.10%     -   88s
     0     0 2677.02448    0  252 2945.09906 2677.02448  9.10%     -   88s
     0     0 2677.04579    0  251 2945.09906 2677.04579  9.10%     -   89s
     0     0 2677.36583    0  221 2945.09906 2677.36583  9.09%     -   90s
     0     0 2677.37832    0  221 2945.09906 2677.37832  9.09%     -   90s
     0     0 2677.41621    0  220 2945.09906 2677.41621  9.09%     -   91s
     0     0 2677.42910    0  219 2945.09906 2677.42910  9.09%     -   91s
     0     0 2677.44214    0  219 2945.09906 2677.44214  9.09%     -   91s
     0     0 2677.45530    0  219 2945.09906 2677.45530  9.09%     -   91s
     0     0 2677.46860    0  219 2945.09906 2677.46860  9.09%     -   92s
     0     0 2677.48203    0  219 2945.09906 2677.48203  9.09%     -   92s
     0     0 2677.49560    0  219 2945.09906 2677.49560  9.09%     -   92s
     0     0 2677.50931    0  219 2945.09906 2677.50931  9.09%     -   92s
     0     0 2677.52315    0  219 2945.09906 2677.52315  9.09%     -   93s
     0     0 2677.55140    0  223 2945.09906 2677.55140  9.08%     -   94s
     0     0 2677.56549    0  222 2945.09906 2677.56549  9.08%     -   94s
     0     0 2677.57971    0  222 2945.09906 2677.57971  9.08%     -   94s
     0     0 2677.59414    0  223 2945.09906 2677.59414  9.08%     -   94s
     0     0 2677.60915    0  223 2945.09906 2677.60915  9.08%     -   95s
     0     0 2677.62430    0  223 2945.09906 2677.62430  9.08%     -   95s
     0     0 2677.63960    0  223 2945.09906 2677.63960  9.08%     -   95s
     0     0 2677.65505    0  223 2945.09906 2677.65505  9.08%     -   96s
     0     0 2677.67069    0  222 2945.09906 2677.67069  9.08%     -   96s
     0     0 2677.68655    0  222 2945.09906 2677.68655  9.08%     -   96s
     0     0 2677.70258    0  222 2945.09906 2677.70258  9.08%     -   96s
     0     0 2677.70363    0  228 2945.09906 2677.70363  9.08%     -   97s
     0     0 2677.71984    0  228 2945.09906 2677.71984  9.08%     -   98s
     0     0 2677.73618    0  229 2945.09906 2677.73618  9.08%     -   98s
     0     0 2677.75265    0  229 2945.09906 2677.75265  9.08%     -   98s
     0     0 2677.76928    0  229 2945.09906 2677.76928  9.08%     -   98s
     0     0 2677.78609    0  228 2945.09906 2677.78609  9.08%     -   99s
     0     0 2677.80318    0  228 2945.09906 2677.80318  9.08%     -   99s
     0     0 2677.82040    0  228 2945.09906 2677.82040  9.08%     -   99s
     0     0 2677.83775    0  227 2945.09906 2677.83775  9.07%     -  100s
     0     0 2677.85530    0  226 2945.09906 2677.85530  9.07%     -  100s
     0     0 2677.87316    0  226 2945.09906 2677.87316  9.07%     -  100s
     0     0 2677.88744    0  230 2945.09906 2677.88744  9.07%     -  101s
     0     0 2677.90701    0  229 2945.09906 2677.90701  9.07%     -  101s
     0     0 2677.92621    0  229 2945.09906 2677.92621  9.07%     -  102s
     0     0 2677.94519    0  229 2945.09906 2677.94519  9.07%     -  102s
     0     0 2677.96396    0  229 2945.09906 2677.96396  9.07%     -  102s
     0     0 2677.98248    0  228 2945.09906 2677.98248  9.07%     -  103s
     0     0 2678.00078    0  228 2945.09906 2678.00078  9.07%     -  103s
     0     0 2678.01887    0  228 2945.09906 2678.01887  9.07%     -  103s
     0     0 2678.03671    0  225 2945.09906 2678.03671  9.07%     -  104s
     0     0 2678.05424    0  222 2945.09906 2678.05424  9.07%     -  104s
     0     0 2678.07145    0  222 2945.09906 2678.07145  9.07%     -  104s
     0     0 2678.07212    0  226 2945.09906 2678.07212  9.07%     -  105s
     0     0 2678.08950    0  225 2945.09906 2678.08950  9.07%     -  105s
     0     0 2678.10664    0  224 2945.09906 2678.10664  9.07%     -  105s
     0     0 2678.12031    0  219 2945.09906 2678.12031  9.07%     -  106s
     0     0 2678.12324    0  217 2945.09906 2678.12324  9.07%     -  106s
     0     0 2678.12564    0  221 2945.09906 2678.12564  9.07%     -  107s
     0     0 2678.12726    0  220 2945.09906 2678.12726  9.06%     -  107s
     0     0 2678.12775    0  220 2945.09906 2678.12775  9.06%     -  108s
     0     0 2678.12786    0  220 2945.09906 2678.12786  9.06%     -  108s
     0     0 2683.00669    0  185 2945.09906 2683.00669  8.90%     -  110s
     0     0 2683.05228    0  185 2945.09906 2683.05228  8.90%     -  111s
     0     0 2683.09787    0  185 2945.09906 2683.09787  8.90%     -  111s
     0     0 2683.14376    0  187 2945.09906 2683.14376  8.89%     -  111s
     0     0 2683.18995    0  189 2945.09906 2683.18995  8.89%     -  112s
     0     0 2683.23614    0  189 2945.09906 2683.23614  8.89%     -  112s
     0     0 2683.31507    0  215 2945.09906 2683.31507  8.89%     -  112s
     0     0 2683.37292    0  213 2945.09906 2683.37292  8.89%     -  113s
     0     0 2683.40731    0  214 2945.09906 2683.40731  8.89%     -  113s
     0     0 2683.44153    0  214 2945.09906 2683.44153  8.88%     -  114s
     0     0 2683.47505    0  205 2945.09906 2683.47505  8.88%     -  114s
     0     0 2683.58102    0  203 2945.09906 2683.58102  8.88%     -  116s
     0     0 2683.58102    0  193 2945.09906 2683.58102  8.88%     -  116s
     0     0 2683.62882    0  193 2945.09906 2683.62882  8.88%     -  117s
     0     0 2683.67716    0  193 2945.09906 2683.67716  8.88%     -  117s
     0     0 2683.72554    0  189 2945.09906 2683.72554  8.87%     -  117s
     0     0 2683.77392    0  200 2945.09906 2683.77392  8.87%     -  118s
     0     0 2683.82198    0  198 2945.09906 2683.82198  8.87%     -  118s
     0     0 2683.86907    0  198 2945.09906 2683.86907  8.87%     -  119s
     0     0 2683.91327    0  203 2945.09906 2683.91327  8.87%     -  119s
     0     0 2683.95592    0  204 2945.09906 2683.95592  8.87%     -  120s
     0     0 2683.99768    0  207 2945.09906 2683.99768  8.87%     -  120s
     0     0 2684.35812    0  213 2945.09906 2684.35812  8.85%     -  121s
     0     0 2684.40965    0  213 2945.09906 2684.40965  8.85%     -  122s
     0     0 2684.46081    0  213 2945.09906 2684.46081  8.85%     -  122s
     0     0 2684.51147    0  212 2945.09906 2684.51147  8.85%     -  123s
     0     0 2684.56156    0  210 2945.09906 2684.56156  8.85%     -  123s
     0     0 2684.61114    0  210 2945.09906 2684.61114  8.84%     -  124s
     0     0 2684.66011    0  210 2945.09906 2684.66011  8.84%     -  124s
     0     0 2684.70819    0  211 2945.09906 2684.70819  8.84%     -  124s
     0     0 2684.75573    0  209 2945.09906 2684.75573  8.84%     -  125s
     0     0 2684.80203    0  209 2945.09906 2684.80203  8.84%     -  125s
     0     0 2684.84698    0  208 2945.09906 2684.84698  8.84%     -  126s
     0     0 2685.09656    0  206 2945.09906 2685.09656  8.83%     -  127s
     0     0 2685.14077    0  207 2945.09906 2685.14077  8.83%     -  128s
     0     0 2685.18422    0  208 2945.09906 2685.18422  8.83%     -  128s
     0     0 2685.22562    0  208 2945.09906 2685.22562  8.82%     -  128s
     0     0 2685.26606    0  208 2945.09906 2685.26606  8.82%     -  129s
     0     0 2685.30586    0  209 2945.09906 2685.30586  8.82%     -  129s
     0     0 2685.34444    0  209 2945.09906 2685.34444  8.82%     -  129s
     0     0 2685.37879    0  206 2945.09906 2685.37879  8.82%     -  130s
     0     0 2685.40900    0  205 2945.09906 2685.40900  8.82%     -  130s
     0     0 2685.43747    0  206 2945.09906 2685.43747  8.82%     -  131s
     0     0 2685.46480    0  205 2945.09906 2685.46480  8.82%     -  131s
     0     0 2685.49154    0  206 2945.09906 2685.49154  8.81%     -  132s
     0     0 2685.52404    0  207 2945.09906 2685.52404  8.81%     -  132s
     0     0 2685.55499    0  211 2945.09906 2685.55499  8.81%     -  133s
     0     0 2685.58429    0  208 2945.09906 2685.58429  8.81%     -  133s
     0     0 2685.61293    0  208 2945.09906 2685.61293  8.81%     -  134s
     0     0 2685.63963    0  212 2945.09906 2685.63963  8.81%     -  134s
     0     0 2685.66364    0  216 2945.09906 2685.66364  8.81%     -  135s
     0     0 2685.68684    0  216 2945.09906 2685.68684  8.81%     -  135s
     0     0 2685.70812    0  218 2945.09906 2685.70812  8.81%     -  136s
     0     0 2685.72802    0  218 2945.09906 2685.72802  8.81%     -  136s
     0     0 2686.36877    0  215 2945.09906 2686.36877  8.79%     -  137s
     0     0 2686.69045    0  214 2945.09906 2686.69045  8.77%     -  138s
     0     0 2686.72238    0  213 2945.09906 2686.72238  8.77%     -  138s
     0     0 2686.80734    0  230 2945.09906 2686.80734  8.77%     -  139s
     0     0 2686.80737    0  230 2945.09906 2686.80737  8.77%     -  140s
     0     0 2686.80740    0  230 2945.09906 2686.80740  8.77%     -  140s
     0     0 2686.84623    0  241 2945.09906 2686.84623  8.77%     -  141s
     0     0 2686.85704    0  241 2945.09906 2686.85704  8.77%     -  141s
     0     0 2686.85772    0  242 2945.09906 2686.85772  8.77%     -  142s
     0     0 2686.90903    0  225 2945.09906 2686.90903  8.77%     -  142s
     0     0 2686.90903    0  228 2945.09906 2686.90903  8.77%     -  143s
     0     0 2687.05759    0  251 2945.09906 2687.05759  8.76%     -  146s
     0     0 2687.05813    0  252 2945.09906 2687.05813  8.76%     -  146s
     0     0 2687.05875    0  252 2945.09906 2687.05875  8.76%     -  147s
     0     0 2687.06167    0  248 2945.09906 2687.06167  8.76%     -  149s
     0     0 2687.74223    0  256 2945.09906 2687.74223  8.74%     -  152s
     0     0 2688.78809    0  254 2945.09906 2688.78809  8.70%     -  154s
     0     0 2688.85442    0  270 2945.09906 2688.85442  8.70%     -  155s
     0     0 2688.89149    0  248 2945.09906 2688.89149  8.70%     -  156s
     0     0 2688.91530    0  270 2945.09906 2688.91530  8.70%     -  157s
     0     0 2688.92663    0  275 2945.09906 2688.92663  8.70%     -  158s
     0     0 2688.92679    0  279 2945.09906 2688.92679  8.70%     -  159s
     0     0 2689.09936    0  278 2945.09906 2689.09936  8.69%     -  161s
     0     0 2689.11330    0  285 2945.09906 2689.11330  8.69%     -  163s
     0     0 2689.11345    0  286 2945.09906 2689.11345  8.69%     -  164s
     0     0 2689.20383    0  284 2945.09906 2689.20383  8.69%     -  166s
     0     0 2689.20390    0  284 2945.09906 2689.20390  8.69%     -  168s
     0     0 2689.20400    0  284 2945.09906 2689.20400  8.69%     -  170s
     0     0 2689.20836    0  287 2945.09906 2689.20836  8.69%     -  171s
     0     0 2689.20836    0  288 2945.09906 2689.20836  8.69%     -  173s
     0     0 2689.21284    0  288 2945.09906 2689.21284  8.69%     -  175s
     0     0 2689.21284    0  276 2945.09906 2689.21284  8.69%     -  177s
     0     2 2691.04427    0  275 2945.09906 2691.04427  8.63%     -  180s
     5     8 2724.96958    3  122 2945.09906 2691.04427  8.63%   476  185s
    19    26 2725.17860    8  111 2945.09906 2691.04427  8.63%   179  190s
    53    55 2725.18832   17  114 2945.09906 2691.04427  8.63%  76.4  195s
    63    64 2725.79824   22  132 2945.09906 2691.04427  8.63%  76.3  200s
    88    95 2725.20153   31  116 2945.09906 2691.04427  8.63%  58.0  206s
   102   103 2725.20197   34  117 2945.09906 2691.04427  8.63%  56.9  210s
   136   124 2725.21188   42  119 2945.09906 2691.04427  8.63%  46.9  215s
   154   141 2725.22417   51  118 2945.09906 2691.04427  8.63%  46.2  221s
   169   155 2725.23599   58  120 2945.09906 2691.04427  8.63%  50.2  226s
   183   162 2725.37473   65  112 2945.09906 2691.04427  8.63%  52.3  230s
   194   173 2725.37690   67  106 2945.09906 2691.04427  8.63%  59.2  235s
   208   191 2726.88087   68  118 2945.09906 2691.04427  8.63%  61.9  241s
   230   219 2739.20629   71  187 2945.09906 2691.04427  8.63%  60.5  247s
   258   236 2758.62120   75  131 2945.09906 2691.04427  8.63%  59.6  251s
   270   262 2743.75379   75  121 2945.09906 2691.04427  8.63%  57.5  255s
   296   281 2759.67078   87  101 2945.09906 2691.04427  8.63%  53.2  261s
   320   291 2759.74642   91  100 2945.09906 2691.04427  8.63%  52.1  265s
   339   336 2760.38156  107  106 2945.09906 2691.04427  8.63%  52.0  274s
   374   372 2760.86162  141  100 2945.09906 2691.04427  8.63%  47.3  278s
   410   398 2761.14960  158   97 2945.09906 2691.04427  8.63%  43.6  284s
   448   400 2761.22871  161  100 2945.09906 2691.04427  8.63%  42.2  288s
   465   423 2816.20004  166  136 2945.09906 2691.04427  8.63%  42.8  292s
   494   448 2740.56141    3  188 2945.09906 2691.34550  8.62%  44.1  298s
   535   482 2698.62158    3  270 2945.09906 2696.60459  8.44%  43.7  304s
   571   498 2704.89364   16   68 2945.09906 2696.60459  8.44%  42.7  310s
   606   518 2810.35887   26   35 2945.09906 2698.11475  8.39%  42.3  316s
   636   550 2704.20853    8  236 2945.09906 2698.11475  8.39%  42.2  325s
   681   602 2718.89122   20   63 2945.09906 2698.11475  8.39%  43.2  333s
   738   632 2906.84941   50    5 2945.09906 2699.59685  8.34%  42.0  341s
   789   664 2798.06474    6   56 2945.09906 2701.11546  8.28%  41.9  350s
   848   665 2761.63393  133  276 2945.09906 2701.11546  8.28%  40.9  434s
   850   666 2765.69711   36   71 2945.09906 2701.11546  8.28%  40.8  463s
   851   667 2838.38444  149  460 2945.09906 2701.11546  8.28%  40.7  489s
   852   668 2703.19372   21  464 2945.09906 2701.11546  8.28%  40.7  497s
   853   668 2857.41051   29  472 2945.09906 2701.11546  8.28%  40.7  502s
   854   669 2838.98973  150  491 2945.09906 2701.11546  8.28%  40.6  506s
   855   670 2831.21144   60  484 2945.09906 2701.11546  8.28%  40.6  510s
   856   670 2761.60242  111  484 2945.09906 2701.11546  8.28%  40.5  517s
   857   671 2701.17875    6  483 2945.09906 2701.11546  8.28%  40.5  521s
   858   672 2725.21977   47  484 2945.09906 2701.11546  8.28%  40.4  526s
   859   672 2830.90241   52  497 2945.09906 2701.11546  8.28%  40.4  530s
   861   674 2726.70361   50  492 2945.09906 2701.11546  8.28%  40.3  541s
   862   674 2758.14029   59  508 2945.09906 2701.11546  8.28%  40.2  561s
   863   675 2832.37028   78  367 2945.09906 2701.11546  8.28%  40.2  568s
   864   676 2706.17072    9  546 2945.09906 2701.11546  8.28%  40.1  573s
   865   676 2875.05293   37  554 2945.09906 2701.11546  8.28%  40.1  578s
   866   677 2710.64316   16  570 2945.09906 2701.11546  8.28%  40.0  585s
   867   678 2706.67184    5  571 2945.09906 2701.11546  8.28%  40.0  600s
   868   678 2906.84903   28  589 2945.09906 2701.11546  8.28%  39.9  606s
   869   679 2906.84903   28  584 2945.09906 2701.11546  8.28%  39.9  613s
   870   680 2725.37872   66  576 2945.09906 2701.11546  8.28%  39.9  628s
   871   680 2906.97194   28  570 2945.09906 2701.11546  8.28%  39.8  635s
   872   681 2907.15654   27  594 2945.09906 2701.11546  8.28%  39.8  642s
   873   682 2832.44072   86  469 2945.09906 2701.11546  8.28%  39.7  650s
   874   682 2834.51551  127  578 2945.09906 2701.43201  8.27%  39.7  671s
   875   683 2834.54874  126  592 2945.09906 2701.61601  8.27%  39.6  675s
   876   684 2853.34658  133  589 2945.09906 2701.66307  8.27%  39.6  681s
   877   684 2872.05468   25  591 2945.09906 2701.80817  8.26%  39.5  693s
   878   685 2703.99706    9  512 2945.09906 2701.84051  8.26%  39.5  701s
   879   686 2835.19097  143  596 2945.09906 2702.01263  8.25%  39.4  718s
   880   686 2799.41384    7  592 2945.09906 2702.06224  8.25%  39.4  726s
   881   687 2834.34707  123  603 2945.09906 2705.21125  8.15%  39.4  739s
   882   688 2748.33097   11  603 2945.09906 2705.21125  8.15%  39.3  750s
   883   688 2760.83783   90  603 2945.09906 2705.21125  8.15%  39.3  765s
   884   692 2729.98132   16  215 2945.09906 2705.21125  8.15%  78.6  778s
   886   693 2730.85209   17  236 2945.09906 2708.06257  8.05%  79.4  787s
   888   698 2778.59157   18  138 2945.09906 2716.38258  7.77%  80.8  794s
   894   702 2779.72071   19  150 2945.09906 2716.38258  7.77%  81.2  799s
   900   704 2784.42125   19  182 2945.09906 2716.38258  7.77%  82.2  808s
   904   709 2779.83443   20  147 2945.09906 2716.38258  7.77%  82.3  815s
   911   711 2781.47515   21  250 2945.09906 2716.38258  7.77%  84.1  822s
   917   713 2780.49244   21  142 2945.09906 2716.38258  7.77%  84.3  825s
   927   720 2784.73408   22  141 2945.09906 2716.38258  7.77%  83.9  831s
   933   724 2783.74330   23  204 2945.09906 2716.38258  7.77%  85.2  839s
   939   724 2780.77866   23  164 2945.09906 2716.38258  7.77%  85.2  844s
   946   722 2781.13942   24  165 2945.09906 2716.38258  7.77%  85.3  848s
   953   725 2784.09900   24  156 2945.09906 2729.98132  7.30%  86.2  855s
   959   729 2783.36550   25  200 2945.09906 2729.98132  7.30%  86.7  860s
   967   732 2781.69887   25  145 2945.09906 2729.98132  7.30%  86.6  867s
   975   733 2781.69889   26  142 2945.09906 2729.98132  7.30%  86.3  871s
   986   731 2781.70039   26  143 2945.09906 2729.98132  7.30%  85.5  887s
   990   735 2784.88619   27  126 2945.09906 2730.85282  7.27%  88.9  901s
   995   739 2781.84158   28  129 2945.09906 2730.85282  7.27%  88.6  907s
  1001   739 2782.47853   29  130 2945.09906 2730.85282  7.27%  88.9  918s
  1007   740 2801.48704   29  182 2945.09906 2730.85282  7.27%  90.2  926s
  1018   736 2782.47853   30  129 2945.09906 2730.85282  7.27%  89.7  942s
  1024   737 2782.63767   31  130 2945.09906 2733.29749  7.19%  91.0  953s
  1027   744 2782.63845   32  128 2945.09906 2734.39037  7.15%  91.9  960s
  1035   751 2787.48686   33  163 2945.09906 2734.78320  7.14%  92.3  968s
  1046   751 2787.55537   34  191 2945.09906 2734.78320  7.14%  92.5  979s
  1060   754 2810.22598   34  182 2945.09906 2734.93118  7.14%  92.6  986s
  1069   755 infeasible   35      2945.09906 2734.93118  7.14%  92.1  995s
  1081   753 infeasible   34      2945.09906 2734.93118  7.14%  93.9 1008s
  1096   753 infeasible   35      2945.09906 2734.93118  7.14%  93.3 1019s
  1116   754 infeasible   37      2945.09906 2735.09450  7.13%  92.5 1027s
  1127   768 2812.97762   26   84 2945.09906 2735.09450  7.13%  92.1 1036s
  1149   767 2783.73189   30  105 2945.09906 2735.09450  7.13%  91.1 1049s
  1171   766 infeasible   34      2945.09906 2735.09450  7.13%  89.8 1063s
  1209   772 2756.20707   29  109 2945.09906 2736.69434  7.08%  87.9 1076s
  1242   779 2831.59501   26   96 2945.09906 2736.69434  7.08%  86.4 1091s
  1291   775 2820.88492   40   77 2945.09906 2736.69434  7.08%  84.1 1102s
  1321   780 2887.52986   25   73 2945.09906 2737.08543  7.06%  82.7 1115s
  1363   787 2742.26286   33  110 2945.09906 2739.03396  7.00%  80.9 1132s
  1420   768 2841.32253   36   56 2945.09906 2740.47078  6.95%  78.5 1149s
  1471   765 2743.28320   34  112 2945.09906 2742.27953  6.89%  76.7 1164s
  1521   750 2845.95811   33   83 2945.09906 2743.55923  6.84%  74.8 1193s
  1615   730 2750.60809   21  104 2945.09906 2745.94192  6.76%  72.1 1209s
  1661   730 2749.25263   23  116 2945.09906 2748.15616  6.69%  71.3 1233s
  1730   720 infeasible   28      2945.09906 2750.97974  6.59%  69.7 1258s
  1797   718 2858.96844   26   81 2945.09906 2751.90401  6.56%  68.4 1280s
  1865   711 2860.23608   27   96 2945.09906 2751.90401  6.56%  67.0 1303s
  1936   704 2886.30323   30  111 2945.09906 2755.17916  6.45%  65.4 1331s
  2020   684 2834.41530   26   95 2945.09906 2755.64972  6.43%  64.3 1361s
  2118   679 2925.17154   31   75 2945.09906 2757.74025  6.36%  63.3 1384s
  2206   651 infeasible   37      2945.09906 2758.69115  6.33%  62.0 1403s
  2275   630 2880.15762   30   80 2945.09906 2760.53565  6.27%  61.2 1421s
  2355   609 2900.39506   31   79 2945.09906 2768.93641  5.98%  60.2 1449s
  2470   568 2809.94203   37  101 2945.09906 2778.92766  5.64%  58.9 1473s
  2516   558 2829.49694   23  180 2945.09906 2781.70039  5.55%  59.8 1497s
  2521   560 2831.07252   25  138 2945.09906 2781.70039  5.55%  60.6 1510s
  2531   561 2831.99105   28  155 2945.09906 2781.70039  5.55%  61.3 1537s
  2547   561 2839.55275   31  176 2945.09906 2781.71087  5.55%  61.9 1553s
  2563   559 2823.28483   30   88 2945.09906 2781.79289  5.55%  63.0 1580s
  2614   548 2842.51762   30  296 2945.09906 2781.94933  5.54%  64.5 1601s
  2625   547 2895.45026   36  154 2945.09906 2781.96317  5.54%  65.0 1621s
  2661   537 2846.40200   35  112 2945.09906 2782.51358  5.52%  66.5 1644s
  2680   532 2865.50922   28  101 2945.09906 2782.63819  5.52%  69.0 1666s
  2728   520 2833.37164   28  149 2945.09906 2782.63819  5.52%  70.8 1689s
  2768   512 2844.31040   31  224 2945.09906 2783.74330  5.48%  71.7 1713s
  2816   504 2786.52576   25  198 2945.09906 2784.06109  5.47%  71.7 1740s
  2826   503 2800.59677   28  139 2945.09906 2784.06109  5.47%  72.7 1763s
  2843   506 2801.47540   29  183 2945.09906 2784.10127  5.47%  72.8 1787s
  2852   513 2827.35270   32  330 2945.09906 2784.10127  5.47%  73.5 1813s
  2886   517 2811.31241   22  163 2945.09906 2784.10127  5.47%  73.5 1840s
  2930   508 infeasible   34      2945.09906 2784.10127  5.47%  73.5 1883s
  2956   512 2808.64310   25  111 2945.09906 2784.88748  5.44%  74.5 1916s
  2989   520 2787.65883   27  161 2945.09906 2784.88972  5.44%  74.9 2018s
  3042   526 2806.50023   34  135 2945.09906 2784.88972  5.44%  75.2 2043s
  3061   533 infeasible   42      2945.09906 2784.88972  5.44%  75.2 2090s
  3127   535 2855.61854   36  154 2945.09906 2785.33539  5.42%  75.9 2143s
  3179   564 2813.99631   28  157 2945.09906 2785.50463  5.42%  77.0 2184s
  3241   574 2851.81942   35  169 2945.09906 2785.59133  5.42%  78.8 2233s
  3270   587 2789.53139   32   86 2945.09906 2785.79464  5.41%  79.5 2282s
  3322   596 2807.77946   34   88 2945.09906 2785.84454  5.41%  80.1 2325s
  3350   615 2792.01158   29  181 2945.09906 2785.86932  5.41%  80.9 2376s
  3397   637 2806.40771   29  162 2945.09906 2786.27616  5.39%  81.3 2423s
  3460   658 infeasible   39      2945.09906 2786.38095  5.39%  82.4 2479s
  3529   692 2802.19500   31  161 2945.09906 2786.70106  5.38%  82.7 2541s
  3612   698 infeasible   33      2945.09906 2786.78118  5.38%  82.9 2587s
  3646   719 2796.69846   33  144 2945.09906 2786.78740  5.38%  85.0 2647s
  3699   744 2793.26235   22  236 2945.09906 2787.05398  5.37%  85.3 2687s
  3746   768 infeasible   44      2945.09906 2787.23849  5.36%  85.9 2746s
  3837   771 infeasible   34      2945.09906 2787.49479  5.35%  86.1 2790s
  3866   793 2805.25368   37  143 2945.09906 2787.55529  5.35%  86.3 2847s
  3930   813 2793.77201   27  152 2945.09906 2787.56848  5.35%  86.2 2897s
  4007   834 2792.46613   38  148 2945.09906 2787.56976  5.35%  85.6 2966s
  4083   853 2811.16672   29  163 2945.09906 2787.69689  5.34%  86.2 3024s
  4148   875 infeasible   44      2945.09906 2787.82373  5.34%  87.4 3094s
  4246   896 infeasible   35      2945.09906 2787.85045  5.34%  88.0 3181s
  4376   918 2789.44143   26  207 2945.09906 2788.14728  5.33%  88.2 3229s
  4467   950 infeasible   35      2945.09906 2788.53922  5.32%  89.1 3289s
  4522   950 infeasible   42      2945.09906 2788.67410  5.31%  88.7 3290s
  4595   998 2792.46378   43  136 2945.09906 2788.81905  5.31%  90.0 3376s
  4781  1036 2798.78179   26  289 2945.09906 2789.17042  5.29%  89.9 3479s
  4929  1060 2872.53531   32  143 2945.09906 2789.26309  5.29%  90.6 3542s
  4989  1070 2851.76842   34  121 2945.09906 2789.26309  5.29%  90.1 3660s
  5047  1120 2832.93613   27   97 2945.09906 2789.26309  5.29%  90.3 3773s
  5248  1151 2846.56495   34  363 2945.09906 2789.88153  5.27%  90.5 3889s
  5407  1193 2797.36493   32  110 2945.09906 2789.89083  5.27%  90.6 3986s
  5538  1283 2904.13824   49  138 2945.09906 2790.23077  5.26%  90.6 4098s
  5825  1334 2824.20463   31   92 2945.09906 2790.87419  5.24%  90.6 4262s
  6028  1387 infeasible   29      2945.09906 2791.44292  5.22%  90.6 4379s
  6243  1445 2888.13118   31  276 2945.09906 2791.64766  5.21%  90.5 4502s
  6463  1505 infeasible   38      2945.09906 2791.93181  5.20%  90.3 4627s
  6794  1540 2793.68297   23  241 2945.09906 2792.52736  5.18%  90.0 4722s
  6951  1589 2918.44406   38  136 2945.09906 2793.03706  5.16%  90.1 4819s
  7176  1614     cutoff   28      2945.09906 2793.79107  5.14%  89.7 4949s
  7328  1687 infeasible   45      2945.09906 2794.23927  5.12%  89.6 5160s
  7712  1685 infeasible   41      2945.09906 2794.85666  5.10%  90.0 5224s
  7875  1739 infeasible   33      2945.09906 2796.30146  5.05%  90.7 5341s
  8160  1761 2806.78048   28  143 2945.09906 2797.40817  5.01%  90.1 5409s
  8305  1776 2802.74275   42   90 2945.09906 2797.89576  5.00%  90.7 5472s
  8431  1799 2882.48711   25   64 2945.09906 2798.68741  4.97%  90.8 5553s
  8615  1827 2807.62112   52  151 2945.09906 2799.22389  4.95%  90.8 5645s
  8875  1869 2813.43346   36  118 2945.09906 2800.32998  4.92%  90.8 5721s
  9019  1896 2916.34349   49  126 2945.09906 2800.47643  4.91%  91.4 5809s
  9214  1926 2908.32921   52  142 2945.09906 2800.96042  4.89%  91.3 5895s
  9421  1952 2845.56147   26  167 2945.09906 2801.95194  4.86%  91.7 5982s
  9568  1975 2803.93007   36  138 2945.09906 2802.48821  4.84%  91.6 6067s
  9733  1999 2803.42231   37  142 2945.09906 2802.57453  4.84%  93.0 6193s
  9836  2003 2892.51597   43  137 2945.09906 2802.58384  4.84%  94.4 6281s
 10048  2014 2810.84978   37  150 2945.09906 2803.02133  4.82%  96.4 6396s
 10203  2006 infeasible   33      2945.09906 2803.85907  4.80%  97.2 6494s
 10363  2029 2905.36532   39   80 2945.09906 2804.65669  4.77%  97.6 6584s
 10587  2046 2807.78653   29  145 2945.09906 2805.66539  4.73%  97.5 6677s
 10839  2060 2911.06447   41  158 2945.09906 2806.63656  4.70%  97.5 6780s
 11035  2082 2818.40343   32  123 2945.09906 2807.18126  4.68%  97.8 6875s
 11256  2105 infeasible   28      2945.09906 2807.84763  4.66%  99.0 6998s
 11466  2106 infeasible   40      2945.09906 2808.24798  4.65%  99.1 7094s
 11640  2135 infeasible   31      2945.09906 2808.74043  4.63%   100 7184s
 11857  2148 infeasible   38      2945.09906 2808.94393  4.62%   100 7294s
 11967  2148 2814.18819   31  137 2945.09906 2808.94393  4.62%   100 7295s
 12122  2171 2859.59161   35  197 2945.09906 2809.46441  4.61%   100 7462s
 12333  2211 2861.22295   30  149 2945.09906 2809.74495  4.60%   100 7597s
 12668  2233 infeasible   41      2945.09906 2810.56811  4.57%   100 7721s
 13039  2232 infeasible   40      2945.09906 2811.24082  4.55%  98.9 7766s
 13044  2287 2928.14522   40   57 2945.09906 2811.24171  4.55%  98.9 7902s
 13365  2336 2866.87643   28  163 2945.09906 2811.51337  4.54%  98.4 8029s
 13647  2336 2815.65500   38  166 2945.09906 2812.07320  4.52%  97.7 8030s
 13678  2371 infeasible   52      2945.09906 2812.07320  4.52%  97.6 8173s
 14043  2433 2837.55169   29  129 2945.09906 2813.27696  4.48%  96.6 8311s
 14429  2427 infeasible   47      2945.09906 2814.61218  4.43%  95.9 8450s
 14819  2428 2848.20862   44  276 2945.09906 2815.92515  4.39%  95.3 9408s
 14821  2429 2836.06818   25  121 2945.09906 2815.92515  4.39%  95.3 9442s
 14822  2430 2835.84093   35  500 2945.09906 2815.92515  4.39%  95.2 9461s
 14823  2431 2859.43749   34  471 2945.09906 2815.92515  4.39%  95.2 9470s
 14824  2431 2835.75588   43  471 2945.09906 2815.92515  4.39%  95.2 9475s
 14825  2432 2818.16977   28  514 2945.09906 2815.92515  4.39%  95.2 9483s
 14826  2433 2912.10293   42  544 2945.09906 2815.92515  4.39%  95.2 9490s
 14828  2434 2870.41295   24  456 2945.09906 2815.92515  4.39%  95.2 9498s
 14829  2435 2897.88902   29  478 2945.09906 2815.92515  4.39%  95.2 9502s
 14830  2435 2821.28136   25  496 2945.09906 2815.92515  4.39%  95.2 9506s
 14831  2436 2823.63630   33  518 2945.09906 2815.92515  4.39%  95.2 9510s
 14833  2437 2864.79303   45  517 2945.09906 2815.92515  4.39%  95.2 9518s
 14834  2438 2921.66934   43  538 2945.09906 2815.92515  4.39%  95.2 9529s
 14835  2439 2847.68406   29  519 2945.09906 2815.92515  4.39%  95.2 9576s
 14836  2439 2849.05793   30  539 2945.09906 2815.92515  4.39%  95.2 9580s
 14837  2440 2835.59134   46  614 2945.09906 2815.92515  4.39%  95.1 9586s
 14838  2441 2828.56480   45  644 2945.09906 2815.92515  4.39%  95.1 9633s
 14839  2441 2856.92461   44  656 2945.09906 2815.92515  4.39%  95.1 9687s
 14840  2442 2895.88188   44  663 2945.09906 2815.92515  4.39%  95.1 9728s
 14841  2443 2872.17252   37  668 2945.09906 2815.92515  4.39%  95.1 9784s
 14842  2443 2818.50400   48  669 2945.09906 2815.92515  4.39%  95.1 9841s
 14843  2444 2892.66373   36  685 2945.09906 2815.92515  4.39%  95.1 9903s
 14844  2445 2928.66328   34  690 2945.09906 2815.92515  4.39%  95.1 9951s
 14845  2445 2820.40307   33  690 2945.09906 2815.92515  4.39%  95.1 10009s
 14846  2446 2885.54977   38  681 2945.09906 2815.92515  4.39%  95.1 10055s
 14847  2447 2820.35293   42  679 2945.09906 2815.92515  4.39%  95.1 10117s
 14848  2447 2897.92993   39  688 2945.09906 2815.92515  4.39%  95.1 10161s
 14849  2448 2922.38566   31  570 2945.09906 2815.92515  4.39%  95.1 10204s
 14850  2449 2816.26422   33  580 2945.09906 2815.92515  4.39%  95.1 10241s
 14851  2449 2865.34439   37  590 2945.09906 2815.92515  4.39%  95.1 10296s
 14852  2450 2827.57774   40  636 2945.09906 2815.92515  4.39%  95.1 10302s
 14853  2451 2821.88541   25  644 2945.09906 2815.92515  4.39%  95.0 10357s
 14854  2451 2856.11971   33  742 2945.09906 2815.92515  4.39%  95.0 10419s
 14855  2452 2932.60779   48  752 2945.09906 2815.92515  4.39%  95.0 10482s
 14856  2453 2849.88642   31  754 2945.09906 2815.92515  4.39%  95.0 10542s
 14857  2453 2913.32681   43  757 2945.09906 2815.92515  4.39%  95.0 10605s
 14858  2454 2879.12699   34  752 2945.09906 2815.92515  4.39%  95.0 10667s
 14859  2455 2873.42203   32  766 2945.09906 2815.92515  4.39%  95.0 10722s
 14860  2455 2820.35329   38  738 2945.09906 2815.92515  4.39%  95.0 10794s
 14861  2456 2877.09811   47  733 2945.09906 2815.92515  4.39%  95.0 10798s
 14862  2457 2839.11937   26  773 2945.09906 2815.92515  4.39%  95.0 10857s
 14863  2457 2847.37590   35  690 2945.09906 2815.92515  4.39%  95.0 10923s
 14864  2458 2823.32351   33  702 2945.09906 2815.92515  4.39%  95.0 10972s
 14865  2459 2879.50400   43  624 2945.09906 2815.92515  4.39%  95.0 10988s
 14866  2459 2862.93919   37  614 2945.09906 2815.92515  4.39%  95.0 10995s
 14867  2460 2859.06473   33  582 2945.09906 2815.92515  4.39%  95.0 11014s
 14868  2461 2911.94204   36  611 2945.09906 2815.92515  4.39%  95.0 11019s
 14869  2461 2877.29118   39  691 2945.09906 2815.92515  4.39%  94.9 11023s
 14870  2462 2899.39719   25  715 2945.09906 2815.92515  4.39%  94.9 11034s
 14871  2463 2826.25241   37  687 2945.09906 2815.92515  4.39%  94.9 11054s
 14872  2463 2845.62165   41  712 2945.09906 2815.92515  4.39%  94.9 11066s
 14873  2464 2921.66934   43  713 2945.09906 2815.92515  4.39%  94.9 11083s
 14874  2465 2872.60530   33  710 2945.09906 2815.92515  4.39%  94.9 11094s
 14875  2465 2821.31419   30  710 2945.09906 2815.92515  4.39%  94.9 11113s
 14876  2466 2895.34295   38  712 2945.09906 2815.92515  4.39%  94.9 11123s
 14877  2467 2877.55547   39  712 2945.09906 2815.92515  4.39%  94.9 11139s
 14878  2467 2862.79763   36  712 2945.09906 2815.92515  4.39%  94.9 11164s
 14879  2471 2815.92515   26  121 2945.09906 2815.92515  4.39%  97.8 11185s
 14881  2472 2815.92515   27   94 2945.09906 2815.92515  4.39%  97.9 11190s
 14883  2476 2815.92515   28   87 2945.09906 2815.92515  4.39%  97.9 11198s
 14889  2478 2815.92515   31   85 2945.09906 2815.92515  4.39%  97.9 11205s
 14894  2478 2858.15554   33   52 2945.09906 2815.92515  4.39%  98.0 11223s
 14900  2477 2900.40318   37   58 2945.09906 2815.92515  4.39%  98.0 11233s
 14906  2477     cutoff   40      2945.09906 2815.92515  4.39%  98.0 11239s
 14910  2479 2815.92515   28  100 2945.09906 2815.92515  4.39%  98.1 11244s
 14913  2484 2834.06130   29   85 2945.09906 2815.92515  4.39%  98.1 11249s
 14919  2489 2815.92515   32   98 2945.09906 2815.92515  4.39%  98.2 11261s
 14926  2491 2815.92515   34   66 2945.09906 2815.92515  4.39%  98.3 11269s
 14932  2490 2833.81018   37   60 2945.09906 2815.92515  4.39%  98.4 11275s
 14939  2492 2909.61895   42   56 2945.09906 2815.92515  4.39%  98.4 11284s
 14947  2493 2815.92515   28  124 2945.09906 2815.92515  4.39%  98.5 11290s
 14951  2496 2815.92515   28  109 2945.09906 2815.92515  4.39%  98.5 11302s
 14955  2502 2815.92515   29  204 2945.09906 2815.92515  4.39%  98.5 11313s
 14962  2502 infeasible   31      2945.09906 2815.92515  4.39%  98.5 11320s
 14975  2504 2866.89976   32  117 2945.09906 2815.92515  4.39%  98.5 11330s
 14990  2494 2921.00317   37  111 2945.09906 2815.92515  4.39%  98.5 11340s
 14999  2491 infeasible   31      2945.09906 2815.92515  4.39%  98.5 11350s
 15005  2492 2815.92515   31  179 2945.09906 2815.92515  4.39%  98.7 11356s
 15008  2493 2833.51768   31  168 2945.09906 2815.92515  4.39%  98.9 11364s
 15010  2494 2815.92515   32  172 2945.09906 2815.92515  4.39%  98.9 11383s
 15012  2497 2815.92515   32  180 2945.09906 2815.92515  4.39%  98.9 11406s
 15015  2499 2815.92515   33  144 2945.09906 2815.92515  4.39%  99.0 11496s
 15018  2500 2815.92515   33  280 2945.09906 2815.92515  4.39%  99.0 11522s
 15022  2501 2815.92515   34  143 2945.09906 2815.92515  4.39%  99.0 11552s
 15027  2502 2830.89870   34  214 2945.09906 2815.92515  4.39%  99.0 11610s
 15037  2503 2815.92515   35  137 2945.09906 2815.92515  4.39%  99.0 11620s
 15046  2503 2815.92515   37  141 2945.09906 2815.92515  4.39%  99.0 11635s
 15060  2503 2815.92515   39  210 2945.09906 2815.92515  4.39%  99.1 11661s
 15064  2509 2903.45319   39  162 2945.09906 2815.92515  4.39%  99.2 11724s
 15073  2517 2815.92515   40  205 2945.09906 2815.92515  4.39%  99.2 11741s
 15087  2515 2911.48342   43   87 2945.09906 2815.92515  4.39%  99.2 11762s
 15115  2507 2913.40313   50  161 2945.09906 2815.92515  4.39%  99.3 11781s
 15145  2513 2815.92515   30  116 2945.09906 2815.92515  4.39%  99.2 11800s
 15171  2513 2873.00555   35  203 2945.09906 2815.92515  4.39%  99.3 11807s
 15180  2518 infeasible   37      2945.09906 2815.92515  4.39%  99.3 11819s
 15195  2521 2891.33206   40  171 2945.09906 2815.92515  4.39%  99.4 11833s
 15204  2523 2894.89585   44  190 2945.09906 2815.92515  4.39%   100 11852s
 15230  2520 infeasible   51      2945.09906 2815.92515  4.39%   100 11866s
 15254  2526 infeasible   45      2945.09906 2815.92515  4.39%   100 11879s
 15280  2524 2907.51694   42   66 2945.09906 2815.92515  4.39%   100 11892s
 15288  2531 infeasible   43      2945.09906 2815.92515  4.39%   100 11935s
 15305  2531 2815.92515   51  102 2945.09906 2815.92515  4.39%   100 11961s
 15339  2527 2883.74461   35  174 2945.09906 2815.92515  4.39%   100 11983s
 15361  2529 2892.87454   38  129 2945.09906 2815.92515  4.39%   100 12010s
 15405  2516 2894.28315   42  122 2945.09906 2815.92515  4.39%   100 12033s
 15426  2521 infeasible   46      2945.09906 2815.92515  4.39%   100 12063s
 15486  2497 infeasible   54      2945.09906 2815.92515  4.39%   100 12103s
 15535  2482 2838.76387   37  172 2945.09906 2815.92515  4.39%   100 12126s
 15545  2480 2815.92515   38  115 2945.09906 2815.92515  4.39%   100 12158s
 15561  2497 2863.08355   39   49 2945.09906 2815.92515  4.39%   100 12184s
 15608  2514 2815.92515   47   48 2945.09906 2815.92515  4.39%   100 12218s
 15672  2494 infeasible   41      2945.09906 2815.92515  4.39%   100 12253s
 15686  2502 2876.24577   43   85 2945.09906 2815.92515  4.39%   100 12286s
 15731  2498 2815.92515   43  127 2945.09906 2815.92515  4.39%   100 12321s
 15754  2498 2815.92515   50  103 2945.09906 2815.92515  4.39%   100 12357s
 15808  2482 2927.69248   49   74 2945.09906 2815.92515  4.39%   100 12397s
 15832  2484 2902.45380   49  183 2945.09906 2815.92515  4.39%   100 12430s
 15871  2479 2911.93898   42  172 2945.09906 2815.92515  4.39%   100 12480s
 15899  2495 2815.92515   31  128 2945.09906 2815.92515  4.39%   100 12514s
 15956  2487 2928.93629   35   72 2945.09906 2815.92515  4.39%   100 12572s
 16006  2488 2815.92515   32  130 2945.09906 2815.92515  4.39%   100 12694s
 16045  2486 2862.41311   39  179 2945.09906 2815.92515  4.39%   101 12746s
 16091  2488 2815.92515   34  244 2945.09906 2815.92515  4.39%   101 12801s
 16122  2501 2815.92515   40  117 2945.09906 2815.92515  4.39%   101 12879s
 16183  2509 infeasible   48      2945.09906 2815.92515  4.39%   101 12939s
 16230  2500 2897.34471   50   59 2945.09906 2815.92515  4.39%   101 13035s
 16300  2525 2876.14009   48   73 2945.09906 2815.92515  4.39%   101 13104s
 16410  2506 2821.48254   36  103 2945.09906 2815.92515  4.39%   100 13162s
 16477  2524 infeasible   36      2945.09906 2815.92515  4.39%   101 13248s
 16638  2526 2829.05101   45   78 2945.09906 2815.92515  4.39%   100 13318s
 16761  2520 2863.93329   37  100 2945.09906 2815.92515  4.39%   100 13404s
 17012  2448 2890.08795   43   71 2945.09906 2815.92515  4.39%  99.3 13561s
 17227  2422 2815.92515   31  122 2945.09906 2815.92515  4.39%  98.7 13635s
 17410  2439     cutoff   45      2945.09906 2815.92515  4.39%  98.1 13762s
 17783  2327 2855.75253   43  125 2945.09906 2815.92515  4.39%  96.7 13800s

Cutting planes:
  Gomory: 5
  Lift-and-project: 1
  Cover: 31
  Implied bound: 276
  Projected implied bound: 6
  Clique: 25
  MIR: 85
  StrongCG: 9
  Flow cover: 48
  GUB cover: 95
  Inf proof: 1
  Zero half: 2
  RLT: 37
  Relax-and-lift: 33
  BQP: 22

Explored 17851 nodes (1735306 simplex iterations) in 13800.29 seconds (1465.90 work units)
Thread count was 2 (of 46 available processors)

Solution count 10: 2945.1 2945.1 2945.35 ... 2952.5

Time limit reached
Best objective 2.945099064079e+03, best bound 2.815925146343e+03, gap 4.3861%
