
Gurobi 13.0.2 (linux64) logging started Fri Aug 14 12:46:27 2026

Set parameter LogFile to value "/home/23037696r/Documents/research/or_benchmark/wp/results/inactive_0.3/j40/logs/gurobi/j400603_6.log"
Set parameter NumericFocus to value 1
Gurobi Optimizer version 13.0.2 build v13.0.2rc1 (linux64 - "Ubuntu 22.04.3 LTS")

CPU model: Intel Xeon Processor (Cascadelake), instruction set [SSE2|AVX|AVX2|AVX512]
Thread count: 46 physical cores, 46 logical processors, using up to 2 threads

Non-default parameters:
TimeLimit  13800
MIPGap  1e-06
NumericFocus  1
Threads  2

Optimize a model with 40611 rows, 22064 columns and 149187 nonzeros (Min)
Model fingerprint: 0x7743e174
Model has 14404 linear objective coefficients and an objective constant of 1.0223646760166246e+03
Variable types: 4564 continuous, 17500 integer (17304 binary)
Coefficient statistics:
  Matrix range     [1e+00, 3e+02]
  Objective range  [1e-02, 1e+03]
  Bounds range     [1e+00, 3e+02]
  RHS range        [1e+00, 3e+02]

Presolve removed 27750 rows and 8127 columns (presolve time = 5s)...
Presolve removed 29413 rows and 9809 columns (presolve time = 10s)...
Presolve removed 29412 rows and 9808 columns
Presolve time: 10.46s
Presolved: 11199 rows, 12256 columns, 75058 nonzeros
Variable types: 0 continuous, 12256 integer (7959 binary)
Found heuristic solution: objective 4359.0705219

Root simplex log...

Iteration    Objective       Primal Inf.    Dual Inf.      Time
       0    1.3823789e+03   8.593125e+02   0.000000e+00     11s
    3132    2.8653308e+03   0.000000e+00   0.000000e+00     13s

Root relaxation: objective 2.865331e+03, 3132 iterations, 2.22 seconds (0.29 work units)

    Nodes    |    Current Node    |     Objective Bounds      |     Work
 Expl Unexpl |  Obj  Depth IntInf | Incumbent    BestBd   Gap | It/Node Time

     0     0 2865.33081    0  140 4359.07052 2865.33081  34.3%     -   14s
     0     0 2878.95967    0  170 4359.07052 2878.95967  34.0%     -   18s
     0     0 2878.95967    0  151 4359.07052 2878.95967  34.0%     -   18s
     0     0 2878.95967    0  143 4359.07052 2878.95967  34.0%     -   19s
     0     0 2878.95967    0  143 4359.07052 2878.95967  34.0%     -   19s
     0     0 2878.95967    0  148 4359.07052 2878.95967  34.0%     -   19s
     0     0 2878.95967    0  142 4359.07052 2878.95967  34.0%     -   20s
     0     0 2878.95967    0  139 4359.07052 2878.95967  34.0%     -   20s
     0     0 2878.95967    0  135 4359.07052 2878.95967  34.0%     -   20s
     0     0 2878.95967    0  134 4359.07052 2878.95967  34.0%     -   21s
     0     0 2878.95967    0  133 4359.07052 2878.95967  34.0%     -   21s
     0     0 2878.95967    0  133 4359.07052 2878.95967  34.0%     -   21s
H    0     0                    4340.0617466 2878.95967  33.7%     -   22s
H    0     0                    4328.9567272 2878.95967  33.5%     -   22s
     0     0 2879.02170    0  158 4328.95673 2879.02170  33.5%     -   23s
     0     0 2879.02170    0  155 4328.95673 2879.02170  33.5%     -   23s
     0     0 2879.02170    0  155 4328.95673 2879.02170  33.5%     -   23s
     0     0 2879.02170    0  155 4328.95673 2879.02170  33.5%     -   23s
     0     0 2879.02170    0  155 4328.95673 2879.02170  33.5%     -   23s
     0     0 2879.02170    0  155 4328.95673 2879.02170  33.5%     -   24s
     0     0 2879.02170    0  155 4328.95673 2879.02170  33.5%     -   24s
     0     0 2879.02170    0  155 4328.95673 2879.02170  33.5%     -   24s
     0     0 2879.02170    0  155 4328.95673 2879.02170  33.5%     -   24s
     0     0 2879.02170    0  155 4328.95673 2879.02170  33.5%     -   24s
     0     0 2879.02170    0  155 4328.95673 2879.02170  33.5%     -   24s
     0     0 2879.08243    0  146 4328.95673 2879.08243  33.5%     -   25s
     0     0 2879.08243    0  146 4328.95673 2879.08243  33.5%     -   25s
     0     0 2879.08243    0  146 4328.95673 2879.08243  33.5%     -   25s
     0     0 2879.08243    0  146 4328.95673 2879.08243  33.5%     -   25s
     0     0 2879.08243    0  146 4328.95673 2879.08243  33.5%     -   25s
     0     0 2879.08243    0  146 4328.95673 2879.08243  33.5%     -   26s
     0     0 2879.08243    0  146 4328.95673 2879.08243  33.5%     -   26s
     0     0 2879.08243    0  146 4328.95673 2879.08243  33.5%     -   26s
     0     0 2879.08243    0  146 4328.95673 2879.08243  33.5%     -   26s
     0     0 2879.08243    0  146 4328.95673 2879.08243  33.5%     -   26s
     0     0 2879.08243    0  146 4328.95673 2879.08243  33.5%     -   26s
     0     0 2879.08864    0  136 4328.95673 2879.08864  33.5%     -   27s
     0     0 2879.08864    0  136 4328.95673 2879.08864  33.5%     -   27s
     0     0 2879.08864    0  136 4328.95673 2879.08864  33.5%     -   27s
     0     0 2879.08864    0  136 4328.95673 2879.08864  33.5%     -   27s
     0     0 2879.08864    0  136 4328.95673 2879.08864  33.5%     -   27s
     0     0 2879.08864    0  136 4328.95673 2879.08864  33.5%     -   27s
     0     0 2879.08864    0  136 4328.95673 2879.08864  33.5%     -   28s
     0     0 2879.08864    0  136 4328.95673 2879.08864  33.5%     -   28s
     0     0 2879.08864    0  136 4328.95673 2879.08864  33.5%     -   28s
     0     0 2879.08864    0  136 4328.95673 2879.08864  33.5%     -   28s
     0     0 2879.08864    0  136 4328.95673 2879.08864  33.5%     -   28s
     0     0 2881.32445    0  213 4328.95673 2881.32445  33.4%     -   31s
     0     0 2881.33080    0  219 4328.95673 2881.33080  33.4%     -   32s
     0     0 2881.33080    0  218 4328.95673 2881.33080  33.4%     -   32s
     0     0 2881.33080    0  219 4328.95673 2881.33080  33.4%     -   32s
     0     0 2881.33081    0  219 4328.95673 2881.33081  33.4%     -   32s
     0     0 2881.33081    0  219 4328.95673 2881.33081  33.4%     -   33s
     0     0 2881.33081    0  219 4328.95673 2881.33081  33.4%     -   33s
     0     0 2881.33081    0  219 4328.95673 2881.33081  33.4%     -   33s
     0     0 2881.33081    0  219 4328.95673 2881.33081  33.4%     -   33s
     0     0 2881.33082    0  219 4328.95673 2881.33082  33.4%     -   34s
     0     0 2881.33082    0  219 4328.95673 2881.33082  33.4%     -   34s
     0     0 2883.61926    0  219 4328.95673 2883.61926  33.4%     -   36s
     0     0 2883.61926    0  215 4328.95673 2883.61926  33.4%     -   36s
     0     0 2883.61926    0  215 4328.95673 2883.61926  33.4%     -   36s
     0     0 2883.61926    0  215 4328.95673 2883.61926  33.4%     -   37s
     0     0 2883.61926    0  215 4328.95673 2883.61926  33.4%     -   37s
     0     0 2883.61926    0  215 4328.95673 2883.61926  33.4%     -   37s
     0     0 2883.61926    0  215 4328.95673 2883.61926  33.4%     -   37s
     0     0 2883.61926    0  215 4328.95673 2883.61926  33.4%     -   37s
     0     0 2883.61926    0  215 4328.95673 2883.61926  33.4%     -   38s
     0     0 2883.61926    0  215 4328.95673 2883.61926  33.4%     -   38s
     0     0 2883.61926    0  215 4328.95673 2883.61926  33.4%     -   38s
     0     0 2883.67632    0  220 4328.95673 2883.67632  33.4%     -   39s
     0     0 2883.67632    0  220 4328.95673 2883.67632  33.4%     -   39s
     0     0 2883.67632    0  220 4328.95673 2883.67632  33.4%     -   39s
     0     0 2883.67632    0  220 4328.95673 2883.67632  33.4%     -   39s
     0     0 2883.67632    0  220 4328.95673 2883.67632  33.4%     -   40s
     0     0 2883.67632    0  220 4328.95673 2883.67632  33.4%     -   40s
     0     0 2883.67632    0  220 4328.95673 2883.67632  33.4%     -   40s
     0     0 2883.67632    0  220 4328.95673 2883.67632  33.4%     -   40s
     0     0 2883.67632    0  220 4328.95673 2883.67632  33.4%     -   40s
     0     0 2883.67632    0  220 4328.95673 2883.67632  33.4%     -   40s
     0     0 2883.67632    0  220 4328.95673 2883.67632  33.4%     -   41s
     0     0 2883.73533    0  232 4328.95673 2883.73533  33.4%     -   41s
     0     0 2883.73533    0  231 4328.95673 2883.73533  33.4%     -   41s
     0     0 2883.73533    0  231 4328.95673 2883.73533  33.4%     -   42s
     0     0 2883.73533    0  231 4328.95673 2883.73533  33.4%     -   42s
     0     0 2883.73533    0  231 4328.95673 2883.73533  33.4%     -   42s
     0     0 2883.73533    0  231 4328.95673 2883.73533  33.4%     -   42s
     0     0 2883.73533    0  231 4328.95673 2883.73533  33.4%     -   42s
     0     0 2883.73533    0  231 4328.95673 2883.73533  33.4%     -   42s
     0     0 2883.73533    0  231 4328.95673 2883.73533  33.4%     -   43s
     0     0 2883.73533    0  231 4328.95673 2883.73533  33.4%     -   43s
     0     0 2883.73533    0  231 4328.95673 2883.73533  33.4%     -   43s
     0     0 2883.76818    0  222 4328.95673 2883.76818  33.4%     -   44s
     0     0 2883.76818    0  222 4328.95673 2883.76818  33.4%     -   44s
     0     0 2883.76818    0  222 4328.95673 2883.76818  33.4%     -   44s
     0     0 2883.76818    0  222 4328.95673 2883.76818  33.4%     -   44s
     0     0 2883.76818    0  222 4328.95673 2883.76818  33.4%     -   44s
     0     0 2883.76818    0  222 4328.95673 2883.76818  33.4%     -   45s
     0     0 2883.76818    0  222 4328.95673 2883.76818  33.4%     -   45s
     0     0 2883.76818    0  222 4328.95673 2883.76818  33.4%     -   45s
     0     0 2883.76818    0  222 4328.95673 2883.76818  33.4%     -   45s
     0     0 2883.76818    0  222 4328.95673 2883.76818  33.4%     -   45s
     0     0 2883.76818    0  222 4328.95673 2883.76818  33.4%     -   45s
     0     0 2883.76837    0  230 4328.95673 2883.76837  33.4%     -   46s
     0     0 2888.78217    0  330 4328.95673 2888.78217  33.3%     -   49s
     0     0 2888.78860    0  373 4328.95673 2888.78860  33.3%     -   49s
     0     0 2888.78868    0  340 4328.95673 2888.78868  33.3%     -   50s
     0     0 2890.93176    0  351 4328.95673 2890.93176  33.2%     -   51s
     0     0 2890.93832    0  347 4328.95673 2890.93832  33.2%     -   52s
     0     0 2890.93832    0  347 4328.95673 2890.93832  33.2%     -   52s
     0     0 2890.93832    0  347 4328.95673 2890.93832  33.2%     -   52s
     0     0 2890.93832    0  347 4328.95673 2890.93832  33.2%     -   52s
     0     0 2890.93832    0  347 4328.95673 2890.93832  33.2%     -   53s
     0     0 2890.93832    0  347 4328.95673 2890.93832  33.2%     -   53s
     0     0 2890.93832    0  347 4328.95673 2890.93832  33.2%     -   53s
     0     0 2890.93832    0  347 4328.95673 2890.93832  33.2%     -   53s
     0     0 2890.93832    0  347 4328.95673 2890.93832  33.2%     -   53s
     0     0 2890.93832    0  347 4328.95673 2890.93832  33.2%     -   54s
     0     0 2890.99434    0  345 4328.95673 2890.99434  33.2%     -   54s
     0     0 2890.99434    0  345 4328.95673 2890.99434  33.2%     -   55s
     0     0 2890.99434    0  345 4328.95673 2890.99434  33.2%     -   55s
     0     0 2890.99434    0  345 4328.95673 2890.99434  33.2%     -   55s
     0     0 2890.99434    0  345 4328.95673 2890.99434  33.2%     -   55s
     0     0 2890.99434    0  345 4328.95673 2890.99434  33.2%     -   55s
     0     0 2890.99434    0  345 4328.95673 2890.99434  33.2%     -   56s
     0     0 2890.99434    0  345 4328.95673 2890.99434  33.2%     -   56s
     0     0 2890.99434    0  345 4328.95673 2890.99434  33.2%     -   56s
     0     0 2890.99434    0  345 4328.95673 2890.99434  33.2%     -   56s
     0     0 2890.99434    0  345 4328.95673 2890.99434  33.2%     -   56s
     0     0 2891.07198    0  344 4328.95673 2891.07198  33.2%     -   57s
     0     0 2891.07198    0  344 4328.95673 2891.07198  33.2%     -   57s
     0     0 2891.07198    0  344 4328.95673 2891.07198  33.2%     -   57s
     0     0 2891.07198    0  344 4328.95673 2891.07198  33.2%     -   58s
     0     0 2891.07198    0  344 4328.95673 2891.07198  33.2%     -   58s
     0     0 2891.07198    0  344 4328.95673 2891.07198  33.2%     -   58s
     0     0 2891.07198    0  344 4328.95673 2891.07198  33.2%     -   58s
     0     0 2891.07198    0  344 4328.95673 2891.07198  33.2%     -   58s
     0     0 2891.07198    0  344 4328.95673 2891.07198  33.2%     -   59s
     0     0 2891.07198    0  344 4328.95673 2891.07198  33.2%     -   59s
     0     0 2891.07198    0  344 4328.95673 2891.07198  33.2%     -   59s
     0     0 2891.09445    0  348 4328.95673 2891.09445  33.2%     -   60s
     0     0 2891.09445    0  348 4328.95673 2891.09445  33.2%     -   60s
     0     0 2891.09445    0  348 4328.95673 2891.09445  33.2%     -   60s
     0     0 2891.09445    0  348 4328.95673 2891.09445  33.2%     -   60s
     0     0 2891.09445    0  348 4328.95673 2891.09445  33.2%     -   61s
     0     0 2891.09445    0  348 4328.95673 2891.09445  33.2%     -   61s
     0     0 2891.09445    0  348 4328.95673 2891.09445  33.2%     -   61s
     0     0 2891.09445    0  348 4328.95673 2891.09445  33.2%     -   61s
     0     0 2891.09445    0  348 4328.95673 2891.09445  33.2%     -   61s
     0     0 2891.09445    0  348 4328.95673 2891.09445  33.2%     -   61s
     0     0 2891.09445    0  348 4328.95673 2891.09445  33.2%     -   62s
     0     0 2891.09451    0  349 4328.95673 2891.09451  33.2%     -   62s
     0     0 2891.09451    0  349 4328.95673 2891.09451  33.2%     -   62s
     0     0 2891.09451    0  349 4328.95673 2891.09451  33.2%     -   62s
     0     0 2891.09451    0  349 4328.95673 2891.09451  33.2%     -   62s
     0     0 2891.09451    0  349 4328.95673 2891.09451  33.2%     -   62s
     0     0 2891.09451    0  349 4328.95673 2891.09451  33.2%     -   63s
     0     0 2891.09451    0  349 4328.95673 2891.09451  33.2%     -   63s
     0     0 2891.09451    0  349 4328.95673 2891.09451  33.2%     -   63s
     0     0 2891.09451    0  349 4328.95673 2891.09451  33.2%     -   63s
     0     0 2891.09451    0  349 4328.95673 2891.09451  33.2%     -   63s
     0     0 2891.09451    0  349 4328.95673 2891.09451  33.2%     -   64s
     0     0 2894.17836    0  280 4328.95673 2894.17836  33.1%     -   67s
     0     0 2894.17836    0  279 4328.95673 2894.17836  33.1%     -   67s
     0     0 2894.17836    0  279 4328.95673 2894.17836  33.1%     -   67s
     0     0 2894.17836    0  279 4328.95673 2894.17836  33.1%     -   68s
     0     0 2894.17836    0  279 4328.95673 2894.17836  33.1%     -   68s
     0     0 2894.17836    0  279 4328.95673 2894.17836  33.1%     -   68s
     0     0 2894.17836    0  279 4328.95673 2894.17836  33.1%     -   68s
     0     0 2894.17836    0  279 4328.95673 2894.17836  33.1%     -   68s
     0     0 2894.17836    0  279 4328.95673 2894.17836  33.1%     -   69s
     0     0 2894.17836    0  279 4328.95673 2894.17836  33.1%     -   69s
     0     0 2894.67854    0  288 4328.95673 2894.67854  33.1%     -   71s
     0     0 2894.67854    0  287 4328.95673 2894.67854  33.1%     -   71s
     0     0 2894.85298    0  285 4328.95673 2894.85298  33.1%     -   71s
     0     0 2894.86137    0  272 4328.95673 2894.86137  33.1%     -   72s
     0     0 2894.86137    0  281 4328.95673 2894.86137  33.1%     -   73s
     0     0 2897.13601    0  289 4328.95673 2897.13601  33.1%     -   76s
     0     0 2897.37790    0  296 4328.95673 2897.37790  33.1%     -   78s
     0     0 2897.54896    0  303 4328.95673 2897.54896  33.1%     -   78s
     0     0 2897.54959    0  300 4328.95673 2897.54959  33.1%     -   79s
     0     0 2898.86657    0  501 4328.95673 2898.86657  33.0%     -   82s
     0     0 2898.87937    0  556 4328.95673 2898.87937  33.0%     -   83s
     0     0 2898.88006    0  521 4328.95673 2898.88006  33.0%     -   84s
     0     0 2898.88006    0  520 4328.95673 2898.88006  33.0%     -   84s
     0     0 2898.88006    0  520 4328.95673 2898.88006  33.0%     -   84s
     0     0 2898.88006    0  520 4328.95673 2898.88006  33.0%     -   85s
     0     0 2898.88006    0  520 4328.95673 2898.88006  33.0%     -   85s
     0     0 2898.88006    0  520 4328.95673 2898.88006  33.0%     -   85s
     0     0 2898.88006    0  520 4328.95673 2898.88006  33.0%     -   85s
     0     0 2898.88006    0  520 4328.95673 2898.88006  33.0%     -   86s
     0     0 2898.88006    0  520 4328.95673 2898.88006  33.0%     -   86s
H    0     0                    3266.3235193 2898.89073  11.2%     -   87s
H    0     0                    3261.1231129 2898.89073  11.1%     -   87s
     0     0 2899.01145    0  308 3261.12311 2899.01145  11.1%     -   88s
     0     0 2899.01625    0  311 3261.12311 2899.01625  11.1%     -   89s
     0     0 2899.21245    0  321 3261.12311 2899.21245  11.1%     -   91s
     0     0 2899.48893    0  333 3261.12311 2899.48893  11.1%     -   92s
     0     0 2899.52410    0  340 3261.12311 2899.52410  11.1%     -   93s
     0     0 2899.54286    0  347 3261.12311 2899.54286  11.1%     -   94s
     0     0 2899.54702    0  352 3261.12311 2899.54702  11.1%     -   94s
     0     0 2899.81834    0  351 3261.12311 2899.81834  11.1%     -   96s
H    0     0                    3256.0980916 2900.85707  10.9%     -   97s
H    0     0                    3253.8516090 2900.85707  10.8%     -   97s
H    0     0                    3253.7192104 2900.85707  10.8%     -   97s
H    0     0                    3248.6174306 2900.85707  10.7%     -   97s
H    0     0                    3247.3739263 2900.85707  10.7%     -   97s
     0     0 2900.85707    0  345 3247.37393 2900.85707  10.7%     -   98s
     0     0 2900.85707    0  342 3247.37393 2900.85707  10.7%     -   98s
     0     0 2900.85707    0  344 3247.37393 2900.85707  10.7%     -   99s
     0     0 2900.85707    0  349 3247.37393 2900.85707  10.7%     -  100s
     0     0 2900.85707    0  350 3247.37393 2900.85707  10.7%     -  100s
     0     0 2900.85707    0  348 3247.37393 2900.85707  10.7%     -  102s
     0     0 2900.85707    0  352 3247.37393 2900.85707  10.7%     -  103s
     0     0 2900.85707    0  361 3247.37393 2900.85707  10.7%     -  104s
     0     0 2901.09909    0  358 3247.37393 2901.09909  10.7%     -  105s
     0     0 2901.09909    0  357 3247.37393 2901.09909  10.7%     -  106s
     0     0 2901.97133    0  351 3247.37393 2901.97133  10.6%     -  107s
     0     0 2901.97133    0  361 3247.37393 2901.97133  10.6%     -  108s
     0     0 2901.97133    0  358 3247.37393 2901.97133  10.6%     -  108s
     0     0 2901.97133    0  365 3247.37393 2901.97133  10.6%     -  109s
     0     0 2904.20750    0  502 3247.37393 2904.20750  10.6%     -  111s
     0     0 2904.20750    0  499 3247.37393 2904.20750  10.6%     -  111s
     0     0 2904.20750    0  499 3247.37393 2904.20750  10.6%     -  111s
     0     0 2904.20750    0  499 3247.37393 2904.20750  10.6%     -  111s
     0     0 2904.20750    0  499 3247.37393 2904.20750  10.6%     -  112s
     0     0 2904.20750    0  499 3247.37393 2904.20750  10.6%     -  112s
     0     0 2904.20750    0  499 3247.37393 2904.20750  10.6%     -  112s
     0     0 2904.20750    0  499 3247.37393 2904.20750  10.6%     -  112s
     0     0 2904.20750    0  499 3247.37393 2904.20750  10.6%     -  112s
     0     0 2904.20750    0  499 3247.37393 2904.20750  10.6%     -  112s
     0     0 2904.20750    0  499 3247.37393 2904.20750  10.6%     -  113s
     0     0 2904.42578    0  564 3247.37393 2904.42578  10.6%     -  114s
     0     0 2904.42609    0  562 3247.37393 2904.42609  10.6%     -  114s
     0     0 2904.46347    0  552 3247.37393 2904.46347  10.6%     -  115s
     0     0 2904.46347    0  177 3247.37393 2904.46347  10.6%     -  126s
     0     0 2904.46347    0  174 3247.37393 2904.46347  10.6%     -  126s
     0     0 2904.46347    0  174 3247.37393 2904.46347  10.6%     -  127s
     0     0 2904.46347    0  174 3247.37393 2904.46347  10.6%     -  127s
     0     0 2904.46347    0  174 3247.37393 2904.46347  10.6%     -  127s
     0     0 2904.46347    0  174 3247.37393 2904.46347  10.6%     -  127s
     0     0 2904.46347    0  174 3247.37393 2904.46347  10.6%     -  127s
     0     0 2904.46347    0  174 3247.37393 2904.46347  10.6%     -  127s
     0     0 2904.46347    0  171 3247.37393 2904.46347  10.6%     -  128s
     0     0 2904.46347    0  171 3247.37393 2904.46347  10.6%     -  128s
     0     0 2904.46347    0  285 3247.37393 2904.46347  10.6%     -  131s
     0     0 2904.46347    0  283 3247.37393 2904.46347  10.6%     -  131s
     0     0 2904.46347    0  283 3247.37393 2904.46347  10.6%     -  132s
     0     0 2904.46347    0  283 3247.37393 2904.46347  10.6%     -  132s
     0     0 2904.46347    0  283 3247.37393 2904.46347  10.6%     -  132s
     0     0 2904.46347    0  283 3247.37393 2904.46347  10.6%     -  132s
     0     0 2904.46347    0  283 3247.37393 2904.46347  10.6%     -  132s
     0     0 2904.46347    0  283 3247.37393 2904.46347  10.6%     -  132s
     0     0 2904.46347    0  283 3247.37393 2904.46347  10.6%     -  133s
     0     0 2904.46347    0  283 3247.37393 2904.46347  10.6%     -  133s
     0     0 2904.46347    0  283 3247.37393 2904.46347  10.6%     -  133s
     0     0 2904.46347    0  326 3247.37393 2904.46347  10.6%     -  136s
     0     0 2904.46347    0  327 3247.37393 2904.46347  10.6%     -  136s
     0     0 2904.46347    0  327 3247.37393 2904.46347  10.6%     -  136s
     0     0 2904.46347    0  327 3247.37393 2904.46347  10.6%     -  136s
     0     0 2904.46347    0  327 3247.37393 2904.46347  10.6%     -  136s
     0     0 2904.46347    0  327 3247.37393 2904.46347  10.6%     -  137s
     0     0 2904.46347    0  327 3247.37393 2904.46347  10.6%     -  137s
     0     0 2904.46347    0  327 3247.37393 2904.46347  10.6%     -  137s
     0     0 2904.46347    0  327 3247.37393 2904.46347  10.6%     -  137s
     0     0 2904.46347    0  327 3247.37393 2904.46347  10.6%     -  137s
     0     0 2904.46347    0  327 3247.37393 2904.46347  10.6%     -  138s
     0     0 2904.46347    0  295 3247.37393 2904.46347  10.6%     -  139s
     0     0 2904.46347    0  302 3247.37393 2904.46347  10.6%     -  139s
     0     0 2904.46347    0  300 3247.37393 2904.46347  10.6%     -  140s
     0     0 2904.53713    0  305 3247.37393 2904.53713  10.6%     -  141s
     0     0 2904.55736    0  294 3247.37393 2904.55736  10.6%     -  141s
     0     0 2904.58910    0  289 3247.37393 2904.58910  10.6%     -  142s
     0     0 2904.66179    0  299 3247.37393 2904.66179  10.6%     -  143s
     0     0 2904.90858    0  298 3247.37393 2904.90858  10.5%     -  144s
     0     0 2904.92462    0  308 3247.37393 2904.92462  10.5%     -  144s
     0     0 2904.92535    0  308 3247.37393 2904.92535  10.5%     -  145s
     0     0 2909.13432    0  429 3247.37393 2909.13432  10.4%     -  149s
     0     0 2909.13432    0  428 3247.37393 2909.13432  10.4%     -  149s
     0     0 2909.13432    0  428 3247.37393 2909.13432  10.4%     -  150s
     0     0 2909.13432    0  428 3247.37393 2909.13432  10.4%     -  150s
     0     0 2909.13432    0  428 3247.37393 2909.13432  10.4%     -  150s
     0     0 2909.13432    0  428 3247.37393 2909.13432  10.4%     -  150s
     0     0 2909.13432    0  428 3247.37393 2909.13432  10.4%     -  151s
     0     0 2909.13432    0  428 3247.37393 2909.13432  10.4%     -  151s
     0     0 2909.13432    0  428 3247.37393 2909.13432  10.4%     -  151s
     0     0 2909.13432    0  428 3247.37393 2909.13432  10.4%     -  152s
     0     0 2909.13432    0  428 3247.37393 2909.13432  10.4%     -  152s
     0     0 2909.32756    0  314 3247.37393 2909.32756  10.4%     -  154s
     0     0 2909.32995    0  314 3247.37393 2909.32995  10.4%     -  155s
     0     0 2910.47322    0  315 3247.37393 2910.47322  10.4%     -  158s
     0     0 2910.47322    0  312 3247.37393 2910.47322  10.4%     -  158s
     0     0 2910.59949    0  335 3247.37393 2910.59949  10.4%     -  160s
     0     0 2910.62250    0  339 3247.37393 2910.62250  10.4%     -  161s
     0     0 2910.65633    0  339 3247.37393 2910.65633  10.4%     -  162s
     0     0 2910.65633    0  343 3247.37393 2910.65633  10.4%     -  163s
     0     0 2910.87975    0  343 3247.37393 2910.87975  10.4%     -  168s
     0     0 2910.91051    0  346 3247.37393 2910.91051  10.4%     -  170s
     0     0 2910.96719    0  338 3247.37393 2910.96719  10.4%     -  171s
     0     0 2910.97600    0  341 3247.37393 2910.97600  10.4%     -  172s
     0     0 2911.04555    0  356 3247.37393 2911.04555  10.4%     -  174s
     0     0 2911.04556    0  356 3247.37393 2911.04556  10.4%     -  175s
     0     0 2911.15821    0  351 3247.37393 2911.15821  10.4%     -  177s
     0     0 2911.37073    0  364 3247.37393 2911.37073  10.3%     -  178s
     0     0 2911.37073    0  362 3247.37393 2911.37073  10.3%     -  179s
     0     0 2911.37073    0  353 3247.37393 2911.37073  10.3%     -  181s
H    0     0                    3239.2752331 2911.37073  10.1%     -  182s
H    0     0                    3235.6423326 2911.37073  10.0%     -  182s
H    0     0                    3234.6204821 2911.37073  10.0%     -  182s
H    0     0                    3234.3554710 2911.37073  10.0%     -  183s
     0     0 2911.37073    0  359 3234.35547 2911.37073  10.0%     -  183s
     0     0 2911.37073    0  361 3234.35547 2911.37073  10.0%     -  184s
     0     0 2911.45604    0  367 3234.35547 2911.45604  10.0%     -  186s
     0     0 2911.54496    0  369 3234.35547 2911.54496  10.0%     -  189s
     0     0 2911.54496    0  374 3234.35547 2911.54496  10.0%     -  189s
     0     0 2911.72965    0  365 3234.35547 2911.72965  10.0%     -  192s
     0     0 2911.75412    0  357 3234.35547 2911.75412  10.0%     -  194s
     0     0 2911.77007    0  370 3234.35547 2911.77007  10.0%     -  195s
     0     0 2911.77147    0  372 3234.35547 2911.77147  10.0%     -  196s
     0     0 2911.77822    0  368 3234.35547 2911.77822  10.0%     -  198s
     0     0 2911.81239    0  376 3234.35547 2911.81239  10.0%     -  200s
     0     0 2911.85814    0  350 3234.35547 2911.85814  10.0%     -  203s
     0     0 2911.92487    0  355 3234.35547 2911.92487  10.0%     -  205s
     0     0 2911.96408    0  350 3234.35547 2911.96408  10.0%     -  206s
     0     0 2911.98317    0  357 3234.35547 2911.98317  10.0%     -  207s
     0     0 2911.98368    0  363 3234.35547 2911.98368  10.0%     -  208s
     0     0 2912.04439    0  357 3234.35547 2912.04439  10.0%     -  210s
     0     0 2912.59660    0  347 3234.35547 2912.59660  9.95%     -  213s
     0     0 2912.73240    0  351 3234.35547 2912.73240  9.94%     -  215s
     0     0 2912.78218    0  343 3234.35547 2912.78218  9.94%     -  216s
     0     0 2912.78529    0  347 3234.35547 2912.78529  9.94%     -  218s
     0     0 2914.10620    0  355 3234.35547 2914.10620  9.90%     -  221s
     0     0 2914.32564    0  362 3234.35547 2914.32564  9.89%     -  224s
     0     0 2914.39822    0  364 3234.35547 2914.39822  9.89%     -  225s
     0     0 2914.40183    0  362 3234.35547 2914.40183  9.89%     -  227s
     0     0 2914.56543    0  362 3234.35547 2914.56543  9.89%     -  230s
     0     0 2914.57503    0  364 3234.35547 2914.57503  9.89%     -  230s
     0     0 2914.59051    0  368 3234.35547 2914.59051  9.89%     -  233s
     0     0 2914.59095    0  369 3234.35547 2914.59095  9.89%     -  234s
     0     0 2914.99872    0  359 3234.35547 2914.99872  9.87%     -  237s
H    0     0                    3233.1568442 2915.01402  9.84%     -  239s
H    0     0                    3231.5589533 2915.01402  9.80%     -  240s
     0     0 2915.03775    0  363 3231.55895 2915.03775  9.79%     -  240s
     0     0 2915.03892    0  364 3231.55895 2915.03892  9.79%     -  242s
     0     0 2915.09400    0  357 3231.55895 2915.09400  9.79%     -  244s
     0     0 2915.11460    0  347 3231.55895 2915.11460  9.79%     -  246s
     0     0 2915.11996    0  352 3231.55895 2915.11996  9.79%     -  247s
     0     0 2916.30675    0  322 3231.55895 2916.30675  9.76%     -  250s
H    0     0                    3230.3278062 2916.30740  9.72%     -  252s
H    0     0                    3230.1107079 2916.30740  9.71%     -  252s
H    0     0                    3229.5689787 2916.30740  9.70%     -  252s
H    0     0                    3229.4605516 2916.30740  9.70%     -  253s
     0     0 2916.32896    0  338 3229.46055 2916.32896  9.70%     -  254s
     0     0 2916.33881    0  326 3229.46055 2916.33881  9.70%     -  255s
     0     0 2916.33890    0  328 3229.46055 2916.33890  9.70%     -  257s
     0     0 2916.40555    0  327 3229.46055 2916.40555  9.69%     -  259s
     0     0 2916.46785    0  328 3229.46055 2916.46785  9.69%     -  261s
     0     0 2916.47298    0  337 3229.46055 2916.47298  9.69%     -  263s
     0     0 2916.81761    0  349 3229.46055 2916.81761  9.68%     -  265s
     0     0 2916.86665    0  357 3229.46055 2916.86665  9.68%     -  269s
     0     0 2916.90429    0  368 3229.46055 2916.90429  9.68%     -  270s
     0     0 2916.92640    0  359 3229.46055 2916.92640  9.68%     -  272s
     0     0 2916.92705    0  361 3229.46055 2916.92705  9.68%     -  273s
     0     0 2916.93883    0  362 3229.46055 2916.93883  9.68%     -  275s
     0     0 2916.96378    0  363 3229.46055 2916.96378  9.68%     -  278s
     0     0 2916.96378    0  374 3229.46055 2916.96378  9.68%     -  281s
     0     0 2916.96868    0  366 3229.46055 2916.96868  9.68%     -  284s
     0     0 2916.96868    0  368 3229.46055 2916.96868  9.68%     -  287s
     0     0 2936.28726    0  258 3229.46055 2936.28726  9.08%     -  292s
     0     0 2936.28726    0  258 3229.46055 2936.28726  9.08%     -  292s
     0     0 2936.28726    0  258 3229.46055 2936.28726  9.08%     -  292s
     0     2 2938.03825    0  250 3229.46055 2938.03825  9.02%     -  298s
     3     6 2938.03825    2  274 3229.46055 2938.03825  9.02%   546  300s
    17    20 2938.54042    5  205 3229.46055 2938.03825  9.02%   232  305s
    35    31 2938.80911    8  188 3229.46055 2938.03825  9.02%   169  310s
    50    40 infeasible   14      3229.46055 2938.03825  9.02%   140  315s
    55    45 2940.47061   16  352 3229.46055 2938.03825  9.02%   193  320s
    63    50 2947.52222   19  373 3229.46055 2938.03825  9.02%   215  327s
    69    50 infeasible   21      3229.46055 2938.03825  9.02%   261  334s
    74    50 3100.33256   22  266 3229.46055 2938.03825  9.02%   302  337s
    81    55 3100.96987   24  288 3229.46055 2938.03825  9.02%   323  341s
    91    63 3106.49481   27  295 3229.46055 2938.03825  9.02%   330  345s
    99    69 infeasible   29      3229.46055 2938.03825  9.02%   334  352s
   110    73 infeasible   35      3229.46055 2938.03825  9.02%   343  357s
   119    77 2940.95533    5  284 3229.46055 2938.03825  9.02%   349  360s
H  120    77                    3226.1300009 2938.03825  8.93%   346  360s
   123    82 2946.77798    6  240 3226.13000 2938.03825  8.93%   357  366s
   132    92 2948.00183   10  238 3226.13000 2938.03825  8.93%   370  371s
   142    98 3052.08069   13  272 3226.13000 2938.03825  8.93%   380  376s
   150   101 3052.50218   15  250 3226.13000 2938.03825  8.93%   379  382s
   159   106 3057.56648   19  301 3226.13000 2938.20098  8.92%   390  386s
   171   124 3108.98339   27  239 3226.13000 2938.20098  8.92%   374  393s
   190   139 3114.49256   42  195 3226.13000 2938.20098  8.92%   344  398s
   211   152 3115.59086   57  211 3226.13000 2938.20098  8.92%   324  402s
   225   181 3115.72830   69  210 3226.13000 2938.20098  8.92%   310  406s
   254   209 3116.13101   92  207 3226.13000 2938.20098  8.92%   279  411s
   283   207 infeasible  117      3226.13000 2938.40847  8.92%   255  415s
   289   209 2997.79457    6  197 3226.13000 2938.40847  8.92%   267  420s
   295   216 3104.58778    8  148 3226.13000 2938.40847  8.92%   280  426s
   301   222 3157.03036   10  159 3226.13000 2938.40847  8.92%   279  430s
   311   222 3159.80023   14  119 3226.13000 2938.40847  8.92%   276  435s
   325   222 2949.03894   11  207 3226.13000 2938.40847  8.92%   288  443s
   329   226 2951.77735   13  352 3226.13000 2938.40847  8.92%   292  446s
   338   233 3000.97149   14  277 3226.13000 2938.40847  8.92%   298  453s
   340   230 infeasible   13      3226.13000 2938.40847  8.92%   298  457s
   347   232 3107.69152   16  247 3226.13000 2938.40847  8.92%   298  462s
   351   235 3107.76620   17  238 3226.13000 2938.40847  8.92%   301  465s
   371   248 3111.10303   22  204 3226.13000 2938.40847  8.92%   292  472s
   377   261 3122.77795   26  128 3226.13000 2938.40847  8.92%   289  482s
   408   287 infeasible   37      3226.13000 2938.40847  8.92%   274  491s
   461   320 3118.69297   66   83 3226.13000 2938.78344  8.91%   252  501s
   510   372 3121.48129   98  123 3226.13000 2938.78344  8.91%   235  510s
   568   431 3122.41957  146  121 3226.13000 2938.78344  8.91%   216  526s
   637   446 3124.46329  185  117 3226.13000 2938.99964  8.90%   200  534s
   668   459 infeasible   16      3226.13000 2938.99964  8.90%   199  542s
   687   461 infeasible   17      3226.13000 2938.99964  8.90%   203  548s
   699   464 3105.10280   21  253 3226.13000 2938.99964  8.90%   207  554s
   702   474 3098.33915   22  294 3226.13000 2938.99964  8.90%   213  559s
   720   540 3105.52356   30  226 3226.13000 2938.99964  8.90%   216  575s
   798   542 3112.15706   63  188 3226.13000 2938.99964  8.90%   201  580s
   800   544 3112.17950   64  188 3226.13000 2938.99964  8.90%   201  589s
   802   609 3112.20387   65  188 3226.13000 2939.01321  8.90%   200  609s
   901   611 2996.58032    5  352 3226.13000 2939.01321  8.90%   187  613s
   903   616 3100.90385    6  326 3226.13000 2939.01321  8.90%   187  619s
   911   617 3123.63367  160  552 3226.13000 2939.01321  8.90%   187  730s
   913   618 3112.90948   31  402 3226.13000 2939.01321  8.90%   187  747s
   914   619 3121.51249  100  494 3226.13000 2939.01321  8.90%   187  751s
   915   620 3122.52947  126  837 3226.13000 2939.77065  8.88%   187  756s
   918   622 3104.58906    9  841 3226.13000 2941.62149  8.82%   186  761s
   921   624 3112.52758   72  863 3226.13000 2943.67171  8.76%   185  766s
   923   625 3119.25662   59  831 3226.13000 2947.01758  8.65%   185  770s
   926   627 2948.86547    7  850 3226.13000 2948.86547  8.59%   184  775s
   929   629 3134.35216   70  852 3226.13000 2949.79857  8.57%   184  780s
   934   632 3062.24551   20  839 3226.13000 2949.97290  8.56%   183  785s
   939   636 3121.34846   86  849 3226.13000 2950.12669  8.56%   182  792s
   940   636 3114.68879   43  650 3226.13000 2957.28175  8.33%   182  798s
   941   637 3117.63966  102  671 3226.13000 2960.10149  8.25%   181  800s
   945   640 3120.55159   74  675 3226.13000 2960.31716  8.24%   181  806s
   947   641 3108.31077   40  699 3226.13000 2961.94220  8.19%   180  814s
   948   642 3134.63749   80  693 3226.13000 2962.05262  8.19%   180  816s
   950   643 3116.31619   33  694 3226.13000 2962.15477  8.18%   180  820s
   954   646 3123.32887  155  699 3226.13000 2962.47139  8.17%   179  826s
   956   647 3098.36033   13  712 3226.13000 2962.47415  8.17%   179  830s
   958   648 3124.61201  178  725 3226.13000 2963.20684  8.15%   178  835s
   962   651 3168.42753   27  732 3226.13000 2963.20684  8.15%   177  841s
   963   652 3121.56357  105  729 3226.13000 2963.25973  8.15%   177  845s
   967   654 3096.36751    8  719 3226.13000 2963.29987  8.15%   177  850s
   969   656 3107.41392   34  747 3226.13000 2963.40589  8.14%   176  855s
   974   659 3098.69666   24  754 3226.13000 2963.40589  8.14%   175  860s
   976   660 3104.17749   30  748 3226.13000 2963.51041  8.14%   175  866s
   979   662 3112.52758   72  769 3226.13000 2963.51041  8.14%   174  872s
   980   663 3117.32530   38  776 3226.13000 2963.51041  8.14%   174  875s
   983   665 2996.39399   22  782 3226.13000 2963.51041  8.14%   174  882s
   984   666 3121.57272  106  760 3226.13000 2963.68231  8.14%   173  885s
   986   667 3134.79986   91  791 3226.13000 2963.68231  8.14%   173  890s
   987   668 3102.64395   10  773 3226.13000 2963.89807  8.13%   173  895s
   991   670 3117.65861  104  795 3226.13000 2963.89807  8.13%   172  904s
   992   671 3118.66384   57  784 3226.13000 2963.89807  8.13%   172  907s
   993   672 3121.45793   93  800 3226.13000 2963.89807  8.13%   172  911s
   994   672 3121.53314  102  785 3226.13000 2963.89807  8.13%   172  918s
   995   673 3096.71320   10  794 3226.13000 2963.89807  8.13%   172  922s
   997   674 3116.64007   45  793 3226.13000 2963.93327  8.13%   171  926s
  1000   676 3120.55828   75  798 3226.13000 2963.93327  8.13%   171  931s
  1002   678 3107.81873   37  802 3226.13000 2963.93327  8.13%   170  936s
  1005   680 3115.75285   54  809 3226.13000 2963.93327  8.13%   170  941s
  1006   680 3124.42826  183  785 3226.13000 2964.05861  8.12%   170  945s
  1010   683 3104.17749   30  798 3226.13000 2964.11690  8.12%   169  950s
  1013   685 3112.90948   31  779 3226.13000 2964.29005  8.12%   168  956s
  1016   687 3112.42618   69  811 3226.13000 2964.42425  8.11%   168  960s
  1017   688 2975.05006    5  808 3226.13000 2964.42478  8.11%   168  965s
  1019   689 3124.69524  165  769 3226.13000 2965.03397  8.09%   168  970s
  1023   692 3119.25662   59  793 3226.13000 2965.31657  8.08%   167  975s
  1026   694 2966.87685    7  740 3226.13000 2966.87685  8.04%   166  984s
  1027   694 3053.35372   18  778 3226.13000 2967.07643  8.03%   166  986s
  1031   697 2999.21760   11  829 3226.13000 2967.19661  8.03%   166  990s
  1032   698 3134.27700   67  838 3226.13000 2967.19719  8.03%   165  995s
  1034   699 3062.24551   20  814 3226.13000 2967.39488  8.02%   165 1000s
  1037   701 3134.80512   89  819 3226.13000 2967.42555  8.02%   165 1005s
  1039   702 3121.34846   86  824 3226.13000 2967.42723  8.02%   164 1010s
  1042   704 3134.80512   89  815 3226.13000 2967.66833  8.01%   164 1015s
  1044   706 3118.07365   46  822 3226.13000 2968.25396  7.99%   163 1022s
  1045   706 3120.55159   74  832 3226.13000 2968.25396  7.99%   163 1026s
  1047   708 3108.31077   40  829 3226.13000 2968.25396  7.99%   163 1030s
  1050   710 3116.31619   33  831 3226.13000 2968.25396  7.99%   163 1035s
  1053   712 3121.47639   96  824 3226.13000 2968.25396  7.99%   162 1040s
  1055   713 3120.58325   83  821 3226.13000 2968.25396  7.99%   162 1046s
  1057   714 3096.74360   13  822 3226.13000 2968.25396  7.99%   161 1051s
  1059   716 3115.70911   62  823 3226.13000 2968.25396  7.99%   161 1056s
  1061   717 3134.75757   85  829 3226.13000 2968.25396  7.99%   161 1061s
  1063   718 3121.56357  105  807 3226.13000 2968.25396  7.99%   161 1067s
  1065   720 3120.58570   82  827 3226.13000 2968.25396  7.99%   160 1071s
  1067   721 3096.36751    8  829 3226.13000 2968.25396  7.99%   160 1076s
  1068   722 3123.47873  168  838 3226.13000 2968.25396  7.99%   160 1081s
  1070   723 3123.27358  166  805 3226.13000 2968.25396  7.99%   160 1089s
  1073   726 3124.65304  176  552 3226.13000 2968.25396  7.99%   200 1102s
  1075   727 3112.84910   24  399 3226.13000 2968.25396  7.99%   200 1138s
  1076   728 3104.17749   30  617 3226.13000 2968.25396  7.99%   199 1143s
  1077   729 3155.70541   30  645 3226.13000 2968.25396  7.99%   199 1145s
  1080   731 3117.32530   38  645 3226.13000 2968.25396  7.99%   199 1152s
  1082   732 3062.24551   20  643 3226.13000 2968.25396  7.99%   198 1155s
  1084   733 3121.57272  106  692 3226.13000 2968.25396  7.99%   198 1160s
  1087   735 3102.64395   10  724 3226.13000 2968.25396  7.99%   197 1166s
  1088   736 3100.78211   10  702 3226.13000 2968.25396  7.99%   197 1170s
  1092   739 3118.66384   57  746 3226.13000 2968.25396  7.99%   196 1175s
  1096   741 3123.44905  157  754 3226.13000 2968.25396  7.99%   196 1181s
  1100   744 3120.55828   75  765 3226.13000 2968.25396  7.99%   195 1188s
  1101   745 3124.62825  177  797 3226.13000 2968.25396  7.99%   195 1190s
  1104   747 3113.06577   28  810 3226.13000 2968.25396  7.99%   194 1197s
  1105   747 3115.75285   54  815 3226.13000 2968.25396  7.99%   194 1200s
  1107   749 3136.35951   99  805 3226.13000 2968.25396  7.99%   194 1205s
  1110   751 3104.17749   30  813 3226.13000 2968.25396  7.99%   193 1210s
  1113   753 3112.90948   31  816 3226.13000 2968.25396  7.99%   193 1218s
  1114   753 3121.51249  100  813 3226.13000 2968.25396  7.99%   193 1221s
  1117   755 2975.05006    5  816 3226.13000 2968.25396  7.99%   192 1227s
  1118   756 3104.58906    9  820 3226.13000 2968.25396  7.99%   192 1231s
  1121   758 3112.52758   72  834 3226.13000 2968.25396  7.99%   191 1235s
  1124   760 3115.70911   62  841 3226.13000 2968.25396  7.99%   191 1241s
  1126   761 2968.66042    7  821 3226.13000 2968.66042  7.98%   191 1246s
  1128   763 3117.58918   44  826 3226.13000 2968.66042  7.98%   190 1250s
  1130   764 3098.69666   24  834 3226.13000 2968.66739  7.98%   190 1258s
  1131   765 2999.21760   11  831 3226.13000 2968.66739  7.98%   190 1260s
  1134   767 3062.24551   20  829 3226.13000 2968.66739  7.98%   189 1265s
  1136   768 3117.95216   47  822 3226.13000 2968.66739  7.98%   189 1270s
  1138   769 3121.56357  105  832 3226.13000 2968.66739  7.98%   189 1275s
  1140   771 3114.68879   43  839 3226.13000 2968.66739  7.98%   188 1282s
  1141   771 3117.63966  102  837 3226.13000 2968.66739  7.98%   188 1286s
  1142   772 3134.80512   89  839 3226.13000 2968.66739  7.98%   188 1290s
  1144   773 3118.07365   46  816 3226.13000 2968.85024  7.97%   188 1299s
  1145   774 3120.55159   74  816 3226.13000 2968.89620  7.97%   187 1308s
  1146   778 2991.69648   21  606 3226.13000 2968.89620  7.97%   227 1319s
  1148   779 2991.75740   22  583 3226.13000 2974.79405  7.79%   228 1322s
  1150   784 2992.19878   23  572 3226.13000 2974.79405  7.79%   228 1326s
  1159   787 2994.09303   24  439 3226.13000 2974.79405  7.79%   228 1334s
  1164   789 2992.21793   25  576 3226.13000 2974.79405  7.79%   227 1336s
  1167   791 infeasible   25      3226.13000 2974.79405  7.79%   230 1341s
  1177   796 2993.44782   26  564 3226.13000 2974.79405  7.79%   230 1349s
  1181   799 2997.75389   27  556 3226.13000 2974.79405  7.79%   229 1352s
  1185   801 3050.29855   27  525 3226.13000 2974.79405  7.79%   231 1357s
  1192   803 infeasible   28      3226.13000 2974.79405  7.79%   232 1363s
  1195   805 3101.31395   29  606 3226.13000 2974.79405  7.79%   234 1369s
  1198   808 3109.57705   29  565 3226.13000 2974.79405  7.79%   235 1374s
  1202   811 3111.17659   30  534 3226.13000 2974.79405  7.79%   235 1379s
  1206   817 3111.88335   31  546 3226.13000 2974.79405  7.79%   234 1386s
  1213   821 3112.48012   32  549 3226.13000 2974.79405  7.79%   234 1390s
  1220   824 3114.21944   34  511 3226.13000 2974.79405  7.79%   233 1397s
  1225   830 infeasible   34      3226.13000 2974.79405  7.79%   232 1404s
  1235   833 3167.59944   35  502 3226.13000 2974.79405  7.79%   230 1446s
  1241   833 3117.47079   36  492 3226.13000 2974.79405  7.79%   230 1456s
  1243   835 3118.47808   37  448 3226.13000 2974.79405  7.79%   230 1465s
  1251   839 3118.92200   38  445 3226.13000 2974.79405  7.79%   228 1471s
  1259   844 3119.89897   39  399 3226.13000 2974.79405  7.79%   227 1479s
  1269   851 3119.98347   40  395 3226.13000 2974.79405  7.79%   226 1488s
  1279   861 3136.00760   41  307 3226.13000 2974.79405  7.79%   224 1523s
  1295   858 infeasible   42      3226.13000 2974.79405  7.79%   222 1532s
  1299   864 infeasible   44      3226.13000 2974.79405  7.79%   221 1543s
  1323   856 3138.79666   51  238 3226.13000 2974.79405  7.79%   218 1552s
  1332   865 3154.43436   52  227 3226.13000 2974.79405  7.79%   217 1560s
  1350   868 infeasible   58      3226.13000 2974.79405  7.79%   214 1569s
  1367   865 3175.99711   66  175 3226.13000 2977.30889  7.71%   212 1581s
  1393   865 2980.54832   23  413 3226.13000 2977.52847  7.71%   208 1588s
  1404   867 infeasible   26      3226.13000 2977.53944  7.71%   208 1592s
  1412   873 infeasible   27      3226.13000 2977.53944  7.71%   207 1599s
  1423   888 3043.04417   31  160 3226.13000 2977.53944  7.71%   206 1608s
  1445   896 3114.22395   39  115 3226.13000 2977.53944  7.71%   203 1622s
  1465   908 3116.20696   47   96 3226.13000 2977.57146  7.70%   201 1634s
  1503   905 2977.95374   27  438 3226.13000 2977.57146  7.70%   197 1641s
  1516   921 2978.09796   28  425 3226.13000 2977.57146  7.70%   196 1650s
  1540   937 3016.84225   33  279 3226.13000 2977.57146  7.70%   194 1661s
  1578   929 3058.54835   45  187 3226.13000 2977.57146  7.70%   191 1670s
  1582   933 3058.44944   45  161 3226.13000 2977.57146  7.70%   191 1678s
  1592   939 3058.83105   46  158 3226.13000 2977.57146  7.70%   190 1687s
  1601   957 3121.71325   46  101 3226.13000 2978.10582  7.69%   189 1701s
  1638   980 3002.48276   27  342 3226.13000 2978.10582  7.69%   186 1714s
  1707   984 3009.61960   36  293 3226.13000 2978.10582  7.69%   180 1725s
  1748  1010 3064.96012   43  197 3226.13000 2978.10582  7.69%   178 1742s
  1836  1019 3036.52895   33  332 3226.13000 2978.85299  7.66%   171 1753s
  1903  1018     cutoff   44      3226.13000 2978.85299  7.66%   166 1763s
  1965  1057 3073.77168   42  223 3226.13000 2978.87280  7.66%   162 1773s
  2028  1147 3150.47920   59  115 3226.13000 2978.87280  7.66%   158 1793s
  2188  1133 3117.08989   32  257 3226.13000 2979.76022  7.64%   149 1808s
  2256  1212 3024.87522   29  300 3226.13000 2981.52823  7.58%   147 1828s
  2402  1208 3171.64752   31  142 3226.13000 2982.48372  7.55%   141 1849s
  2492  1306 infeasible   49      3226.13000 2982.64901  7.55%   139 1875s
  2699  1295 3192.82362   51  113 3226.13000 2983.28537  7.53%   132 1896s
  2795  1399 3165.95587   44   73 3226.13000 2983.47226  7.52%   130 1923s
  3022  1392 3032.45725   30  271 3226.13000 2989.52014  7.33%   124 1945s
  3134  1464 3103.36810   31  176 3226.13000 2989.54514  7.33%   122 1986s
  3357  1414 3216.13692   57   36 3226.13000 2991.69236  7.27%   118 1998s
  3386  1456 3129.01047   47  155 3226.13000 2991.69236  7.27%   117 2023s
  3520  1467 3100.90943   24  487 3226.13000 2991.81929  7.26%   115 2042s
  3581  1507 3100.99075   26  453 3226.13000 2991.83168  7.26%   115 2081s
  3683  1513 3215.28993   32  589 3226.13000 2991.83168  7.26%   115 2101s
  3689  1516 infeasible   31      3226.13000 2991.83168  7.26%   116 2129s
  3697  1533 3223.47860   34  576 3226.13000 2991.83168  7.26%   118 2157s
  3732  1538 3106.21065   29  563 3226.13000 2991.83168  7.26%   119 2177s
  3749  1684 3118.03536   33  375 3226.13000 2992.60523  7.24%   119 2208s
  3974  1809 3127.25517   51  176 3226.13000 2993.15510  7.22%   115 2252s
  4177  1879 3048.45850   26  429 3226.13000 2994.09476  7.19%   113 2290s
  4324  1920 infeasible   27      3226.13000 2994.09476  7.19%   112 2320s
  4424  1934 3102.92271   32  540 3226.13000 2994.09476  7.19%   112 2348s
  4455  1953 3163.58551   36  567 3226.13000 2994.44362  7.18%   114 2375s
  4481  2000 3202.83090   51  431 3226.13000 2994.98423  7.16%   114 2412s
  4581  2094     cutoff   45      3226.13000 2996.02087  7.13%   114 2448s
  4738  2233 3062.86052   28  519 3226.13000 2996.08429  7.13%   112 2496s
  4959  2355 3165.32888   50  196 3226.13000 2996.70156  7.11%   110 2551s
  5180  2460 3198.31490   55   48 3226.13000 2996.95454  7.10%   107 2610s
  5364  2476 3002.21854   29  853 3226.13000 2996.95454  7.10%   106 2653s
  5386  2607 3163.25415   32  408 3226.13000 2996.95454  7.10%   107 2714s
  5607  2739 3179.99576   43  436 3226.13000 2997.14610  7.10%   106 2769s
  5836  2864 3164.55327   31  559 3226.13000 2997.90293  7.07%   104 2844s
  6033  2905 3211.31072   64  277 3226.13000 2997.90293  7.07%   103 2897s
  6107  2979 3216.44251   61  252 3226.13000 2999.97472  7.01%   104 2956s
  6267  3107 3101.55006   32  485 3226.13000 3002.48276  6.93%   103 3010s
  6461  3135 3219.19633   65  115 3226.13000 3002.48276  6.93%   103 3063s
  6537  3187 3161.58058   33  567 3226.13000 3003.11043  6.91%   104 3112s
  6629  3258 3114.47780   36  145 3226.13000 3003.21935  6.91%   104 3172s
  6750  3294 3104.88565   32  813 3226.13000 3003.21935  6.91%   105 3223s
  6823  3337 infeasible   42      3226.13000 3003.60832  6.90%   105 3259s
  6880  3371 3104.41978   32  693 3226.13000 3003.60832  6.90%   106 3296s
  6938  3515 3173.08414   42  438 3226.13000 3003.60832  6.90%   106 3359s
  7211  3614 3179.31478   50  209 3226.13000 3003.60832  6.90%   104 3420s
  7407  3685 3160.64461   35  600 3226.13000 3004.24436  6.88%   103 3489s
  7513  4415 3144.90059   58   41 3226.13000 3004.24436  6.88%   104 3672s
  8732  4544 3173.41785   48  206 3226.13000 3005.69762  6.83%  95.7 3709s
  8981  4727 3008.11758   43  305 3226.13000 3006.83245  6.80%  94.3 3750s
  9314  4852 3011.42036   33  385 3226.13000 3007.59579  6.77%  92.6 3781s
  9562  4973 infeasible   43      3226.13000 3007.83327  6.77%  91.3 3821s
  9824  5001 3028.01841   37  628 3226.13000 3008.59214  6.74%  90.2 3847s
  9871  5092 3102.66712   42  285 3226.13000 3008.59214  6.74%  90.4 3879s
 10004  5159 3180.09271   61  177 3226.13000 3008.64806  6.74%  90.0 3898s
 10140  5359 3064.62222   28  276 3226.13000 3008.77661  6.74%  89.6 3931s
 10468  5371 3208.62446   57  131 3226.13000 3009.39276  6.72%  87.9 3950s
 10528  5441 3132.82848   40  759 3226.13000 3009.51189  6.71%  88.3 3970s
 10655  5564 3221.77472   50   56 3226.13000 3009.61761  6.71%  88.1 4004s
 10846  5634 3185.38757   50   16 3226.13000 3010.26230  6.69%  87.5 4041s
 10998  5694 3047.41345   46  416 3226.13000 3010.40223  6.69%  87.6 4080s
 11084  5805 3068.39881   63  283 3226.13000 3010.58264  6.68%  87.7 4118s
 11324  5887 3035.41111   44  349 3226.13000 3011.12647  6.66%  87.0 4147s
 11453  6083 3077.25320   70  139 3226.13000 3011.12647  6.66%  86.6 4196s
 11772  6114 3078.24292   45  684 3226.13000 3011.57683  6.65%  85.9 4216s
 11811  6233 3125.32274   50  249 3226.13000 3011.57683  6.65%  85.8 4259s
 12030  6368 3101.93051   46  518 3226.13000 3011.63832  6.65%  85.3 4291s
 12299  6446 3218.29800   56   93 3226.13000 3012.44017  6.62%  84.6 4323s
 12506  6520 3050.43017   49  270 3226.13000 3012.83606  6.61%  84.1 4352s
 12621  6552 3035.54592   44  435 3226.13000 3012.99334  6.61%  83.9 4370s
 12653  6649 3066.09894   55  335 3226.13000 3012.99334  6.61%  83.7 4406s
 12817  6727 3047.39175   38  291 3226.13000 3013.24919  6.60%  83.3 4437s
 12962  6843 3138.78532   54  311 3226.13000 3013.69688  6.58%  83.1 4468s
 13143  6966 3099.75988   47  211 3226.13000 3013.95103  6.58%  82.6 4506s
 13347  7071 3048.05685   44  385 3226.13000 3014.05633  6.57%  82.1 4536s
 13502  7205 3186.56429   78  136 3226.13000 3014.05633  6.57%  81.8 4569s
 13734  7307 3121.13163   53  231 3226.13000 3014.51088  6.56%  81.1 4595s
 13874  7392 3093.54096   44  286 3226.13000 3014.61044  6.56%  80.7 4625s
 14030  7470 3067.05356   54  247 3226.13000 3014.80540  6.55%  80.4 4652s
 14137  7660 3152.92150   51  317 3226.13000 3014.88205  6.55%  80.3 4695s
 14452  7763     cutoff   43      3226.13000 3015.02033  6.54%  79.6 4726s
 14595  7903 3123.53562   69  171 3226.13000 3015.06325  6.54%  79.3 4756s
 14820  7904 3219.22193   76  552 3226.13000 3015.21637  6.54%  78.8 5142s
 14822  7905 3063.41366   47  417 3226.13000 3015.21637  6.54%  78.8 5173s
 14823  7906 3091.28559   46  463 3226.13000 3015.21637  6.54%  78.8 5177s
 14824  7907 3075.98859   56  666 3226.13000 3015.21637  6.54%  78.8 5181s
 14826  7908 3104.69299   37  684 3226.13000 3015.21637  6.54%  78.8 5186s
 14828  7909 3055.09504   40  682 3226.13000 3015.21637  6.54%  78.8 5192s
 14829  7910 3139.69248   47  706 3226.13000 3015.21637  6.54%  78.8 5195s
 14832  7912 3068.64419   40  725 3226.13000 3015.21637  6.54%  78.8 5202s
 14834  7913 3215.14490   46  737 3226.13000 3015.21637  6.54%  78.8 5206s
 14836  7915 3071.48911   46  771 3226.13000 3015.21637  6.54%  78.7 5210s
 14840  7917 3076.59859   36  764 3226.13000 3015.21637  6.54%  78.7 5215s
 14843  7919 3220.37648   55  782 3226.13000 3015.21637  6.54%  78.7 5220s
 14847  7922 3133.80525   44  772 3226.13000 3015.21637  6.54%  78.7 5225s
 14851  7925 3059.52114   54  801 3226.13000 3015.21637  6.54%  78.7 5230s
 14856  7928 3040.03436   39  797 3226.13000 3015.21637  6.54%  78.6 5235s
 14861  7931 3160.28600   79  792 3226.13000 3015.21637  6.54%  78.6 5241s
 14864  7933 3175.66573   42  790 3226.13000 3015.21637  6.54%  78.6 5245s
 14867  7935 3186.93929   57  799 3226.13000 3015.21637  6.54%  78.6 5251s
 14869  7937 3069.94251   43  830 3226.13000 3015.21637  6.54%  78.6 5255s
 14872  7939 3202.08367   54  833 3226.13000 3015.21637  6.54%  78.6 5260s
 14874  7940 3200.70444   46  831 3226.13000 3015.21637  6.54%  78.5 5283s
 14875  7941 3195.72691   45  829 3226.13000 3015.21637  6.54%  78.5 5286s
 14878  7943 3098.88845   53  839 3226.13000 3015.21637  6.54%  78.5 5290s
 14879  7943 3138.76125   48  835 3226.13000 3015.21637  6.54%  78.5 5313s
 14880  7944 3210.09680   44  826 3226.13000 3015.21637  6.54%  78.5 5316s
 14883  7946 3134.14423   36  849 3226.13000 3015.21637  6.54%  78.5 5342s
 14884  7947 3078.20735   39  813 3226.13000 3015.21637  6.54%  78.5 5345s
 14887  7949 3035.23894   47  842 3226.13000 3015.21637  6.54%  78.5 5370s
 14888  7949 3193.93804   53  911 3226.13000 3015.21637  6.54%  78.5 5375s
 14892  7952 3190.76122   55  917 3226.13000 3015.21637  6.54%  78.5 5403s
 14893  7953 3192.22109   48  913 3226.13000 3015.21637  6.54%  78.4 5406s
 14895  7954 3121.67890   73  912 3226.13000 3015.21637  6.54%  78.4 5433s
 14896  7955 3134.98976   47  913 3226.13000 3015.21637  6.54%  78.4 5437s
 14898  7956 3103.97292   49  933 3226.13000 3015.21637  6.54%  78.4 5440s
 14900  7957 3137.18073   52  925 3226.13000 3015.21637  6.54%  78.4 5463s
 14901  7958 3208.39535   62  918 3226.13000 3015.21637  6.54%  78.4 5466s
 14902  7959 3129.18009   55  919 3226.13000 3015.21637  6.54%  78.4 5488s
 14903  7959 3169.92105   53  903 3226.13000 3015.21637  6.54%  78.4 5492s
 14905  7961 3173.36087   73  913 3226.13000 3015.21637  6.54%  78.4 5518s
 14906  7961 3169.92105   53  916 3226.13000 3015.21637  6.54%  78.4 5521s
 14907  7962 3084.74121   44  912 3226.13000 3015.21637  6.54%  78.4 5542s
 14908  7963 3034.75037   63  917 3226.13000 3015.21637  6.54%  78.4 5546s
 14909  7963 3070.30123   49  927 3226.13000 3015.21637  6.54%  78.4 5566s
 14911  7965 3221.43862   62  929 3226.13000 3015.21637  6.54%  78.4 5590s
 14912  7965 3223.86892   60  925 3226.13000 3015.21637  6.54%  78.3 5595s
 14914  7967 3110.11745   64  926 3226.13000 3015.21637  6.54%  78.3 5616s
 14916  7968 3182.36185   60  932 3226.13000 3015.21637  6.54%  78.3 5644s
 14917  7969 3207.75494   54  882 3226.13000 3015.21637  6.54%  78.3 5648s
 14918  7969 3215.16169   61  899 3226.13000 3015.21637  6.54%  78.3 5650s
 14921  7971 3147.01177   49  919 3226.13000 3015.21637  6.54%  78.3 5677s
 14922  7972 3063.41366   47  920 3226.13000 3015.21637  6.54%  78.3 5680s
 14924  7973 3075.98859   56  918 3226.13000 3015.21637  6.54%  78.3 5704s
 14925  7974 3111.45466   34  898 3226.13000 3015.21637  6.54%  78.3 5717s
 14927  7975 3040.65388   46  927 3226.13000 3015.21637  6.54%  78.3 5720s
 14929  7977 3139.69248   47  930 3226.13000 3015.21637  6.54%  78.3 5742s
 14930  7977 3047.73252   37  930 3226.13000 3015.21637  6.54%  78.3 5747s
 14933  7979 3200.51935   65  936 3226.13000 3015.21637  6.54%  78.2 5777s
 14934  7980 3215.14490   46  938 3226.13000 3015.21637  6.54%  78.2 5781s
 14935  7981 3066.61998   45  934 3226.13000 3015.21637  6.54%  78.2 5808s
 14936  7981 3071.48911   46  937 3226.13000 3015.21637  6.54%  78.2 5812s
 14937  7982 3122.06799   45  941 3226.13000 3015.21637  6.54%  78.2 5837s
 14938  7983 3221.29955   54  934 3226.13000 3015.21637  6.54%  78.2 5841s
 14939  7983 3180.02155   48  942 3226.13000 3015.21637  6.54%  78.2 5867s
 14940  7984 3076.59859   36  949 3226.13000 3015.21637  6.54%  78.2 5871s
 14941  7985 3027.87612   41  950 3226.13000 3015.21637  6.54%  78.2 5898s
 14942  7985 3093.29894   52  950 3226.13000 3015.21637  6.54%  78.2 5969s
 14943  7986 3220.37648   55  952 3226.13000 3015.21637  6.54%  78.2 5992s
 14944  7987 3060.53243   42  784 3226.13000 3015.21637  6.54%  78.2 5996s
 14946  7988 3053.95461   61  895 3226.13000 3015.21637  6.54%  78.2 6000s
 14948  7989 3119.73326   44  904 3226.13000 3015.21637  6.54%  78.2 6022s
 14949  7990 3166.42988   48  809 3226.13000 3015.21637  6.54%  78.2 6025s
 14952  7992 3098.40792   52  917 3226.13000 3015.21637  6.54%  78.1 6045s
 14953  7993 3072.35473   46  899 3226.13000 3015.21637  6.54%  78.1 6050s
 14956  7995 3040.03436   39  916 3226.13000 3015.21637  6.54%  78.1 6078s
 14957  7995 3136.45463   52  910 3226.13000 3015.21637  6.54%  78.1 6081s
 14961  7998 3160.28600   79  936 3226.13000 3015.21637  6.54%  78.1 6105s
 14962  7999 3186.95369   53  933 3226.13000 3015.21637  6.54%  78.1 6112s
 14963  7999 3089.11097   42  945 3226.13000 3015.21637  6.54%  78.1 6131s
 14964  8000 3175.66573   42  922 3226.13000 3015.21637  6.54%  78.1 6135s
 14968  8003 3022.91176   41  928 3226.13000 3015.21637  6.54%  78.1 6162s
 14969  8003 3069.94251   43  910 3226.13000 3015.21637  6.54%  78.0 6166s
 14972  8005 3202.08367   54  918 3226.13000 3015.21637  6.54%  78.0 6171s
 14973  8006 3045.49244   47  919 3226.13000 3015.21637  6.54%  78.0 6195s
 14975  8007 3195.72691   45  926 3226.13000 3015.21637  6.54%  78.0 6222s
 14976  8008 3208.97804   60  927 3226.13000 3015.21637  6.54%  78.0 6227s
 14979  8010 3138.76125   48  944 3226.13000 3015.21637  6.54%  78.0 6231s
 14981  8011 3065.14648   48  965 3226.13000 3015.21637  6.54%  78.0 6258s
 14982  8012 3019.69622   36  967 3226.13000 3015.21637  6.54%  78.0 6261s
 14985  8014 3217.72043   53  967 3226.13000 3015.21637  6.54%  78.0 6285s
 14987  8015 3035.23894   47  959 3226.13000 3015.21637  6.54%  78.0 6290s
 14988  8016 3193.93804   53  964 3226.13000 3015.21637  6.54%  77.9 6317s
 14989  8017 3125.40464   47  950 3226.13000 3015.21637  6.54%  77.9 6320s
 14990  8017 3098.77954   65  957 3226.13000 3015.21637  6.54%  77.9 6342s
 14991  8018 3065.95500   41  966 3226.13000 3015.21637  6.54%  77.9 6347s
 14992  8019 3190.76122   55  965 3226.13000 3015.21637  6.54%  77.9 6369s
 14993  8019 3192.22109   48  966 3226.13000 3015.21637  6.54%  77.9 6372s
 14994  8020 3179.37128   52  966 3226.13000 3015.21637  6.54%  77.9 6389s
 14995  8021 3121.67890   73  963 3226.13000 3015.21637  6.54%  77.9 6392s
 14997  8022 3127.21069   50  969 3226.13000 3015.21637  6.54%  77.9 6411s
 14998  8023 3103.97292   49  969 3226.13000 3015.21637  6.54%  77.9 6434s
 14999  8023 3208.90303   52  942 3226.13000 3015.21637  6.54%  77.9 6457s
 15000  8024 3137.18073   52  942 3226.13000 3015.21637  6.54%  77.9 6465s
 15001  8028 3015.21637   31  819 3226.13000 3015.21637  6.54%  81.6 6481s
 15003  8029 3015.21637   32  821 3226.13000 3015.21637  6.54%  81.6 6485s
 15005  8033 3015.21637   33  810 3226.13000 3015.21637  6.54%  81.7 6490s
 15010  8035 3102.68919   34  514 3226.13000 3015.21637  6.54%  82.0 6500s
 15013  8038 3044.37204   35  661 3226.13000 3015.21637  6.54%  82.3 6506s
 15017  8042 3015.60360   35  594 3226.13000 3015.21637  6.54%  82.3 6511s
 15024  8041 infeasible   36      3226.13000 3015.21637  6.54%  82.4 6515s
 15030  8044 3019.67127   37  565 3226.13000 3015.21637  6.54%  82.5 6529s
 15036  8042 infeasible   37      3226.13000 3015.21637  6.54%  82.6 6546s
 15042  8042 3026.48352   39  494 3226.13000 3015.21637  6.54%  82.7 6557s
 15044  8043 3043.20067   39  482 3226.13000 3015.21637  6.54%  82.7 6562s
 15046  8045 3030.51187   40  458 3226.13000 3015.21637  6.54%  82.7 6568s
 15048  8047 3026.78150   40  480 3226.13000 3015.21637  6.54%  82.7 6572s
 15051  8047 3026.78696   41  473 3226.13000 3015.21637  6.54%  82.7 6575s
 15056  8047 3026.90456   42  459 3226.13000 3015.21637  6.54%  82.7 6584s
 15064  8047 3026.98691   43  442 3226.13000 3015.21637  6.54%  82.7 6588s
 15072  8050 3026.94593   43  452 3226.13000 3015.21637  6.54%  82.7 6592s
 15081  8049 3029.56704   44  451 3226.13000 3015.21637  6.54%  82.7 6595s
 15091  8048 3026.99448   44  449 3226.13000 3015.21637  6.54%  82.7 6600s
 15095  8049 3027.21545   45  480 3226.13000 3015.21637  6.54%  82.7 6606s
 15098  8053 3030.34719   45  343 3226.13000 3015.21637  6.54%  82.7 6611s
 15104  8054 3027.24236   46  480 3226.13000 3015.21637  6.54%  82.7 6615s
 15111  8059 3028.33343   46  426 3226.13000 3015.21637  6.54%  82.7 6621s
 15119  8060 3028.44190   47  448 3226.13000 3015.21637  6.54%  82.7 6631s
 15133  8062 3031.26492   48  276 3226.13000 3015.21637  6.54%  82.6 6640s
 15149  8067 3035.24043   49  356 3226.13000 3015.21637  6.54%  82.6 6652s
 15169  8062 3035.73575   52  290 3226.13000 3015.21637  6.54%  82.6 6661s
 15185  8065 3050.27188   56  206 3226.13000 3015.21637  6.54%  82.5 6670s
 15195  8080 3089.41103   60   70 3226.13000 3015.21637  6.54%  82.6 6686s
 15222  8083 infeasible   69      3226.13000 3015.21637  6.54%  82.5 6701s
 15248  8080     cutoff   78      3226.13000 3015.21637  6.54%  82.5 6713s
 15260  8092 3015.21637   38  382 3226.13000 3015.21637  6.54%  82.5 6725s
 15276  8100 3114.72462   41  165 3226.13000 3015.21637  6.54%  82.5 6737s
 15302  8091 3186.95592   49   27 3226.13000 3015.21637  6.54%  82.4 6747s
 15319  8095 3015.21637   36  334 3226.13000 3015.21637  6.54%  82.5 6756s
 15333  8102 3017.97077   39  302 3226.13000 3015.21637  6.54%  82.4 6767s
 15356  8101 3036.70498   43  267 3226.13000 3015.21637  6.54%  82.4 6785s
 15391  8105 3080.45571   48  112 3226.13000 3015.21637  6.54%  82.4 6800s
 15427  8103 3163.05814   61   66 3226.13000 3015.21637  6.54%  82.3 6810s
 15443  8105 3015.21637   40  289 3226.13000 3015.21637  6.54%  82.3 6818s
 15451  8120 3015.21637   45  268 3226.13000 3015.21637  6.54%  82.3 6828s
 15475  8122 3026.98056   48  385 3226.13000 3015.21637  6.54%  82.3 6835s
 15487  8137 3090.36020   50  191 3226.13000 3015.21637  6.54%  82.4 6849s
 15512  8142 3130.51122   63  148 3226.13000 3015.21637  6.54%  82.3 6861s
 15540  8158 3106.63298   36  302 3226.13000 3015.21637  6.54%  82.3 6876s
 15573  8155 3206.42058   44  140 3226.13000 3015.21637  6.54%  82.2 6888s
 15604  8158 3214.70725   56  251 3226.13000 3015.21637  6.54%  82.1 6901s
 15624  8172 3107.95793   40  114 3226.13000 3015.21637  6.54%  82.1 6921s
 15664  8175 3015.21637   38  456 3226.13000 3015.21637  6.54%  82.1 6930s
 15680  8187 3045.54472   44  328 3226.13000 3015.21637  6.54%  82.0 6942s
 15699  8199 3029.64836   46  407 3226.13000 3015.21637  6.54%  82.0 6954s
 15732  8212 3066.20808   53  337 3226.13000 3015.21637  6.54%  82.0 6965s
 15758  8235 3146.80032   59  208 3226.13000 3015.21637  6.54%  81.9 6981s
 15814  8253 3061.76707   40  229 3226.13000 3015.21637  6.54%  81.8 6996s
 15850  8267 3158.38038   50  112 3226.13000 3015.21637  6.54%  81.7 7015s
 15897  8267 3028.45484   39  379 3226.13000 3015.21637  6.54%  81.6 7029s
 15915  8281 3029.94242   41  367 3226.13000 3015.21637  6.54%  81.6 7045s
 15950  8281 3095.75102   49  340 3226.13000 3015.21637  6.54%  81.6 7059s
 15979  8298 3123.30463   59  102 3226.13000 3015.21637  6.54%  81.5 7076s
 16040  8298 3033.03565   43  371 3226.13000 3015.21637  6.54%  81.4 7092s
 16064  8320 3145.07370   49  270 3226.13000 3015.21637  6.54%  81.4 7109s
 16120  8328 3179.71000   50  204 3226.13000 3015.21637  6.54%  81.2 7129s
 16169  8338 3064.65372   48  296 3226.13000 3015.21637  6.54%  81.2 7149s
 16219  8352 3155.98936   45  220 3226.13000 3015.21637  6.54%  81.1 7176s
 16274  8347 3155.41400   49  218 3226.13000 3015.21637  6.54%  81.1 7207s
 16329  8343 3049.58480   42  381 3226.13000 3015.21637  6.54%  81.1 7223s
 16355  8360 3021.50076   39  408 3226.13000 3015.21637  6.54%  81.1 7242s
 16438  8398 3221.79629   69  121 3226.13000 3015.21637  6.54%  80.8 7288s
 16626  8401 3028.62723   36  673 3226.13000 3015.21637  6.54%  80.5 7323s
 16729  8488 3072.06530   40  323 3226.13000 3015.21637  6.54%  80.7 7365s
 16934  8511 3069.73145   34  606 3226.13000 3015.21637  6.54%  80.6 7405s
 17116  8498     cutoff   58      3226.13000 3015.21637  6.54%  80.5 7437s
 17196  8507 3127.75883   46  219 3226.13000 3015.21637  6.54%  80.6 7468s
 17275  8506 3147.67861   51  183 3226.13000 3015.21637  6.54%  81.0 7522s
 17326  8577 3074.35608   41  428 3226.13000 3015.21637  6.54%  81.2 7570s
 17475  8624 3120.13710   42  147 3226.13000 3015.21637  6.54%  81.2 7626s
 17661  8769 3084.19182   48  285 3226.13000 3015.21637  6.54%  81.3 7682s
 18003  8969 3180.74222   53  257 3226.13000 3016.14888  6.51%  80.9 7755s
 18564  8924 3127.00464   48  223 3226.13000 3023.48440  6.28%  80.1 7797s
 18810  8959 3219.06876   70  196 3226.13000 3024.69356  6.24%  79.6 7845s
 19083  9132 infeasible   53      3226.13000 3025.42358  6.22%  79.3 7913s
 19573  9051 3037.95414   47  421 3226.13000 3026.98056  6.17%  78.7 7958s
 19699  9118 3035.45389   46  460 3226.13000 3027.10940  6.17%  78.5 8020s
 19929  9280 3098.21672   61  229 3226.13000 3027.28458  6.16%  78.1 8088s
 20354  9276 3221.70187   50   45 3226.13000 3028.74263  6.12%  77.6 8147s
 20620  9350 3056.13400   46  438 3226.13000 3029.05149  6.11%  77.2 8207s
 20970  9394 3156.65154   47  242 3226.13000 3030.15332  6.07%  76.8 8269s
 21235  9574 3034.17184   43  472 3226.13000 3030.36059  6.07%  76.5 8340s
 21711  9549 3154.65231   76  159 3226.13000 3030.56046  6.06%  75.5 8405s
 21960  9729 3091.01406   51  142 3226.13000 3031.63428  6.03%  75.2 8479s
 22458  9722 3201.78659   61  129 3226.13000 3033.36205  5.98%  74.7 8572s
 22745  9986 3160.14743   46  225 3226.13000 3033.78128  5.96%  74.4 8652s
 23343  9875 3082.13032   51  334 3226.13000 3034.33591  5.95%  73.4 8677s
 23487  9998 3204.46121   64  271 3226.13000 3034.37688  5.94%  73.3 8711s
 23837  9971 3049.95257   56  382 3226.13000 3034.58162  5.94%  72.8 8735s
 23976 10128 3100.01760   55  143 3226.13000 3034.71768  5.93%  72.7 8776s
 24344 10088 3186.71783   84   86 3226.13000 3034.93104  5.93%  72.2 8811s
 24484 10320 3098.04475   67  269 3226.13000 3035.09255  5.92%  72.0 8857s
 24903 10186 3144.93609   72  141 3226.13000 3035.19401  5.92%  71.4 8872s
 24921 10409 3049.61079   62  362 3226.13000 3035.19401  5.92%  71.5 8912s
 25288 10354 3048.21033   57  349 3226.13000 3035.44681  5.91%  70.9 8932s
 25405 10561 3076.44655   58  427 3226.13000 3035.52576  5.91%  70.7 8975s
 25829 10451 3090.24569   57  284 3226.13000 3035.77895  5.90%  70.1 8997s
 25898 10550 3111.79479   73  245 3226.13000 3035.82979  5.90%  70.0 9032s
 26138 10532 3183.97500   64  202 3226.13000 3035.94510  5.90%  69.8 9056s
 26278 10663 3077.49621   57  362 3226.13000 3035.99849  5.89%  69.6 9093s
 26618 10613 3193.29728   71  271 3226.13000 3036.20864  5.89%  69.2 9113s
 26737 10731 3060.46079   68  266 3226.13000 3036.38987  5.88%  69.1 9143s
 27015 10715 3195.56123   82  250 3226.13000 3036.48204  5.88%  68.7 9164s
 27160 10881 infeasible   57      3226.13000 3036.60787  5.87%  68.4 9199s
 27535 10792 3099.24334   60  342 3226.13000 3036.78031  5.87%  67.9 9212s
 27603 11022 3065.25010   53  390 3226.13000 3036.82449  5.87%  67.8 9244s
 27989 10960 infeasible   60      3226.13000 3036.85422  5.87%  67.3 9265s
 28148 11047     cutoff   86      3226.13000 3036.93254  5.86%  67.1 9295s
 28431 11000 3108.57348   66  384 3226.13000 3037.01177  5.86%  66.8 9307s
 28494 11014 3212.72110   70  185 3226.13000 3037.04630  5.86%  66.8 9316s
 28540 11001 3095.88815   61  220 3226.13000 3037.04630  5.86%  66.7 9323s
 28542 10998 3095.93157   62  219 3226.13000 3037.04630  5.86%  66.7 9330s
 28548 10998 3095.97158   63  199 3226.13000 3037.04630  5.86%  66.7 9341s
 28550 11023 3110.89065   61  300 3226.13000 3037.04630  5.86%  66.8 9359s
 28596 11061 3132.42061   55  235 3226.13000 3037.04630  5.86%  66.7 9378s
 28676 11174 3200.46782   59  201 3226.13000 3037.09275  5.86%  66.6 9407s
 28963 11147 3141.56479   76  151 3226.13000 3037.10302  5.86%  66.3 9426s
 29088 11219 3045.64320   47  347 3226.13000 3037.14240  5.86%  66.1 9450s
 29281 11227 3172.52616   68  129 3226.13000 3037.15432  5.86%  65.9 9476s
 29414 11290 3121.33983   68  220 3226.13000 3037.17575  5.86%  65.8 9498s
 29629 11393 3038.52109   52  417 3226.13000 3037.32794  5.85%  65.6 9533s
 29895 11512     cutoff  108      3226.13000 3037.41218  5.85%  65.3 9614s
 30270 11553 3156.65585   76   62 3226.13000 3037.49487  5.85%  64.9 9659s
 30595 11469 3221.90535   58  136 3226.13000 3037.63092  5.84%  64.6 9697s
 30667 11475     cutoff   69      3226.13000 3037.63587  5.84%  64.5 9718s
 30737 11863 3068.31453   58  296 3226.13000 3037.64749  5.84%  64.5 9766s
 31358 11657 3039.29522   52  429 3226.13000 3037.86569  5.84%  63.8 9779s
 31374 11893 3039.31280   53  427 3226.13000 3037.88342  5.84%  63.8 9812s
 31747 11779 3221.31103  103  133 3226.13000 3038.07847  5.83%  63.3 9827s
 31787 11926 3073.40005   61  374 3226.13000 3038.12105  5.83%  63.3 9853s
 32059 11897     cutoff   76      3226.13000 3038.14626  5.83%  63.1 9873s
 32199 12018 3225.98854   77  190 3226.13000 3038.23764  5.82%  63.0 9900s
 32481 11990 3106.06361   45  312 3226.13000 3038.34474  5.82%  62.7 9919s
 32617 12058 3207.61360   75  223 3226.13000 3038.34614  5.82%  62.6 9951s
 32909 12009 3045.64997   50  405 3226.13000 3038.44238  5.82%  62.4 9972s
 32996 12124 3158.53127   47   18 3226.13000 3038.45818  5.82%  62.4 10005s
 33246 12110 3145.23062   70  177 3226.13000 3038.51930  5.82%  62.2 10022s
 33353 12284 3074.84272   61  354 3226.13000 3038.53781  5.81%  62.1 10052s
 33752 12210 3176.33398   54  170 3226.13000 3038.64478  5.81%  61.8 10070s
 33878 12360 3045.42194   68  381 3226.13000 3038.71271  5.81%  61.6 10101s
 34209 12315 3086.33050   71  403 3226.13000 3038.84548  5.81%  61.4 10116s
 34318 12492 3044.37452   68  385 3226.13000 3038.84637  5.81%  61.3 10150s
 34650 12433 3076.03924   48  356 3226.13000 3039.00468  5.80%  61.0 10169s
 34750 12593 3103.27600   50  217 3226.13000 3039.04037  5.80%  61.0 10200s
 35105 12520 infeasible   49      3226.13000 3039.14954  5.80%  60.7 10219s
 35215 12684 3089.63763   53  230 3226.13000 3039.16779  5.80%  60.6 10249s
 35518 12622 3212.30306   72  154 3226.13000 3039.32317  5.79%  60.4 10265s
 35605 12709 3176.27167   81  240 3226.13000 3039.38775  5.79%  60.4 10291s
 35877 12677 3114.03344   64  206 3226.13000 3039.53446  5.78%  60.1 10309s
 35963 12822 3040.58896   58  420 3226.13000 3039.63394  5.78%  60.0 10337s
 36283 12741 3163.06412   78  240 3226.13000 3039.76999  5.78%  59.8 10348s
 36340 12890 3178.84515   82  124 3226.13000 3039.77860  5.78%  59.8 10377s
 36667 12788     cutoff   89      3226.13000 3039.99639  5.77%  59.5 10393s
 36718 12979 3072.62589   60  311 3226.13000 3040.03561  5.77%  59.5 10421s
 37070 12924 3043.53209   61  417 3226.13000 3040.11028  5.77%  59.2 10441s
 37159 13120 3196.29938   74  145 3226.13000 3040.15055  5.76%  59.2 10515s
 37581 13088 3168.18492   61  155 3226.13000 3040.36410  5.76%  58.9 10543s
 37763 13132 3225.25243   88  120 3226.13000 3040.43656  5.76%  58.8 10572s
 37939 13078     cutoff   85      3226.13000 3040.48439  5.75%  58.7 10594s
 37958 13161 3136.97956   57  298 3226.13000 3040.49248  5.75%  58.7 10624s
 38112 13121 3200.57348   63  131 3226.13000 3040.51415  5.75%  58.6 10642s
 38133 13147 3183.97171   64  203 3226.13000 3040.51415  5.75%  58.7 10667s
 38193 13311 3167.48276   67  223 3226.13000 3040.53671  5.75%  58.6 10712s
 38531 13311 3168.01280   73  246 3226.13000 3040.60449  5.75%  58.4 10746s
 38756 13402 3075.57455   64  340 3226.13000 3040.65759  5.75%  58.3 10787s
 39021 13435 3171.39725   65  156 3226.13000 3040.67968  5.75%  58.1 10824s
 39236 13673 3222.42094   84   45 3226.13000 3040.73787  5.75%  57.9 10867s
 39685 13718     cutoff   73      3226.13000 3040.83613  5.74%  57.7 10886s
 39783 14014 3223.80258   75   94 3226.13000 3040.90787  5.74%  57.7 10933s
 40272 14046 3070.27921   44  384 3226.13000 3041.04323  5.74%  57.4 10959s
 40348 14266 3079.33472   58  275 3226.13000 3041.07992  5.74%  57.4 10998s
 40727 14272 3188.66412   53  157 3226.13000 3041.28160  5.73%  57.2 11017s
 40776 14441 3062.80220   65  285 3226.13000 3041.31560  5.73%  57.2 11053s
 41106 14483 3090.00235   63  306 3226.13000 3041.41504  5.73%  57.0 11074s
 41168 14625 3182.60191   74  175 3226.13000 3041.45316  5.72%  57.0 11113s
 41462 14658 3059.25752   67  312 3226.13000 3041.54761  5.72%  56.9 11134s
 41551 14766 3071.87040   39  296 3226.13000 3041.57911  5.72%  56.9 11184s
 41801 14801 3167.58940   66    8 3226.13000 3041.62013  5.72%  56.8 11204s
 41861 14971 3181.34001   85  185 3226.13000 3041.68162  5.72%  56.8 11242s
 42163 15011     cutoff   62      3226.13000 3041.72966  5.72%  56.6 11268s
 42314 15176 3220.03828   75   58 3226.13000 3041.77542  5.71%  56.6 11308s
 42649 15228 3046.47387   65  367 3226.13000 3041.84152  5.71%  56.4 11332s
 42747 15395 3061.94935   72  290 3226.13000 3041.87814  5.71%  56.4 11365s
 43042 15466 3215.81492   53  193 3226.13000 3041.92840  5.71%  56.2 11392s
 43198 15558 3217.30895   67  151 3226.13000 3041.97729  5.71%  56.2 11430s
 43432 15571 3049.42489   41  424 3226.13000 3042.08839  5.70%  56.2 11450s
 43467 15678 3103.83430   60  347 3226.13000 3042.12236  5.70%  56.2 11481s
 43664 15782 3167.73779   70  214 3226.13000 3042.18879  5.70%  56.2 11510s
 43840 15881     cutoff   54      3226.13000 3042.20619  5.70%  56.1 11541s
 44031 15964 3194.61930   53  200 3226.13000 3042.29989  5.70%  56.0 11566s
 44190 16017     cutoff   90      3226.13000 3042.39505  5.70%  55.9 11594s
 44322 16117 3181.09571   74  147 3226.13000 3042.45230  5.69%  55.9 11624s
 44529 16217 3139.42994   70  363 3226.13000 3042.50128  5.69%  55.8 11697s
 44756 16365 3210.43748   81  148 3226.13000 3042.54978  5.69%  55.9 11742s
 45049 16503 infeasible   74      3226.13000 3042.66664  5.69%  55.8 11781s
 45299 16529 3103.27650   59  267 3226.13000 3042.74263  5.68%  55.7 11793s
 45328 16617 3214.45661   67  195 3226.13000 3042.79446  5.68%  55.7 11835s
 45544 16769 3064.22394   56  310 3226.13000 3042.85708  5.68%  55.6 11880s
 45827 16892 3078.24451   60  286 3226.13000 3043.01045  5.68%  55.5 11912s
 46031 16984     cutoff   67      3226.13000 3043.08766  5.67%  55.5 11949s
 46248 17005 3105.62812   45  385 3226.13000 3043.20183  5.67%  55.4 11967s
 46278 17126 3106.57176   58  367 3226.13000 3043.23106  5.67%  55.4 12013s
 46540 17199 3153.93075   65  129 3226.13000 3043.32296  5.67%  55.3 12053s
 46742 17326     cutoff   65      3226.13000 3043.40280  5.66%  55.3 12103s
 47054 17406 3093.14349   66  260 3226.13000 3043.63306  5.66%  55.2 12137s
 47264 17480     cutoff   86      3226.13000 3043.73889  5.65%  55.1 12179s
 47494 17573 3124.07629   66  339 3226.13000 3044.05936  5.64%  55.1 12221s
 47702 17578 3213.93340   73  154 3226.13000 3044.37119  5.63%  55.1 12236s
 47715 17588 3158.30065   38  638 3226.13000 3044.37119  5.63%  55.2 12255s
 47727 17593 infeasible   47      3226.13000 3044.37119  5.63%  55.3 12280s
 47734 17662 3160.34735   48  610 3226.13000 3044.37119  5.63%  55.4 12317s
 47868 17736 infeasible   55      3226.13000 3044.37119  5.63%  55.4 12356s
 48060 17897 3222.75268   80  185 3226.13000 3044.57766  5.63%  55.4 12392s
 48346 17963 infeasible   63      3226.13000 3044.98340  5.61%  55.3 12423s
 48522 18107 3065.43505   41  443 3226.13000 3045.18568  5.61%  55.3 12467s
 48819 18207     cutoff   59      3226.13000 3045.35104  5.60%  55.2 12496s
 48998 18327     cutoff   63      3226.13000 3045.64938  5.59%  55.2 12547s
 49237 18370 3054.61337   39  590 3226.13000 3045.84616  5.59%  55.2 12571s
 49317 18413 3054.52142   39  708 3226.13000 3045.84616  5.59%  55.2 12612s
 49409 18410 infeasible   40      3226.13000 3045.84616  5.59%  55.4 12636s
 49418 18426 3188.16788   46  147 3226.13000 3046.05602  5.58%  55.6 12677s
 49473 18436 3101.92587   40  709 3226.13000 3046.28619  5.57%  55.8 12711s
 49483 18440 infeasible   45      3226.13000 3046.28619  5.57%  56.1 12742s
 49489 18443 3103.73493   47  693 3226.13000 3046.28619  5.57%  56.2 12836s
 49494 18471 3106.27296   50  686 3226.13000 3046.31958  5.57%  56.4 12879s
 49546 18499 3098.02669   73  401 3226.13000 3046.39758  5.57%  56.5 12901s
 49592 18525 3087.13521   48  368 3226.13000 3046.40125  5.57%  56.6 12928s
 49657 18566 3192.09922   69  229 3226.13000 3046.40125  5.57%  56.7 12967s
 49744 18572 3156.80818   43  495 3226.13000 3046.40125  5.57%  56.9 13000s
 49759 18592 3170.14923   54  571 3226.13000 3046.44686  5.57%  57.0 13025s
 49814 18621 3090.03019   47  353 3226.13000 3046.56554  5.57%  57.1 13057s
 49861 18778 3171.66463   51  210 3226.13000 3046.56554  5.57%  57.1 13115s
 50148 18805 3183.07896   75  246 3226.13000 3046.70679  5.56%  57.1 13145s
 50242 18857 infeasible   75      3226.13000 3046.73251  5.56%  57.2 13180s
 50340 18959     cutoff   78      3226.13000 3046.78441  5.56%  57.3 13226s
 50526 18999 3173.05406   76  247 3226.13000 3047.02303  5.55%  57.3 13261s
 50602 19058     cutoff   72      3226.13000 3047.10484  5.55%  57.4 13298s
 50715 19090 3204.32779   82  117 3226.13000 3047.19656  5.55%  57.5 13342s
 50830 19115 3178.00258   48   24 3226.13000 3047.19656  5.55%  57.6 13383s
 50902 19188 3106.77756   42  466 3226.13000 3047.19656  5.55%  57.8 13411s
 51001 19343 3185.92710   53  167 3226.13000 3047.34341  5.54%  57.9 13452s
 51330 19460 3111.26550   68  217 3226.13000 3047.44510  5.54%  57.7 13496s
 51583 19801 3116.52059   65  284 3226.13000 3047.56470  5.53%  57.6 13558s
 52225 19885 infeasible   74      3226.13000 3047.92900  5.52%  57.3 13618s
 52415 20187 3085.92025   67  305 3226.13000 3048.01233  5.52%  57.3 13695s
 53078 20192     cutoff   77      3226.13000 3048.29970  5.51%  57.1 13713s
 53111 20369 3052.19384   50  458 3226.13000 3048.32852  5.51%  57.1 13755s
 53443 20413 3083.40979   65  409 3226.13000 3048.45634  5.51%  56.9 13774s
 53550 20571 3163.34279   53  323 3226.13000 3048.55116  5.50%  56.9 13800s

Cutting planes:
  Learned: 3
  Gomory: 5
  Cover: 265
  Implied bound: 578
  Projected implied bound: 4
  Clique: 40
  MIR: 297
  StrongCG: 57
  Flow cover: 360
  GUB cover: 68
  Inf proof: 5
  Zero half: 18
  RLT: 32
  Relax-and-lift: 52
  BQP: 4
  PSD: 1

Explored 53810 nodes (3111794 simplex iterations) in 13800.42 seconds (1533.27 work units)
Thread count was 2 (of 46 available processors)

Solution count 10: 3226.13 3229.46 3229.57 ... 3235.64

Time limit reached
Best objective 3.226130000867e+03, best bound 3.048691851140e+03, gap 5.5000%
