
Gurobi 13.0.2 (linux64) logging started Sat Aug 15 02:37:45 2026

Set parameter LogFile to value "/home/23037696r/Documents/research/or_benchmark/wp/results/inactive_0.3/j40/logs/gurobi/j401003_10.log"
Set parameter NumericFocus to value 1
Gurobi Optimizer version 13.0.2 build v13.0.2rc1 (linux64 - "Ubuntu 22.04.3 LTS")

CPU model: Intel Xeon Processor (Cascadelake), instruction set [SSE2|AVX|AVX2|AVX512]
Thread count: 46 physical cores, 46 logical processors, using up to 2 threads

Non-default parameters:
TimeLimit  13800
MIPGap  1e-06
NumericFocus  1
Threads  2

Optimize a model with 43667 rows, 26348 columns and 158661 nonzeros (Min)
Model fingerprint: 0xcbb8c346
Model has 16348 linear objective coefficients and an objective constant of 1.1676589417930845e+03
Variable types: 6748 continuous, 19600 integer (19404 binary)
Coefficient statistics:
  Matrix range     [1e+00, 2e+02]
  Objective range  [1e-02, 1e+03]
  Bounds range     [1e+00, 2e+02]
  RHS range        [1e+00, 2e+02]

Presolve removed 28347 rows and 8120 columns (presolve time = 5s)...
Presolve removed 29854 rows and 9774 columns (presolve time = 10s)...
Presolve removed 34365 rows and 17472 columns (presolve time = 15s)...
Presolve removed 34358 rows and 17468 columns
Presolve time: 17.33s
Presolved: 9309 rows, 8880 columns, 58002 nonzeros
Variable types: 0 continuous, 8880 integer (5741 binary)
Found heuristic solution: objective 4280.9433205

Root simplex log...

Iteration    Objective       Primal Inf.    Dual Inf.      Time
       0    1.6205258e+03   5.638065e+02   0.000000e+00     18s
    2557    2.9790767e+03   0.000000e+00   0.000000e+00     19s

Root relaxation: objective 2.979077e+03, 2557 iterations, 0.39 seconds (0.16 work units)

    Nodes    |    Current Node    |     Objective Bounds      |     Work
 Expl Unexpl |  Obj  Depth IntInf | Incumbent    BestBd   Gap | It/Node Time

     0     0 2979.07672    0  123 4280.94332 2979.07672  30.4%     -   19s
     0     0 2995.51501    0  178 4280.94332 2995.51501  30.0%     -   19s
     0     0 2995.86892    0  203 4280.94332 2995.86892  30.0%     -   22s
     0     0 2996.11258    0  201 4280.94332 2996.11258  30.0%     -   23s
     0     0 2996.36268    0  202 4280.94332 2996.36268  30.0%     -   24s
     0     0 2996.37453    0  201 4280.94332 2996.37453  30.0%     -   25s
     0     0 2996.37490    0  209 4280.94332 2996.37490  30.0%     -   25s
     0     0 2996.37490    0  208 4280.94332 2996.37490  30.0%     -   26s
     0     0 2997.03215    0  207 4280.94332 2997.03215  30.0%     -   28s
     0     0 2997.78614    0  193 4280.94332 2997.78614  30.0%     -   29s
     0     0 2997.99510    0  189 4280.94332 2997.99510  30.0%     -   30s
     0     0 2998.02133    0  187 4280.94332 2998.02133  30.0%     -   30s
     0     0 2998.02133    0  185 4280.94332 2998.02133  30.0%     -   31s
     0     0 2998.97030    0  313 4280.94332 2998.97030  29.9%     -   34s
     0     0 2999.27262    0  241 4280.94332 2999.27262  29.9%     -   35s
     0     0 2999.33455    0  234 4280.94332 2999.33455  29.9%     -   36s
     0     0 2999.33823    0  239 4280.94332 2999.33823  29.9%     -   37s
     0     0 2999.34388    0  238 4280.94332 2999.34388  29.9%     -   38s
     0     0 2999.34402    0  239 4280.94332 2999.34402  29.9%     -   38s
     0     0 3000.62740    0  297 4280.94332 3000.62740  29.9%     -   41s
     0     0 3000.68533    0  276 4280.94332 3000.68533  29.9%     -   42s
     0     0 3000.68749    0  283 4280.94332 3000.68749  29.9%     -   43s
     0     0 3000.68848    0  277 4280.94332 3000.68848  29.9%     -   44s
     0     0 3000.76733    0  280 4280.94332 3000.76733  29.9%     -   46s
     0     0 3000.80447    0  283 4280.94332 3000.80447  29.9%     -   47s
     0     0 3000.81318    0  287 4280.94332 3000.81318  29.9%     -   48s
     0     0 3000.81641    0  277 4280.94332 3000.81641  29.9%     -   49s
     0     0 3000.81646    0  283 4280.94332 3000.81646  29.9%     -   50s
     0     0 3000.87866    0  269 4280.94332 3000.87866  29.9%     -   53s
H    0     0                    4278.2168246 3000.92000  29.9%     -   54s
     0     0 3000.92000    0  306 4278.21682 3000.92000  29.9%     -   55s
     0     0 3000.92778    0  303 4278.21682 3000.92778  29.9%     -   56s
     0     0 3000.92778    0  303 4278.21682 3000.92778  29.9%     -   57s
     0     0 3001.18097    0  302 4278.21682 3001.18097  29.8%     -   60s
     0     0 3001.25088    0  316 4278.21682 3001.25088  29.8%     -   63s
     0     0 3001.25088    0  310 4278.21682 3001.25088  29.8%     -   64s
     0     0 3001.25088    0  314 4278.21682 3001.25088  29.8%     -   65s
     0     0 3001.39257    0  298 4278.21682 3001.39257  29.8%     -   68s
     0     0 3001.41392    0  307 4278.21682 3001.41392  29.8%     -   70s
     0     0 3001.41392    0  298 4278.21682 3001.41392  29.8%     -   72s
     0     0 3001.54617    0  311 4278.21682 3001.54617  29.8%     -   75s
     0     0 3001.60322    0  296 4278.21682 3001.60322  29.8%     -   78s
     0     0 3001.60705    0  310 4278.21682 3001.60705  29.8%     -   80s
     0     0 3001.60705    0  315 4278.21682 3001.60705  29.8%     -   80s
     0     0 3001.63905    0  300 4278.21682 3001.63905  29.8%     -   83s
     0     0 3001.64369    0  301 4278.21682 3001.64369  29.8%     -   86s
     0     0 3001.64378    0  304 4278.21682 3001.64378  29.8%     -   87s
     0     0 3001.66732    0  315 4278.21682 3001.66732  29.8%     -   89s
     0     0 3001.68495    0  313 4278.21682 3001.68495  29.8%     -   92s
     0     0 3001.68550    0  323 4278.21682 3001.68550  29.8%     -   93s
     0     0 3001.76454    0  311 4278.21682 3001.76454  29.8%     -   96s
     0     0 3001.77172    0  308 4278.21682 3001.77172  29.8%     -   99s
     0     0 3001.77181    0  309 4278.21682 3001.77181  29.8%     -   99s
     0     0 3001.77824    0  359 4278.21682 3001.77824  29.8%     -  102s
     0     0 3001.77848    0  357 4278.21682 3001.77848  29.8%     -  104s
     0     0 3001.77848    0  357 4278.21682 3001.77848  29.8%     -  104s
H    0     0                    4277.6277295 3002.80505  29.8%     -  106s
     0     2 3002.80505    0  357 4277.62773 3002.80505  29.8%     -  107s
     3     6 3002.80505    2  303 4277.62773 3002.80505  29.8%   256  110s
    20    36 3002.80505    8  296 4277.62773 3002.80505  29.8%   123  115s
H   40    48                    4223.2511812 3002.80505  28.9%  68.3  117s
    47    65 3002.80505   22  293 4223.25118 3002.80505  28.9%  80.0  120s
H   57    65                    4170.3967081 3002.80505  28.0%  69.0  121s
    64    82 3002.80505   32  292 4170.39671 3002.80505  28.0%  77.0  125s
H   72    82                    4116.1119696 3002.80505  27.0%  94.8  125s
    81   107 3002.80505   36  297 4116.11197 3002.80505  27.0%  95.3  130s
   126   228 3002.80505   56  287 4116.11197 3002.80505  27.0%   103  142s
H  174   228                    4062.2583298 3002.80505  26.1%  82.3  142s
   227   381 3002.80505  103  287 4062.25833 3002.80505  26.1%  71.3  153s
   384   446 3002.80505  173  282 4062.25833 3002.80505  26.1%  52.1  160s
   449   510 3002.80505  182  286 4062.25833 3002.80505  26.1%  47.3  168s
   513   563 3002.80505  189  289 4062.25833 3002.80505  26.1%  47.3  174s
   566   627 3002.80505  219  290 4062.25833 3002.80505  26.1%  50.2  179s
   632   726 3005.67527  244  205 4062.25833 3002.80505  26.1%  53.0  188s
   735   807 3009.89032  280  174 4062.25833 3002.80505  26.1%  52.2  196s
   818   865 3010.45845  293  175 4062.25833 3002.80505  26.1%  52.2  200s
   878   976 3010.83128  345  176 4062.25833 3002.80505  26.1%  50.2  207s
   999  1103 3011.14864  399  184 4062.25833 3002.80505  26.1%  47.5  215s
  1188  1250 3227.02810  463  223 4062.25833 3002.80505  26.1%  44.8  227s
  1287  1332 3227.30090  510  217 4062.25833 3002.80505  26.1%  43.3  233s
  1373  1403 3227.80653  555  214 4062.25833 3002.80505  26.1%  42.9  238s
  1454  1409 infeasible  621      4062.25833 3002.80505  26.1%  42.2  240s
  1494  1534 3231.74821  623  229 4062.25833 3002.80505  26.1%  43.0  251s
  1639  1593 3005.64896    8  256 4062.25833 3002.80505  26.1%  42.8  258s
  1661  1594 3233.05708  698  357 4062.25833 3002.80505  26.1%  44.3  335s
  1663  1595 3011.52691  320  177 4062.25833 3002.80505  26.1%  44.2  347s
H 1663  1515                    3379.4835140 3002.80505  11.1%  44.2  357s
  1665  1517 3063.91215  438  267 3379.48351 3002.80505  11.1%  44.2  361s
  1667  1518 3012.08682  296  300 3379.48351 3003.85221  11.1%  44.1  365s
  1671  1521 3011.81422  287  315 3379.48351 3004.00995  11.1%  44.0  370s
  1674  1523 3227.74458  503  309 3379.48351 3004.18377  11.1%  43.9  375s
  1676  1524 3231.23261  657  330 3379.48351 3008.98403  11.0%  43.9  388s
  1677  1525 3231.24997  610  341 3379.48351 3009.44746  10.9%  43.9  390s
  1679  1526 3011.27612  239  348 3379.48351 3009.55099  10.9%  43.8  395s
  1680  1527 3227.51598  457  344 3379.48351 3014.45346  10.8%  43.8  404s
  1681  1527 3016.35434  171  325 3379.48351 3016.35434  10.7%  43.8  406s
  1683  1529 3228.05369  579  326 3379.48351 3016.49931  10.7%  43.7  410s
  1685  1530 3227.23170  466  324 3379.48351 3017.30456  10.7%  43.7  416s
  1688  1532 3017.34878  178  317 3379.48351 3017.34878  10.7%  43.6  422s
  1689  1533 3020.28622   75  345 3379.48351 3020.28622  10.6%  43.6  431s
  1691  1534 3232.29141  688  374 3379.48351 3020.73404  10.6%  43.5  435s
  1693  1535 3020.74329  306  371 3379.48351 3020.74329  10.6%  43.4  440s
  1694  1536 3022.79611  192  361 3379.48351 3022.79611  10.6%  43.4  446s
  1696  1537 3234.58163  652  367 3379.48351 3023.37421  10.5%  43.4  450s
  1699  1539 3228.22553  558  375 3379.48351 3023.43797  10.5%  43.3  455s
H 1699  1461                    3376.6468955 3024.98078  10.4%  43.3  461s
  1703  1464 3025.42983  289  397 3376.64690 3025.42983  10.4%  43.2  467s
  1704  1465 3025.80870   16  375 3376.64690 3025.80870  10.4%  43.2  472s
  1706  1466 3232.35969  682  383 3376.64690 3026.08714  10.4%  43.1  475s
  1708  1467 3228.55487  534  389 3376.64690 3031.30753  10.2%  43.1  487s
  1710  1469 3064.11918  443  397 3376.64690 3031.30753  10.2%  43.0  491s
  1711  1469 3227.90394  532  394 3376.64690 3031.30753  10.2%  43.0  495s
  1712  1470 3034.33730  294  359 3376.64690 3034.33730  10.1%  43.0  502s
  1713  1471 3035.33138  334  377 3376.64690 3035.33138  10.1%  42.9  505s
  1715  1472 3062.60882  356  352 3376.64690 3036.72535  10.1%  42.9  510s
  1717  1473 3036.97596   77  472 3376.64690 3036.97596  10.1%  42.8  515s
  1719  1475 3036.98459   39  543 3376.64690 3036.98459  10.1%  42.8  520s
  1720  1475 3237.17555  687  367 3376.64690 3038.76753  10.0%  42.8  528s
  1721  1476 3039.34427  314  372 3376.64690 3039.34427  10.0%  42.7  531s
  1723  1477 3039.51908    2  480 3376.64690 3039.51908  10.0%  42.7  535s
  1725  1479 3041.29672   77  484 3376.64690 3041.29672  9.93%  42.6  546s
  1727  1480 3230.79967  636  376 3376.64690 3043.69836  9.86%  42.6  551s
  1730  1482 3236.84162  678  379 3376.64690 3043.72207  9.86%  42.5  557s
  1731  1483 3232.28394  611  373 3376.64690 3044.69078  9.83%  42.5  565s
  1734  1485 3044.70485   26  387 3376.64690 3044.70485  9.83%  42.4  571s
  1736  1486 3045.21697  332  376 3376.64690 3045.21697  9.82%  42.4  584s
  1737  1487 3045.21697  191  373 3376.64690 3045.21697  9.82%  42.3  586s
  1739  1488 3045.21697  210  381 3376.64690 3045.21697  9.82%  42.3  591s
  1740  1489 3045.21969   52  376 3376.64690 3045.21969  9.82%  42.3  599s
  1741  1489 3045.21969   44  383 3376.64690 3045.21969  9.82%  42.2  601s
  1743  1491 3229.22934  613  382 3376.64690 3045.21969  9.82%  42.2  605s
  1744  1491 3045.88834   39  384 3376.64690 3045.88834  9.80%  42.2  616s
  1746  1493 3045.88834   47  386 3376.64690 3045.88834  9.80%  42.1  620s
  1748  1494 3045.88834  401  387 3376.64690 3045.88834  9.80%  42.1  625s
  1749  1495 3047.16859   46  383 3376.64690 3047.16859  9.76%  42.1  636s
  1751  1496 3047.71440   91  375 3376.64690 3047.71440  9.74%  42.0  641s
  1753  1497 3047.77929   88  407 3376.64690 3047.77929  9.74%  42.0  646s
  1755  1499 3228.39925  597  401 3376.64690 3048.72133  9.71%  41.9  656s
  1757  1500 3228.08680  482  388 3376.64690 3049.32273  9.69%  41.9  661s
  1759  1501 3227.85492  497  394 3376.64690 3049.33319  9.69%  41.8  666s
  1760  1502 3050.00510   46  409 3376.64690 3050.00510  9.67%  41.8  675s
  1763  1504 3050.00510  320  417 3376.64690 3050.00510  9.67%  41.7  683s
  1764  1505 3050.20248   85  507 3376.64690 3050.20248  9.67%  41.7  689s
  1765  1505 3063.91215  438  391 3376.64690 3050.31127  9.66%  41.7  691s
  1767  1507 3050.32617  296  394 3376.64690 3050.32617  9.66%  41.6  695s
  1768  1507 3050.40563  326  385 3376.64690 3050.40563  9.66%  41.6  708s
  1769  1508 3050.73063  282  405 3376.64690 3050.73063  9.65%  41.6  711s
  1772  1510 3228.28713  518  395 3376.64690 3050.80633  9.65%  41.5  715s
  1774  1511 3227.74458  503  404 3376.64690 3050.95750  9.65%  41.5  724s
  1775  1512 3050.95750  219  405 3376.64690 3050.95750  9.65%  41.4  726s
  1777  1513 3231.24997  610  406 3376.64690 3050.99691  9.64%  41.4  734s
  1778  1514 3050.99691  318  404 3376.64690 3050.99691  9.64%  41.4  736s
  1779  1515 3051.06003  239  427 3376.64690 3051.06003  9.64%  41.3  742s
  1781  1516 3051.06003  171  429 3376.64690 3051.06003  9.64%  41.3  746s
  1783  1517 3228.05369  579  416 3376.64690 3051.17680  9.64%  41.3  757s
  1784  1518 3051.17680   83  421 3376.64690 3051.17680  9.64%  41.2  760s
  1785  1519 3227.23170  466  402 3376.64690 3051.28011  9.64%  41.2  768s
  1786  1519 3228.40787  532  420 3376.64690 3051.28011  9.64%  41.2  771s
  1787  1520 3051.29416  400  410 3376.64690 3051.29416  9.64%  41.2  777s
  1789  1521 3051.29416   75  440 3376.64690 3051.29416  9.64%  41.1  780s
  1791  1523 3232.29141  688  431 3376.64690 3051.48863  9.63%  41.1  789s
  1792  1523 3233.33467  664  425 3376.64690 3051.48863  9.63%  41.0  791s
  1794  1525 3051.48863  192  576 3376.64690 3051.48863  9.63%  41.0  800s
  1797  1527 3228.03615  564  421 3376.64690 3051.48863  9.63%  40.9  810s
  1800  1529 3051.75004  343  526 3376.64690 3051.75004  9.62%  40.9  815s
  1802  1530 3052.03828   67  412 3376.64690 3052.03828  9.61%  40.8  839s
  1803  1531 3052.03828  289  435 3376.64690 3052.03828  9.61%  40.8  840s
  1806  1533 3232.35969  682  397 3376.64690 3052.76045  9.59%  40.7  849s
  1807  1533 3232.00015  680  406 3376.64690 3052.76045  9.59%  40.7  851s
  1809  1535 3052.81281  173  413 3376.64690 3052.81281  9.59%  40.7  860s
  1811  1536 3227.90394  532  414 3376.64690 3052.81281  9.59%  40.6  869s
  1812  1537 3052.81281  294  414 3376.64690 3052.81281  9.59%  40.6  871s
  1813  1537 3052.86281  334  412 3376.64690 3052.86281  9.59%  40.6  877s
  1814  1538 3052.86281   21  411 3376.64690 3052.86281  9.59%  40.5  880s
  1815  1539 3062.60882  356  426 3376.64690 3052.91721  9.59%  40.5  888s
  1816  1539 3052.91721  148  439 3376.64690 3052.91721  9.59%  40.5  890s
  1819  1541 3052.91721   39  426 3376.64690 3052.91721  9.59%  40.4  896s
  1820  1542 3237.17555  687  424 3376.64690 3052.91721  9.59%  40.4  901s
  1822  1543 3233.21790  702  431 3376.64690 3052.91721  9.59%  40.4  908s
  1825  1547 3052.91721   77  357 3376.64690 3052.91721  9.59%  64.3  961s
  1827  1548 3230.79967  636  171 3376.64690 3052.91721  9.59%  64.3  969s
  1828  1549 3052.91721  259  318 3376.64690 3052.91721  9.59%  64.2  974s
  1829  1550 3052.91721    8  320 3376.64690 3052.91721  9.59%  64.2  977s
  1830  1550 3236.84162  678  488 3376.64690 3052.91721  9.59%  64.2  980s
  1832  1552 3063.27120  401  335 3376.64690 3052.91721  9.59%  64.1  985s
  1835  1554 3228.10654  578  372 3376.64690 3052.91721  9.59%  64.0  991s
  1838  1556 3229.19731  576  360 3376.64690 3052.91721  9.59%  63.9  996s
  1839  1556 3052.91721  210  375 3376.64690 3052.91721  9.59%  63.9 1000s
  1842  1558 3052.91721  139  496 3376.64690 3052.91721  9.59%  63.8 1008s
  1843  1559 3229.22934  613  470 3376.64690 3052.91721  9.59%  63.7 1010s
  1846  1561 3052.91721   47  477 3376.64690 3052.91721  9.59%  63.6 1016s
  1848  1562 3052.91721  401  494 3376.64690 3052.91721  9.59%  63.5 1020s
  1851  1564 3052.91721   91  386 3376.64690 3052.91721  9.59%  63.4 1025s
  1854  1566 3234.82769  633  375 3376.64690 3052.91721  9.59%  63.3 1031s
  1856  1568 3052.91721   31  386 3376.64690 3052.91721  9.59%  63.3 1037s
  1858  1569 3228.76058  570  401 3376.64690 3052.91721  9.59%  63.2 1041s
  1860  1570 3052.91721   46  404 3376.64690 3052.91721  9.59%  63.1 1045s
  1863  1572 3052.91721  320  380 3376.64690 3052.91721  9.59%  63.0 1052s
  1865  1574 3063.91215  438  394 3376.64690 3052.91721  9.59%  63.0 1056s
  1867  1575 3052.91721  296  387 3376.64690 3052.91721  9.59%  62.9 1060s
  1869  1576 3052.91721  282  397 3376.64690 3052.91721  9.59%  62.8 1065s
  1871  1578 3052.91721  287  402 3376.64690 3052.91721  9.59%  62.8 1070s
  1872  1578 3228.28713  518  458 3376.64690 3052.99182  9.59%  62.7 1077s
  1874  1580 3227.74458  503  430 3376.64690 3053.04673  9.58%  62.7 1082s
  1875  1580 3053.35176  219  448 3376.64690 3053.35176  9.57%  62.6 1092s
  1877  1582 3231.24997  610  476 3376.64690 3053.49303  9.57%  62.6 1096s
  1879  1583 3053.61731  239  463 3376.64690 3053.61731  9.57%  62.5 1101s
  1881  1584 3053.65047  171  478 3376.64690 3053.65047  9.57%  62.4 1107s
  1882  1585 3053.87250   34  473 3376.64690 3053.87250  9.56%  62.4 1115s
  1885  1587 3227.23170  466  475 3376.64690 3053.91799  9.56%  62.3 1120s
  1887  1588 3053.92780  400  478 3376.64690 3053.92780  9.56%  62.2 1125s
  1888  1589 3054.06982  178  475 3376.64690 3054.06982  9.55%  62.2 1132s
  1890  1590 3054.09398  216  492 3376.64690 3054.09398  9.55%  62.1 1138s
  1891  1591 3232.29141  688  485 3376.64690 3054.43198  9.54%  62.1 1144s
  1892  1592 3233.33467  664  512 3376.64690 3054.43198  9.54%  62.1 1145s
  1895  1594 3227.93976  565  492 3376.64690 3054.43198  9.54%  62.0 1150s
  1896  1594 3234.58163  652  482 3376.64690 3054.50714  9.54%  61.9 1157s
  1898  1596 3054.52525  254  527 3376.64690 3054.52525  9.54%  61.9 1161s
  1900  1597 3054.76485  343  517 3376.64690 3054.76485  9.53%  61.8 1170s
  1902  1598 3054.76485   67  529 3376.64690 3054.76485  9.53%  61.7 1176s
  1903  1599 3054.98877  289  523 3376.64690 3054.98877  9.53%  61.7 1184s
  1904  1600 3054.98877   16  528 3376.64690 3054.98877  9.53%  61.7 1186s
  1906  1601 3232.35969  682  535 3376.64690 3054.98877  9.53%  61.6 1191s
  1907  1602 3232.00015  680  536 3376.64690 3055.02521  9.52%  61.6 1199s
  1908  1602 3228.55487  534  537 3376.64690 3055.02521  9.52%  61.5 1203s
  1909  1603 3055.09929  173  536 3376.64690 3055.09929  9.52%  61.5 1210s
  1911  1604 3227.90394  532  546 3376.64690 3055.15686  9.52%  61.5 1220s
  1912  1605 3055.15686  294  543 3376.64690 3055.15686  9.52%  61.4 1258s
  1913  1606 3055.25853  334  543 3376.64690 3055.25853  9.52%  61.4 1269s
  1914  1608 3074.61127   23  328 3376.64690 3055.25853  9.52%  77.8 1279s
  1916  1610 3118.65866   24  324 3376.64690 3074.69848  8.94%  80.8 1292s
  1918  1617 3118.70665   25  314 3376.64690 3074.69848  8.94%  81.0 1305s
  1926  1620 3119.41335   27  303 3376.64690 3074.69848  8.94%  82.3 1310s
  1932  1624 3183.53231   27  285 3376.64690 3074.69848  8.94%  83.0 1315s
  1938  1627 3162.55117   28  189 3376.64690 3074.69848  8.94%  83.9 1321s
  1948  1634 3119.42075   29  291 3376.64690 3074.69848  8.94%  83.9 1329s
  1953  1636 3160.14245   29  201 3376.64690 3074.69848  8.94%  84.6 1338s
  1957  1639 3119.70478   30  300 3376.64690 3074.69848  8.94%  84.8 1343s
  1961  1642 3126.50757   30  220 3376.64690 3074.69848  8.94%  85.9 1352s
  1965  1644 3121.44225   31  207 3376.64690 3074.69848  8.94%  86.2 1358s
  1969  1647 3123.82593   31  125 3376.64690 3074.69848  8.94%  87.3 1376s
  1978  1656 3177.36007   32  231 3376.64690 3074.69848  8.94%  88.3 1385s
  1985  1663 3131.61269   33  249 3376.64690 3074.69848  8.94%  88.9 1390s
  1994  1669 3139.14414   33  312 3376.64690 3074.69848  8.94%  89.4 1397s
  2003  1676 3173.97673   34  224 3376.64690 3074.69848  8.94%  89.8 1402s
  2013  1682 3136.03756   34  194 3376.64690 3074.69848  8.94%  89.7 1410s
  2027  1690 3177.70329   36  226 3376.64690 3074.69848  8.94%  89.9 1417s
  2040  1690 3182.37135   37  208 3376.64690 3074.69848  8.94%  90.1 1423s
  2053  1687 3234.54448   38  179 3376.64690 3074.69848  8.94%  90.8 1429s
  2056  1689 3187.77890   38  140 3376.64690 3078.98219  8.82%  91.1 1448s
  2059  1690 3240.49110   39  125 3376.64690 3079.01320  8.81%  93.1 1452s
  2061  1694 3240.09127   40  123 3376.64690 3084.51015  8.65%  93.7 1459s
  2066  1694 3245.04999   41  145 3376.64690 3084.51015  8.65%  94.1 1479s
  2077  1700 infeasible   48      3376.64690 3088.75079  8.53%  93.9 1487s
  2091  1720 3168.97771   31   89 3376.64690 3088.75079  8.53%  93.5 1494s
  2116  1736 3282.54075   40   65 3376.64690 3088.75079  8.53%  92.9 1502s
  2140  1750 3334.90142   48   58 3376.64690 3088.75079  8.53%  92.2 1511s
  2166  1755 infeasible   56      3376.64690 3088.76748  8.53%  91.3 1539s
  2199  1778 3090.82802   46   77 3376.64690 3090.39420  8.48%  90.2 1551s
  2235  1786 3186.77003   51   40 3376.64690 3090.39420  8.48%  89.1 1570s
  2263  1800 3336.42027   58    7 3376.64690 3090.39420  8.48%  88.2 1581s
  2288  1795 3321.66869   70   17 3376.64690 3090.39420  8.48%  87.4 1608s
  2313  1789 3097.22132   28  243 3376.64690 3091.19873  8.45%  87.0 1633s
  2316  1795 3095.80932   28  235 3376.64690 3091.32431  8.45%  87.4 1637s
  2323  1804 3127.55892   29  159 3376.64690 3091.32431  8.45%  87.3 1641s
  2334  1821 3130.24096   30  124 3376.64690 3091.32431  8.45%  87.2 1652s
  2366  1851 3241.05546   34  102 3376.64690 3091.32431  8.45%  86.7 1664s
  2411  1883 3250.90693   46   88 3376.64690 3097.29936  8.27%  85.5 1681s
  2475  1891 3221.93043   46   54 3376.64690 3097.29936  8.27%  83.8 1695s
  2525  1932     cutoff   68      3376.64690 3098.74595  8.23%  82.7 1709s
  2592  1953 infeasible   56      3376.64690 3098.74595  8.23%  80.9 1725s
  2664  1959 3328.16036   71   17 3376.64690 3100.10295  8.19%  79.2 1742s
  2725  1939 infeasible   26      3376.64690 3120.71488  7.58%  78.3 1782s
  2729  1940 3281.12256   27  316 3376.64690 3123.59440  7.49%  79.8 1791s
  2731  1941 infeasible   28      3376.64690 3123.84853  7.49%  80.1 1804s
  2735  1944 infeasible   29      3376.64690 3123.84853  7.49%  81.0 1818s
  2741  1946 infeasible   33      3376.64690 3124.06219  7.48%  81.6 1828s
  2753  1953 3176.16729   34   72 3376.64690 3124.57379  7.47%  82.3 1843s
  2785  1951 3271.49285   41  109 3376.64690 3124.57379  7.47%  82.3 1870s
  2818  1940 3126.07702   30  310 3376.64690 3124.57379  7.47%  82.4 1886s
  2827  1941 3129.84554   30  290 3376.64690 3124.57379  7.47%  83.5 1923s
  2833  1954 3294.06369   31  253 3376.64690 3124.57379  7.47%  84.7 1949s
  2870  1962 3218.27503   32  193 3376.64690 3125.06276  7.45%  84.4 1964s
  2892  1977 3327.15126   36  145 3376.64690 3125.06276  7.45%  84.4 1995s
  2925  1972 3371.93330   44   32 3376.64690 3125.06276  7.45%  84.1 2015s
  2945  1970 3167.33341   34  232 3376.64690 3125.06276  7.45%  84.7 2035s
  2949  1971 3168.50678   36  216 3376.64690 3125.06276  7.45%  84.9 2052s
  2952  1978 3168.50678   38  217 3376.64690 3125.06276  7.45%  84.8 2086s
  2964  1983 3366.68453   49   33 3376.64690 3126.51838  7.41%  84.7 2114s
  2997  1978 3150.08682   32  141 3376.64690 3126.61310  7.40%  85.3 2133s
  3003  1989 3152.72589   35  163 3376.64690 3126.61310  7.40%  85.9 2163s
  3018  2005 3231.42387   37   93 3376.64690 3126.61310  7.40%  86.0 2196s
  3074  2021 3149.75862   31  131 3376.64690 3126.61310  7.40%  84.8 2247s
  3147  2010 infeasible   33      3376.64690 3127.62923  7.37%  83.9 2266s
  3168  2035 3322.05229   39  324 3376.64690 3127.68151  7.37%  85.1 2303s
  3237  2020 3285.21927   33  302 3376.64690 3127.68151  7.37%  84.6 2334s
  3255  2028 3158.06601   34  297 3376.64690 3127.68151  7.37%  84.5 2370s
  3292  2040 3165.97055   38  284 3376.64690 3127.68151  7.37%  84.0 2530s
  3357  2031 3170.20929   40  255 3376.64690 3129.11185  7.33%  83.0 2575s
  3371  2128 3302.14020   44  143 3376.64690 3129.11185  7.33%  83.1 2623s
  3517  2184 3214.94250   46  103 3376.64690 3129.52925  7.32%  81.0 2666s
  3671  2182 3196.84763   51  111 3376.64690 3130.57474  7.29%  78.5 2710s
  3757  2263 3151.15705   35  332 3376.64690 3130.69032  7.28%  77.3 2760s
  3940  2279 3223.26077   43  136 3376.64690 3131.55025  7.26%  75.0 2806s
  4058  2384 3375.52804   70   75 3376.64690 3131.94301  7.25%  73.8 2865s
  4285  2403 3142.72167   41  114 3376.64690 3131.97643  7.25%  71.0 2924s
  4520  2397 3297.47994   34   92 3376.64690 3132.44025  7.23%  68.5 2978s
  4649  2457 infeasible   39      3376.64690 3132.60863  7.23%  67.7 3031s
  4833  2503 3198.71464   41  115 3376.64690 3133.15456  7.21%  66.5 3098s
  5075  2565 3141.93613   36  286 3376.64690 3133.19315  7.21%  64.5 3183s
  5305  2529 3283.70228   39  331 3376.64690 3134.22088  7.18%  63.6 3262s
  5419  2506 3283.28137   44  305 3376.64690 3134.35277  7.18%  63.5 3323s
  5468  2529 3300.43087   44  326 3376.64690 3135.15685  7.15%  64.6 3512s
  5560  2573 3145.91182   41  183 3376.64690 3135.58415  7.14%  65.1 3567s
  5699  2581 3234.69985   45  159 3376.64690 3135.83629  7.13%  65.6 3646s
  5805  2570 3324.11840   46   77 3376.64690 3136.39780  7.12%  66.2 3716s
  5885  2624 3207.16104   51  196 3376.64690 3136.42646  7.11%  66.4 3820s
  6071  2620 infeasible   69      3376.64690 3136.49557  7.11%  65.5 3913s
  6222  2757 3140.87125   36  139 3376.64690 3137.81472  7.07%  65.3 4043s
  6631  2631 3293.17701   38  259 3376.64690 3139.15236  7.03%  63.5 4125s
  6667  2694 3295.94905   36  270 3376.64690 3139.39474  7.03%  64.8 4209s
  6774  2882 infeasible   38      3376.64690 3139.39474  7.03%  64.3 4329s
  7145  3052 3243.25471   46  129 3376.64690 3140.48106  6.99%  62.7 4431s
  7474  3309 3233.91478   42  175 3376.64690 3140.63432  6.99%  60.8 4735s
  7993  3360 3307.51165   51   89 3376.64690 3142.08078  6.95%  59.7 4787s
  8109  3413 3258.17859   43  175 3376.64690 3142.31099  6.94%  59.9 4851s
  8258  3434 3150.17014   44  374 3376.64690 3142.56451  6.93%  59.9 4908s
  8327  3451 3285.24448   42  167 3376.64690 3142.76223  6.93%  60.2 4959s
  8386  3516 3236.36505   52  314 3376.64690 3142.87069  6.92%  60.5 5006s
  8485  3653 3255.46377   48  225 3376.64690 3142.89321  6.92%  60.5 5084s
  8720  3759 3235.80095   67  123 3376.64690 3143.09346  6.92%  59.9 5168s
  9001  3816 infeasible   41      3376.64690 3144.06200  6.89%  59.5 5251s
  9138  3963 3151.65046   33  113 3376.64690 3144.49148  6.88%  59.1 5327s
  9435  4076 3349.18960   38   60 3376.64690 3144.69590  6.87%  58.6 5396s
  9667  4149 3202.97119   44  169 3376.64690 3145.00945  6.86%  58.3 5466s
  9877  4185 3198.69557   45  248 3376.64690 3145.18828  6.85%  58.1 5543s
 10045  4279 infeasible   47      3376.64690 3146.16484  6.83%  58.7 5617s
 10319  4308 3335.73614   50  136 3376.64690 3146.67748  6.81%  58.5 5679s
 10447  4371 3228.59042   58  208 3376.64690 3146.87112  6.80%  58.7 5761s
 10704  4476 3266.47231   53  187 3376.64690 3147.46090  6.79%  58.5 5822s
 10946  4636 3265.94008   54  203 3376.64690 3147.52381  6.79%  57.6 5901s
 11221  4753 infeasible   52      3376.64690 3147.63749  6.78%  57.2 5978s
 11454  4930 3224.32412   63  197 3376.64690 3147.65382  6.78%  57.0 6063s
 11749  5195 3166.16809   58  231 3376.64690 3147.70253  6.78%  56.4 6165s
 12195  5335 3276.99048   79  220 3376.64690 3147.71485  6.78%  55.5 6243s
 12512  5512 3334.84772   70  126 3376.64690 3147.84622  6.78%  54.7 6329s
 12876  5750 3167.16925   62  134 3376.64690 3148.32144  6.76%  54.0 6438s
 13296  5838 3287.73905   51  139 3376.64690 3148.48888  6.76%  53.0 6501s
 13484  5927 3291.58763   45   98 3376.64690 3148.63619  6.75%  53.1 6554s
 13678  6035 3207.27843   45  122 3376.64690 3148.91815  6.74%  52.7 6597s
 13902  6132 3349.37490   56   70 3376.64690 3148.98686  6.74%  52.3 6667s
 14221  6368 3169.79292   51  202 3376.64690 3149.11659  6.74%  51.6 6748s
 14685  6370 3238.68260   66  225 3376.64690 3149.18468  6.74%  50.7 6786s
 14689  6371 3214.51601   60  357 3376.64690 3149.18468  6.74%  50.7 7563s
 14691  6372 3305.85211   45  177 3376.64690 3149.18468  6.74%  50.7 7579s
 14692  6373 3243.80838   49  358 3376.64690 3149.18468  6.74%  50.7 7588s
 14693  6374 3213.38499   76  356 3376.64690 3149.18468  6.74%  50.7 7591s
 14695  6375 3353.87369   63  394 3376.64690 3149.18468  6.74%  50.7 7596s
 14697  6376 3340.82198   55  412 3376.64690 3149.18468  6.74%  50.7 7602s
 14699  6378 3231.41916   38  541 3376.64690 3149.18468  6.74%  50.7 7608s
 14700  6378 3207.03403   62  425 3376.64690 3149.18468  6.74%  50.7 7611s
 14702  6380 3191.93122   37  435 3376.64690 3149.18468  6.74%  50.7 7616s
 14704  6381 3361.92771   57  464 3376.64690 3149.18468  6.74%  50.7 7620s
 14706  6382 3199.85604   39  442 3376.64690 3149.18468  6.74%  50.6 7627s
 14707  6383 3342.69971   92  443 3376.64690 3149.18468  6.74%  50.6 7630s
 14710  6385 3352.46335   61  515 3376.64690 3149.18468  6.74%  50.6 7637s
 14712  6386 3240.79173   62  487 3376.64690 3149.18468  6.74%  50.6 7642s
 14714  6388 3281.44894   34  520 3376.64690 3149.18468  6.74%  50.6 7647s
 14715  6388 3150.49237   49  523 3376.64690 3149.18468  6.74%  50.6 7652s
 14716  6389 3265.50115   43  488 3376.64690 3149.18468  6.74%  50.6 7681s
 14718  6390 3171.16584   60  520 3376.64690 3149.18468  6.74%  50.6 7688s
 14719  6391 3298.39817   58  514 3376.64690 3149.18468  6.74%  50.6 7690s
 14721  6392 3374.31532   95  525 3376.64690 3149.18468  6.74%  50.6 7696s
 14723  6394 3325.36954   49  527 3376.64690 3149.18468  6.74%  50.6 7729s
 14724  6394 3199.32768   42  599 3376.64690 3149.18468  6.74%  50.6 7767s
 14725  6395 3152.54050   35  534 3376.64690 3149.18468  6.74%  50.6 7770s
 14727  6396 3276.36287   48  546 3376.64690 3149.18468  6.74%  50.6 7776s
 14729  6398 3350.42887   57  543 3376.64690 3149.18468  6.74%  50.6 7781s
 14731  6399 3297.00972   43  527 3376.64690 3149.18468  6.74%  50.6 7787s
 14732  6400 3357.62558   88  535 3376.64690 3149.18468  6.74%  50.6 7791s
 14734  6401 3354.26341   76  574 3376.64690 3149.18468  6.74%  50.6 7796s
 14736  6402 3352.51070   42  577 3376.64690 3149.18468  6.74%  50.5 7800s
 14738  6404 3266.40316   57  552 3376.64690 3149.18468  6.74%  50.5 7805s
 14739  6404 3362.60125   57  521 3376.64690 3149.18468  6.74%  50.5 7835s
 14740  6405 3225.80876   55  574 3376.64690 3149.18468  6.74%  50.5 7875s
 14742  6406 3180.85952   46  571 3376.64690 3149.18468  6.74%  50.5 7881s
 14744  6408 3243.31230   52  575 3376.64690 3149.18468  6.74%  50.5 7887s
 14745  6408 3247.09376   53  584 3376.64690 3149.18468  6.74%  50.5 7916s
 14746  6409 3240.41302   76  602 3376.64690 3149.18468  6.74%  50.5 7956s
 14748  6410 3318.61824   47  583 3376.64690 3149.18468  6.74%  50.5 7961s
 14750  6412 3342.70204   49  593 3376.64690 3149.18468  6.74%  50.5 7965s
 14751  6412 3203.71658   50  590 3376.64690 3149.18468  6.74%  50.5 7999s
 14752  6413 3240.15506   45  568 3376.64690 3149.18468  6.74%  50.5 8038s
 14753  6414 3318.61896   53  549 3376.64690 3149.18468  6.74%  50.5 8041s
 14755  6415 3278.70721   60  567 3376.64690 3149.18468  6.74%  50.5 8073s
 14756  6416 3284.87058   42  570 3376.64690 3149.18468  6.74%  50.5 8111s
 14758  6417 3172.98498   50  586 3376.64690 3149.18468  6.74%  50.5 8115s
 14760  6418 3225.88986   65  595 3376.64690 3149.18468  6.74%  50.5 8151s
 14761  6419 3243.84099   47  578 3376.64690 3149.18468  6.74%  50.5 8188s
 14762  6420 3259.78444   65  591 3376.64690 3149.18468  6.74%  50.5 8191s
 14764  6421 3289.85801   56  602 3376.64690 3149.18468  6.74%  50.5 8223s
 14765  6422 3330.68787   67  593 3376.64690 3149.18468  6.74%  50.4 8257s
 14766  6422 3332.42432   49  603 3376.64690 3149.18468  6.74%  50.4 8260s
 14768  6424 3354.26816   49  603 3376.64690 3149.18468  6.74%  50.4 8291s
 14769  6424 3370.66234   58  558 3376.64690 3149.18468  6.74%  50.4 8327s
 14771  6426 3360.66120   35  566 3376.64690 3149.18468  6.74%  50.4 8332s
 14772  6426 3334.89017   52  572 3376.64690 3149.18468  6.74%  50.4 8360s
 14773  6427 3250.00480   61  569 3376.64690 3149.18468  6.74%  50.4 8400s
 14775  6428 3367.70201   56  591 3376.64690 3149.18468  6.74%  50.4 8435s
 14776  6429 3370.30133   48  562 3376.64690 3149.18468  6.74%  50.4 8479s
 14777  6430 3193.73680   55  604 3376.64690 3149.18468  6.74%  50.4 8482s
 14778  6430 3214.44032   51  614 3376.64690 3149.18468  6.74%  50.4 8485s
 14781  6432 3302.48320   88  628 3376.64690 3149.18468  6.74%  50.4 8516s
 14782  6433 3310.03205   57  618 3376.64690 3149.18468  6.74%  50.4 8550s
 14784  6434 3372.88706   62  636 3376.64690 3149.18468  6.74%  50.4 8556s
 14785  6435 3356.53126   65  639 3376.64690 3149.18468  6.74%  50.4 8583s
 14786  6436 3277.48738   43  639 3376.64690 3149.18468  6.74%  50.4 8617s
 14788  6437 3197.59667   45  642 3376.64690 3149.18468  6.74%  50.4 8622s
 14789  6438 3214.51601   60  651 3376.64690 3149.18468  6.74%  50.4 8654s
 14790  6438 3349.96437   67  627 3376.64690 3149.18468  6.74%  50.4 8690s
 14792  6440 3243.80838   49  642 3376.64690 3149.18468  6.74%  50.4 8725s
 14793  6440 3213.38499   76  589 3376.64690 3149.18468  6.74%  50.4 8763s
 14794  6441 3365.22740   59  615 3376.64690 3149.18468  6.74%  50.3 8767s
 14795  6442 3353.87369   63  627 3376.64690 3149.18468  6.74%  50.3 8771s
 14797  6443 3340.82198   55  645 3376.64690 3149.18468  6.74%  50.3 8777s
 14798  6444 3352.46883   76  650 3376.64690 3149.18468  6.74%  50.3 8808s
 14799  6444 3231.41916   38  654 3376.64690 3149.18468  6.74%  50.3 8846s
 14800  6445 3207.03403   62  658 3376.64690 3149.18468  6.74%  50.3 8850s
 14801  6446 3239.07459   66  657 3376.64690 3149.18468  6.74%  50.3 8878s
 14802  6446 3191.93122   37  650 3376.64690 3149.18468  6.74%  50.3 8922s
 14803  6447 3234.51461   52  662 3376.64690 3149.18468  6.74%  50.3 8925s
 14805  6448 3324.47357   48  670 3376.64690 3149.18468  6.74%  50.3 8959s
 14806  6449 3199.85604   39  674 3376.64690 3149.18468  6.74%  50.3 8973s
 14807  6450 3342.69971   92  678 3376.64690 3149.18468  6.74%  50.3 8979s
 14808  6450 3170.73879   54  671 3376.64690 3149.18468  6.74%  50.3 8991s
 14809  6451 3348.42545   69  671 3376.64690 3149.18468  6.74%  50.3 8997s
 14810  6452 3352.46335   61  675 3376.64690 3149.18468  6.74%  50.3 9009s
 14811  6452 3245.85963   53  672 3376.64690 3149.18468  6.74%  50.3 9015s
 14812  6453 3240.79173   62  676 3376.64690 3149.18468  6.74%  50.3 9024s
 14813  6454 3218.27514   33  681 3376.64690 3149.18468  6.74%  50.3 9028s
 14814  6454 3281.44894   34  675 3376.64690 3149.18468  6.74%  50.3 9038s
 14815  6455 3150.49237   49  677 3376.64690 3149.18468  6.74%  50.3 9044s
 14816  6456 3265.50115   43  674 3376.64690 3149.18468  6.74%  50.3 9075s
 14817  6456 3234.82851   35  675 3376.64690 3149.18468  6.74%  50.3 9082s
 14818  6457 3171.16584   60  677 3376.64690 3149.18468  6.74%  50.3 9093s
 14819  6458 3298.39817   58  677 3376.64690 3149.18468  6.74%  50.3 9098s
 14820  6458 3176.23222   43  673 3376.64690 3149.18468  6.74%  50.3 9107s
 14821  6459 3374.31532   95  671 3376.64690 3149.18468  6.74%  50.3 9118s
 14822  6460 3228.93606   61  671 3376.64690 3149.18468  6.74%  50.3 9150s
 14823  6463 3149.18468   35  415 3376.64690 3149.18468  6.74%  53.1 9173s
 14825  6465 3149.18468   36  385 3376.64690 3149.18468  6.74%  53.1 9183s
 14827  6468 3149.18468   37  385 3376.64690 3149.18468  6.74%  53.3 9208s
 14831  6470 3149.18468   38  387 3376.64690 3149.18468  6.74%  53.8 9226s
 14838  6470 3149.18468   39  349 3376.64690 3149.18468  6.74%  54.0 9237s
 14845  6468 infeasible   40      3376.64690 3149.18468  6.74%  54.2 9246s
 14852  6468 3149.18468   41  274 3376.64690 3149.18468  6.74%  54.3 9254s
 14858  6472 3149.18468   42  263 3376.64690 3149.18468  6.74%  54.4 9258s
 14864  6476 3149.18468   42  279 3376.64690 3149.18468  6.74%  54.5 9288s
 14870  6480 3171.95751   43  285 3376.64690 3149.18468  6.74%  54.6 9297s
 14876  6483 infeasible   43      3376.64690 3149.18468  6.74%  54.6 9306s
 14883  6488 3171.96229   44  293 3376.64690 3149.18468  6.74%  54.7 9313s
 14891  6494 3215.35880   45  127 3376.64690 3149.18468  6.74%  54.7 9322s
 14900  6502 3215.64687   46  137 3376.64690 3149.18468  6.74%  54.8 9330s
 14911  6504 3216.78299   47  134 3376.64690 3149.18468  6.74%  54.8 9337s
 14924  6500 3220.85029   49  196 3376.64690 3149.18468  6.74%  54.8 9348s
 14937  6495 3334.30643   51  119 3376.64690 3149.18468  6.74%  54.8 9437s
 14943  6494 3334.44188   54  121 3376.64690 3149.18468  6.74%  54.9 9459s
 14947  6496 3149.18468   38  257 3376.64690 3149.18468  6.74%  55.1 9465s
 14950  6498 3149.18468   38  280 3376.64690 3149.18468  6.74%  55.2 9484s
 14953  6502 3179.62873   39  268 3376.64690 3149.18468  6.74%  55.3 9500s
 14959  6507 3153.97977   41  122 3376.64690 3149.18468  6.74%  55.3 9508s
 14966  6517 3211.97946   43  147 3376.64690 3149.18468  6.74%  55.4 9540s
 14983  6516 3296.44143   52   34 3376.64690 3149.18468  6.74%  55.4 9552s
 15004  6521 3297.24223   61   28 3376.64690 3149.18468  6.74%  55.4 9561s
 15032  6533 3297.95186   72   28 3376.64690 3149.18468  6.74%  55.3 9571s
 15058  6525 3298.77798   81   24 3376.64690 3149.18468  6.74%  55.3 9589s
 15060  6525 3298.44873   82   30 3376.64690 3149.18468  6.74%  55.3 9600s
 15062  6524 infeasible   82      3376.64690 3149.18468  6.74%  55.3 9621s
 15106  6514 3321.52854   98   21 3376.64690 3149.18468  6.74%  55.2 9634s
 15133  6524 3149.18468   43  190 3376.64690 3149.18468  6.74%  55.1 9641s
 15152  6545 3149.18468   47  165 3376.64690 3149.18468  6.74%  55.1 9650s
 15180  6552 3210.74365   55  162 3376.64690 3149.18468  6.74%  55.0 9662s
 15205  6562 infeasible   61      3376.64690 3149.18468  6.74%  55.0 9677s
 15245  6587 3149.18468   58   75 3376.64690 3149.18468  6.74%  54.9 9691s
 15308  6596 3230.32802   68   38 3376.64690 3149.18468  6.74%  54.8 9705s
 15354  6623 3245.71618   44   49 3376.64690 3149.18468  6.74%  54.7 9719s
 15413  6638 3275.04346   69   52 3376.64690 3149.18468  6.74%  54.5 9736s
 15470  6639 3149.18468   45  113 3376.64690 3149.18468  6.74%  54.4 9747s
 15495  6663 3149.18468   56  116 3376.64690 3149.18468  6.74%  54.3 9765s
 15553  6684 3208.61165   59   52 3376.64690 3149.18468  6.74%  54.2 9779s
 15597  6687 3342.39355   77   10 3376.64690 3149.18468  6.74%  54.1 9796s
 15644  6683 3149.18468   54  179 3376.64690 3149.18468  6.74%  54.0 9813s
 15662  6710 3181.21904   63  177 3376.64690 3149.18468  6.74%  53.9 9833s
 15713  6728 3214.09900   54   44 3376.64690 3149.18468  6.74%  53.9 9855s
 15763  6737 3200.24384   61   64 3376.64690 3149.18468  6.74%  53.7 9875s
 15812  6750 3174.74252   40  286 3376.64690 3149.18468  6.74%  53.9 9902s
 15856  6743 3225.99924   41  336 3376.64690 3149.18468  6.74%  53.9 9919s
 15874  6739 3278.73098   42  320 3376.64690 3149.18468  6.74%  53.9 9949s
 15876  6767 3278.83413   43  315 3376.64690 3149.18468  6.74%  53.9 9971s
 15926  6774 3278.87325   44  303 3376.64690 3149.18468  6.74%  53.8 9995s
 15957  6779 3279.81244   45  308 3376.64690 3149.18468  6.74%  53.7 10014s
 15985  6788 3283.80897   47  302 3376.64690 3149.18468  6.74%  53.7 10037s
 16025  6796 3281.76035   50  333 3376.64690 3149.18468  6.74%  53.7 10059s
 16068  6824 3174.73255   49  197 3376.64690 3149.18468  6.74%  53.6 10080s
 16135  6804 3334.84527   65  134 3376.64690 3149.18468  6.74%  53.5 10105s
 16147  6857 3246.86958   48  143 3376.64690 3149.18468  6.74%  53.5 10138s
 16257  6882 3240.29549   55  172 3376.64690 3149.18468  6.74%  53.2 10175s
 16365  6898 3271.09103   58   52 3376.64690 3149.18468  6.74%  53.0 10216s
 16474  6967 3344.86798   65   38 3376.64690 3149.18468  6.74%  52.7 10259s
 16655  7034 3337.83621   73   27 3376.64690 3149.18468  6.74%  52.3 10297s
 16841  7068 3261.34018   69   60 3376.64690 3149.18468  6.74%  51.9 10355s
 17004  7017 3149.18468   43  265 3376.64690 3149.18468  6.74%  51.6 10382s
 17019  7025 3226.91146   40  319 3376.64690 3149.18468  6.74%  52.2 10406s
 17032  7025 3323.54677   47  222 3376.64690 3149.18468  6.74%  52.3 10430s
 17060  7028 3248.93596   49  149 3376.64690 3149.18468  6.74%  52.6 10456s
 17084  7031 3225.42517   48  293 3376.64690 3149.18468  6.74%  53.0 10482s
 17102  7034 3235.20646   53  338 3376.64690 3149.18468  6.74%  53.5 10524s
 17130  7059 3149.18468   45   94 3376.64690 3149.18468  6.74%  53.6 10562s
 17201  7048 3149.18468   44  298 3376.64690 3149.18468  6.74%  53.6 10614s
 17217  7049 infeasible   53      3376.64690 3149.18468  6.74%  53.8 10638s
 17226  7075 3149.18468   57  209 3376.64690 3149.18468  6.74%  53.9 10667s
 17273  7089 3149.18468   48   59 3376.64690 3149.18468  6.74%  53.8 10701s
 17318  7094 3193.77681   46  280 3376.64690 3149.18468  6.74%  53.8 10745s
 17388  7072 3178.27920   47  265 3376.64690 3149.18468  6.74%  54.0 10792s
 17402  7091 3183.65345   49  265 3376.64690 3149.18468  6.74%  54.2 10826s
 17445  7086 3298.62273   62  185 3376.64690 3149.18468  6.74%  54.3 10863s
 17489  7089 3229.55324   46  281 3376.64690 3149.18468  6.74%  54.3 10896s
 17520  7129 3237.47077   54  285 3376.64690 3149.18468  6.74%  54.5 10960s
 17609  7180 3352.87155   64   27 3376.64690 3149.18468  6.74%  54.5 11017s
 17738  7228 3149.18468   58   75 3376.64690 3149.18468  6.74%  54.3 11084s
 17926  7254 3231.90607   40  301 3376.64690 3149.18468  6.74%  54.2 11160s
 18095  7455 3149.18468   57   81 3376.64690 3149.18468  6.74%  53.9 11249s
 18473  7636     cutoff   75      3376.64690 3149.18468  6.74%  53.1 11338s
 18896  7727 3191.79936   63   39 3376.64690 3149.18468  6.74%  52.2 11418s
 19226  7870 3218.14697   70   59 3376.64690 3149.18468  6.74%  51.5 11527s
 19644  7957 3265.02963   61   44 3376.64690 3149.18468  6.74%  50.8 11624s
 19991  8146 3351.54292   82   40 3376.64690 3149.18468  6.74%  50.1 11737s
 20474  8159 3267.08268   77   53 3376.64690 3149.18468  6.74%  49.3 11820s
 20739  8220 3236.32823   48  377 3376.64690 3149.18468  6.74%  49.1 11901s
 20979  8181 3149.18468   42  233 3376.64690 3149.18468  6.74%  48.9 11974s
 21031  8217 3149.18468   48  241 3376.64690 3149.18468  6.74%  48.9 12060s
 21155  8250 3199.63533   44   91 3376.64690 3149.18468  6.74%  48.9 12132s
 21259  8265 3352.07750   79   41 3376.64690 3149.18468  6.74%  48.9 12223s
 21374  8240 3350.25317   61   35 3376.64690 3149.18468  6.74%  48.9 12323s
 21464  8215 3149.18468   46  201 3376.64690 3149.18468  6.74%  49.1 12424s
 21484  8242 3190.31835   48  148 3376.64690 3149.18468  6.74%  49.2 12484s
 21580  8245 infeasible   55      3376.64690 3149.18468  6.74%  49.5 12633s
 21677  8280 infeasible   45      3376.64690 3149.18468  6.74%  49.7 12721s
 21845  8369 3149.18468   66   79 3376.64690 3149.18468  6.74%  49.8 12811s
 22142  8484 3189.58751   47  101 3376.64690 3149.18468  6.74%  49.5 13080s
 22604  8399 3191.51099   76   81 3376.64690 3149.18468  6.74%  48.9 13127s
 22712  8451 3204.20018   43  218 3376.64690 3149.18468  6.74%  48.8 13192s
 22890  8541 3324.79818   50  174 3376.64690 3149.18468  6.74%  48.5 13274s
 23116  8597 3149.41598   52   76 3376.64690 3149.18468  6.74%  48.2 13355s
 23394  8548 3198.86760   70   53 3376.64690 3149.18468  6.74%  47.9 13419s
 23500  8610 3271.01018   64   49 3376.64690 3149.18468  6.74%  47.8 13466s
 23672  8658 3298.06057   62   36 3376.64690 3149.18468  6.74%  47.6 13543s
 23853  8709 3330.40825   48   75 3376.64690 3149.18468  6.74%  47.3 13618s
 24074  8778 infeasible   51      3376.64690 3149.18468  6.74%  47.1 13697s
 24347  8783     cutoff   61      3376.64690 3149.18468  6.74%  46.8 13764s
 24471  8808 3237.69565   71  129 3376.64690 3149.18468  6.74%  46.8 13800s

Cutting planes:
  Gomory: 8
  Cover: 58
  Implied bound: 906
  Projected implied bound: 3
  Clique: 21
  MIR: 131
  StrongCG: 11
  Flow cover: 106
  GUB cover: 108
  Inf proof: 1
  Zero half: 15
  RLT: 37
  Relax-and-lift: 48
  BQP: 1
  PSD: 1

Explored 24553 nodes (1164610 simplex iterations) in 13800.36 seconds (1469.17 work units)
Thread count was 2 (of 46 available processors)

Solution count 10: 3376.65 3379.48 4062.26 ... 4278.22

Time limit reached
Best objective 3.376646895512e+03, best bound 3.149184683197e+03, gap 6.7363%
