Slurm job ID    : 2598
Array task ID   : 81
Host            : 23037696r-i7809a0b3cd
Start time      : 2026-08-15T19:25:29+08:00
Instance        : /home/23037696r/Documents/research/or_benchmark/wp/instances/inactive_0.4/j40/j400904_10.sm
Output JSON     : /home/23037696r/Documents/research/or_benchmark/wp/results/inactive_0.4/j40/j400904_10.json
Gurobi log      : /home/23037696r/Documents/research/or_benchmark/wp/results/inactive_0.4/j40/logs/gurobi/j400904_10.log
Allocated CPUs  : 2
Running with command-line arguments
-----------------------------------
Instance file: /home/23037696r/Documents/research/or_benchmark/wp/instances/inactive_0.4/j40/j400904_10.sm
Instance summary
----------------
Tasks:          42
Active tasks:   24
Inactive tasks: 18
Arcs:           45
Total duration: 224
Total work:     358
Active work:    186
Delta (singleton critical-path makespan): 200
Chosen deadline: 220
Feasible by singleton schedule: yes
Deadline rule: automatic: d = ceil(1.1 * Delta) = 220
Set parameter Username
Set parameter LicenseID to value 2851961
Academic license - for non-commercial use only - expires 2027-08-07
Set parameter MIPGap to value 1e-06
Set parameter TimeLimit to value 13800
Set parameter Threads to value 2
Set parameter LogFile to value "/home/23037696r/Documents/research/or_benchmark/wp/results/inactive_0.4/j40/logs/gurobi/j400904_10.log"
Set parameter NumericFocus to value 1
Gurobi Optimizer version 13.0.2 build v13.0.2rc1 (linux64 - "Ubuntu 22.04.3 LTS")

CPU model: Intel Xeon Processor (Cascadelake), instruction set [SSE2|AVX|AVX2|AVX512]
Thread count: 46 physical cores, 46 logical processors, using up to 2 threads

Non-default parameters:
TimeLimit  13800
MIPGap  1e-06
NumericFocus  1
Threads  2

Optimize a model with 32272 rows, 21588 columns and 117468 nonzeros (Min)
Model fingerprint: 0x302d4f5a
Model has 13288 linear objective coefficients and an objective constant of 1.7095507705495295e+03
Variable types: 5304 continuous, 16284 integer (16092 binary)
Coefficient statistics:
  Matrix range     [1e+00, 2e+02]
  Objective range  [1e-02, 9e+02]
  Bounds range     [1e+00, 2e+02]
  RHS range        [1e+00, 2e+02]

Presolve removed 15617 rows and 9617 columns (presolve time = 5s)...
Presolve removed 24950 rows and 10721 columns (presolve time = 10s)...
Presolve removed 26330 rows and 13270 columns
Presolve time: 14.95s
Presolved: 5942 rows, 8318 columns, 45995 nonzeros
Variable types: 0 continuous, 8318 integer (5332 binary)
Found heuristic solution: objective 4382.1062000

Root simplex log...

Iteration    Objective       Primal Inf.    Dual Inf.      Time
       0    2.3539843e+03   4.087500e+02   0.000000e+00     16s
    1673    3.3547617e+03   0.000000e+00   0.000000e+00     16s

Root relaxation: objective 3.354762e+03, 1673 iterations, 0.17 seconds (0.07 work units)

    Nodes    |    Current Node    |     Objective Bounds      |     Work
 Expl Unexpl |  Obj  Depth IntInf | Incumbent    BestBd   Gap | It/Node Time

     0     0 3354.76169    0   80 4382.10620 3354.76169  23.4%     -   15s
     0     0 3363.57325    0   91 4382.10620 3363.57325  23.2%     -   16s
H    0     0                    3720.7475069 3363.57325  9.60%     -   16s
     0     0 3378.13663    0  102 3720.74751 3378.13663  9.21%     -   17s
     0     0 3378.13663    0  101 3720.74751 3378.13663  9.21%     -   17s
     0     0 3378.22821    0  101 3720.74751 3378.22821  9.21%     -   17s
     0     0 3378.22821    0  101 3720.74751 3378.22821  9.21%     -   18s
     0     0 3412.71332    0  138 3720.74751 3412.71332  8.28%     -   19s
     0     0 3412.78958    0  133 3720.74751 3412.78958  8.28%     -   19s
     0     0 3414.45861    0  128 3720.74751 3414.45861  8.23%     -   20s
     0     0 3414.45861    0  125 3720.74751 3414.45861  8.23%     -   67s
     0     0 3414.45861    0  123 3720.74751 3414.45861  8.23%     -   68s
     0     0 3444.67848    0  289 3720.74751 3444.67848  7.42%     -   74s
     0     0 3445.92717    0  364 3720.74751 3445.92717  7.39%     -   75s
     0     0 3445.92727    0  321 3720.74751 3445.92727  7.39%     -   76s
     0     0 3445.92727    0  320 3720.74751 3445.92727  7.39%     -   77s
     0     0 3445.92727    0  320 3720.74751 3445.92727  7.39%     -   77s
     0     0 3447.58691    0  374 3720.74751 3447.58691  7.34%     -   81s
     0     0 3447.87715    0  364 3720.74751 3447.87715  7.33%     -   82s
     0     0 3447.87934    0  366 3720.74751 3447.87934  7.33%     -   83s
     0     0 3457.58047    0  154 3720.74751 3457.58047  7.07%     -   86s
     0     0 3458.24366    0  150 3720.74751 3458.24366  7.06%     -   89s
     0     0 3458.24868    0  151 3720.74751 3458.24868  7.06%     -   90s
     0     0 3461.60257    0  359 3720.74751 3461.60257  6.96%     -   94s
     0     0 3462.03122    0  349 3720.74751 3462.03122  6.95%     -   97s
     0     0 3462.04197    0  393 3720.74751 3462.04197  6.95%     -   99s
     0     0 3464.37428    0  375 3720.74751 3464.37428  6.89%     -  102s
     0     0 3464.41180    0  370 3720.74751 3464.41180  6.89%     -  103s
     0     0 3464.47159    0  372 3720.74751 3464.47159  6.89%     -  104s
     0     0 3464.52090    0  373 3720.74751 3464.52090  6.89%     -  104s
     0     0 3464.53036    0  373 3720.74751 3464.53036  6.89%     -  105s
     0     0 3464.53814    0  373 3720.74751 3464.53814  6.89%     -  105s
     0     0 3464.94746    0  422 3720.74751 3464.94746  6.87%     -  108s
     0     0 3465.01938    0  410 3720.74751 3465.01938  6.87%     -  110s
     0     0 3465.03809    0  408 3720.74751 3465.03809  6.87%     -  112s
     0     0 3465.60659    0  402 3720.74751 3465.60659  6.86%     -  117s
H    0     0                    3646.5388191 3465.60703  4.96%     -  118s
H    0     0                    3645.6399039 3465.60703  4.94%     -  119s
     0     0 3465.70638    0  399 3645.63990 3465.70638  4.94%     -  120s
     0     0 3465.71430    0  410 3645.63990 3465.71430  4.94%     -  122s
     0     0 3466.42216    0  402 3645.63990 3466.42216  4.92%     -  126s
     0     0 3466.42456    0  405 3645.63990 3466.42456  4.92%     -  127s
H    0     0                    3643.4831481 3466.42709  4.86%     -  128s
     0     0 3466.51756    0  421 3643.48315 3466.51756  4.86%     -  130s
     0     0 3466.54783    0  436 3643.48315 3466.54783  4.86%     -  132s
     0     0 3466.55332    0  434 3643.48315 3466.55332  4.86%     -  134s
     0     0 3466.87025    0  429 3643.48315 3466.87025  4.85%     -  137s
     0     0 3466.96705    0  391 3643.48315 3466.96705  4.84%     -  140s
     0     0 3466.96718    0  390 3643.48315 3466.96718  4.84%     -  141s
     0     0 3466.98475    0  402 3643.48315 3466.98475  4.84%     -  143s
     0     0 3467.28595    0  480 3643.48315 3467.28595  4.84%     -  147s
     0     0 3467.35867    0  481 3643.48315 3467.35867  4.83%     -  150s
     0     0 3467.37275    0  488 3643.48315 3467.37275  4.83%     -  153s
     0     0 3467.37782    0  478 3643.48315 3467.37782  4.83%     -  153s
     0     0 3467.38010    0  481 3643.48315 3467.38010  4.83%     -  154s
     0     0 3467.38193    0  485 3643.48315 3467.38193  4.83%     -  155s
     0     0 3467.38303    0  485 3643.48315 3467.38303  4.83%     -  156s
     0     0 3467.38494    0  484 3643.48315 3467.38494  4.83%     -  156s
     0     0 3467.38676    0  484 3643.48315 3467.38676  4.83%     -  156s
     0     0 3467.38843    0  477 3643.48315 3467.38843  4.83%     -  156s
     0     0 3467.62136    0  463 3643.48315 3467.62136  4.83%     -  160s
     0     0 3467.69529    0  456 3643.48315 3467.69529  4.82%     -  163s
     0     0 3467.70321    0  463 3643.48315 3467.70321  4.82%     -  165s
     0     0 3467.77958    0  476 3643.48315 3467.77958  4.82%     -  168s
     0     0 3467.78645    0  473 3643.48315 3467.78645  4.82%     -  170s
     0     0 3469.95778    0  478 3643.48315 3469.95778  4.76%     -  174s
H    0     0                    3642.0593630 3469.97172  4.73%     -  176s
H    0     0                    3641.9402957 3469.97172  4.72%     -  176s
H    0     0                    3640.3955136 3469.97172  4.68%     -  177s
     0     0 3470.03875    0  489 3640.39551 3470.03875  4.68%     -  178s
     0     0 3470.05511    0  481 3640.39551 3470.05511  4.68%     -  180s
     0     0 3470.23591    0  468 3640.39551 3470.23591  4.67%     -  184s
     0     0 3470.27388    0  482 3640.39551 3470.27388  4.67%     -  187s
     0     0 3470.27719    0  512 3640.39551 3470.27719  4.67%     -  189s
     0     0 3470.33319    0  512 3640.39551 3470.33319  4.67%     -  191s
     0     0 3470.35578    0  515 3640.39551 3470.35578  4.67%     -  194s
     0     0 3470.76548    0  500 3640.39551 3470.76548  4.66%     -  197s
H    0     0                    3618.8630248 3470.77432  4.09%     -  199s
     0     0 3470.84023    0  518 3618.86302 3470.84023  4.09%     -  201s
     0     0 3470.85102    0  523 3618.86302 3470.85102  4.09%     -  203s
     0     0 3470.95632    0  501 3618.86302 3470.95632  4.09%     -  205s
     0     0 3470.96934    0  520 3618.86302 3470.96934  4.09%     -  208s
     0     0 3471.09719    0  504 3618.86302 3471.09719  4.08%     -  211s
     0     0 3471.10446    0  503 3618.86302 3471.10446  4.08%     -  216s
     0     0 3471.10446    0  501 3618.86302 3471.10446  4.08%     -  217s
     0     2 3471.17069    0  496 3618.86302 3471.17069  4.08%     -  221s
     5     9 3475.07949    3  456 3618.86302 3471.17069  4.08%   370  225s
    14    22 3475.93107    5  451 3618.86302 3471.17069  4.08%   289  230s
    29    24 3481.76242    7  173 3618.86302 3471.17069  4.08%   237  235s
    41    32 3497.96973    8  358 3618.86302 3471.17069  4.08%   232  240s
    54    41 3495.96463   10  390 3618.86302 3471.17069  4.08%   210  245s
    65    42 3499.94768   12  331 3618.86302 3472.08108  4.06%   196  250s
    69    47 3506.37749   13  348 3618.86302 3472.09358  4.06%   211  255s
    81    56 infeasible   18      3618.86302 3472.09358  4.06%   213  261s
    94    60 3537.47590   24  179 3618.86302 3473.05159  4.03%   214  267s
   103    62 3486.74753    4  370 3618.86302 3473.05159  4.03%   218  270s
   119    71 3516.79183    8  160 3618.86302 3473.05159  4.03%   202  277s
   128    71 3562.16201   13  156 3618.86302 3473.19450  4.03%   196  282s
   143    74 infeasible    5      3618.86302 3473.94648  4.00%   194  285s
   160    85 3531.62558    7  158 3618.86302 3473.94648  4.00%   196  293s
   178    95 infeasible    9      3618.86302 3473.94648  4.00%   180  297s
   190   106 3568.39290   10  148 3618.86302 3477.83922  3.90%   173  303s
   225   121 3515.08618    8  312 3618.86302 3477.83922  3.90%   155  307s
   240   133 3509.81196    8  159 3618.86302 3477.83922  3.90%   148  310s
   255   161 3514.13144   10  155 3618.86302 3477.83922  3.90%   142  315s
   288   181 3530.05880   27   91 3618.86302 3477.83922  3.90%   128  320s
   312   209 3537.90835   35   91 3618.86302 3477.83922  3.90%   120  325s
   342   223 3546.10401   54   94 3618.86302 3477.83922  3.90%   110  333s
   382   226 infeasible   63      3618.86302 3477.83922  3.90%   100  338s
   389   233 3513.19216    7  370 3618.86302 3477.83922  3.90%   104  342s
   396   239 3514.04536    8  362 3618.86302 3477.83922  3.90%   104  349s
   414   242 3524.99666   11  241 3618.86302 3477.83922  3.90%   104  360s
   421   245 3540.62903   12  216 3618.86302 3477.83922  3.90%   107  367s
   432   256 3514.87260    9  246 3618.86302 3477.83922  3.90%   109  372s
   445   271 3552.23635   13  163 3618.86302 3479.07529  3.86%   110  380s
   476   276 infeasible    6      3618.86302 3479.07529  3.86%   108  387s
   496   305 3545.53539   11  176 3618.86302 3479.07529  3.86%   109  395s
   541   340 3532.73609   11  126 3618.86302 3479.50702  3.85%   103  404s
   597   348 3544.15783   19  102 3618.86302 3479.50702  3.85%  96.5  414s
   633   353 3499.71079   10  380 3618.86302 3483.95054  3.73%  97.4  418s
   638   351 3521.50190   12  337 3618.86302 3483.95054  3.73%   101  424s
   652   361 3533.48203   14  343 3618.86302 3483.95054  3.73%   103  430s
   672   376 3553.50464   17  139 3618.86302 3483.95054  3.73%   102  439s
   717   409 3543.41253    8  212 3618.86302 3485.17611  3.69%   100  452s
   778   408 3614.98555   15   98 3618.86302 3487.21469  3.64%  95.9  463s
   828   416 3526.86267   14  247 3618.86302 3490.67288  3.54%  94.4  474s
   873   425 infeasible   21      3618.86302 3491.99341  3.51%  92.8  490s
   936   434 3527.95756   16  169 3618.86302 3492.59955  3.49%  90.7  501s
   963   436 3527.34975   10  330 3618.86302 3495.98211  3.40%  92.5  506s
   971   459 3531.90555   12  309 3618.86302 3498.64697  3.32%  92.9  521s
  1031   480 3533.41514   12  199 3618.86302 3499.86411  3.29%  93.0  531s
  1072   485     cutoff   28      3618.86302 3499.86411  3.29%  92.9  544s
  1112   501 3532.46871   17  275 3618.86302 3501.05046  3.26%  93.7  557s
  1148   516 3602.35572   35  145 3618.86302 3501.07268  3.25%  94.9  568s
  1197   521 3516.54191   10  282 3618.86302 3503.55950  3.19%  94.8  578s
  1218   548 3527.41439    9  277 3618.86302 3503.59699  3.19%  96.0  592s
  1270   549 3528.91026   17  128 3618.86302 3503.59699  3.19%  96.0  837s
  1272   550 3598.12187   12  533 3618.86302 3503.59699  3.19%  95.8  843s
  1273   551 3592.34838   27  654 3618.86302 3503.59699  3.19%  95.7  847s
  1276   553 3549.20176   30  687 3618.86302 3503.59699  3.19%  95.5  851s
  1281   556 3579.23104   25  714 3618.86302 3503.59699  3.19%  95.1  855s
  1288   561 3509.58432    9  721 3618.86302 3503.59699  3.19%  94.6  860s
  1293   564 3526.39345   16  706 3618.86302 3503.59699  3.19%  94.2  867s
  1296   566 3539.04323   14  749 3618.86302 3503.59699  3.19%  94.0  871s
  1299   568 3506.66889   14  766 3618.86302 3503.59699  3.19%  93.8  875s
  1303   571 3573.10722   27  757 3618.86302 3503.59699  3.19%  93.5  880s
  1308   574 3547.70413   56  825 3618.86302 3503.59699  3.19%  93.2  885s
  1313   578 3556.13079   14  823 3618.86302 3503.59699  3.19%  92.8  891s
  1315   579 3544.35333   18  822 3618.86302 3503.59699  3.19%  92.7  896s
  1317   580 3521.50568   10  802 3618.86302 3503.59699  3.19%  92.5  902s
  1318   581 3562.68186   14  802 3618.86302 3503.59699  3.19%  92.5  906s
  1319   585 3511.01337   16  600 3618.86302 3503.59699  3.19%   108  910s
  1339   596 3535.97038   21  377 3618.86302 3503.59699  3.19%   108  917s
  1347   601 3552.48745   22  394 3618.86302 3503.59699  3.19%   109  921s
  1367   610 3564.57926   27  287 3618.86302 3503.59699  3.19%   109  925s
  1392   617 3567.36136   34  236 3618.86302 3503.59699  3.19%   107  930s
  1424   631 3570.29475   44   89 3618.86302 3503.59699  3.19%   106  935s
  1473   633 infeasible   54      3618.86302 3503.59699  3.19%   103  941s
  1506   626 3597.59374   65  210 3618.86302 3503.59699  3.19%   101  945s
  1531   623 3600.09496   72  211 3618.86302 3511.10086  2.98%   100  951s
  1546   619 3517.33444   20  289 3618.86302 3511.10086  2.98%   100  955s
  1557   620 3537.74251   21  239 3618.86302 3513.69522  2.91%   100  961s
  1569   628 3555.18954   25   96 3618.86302 3513.69522  2.91%   100  965s
  1596   648 3551.60848   32  191 3618.86302 3513.69522  2.91%  98.8  971s
  1621   653 3591.95789   42   78 3618.86302 3513.69522  2.91%  97.8  977s
  1637   661 3561.37225   49  143 3618.86302 3513.69522  2.91%  97.4  980s
  1678   659 3566.76206   63  113 3618.86302 3513.69522  2.91%  95.7  987s
  1697   653 3569.24904   71  204 3618.86302 3514.01154  2.90%  94.9  991s
  1732   650 3569.35034   73  199 3618.86302 3517.64530  2.80%  93.5  996s
  1756   656 3557.10910   26  171 3618.86302 3517.76224  2.79%  92.6 1000s
  1812   654 3536.32856   42  170 3618.86302 3517.77785  2.79%  90.2 1006s
  1825   668 3558.60216   48  165 3618.86302 3517.77785  2.79%  89.8 1011s
  1879   685 3547.67997   41  167 3618.86302 3517.83605  2.79%  87.7 1020s
  1933   691 3593.93052   65   28 3618.86302 3517.83605  2.79%  85.6 1026s
  1983   675 3602.08812   87   57 3618.86302 3519.54245  2.74%  83.6 1031s
  2031   671 3541.99440   21  460 3618.86302 3523.67123  2.63%  82.4 1035s
  2046   693 3557.63443   23  458 3618.86302 3526.92042  2.54%  82.3 1041s
  2111   686 3589.58036   31  232 3618.86302 3527.05629  2.54%  80.6 1046s
  2130   687 3593.00949   40  212 3618.86302 3527.42992  2.53%  80.0 1051s
  2164   698 3550.31308   32  218 3618.86302 3528.07653  2.51%  79.1 1059s
  2211   698 infeasible   54      3618.86302 3530.61926  2.44%  77.7 1065s
  2245   702 3534.05775   31  183 3618.86302 3531.61760  2.41%  76.8 1070s
  2329   689 3597.64089   37  148 3618.86302 3532.37551  2.39%  74.8 1078s
  2380   672 3565.42747   22  541 3618.86302 3533.23819  2.37%  74.3 1082s
  2396   680 infeasible   27      3618.86302 3533.23819  2.37%  75.1 1089s
  2476   676 3541.33559   36  199 3618.86302 3537.03509  2.26%  73.6 1096s
  2537   670 3573.29428   35  160 3618.86302 3537.58321  2.25%  72.3 1103s
  2591   667 3574.60168   31  236 3618.86302 3539.30341  2.20%  71.3 1108s
  2634   661 3566.76673   24  501 3618.86302 3539.52185  2.19%  71.1 1111s
  2644   687 infeasible   27      3618.86302 3539.55657  2.19%  71.5 1124s
  2728   679 3612.23882   49   65 3618.86302 3539.69444  2.19%  70.5 1131s
  2771   706     cutoff   46      3618.86302 3542.24211  2.12%  69.7 1141s
  2867   685 3547.29050   34  222 3618.86302 3544.73449  2.05%  68.1 1150s
  2892   710 3547.65784   34  240 3618.86302 3544.73449  2.05%  67.7 1165s
  2992   722 3578.88561   48   74 3618.86302 3546.00070  2.01%  66.6 1181s
  3144   759 infeasible   41      3618.86302 3547.71094  1.97%  64.7 1197s
  3308   804 infeasible   47      3618.86302 3548.12521  1.95%  62.8 1211s
  3459   874 3555.84492   42  170 3618.86302 3549.67300  1.91%  61.0 1224s
  3624   907 3556.51487   36  241 3618.86302 3551.62920  1.86%  59.0 1237s
  3730   926 infeasible   43      3618.86302 3551.87042  1.85%  57.9 1253s
  3904   962 3560.72256   29  149 3618.86302 3555.01545  1.76%  56.3 1268s
  4030  1001 infeasible   34      3618.86302 3555.69068  1.75%  55.3 1281s
  4185  1028 3568.09022   50  131 3618.86302 3556.03108  1.74%  54.1 1296s
  4376  1052 3598.87313   46  134 3618.86302 3556.81201  1.71%  52.7 1313s
  4532  1078 3566.60366   48  133 3618.86302 3557.75861  1.69%  52.1 1328s
  4705  1132 infeasible   49      3618.86302 3558.24391  1.68%  50.8 1343s
  4892  1184 infeasible   59      3618.86302 3559.42767  1.64%  49.5 1363s
  5093  1220 3610.33705   54   68 3618.86302 3560.13789  1.62%  48.3 1377s
  5213  1288 3569.99931   54  139 3618.86302 3560.30525  1.62%  48.0 1401s
  5496  1352     cutoff   31      3618.86302 3560.85873  1.60%  46.5 1423s
  5703  1429 3600.31080   52  121 3618.86302 3561.54494  1.58%  45.5 1440s
  5901  1449 3577.59914   36  166 3618.86302 3561.67152  1.58%  44.9 1458s
  6074  1459 infeasible   49      3618.86302 3562.27111  1.56%  44.3 1472s
  6195  1503 3601.79648   51  121 3618.86302 3562.80493  1.55%  44.6 1496s
  6448  1545 3599.86924   33   78 3618.86302 3563.33099  1.53%  43.7 1524s
  6768  1570 3564.77359   35  240 3618.86302 3564.54202  1.50%  42.5 1543s
  6934  1611     cutoff   47      3618.86302 3564.56183  1.50%  42.0 1570s
  7227  1681 3568.79378   41  207 3618.86302 3565.22194  1.48%  41.2 1606s
  7505  1693 3607.21268   33  236 3618.86302 3565.65959  1.47%  40.3 1625s
  7693  1750 infeasible   47      3618.86302 3566.20319  1.46%  39.9 1649s
  7931  1783     cutoff   49      3618.86302 3566.58127  1.44%  39.3 1674s
  8200  1800 infeasible   49      3618.86302 3566.92764  1.44%  38.6 1687s
  8312  1837 3583.04145   39  234 3618.86302 3567.06173  1.43%  38.5 1710s
  8515  1866 3578.26816   55  107 3618.86302 3567.28985  1.43%  38.3 1727s
  8695  1890 infeasible   53      3618.86302 3567.60469  1.42%  38.1 1748s
  8938  1941 infeasible   38      3618.86302 3567.95968  1.41%  37.6 1773s
  9245  2007 3573.54662   23  367 3618.86302 3568.61967  1.39%  37.0 1797s
  9467  2076 infeasible   42      3618.86302 3568.80659  1.38%  36.6 1818s
  9689  2155 infeasible   56      3618.86302 3569.25048  1.37%  36.3 1840s
  9882  2222 3614.49186   39   98 3618.86302 3569.57919  1.36%  36.0 1868s
 10148  2245 3613.85179   66   20 3618.86302 3569.79351  1.36%  35.5 1889s
 10265  2245     cutoff   53      3618.86302 3569.93000  1.35%  35.4 1890s
 10362  2290 3597.66635   52  204 3618.86302 3570.17219  1.35%  35.4 1909s
 10550  2331 3616.15400   64  122 3618.86302 3570.40899  1.34%  35.2 1928s
 10759  2358 3570.94438   39  151 3618.86302 3570.72230  1.33%  34.9 1941s
 10887  2357 3610.46438   43  147 3618.86302 3570.90907  1.33%  34.8 1952s
 10895  2401 3611.83067   45  115 3618.86302 3570.96022  1.32%  34.8 1974s
 11076  2459 3583.15992   57  143 3618.86302 3571.13798  1.32%  34.5 1999s
 11341  2509 infeasible   35      3618.86302 3571.28767  1.31%  34.2 2016s
 11539  2528 infeasible   72      3618.86302 3571.37611  1.31%  34.0 2030s
 11699  2567 infeasible   32      3618.86302 3571.60165  1.31%  34.2 2056s
 11951  2641 3583.39622   52  125 3618.86302 3571.86937  1.30%  34.1 2081s
 12183  2740 3582.51656   50  121 3618.86302 3572.05483  1.29%  34.0 2115s
 12527  2765 3572.36343   52  141 3618.86302 3572.36343  1.28%  33.7 2133s
 12667  2775 3599.28927   36  186 3618.86302 3572.42837  1.28%  33.5 2144s
 12729  2806 3591.09020   47  150 3618.86302 3572.48534  1.28%  33.4 2169s
 12953  2868 infeasible   35      3618.86302 3572.65423  1.28%  33.4 2198s
 13296  2924     cutoff   56      3618.86302 3573.07268  1.27%  33.1 2230s
 13634  2954 3574.30218   38   97 3618.86302 3573.33791  1.26%  32.8 2259s
 13930  3031 3578.52239   36   71 3618.86302 3573.49595  1.25%  32.6 2291s
 14276  3078 3614.94643   45   54 3618.86302 3573.73479  1.25%  32.4 2319s
 14582  3123 3581.19239   45   70 3618.86302 3573.98403  1.24%  32.2 2479s
 14885  3143 3574.32021   59  132 3618.86302 3574.09242  1.24%  32.0 2498s
 15053  3177 3590.43292   50  149 3618.86302 3574.13418  1.24%  31.9 2524s
 15364  3195 3599.39224   54  101 3618.86302 3574.59116  1.22%  31.7 2551s
 15609  3215 infeasible   46      3618.86302 3574.85312  1.22%  31.5 2571s
 15805  3235 3609.05545   50   30 3618.86302 3575.16801  1.21%  31.4 2592s
 16041  3257 3604.84109   57  140 3618.86302 3575.48767  1.20%  31.4 2616s
 16216  3301 3593.16426   41  222 3618.86302 3575.52045  1.20%  31.3 2638s
 16454  3321 infeasible   59      3618.86302 3575.90426  1.19%  31.2 2660s
 16661  3326 3576.98860   61   97 3618.86302 3576.13153  1.18%  31.1 2685s
 16910  3361 3577.19042   55   72 3618.86302 3576.43503  1.17%  30.9 2708s
 17105  3367 3618.31431   61   97 3618.86302 3576.61960  1.17%  30.9 2734s
 17347  3381 3618.02726   52   40 3618.86302 3576.86861  1.16%  30.8 2760s
 17581  3402 3613.06789   44  147 3618.86302 3577.29055  1.15%  30.7 2782s
 17786  3404 3591.41722   62   43 3618.86302 3577.60116  1.14%  30.5 2804s
 17968  3429     cutoff   49      3618.86302 3577.92753  1.13%  30.5 2825s
 18169  3453 infeasible   44      3618.86302 3578.15944  1.12%  30.5 2845s
 18356  3462 3587.48880   36  267 3618.86302 3578.48841  1.12%  30.4 2866s
 18537  3461 3604.61506   36  169 3618.86302 3578.69683  1.11%  30.3 2887s
 18737  3469 3592.18983   34  269 3618.86302 3579.04873  1.10%  30.4 2908s
 18946  3458 infeasible   35      3618.86302 3579.28869  1.09%  30.4 2930s
 19165  3481 infeasible   50      3618.86302 3579.62659  1.08%  30.3 2944s
 19280  3495 3580.29500   59  133 3618.86302 3579.79873  1.08%  30.3 2960s
 19430  3501 3581.39567   37   97 3618.86302 3579.98668  1.07%  30.3 2981s
 19641  3501 3586.44838   37  233 3618.86302 3580.27718  1.07%  30.2 3005s
 19853  3473 infeasible   50      3618.86302 3580.57979  1.06%  30.2 3029s
 20100  3471 3582.18938   49  134 3618.86302 3581.15694  1.04%  30.1 3049s
 20281  3473     cutoff   55      3618.86302 3581.55095  1.03%  30.1 3070s
 20450  3470 infeasible   52      3618.86302 3581.94611  1.02%  30.1 3088s
 20612  3474 3609.46662   63   62 3618.86302 3582.37194  1.01%  30.2 3112s
 20836  3483 3587.71629   40  207 3618.86302 3582.68083  1.00%  30.2 3136s
 21056  3496 3605.32459   48  171 3618.86302 3582.97560  0.99%  30.2 3155s
 21258  3540 infeasible   41      3618.86302 3583.24906  0.98%  30.2 3179s
 21406  3540 infeasible   35      3618.86302 3583.45116  0.98%  30.1 3180s
 21487  3541 3584.70120   50  171 3618.86302 3583.45116  0.98%  30.0 3199s
 21623  3554 3586.82742   47   73 3618.86302 3583.48047  0.98%  30.1 3222s
 21868  3566 infeasible   60      3618.86302 3583.83382  0.97%  30.0 3263s
 22132  3550 3608.28782   53  170 3618.86302 3584.18283  0.96%  29.9 3285s
 22328  3545 infeasible   51      3618.86302 3584.41970  0.95%  29.8 3310s
 22548  3579 3585.99507   51  170 3618.86302 3584.87953  0.94%  29.7 3340s
 22815  3597 infeasible   47      3618.86302 3585.30637  0.93%  29.6 3361s
 23030  3644 3603.96019   60   27 3618.86302 3585.61040  0.92%  29.5 3384s
 23238  3657 3591.71643   46   65 3618.86302 3585.94079  0.91%  29.4 3414s
 23465  3680 3615.22821   67  142 3618.86302 3586.20227  0.90%  29.3 3446s
 23736  3693 3611.94462   49  108 3618.86302 3586.64134  0.89%  29.2 3475s
 23930  3684 3602.78392   50  128 3618.86302 3586.77011  0.89%  29.1 3500s
 24130  3704 infeasible   34      3618.86302 3587.12622  0.88%  29.1 3523s
 24290  3726     cutoff   45      3618.86302 3587.26331  0.87%  29.0 3550s
 24508  3742 3587.41117   50  108 3618.86302 3587.41117  0.87%  28.9 3575s
 24741  3758 3592.04034   67   64 3618.86302 3587.93369  0.85%  28.8 3601s
 25013  3787 3594.91648   29   46 3618.86302 3588.19289  0.85%  28.7 3626s
 25294  3787 infeasible   48      3618.86302 3588.56389  0.84%  28.6 3648s
 25514  3802 infeasible   53      3618.86302 3588.78237  0.83%  28.6 3661s
 25622  3803 3597.72371   44   60 3618.86302 3588.84408  0.83%  28.6 3665s
 25624  3802 3597.81813   45  116 3618.86302 3588.84408  0.83%  28.6 3670s
 25628  3806 3597.90005   47   56 3618.86302 3588.84408  0.83%  28.6 3683s
 25630  3833 3598.73257   48   56 3618.86302 3588.84408  0.83%  28.6 3710s
 25835  3853 3596.92425   53  219 3618.86302 3589.03676  0.82%  28.5 3736s
 26120  3876 3615.83081   61   40 3618.86302 3589.47578  0.81%  28.4 3760s
 26333  3893 infeasible   48      3618.86302 3589.67298  0.81%  28.4 3783s
 26570  3899 3590.12707   54  114 3618.86302 3589.87002  0.80%  28.3 3808s
 26795  3922 3612.88529   54  142 3618.86302 3590.24823  0.79%  28.3 3839s
 27097  3968 infeasible   52      3618.86302 3590.47359  0.78%  28.1 3868s
 27395  3982 3591.90012   43  157 3618.86302 3590.83005  0.77%  28.0 3888s
 27569  3981 infeasible   55      3618.86302 3591.05810  0.77%  28.0 3921s
 27825  3994 infeasible   53      3618.86302 3591.33610  0.76%  27.9 3947s
 28091  4012 3611.00108   39   88 3618.86302 3591.62165  0.75%  27.9 3976s
 28382  4019 infeasible   40      3618.86302 3591.85215  0.75%  27.8 4002s
 28576  4038 infeasible   49      3618.86302 3591.99221  0.74%  27.7 4028s
 28853  4040     cutoff   51      3618.86302 3592.20635  0.74%  27.7 4051s
 29060  4046 infeasible   37      3618.86302 3592.41118  0.73%  27.6 4072s
 29270  4091 3593.26207   47  123 3618.86302 3592.60674  0.73%  27.6 4119s
 29514  4103 infeasible   32      3618.86302 3592.78045  0.72%  27.6 4149s
 29789  4112     cutoff   48      3618.86302 3593.05121  0.71%  27.5 4172s
 30067  4138 infeasible   31      3618.86302 3593.37767  0.70%  27.4 4197s
 30281  4195 3596.26641   54  127 3618.86302 3593.49785  0.70%  27.3 4222s
 30482  4197 3618.68351   59   40 3618.86302 3593.53875  0.70%  27.3 4244s
 30712  4178 3595.55849   33  248 3618.86302 3593.73634  0.69%  27.2 4266s
 30903  4189 3598.11337   38  243 3618.86302 3593.84922  0.69%  27.2 4291s
 31142  4204     cutoff   43      3618.86302 3593.95193  0.69%  27.1 4315s
 31372  4192 3594.26363   64  197 3618.86302 3594.16762  0.68%  27.1 4337s
 31546  4155 3597.04211   25  152 3618.86302 3594.39074  0.68%  27.0 4361s
 31775  4129 infeasible   53      3618.86302 3594.74561  0.67%  27.0 4393s
 32041  4120 infeasible   63      3618.86302 3594.92369  0.66%  27.0 4419s
 32209  4145     cutoff   46      3618.86302 3594.97869  0.66%  26.9 4441s
 32446  4112 infeasible   40      3618.86302 3595.27046  0.65%  26.9 4464s
 32614  4069 infeasible   49      3618.86302 3595.47160  0.65%  26.9 4486s
 32849  4088 3603.28794   41  271 3618.86302 3595.84435  0.64%  26.8 4504s
 33009  4070 infeasible   60      3618.86302 3595.95545  0.63%  26.8 4526s
 33238  4055 3596.74139   53  208 3618.86302 3596.16986  0.63%  26.8 4544s
 33363  4017 3606.46332   48   98 3618.86302 3596.33219  0.62%  26.8 4567s
 33629  3995 infeasible   42      3618.86302 3596.65404  0.61%  26.8 4588s
 33848  3979 3597.99382   53  151 3618.86302 3596.95365  0.61%  26.8 4610s
 34060  3964 3597.50066   36  227 3618.86302 3597.15742  0.60%  26.8 4631s
 34286  3903 infeasible   46      3618.86302 3597.35955  0.59%  26.7 4655s
 34543  3869 3614.72564   53   98 3618.86302 3597.77387  0.58%  26.7 4675s
 34763  3820 3618.41981   31  175 3618.86302 3598.03989  0.58%  26.7 4699s
 34985  3757 3600.68247   50   62 3618.86302 3598.40747  0.57%  26.7 4724s
 35227  3712 infeasible   58      3618.86302 3598.68556  0.56%  26.7 4748s
 35450  3690 3600.01504   53  186 3618.86302 3598.93319  0.55%  26.6 4771s
 35654  3678 3605.12486   35  256 3618.86302 3599.21646  0.54%  26.6 4792s
 35833  3641 infeasible   39      3618.86302 3599.38693  0.54%  26.6 4811s
 36009  3599 3600.52217   52  218 3618.86302 3599.57035  0.53%  26.6 4836s
 36260  3561 3600.52905   55  125 3618.86302 3599.88954  0.52%  26.5 4855s
 36413  3484 3605.01951   51  243 3618.86302 3600.04048  0.52%  26.5 4884s
 36634  3444     cutoff   57      3618.86302 3600.33073  0.51%  26.5 4910s
 36897  3393 3616.94280   52   91 3618.86302 3600.76679  0.50%  26.5 4934s
 37105  3370     cutoff   34      3618.86302 3601.05153  0.49%  26.4 4948s
 37171  3271     cutoff   51      3618.86302 3601.14426  0.49%  26.4 4973s
 37438  3219 infeasible   45      3618.86302 3601.60810  0.48%  26.4 5000s
 37644  3155 3606.43061   55  127 3618.86302 3601.78169  0.47%  26.3 5027s
 37879  3073     cutoff   52      3618.86302 3602.24596  0.46%  26.3 5054s
 38171  3006 3618.17553   72   75 3618.86302 3602.76906  0.44%  26.3 5084s
 38460  2941 infeasible   34      3618.86302 3603.23303  0.43%  26.2 5110s
 38697  2861 3603.97004   32  195 3618.86302 3603.56754  0.42%  26.2 5136s
 38963  2785 infeasible   46      3618.86302 3603.92368  0.41%  26.1 5163s
 39213  2701 3617.89621   38  203 3618.86302 3604.31260  0.40%  26.1 5191s
 39485  2679     cutoff   58      3618.86302 3604.82885  0.39%  26.1 5215s
 39724  2632 infeasible   62      3618.86302 3605.05019  0.38%  26.0 5241s
 39974  2556 3617.52769   66   45 3618.86302 3605.39673  0.37%  26.0 5266s
 40223  2456 infeasible   62      3618.86302 3605.97337  0.36%  25.9 5293s
 40509  2349 3610.93666   49  146 3618.86302 3606.67361  0.34%  25.9 5316s
 40770  2274     cutoff   58      3618.86302 3607.40711  0.32%  25.9 5337s
 40977  2216 infeasible   46      3618.86302 3607.87468  0.30%  25.8 5357s
 41136  2143 3615.21552   31  339 3618.86302 3608.20933  0.29%  25.9 5383s
 41304  2067 infeasible   30      3618.86302 3608.63084  0.28%  25.9 5413s
 41575  2035 3616.08814   39   38 3618.86302 3609.63001  0.26%  25.8 5436s
 41796  1988 3611.78365   59  104 3618.86302 3609.97711  0.25%  25.8 5462s
 42007  1947 3616.45769   56  162 3618.86302 3610.29596  0.24%  25.8 5484s
 42227  1931 3614.65103   46   95 3618.86302 3610.90435  0.22%  25.8 5514s
 42485  1911 3615.79532   48   61 3618.86302 3611.13814  0.21%  25.7 5540s
 42729  1897 infeasible   42      3618.86302 3611.35096  0.21%  25.7 5567s
 42989  1868 infeasible   45      3618.86302 3611.71836  0.20%  25.6 5593s
 43251  1857     cutoff   37      3618.86302 3611.92272  0.19%  25.6 5617s
 43545  1846 3612.24543   45   99 3618.86302 3612.21676  0.18%  25.5 5643s
 43827  1807 3617.94069   39   71 3618.86302 3612.43577  0.18%  25.5 5667s
 44061  1759 3614.29794   41   95 3618.86302 3612.61119  0.17%  25.4 5695s
 44338  1694 infeasible   56      3618.86302 3612.98828  0.16%  25.4 5722s
 44613  1656 3618.70886   63   56 3618.86302 3613.29226  0.15%  25.4 5749s
 44909  1578     cutoff   58      3618.86302 3613.54965  0.15%  25.3 5777s
 45220  1506 3615.88456   54  106 3618.86302 3613.87405  0.14%  25.3 5807s
 45528  1450 3617.95453   44   64 3618.86302 3614.22896  0.13%  25.2 5830s
 45772  1408 infeasible   27      3618.86302 3614.40975  0.12%  25.2 5854s
 46027  1317 infeasible   43      3618.86302 3614.59681  0.12%  25.1 5880s
 46304  1242 infeasible   38      3618.86302 3614.82790  0.11%  25.1 5911s
 46588  1153 3616.20217   46   92 3618.86302 3615.07762  0.10%  25.0 5944s
 46894  1067 infeasible   56      3618.86302 3615.37023  0.10%  25.0 5975s
 47166   974 3616.15874   54  142 3618.86302 3615.61178  0.09%  24.9 6006s
 47460   912 3617.33418   54   83 3618.86302 3615.91130  0.08%  24.8 6034s
 47710   832 3616.83062   51   17 3618.86302 3616.13082  0.08%  24.8 6067s
 47978   732 infeasible   53      3618.86302 3616.33812  0.07%  24.7 6094s
 48218   635 infeasible   56      3618.86302 3616.59352  0.06%  24.7 6123s
 48500   537 infeasible   60      3618.86302 3617.01853  0.05%  24.6 6150s
 48755   414 infeasible   60      3618.86302 3617.31559  0.04%  24.6 6179s
 49064   276     cutoff   46      3618.86302 3617.67264  0.03%  24.5 6200s
 49272   124 infeasible   64      3618.86302 3618.02205  0.02%  24.4 6222s
 49466     0     cutoff   67      3618.86302 3618.48459  0.01%  24.4 6233s

Cutting planes:
  Learned: 16
  Gomory: 6
  Cover: 510
  Implied bound: 377
  Projected implied bound: 4
  Clique: 19
  MIR: 208
  StrongCG: 29
  Flow cover: 122
  GUB cover: 132
  Inf proof: 9
  Zero half: 12
  Mod-K: 2
  RLT: 38
  Relax-and-lift: 47
  BQP: 6

Explored 49597 nodes (1227835 simplex iterations) in 6234.51 seconds (534.79 work units)
Thread count was 2 (of 46 available processors)

Solution count 10: 3618.86 3618.86 3640.4 ... 3646.54

Optimal solution found (tolerance 1.00e-06)
Best objective 3.618863024830e+03, best bound 3.618863024830e+03, gap 0.0000%

Solve summary
-------------
Status code:       2
Objective:         3618.8630248300983
Objective bound:   3618.8630248300983
MIP gap:           0.0
Has cycle:         False
Is acyclic:        True
Packages selected: 10 active packages

Packages
--------
   I1 | inactive_singleton | S=  0, C=  0, x=  0 | tasks=[1]
   A1 | active             | S=  0, C=  9, x= 10 | tasks=[2]
   I3 | inactive_singleton | S=  9, C= 19, x= 14 | tasks=[3]
   A2 | active             | S= 19, C= 23, x=  4 | tasks=[4]
   I5 | inactive_singleton | S= 23, C= 33, x= 19 | tasks=[5]
   A3 | active             | S= 33, C= 35, x=  4 | tasks=[6]
  I41 | inactive_singleton | S= 33, C= 38, x=  9 | tasks=[41]
   I7 | inactive_singleton | S= 35, C= 41, x= 10 | tasks=[7]
   A4 | active             | S= 41, C= 45, x=  8 | tasks=[8]
   I9 | inactive_singleton | S= 45, C= 48, x=  6 | tasks=[9]
  I40 | inactive_singleton | S= 45, C= 53, x= 12 | tasks=[40]
  I10 | inactive_singleton | S= 48, C= 58, x= 20 | tasks=[10]
   A5 | active             | S= 58, C= 83, x= 54 | tasks=[11, 12, 13, 14, 15, 39]
  I16 | inactive_singleton | S= 83, C= 85, x=  2 | tasks=[16]
  I38 | inactive_singleton | S= 83, C= 86, x=  3 | tasks=[38]
   A6 | active             | S= 85, C=131, x= 70 | tasks=[17, 18, 19, 20, 21, 22]
  I23 | inactive_singleton | S=131, C=141, x= 20 | tasks=[23]
   A7 | active             | S=141, C=145, x=  6 | tasks=[24, 25]
  I26 | inactive_singleton | S=145, C=148, x=  4 | tasks=[26]
   A8 | active             | S=148, C=153, x= 10 | tasks=[27]
  I28 | inactive_singleton | S=153, C=157, x=  4 | tasks=[28]
  I29 | inactive_singleton | S=157, C=167, x= 19 | tasks=[29]
   A9 | active             | S=167, C=175, x=  9 | tasks=[30, 31, 32]
  I33 | inactive_singleton | S=175, C=185, x= 19 | tasks=[33]
  I34 | inactive_singleton | S=185, C=191, x=  9 | tasks=[34]
  I35 | inactive_singleton | S=191, C=192, x=  2 | tasks=[35]
  A10 | active             | S=192, C=200, x= 11 | tasks=[36, 37]
  I42 | inactive_singleton | S=200, C=200, x=  0 | tasks=[42]

Solution JSON saved to: /home/23037696r/Documents/research/or_benchmark/wp/results/inactive_0.4/j40/j400904_10.json
Finish time     : 2026-08-15T21:09:32+08:00
