Slurm job ID    : 2547
Array task ID   : 30
Host            : 23037696r-i7809a0b3cd
Start time      : 2026-08-15T08:01:35+08:00
Instance        : /home/23037696r/Documents/research/or_benchmark/wp/instances/inactive_0.4/j40/j400404_1.sm
Output JSON     : /home/23037696r/Documents/research/or_benchmark/wp/results/inactive_0.4/j40/j400404_1.json
Gurobi log      : /home/23037696r/Documents/research/or_benchmark/wp/results/inactive_0.4/j40/logs/gurobi/j400404_1.log
Allocated CPUs  : 2
Running with command-line arguments
-----------------------------------
Instance file: /home/23037696r/Documents/research/or_benchmark/wp/instances/inactive_0.4/j40/j400404_1.sm
Instance summary
----------------
Tasks:          42
Active tasks:   24
Inactive tasks: 18
Arcs:           87
Total duration: 196
Total work:     284
Active work:    145
Delta (singleton critical-path makespan): 59
Chosen deadline: 65
Feasible by singleton schedule: yes
Deadline rule: automatic: d = ceil(1.1 * Delta) = 65
Set parameter Username
Set parameter LicenseID to value 2851961
Academic license - for non-commercial use only - expires 2027-08-07
Set parameter MIPGap to value 1e-06
Set parameter TimeLimit to value 13800
Set parameter Threads to value 2
Set parameter LogFile to value "/home/23037696r/Documents/research/or_benchmark/wp/results/inactive_0.4/j40/logs/gurobi/j400404_1.log"
Set parameter NumericFocus to value 1
Gurobi Optimizer version 13.0.2 build v13.0.2rc1 (linux64 - "Ubuntu 22.04.3 LTS")

CPU model: Intel Xeon Processor (Cascadelake), instruction set [SSE2|AVX|AVX2|AVX512]
Thread count: 46 physical cores, 46 logical processors, using up to 2 threads

Non-default parameters:
TimeLimit  13800
MIPGap  1e-06
NumericFocus  1
Threads  2

Optimize a model with 29278 rows, 10374 columns and 100488 nonzeros (Min)
Model fingerprint: 0x157b7d01
Model has 6104 linear objective coefficients and an objective constant of 1.5499509198681276e+03
Variable types: 1584 continuous, 8790 integer (8598 binary)
Coefficient statistics:
  Matrix range     [1e+00, 1e+02]
  Objective range  [1e-02, 7e+02]
  Bounds range     [1e+00, 1e+02]
  RHS range        [1e+00, 1e+02]

Presolve removed 22586 rows and 5644 columns
Presolve time: 4.63s
Presolved: 6692 rows, 4730 columns, 42072 nonzeros
Variable types: 0 continuous, 4730 integer (3466 binary)
Found heuristic solution: objective 3614.4696962

Root simplex log...

Iteration    Objective       Primal Inf.    Dual Inf.      Time
     589    2.1050074e+03   1.843095e+03   0.000000e+00      5s
    2785    2.5746428e+03   0.000000e+00   0.000000e+00      5s

Root relaxation: objective 2.574643e+03, 2785 iterations, 0.31 seconds (0.13 work units)

    Nodes    |    Current Node    |     Objective Bounds      |     Work
 Expl Unexpl |  Obj  Depth IntInf | Incumbent    BestBd   Gap | It/Node Time

     0     0 2574.64279    0  136 3614.46970 2574.64279  28.8%     -    5s
     0     0 2580.18991    0  167 3614.46970 2580.18991  28.6%     -    5s
H    0     0                    3613.6257018 2580.18991  28.6%     -    5s
     0     0 2581.38093    0  165 3613.62570 2581.38093  28.6%     -    6s
H    0     0                    3606.7971466 2581.38878  28.4%     -    6s
     0     0 2581.42369    0  159 3606.79715 2581.42369  28.4%     -    6s
     0     0 2581.42569    0  159 3606.79715 2581.42569  28.4%     -    7s
     0     0 2581.42569    0  160 3606.79715 2581.42569  28.4%     -    7s
     0     0 2582.52517    0  182 3606.79715 2582.52517  28.4%     -    8s
     0     0 2582.79985    0  189 3606.79715 2582.79985  28.4%     -    8s
     0     0 2582.84379    0  196 3606.79715 2582.84379  28.4%     -    8s
     0     0 2582.85831    0  194 3606.79715 2582.85831  28.4%     -    9s
     0     0 2582.86276    0  201 3606.79715 2582.86276  28.4%     -    9s
     0     0 2582.86277    0  202 3606.79715 2582.86277  28.4%     -    9s
     0     0 2583.65802    0  201 3606.79715 2583.65802  28.4%     -   10s
H    0     0                    2727.8546621 2583.66035  5.29%     -   10s
     0     0 2583.88483    0  189 2727.85466 2583.88483  5.28%     -   11s
     0     0 2583.99654    0  198 2727.85466 2583.99654  5.27%     -   11s
     0     0 2583.99660    0  199 2727.85466 2583.99660  5.27%     -   11s
     0     0 2584.70457    0  200 2727.85466 2584.70457  5.25%     -   12s
     0     0 2584.87787    0  213 2727.85466 2584.87787  5.24%     -   12s
     0     0 2584.96249    0  218 2727.85466 2584.96249  5.24%     -   12s
     0     0 2584.98227    0  213 2727.85466 2584.98227  5.24%     -   13s
     0     0 2584.98344    0  211 2727.85466 2584.98344  5.24%     -   13s
     0     0 2584.98465    0  231 2727.85466 2584.98465  5.24%     -   13s
     0     0 2584.98811    0  226 2727.85466 2584.98811  5.24%     -   13s
     0     0 2584.99092    0  229 2727.85466 2584.99092  5.24%     -   13s
     0     0 2584.99092    0  230 2727.85466 2584.99092  5.24%     -   13s
     0     0 2586.07733    0  206 2727.85466 2586.07733  5.20%     -   14s
     0     0 2586.35615    0  217 2727.85466 2586.35615  5.19%     -   14s
     0     0 2586.44255    0  236 2727.85466 2586.44255  5.18%     -   15s
     0     0 2586.47463    0  239 2727.85466 2586.47463  5.18%     -   15s
     0     0 2586.49842    0  247 2727.85466 2586.49842  5.18%     -   15s
     0     0 2586.51898    0  248 2727.85466 2586.51898  5.18%     -   15s
     0     0 2586.51908    0  248 2727.85466 2586.51908  5.18%     -   15s
     0     0 2586.73709    0  239 2727.85466 2586.73709  5.17%     -   16s
H    0     0                    2724.3757509 2586.74488  5.05%     -   16s
H    0     0                    2715.6736603 2586.74488  4.75%     -   16s
H    0     0                    2714.0728530 2586.74488  4.69%     -   16s
H    0     0                    2714.0708799 2586.74488  4.69%     -   16s
H    0     0                    2710.7601765 2586.74488  4.57%     -   16s
     0     0 2586.77901    0  218 2710.76018 2586.77901  4.57%     -   17s
     0     0 2586.78526    0  218 2710.76018 2586.78526  4.57%     -   17s
     0     0 2586.79677    0  220 2710.76018 2586.79677  4.57%     -   17s
     0     0 2586.79868    0  239 2710.76018 2586.79868  4.57%     -   17s
     0     0 2586.79934    0  222 2710.76018 2586.79934  4.57%     -   17s
     0     0 2588.07258    0  242 2710.76018 2588.07258  4.53%     -   18s
H    0     0                    2662.0785374 2588.08030  2.78%     -   18s
H    0     0                    2661.4237454 2588.08030  2.76%     -   18s
H    0     0                    2658.9794311 2588.08030  2.67%     -   18s
     0     0 2588.15536    0  241 2658.97943 2588.15536  2.66%     -   18s
     0     0 2588.18575    0  253 2658.97943 2588.18575  2.66%     -   19s
     0     0 2588.18646    0  255 2658.97943 2588.18646  2.66%     -   19s
     0     0 2588.23535    0  246 2658.97943 2588.23535  2.66%     -   19s
H    0     0                    2658.6568997 2588.23535  2.65%     -   20s
H    0     0                    2656.5697126 2588.23535  2.57%     -   20s
     0     0 2588.23572    0  252 2656.56971 2588.23572  2.57%     -   20s
     0     0 2588.25411    0  246 2656.56971 2588.25411  2.57%     -   20s
     0     0 2588.25940    0  246 2656.56971 2588.25940  2.57%     -   21s
     0     0 2588.26091    0  250 2656.56971 2588.26091  2.57%     -   21s
     0     0 2588.26131    0  252 2656.56971 2588.26131  2.57%     -   21s
     0     0 2588.29717    0  249 2656.56971 2588.29717  2.57%     -   22s
     0     0 2588.31136    0  263 2656.56971 2588.31136  2.57%     -   22s
     0     0 2588.31208    0  268 2656.56971 2588.31208  2.57%     -   22s
     0     0 2588.36980    0  246 2656.56971 2588.36980  2.57%     -   23s
     0     0 2588.37463    0  255 2656.56971 2588.37463  2.57%     -   23s
     0     0 2588.37609    0  260 2656.56971 2588.37609  2.57%     -   23s
     0     0 2588.41049    0  258 2656.56971 2588.41049  2.57%     -   24s
     0     0 2588.42547    0  263 2656.56971 2588.42547  2.57%     -   24s
     0     0 2588.43492    0  269 2656.56971 2588.43492  2.56%     -   24s
     0     0 2588.44256    0  269 2656.56971 2588.44256  2.56%     -   24s
     0     0 2588.44299    0  267 2656.56971 2588.44299  2.56%     -   25s
     0     0 2588.46480    0  263 2656.56971 2588.46480  2.56%     -   25s
     0     0 2588.47351    0  273 2656.56971 2588.47351  2.56%     -   25s
     0     0 2588.47419    0  273 2656.56971 2588.47419  2.56%     -   26s
     0     0 2588.86222    0  244 2656.56971 2588.86222  2.55%     -   26s
     0     0 2588.98854    0  246 2656.56971 2588.98854  2.54%     -   27s
     0     0 2588.99838    0  270 2656.56971 2588.99838  2.54%     -   27s
     0     0 2589.00122    0  270 2656.56971 2589.00122  2.54%     -   27s
     0     0 2589.00240    0  272 2656.56971 2589.00240  2.54%     -   27s
     0     0 2589.03677    0  235 2656.56971 2589.03677  2.54%     -   28s
     0     0 2589.04509    0  265 2656.56971 2589.04509  2.54%     -   28s
     0     0 2589.04982    0  275 2656.56971 2589.04982  2.54%     -   29s
     0     0 2589.05093    0  276 2656.56971 2589.05093  2.54%     -   29s
     0     0 2589.05520    0  251 2656.56971 2589.05520  2.54%     -   29s
     0     0 2589.05547    0  278 2656.56971 2589.05547  2.54%     -   29s
     0     0 2589.06845    0  274 2656.56971 2589.06845  2.54%     -   30s
     0     0 2589.07338    0  274 2656.56971 2589.07338  2.54%     -   30s
     0     0 2589.07338    0  270 2656.56971 2589.07338  2.54%     -   31s
     0     0 2589.25744    0  160 2656.56971 2589.25744  2.53%     -   32s
     0     0 2589.25744    0  159 2656.56971 2589.25744  2.53%     -   32s
     0     0 2589.25744    0  167 2656.56971 2589.25744  2.53%     -   32s
     0     0 2589.25744    0  150 2656.56971 2589.25744  2.53%     -   33s
     0     0 2589.25744    0  143 2656.56971 2589.25744  2.53%     -   33s
     0     0 2589.25744    0  158 2656.56971 2589.25744  2.53%     -   33s
     0     0 2589.25744    0  158 2656.56971 2589.25744  2.53%     -   33s
     0     0 2589.25744    0  160 2656.56971 2589.25744  2.53%     -   33s
     0     0 2589.25744    0  161 2656.56971 2589.25744  2.53%     -   33s
     0     0 2589.25744    0  185 2656.56971 2589.25744  2.53%     -   33s
     0     0 2589.25744    0  174 2656.56971 2589.25744  2.53%     -   33s
     0     0 2589.25744    0  180 2656.56971 2589.25744  2.53%     -   33s
     0     0 2589.25744    0  217 2656.56971 2589.25744  2.53%     -   34s
     0     0 2589.25744    0  197 2656.56971 2589.25744  2.53%     -   34s
     0     0 2589.25744    0  204 2656.56971 2589.25744  2.53%     -   34s
     0     0 2589.25744    0  208 2656.56971 2589.25744  2.53%     -   34s
     0     0 2589.25744    0  206 2656.56971 2589.25744  2.53%     -   34s
     0     0 2589.25744    0  209 2656.56971 2589.25744  2.53%     -   34s
     0     0 2589.25744    0  191 2656.56971 2589.25744  2.53%     -   34s
     0     0 2589.25744    0  204 2656.56971 2589.25744  2.53%     -   34s
     0     0 2589.25744    0  214 2656.56971 2589.25744  2.53%     -   34s
     0     0 2589.25744    0  220 2656.56971 2589.25744  2.53%     -   34s
     0     0 2589.25744    0  200 2656.56971 2589.25744  2.53%     -   35s
     0     0 2589.25744    0  208 2656.56971 2589.25744  2.53%     -   35s
     0     0 2589.25744    0  222 2656.56971 2589.25744  2.53%     -   35s
     0     0 2589.25744    0  223 2656.56971 2589.25744  2.53%     -   35s
     0     0 2589.25744    0  229 2656.56971 2589.25744  2.53%     -   35s
     0     0 2589.25744    0  217 2656.56971 2589.25744  2.53%     -   35s
     0     0 2589.25744    0  219 2656.56971 2589.25744  2.53%     -   35s
     0     0 2589.25744    0  223 2656.56971 2589.25744  2.53%     -   35s
     0     0 2589.25744    0  193 2656.56971 2589.25744  2.53%     -   36s
     0     0 2589.25744    0  235 2656.56971 2589.25744  2.53%     -   36s
     0     0 2589.25744    0  241 2656.56971 2589.25744  2.53%     -   36s
     0     0 2589.25744    0  232 2656.56971 2589.25744  2.53%     -   36s
     0     0 2589.25744    0  248 2656.56971 2589.25744  2.53%     -   36s
     0     0 2589.25744    0  231 2656.56971 2589.25744  2.53%     -   36s
     0     0 2589.30798    0  228 2656.56971 2589.30798  2.53%     -   36s
     0     0 2589.35128    0  224 2656.56971 2589.35128  2.53%     -   36s
     0     0 2589.36309    0  247 2656.56971 2589.36309  2.53%     -   36s
     0     0 2589.36545    0  232 2656.56971 2589.36545  2.53%     -   36s
     0     0 2589.44747    0  264 2656.56971 2589.44747  2.53%     -   37s
     0     0 2589.45432    0  236 2656.56971 2589.45432  2.53%     -   37s
     0     0 2589.46645    0  266 2656.56971 2589.46645  2.53%     -   37s
     0     0 2589.46848    0  272 2656.56971 2589.46848  2.53%     -   37s
     0     0 2589.72346    0  293 2656.56971 2589.72346  2.52%     -   37s
     0     0 2589.78633    0  293 2656.56971 2589.78633  2.51%     -   37s
     0     0 2589.78634    0  300 2656.56971 2589.78634  2.51%     -   37s
     0     0 2589.84097    0  292 2656.56971 2589.84097  2.51%     -   37s
     0     0 2589.84304    0  295 2656.56971 2589.84304  2.51%     -   37s
     0     0 2589.84373    0  302 2656.56971 2589.84373  2.51%     -   37s
     0     0 2589.84413    0  302 2656.56971 2589.84413  2.51%     -   37s
     0     0 2589.84413    0  301 2656.56971 2589.84413  2.51%     -   38s
     0     2 2589.84413    0  299 2656.56971 2589.84413  2.51%     -   38s
   126    36 2649.54571    5  179 2656.56971 2590.04034  2.50%  68.0   40s
   467    70 2640.49001   16  198 2656.56971 2638.20141  0.69%  90.6   45s

Cutting planes:
  Learned: 27
  Gomory: 7
  Cover: 208
  Implied bound: 213
  Clique: 43
  MIR: 183
  StrongCG: 31
  Flow cover: 3
  GUB cover: 86
  Inf proof: 2
  RLT: 59
  Relax-and-lift: 99
  BQP: 6
  PSD: 4

Explored 804 nodes (92472 simplex iterations) in 48.43 seconds (10.46 work units)
Thread count was 2 (of 46 available processors)

Solution count 10: 2656.57 2656.57 2656.57 ... 2661.42

Optimal solution found (tolerance 1.00e-06)
Best objective 2.656569712573e+03, best bound 2.656569712573e+03, gap 0.0000%

Solve summary
-------------
Status code:       2
Objective:         2656.5697125728097
Objective bound:   2656.5697125728097
MIP gap:           0.0
Has cycle:         False
Is acyclic:        True
Packages selected: 5 active packages

Packages
--------
   I1 | inactive_singleton | S=  0, C=  0, x=  0 | tasks=[1]
   I2 | inactive_singleton | S=  0, C=  4, x=  5 | tasks=[2]
  I11 | inactive_singleton | S=  4, C=  8, x=  6 | tasks=[11]
   A1 | active             | S=  4, C= 12, x= 35 | tasks=[3, 4, 7, 16, 19]
  I14 | inactive_singleton | S= 12, C= 14, x=  3 | tasks=[14]
   I5 | inactive_singleton | S= 12, C= 15, x=  3 | tasks=[5]
  I23 | inactive_singleton | S= 12, C= 19, x= 10 | tasks=[23]
   A2 | active             | S= 15, C= 16, x=  2 | tasks=[6]
   A3 | active             | S= 16, C= 24, x= 21 | tasks=[8, 9, 10, 12, 17, 30]
  I13 | inactive_singleton | S= 16, C= 26, x= 20 | tasks=[13]
  I41 | inactive_singleton | S= 19, C= 29, x= 13 | tasks=[41]
  I40 | inactive_singleton | S= 24, C= 26, x=  3 | tasks=[40]
  I15 | inactive_singleton | S= 24, C= 30, x=  8 | tasks=[15]
  I38 | inactive_singleton | S= 26, C= 30, x=  5 | tasks=[38]
  I39 | inactive_singleton | S= 26, C= 35, x=  9 | tasks=[39]
   A4 | active             | S= 30, C= 47, x= 63 | tasks=[18, 20, 21, 22, 24, 25, 29, 35, 36]
  I26 | inactive_singleton | S= 47, C= 51, x=  5 | tasks=[26]
  I37 | inactive_singleton | S= 47, C= 55, x= 13 | tasks=[37]
  I28 | inactive_singleton | S= 47, C= 57, x= 17 | tasks=[28]
  I27 | inactive_singleton | S= 51, C= 57, x=  9 | tasks=[27]
  I33 | inactive_singleton | S= 57, C= 62, x= 10 | tasks=[33]
   A5 | active             | S= 57, C= 65, x= 24 | tasks=[31, 32, 34]
  I42 | inactive_singleton | S= 65, C= 65, x=  0 | tasks=[42]

Solution JSON saved to: /home/23037696r/Documents/research/or_benchmark/wp/results/inactive_0.4/j40/j400404_1.json
Finish time     : 2026-08-15T08:02:27+08:00
