Slurm job ID    : 2567
Array task ID   : 50
Host            : 23037696r-i7809a0b3cd
Start time      : 2026-08-15T08:45:11+08:00
Instance        : /home/23037696r/Documents/research/or_benchmark/wp/instances/inactive_0.4/j40/j400604_1.sm
Output JSON     : /home/23037696r/Documents/research/or_benchmark/wp/results/inactive_0.4/j40/j400604_1.json
Gurobi log      : /home/23037696r/Documents/research/or_benchmark/wp/results/inactive_0.4/j40/logs/gurobi/j400604_1.log
Allocated CPUs  : 2
Running with command-line arguments
-----------------------------------
Instance file: /home/23037696r/Documents/research/or_benchmark/wp/instances/inactive_0.4/j40/j400604_1.sm
Instance summary
----------------
Tasks:          42
Active tasks:   24
Inactive tasks: 18
Arcs:           62
Total duration: 226
Total work:     342
Active work:    224
Delta (singleton critical-path makespan): 149
Chosen deadline: 164
Feasible by singleton schedule: yes
Deadline rule: automatic: d = ceil(1.1 * Delta) = 164
Set parameter Username
Set parameter LicenseID to value 2851961
Academic license - for non-commercial use only - expires 2027-08-07
Set parameter MIPGap to value 1e-06
Set parameter TimeLimit to value 13800
Set parameter Threads to value 2
Set parameter LogFile to value "/home/23037696r/Documents/research/or_benchmark/wp/results/inactive_0.4/j40/logs/gurobi/j400604_1.log"
Set parameter NumericFocus to value 1
Gurobi Optimizer version 13.0.2 build v13.0.2rc1 (linux64 - "Ubuntu 22.04.3 LTS")

CPU model: Intel Xeon Processor (Cascadelake), instruction set [SSE2|AVX|AVX2|AVX512]
Thread count: 46 physical cores, 46 logical processors, using up to 2 threads

Non-default parameters:
TimeLimit  13800
MIPGap  1e-06
NumericFocus  1
Threads  2

Optimize a model with 29583 rows, 18804 columns and 108964 nonzeros (Min)
Model fingerprint: 0x8c88e585
Model has 11960 linear objective coefficients and an objective constant of 1.4416042820969274e+03
Variable types: 3960 continuous, 14844 integer (14652 binary)
Coefficient statistics:
  Matrix range     [1e+00, 2e+02]
  Objective range  [1e-02, 1e+03]
  Bounds range     [1e+00, 2e+02]
  RHS range        [1e+00, 2e+02]

Presolve removed 22033 rows and 11586 columns (presolve time = 6s)...
Presolve removed 22891 rows and 12318 columns
Presolve time: 8.53s
Presolved: 6692 rows, 6486 columns, 36479 nonzeros
Variable types: 0 continuous, 6486 integer (4389 binary)
Found heuristic solution: objective 4183.3688760

Root simplex log...

Iteration    Objective       Primal Inf.    Dual Inf.      Time
       0    1.8551315e+03   3.895000e+02   0.000000e+00      9s
    2789    3.0084760e+03   0.000000e+00   0.000000e+00      9s

Root relaxation: objective 3.008476e+03, 2789 iterations, 0.32 seconds (0.13 work units)

    Nodes    |    Current Node    |     Objective Bounds      |     Work
 Expl Unexpl |  Obj  Depth IntInf | Incumbent    BestBd   Gap | It/Node Time

     0     0 3008.47601    0  197 4183.36888 3008.47601  28.1%     -   10s
H    0     0                    4180.1280840 3008.47601  28.0%     -   10s
     0     0 3034.53072    0  140 4180.12808 3034.53072  27.4%     -   11s
H    0     0                    4176.5744506 3034.55338  27.3%     -   11s
H    0     0                    4172.3166837 3034.55338  27.3%     -   11s
     0     0 3034.64841    0  145 4172.31668 3034.64841  27.3%     -   12s
     0     0 3034.64841    0  147 4172.31668 3034.64841  27.3%     -   12s
     0     0 3041.94594    0  282 4172.31668 3041.94594  27.1%     -   14s
     0     0 3042.16238    0  286 4172.31668 3042.16238  27.1%     -   14s
     0     0 3045.66562    0  278 4172.31668 3045.66562  27.0%     -   15s
     0     0 3046.14319    0  261 4172.31668 3046.14319  27.0%     -   15s
     0     0 3046.28697    0  245 4172.31668 3046.28697  27.0%     -   15s
     0     0 3046.28697    0  248 4172.31668 3046.28697  27.0%     -   16s
     0     0 3058.09988    0  244 4172.31668 3058.09988  26.7%     -   17s
     0     0 3058.73858    0  230 4172.31668 3058.73858  26.7%     -   18s
     0     0 3058.74074    0  266 4172.31668 3058.74074  26.7%     -   18s
     0     0 3061.59474    0  293 4172.31668 3061.59474  26.6%     -   20s
     0     0 3061.88758    0  267 4172.31668 3061.88758  26.6%     -   21s
     0     0 3061.91525    0  275 4172.31668 3061.91525  26.6%     -   21s
     0     0 3061.92045    0  272 4172.31668 3061.92045  26.6%     -   22s
     0     0 3062.84639    0  298 4172.31668 3062.84639  26.6%     -   23s
     0     0 3063.04263    0  283 4172.31668 3063.04263  26.6%     -   24s
     0     0 3063.12593    0  285 4172.31668 3063.12593  26.6%     -   24s
     0     0 3063.12598    0  288 4172.31668 3063.12598  26.6%     -   25s
     0     0 3063.35925    0  309 4172.31668 3063.35925  26.6%     -   26s
     0     0 3063.37014    0  279 4172.31668 3063.37014  26.6%     -   27s
     0     0 3063.42574    0  280 4172.31668 3063.42574  26.6%     -   28s
     0     0 3063.57283    0  287 4172.31668 3063.57283  26.6%     -   29s
     0     0 3063.72828    0  285 4172.31668 3063.72828  26.6%     -   30s
H    0     0                    4160.7678429 3063.77045  26.4%     -   30s
     0     0 3063.77045    0  289 4160.76784 3063.77045  26.4%     -   31s
     0     0 3064.11275    0  314 4160.76784 3064.11275  26.4%     -   32s
     0     0 3064.19715    0  320 4160.76784 3064.19715  26.4%     -   32s
     0     0 3064.20160    0  326 4160.76784 3064.20160  26.4%     -   33s
     0     0 3064.59791    0  287 4160.76784 3064.59791  26.3%     -   34s
     0     0 3064.60825    0  295 4160.76784 3064.60825  26.3%     -   35s
     0     0 3064.97731    0  261 4160.76784 3064.97731  26.3%     -   36s
     0     0 3064.99977    0  277 4160.76784 3064.99977  26.3%     -   37s
     0     0 3065.30618    0  302 4160.76784 3065.30618  26.3%     -   38s
     0     0 3065.46073    0  271 4160.76784 3065.46073  26.3%     -   38s
     0     0 3065.46073    0  279 4160.76784 3065.46073  26.3%     -   39s
     0     0 3065.65577    0  292 4160.76784 3065.65577  26.3%     -   40s
     0     0 3065.70379    0  297 4160.76784 3065.70379  26.3%     -   40s
     0     0 3065.70384    0  303 4160.76784 3065.70384  26.3%     -   41s
     0     0 3065.76640    0  286 4160.76784 3065.76640  26.3%     -   42s
     0     0 3065.98011    0  215 4160.76784 3065.98011  26.3%     -   42s
     0     0 3065.98011    0  215 4160.76784 3065.98011  26.3%     -   43s
     0     2 3067.44992    0  208 4160.76784 3067.44992  26.3%     -   45s
H    3     6                    4151.1991653 3067.44992  26.1%   225   47s
H   11    12                    4151.1133872 3067.44992  26.1%   140   48s
H   12    12                    4093.6578778 3067.44992  25.1%   130   48s
    21    20 3083.94590    8  222 4093.65788 3067.44992  25.1%   229   50s
H   31    29                    4091.2614440 3067.44992  25.0%   204   53s
    61    52 3084.16483   29  234 4091.26144 3067.44992  25.0%   116   55s
H   64    54                    3933.5379395 3067.44992  22.0%   110   56s
    89    80 3084.65830   41  240 3933.53794 3067.44992  22.0%  99.1   60s
   149   135 3343.19209   50  197 3933.53794 3067.44992  22.0%  85.0   66s
   197   163 3135.90044   58  176 3933.53794 3067.44992  22.0%  74.7   70s
H  237   203                    3877.2637044 3067.44992  20.9%  75.4   75s
   276   249 3163.18066  104  170 3877.26370 3067.44992  20.9%  70.9   80s
H  290   272                    3876.7609364 3067.44992  20.9%  67.6   82s
   328   326 3150.48365  107  170 3876.76094 3067.44992  20.9%  63.4   87s
   386   373 3151.11575  129  152 3876.76094 3067.44992  20.9%  55.6   90s
H  422   385                    3875.6776753 3067.44992  20.9%  52.0   92s
   438   431 3152.17908  154  155 3875.67768 3067.44992  20.9%  50.9   95s
H  493   447                    3875.4935400 3067.44992  20.9%  46.9   97s
   536   463 3152.86877  182  147 3875.49354 3067.44992  20.9%  47.5  100s
   573   499 3153.78149  208  161 3875.49354 3084.13566  20.4%  47.7  105s
   639   572 3156.06974  235  152 3875.49354 3084.13566  20.4%  47.4  111s
   679   580 3156.89645  242  151 3875.49354 3084.13566  20.4%  46.3  115s
   764   599 3137.74681   30  237 3875.49354 3084.61304  20.4%  49.0  120s
   834   658 3297.73223   59  147 3875.49354 3084.61304  20.4%  49.8  127s
H  865   570                    3357.3644128 3084.61304  8.12%  50.4  129s
   907   570 3135.29056   54  215 3357.36441 3084.61304  8.12%  50.2  153s
   909   571 3321.13574    8  171 3357.36441 3084.61304  8.12%  50.0  159s
H  909   542                    3357.0876610 3084.61304  8.12%  50.0  166s
   912   544 3177.06261    8  468 3357.08766 3084.61304  8.12%  49.9  170s
   915   546 3304.33068   57  485 3357.08766 3084.61304  8.12%  49.7  175s
   919   549 3286.16475   49  510 3357.08766 3084.61304  8.12%  49.5  181s
H  919   521                    3320.0492223 3092.29620  6.86%  49.5  185s
   923   524 3301.27055   30  245 3320.04922 3093.47964  6.82%  49.3  190s
H  923   498                    3319.8674117 3094.37708  6.79%  49.3  195s
   927   500 3297.29353   40  445 3319.86741 3095.83080  6.75%  49.1  200s
   929   502 3152.41649  165  441 3319.86741 3096.99965  6.71%  49.0  208s
   930   502 3301.48670   37  466 3319.86741 3097.24069  6.71%  48.9  210s
   932   504 3150.89560  124  511 3319.86741 3097.60390  6.69%  48.8  219s
   933   504 3304.21575   69  519 3319.86741 3097.73440  6.69%  48.8  221s
   935   506 3304.05748   50  511 3319.86741 3097.86842  6.69%  48.7  227s
H  935   480                    3319.6367389 3098.15256  6.67%  48.7  234s
H  935   456                    3315.1952242 3098.15256  6.55%  48.7  234s
H  935   432                    3314.9551469 3098.15256  6.54%  48.7  234s
   937   433 3151.20844  142  586 3314.95515 3098.15256  6.54%  48.6  238s
   938   434 3139.54305   29  600 3314.95515 3098.27862  6.54%  48.5  245s
   939   434 3141.30470   43  600 3314.95515 3098.27862  6.54%  48.5  254s
   940   435 3138.50837   73  600 3314.95515 3098.30842  6.54%  48.4  257s
   941   439 3098.53334   15  588 3314.95515 3098.39134  6.53%  67.8  267s
   943   440 3115.75959   16  480 3314.95515 3098.54346  6.53%  70.9  287s
   945   442 3115.76732   17  479 3314.95515 3098.54346  6.53%  71.3  317s
   948   444 infeasible   18      3314.95515 3098.54346  6.53%  73.5  335s
   953   448 3130.69644   19  124 3314.95515 3098.54346  6.53%  77.3  349s
   958   451 3149.03939   20  250 3314.95515 3098.54346  6.53%  79.8  368s
   964   450 3133.60062   21  126 3314.95515 3098.54346  6.53%  79.8  394s
   971   449 3133.69169   22  126 3314.95515 3098.54346  6.53%  79.9  402s
H  977   425                    3313.2978780 3104.44148  6.30%  79.9  402s
   978   429 3133.69203   23  127 3313.29788 3104.44425  6.30%  80.4  409s
H  979   408                    3312.9018423 3104.44425  6.29%  80.3  409s
   983   413 3133.98388   24   87 3312.90184 3109.26801  6.15%  81.0  415s
H  988   391                    3297.5450731 3109.26801  5.71%  82.2  415s
   989   395 3181.89059   26  102 3297.54507 3109.26801  5.71%  83.5  422s
   993   402 3175.15108   27  103 3297.54507 3109.26801  5.71%  83.7  428s
  1002   409 3187.87807   30   90 3297.54507 3109.26801  5.71%  84.0  435s
  1012   416 3188.56148   33   91 3297.54507 3109.26801  5.71%  83.5  441s
  1025   420 3249.37095   39   77 3297.54507 3109.26801  5.71%  83.4  445s
  1036   419 3277.07849   43   96 3297.54507 3109.26801  5.71%  83.4  450s
  1044   418 3277.58437   47   66 3297.54507 3109.26801  5.71%  82.9  455s
H 1054   395                    3293.8185366 3109.26801  5.60%  83.3  455s
  1056   395 infeasible   52      3293.81854 3111.21029  5.54%  83.9  461s
  1066   398 3143.70911   18  172 3293.81854 3111.21029  5.54%  85.2  466s
  1072   402 3143.72881   20  169 3293.81854 3111.21029  5.54%  86.2  472s
H 1075   383                    3293.6016282 3111.21029  5.54%  86.2  472s
  1082   387 infeasible   24      3293.60163 3111.21029  5.54%  86.6  478s
  1100   385 3282.62307   35  135 3293.60163 3111.99619  5.51%  86.0  499s
  1117   382 3113.76985   19  336 3293.60163 3112.82150  5.49%  87.0  517s
  1121   382 3184.85579   19  166 3293.60163 3112.82150  5.49%  89.0  522s
  1123   390 3113.99145   20  213 3293.60163 3112.82150  5.49%  90.0  539s
  1135   390 3114.16616   21  213 3293.60163 3112.82150  5.49%  90.0  551s
  1151   393 3157.65518   22   91 3293.60163 3112.82150  5.49%  90.3  557s
  1159   400 3155.94804   23  184 3293.60163 3112.82150  5.49%  90.4  563s
  1169   411 3166.09630   24  227 3293.60163 3112.82150  5.49%  91.2  575s
  1193   407 3160.13512   24  185 3293.60163 3112.82150  5.49%  89.7  582s
  1213   406 3176.31178   26  179 3293.60163 3113.16423  5.48%  89.5  601s
  1219   432 3162.62888   27  172 3293.60163 3113.16423  5.48%  89.7  614s
  1247   443 3168.19546   33  117 3293.60163 3113.16423  5.48%  90.2  624s
  1273   453 3174.87776   37  107 3293.60163 3113.16423  5.48%  90.1  634s
  1317   444 3218.60554   44   29 3293.60163 3113.16423  5.48%  88.5  647s
  1356   446 3146.93409   18  140 3293.60163 3122.01087  5.21%  88.1  655s
  1373   446 3149.35953   25  142 3293.60163 3122.01087  5.21%  87.5  663s
  1390   447 3178.94897   25  245 3293.60163 3122.01087  5.21%  88.6  669s
  1398   448 3178.95372   24  245 3293.60163 3122.01087  5.21%  89.3  684s
  1412   461 3149.97797   27  150 3293.60163 3122.01087  5.21%  89.2  695s
  1438   473 3248.01101   35   92 3293.60163 3124.90688  5.12%  89.6  711s
  1489   460 3174.31998   29  249 3293.60163 3125.99583  5.09%  88.1  721s
  1493   461 3193.61716   28  121 3293.60163 3125.99583  5.09%  91.1  729s
  1497   474 3129.74294   30  150 3293.60163 3126.07383  5.09%  92.1  743s
  1520   505 3128.67022   29  131 3293.60163 3126.07383  5.09%  92.5  764s
  1566   518 3275.86940   38   89 3293.60163 3126.07383  5.09%  91.3  786s
  1622   518 3239.05335   28   93 3293.60163 3126.55438  5.07%  90.4  809s
  1660   519 3131.79169   29  113 3293.60163 3128.25950  5.02%  89.9  831s
  1687   542 3181.11248   39  107 3293.60163 3128.67162  5.01%  91.0  857s
  1781   542 3200.43816   24  114 3293.60163 3129.46778  4.98%  89.9  880s
  1843   565 3233.83049   32   64 3293.60163 3130.24287  4.96%  89.1  924s
  1931   571 3234.44806   39   98 3293.60163 3130.71311  4.95%  87.4  940s
  1990   593 3281.07338   51   17 3293.60163 3130.95309  4.94%  86.4  967s
  2065   599 3136.07606   25  148 3293.60163 3132.15263  4.90%  84.6 1005s
  2093   622 3137.18406   27  156 3293.60163 3132.15263  4.90%  84.2 1025s
  2132   673 3204.80052   34  204 3293.60163 3132.15263  4.90%  83.8 1057s
  2245   705 3280.13536   44  146 3293.60163 3134.14824  4.84%  81.1 1090s
  2408   711 3138.59680   28  242 3293.60163 3136.09481  4.78%  78.4 1110s
  2442   725 3140.35889   29  177 3293.60163 3136.09481  4.78%  78.7 1131s
  2460   739     cutoff   39      3293.60163 3136.09481  4.78%  78.5 1147s
  2496   774 3202.97290   43   92 3293.60163 3136.09481  4.78%  77.9 1169s
  2560   853     cutoff   72      3293.60163 3137.55495  4.74%  76.9 1203s
  2704   879 3219.63233   38   13 3293.60163 3138.67780  4.70%  74.8 1232s
  2806   955 3192.16288   32  106 3293.60163 3138.76872  4.70%  74.1 1267s
  2936  1006 3203.87767   37   70 3293.60163 3139.32989  4.68%  72.8 1304s
  3106  1048 3171.87283   24   65 3293.60163 3140.86213  4.64%  70.7 1343s
  3242  1119 3156.73037   25   97 3293.60163 3142.34381  4.59%  69.4 1389s
  3454  1155 3189.04426   23  153 3293.60163 3143.77707  4.55%  67.8 1423s
  3577  1209 3149.46351   35  148 3293.60163 3144.28478  4.53%  67.4 1453s
  3692  1286 3182.21175   21   48 3293.60163 3146.04085  4.48%  67.7 1492s
  3838  1323 3236.48152   34  119 3293.60163 3147.00091  4.45%  68.0 1524s
  3949  1340 3269.05331   40  118 3293.60163 3147.19345  4.45%  68.7 1560s
  4024  1443 3157.00957   23  180 3293.60163 3147.82297  4.43%  68.8 1601s
  4257  1493 3243.66291   52  111 3293.60163 3148.16122  4.42%  67.5 1638s
  4424  1524 3252.45056   39  256 3293.60163 3149.68687  4.37%  67.4 1675s
  4554  1594 3186.26115   39  150 3293.60163 3150.80793  4.34%  67.1 1731s
  4768  1660 3201.29871   40  100 3293.60163 3152.58275  4.28%  67.1 1779s
  4956  1783 3198.46167   36  137 3293.60163 3154.44072  4.23%  66.8 1836s
  5258  1916 3160.25625   22   92 3293.60163 3155.53738  4.19%  65.5 1886s
  5543  2094 3279.00016   25   45 3293.60163 3157.10623  4.14%  64.1 1961s
  6037  2196 3254.47870   41   56 3293.60163 3158.93683  4.09%  61.1 2016s
  6226  2340 3269.61715   49   83 3293.60163 3159.47461  4.07%  60.2 2084s
  6676  2376     cutoff   39      3293.60163 3161.09121  4.02%  58.6 2143s
  6823  2380 infeasible   44      3293.60163 3161.34889  4.02%  58.5 2175s
  6843  2542 3214.78753   39  183 3293.60163 3161.34889  4.02%  58.7 2233s
  7286  2608 3216.69577   33   19 3293.60163 3164.32430  3.93%  56.8 2395s
  7469  2745 3213.67741   24  180 3293.60163 3165.48805  3.89%  56.6 2494s
  7915  2808 3237.13294   39  111 3293.60163 3166.96345  3.84%  56.4 2546s
  8091  2879 3179.08160   45  141 3293.60163 3168.00842  3.81%  56.3 2600s
  8335  2915 3206.41034   36  136 3293.60163 3169.73665  3.76%  55.3 2646s
  8456  2974 3278.42155   36  187 3293.60163 3169.95390  3.75%  55.2 2709s
  8686  3026 3262.41825   32   57 3293.60163 3170.52825  3.74%  55.2 2764s
  8921  3124 3208.49004   28  185 3293.60163 3171.52688  3.71%  54.9 2830s
  9274  3159 3244.43213   28   55 3293.60163 3173.61554  3.64%  53.9 2872s
  9397  3306     cutoff   45      3293.60163 3174.32492  3.62%  53.9 2941s
  9757  3360 3176.13044   27  123 3293.60163 3175.14798  3.60%  53.3 2982s
  9900  3461 3233.97022   33  106 3293.60163 3175.55171  3.58%  53.4 3039s
 10087  3499 infeasible   34      3293.60163 3175.55171  3.58%  53.0 3086s
 10259  3583 infeasible   37      3293.60163 3176.13044  3.57%  52.8 3135s
 10478  3752 3194.95412   43  170 3293.60163 3176.66886  3.55%  52.4 3202s
 10992  3767 infeasible   33      3293.60163 3177.71271  3.52%  51.6 3249s
 11163  3850 3181.39749   28  159 3293.60163 3178.14373  3.51%  51.7 3295s
 11467  3902 infeasible   28      3293.60163 3178.97786  3.48%  51.8 3329s
 11657  3997 3180.54071   44  160 3293.60163 3179.30029  3.47%  51.7 3376s
 11967  4053 infeasible   46      3293.60163 3179.71872  3.46%  51.1 3420s
 12147  4100 infeasible   47      3293.60163 3179.90775  3.45%  51.4 3471s
 12357  4139     cutoff   40      3293.60163 3180.17310  3.44%  51.4 3523s
 12581  4214 3224.52512   38   91 3293.60163 3180.51675  3.43%  51.8 3580s
 12835  4244 3230.67269   36  112 3293.60163 3180.92431  3.42%  51.4 3624s
 13047  4278     cutoff   39      3293.60163 3181.26587  3.41%  51.4 3669s
 13240  4379 3182.10288   35  135 3293.60163 3181.57931  3.40%  51.2 3719s
 13536  4419 3254.47072   44  267 3293.60163 3181.94692  3.39%  51.1 3763s
 13707  4421 3183.89893   36  137 3293.60163 3182.31843  3.38%  51.3 3780s
 13709  4421     cutoff   37      3293.60163 3182.31843  3.38%  51.3 3793s
 13713  4421 infeasible   37      3293.60163 3182.32106  3.38%  51.3 3805s
 13717  4423 3185.56058   31  153 3293.60163 3182.32106  3.38%  51.3 3823s
 13719  4433 3188.24129   32  147 3293.60163 3182.32106  3.38%  51.3 3847s
 13738  4434 3186.00520   32  118 3293.60163 3182.39959  3.38%  51.3 3877s
 13832  4432 3210.66396   30  121 3293.60163 3182.44652  3.37%  51.6 3917s
 13969  4446 3202.75537   23  131 3293.60163 3183.07814  3.36%  51.9 3950s
 14035  4446 3189.05072   24  140 3293.60163 3183.09226  3.36%  52.1 3950s
 14053  4465 3237.63493   38   89 3293.60163 3183.09226  3.36%  52.1 3986s
 14187  4517 infeasible   30      3293.60163 3183.89234  3.33%  52.1 4029s
 14327  4529 3214.05815   42   78 3293.60163 3184.13971  3.32%  52.4 4058s
 14427  4574     cutoff   35      3293.60163 3184.61279  3.31%  52.5 4095s
 14527  4575 3279.32143   42  215 3293.60163 3184.87422  3.30%  52.6 4708s
 14529  4576 3252.67448   44  886 3293.60163 3184.87422  3.30%  52.6 4715s
 14530  4577 3256.02730   49 1008 3293.60163 3184.87422  3.30%  52.6 4721s
 14532  4578 3214.17208   44 1100 3293.60163 3184.87422  3.30%  52.6 4726s
 14535  4580 3211.40363   31 1122 3293.60163 3184.87422  3.30%  52.6 4732s
 14537  4582 3232.54962   38 1174 3293.60163 3184.87422  3.30%  52.6 4735s
 14540  4584 3231.86135   25 1193 3293.60163 3184.87422  3.30%  52.6 4740s
 14541  4584 3229.28160   39 1188 3293.60163 3184.87422  3.30%  52.5 4757s
 14544  4586 3213.51670   34 1184 3293.60163 3184.87422  3.30%  52.5 4774s
 14545  4587 3277.75034   52 1208 3293.60163 3184.87422  3.30%  52.5 4792s
 14547  4588 3238.85541   22 1201 3293.60163 3184.87422  3.30%  52.5 4810s
 14548  4589 3218.85281   40 1220 3293.60163 3184.87422  3.30%  52.5 4826s
 14549  4590 3235.46824   40 1244 3293.60163 3184.87422  3.30%  52.5 4841s
 14550  4590 3244.32474   53 1230 3293.60163 3184.87422  3.30%  52.5 4860s
 14551  4591 3269.39917   42 1231 3293.60163 3184.87422  3.30%  52.5 4877s
 14552  4592 3191.80831   28 1211 3293.60163 3184.87422  3.30%  52.5 4894s
 14553  4592 3230.51573   43 1234 3293.60163 3184.87422  3.30%  52.5 4911s
 14554  4593 3188.66299   24 1226 3293.60163 3184.87422  3.30%  52.5 4928s
 14555  4594 3234.62060   26 1239 3293.60163 3184.87422  3.30%  52.5 4943s
 14556  4594 3244.58228   37 1228 3293.60163 3184.87422  3.30%  52.5 4959s
 14557  4595 3188.42773   21 1238 3293.60163 3184.87422  3.30%  52.5 4975s
 14558  4596 3211.26593   49 1234 3293.60163 3184.87422  3.30%  52.5 4992s
 14559  4596 3198.16343   33 1241 3293.60163 3184.87422  3.30%  52.5 5009s
 14560  4597 3201.86299   37 1233 3293.60163 3184.87422  3.30%  52.5 5027s
 14561  4598 3269.57926   43 1240 3293.60163 3184.87422  3.30%  52.5 5043s
 14562  4598 3225.29797   33 1232 3293.60163 3184.87422  3.30%  52.5 5060s
 14563  4599 3198.06705   44 1254 3293.60163 3184.87422  3.30%  52.5 5080s
 14564  4600 3246.38652   34 1243 3293.60163 3184.87422  3.30%  52.5 5100s
 14565  4600 3210.55598   46 1248 3293.60163 3184.87422  3.30%  52.5 5112s
 14566  4601 3220.81685   48 1254 3293.60163 3184.87422  3.30%  52.5 5129s
 14567  4602 3217.28301   32 1259 3293.60163 3184.87422  3.30%  52.5 5144s
 14568  4602 3266.98995   29 1259 3293.60163 3184.87422  3.30%  52.5 5159s
 14569  4603 3239.52682   32 1263 3293.60163 3184.87422  3.30%  52.4 5163s
 14570  4604 3215.80899   30 1255 3293.60163 3184.87422  3.30%  52.4 5170s
 14571  4604 3239.76684   38 1262 3293.60163 3184.87422  3.30%  52.4 5176s
 14572  4605 3260.21298   41 1251 3293.60163 3184.87422  3.30%  52.4 5184s
 14573  4606 3210.46673   38 1244 3293.60163 3184.87422  3.30%  52.4 5189s
 14574  4606 3190.95458   53 1239 3293.60163 3184.87422  3.30%  52.4 5196s
 14576  4608 3206.36354   35 1239 3293.60163 3184.87422  3.30%  52.4 5221s
 14577  4608 3244.94425   36 1246 3293.60163 3184.87422  3.30%  52.4 5226s
 14578  4609 3223.80141   29 1243 3293.60163 3184.87422  3.30%  52.4 5234s
 14579  4610 3283.08926   26 1253 3293.60163 3184.87422  3.30%  52.4 5237s
 14580  4610 3259.25579   44 1249 3293.60163 3184.87422  3.30%  52.4 5243s
 14581  4611 3264.77874   42 1247 3293.60163 3184.87422  3.30%  52.4 5247s
 14582  4612 3217.91074   40 1248 3293.60163 3184.87422  3.30%  52.4 5252s
 14583  4612 3246.23179   42 1248 3293.60163 3184.87422  3.30%  52.4 5256s
 14584  4613 3212.12079   38 1246 3293.60163 3184.87422  3.30%  52.4 5262s
 14586  4614 3191.38254   32 1225 3293.60163 3184.87422  3.30%  52.4 5271s
 14587  4615 3221.90798   34 1245 3293.60163 3184.87422  3.30%  52.4 5276s
 14588  4616 3211.15185   34 1248 3293.60163 3184.87422  3.30%  52.4 5282s
 14589  4616 3208.79472   37 1259 3293.60163 3184.87422  3.30%  52.4 5287s
 14590  4617 3258.13451   37 1243 3293.60163 3184.87422  3.30%  52.4 5294s
 14591  4618 3196.68735   25 1252 3293.60163 3184.87422  3.30%  52.4 5298s
 14592  4618 3210.92502   34 1246 3293.60163 3184.87422  3.30%  52.4 5304s
 14593  4619 3222.41016   37 1253 3293.60163 3184.87422  3.30%  52.4 5308s
 14594  4620 3204.51382   40 1245 3293.60163 3184.87422  3.30%  52.4 5314s
 14595  4620 3197.97659   29 1249 3293.60163 3184.87422  3.30%  52.4 5318s
 14596  4621 3222.53762   39 1249 3293.60163 3184.87422  3.30%  52.4 5323s
 14597  4622 3219.46449   37 1251 3293.60163 3184.87422  3.30%  52.3 5327s
 14598  4622 3269.86034   38 1248 3293.60163 3184.87422  3.30%  52.3 5332s
 14599  4623 3224.06375   34 1250 3293.60163 3184.87422  3.30%  52.3 5336s
 14600  4624 3283.08926   26 1251 3293.60163 3184.87422  3.30%  52.3 5341s
 14601  4624 3235.46824   40 1253 3293.60163 3184.87422  3.30%  52.3 5345s
 14602  4625 3262.71798   41 1249 3293.60163 3184.87422  3.30%  52.3 5350s
 14603  4626 3247.38069   25 1245 3293.60163 3184.87422  3.30%  52.3 5362s
 14604  4626 3219.00647   26 1245 3293.60163 3184.87422  3.30%  52.3 5368s
 14605  4630 3184.87422   30 1179 3293.60163 3184.87422  3.30%  54.5 5374s
 14607  4631 3184.87422   31 1138 3293.60163 3184.87422  3.30%  54.7 5378s
 14609  4635 3184.87422   32 1124 3293.60163 3184.87422  3.30%  54.8 5382s
 14613  4637 3184.87422   33  624 3293.60163 3184.87422  3.30%  54.9 5386s
 14617  4638 infeasible   34      3293.60163 3184.87422  3.30%  55.0 5393s
 14621  4640 3184.87422   34  465 3293.60163 3184.87422  3.30%  55.2 5398s
 14624  4642 3184.87422   35  434 3293.60163 3184.87422  3.30%  55.2 5400s
 14633  4644 3184.87422   38  424 3293.60163 3184.87422  3.30%  55.3 5407s
 14641  4645 3199.75876   40  313 3293.60163 3184.87422  3.30%  55.3 5411s
 14647  4647 3200.45114   41  337 3293.60163 3184.87422  3.30%  55.3 5415s
 14652  4651 3184.87422   42  429 3293.60163 3184.87422  3.30%  55.3 5422s
 14658  4654 3184.87422   44  418 3293.60163 3184.87422  3.30%  55.3 5425s
 14671  4654 3184.87422   47  376 3293.60163 3184.87422  3.30%  55.3 5431s
 14673  4653 3184.87422   47  296 3293.60163 3184.87422  3.30%  55.3 5435s
 14692  4660 3265.72361   53   14 3293.60163 3184.87422  3.30%  55.3 5442s
 14706  4659 infeasible   60      3293.60163 3184.87422  3.30%  55.2 5446s
 14724  4655 3287.44309   65   74 3293.60163 3184.87422  3.30%  55.2 5451s
 14741  4657 3184.87422   61  336 3293.60163 3184.87422  3.30%  55.2 5455s
 14748  4660 3184.87422   63  304 3293.60163 3184.87422  3.30%  55.2 5461s
 14763  4662 3185.12658   64  280 3293.60163 3184.87422  3.30%  55.1 5467s
 14775  4663 3188.73553   66  251 3293.60163 3184.87422  3.30%  55.1 5473s
 14791  4663 3260.21170   68  233 3293.60163 3184.87422  3.30%  55.1 5480s
 14797  4665 infeasible   70      3293.60163 3184.87422  3.30%  55.1 5485s
 14812  4661 infeasible   74      3293.60163 3184.87422  3.30%  55.1 5491s
 14828  4658 3246.77508   76  258 3293.60163 3184.87422  3.30%  55.1 5495s
 14833  4659 3246.77508   79  258 3293.60163 3184.87422  3.30%  55.1 5501s
 14845  4660 3279.31842   86  216 3293.60163 3184.87422  3.30%  55.1 5506s
 14853  4666 3184.87422   32  642 3293.60163 3184.87422  3.30%  55.2 5510s
 14862  4670 3184.87422   33  435 3293.60163 3184.87422  3.30%  55.2 5517s
 14869  4672 3184.87422   33  443 3293.60163 3184.87422  3.30%  55.3 5523s
 14874  4675 3184.87422   34  399 3293.60163 3184.87422  3.30%  55.3 5531s
 14881  4680 3184.87422   35  403 3293.60163 3184.87422  3.30%  55.4 5537s
 14891  4677 infeasible   37      3293.60163 3184.87422  3.30%  55.4 5547s
 14902  4678 3184.87422   38  474 3293.60163 3184.87422  3.30%  55.5 5558s
 14907  4676 3184.87422   39  421 3293.60163 3184.87422  3.30%  55.5 5570s
 14915  4676 3184.87422   33  535 3293.60163 3184.87422  3.30%  55.7 5587s
 14917  4682 3184.87422   33  500 3293.60163 3184.87422  3.30%  55.7 5595s
 14926  4680 3184.87422   35  611 3293.60163 3184.87422  3.30%  55.7 5604s
 14928  4685 3184.87422   35  514 3293.60163 3184.87422  3.30%  55.8 5609s
 14936  4687 3195.44981   38  136 3293.60163 3184.87422  3.30%  55.8 5618s
 14953  4684 3269.03617   47  279 3293.60163 3184.87422  3.30%  55.9 5626s
 14977  4679 3210.40109   57   98 3293.60163 3184.87422  3.30%  55.8 5635s
 15003  4675 3216.82570   67   47 3293.60163 3184.87422  3.30%  55.9 5650s
 15025  4678 3216.84854   76   41 3293.60163 3184.87422  3.30%  56.0 5665s
 15040  4693 3216.84977   82   39 3293.60163 3184.87422  3.30%  56.1 5678s
 15068  4693 3231.95677   93  158 3293.60163 3184.87422  3.30%  56.1 5690s
 15095  4689 3185.78496   36  259 3293.60163 3184.87422  3.30%  56.1 5699s
 15116  4686 3184.87422   41  350 3293.60163 3184.87422  3.30%  56.1 5706s
 15130  4686 infeasible   45      3293.60163 3184.87422  3.30%  56.1 5714s
 15147  4685 3203.86528   45  182 3293.60163 3184.87422  3.30%  56.1 5726s
 15175  4681 infeasible   37      3293.60163 3184.87422  3.30%  56.1 5737s
 15199  4691 3184.87422   38  490 3293.60163 3184.87422  3.30%  56.2 5746s
 15225  4691 3186.20656   44  407 3293.60163 3184.87422  3.30%  56.1 5759s
 15258  4690 3190.91571   51  429 3293.60163 3184.87422  3.30%  56.1 5770s
 15288  4679 infeasible   51      3293.60163 3184.87422  3.30%  56.1 5784s
 15315  4675 infeasible   55      3293.60163 3184.87422  3.30%  56.1 5801s
 15329  4681 3184.87422   40  220 3293.60163 3184.87422  3.30%  56.3 5816s
 15360  4669 3234.27544   44  284 3293.60163 3184.87422  3.30%  56.3 5827s
 15374  4674 3184.87422   36  410 3293.60163 3184.87422  3.30%  56.5 5842s
 15386  4674 3197.00847   41  316 3293.60163 3184.87422  3.30%  56.6 5861s
 15414  4666 3184.87422   44  304 3293.60163 3184.87422  3.30%  56.6 5874s
 15441  4676 3184.87422   43  468 3293.60163 3184.87422  3.30%  56.7 5887s
 15469  4675     cutoff   49      3293.60163 3184.87422  3.30%  56.7 5902s
 15496  4695 3184.87422   48  299 3293.60163 3184.87422  3.30%  56.8 5927s
 15557  4690 3184.87422   35  426 3293.60163 3184.87422  3.30%  56.8 5940s
 15591  4695 3227.10281   51  201 3293.60163 3184.87422  3.30%  56.8 5964s
 15656  4698 3184.87422   42  376 3293.60163 3184.87422  3.30%  56.8 5992s
 15705  4701 infeasible   57      3293.60163 3184.87422  3.30%  56.9 6012s
 15744  4712 3283.42040   44    9 3293.60163 3184.87422  3.30%  57.0 6053s
 15795  4703 3184.87422   37  536 3293.60163 3184.87422  3.30%  57.0 6071s
 15820  4708 3222.05509   40  282 3293.60163 3184.87422  3.30%  57.1 6100s
 15879  4701 3251.77429   51  284 3293.60163 3184.87422  3.30%  57.1 6133s
 15920  4687 3265.73845   40  326 3293.60163 3184.87422  3.30%  57.1 6168s
 15962  4678     cutoff   48      3293.60163 3184.87422  3.30%  57.3 6195s
 16003  4683 3265.32677   47   65 3293.60163 3184.87422  3.30%  57.4 6224s
 16072  4715 infeasible   37      3293.60163 3184.87422  3.30%  57.4 6259s
 16267  4668 3206.46502   39  379 3293.60163 3184.87422  3.30%  57.2 6290s
 16334  4751 3261.04104   42  219 3293.60163 3184.87422  3.30%  57.2 6336s
 16558  4702 infeasible   36      3293.60163 3184.87422  3.30%  57.2 6368s
 16617  4767 3235.38451   49  388 3293.60163 3184.87422  3.30%  57.3 6409s
 16826  4754 3285.03142   62   39 3293.60163 3184.87422  3.30%  57.1 6444s
 16973  4808 3184.87422   46  300 3293.60163 3184.87422  3.30%  56.9 6478s
 17376  4735 3185.94662   37  427 3293.60163 3184.87422  3.30%  56.7 6513s
 17509  4786 3267.85809   41  475 3293.60163 3184.87422  3.30%  56.7 6553s
 17764  4842 3291.40352   59   31 3293.60163 3184.87422  3.30%  56.7 6601s
 18086  4820 3199.85690   50  415 3293.60163 3184.87422  3.30%  56.5 6642s
 18356  4850 3203.52009   37  238 3293.60163 3184.87422  3.30%  56.6 6688s
 18585  4875 3290.58560   84   79 3293.60163 3184.87422  3.30%  56.6 6738s
 18874  4906 3292.01154   45  238 3293.60163 3184.87422  3.30%  56.6 6788s
 19142  5074 3289.34830   50  121 3293.60163 3184.87422  3.30%  56.5 6857s
 19714  5016 infeasible   43      3293.60163 3184.87422  3.30%  56.1 6907s
 19962  5149 3184.87422   51  413 3293.60163 3184.87422  3.30%  55.9 6970s
 20372  5078 3227.89661   52   89 3293.60163 3184.87422  3.30%  55.7 7027s
 20543  5199 3239.92205   43  155 3293.60163 3184.87422  3.30%  55.6 7079s
 20960  5127 3184.87422   43  486 3293.60163 3184.87422  3.30%  55.6 7122s
 21104  5320 3184.87422   42  535 3293.60163 3184.87422  3.30%  55.8 7197s
 21625  5153 3184.87422   51  260 3293.60163 3184.87422  3.30%  55.7 7238s
 21667  5241 3220.24789   49  505 3293.60163 3184.87422  3.30%  56.0 7278s
 21948  5281 3196.78532   69  258 3293.60163 3184.87422  3.30%  56.1 7352s
 22247  5405 3184.87422   46  465 3293.60163 3184.87422  3.30%  56.4 7407s
 22700  5292 3184.87422   46  381 3293.60163 3184.87422  3.30%  56.3 7441s
 22796  5429 3212.11312   55   86 3293.60163 3184.87422  3.30%  56.5 7492s
 23152  5338 3184.87422   46  451 3293.60163 3184.87422  3.30%  56.5 7514s
 23203  5423 3263.20173   51  117 3293.60163 3184.87422  3.30%  56.6 7557s
 23494  5330 3184.87422   51  380 3293.60163 3184.87422  3.30%  56.7 7577s
 23507  5327 infeasible   37      3293.60163 3184.87422  3.30%  57.0 7602s
 23517  5352 3207.21188   40  605 3293.60163 3184.87422  3.30%  57.2 7627s
 23573  5371 3233.22948   61  257 3293.60163 3184.87422  3.30%  57.3 7652s
 23661  5421 infeasible   47      3293.60163 3184.87422  3.30%  57.3 7689s
 23881  5451 infeasible   48      3293.60163 3184.87422  3.30%  57.4 7735s
 24151  5410 3201.95827   47  265 3293.60163 3184.87422  3.30%  57.4 7781s
 24359  5385 infeasible   47      3293.60163 3184.87422  3.30%  57.3 7812s
 24518  5386 3184.87422   46  485 3293.60163 3184.87422  3.30%  57.6 7839s
 24652  5403 3184.87422   50  335 3293.60163 3184.87422  3.30%  57.8 7874s
 24840  5428 3227.48250   57  416 3293.60163 3184.87422  3.30%  57.8 7911s
 25079  5364 3184.87422   44  459 3293.60163 3184.87422  3.30%  57.9 7946s
 25171  5449 3184.87422   39  460 3293.60163 3184.87422  3.30%  58.2 7990s
 25509  5398 3184.87422   50  382 3293.60163 3184.87422  3.30%  58.3 8016s
 25628  5450 3284.28719   77    6 3293.60163 3184.87422  3.30%  58.3 8056s
 25853  5467 3258.31789   54  233 3293.60163 3184.87422  3.30%  58.2 8100s
 26120  5445 3288.50837   66   61 3293.60163 3184.87422  3.30%  58.2 8140s
 26369  5405 3199.79235   41  441 3293.60163 3184.87422  3.30%  58.2 8165s
 26479  5425 infeasible   39      3293.60163 3184.87422  3.30%  58.3 8183s
 26627  5486 infeasible   56      3293.60163 3184.87422  3.30%  58.2 8220s
 26943  5394 3184.87422   52  427 3293.60163 3184.87422  3.30%  58.4 8248s
 27010  5469 infeasible   58      3293.60163 3184.87422  3.30%  58.5 8288s
 27369  5366 3242.75336   52  319 3293.60163 3184.87422  3.30%  58.6 8311s
 27450  5421 3249.59918   37  471 3293.60163 3184.87422  3.30%  58.7 8342s
 27671  5461 3184.87422   53  359 3293.60163 3184.87422  3.30%  58.7 8378s
 27958  5445 3234.90704   51  366 3293.60163 3184.87422  3.30%  58.5 8412s
 28199  5464 infeasible   49      3293.60163 3184.87422  3.30%  58.6 8449s
 28436  5464 infeasible   52      3293.60163 3184.87422  3.30%  58.6 8481s
 28650  5521 3247.31016   69  254 3293.60163 3184.87422  3.30%  58.6 8512s
 28845  5663 3207.38665   60  161 3293.60163 3184.87422  3.30%  58.5 8552s
 29167  5869 3190.83531   55  358 3293.60163 3184.87422  3.30%  58.5 8622s
 29580  5957 3212.38898   51  215 3293.60163 3184.87422  3.30%  58.3 8657s
 29840  6035 3184.87422   41  392 3293.60163 3184.87422  3.30%  58.3 8691s
 30048  6195 3184.87422   49  397 3293.60163 3184.87422  3.30%  58.2 8733s
 30443  6250 infeasible   61      3293.60163 3184.87422  3.30%  57.9 8751s
 30537  6349 infeasible   68      3293.60163 3184.87422  3.30%  57.8 8777s
 30804  6446 infeasible   67      3293.60163 3184.87422  3.30%  57.6 8805s
 31015  6530 3264.83378   48  366 3293.60163 3184.87422  3.30%  57.5 8839s
 31254  6600 3244.04513   42  396 3293.60163 3184.87422  3.30%  57.4 8866s
 31414  6638 3211.79411   57  290 3293.60163 3184.87422  3.30%  57.3 8883s
 31498  6694 3199.86844   58  332 3293.60163 3184.87422  3.30%  57.3 8915s
 31678  6826 3184.87422   43  428 3293.60163 3184.87422  3.30%  57.3 8951s
 31973  6941 3270.34831   62   92 3293.60163 3184.87422  3.30%  57.0 8984s
 32221  7010 3209.47558   60  253 3293.60163 3184.87422  3.30%  56.8 9007s
 32384  7118 3236.73774   62  222 3293.60163 3184.87422  3.30%  56.8 9035s
 32630  7188 3270.59646   73  221 3293.60163 3184.87422  3.30%  56.6 9065s
 32824  7262 infeasible   56      3293.60163 3184.87422  3.30%  56.6 9094s
 33007  7458 3208.56634   59  155 3293.60163 3184.87422  3.30%  56.5 9132s
 33362  7530 infeasible   62      3293.60163 3184.87422  3.30%  56.2 9157s
 33550  7660 3192.05578   54  114 3293.60163 3184.87422  3.30%  56.1 9194s
 33849  7727 3255.78563   71  291 3293.60163 3184.87422  3.30%  55.9 9224s
 34034  7828 infeasible   65      3293.60163 3184.87422  3.30%  55.8 9257s
 34282  7900 3184.98851   54  294 3293.60163 3184.87422  3.30%  55.6 9281s
 34439  7964 infeasible   68      3293.60163 3184.87422  3.30%  55.6 9314s
 34667  7992 3200.76074   61  168 3293.60163 3184.87422  3.30%  55.5 9337s
 34786  8063 3273.13084   57  321 3293.60163 3184.87422  3.30%  55.5 9368s
 34992  8143 3285.79985   54  291 3293.60163 3184.87422  3.30%  55.4 9397s
 35220  8211 3189.37383   60  286 3293.60163 3184.87422  3.30%  55.3 9434s
 35425  8307 3210.35183   51  314 3293.60163 3184.87422  3.30%  55.2 9461s
 35644  8419 3195.36752   53  245 3293.60163 3184.87422  3.30%  55.0 9497s
 35917  8475 3184.87422   67  358 3293.60163 3184.87422  3.30%  54.8 9523s
 36088  8499     cutoff   67      3293.60163 3184.87422  3.30%  54.8 9545s
 36187  8560 3205.82857   51  323 3293.60163 3184.87422  3.30%  54.7 9573s
 36396  8715 infeasible   60      3293.60163 3184.87422  3.30%  54.6 9645s
 36788  8729 3199.86234   38  440 3293.60163 3184.87422  3.30%  54.6 9663s
 36822  8729 3216.81587   39  403 3293.60163 3184.87422  3.30%  54.6 9680s
 36824  8730 3217.29758   40  403 3293.60163 3184.87422  3.30%  54.6 9698s
 36826  8731 3217.29769   41  403 3293.60163 3184.87422  3.30%  54.6 9717s
 36828  8729 3217.29770   42  399 3293.60163 3184.87422  3.30%  54.6 9750s
 36838  8741 3217.29804   43  400 3293.60163 3184.87422  3.30%  54.6 9771s
 36859  8757 3217.29804   44  400 3293.60163 3184.87422  3.30%  54.6 9809s
 36900  8782 3219.14752   45  398 3293.60163 3184.87422  3.30%  54.6 9839s
 36965  8912     cutoff   49      3293.60163 3184.87422  3.30%  54.5 9892s
 37424  8970 3184.87422   55  278 3293.60163 3184.87422  3.30%  54.3 9932s
 37665  9112 3184.87422   52  296 3293.60163 3184.87422  3.30%  54.2 9982s
 38109  9158 infeasible   61      3293.60163 3184.87422  3.30%  54.0 10015s
 38343  9203 3184.87422   61  454 3293.60163 3184.87422  3.30%  53.9 10033s
 38464  9296 3200.23721   58   81 3293.60163 3184.87422  3.30%  53.8 10066s
 38754  9410 3202.10908   57  363 3293.60163 3184.87422  3.30%  53.7 10104s
 38913  9410 3184.87422   49  340 3293.60163 3184.87422  3.30%  53.6 10105s
 39094  9480 infeasible   66      3293.60163 3184.87422  3.30%  53.5 10133s
 39305  9574 3224.26125   52  360 3293.60163 3184.87422  3.30%  53.4 10166s
 39621  9625 3184.87422   51  264 3293.60163 3184.87422  3.30%  53.3 10199s
 39830  9735 infeasible   63      3293.60163 3184.87422  3.30%  53.2 10229s
 40112  9808     cutoff   70      3293.60163 3184.87422  3.30%  53.1 10263s
 40400  9899 3184.87422   51  339 3293.60163 3184.87422  3.30%  52.9 10290s
 40607  9957 3206.77166   59  210 3293.60163 3184.87422  3.30%  52.9 10321s
 40761 10072 3184.87422   59  362 3293.60163 3184.87422  3.30%  52.8 10364s
 41070 10130 3196.80864   60  294 3293.60163 3184.87422  3.30%  52.7 10393s
 41263 10155 3203.30500   54  341 3293.60163 3184.87422  3.30%  52.6 10412s
 41376 10209 3289.21267   53  263 3293.60163 3184.87422  3.30%  52.6 10433s
 41553 10400 infeasible   70      3293.60163 3184.87422  3.30%  52.5 10471s
 41945 10444 infeasible   57      3293.60163 3184.87422  3.30%  52.3 10496s
 42095 10500 3239.21533   54  179 3293.60163 3184.87422  3.30%  52.2 10527s
 42323 10557 infeasible   61      3293.60163 3184.87422  3.30%  52.1 10564s
 42528 10680 3282.88305   65  304 3293.60163 3184.87422  3.30%  52.0 10606s
 42921 10717 3205.26234   56  156 3293.60163 3184.87422  3.30%  51.7 10636s
 43167 10804 3281.40367   56  254 3293.60163 3184.87422  3.30%  51.6 10672s
 43471 10875 3288.71908   72  169 3293.60163 3184.87422  3.30%  51.5 10701s
 43686 11036 3200.59028   59  312 3293.60163 3184.87422  3.30%  51.4 10770s
 44155 11076 3267.80904   59  219 3293.60163 3184.87422  3.30%  51.2 10787s
 44290 11140 3288.75189   66  256 3293.60163 3184.87422  3.30%  51.2 10813s
 44538 11178 3268.04963   58  245 3293.60163 3184.87422  3.30%  51.1 10833s
 44668 11247 3242.73076   56  431 3293.60163 3184.87422  3.30%  51.1 10862s
 44916 11266 3252.71412   44  465 3293.60163 3184.87422  3.30%  51.0 10875s
 44961 11369 infeasible   46      3293.60163 3184.87422  3.30%  51.1 10907s
 45237 11423 3274.74696   60  127 3293.60163 3184.87422  3.30%  51.0 10938s
 45474 11587 infeasible   73      3293.60163 3184.87422  3.30%  50.9 10973s
 45847 11637 infeasible   60      3293.60163 3184.87422  3.30%  50.7 10997s
 46019 11690 3234.39498   67  257 3293.60163 3184.87422  3.30%  50.6 11030s
 46299 11708 3273.22164   55  325 3293.60163 3184.87422  3.30%  50.5 11048s
 46407 11745 3274.52205   65  258 3293.60163 3184.87422  3.30%  50.4 11069s
 46535 11760 3191.11900   61  178 3293.60163 3184.87422  3.30%  50.4 11085s
 46588 11802 3288.32543   56  214 3293.60163 3184.87422  3.30%  50.4 11107s
 46766 11844 3206.18247   46  227 3293.60163 3184.87422  3.30%  50.3 11124s
 46890 11944 3275.24974   64  103 3293.60163 3184.87422  3.30%  50.3 11155s
 47219 11946 infeasible   54      3293.60163 3184.87422  3.30%  50.1 11170s
 47274 12086 infeasible   59      3293.60163 3184.87422  3.30%  50.1 11197s
 47596 12134 3289.15250   58  230 3293.60163 3184.87422  3.30%  50.0 11221s
 47764 12201     cutoff   64      3293.60163 3184.87422  3.30%  49.9 11256s
 47991 12229 infeasible   52      3293.60163 3184.87422  3.30%  49.9 11272s
 48104 12290 3229.64786   56  440 3293.60163 3184.87422  3.30%  49.8 11290s
 48257 12321 3209.56926   65  215 3293.60163 3184.87422  3.30%  49.7 11313s
 48366 12448 3205.89945   52  320 3293.60163 3184.87422  3.30%  49.8 11351s
 48795 12487 3185.30823   56  308 3293.60163 3184.87422  3.30%  49.6 11368s
 48889 12618 3196.90654   59   96 3293.60163 3184.87422  3.30%  49.5 11403s
 49285 12657 infeasible   54      3293.60163 3184.87422  3.30%  49.3 11422s
 49388 12754 infeasible   74      3293.60163 3184.87422  3.30%  49.3 11457s
 49747 12784 3190.74728   56  283 3293.60163 3184.87422  3.30%  49.2 11477s
 49872 12823 3230.11841   67   60 3293.60163 3184.87422  3.30%  49.1 11497s
 50015 12846 3287.73115   65  168 3293.60163 3184.87422  3.30%  49.1 11514s
 50122 12958 3284.03272   71   32 3293.60163 3184.87422  3.30%  49.0 11546s
 50475 12984 3221.51063   60  146 3293.60163 3184.87422  3.30%  48.9 11566s
 50596 13094 3184.87422   42  337 3293.60163 3184.87422  3.30%  48.9 11600s
 50936 13181 3227.92122   58  309 3293.60163 3184.87422  3.30%  48.7 11664s
 51273 13349 3287.04430   68   83 3293.60163 3184.87422  3.30%  48.6 11701s
 51779 13358 infeasible   61      3293.60163 3184.87422  3.30%  48.4 11718s
 51864 13421 3225.77749   66  456 3293.60163 3184.87422  3.30%  48.4 11745s
 52206 13418 3289.70488   69  206 3293.60163 3184.87422  3.30%  48.3 11752s
 52223 13505 3187.51985   45  450 3293.60163 3184.87422  3.30%  48.3 11775s
 52499 13560 infeasible   63      3293.60163 3184.87422  3.30%  48.3 11789s
 52613 13699 3259.84203   60  220 3293.60163 3184.87422  3.30%  48.2 11817s
 52975 13719 3197.30299   45  143 3293.60163 3184.87422  3.30%  48.1 11834s
 53082 13821 infeasible   65      3293.60163 3184.87422  3.30%  48.0 11863s
 53410 13851 3235.96995   66  205 3293.60163 3184.87422  3.30%  47.9 11880s
 53498 13974 infeasible   71      3293.60163 3184.87422  3.30%  47.9 11905s
 53821 14016 3273.47278   66  224 3293.60163 3184.87422  3.30%  47.7 11921s
 53947 14117 3269.83582   61  231 3293.60163 3184.87422  3.30%  47.6 11950s
 54198 14144 3184.87422   59  302 3293.60163 3184.87422  3.30%  47.5 11965s
 54304 14269 3227.11945   53  342 3293.60163 3184.87422  3.30%  47.5 11987s
 54591 14302 infeasible   65      3293.60163 3184.87422  3.30%  47.4 12005s
 54698 14389 3268.81629   60  262 3293.60163 3184.87422  3.30%  47.3 12027s
 54980 14427 3227.83488   56  307 3293.60163 3184.87422  3.30%  47.2 12041s
 55110 14492     cutoff   76      3293.60163 3184.87422  3.30%  47.2 12068s
 55379 14506 3209.49415   66  123 3293.60163 3184.87422  3.30%  47.1 12086s
 55469 14587     cutoff   66      3293.60163 3184.87422  3.30%  47.1 12109s
 55726 14626 3282.42351   65  140 3293.60163 3184.87422  3.30%  47.0 12127s
 55869 14699 3210.45611   69  123 3293.60163 3184.87422  3.30%  46.9 12151s
 56106 14715 3244.97286   48  325 3293.60163 3184.87422  3.30%  46.9 12169s
 56192 14809 3244.28420   53  303 3293.60163 3184.87422  3.30%  46.9 12195s
 56470 14821 3222.27870   54  202 3293.60163 3184.87422  3.30%  46.8 12209s
 56520 14870 3290.33640   58  155 3293.60163 3184.87422  3.30%  46.8 12236s
 56720 14905 3222.18933   55  194 3293.60163 3184.87422  3.30%  46.7 12252s
 56831 14961 3228.21278   67  209 3293.60163 3184.87422  3.30%  46.7 12278s
 57052 14973 infeasible   67      3293.60163 3184.87422  3.30%  46.7 12290s
 57128 15010 infeasible   61      3293.60163 3184.87422  3.30%  46.7 12313s
 57301 15017 infeasible   55      3293.60163 3184.87422  3.30%  46.6 12330s
 57393 15128 3223.15848   55  297 3293.60163 3184.87422  3.30%  46.6 12358s
 57684 15165 infeasible   51      3293.60163 3184.87422  3.30%  46.5 12379s
 57826 15213 3257.64500   50  218 3293.60163 3184.87422  3.30%  46.4 12405s
 58027 15248     cutoff   76      3293.60163 3184.87422  3.30%  46.4 12426s
 58191 15334 infeasible   57      3293.60163 3184.87422  3.30%  46.4 12496s
 58548 15377 infeasible   46      3293.60163 3184.87422  3.30%  46.3 12522s
 58706 15465 infeasible   68      3293.60163 3184.87422  3.30%  46.3 12555s
 58960 15484 3186.84443   56  161 3293.60163 3184.87422  3.30%  46.2 12579s
 59083 15546 3263.00275   49  155 3293.60163 3184.87422  3.30%  46.2 12614s
 59345 15558 3290.34804   55  191 3293.60163 3184.87422  3.30%  46.2 12636s
 59498 15690 3254.97317   55  217 3293.60163 3184.87422  3.30%  46.2 12665s
 59804 15752     cutoff   60      3293.60163 3184.87422  3.30%  46.1 12691s
 60006 15785 3272.68584   50  129 3293.60163 3184.87422  3.30%  46.0 12725s
 60230 15836 3200.05661   56  297 3293.60163 3184.87422  3.30%  46.0 12748s
 60434 15932 3220.31133   62  261 3293.60163 3184.87422  3.30%  45.9 12778s
 60701 15991 3290.58593   51  261 3293.60163 3184.87422  3.30%  45.8 12803s
 60884 16006 3200.64894   58   87 3293.60163 3184.87422  3.30%  45.8 12823s
 61028 16026 3195.61682   52  324 3293.60163 3184.87422  3.30%  45.8 12838s
 61130 16135 3269.50393   63  189 3293.60163 3184.87422  3.30%  45.7 12871s
 61504 16137     cutoff   53      3293.60163 3184.87422  3.30%  45.6 12888s
 61604 16249 3251.05035   51   24 3293.60163 3184.87422  3.30%  45.6 12916s
 61968 16294 3254.37567   55   74 3293.60163 3184.87422  3.30%  45.5 12933s
 62098 16380     cutoff   72      3293.60163 3184.87422  3.30%  45.5 12956s
 62405 16391 3286.03435   58  175 3293.60163 3184.87422  3.30%  45.4 12969s
 62452 16526 3232.27643   66  381 3293.60163 3184.87422  3.30%  45.4 13005s
 62919 16541 3253.94454   57  163 3293.60163 3184.87422  3.30%  45.2 13019s
 63009 16641 3270.92116   58  293 3293.60163 3184.87714  3.30%  45.2 13052s
 63405 16640 3241.08105   54  332 3293.60163 3185.10976  3.29%  45.1 13066s
 63452 16754 3200.45479   42  349 3293.60163 3185.12877  3.29%  45.1 13098s
 63882 16776 3230.85100   67   84 3293.60163 3185.36622  3.29%  45.0 13116s
 63977 16859 3204.76407   58  277 3293.60163 3185.43047  3.28%  45.0 13144s
 64354 16845 infeasible   69      3293.60163 3186.04143  3.27%  44.9 13155s
 64384 16986 3242.43054   47  197 3293.60163 3186.11839  3.26%  44.9 13177s
 64673 17048 3250.42198   39  418 3293.60163 3186.27444  3.26%  44.8 13196s
 64798 17130 infeasible   54      3293.60163 3186.32435  3.26%  44.8 13227s
 65111 17155 3190.69619   57  415 3293.60163 3186.49582  3.25%  44.8 13238s
 65169 17286 3279.44089   54   86 3293.60163 3186.52785  3.25%  44.8 13272s
 65541 17381 3200.47195   59  285 3293.60163 3186.93916  3.24%  44.7 13326s
 65811 17465 3277.27565   55  246 3293.60163 3187.16878  3.23%  44.6 13369s
 66245 17457 infeasible   46      3293.60163 3187.71814  3.21%  44.5 13378s
 66275 17568 infeasible   63      3293.60163 3187.79301  3.21%  44.5 13403s
 66604 17564 3210.03749   61  152 3293.60163 3188.05010  3.20%  44.4 13413s
 66648 17595 3280.77675   51   85 3293.60163 3188.09263  3.20%  44.4 13439s
 66774 17595 3257.21135   51  242 3293.60163 3188.20494  3.20%  44.4 13440s
 66905 17616 infeasible   55      3293.60163 3188.39519  3.19%  44.4 13452s
 66958 17645 3209.02374   58  201 3293.60163 3188.44352  3.19%  44.4 13480s
 67244 17685 3209.18931   54  242 3293.60163 3188.78973  3.18%  44.4 13496s
 67365 17748 3264.70886   62  302 3293.60163 3188.88031  3.18%  44.3 13520s
 67619 17745 3283.52411   62   82 3293.60163 3189.14027  3.17%  44.3 13534s
 67694 17788 3201.28921   58  227 3293.60163 3189.24898  3.17%  44.3 13562s
 67955 17791 infeasible   63      3293.60163 3189.40507  3.16%  44.2 13574s
 68029 17825     cutoff   48      3293.60163 3189.71772  3.15%  44.2 13594s
 68193 17838 3268.73473   67  224 3293.60163 3189.81456  3.15%  44.2 13604s
 68271 17925 3270.33616   65  228 3293.60163 3189.87661  3.15%  44.2 13627s
 68587 17971 3237.45945   74   33 3293.60163 3189.93822  3.15%  44.2 13649s
 68789 17986 3273.97962   60  257 3293.60163 3190.25427  3.14%  44.1 13658s
 68851 18020 3282.00460   59  200 3293.60163 3190.29347  3.14%  44.1 13671s
 68951 18068 3249.20767   60  213 3293.60163 3190.34956  3.13%  44.1 13700s
 69274 18067 3250.09785   44  308 3293.60163 3190.66472  3.13%  44.1 13710s
 69277 18062 3250.09796   45  308 3293.60163 3190.66472  3.13%  44.1 13721s
 69308 18143 3283.53777   52  223 3293.60163 3190.71773  3.12%  44.1 13742s
 69554 18162 infeasible   47      3293.60163 3190.82965  3.12%  44.0 13761s
 69707 18184 3285.74782   78  189 3293.60163 3190.98327  3.12%  44.0 13783s
 69895 18208 3191.50290   46  366 3293.60163 3191.09638  3.11%  44.0 13800s

Cutting planes:
  Learned: 7
  Gomory: 12
  Cover: 431
  Implied bound: 449
  Projected implied bound: 7
  Clique: 48
  MIR: 305
  Mixing: 1
  Knapsack: 2
  StrongCG: 84
  Flow cover: 293
  GUB cover: 148
  Inf proof: 9
  Zero half: 31
  RLT: 51
  Relax-and-lift: 57
  BQP: 11

Explored 70050 nodes (3088141 simplex iterations) in 13800.86 seconds (1493.11 work units)
Thread count was 2 (of 46 available processors)

Solution count 10: 3293.6 3293.82 3297.55 ... 3320.05

Time limit reached
Best objective 3.293601628152e+03, best bound 3.191305317614e+03, gap 3.1059%

Solve summary
-------------
Status code:       9
Objective:         3293.6016281521297
Objective bound:   3191.3053176135186
MIP gap:           0.031059102492612112
Has cycle:         False
Is acyclic:        True
Packages selected: 7 active packages

Packages
--------
   I1 | inactive_singleton | S=  0, C=  0, x=  0 | tasks=[1]
   A1 | active             | S=  0, C= 10, x= 14 | tasks=[2, 9]
   I3 | inactive_singleton | S= 10, C= 11, x=  2 | tasks=[3]
   I4 | inactive_singleton | S= 11, C= 21, x= 13 | tasks=[4]
   I5 | inactive_singleton | S= 21, C= 24, x=  4 | tasks=[5]
  I12 | inactive_singleton | S= 24, C= 26, x=  3 | tasks=[12]
   I8 | inactive_singleton | S= 24, C= 29, x=  7 | tasks=[8]
   I6 | inactive_singleton | S= 24, C= 30, x=  6 | tasks=[6]
   A2 | active             | S= 30, C= 49, x= 47 | tasks=[7, 10, 11, 14, 15]
  I19 | inactive_singleton | S= 49, C= 50, x=  1 | tasks=[19]
  I13 | inactive_singleton | S= 49, C= 59, x= 12 | tasks=[13]
  I16 | inactive_singleton | S= 59, C= 64, x=  8 | tasks=[16]
  I21 | inactive_singleton | S= 64, C= 66, x=  3 | tasks=[21]
   A3 | active             | S= 64, C= 69, x=  8 | tasks=[17]
  I18 | inactive_singleton | S= 69, C= 73, x=  6 | tasks=[18]
  I29 | inactive_singleton | S= 73, C= 74, x=  1 | tasks=[29]
   A4 | active             | S= 73, C= 83, x= 32 | tasks=[20, 23, 25]
  I22 | inactive_singleton | S= 83, C= 93, x= 15 | tasks=[22]
   A5 | active             | S= 93, C=109, x= 37 | tasks=[24, 26, 27, 28]
  I30 | inactive_singleton | S=109, C=118, x= 14 | tasks=[30]
   A6 | active             | S=118, C=139, x= 76 | tasks=[31, 32, 33, 34, 36, 38, 40, 41]
  I39 | inactive_singleton | S=139, C=145, x=  6 | tasks=[39]
  I35 | inactive_singleton | S=139, C=148, x= 17 | tasks=[35]
   A7 | active             | S=148, C=153, x= 10 | tasks=[37]
  I42 | inactive_singleton | S=164, C=164, x=  0 | tasks=[42]

Solution JSON saved to: /home/23037696r/Documents/research/or_benchmark/wp/results/inactive_0.4/j40/j400604_1.json
Finish time     : 2026-08-15T12:35:20+08:00
