Slurm job ID    : 2254
Array task ID   : 34
Host            : 23037696r-i7809a0b3cd
Start time      : 2026-08-14T06:12:58+08:00
Instance        : /home/23037696r/Documents/research/or_benchmark/wp/instances/inactive_0.3/j40/j400403_4.sm
Output JSON     : /home/23037696r/Documents/research/or_benchmark/wp/results/inactive_0.3/j40/j400403_4.json
Gurobi log      : /home/23037696r/Documents/research/or_benchmark/wp/results/inactive_0.3/j40/logs/gurobi/j400403_4.log
Allocated CPUs  : 2
Running with command-line arguments
-----------------------------------
Instance file: /home/23037696r/Documents/research/or_benchmark/wp/instances/inactive_0.3/j40/j400403_4.sm
Instance summary
----------------
Tasks:          42
Active tasks:   28
Inactive tasks: 14
Arcs:           87
Total duration: 222
Total work:     348
Active work:    245
Delta (singleton critical-path makespan): 94
Chosen deadline: 104
Feasible by singleton schedule: yes
Deadline rule: automatic: d = ceil(1.1 * Delta) = 104
Set parameter Username
Set parameter LicenseID to value 2851961
Academic license - for non-commercial use only - expires 2027-08-07
Set parameter MIPGap to value 1e-06
Set parameter TimeLimit to value 13800
Set parameter Threads to value 2
Set parameter LogFile to value "/home/23037696r/Documents/research/or_benchmark/wp/results/inactive_0.3/j40/logs/gurobi/j400403_4.log"
Set parameter NumericFocus to value 1
Gurobi Optimizer version 13.0.2 build v13.0.2rc1 (linux64 - "Ubuntu 22.04.3 LTS")

CPU model: Intel Xeon Processor (Cascadelake), instruction set [SSE2|AVX|AVX2|AVX512]
Thread count: 46 physical cores, 46 logical processors, using up to 2 threads

Non-default parameters:
TimeLimit  13800
MIPGap  1e-06
NumericFocus  1
Threads  2

Optimize a model with 44362 rows, 16968 columns and 156434 nonzeros (Min)
Model fingerprint: 0x0613c51f
Model has 11048 linear objective coefficients and an objective constant of 1.1580463677653875e+03
Variable types: 2940 continuous, 14028 integer (13832 binary)
Coefficient statistics:
  Matrix range     [1e+00, 2e+02]
  Objective range  [1e-02, 1e+03]
  Bounds range     [1e+00, 2e+02]
  RHS range        [1e+00, 2e+02]

Presolve removed 25138 rows and 6342 columns (presolve time = 5s)...
Presolve removed 31679 rows and 7168 columns (presolve time = 10s)...
Presolve removed 31679 rows and 8088 columns (presolve time = 16s)...
Presolve removed 32156 rows and 8411 columns (presolve time = 20s)...
Presolve removed 32171 rows and 8413 columns (presolve time = 25s)...
Presolve removed 32170 rows and 8412 columns
Presolve time: 28.11s
Presolved: 12192 rows, 8556 columns, 90159 nonzeros
Variable types: 0 continuous, 8556 integer (6012 binary)
Found heuristic solution: objective 4064.7163473

Root simplex log...

Iteration    Objective       Primal Inf.    Dual Inf.      Time
       0    1.5366884e+03   4.421250e+02   0.000000e+00     30s
     138    1.6087541e+03   1.437230e+03   0.000000e+00     30s
    3169    2.3785624e+03   1.822291e+04   0.000000e+00     35s
    5252    2.7748988e+03   0.000000e+00   0.000000e+00     39s

Root relaxation: objective 2.774899e+03, 5252 iterations, 9.03 seconds (0.49 work units)

    Nodes    |    Current Node    |     Objective Bounds      |     Work
 Expl Unexpl |  Obj  Depth IntInf | Incumbent    BestBd   Gap | It/Node Time

     0     0 2774.89879    0  124 4064.71635 2774.89879  31.7%     -   40s
     0     0 2780.97396    0  137 4064.71635 2780.97396  31.6%     -   42s
     0     0 2784.21377    0  174 4064.71635 2784.21377  31.5%     -   47s
     0     0 2784.21377    0  167 4064.71635 2784.21377  31.5%     -   48s
     0     0 2784.21987    0  161 4064.71635 2784.21987  31.5%     -   49s
     0     0 2784.22098    0  160 4064.71635 2784.22098  31.5%     -   50s
     0     0 2784.91686    0  193 4064.71635 2784.91686  31.5%     -   55s
     0     0 2785.60769    0  207 4064.71635 2785.60769  31.5%     -   58s
     0     0 2785.60957    0  191 4064.71635 2785.60957  31.5%     -   60s
     0     0 2785.70900    0  186 4064.71635 2785.70900  31.5%     -   62s
     0     0 2785.70900    0  182 4064.71635 2785.70900  31.5%     -   63s
     0     0 2787.16366    0  161 4064.71635 2787.16366  31.4%     -   67s
     0     0 2787.20220    0  154 4064.71635 2787.20220  31.4%     -   70s
     0     0 2787.23162    0  374 4064.71635 2787.23162  31.4%     -   72s
     0     0 2787.23760    0  440 4064.71635 2787.23760  31.4%     -   74s
     0     0 2787.24256    0  445 4064.71635 2787.24256  31.4%     -   75s
     0     0 2787.24510    0  406 4064.71635 2787.24510  31.4%     -   76s
     0     0 2787.24510    0  408 4064.71635 2787.24510  31.4%     -   77s
     0     0 2787.33409    0  175 4064.71635 2787.33409  31.4%     -   80s
     0     0 2787.39384    0  163 4064.71635 2787.39384  31.4%     -   82s
     0     0 2787.39394    0  168 4064.71635 2787.39394  31.4%     -   83s
     0     0 2787.42104    0  168 4064.71635 2787.42104  31.4%     -   86s
     0     0 2787.42858    0  170 4064.71635 2787.42858  31.4%     -   88s
     0     0 2787.42858    0  176 4064.71635 2787.42858  31.4%     -   90s
H    0     0                    4042.5043993 2787.42903  31.0%     -   92s
H    0     0                    4039.6383918 2787.42903  31.0%     -   92s
     0     0 2787.42903    0  167 4039.63839 2787.42903  31.0%     -   93s
     0     0 2787.42903    0  176 4039.63839 2787.42903  31.0%     -   94s
     0     0 2787.43219    0  179 4039.63839 2787.43219  31.0%     -   96s
     0     0 2787.43219    0  180 4039.63839 2787.43219  31.0%     -   98s
     0     0 2787.45953    0  181 4039.63839 2787.45953  31.0%     -  101s
     0     0 2787.47146    0  190 4039.63839 2787.47146  31.0%     -  103s
     0     0 2789.89982    0  462 4039.63839 2789.89982  30.9%     -  110s
     0     0 2789.89982    0  451 4039.63839 2789.89982  30.9%     -  111s
H    0     0                    4026.5849099 2789.89982  30.7%     -  113s
     0     0 2789.92915    0  494 4026.58491 2789.92915  30.7%     -  114s
     0     0 2789.92915    0  485 4026.58491 2789.92915  30.7%     -  114s
     0     0 2789.93647    0  486 4026.58491 2789.93647  30.7%     -  116s
     0     0 2789.93647    0  488 4026.58491 2789.93647  30.7%     -  118s
     0     0 2790.80792    0  262 4026.58491 2790.80792  30.7%     -  122s
H    0     0                    4024.3432160 2790.80833  30.7%     -  124s
     0     0 2790.88170    0  274 4024.34322 2790.88170  30.7%     -  125s
     0     0 2790.88310    0  278 4024.34322 2790.88310  30.6%     -  127s
     0     0 2791.22375    0  299 4024.34322 2791.22375  30.6%     -  130s
     0     0 2791.35630    0  284 4024.34322 2791.35630  30.6%     -  132s
     0     0 2791.39969    0  296 4024.34322 2791.39969  30.6%     -  134s
     0     0 2791.41755    0  307 4024.34322 2791.41755  30.6%     -  135s
     0     0 2791.41905    0  306 4024.34322 2791.41905  30.6%     -  136s
     0     0 2791.47380    0  313 4024.34322 2791.47380  30.6%     -  139s
     0     0 2791.55711    0  323 4024.34322 2791.55711  30.6%     -  142s
     0     0 2791.65853    0  298 4024.34322 2791.65853  30.6%     -  146s
     0     0 2791.67325    0  299 4024.34322 2791.67325  30.6%     -  148s
     0     0 2791.67816    0  326 4024.34322 2791.67816  30.6%     -  149s
     0     0 2791.67960    0  322 4024.34322 2791.67960  30.6%     -  150s
     0     0 2792.02140    0  310 4024.34322 2792.02140  30.6%     -  154s
     0     0 2792.10321    0  307 4024.34322 2792.10321  30.6%     -  156s
     0     0 2792.10784    0  319 4024.34322 2792.10784  30.6%     -  157s
     0     0 2792.10832    0  318 4024.34322 2792.10832  30.6%     -  159s
     0     0 2792.31615    0  324 4024.34322 2792.31615  30.6%     -  162s
H    0     0                    4022.8679254 2792.31629  30.6%     -  163s
     0     0 2792.33412    0  328 4022.86793 2792.33412  30.6%     -  163s
     0     0 2792.34516    0  336 4022.86793 2792.34516  30.6%     -  165s
     0     0 2792.35168    0  344 4022.86793 2792.35168  30.6%     -  166s
     0     0 2792.35168    0  344 4022.86793 2792.35168  30.6%     -  167s
     0     0 2792.42197    0  317 4022.86793 2792.42197  30.6%     -  170s
     0     0 2792.45659    0  339 4022.86793 2792.45659  30.6%     -  173s
     0     0 2792.46025    0  350 4022.86793 2792.46025  30.6%     -  174s
     0     0 2792.46071    0  352 4022.86793 2792.46071  30.6%     -  175s
     0     0 2792.46879    0  357 4022.86793 2792.46879  30.6%     -  178s
H    0     0                    3971.9926602 2792.47376  29.7%     -  179s
     0     0 2792.47376    0  349 3971.99266 2792.47376  29.7%     -  180s
     0     0 2792.48525    0  361 3971.99266 2792.48525  29.7%     -  181s
     0     0 2792.50501    0  359 3971.99266 2792.50501  29.7%     -  182s
     0     0 2792.50555    0  360 3971.99266 2792.50555  29.7%     -  183s
     0     0 2792.93306    0  319 3971.99266 2792.93306  29.7%     -  185s
     0     0 2792.95363    0  346 3971.99266 2792.95363  29.7%     -  187s
     0     0 2792.96483    0  351 3971.99266 2792.96483  29.7%     -  188s
     0     0 2792.96707    0  358 3971.99266 2792.96707  29.7%     -  189s
     0     0 2792.98344    0  345 3971.99266 2792.98344  29.7%     -  192s
     0     0 2792.99601    0  348 3971.99266 2792.99601  29.7%     -  194s
     0     0 2792.99666    0  351 3971.99266 2792.99666  29.7%     -  194s
     0     0 2793.79950    0  276 3971.99266 2793.79950  29.7%     -  197s
     0     0 2794.01319    0  318 3971.99266 2794.01319  29.7%     -  200s
     0     0 2794.03846    0  333 3971.99266 2794.03846  29.7%     -  202s
     0     0 2794.07292    0  333 3971.99266 2794.07292  29.7%     -  204s
     0     0 2794.07711    0  344 3971.99266 2794.07711  29.7%     -  205s
     0     0 2794.07737    0  342 3971.99266 2794.07737  29.7%     -  205s
     0     0 2794.17076    0  333 3971.99266 2794.17076  29.7%     -  208s
     0     0 2794.18538    0  353 3971.99266 2794.18538  29.7%     -  212s
     0     0 2794.19419    0  363 3971.99266 2794.19419  29.7%     -  213s
     0     0 2794.19440    0  358 3971.99266 2794.19440  29.7%     -  215s
     0     0 2794.32696    0  316 3971.99266 2794.32696  29.6%     -  218s
     0     0 2794.32870    0  331 3971.99266 2794.32870  29.6%     -  221s
     0     0 2794.36241    0  326 3971.99266 2794.36241  29.6%     -  225s
H    0     0                    3919.8987550 2794.36249  28.7%     -  227s
H    0     0                    3919.6613903 2794.36249  28.7%     -  227s
H    0     0                    3918.2978987 2794.36249  28.7%     -  227s
H    0     0                    3914.6726018 2794.36249  28.6%     -  228s
H    0     0                    3914.5900546 2794.36249  28.6%     -  228s
H    0     0                    3913.6384407 2794.36249  28.6%     -  228s
     0     0 2794.40162    0  347 3913.63844 2794.40162  28.6%     -  230s
     0     0 2794.41476    0  337 3913.63844 2794.41476  28.6%     -  231s
     0     0 2794.41588    0  332 3913.63844 2794.41588  28.6%     -  233s
     0     0 2794.41656    0  340 3913.63844 2794.41656  28.6%     -  236s
     0     0 2794.42850    0  350 3913.63844 2794.42850  28.6%     -  239s
     0     0 2794.42850    0  355 3913.63844 2794.42850  28.6%     -  242s
     0     0 2794.42850    0  357 3913.63844 2794.42850  28.6%     -  244s
     0     0 2794.42850    0  351 3913.63844 2794.42850  28.6%     -  247s
     0     0 2794.42850    0  351 3913.63844 2794.42850  28.6%     -  251s
     0     0 2794.42850    0  331 3913.63844 2794.42850  28.6%     -  252s
     0     2 2794.72296    0  330 3913.63844 2794.72296  28.6%     -  259s
     1     4 2794.72296    1  326 3913.63844 2794.72296  28.6%   5.0  261s
H    7    10                    3861.6238308 2794.72296  27.6%   116  265s
    15    21 2794.72296    9  339 3861.62383 2794.72296  27.6%   143  275s
H   20    32                    3861.1769139 2794.72296  27.6%   255  280s
H   29    32                    3858.5003701 2794.72296  27.6%   181  281s
H   31    53                    3857.9904857 2794.72296  27.6%   194  292s
    52    91 2794.72296   37  342 3857.99049 2794.72296  27.6%   141  307s
    90   131 2794.72296   57  333 3857.99049 2794.72296  27.6%   147  332s
H  102   131                    3751.7141742 2794.72296  25.5%   138  332s
H  130   226                    3751.4646113 2794.72296  25.5%   180  358s
H  227   312                    3750.3299032 2794.72296  25.5%   138  378s
H  275   312                    3092.9524015 2794.72296  9.64%   120  378s
H  313   373                    3089.0496598 2794.72296  9.53%   112  399s
H  314   371                    3026.4624488 2794.72296  7.66%   112  399s
H  374   424                    3025.9102693 2794.72296  7.64%   100  412s
H  427   486                    3021.8745503 2794.72296  7.52%   100  431s
H  471   486                    3021.4052694 2794.72296  7.50%  98.4  431s
H  518   555                    3020.3664598 2794.72296  7.47%  95.3  461s
   615   619 2810.96030    6  163 3020.36646 2794.72296  7.47%  91.4  478s
   691   751 2894.89518   49  216 3020.36646 2794.72296  7.47%  92.4  505s
   824   752 2823.84731  184  331 3020.36646 2794.72296  7.47%  79.6  582s
   826   753 2895.32139  114  120 3020.36646 2794.72296  7.47%  79.4  607s
   827   754 2795.32736    5  542 3020.36646 2794.72296  7.47%  79.3  631s
   828   755 2801.50325   22  264 3020.36646 2794.72296  7.47%  79.2  638s
   829   755 2795.57791   63  288 3020.36646 2794.72296  7.47%  79.1  642s
   830   756 2795.94090  188  274 3020.36646 2794.72296  7.47%  79.0  646s
   831   757 2795.22742  176  279 3020.36646 2794.72296  7.47%  78.9  652s
   832   757 2895.35012  100  286 3020.36646 2795.03498  7.46%  78.8  657s
   833   758 2822.90054  193  308 3020.36646 2795.16128  7.46%  78.7  661s
   834   759 2796.85669  121  309 3020.36646 2795.81278  7.43%  78.6  665s
   835   759 2969.95093   53  308 3020.36646 2795.90612  7.43%  78.5  670s
   837   761 2796.08758   70  316 3020.36646 2796.08758  7.43%  78.4  675s
   839   762 2797.21627   63  315 3020.36646 2797.21627  7.39%  78.2  683s
   840   763 2807.12823    4  316 3020.36646 2797.23372  7.39%  78.1  685s
   841   763 2895.21856   92  320 3020.36646 2797.23386  7.39%  78.0  690s
   842   764 2895.48462  129  318 3020.36646 2799.31659  7.32%  77.9  706s
   843   765 2873.43564   15  347 3020.36646 2799.42143  7.32%  77.8  710s
   845   766 2799.63569   29  361 3020.36646 2799.63569  7.31%  77.6  716s
   847   767 2799.82440   85  355 3020.36646 2799.82440  7.30%  77.4  722s
   849   769 2895.75256  178  351 3020.36646 2799.84106  7.30%  77.2  726s
   850   769 2823.26511  200  351 3020.36646 2799.84106  7.30%  77.2  730s
   851   770 2895.04790   77  331 3020.36646 2800.15742  7.29%  77.1  744s
   852   771 2893.64996   19  354 3020.36646 2800.33524  7.28%  77.0  747s
   853   771 2800.35034   81  366 3020.36646 2800.35034  7.28%  76.9  750s
   856   773 2800.35760  169  377 3020.36646 2800.35760  7.28%  76.6  758s
   857   774 2801.11992   30  370 3020.36646 2801.11992  7.26%  76.5  771s
   858   775 2801.19115  132  376 3020.36646 2801.19115  7.26%  76.4  775s
   860   776 2970.77801   62  382 3020.36646 2801.21537  7.26%  76.3  783s
   861   777 2801.49194   23  372 3020.36646 2801.49194  7.25%  76.2  795s
   863   778 2801.77292  108  368 3020.36646 2801.77292  7.24%  76.0  801s
   866   780 2873.48740   16  388 3020.36646 2801.79322  7.24%  75.7  806s
   867   781 2881.44159  203  387 3020.36646 2801.79387  7.24%  75.6  810s
   868   781 2895.81358   25  366 3020.36646 2803.08164  7.19%  75.6  821s
   870   783 2895.13287  145  358 3020.36646 2803.08164  7.19%  75.4  826s
   872   784 2803.08164   97  364 3020.36646 2803.08164  7.19%  75.2  831s
   874   785 2895.12646   84  376 3020.36646 2803.08164  7.19%  75.0  835s
   875   786 2803.08164  111  372 3020.36646 2803.08164  7.19%  74.9  840s
   876   787 2803.08164  113  375 3020.36646 2803.08164  7.19%  74.9  852s
   877   787 2803.08164   23  385 3020.36646 2803.08164  7.19%  74.8  855s
   879   789 2803.08164   96  396 3020.36646 2803.08164  7.19%  74.6  860s
   880   789 2803.08164   33  381 3020.36646 2803.08164  7.19%  74.5  870s
   883   791 2881.32108  206  398 3020.36646 2803.08164  7.19%  74.3  877s
   884   792 2823.47833  195  379 3020.36646 2803.08164  7.19%  74.2  885s
   886   793 2895.75256  178  397 3020.36646 2803.08164  7.19%  74.0  892s
   887   794 2894.89581   50  385 3020.36646 2803.20606  7.19%  73.9  901s
   889   795 2803.20606    7  395 3020.36646 2803.20606  7.19%  73.8  905s
   891   797 2803.38759   68  382 3020.36646 2803.38759  7.18%  73.6  919s
   892   797 2895.13287  145  395 3020.36646 2803.38759  7.18%  73.5  921s
   894   799 2803.38759   59  396 3020.36646 2803.38759  7.18%  73.4  925s
   895   799 2863.30545   14  405 3020.36646 2803.75116  7.17%  73.3  936s
   897   801 2803.75116  138  392 3020.36646 2803.75116  7.17%  73.1  943s
   898   801 2884.63055    9  398 3020.36646 2805.00353  7.13%  73.0  956s
   900   803 2805.00353  101  405 3020.36646 2805.00353  7.13%  72.9  961s
   902   804 2894.96053   67  394 3020.36646 2805.00353  7.13%  72.7  974s
   903   805 2805.00353  111  400 3020.36646 2805.00353  7.13%  72.6  977s
   904   805 2805.00353   40  402 3020.36646 2805.00353  7.13%  72.5  980s
   906   807 2810.99649    9  399 3020.36646 2805.00353  7.13%  72.4  998s
   907   807 2823.84731  184  405 3020.36646 2805.00353  7.13%  72.3 1000s
   908   808 2805.00353   21  407 3020.36646 2805.00353  7.13%  72.2 1005s
   909   809 2805.00353   25  399 3020.36646 2805.00353  7.13%  72.1 1017s
   910   809 2967.51557   30  379 3020.36646 2805.00353  7.13%  72.1 1020s
   912   811 2805.00353   33  410 3020.36646 2805.00353  7.13%  71.9 1027s
   914   812 2823.52463  198  423 3020.36646 2805.00353  7.13%  71.8 1033s
   915   813 2881.50180  213  404 3020.36646 2805.00353  7.13%  71.7 1041s
   917   814 2805.00353  154  423 3020.36646 2805.00353  7.13%  71.5 1046s
   918   815 2805.00353   20  426 3020.36646 2805.00353  7.13%  71.4 1050s
   919   815 2895.65621  176  410 3020.36646 2805.00353  7.13%  71.4 1060s
   921   817 2805.00353   19  415 3020.36646 2805.00353  7.13%  71.2 1066s
   923   818 2805.00353   63  430 3020.36646 2805.00353  7.13%  71.1 1072s
   924   819 2823.84731  184  419 3020.36646 2805.00353  7.13%  71.0 1081s
   926   820 2895.32139  114  430 3020.36646 2805.00353  7.13%  70.8 1086s
   927   821 2805.00353    5  424 3020.36646 2805.00353  7.13%  70.7 1091s
   928   821 2805.00353   22  417 3020.36646 2805.00353  7.13%  70.7 1098s
   929   822 2805.00353   63  424 3020.36646 2805.00353  7.13%  70.6 1101s
   931   823 2805.00353  176  431 3020.36646 2805.00353  7.13%  70.4 1107s
   932   824 2895.35012  100  417 3020.36646 2805.00353  7.13%  70.4 1115s
   934   825 2805.00353  121  425 3020.36646 2805.00353  7.13%  70.2 1122s
   935   826 2969.95093   53  426 3020.36646 2805.00353  7.13%  70.1 1128s
   936   827 2805.00353   46  428 3020.36646 2805.00353  7.13%  70.1 1131s
   937   827 2805.00353   70  428 3020.36646 2805.00353  7.13%  70.0 1138s
   938   828 2805.00353   31  429 3020.36646 2805.00353  7.13%  69.9 1141s
   942   832 2895.48462  129  331 3020.36646 2805.00353  7.13%   101 1191s
   944   833 2969.69994   44  118 3020.36646 2805.00353  7.13%   100 1217s
   945   834 2805.00353   29  254 3020.36646 2805.00353  7.13%   100 1232s
   946   835 2805.00353  150  602 3020.36646 2805.00353  7.13%   100 1243s
   947   835 2805.00353   85  293 3020.36646 2805.00353  7.13%   100 1246s
   948   836 2895.13941  110  303 3020.36646 2805.00353  7.13%   100 1250s
   950   837 2823.26511  200  343 3020.36646 2805.00353  7.13%   100 1259s
   951   838 2895.04790   77  369 3020.36646 2805.00353  7.13%   100 1264s
   952   839 2893.64996   19  352 3020.36646 2805.00353  7.13%   100 1268s
   953   839 2805.00353   81  369 3020.36646 2805.00353  7.13%  99.5 1271s
   955   841 2805.00353   11  356 3020.36646 2805.00353  7.13%  99.3 1277s
   956   841 2805.00353  169  382 3020.36646 2805.00353  7.13%  99.2 1280s
   958   843 2805.00353  132  369 3020.36646 2805.00353  7.13%  99.0 1285s
   960   844 2970.77801   62  396 3020.36646 2805.00353  7.13%  98.8 1293s
   961   845 2805.00353   23  401 3020.36646 2805.00353  7.13%  98.7 1303s
   962   845 2805.00353   94  380 3020.36646 2805.00353  7.13%  98.6 1307s
   964   847 2895.08386  109  383 3020.36646 2805.00353  7.13%  98.4 1312s
   965   847 2832.10908   12  357 3020.36646 2805.00353  7.13%  98.3 1323s
   966   848 2873.48740   16  376 3020.36646 2805.00353  7.13%  98.2 1326s
   968   849 2895.81358   25  406 3020.36646 2805.00353  7.13%  98.0 1333s
   969   850 2895.08170   38  414 3020.36646 2805.00353  7.13%  97.9 1340s
   972   852 2805.00353   97  426 3020.36646 2805.00353  7.13%  97.6 1346s
   974   853 2895.12646   84  437 3020.36646 2805.00353  7.13%  97.4 1351s
   975   854 2805.00353  111  393 3020.36646 2805.00353  7.13%  97.3 1359s
   976   855 2805.00353  113  372 3020.36646 2805.00353  7.13%  97.2 1361s
   978   856 2895.12515  138  427 3020.36646 2805.00353  7.13%  97.0 1367s
   979   857 2805.00353   96  402 3020.36646 2805.00353  7.13%  96.9 1376s
   981   858 2823.40063  191  414 3020.36646 2805.00353  7.13%  96.7 1383s
   982   859 2894.86451   43  418 3020.36646 2805.00353  7.13%  96.6 1392s
   984   860 2823.47833  195  418 3020.36646 2805.00353  7.13%  96.4 1398s
   985   861 2873.53587   17  405 3020.36646 2805.00353  7.13%  96.3 1405s
   987   862 2894.89581   50  414 3020.36646 2805.00353  7.13%  96.1 1411s
   989   863 2805.00353    7  411 3020.36646 2805.00353  7.13%  95.9 1424s
   990   864 2805.00353  134  415 3020.36646 2805.00353  7.13%  95.8 1426s
   992   865 2895.13287  145  430 3020.36646 2805.00353  7.13%  95.6 1432s
   993   866 2805.00353   73  411 3020.36646 2805.00353  7.13%  95.5 1443s
   994   867 2805.00353   59  413 3020.36646 2805.00353  7.13%  95.4 1445s
   996   868 2895.46893  170  422 3020.36646 2805.00353  7.13%  95.2 1461s
   997   869 2805.00353  138  421 3020.36646 2805.00353  7.13%  95.1 1465s
   998   869 2884.63055    9  422 3020.36646 2805.00353  7.13%  95.0 1475s
  1000   871 2805.08890  101  409 3020.36646 2805.08890  7.13%  94.8 1489s
  1001   871 2822.81535  186  439 3020.36646 2805.08890  7.13%  94.7 1492s
  1002   872 2894.96053   67  444 3020.36646 2805.08890  7.13%  94.6 1495s
  1003   873 2805.08890  111  444 3020.36646 2805.08890  7.13%  94.5 1500s
  1004   873 2805.08890   40  389 3020.36646 2805.08890  7.13%  94.4 1508s
  1005   874 2970.77801   62  390 3020.36646 2805.08890  7.13%  94.3 1513s
  1006   875 2810.99649    9  407 3020.36646 2805.08890  7.13%  94.3 1523s
  1007   875 2823.84731  184  412 3020.36646 2805.08890  7.13%  94.2 1525s
  1008   876 2805.08890   21  421 3020.36646 2805.08890  7.13%  94.1 1530s
  1009   877 2805.08890   25  416 3020.36646 2805.08890  7.13%  94.0 1540s
  1010   877 2967.51557   30  425 3020.36646 2805.08890  7.13%  93.9 1545s
  1011   878 2895.92065  162  424 3020.36646 2805.30349  7.12%  93.8 1553s
  1012   879 2805.30349   33  401 3020.36646 2805.30349  7.12%  93.7 1558s
  1013   879 2913.69034   12  424 3020.36646 2805.30349  7.12%  93.6 1560s
  1014   880 2823.52463  198  421 3020.36646 2805.30349  7.12%  93.5 1565s
H 1014   834                    3015.9430671 2805.30349  6.98%  93.5 1574s
H 1014   791                    3014.7080759 2805.30349  6.95%  93.5 1574s
H 1014   751                    3013.7033627 2805.30349  6.92%  93.5 1574s
H 1014   712                    3013.2520728 2805.30349  6.90%  93.5 1575s
  1017   714 2805.30349  154  392 3013.25207 2805.30349  6.90%  93.2 1582s
  1018   715 2805.30349   20  393 3013.25207 2805.30349  6.90%  93.1 1586s
  1019   715 2895.65621  176  422 3013.25207 2805.30349  6.90%  93.1 1597s
  1021   717 2805.30349   19  401 3013.25207 2805.30349  6.90%  92.9 1604s
  1022   717 2895.84380  161  431 3013.25207 2805.30349  6.90%  92.8 1610s
  1024   719 2823.84731  184  433 3013.25207 2805.30349  6.90%  92.6 1621s
  1025   719 2895.66508  172  435 3013.25207 2805.30349  6.90%  92.5 1625s
  1026   720 2895.32139  114  397 3013.25207 2805.30349  6.90%  92.4 1631s
  1027   721 2805.30349    5  397 3013.25207 2805.30349  6.90%  92.3 1639s
  1028   721 2805.30427   22  397 3013.25207 2805.30427  6.90%  92.2 1652s
  1029   725 2839.16588   19  197 3013.25207 2805.30427  6.90%   124 1673s
  1031   726 2839.28225   20  189 3013.25207 2805.39380  6.90%   124 1681s
  1033   729 2839.65359   21  193 3013.25207 2805.46419  6.90%   124 1694s
  1036   731 2845.93635   22  217 3013.25207 2805.46419  6.90%   130 1709s
  1039   734 2846.62592   23  255 3013.25207 2805.46419  6.90%   133 1728s
H 1041   695                    3009.0763128 2805.46419  6.77%   134 1728s
  1043   697 2847.15090   24  481 3009.07631 2805.46419  6.77%   136 1761s
H 1047   661                    3008.8607297 2805.46419  6.76%   138 1761s
H 1051   629                    3008.6126144 2805.46419  6.75%   139 1777s
  1055   631 2895.68239   26  224 3008.61261 2805.46419  6.75%   141 1786s
  1059   639 2900.31603   27  213 3008.61261 2805.46419  6.75%   141 1796s
  1068   641 2946.72870   29  179 3008.61261 2805.46419  6.75%   141 1809s
  1075   647 2906.11658   30  140 3008.61261 2805.46419  6.75%   140 1816s
  1083   651 2906.14721   32  157 3008.61261 2805.46419  6.75%   140 1823s
  1091   652 2962.74345   33   57 3008.61261 2805.46419  6.75%   140 1828s
  1101   647 infeasible   34      3008.61261 2805.46419  6.75%   139 1843s
  1113   643 2961.88703   37   58 3008.61261 2839.16588  5.63%   139 1858s
  1119   644 2842.70836   21  143 3008.61261 2839.16588  5.63%   142 1865s
  1126   642 2987.10270   22   23 3008.61261 2839.16588  5.63%   143 1877s
  1131   641 2904.58135   23  328 3008.61261 2839.28225  5.63%   145 1885s
  1133   642 2850.19974   24  171 3008.61261 2839.28225  5.63%   146 1894s
  1136   646 2902.70017   25  202 3008.61261 2839.28225  5.63%   147 1902s
  1141   648 2951.43989   26  256 3008.61261 2839.28225  5.63%   148 1914s
  1146   656 2852.35510   28  208 3008.61261 2839.28225  5.63%   149 1924s
  1156   658 2946.78026   31  124 3008.61261 2839.28225  5.63%   150 1939s
  1173   657 2906.69649   28  138 3008.61261 2839.28225  5.63%   149 1959s
  1180   660 2912.73358   31  163 3008.61261 2839.28225  5.63%   150 1966s
H 1183   627                    3008.5413368 2839.28225  5.63%   149 1966s
  1185   635 2914.19483   32  169 3008.54134 2839.28225  5.63%   150 1975s
  1200   643 2914.94494   36  118 3008.54134 2839.28225  5.63%   150 1989s
  1220   636 2944.48973   39   71 3008.54134 2839.28225  5.63%   148 2007s
  1235   634 2893.67916   23  163 3008.54134 2841.54579  5.55%   149 2019s
  1238   636 2895.20693   24  158 3008.54134 2841.55335  5.55%   150 2027s
  1241   644 2896.39525   25  158 3008.54134 2842.57045  5.52%   151 2063s
  1250   648 2895.56991   26  162 3008.54134 2842.57045  5.52%   151 2102s
  1257   660 2895.60326   27  163 3008.54134 2842.57045  5.52%   151 2117s
  1271   672 2897.40499   29  148 3008.54134 2842.57045  5.52%   151 2135s
  1299   670 2897.66461   30  121 3008.54134 2842.57045  5.52%   151 2167s
  1323   661 2952.45136   34  207 3008.54134 2842.71205  5.51%   151 2186s
  1330   662 2951.51077   35  132 3008.54134 2842.71205  5.51%   152 2202s
  1341   672 infeasible   41      3008.54134 2843.69947  5.48%   152 2233s
  1368   665 2852.68696   23  129 3008.54134 2845.90153  5.41%   153 2254s
  1380   668 2964.46920   27  142 3008.54134 2845.95285  5.40%   156 2285s
  1412   664 2904.02182   25  171 3008.54134 2845.95285  5.40%   155 2327s
  1419   672 2904.13922   26  167 3008.54134 2845.95285  5.40%   155 2351s
  1432   686 2904.79611   30  169 3008.54134 2845.95285  5.40%   155 2376s
  1456   700 2922.31324   38  111 3008.54134 2845.95285  5.40%   155 2405s
  1489   693 2978.82244   46   67 3008.54134 2849.14424  5.30%   153 2435s
  1514   697 infeasible   25      3008.54134 2849.14424  5.30%   154 2461s
  1533   706 2924.54912   29  151 3008.54134 2850.35675  5.26%   155 2508s
  1577   721 2904.38194   26  200 3008.54134 2854.40719  5.12%   153 2541s
  1645   720 infeasible   26      3008.54134 2857.25890  5.03%   150 2574s
  1701   718 2874.54232   29  111 3008.54134 2858.96501  4.97%   148 2601s
  1766   740 2928.46603   31   47 3008.54134 2863.61225  4.82%   145 2640s
  1878   763 2891.14847   31  144 3008.54134 2872.31361  4.53%   141 2679s
  2041   761 2986.35155   32   56 3008.54134 2877.82322  4.34%   133 2713s
  2176   773 2971.00165   31  105 3008.54134 2881.91486  4.21%   127 2739s
  2279   800 2995.73539   49   62 3008.54134 2883.24204  4.16%   123 2790s
  2439   758 2945.99560   26  255 3008.54134 2892.58568  3.85%   119 2816s
  2457   764 2950.63134   32  135 3008.54134 2892.58568  3.85%   120 2852s
  2487   768 2956.61209   40  161 3008.54134 2893.67918  3.82%   120 2886s
  2525   765 2950.94243   30  257 3008.54134 2893.76504  3.82%   121 2921s
  2561   773 2947.56362   25  218 3008.54134 2894.48716  3.79%   123 2962s
  2616   764 2982.85073   32   29 3008.54134 2894.97958  3.77%   122 2999s
  2659   754 2901.10396   30  196 3008.54134 2895.16057  3.77%   123 3058s
  2687   763 2896.84085   27  185 3008.54134 2895.16057  3.77%   124 3104s
  2705   757 2958.79973   43  269 3008.54134 2895.17567  3.77%   126 3105s
  2722   785 2933.11450   30  168 3008.54134 2895.17923  3.77%   126 3157s
  2823   776 infeasible   32      3008.54134 2895.56991  3.76%   127 3197s
  2865   784 2997.54869   28  275 3008.54134 2895.68562  3.75%   129 3244s
  2911   813 2946.82941   31  229 3008.54134 2895.68562  3.75%   131 3289s
  2975   815 infeasible   43      3008.54134 2895.99531  3.74%   132 3338s
  3014   832 2900.64370   28  241 3008.54134 2896.44412  3.73%   134 3384s
  3064   841 2969.35965   28  179 3008.54134 2897.00329  3.71%   135 3437s
  3133   863 2898.34266   29  232 3008.54134 2897.23278  3.70%   137 3493s
  3187   869 2951.71790   34  260 3008.54134 2897.39434  3.69%   138 3543s
  3214   882 2959.91538   32  256 3008.54134 2897.63822  3.69%   142 3609s
  3290   893 2921.80607   30  221 3008.54134 2898.01705  3.67%   145 3676s
  3349   915 3002.33195   36  193 3008.54134 2898.31400  3.66%   146 3751s
  3440   916 infeasible   35      3008.54134 2898.34323  3.66%   147 3809s
  3495   916 infeasible   40      3008.54134 2898.55789  3.66%   148 3810s
  3524   929 2909.83624   29  268 3008.54134 2898.64180  3.65%   150 3872s
  3603   955 2911.50244   33  200 3008.54134 2898.73576  3.65%   152 3951s
  3687   977 infeasible   37      3008.54134 2898.74914  3.65%   155 4058s
  3744  1030 2965.76101   42  121 3008.54134 2898.74914  3.65%   156 4169s
  3899  1058 2972.82436   35  222 3008.54134 2899.48478  3.62%   157 4268s
  4014  1087 2954.83588   30  139 3008.54134 2900.15589  3.60%   157 4368s
  4141  1148 2942.45762   31  205 3008.54134 2900.26903  3.60%   160 4484s
  4339  1168 2907.30693   30  169 3008.54134 2900.66733  3.59%   158 4580s
  4453  1188 2982.58155   33  140 3008.54134 2900.75460  3.58%   160 4706s
  4603  1243 2934.03071   31  215 3008.54134 2900.94202  3.58%   162 4830s
  4723  1280 infeasible   40      3008.54134 2900.97850  3.58%   161 4940s
  4894  1298 2974.84810   34  203 3008.54134 2901.39031  3.56%   160 5042s
  5033  1379 2954.62254   40  228 3008.54134 2901.69041  3.55%   161 5189s
  5309  1463 2969.85352   43  165 3008.54134 2902.02173  3.54%   161 5328s
  5607  1552 infeasible   37      3008.54134 2902.46474  3.53%   159 5466s
  5894  1589 infeasible   48      3008.54134 2902.80235  3.51%   158 5625s
  6133  1654 2973.54288   40  178 3008.54134 2903.20556  3.50%   156 5790s
  6424  1682 2905.97015   32  240 3008.54134 2904.32797  3.46%   156 5902s
  6595  1738 2927.15219   34  285 3008.54134 2904.52181  3.46%   156 6062s
  6849  1805 2912.74942   38  177 3008.54134 2904.77224  3.45%   155 6227s
  7181  1873 infeasible   47      3008.54134 2905.10177  3.44%   153 6384s
  7470  1955 2946.82101   36  181 3008.54134 2905.55433  3.42%   151 6675s
  7793  1989 2966.68879   34  164 3008.54134 2906.15221  3.40%   149 6795s
  7975  2073 infeasible   37      3008.54134 2906.31976  3.40%   149 6932s
  8254  2080 infeasible   50      3008.54134 2906.40062  3.40%   146 6996s
  8305  2136 2976.12678   49  193 3008.54134 2906.40100  3.40%   146 7112s
  8528  2160 2919.04231   42  217 3008.54134 2906.56269  3.39%   145 7209s
  8645  2234 infeasible   47      3008.54134 2906.63581  3.39%   145 7356s
  8950  2269 2907.61989   45  215 3008.54134 2906.81537  3.38%   143 7476s
  9167  2310 infeasible   47      3008.54134 2907.08451  3.37%   142 7595s
  9375  2352 2971.53637   53  158 3008.54134 2907.32660  3.36%   141 7731s
  9626  2372 2977.91504   43  136 3008.54134 2907.61766  3.35%   141 7852s
  9832  2400 infeasible   41      3008.54134 2908.08882  3.34%   140 7991s
 10075  2452 2909.12368   36  198 3008.54134 2908.41111  3.33%   139 8118s
 10304  2469 2975.21659   52  224 3008.54134 2908.71710  3.32%   138 8250s
 10513  2522 infeasible   34      3008.54134 2909.03669  3.31%   138 8390s
 10834  2559 2970.63874   48  196 3008.54134 2909.36223  3.30%   137 8484s
 10975  2572 infeasible   47      3008.54134 2909.67607  3.29%   137 8579s
 11157  2613 infeasible   39      3008.54134 2909.85609  3.28%   138 8701s
 11468  2631 infeasible   43      3008.54134 2910.25965  3.27%   137 8797s
 11689  2684 2986.35866   54  119 3008.54134 2910.73752  3.25%   137 8891s
 11923  2699 2961.10705   40  196 3008.54134 2911.25735  3.23%   136 8982s
 12142  2756 2921.21299   31  176 3008.54134 2911.60403  3.22%   136 9087s
 12436  2792 3005.37227   40  131 3008.54134 2911.97624  3.21%   135 9206s
 12709  2807 infeasible   46      3008.54134 2912.55320  3.19%   135 9327s
 12944  2831 infeasible   40      3008.54134 2913.00677  3.18%   134 9451s
 13288  2880 2955.18111   41  152 3008.54134 2913.79500  3.15%   133 9570s
 13591  2928 infeasible   42      3008.54134 2914.73195  3.12%   132 9690s
 13883  2923 infeasible   39      3008.54134 2915.79316  3.08%   132 9717s
 13897  2981 2916.75867   35  169 3008.54134 2916.09058  3.07%   132 9806s
 14085  3004 infeasible   33      3008.54134 2916.63031  3.06%   131 9908s
 14360  3030 2920.08393   43  218 3008.54134 2917.27426  3.03%   130 10027s
 14710  3083 2956.75279   41  150 3008.54134 2918.07877  3.01%   129 10686s
 15130  3122 infeasible   59      3008.54134 2918.69705  2.99%   127 10772s
 15340  3149 infeasible   43      3008.54134 2918.95885  2.98%   127 10846s
 15545  3175 2988.22414   28   66 3008.54134 2919.29372  2.97%   126 10940s
 15831  3181 infeasible   42      3008.54134 2919.75276  2.95%   125 11021s
 16024  3181 2961.24491   43   55 3008.54134 2920.36036  2.93%   125 11108s
 16302  3183 2961.88760   40  141 3008.54134 2921.40498  2.90%   124 11167s
 16453  3178 infeasible   47      3008.54134 2921.80093  2.88%   123 11232s
 16534  3193 2933.46236   34  139 3008.54134 2921.84336  2.88%   124 11314s
 16728  3202 2957.03014   46  166 3008.54134 2922.04328  2.88%   123 11411s
 16969  3207 2941.85224   37  135 3008.54134 2922.33250  2.87%   122 11494s
 17135  3216 2991.28744   34   88 3008.54134 2922.54046  2.86%   122 11595s
 17407  3217 2977.26104   40  184 3008.54134 2923.94267  2.81%   121 11666s
 17527  3244 2965.24818   46  170 3008.54134 2924.52512  2.79%   121 11752s
 17800  3257 2958.33706   43  252 3008.54134 2925.67519  2.75%   120 11833s
 17952  3260 infeasible   33      3008.54134 2926.51950  2.73%   120 11918s
 18142  3290 2968.27325   41  162 3008.54134 2927.78660  2.68%   120 11996s
 18341  3277 2997.08724   37   52 3008.54134 2928.66657  2.65%   120 12072s
 18538  3281 infeasible   35      3008.54134 2930.18560  2.60%   120 12139s
 18669  3284 2979.43187   36  209 3008.54134 2930.49922  2.59%   120 12195s
 18746  3280 2937.50983   44  185 3008.54134 2930.87103  2.58%   120 12290s
 18958  3288     cutoff   49      3008.54134 2932.18351  2.54%   120 12381s
 19136  3297 2991.30200   53  152 3008.54134 2932.52110  2.53%   120 12473s
 19320  3317 infeasible   33      3008.54134 2933.22753  2.50%   120 12562s
 19518  3314 2949.51196   31  106 3008.54134 2934.49845  2.46%   120 12657s
 19693  3324     cutoff   41      3008.54134 2934.77917  2.45%   120 12750s
 19902  3337 2990.88155   42   92 3008.54134 2936.00245  2.41%   120 12849s
 20166  3341 2959.08032   27   82 3008.54134 2936.54364  2.39%   119 12947s
 20428  3345 infeasible   53      3008.54134 2938.28407  2.34%   119 13055s
 20700  3359 2953.67764   44  143 3008.54134 2939.46100  2.30%   118 13162s
 20945  3377 infeasible   44      3008.54134 2940.92388  2.25%   118 13265s
 21242  3389 2995.52402   37   81 3008.54134 2941.92926  2.21%   117 13355s
 21515  3373 2999.86443   44  154 3008.54134 2943.43617  2.16%   116 13441s
 21757  3371 2971.19313   36  143 3008.54134 2944.55135  2.13%   116 13540s
 22024  3376 2949.42702   32  396 3008.54134 2945.49064  2.10%   115 13603s
 22073  3384 2952.74732   30  201 3008.54134 2945.92477  2.08%   116 13800s

Cutting planes:
  Cover: 541
  Implied bound: 515
  Projected implied bound: 10
  Clique: 28
  MIR: 358
  Mixing: 1
  Knapsack: 1
  StrongCG: 56
  Flow cover: 351
  GUB cover: 129
  Inf proof: 16
  Zero half: 57
  RLT: 34
  Relax-and-lift: 115
  BQP: 6
  PSD: 3

Explored 22135 nodes (2602909 simplex iterations) in 13800.63 seconds (1008.68 work units)
Thread count was 2 (of 46 available processors)

Solution count 10: 3008.54 3008.61 3008.86 ... 3021.41

Time limit reached
Best objective 3.008541336833e+03, best bound 2.945924772296e+03, gap 2.0813%

Solve summary
-------------
Status code:       9
Objective:         3008.5413368325576
Objective bound:   2945.924772296451
MIP gap:           0.020812931426107757
Has cycle:         False
Is acyclic:        True
Packages selected: 8 active packages

Packages
--------
   I1 | inactive_singleton | S=  0, C=  0, x=  0 | tasks=[1]
   A1 | active             | S=  0, C=  3, x=  7 | tasks=[2, 4]
   I3 | inactive_singleton | S=  3, C= 10, x=  8 | tasks=[3]
   A2 | active             | S= 10, C= 26, x= 71 | tasks=[5, 6, 7, 12, 13, 15]
   I8 | inactive_singleton | S= 26, C= 29, x=  4 | tasks=[8]
  I10 | inactive_singleton | S= 26, C= 35, x= 17 | tasks=[10]
   A3 | active             | S= 29, C= 35, x= 20 | tasks=[9, 24]
  I29 | inactive_singleton | S= 35, C= 40, x=  7 | tasks=[29]
   A4 | active             | S= 35, C= 45, x= 30 | tasks=[14, 16, 17, 18, 41]
  I11 | inactive_singleton | S= 35, C= 45, x= 12 | tasks=[11]
  I22 | inactive_singleton | S= 45, C= 48, x=  5 | tasks=[22]
  I25 | inactive_singleton | S= 45, C= 48, x=  5 | tasks=[25]
  I39 | inactive_singleton | S= 45, C= 49, x=  6 | tasks=[39]
  I19 | inactive_singleton | S= 45, C= 52, x= 11 | tasks=[19]
   A5 | active             | S= 45, C= 53, x= 18 | tasks=[20, 40]
  I32 | inactive_singleton | S= 45, C= 53, x= 10 | tasks=[32]
   A6 | active             | S= 53, C= 77, x= 76 | tasks=[21, 23, 26, 27, 28, 34, 35, 38]
  I30 | inactive_singleton | S= 77, C= 87, x= 12 | tasks=[30]
   A7 | active             | S= 87, C= 99, x= 20 | tasks=[31, 36]
  I33 | inactive_singleton | S= 99, C=102, x=  6 | tasks=[33]
   A8 | active             | S=102, C=104, x=  3 | tasks=[37]
  I42 | inactive_singleton | S=104, C=104, x=  0 | tasks=[42]

Solution JSON saved to: /home/23037696r/Documents/research/or_benchmark/wp/results/inactive_0.3/j40/j400403_4.json
Finish time     : 2026-08-14T10:03:07+08:00
