Slurm job ID    : 2315
Array task ID   : 95
Host            : 23037696r-i7809a0b3cd
Start time      : 2026-08-15T03:52:06+08:00
Instance        : /home/23037696r/Documents/research/or_benchmark/wp/instances/inactive_0.3/j40/j401003_5.sm
Output JSON     : /home/23037696r/Documents/research/or_benchmark/wp/results/inactive_0.3/j40/j401003_5.json
Gurobi log      : /home/23037696r/Documents/research/or_benchmark/wp/results/inactive_0.3/j40/logs/gurobi/j401003_5.log
Allocated CPUs  : 2
Running with command-line arguments
-----------------------------------
Instance file: /home/23037696r/Documents/research/or_benchmark/wp/instances/inactive_0.3/j40/j401003_5.sm
Instance summary
----------------
Tasks:          42
Active tasks:   28
Inactive tasks: 14
Arcs:           41
Total duration: 218
Total work:     312
Active work:    209
Delta (singleton critical-path makespan): 218
Chosen deadline: 240
Feasible by singleton schedule: yes
Deadline rule: automatic: d = ceil(1.1 * Delta) = 240
Set parameter Username
Set parameter LicenseID to value 2851961
Academic license - for non-commercial use only - expires 2027-08-07
Set parameter MIPGap to value 1e-06
Set parameter TimeLimit to value 13800
Set parameter Threads to value 2
Set parameter LogFile to value "/home/23037696r/Documents/research/or_benchmark/wp/results/inactive_0.3/j40/logs/gurobi/j401003_5.log"
Set parameter NumericFocus to value 1
Gurobi Optimizer version 13.0.2 build v13.0.2rc1 (linux64 - "Ubuntu 22.04.3 LTS")

CPU model: Intel Xeon Processor (Cascadelake), instruction set [SSE2|AVX|AVX2|AVX512]
Thread count: 46 physical cores, 46 logical processors, using up to 2 threads

Non-default parameters:
TimeLimit  13800
MIPGap  1e-06
NumericFocus  1
Threads  2

Optimize a model with 43667 rows, 25480 columns and 156925 nonzeros (Min)
Model fingerprint: 0x2b6978e1
Model has 15480 linear objective coefficients and an objective constant of 1.1590917765234892e+03
Variable types: 6748 continuous, 18732 integer (18536 binary)
Coefficient statistics:
  Matrix range     [1e+00, 2e+02]
  Objective range  [1e-02, 1e+03]
  Bounds range     [1e+00, 2e+02]
  RHS range        [1e+00, 2e+02]

Presolve removed 15407 rows and 7360 columns (presolve time = 5s)...
Presolve removed 29368 rows and 9230 columns (presolve time = 10s)...
Presolve removed 32738 rows and 15545 columns (presolve time = 16s)...
Presolve removed 32785 rows and 15560 columns (presolve time = 20s)...
Presolve removed 32783 rows and 15557 columns
Presolve time: 25.81s
Presolved: 10884 rows, 9923 columns, 86452 nonzeros
Variable types: 0 continuous, 9923 integer (6219 binary)
Found heuristic solution: objective 4079.7828425

Root simplex log...

Iteration    Objective       Primal Inf.    Dual Inf.      Time
       0    1.6590918e+03   5.510625e+02   0.000000e+00     28s
    2460    2.8330405e+03   0.000000e+00   0.000000e+00     29s

Root relaxation: objective 2.833040e+03, 2460 iterations, 1.13 seconds (0.15 work units)

    Nodes    |    Current Node    |     Objective Bounds      |     Work
 Expl Unexpl |  Obj  Depth IntInf | Incumbent    BestBd   Gap | It/Node Time

     0     0 2833.04048    0   91 4079.78284 2833.04048  30.6%     -   29s
H    0     0                    4077.3980160 2833.04048  30.5%     -   30s
     0     0 2850.28540    0  245 4077.39802 2850.28540  30.1%     -   34s
     0     0 2850.28742    0  236 4077.39802 2850.28742  30.1%     -   34s
     0     0 2851.63558    0  233 4077.39802 2851.63558  30.1%     -   36s
     0     0 2852.22356    0  223 4077.39802 2852.22356  30.0%     -  103s
     0     0 2852.33691    0  222 4077.39802 2852.33691  30.0%     -  104s
     0     0 2852.33823    0  218 4077.39802 2852.33823  30.0%     -  104s
     0     0 2858.57975    0  269 4077.39802 2858.57975  29.9%     -  114s
     0     0 2858.77950    0  294 4077.39802 2858.77950  29.9%     -  118s
     0     0 2858.77950    0  294 4077.39802 2858.77950  29.9%     -  118s
     0     0 2858.77950    0  294 4077.39802 2858.77950  29.9%     -  119s
     0     0 2858.77950    0  294 4077.39802 2858.77950  29.9%     -  119s
     0     0 2858.77950    0  294 4077.39802 2858.77950  29.9%     -  120s
     0     0 2858.77950    0  294 4077.39802 2858.77950  29.9%     -  121s
     0     0 2858.77950    0  294 4077.39802 2858.77950  29.9%     -  121s
     0     0 2858.77950    0  294 4077.39802 2858.77950  29.9%     -  122s
     0     0 2858.77950    0  294 4077.39802 2858.77950  29.9%     -  122s
     0     0 2858.77950    0  294 4077.39802 2858.77950  29.9%     -  123s
     0     0 2858.77950    0  294 4077.39802 2858.77950  29.9%     -  123s
     0     0 2859.06662    0  270 4077.39802 2859.06662  29.9%     -  126s
     0     0 2859.09786    0  269 4077.39802 2859.09786  29.9%     -  129s
     0     0 2859.10058    0  285 4077.39802 2859.10058  29.9%     -  132s
     0     0 2859.10064    0  285 4077.39802 2859.10064  29.9%     -  133s
     0     0 2859.10069    0  284 4077.39802 2859.10069  29.9%     -  134s
     0     0 2859.10072    0  284 4077.39802 2859.10072  29.9%     -  135s
     0     0 2859.10075    0  284 4077.39802 2859.10075  29.9%     -  135s
     0     0 2859.10078    0  281 4077.39802 2859.10078  29.9%     -  136s
     0     0 2859.10081    0  281 4077.39802 2859.10081  29.9%     -  137s
     0     0 2859.10083    0  282 4077.39802 2859.10083  29.9%     -  138s
     0     0 2859.10085    0  282 4077.39802 2859.10085  29.9%     -  139s
     0     0 2859.10087    0  284 4077.39802 2859.10087  29.9%     -  139s
     0     0 2859.10088    0  284 4077.39802 2859.10088  29.9%     -  140s
     0     0 2859.10184    0  281 4077.39802 2859.10184  29.9%     -  142s
     0     0 2859.10184    0  281 4077.39802 2859.10184  29.9%     -  143s
     0     0 2859.10184    0  281 4077.39802 2859.10184  29.9%     -  143s
     0     0 2859.10184    0  281 4077.39802 2859.10184  29.9%     -  144s
     0     0 2859.10184    0  281 4077.39802 2859.10184  29.9%     -  145s
     0     0 2859.10184    0  281 4077.39802 2859.10184  29.9%     -  145s
     0     0 2859.10184    0  281 4077.39802 2859.10184  29.9%     -  146s
     0     0 2859.10184    0  281 4077.39802 2859.10184  29.9%     -  146s
     0     0 2859.10184    0  281 4077.39802 2859.10184  29.9%     -  147s
     0     0 2859.10184    0  281 4077.39802 2859.10184  29.9%     -  148s
     0     0 2859.10184    0  281 4077.39802 2859.10184  29.9%     -  148s
     0     0 2859.10184    0  281 4077.39802 2859.10184  29.9%     -  150s
     0     0 2859.10184    0  281 4077.39802 2859.10184  29.9%     -  151s
     0     0 2859.10184    0  281 4077.39802 2859.10184  29.9%     -  152s
     0     0 2859.10184    0  281 4077.39802 2859.10184  29.9%     -  153s
     0     0 2859.10184    0  281 4077.39802 2859.10184  29.9%     -  153s
     0     0 2859.10184    0  281 4077.39802 2859.10184  29.9%     -  154s
     0     0 2859.10184    0  281 4077.39802 2859.10184  29.9%     -  155s
     0     0 2859.10184    0  281 4077.39802 2859.10184  29.9%     -  156s
     0     0 2859.10184    0  281 4077.39802 2859.10184  29.9%     -  156s
     0     0 2859.10184    0  281 4077.39802 2859.10184  29.9%     -  157s
     0     0 2859.10184    0  281 4077.39802 2859.10184  29.9%     -  158s
     0     0 2859.93112    0  324 4077.39802 2859.93112  29.9%     -  166s
     0     0 2859.93112    0  324 4077.39802 2859.93112  29.9%     -  166s
     0     0 2859.93112    0  324 4077.39802 2859.93112  29.9%     -  167s
     0     0 2859.93112    0  324 4077.39802 2859.93112  29.9%     -  168s
     0     0 2859.93112    0  324 4077.39802 2859.93112  29.9%     -  168s
     0     0 2859.93112    0  324 4077.39802 2859.93112  29.9%     -  169s
     0     0 2859.93112    0  324 4077.39802 2859.93112  29.9%     -  170s
     0     0 2859.93112    0  324 4077.39802 2859.93112  29.9%     -  170s
     0     0 2859.93112    0  324 4077.39802 2859.93112  29.9%     -  171s
     0     0 2859.93112    0  324 4077.39802 2859.93112  29.9%     -  172s
     0     0 2859.93112    0  324 4077.39802 2859.93112  29.9%     -  172s
     0     0 2862.53452    0  346 4077.39802 2862.53452  29.8%     -  183s
     0     0 2862.60540    0  365 4077.39802 2862.60540  29.8%     -  186s
     0     0 2862.88089    0  352 4077.39802 2862.88089  29.8%     -  187s
     0     0 2863.02028    0  351 4077.39802 2863.02028  29.8%     -  190s
     0     0 2863.02046    0  353 4077.39802 2863.02046  29.8%     -  191s
     0     0 2863.16354    0  368 4077.39802 2863.16354  29.8%     -  194s
     0     0 2863.16377    0  367 4077.39802 2863.16377  29.8%     -  196s
     0     0 2864.53498    0  429 4077.39802 2864.53498  29.7%     -  206s
     0     0 2864.80435    0  414 4077.39802 2864.80435  29.7%     -  213s
     0     0 2864.83491    0  398 4077.39802 2864.83491  29.7%     -  216s
     0     0 2864.83697    0  412 4077.39802 2864.83697  29.7%     -  218s
     0     0 2864.83707    0  414 4077.39802 2864.83707  29.7%     -  220s
     0     0 2867.37978    0  449 4077.39802 2867.37978  29.7%     -  231s
     0     0 2867.56880    0  449 4077.39802 2867.56880  29.7%     -  238s
     0     0 2867.59688    0  409 4077.39802 2867.59688  29.7%     -  240s
     0     0 2867.62021    0  398 4077.39802 2867.62021  29.7%     -  243s
     0     0 2867.62599    0  408 4077.39802 2867.62599  29.7%     -  246s
     0     0 2867.62689    0  411 4077.39802 2867.62689  29.7%     -  248s
     0     0 2868.33478    0  425 4077.39802 2868.33478  29.7%     -  256s
     0     0 2868.53166    0  433 4077.39802 2868.53166  29.6%     -  264s
     0     0 2868.53644    0  438 4077.39802 2868.53644  29.6%     -  266s
     0     0 2868.54198    0  441 4077.39802 2868.54198  29.6%     -  269s
     0     0 2868.54617    0  438 4077.39802 2868.54617  29.6%     -  272s
     0     0 2868.54737    0  439 4077.39802 2868.54737  29.6%     -  275s
     0     0 2869.11479    0  282 4077.39802 2869.11479  29.6%     -  280s
     0     0 2869.17903    0  329 4077.39802 2869.17903  29.6%     -  284s
     0     0 2869.18680    0  251 4077.39802 2869.18680  29.6%     -  287s
     0     0 2869.18905    0  257 4077.39802 2869.18905  29.6%     -  289s
     0     0 2869.81943    0  335 4077.39802 2869.81943  29.6%     -  295s
     0     0 2869.89378    0  265 4077.39802 2869.89378  29.6%     -  299s
     0     0 2869.90353    0  271 4077.39802 2869.90353  29.6%     -  301s
     0     0 2869.90533    0  274 4077.39802 2869.90533  29.6%     -  304s
     0     0 2870.50749    0  258 4077.39802 2870.50749  29.6%     -  309s
     0     0 2870.53636    0  350 4077.39802 2870.53636  29.6%     -  314s
     0     0 2870.54767    0  344 4077.39802 2870.54767  29.6%     -  316s
     0     0 2870.55969    0  347 4077.39802 2870.55969  29.6%     -  319s
     0     0 2870.57276    0  274 4077.39802 2870.57276  29.6%     -  321s
     0     0 2870.57332    0  274 4077.39802 2870.57332  29.6%     -  323s
     0     0 2871.53786    0  383 4077.39802 2871.53786  29.6%     -  328s
     0     0 2871.56535    0  347 4077.39802 2871.56535  29.6%     -  333s
     0     0 2871.57580    0  351 4077.39802 2871.57580  29.6%     -  335s
     0     0 2871.57729    0  350 4077.39802 2871.57729  29.6%     -  337s
     0     0 2872.25546    0  263 4077.39802 2872.25546  29.6%     -  344s
H    0     0                    4076.3576616 2872.25555  29.5%     -  347s
H    0     0                    4073.7606739 2872.25555  29.5%     -  348s
     0     0 2872.42299    0  312 4073.76067 2872.42299  29.5%     -  350s
     0     0 2872.44728    0  322 4073.76067 2872.44728  29.5%     -  352s
     0     0 2872.44812    0  330 4073.76067 2872.44812  29.5%     -  355s
     0     0 2873.03261    0  645 4073.76067 2873.03261  29.5%     -  360s
     0     0 2873.12327    0  751 4073.76067 2873.12327  29.5%     -  365s
     0     0 2873.13372    0  660 4073.76067 2873.13372  29.5%     -  367s
     0     0 2873.14122    0  758 4073.76067 2873.14122  29.5%     -  371s
     0     0 2873.14890    0  763 4073.76067 2873.14890  29.5%     -  373s
     0     0 2873.15008    0  762 4073.76067 2873.15008  29.5%     -  375s
     0     0 2874.83090    0  742 4073.76067 2874.83090  29.4%     -  382s
     0     0 2874.98742    0  674 4073.76067 2874.98742  29.4%     -  388s
     0     0 2874.99954    0  747 4073.76067 2874.99954  29.4%     -  391s
     0     0 2875.00415    0  747 4073.76067 2875.00415  29.4%     -  395s
     0     0 2875.00461    0  751 4073.76067 2875.00461  29.4%     -  397s
     0     0 2876.34870    0  795 4073.76067 2876.34870  29.4%     -  406s
     0     0 2876.56067    0  817 4073.76067 2876.56067  29.4%     -  414s
     0     0 2876.71255    0  812 4073.76067 2876.71255  29.4%     -  418s
     0     0 2876.72271    0  824 4073.76067 2876.72271  29.4%     -  420s
     0     0 2876.72327    0  827 4073.76067 2876.72327  29.4%     -  423s
     0     0 2877.13662    0  418 4073.76067 2877.13662  29.4%     -  433s
     0     0 2877.39486    0  400 4073.76067 2877.39486  29.4%     -  439s
     0     0 2877.44374    0  427 4073.76067 2877.44374  29.4%     -  442s
     0     0 2877.45690    0  458 4073.76067 2877.45690  29.4%     -  444s
     0     0 2877.46023    0  461 4073.76067 2877.46023  29.4%     -  447s
     0     0 2877.61699    0  445 4073.76067 2877.61699  29.4%     -  452s
     0     0 2877.65839    0  459 4073.76067 2877.65839  29.4%     -  457s
     0     0 2877.66623    0  425 4073.76067 2877.66623  29.4%     -  459s
     0     0 2877.67023    0  457 4073.76067 2877.67023  29.4%     -  463s
     0     0 2877.73690    0  423 4073.76067 2877.73690  29.4%     -  468s
     0     0 2877.74636    0  473 4073.76067 2877.74636  29.4%     -  474s
     0     0 2877.74820    0  474 4073.76067 2877.74820  29.4%     -  477s
     0     0 2878.04927    0  384 4073.76067 2878.04927  29.4%     -  483s
H    0     0                    3179.2527736 2878.04942  9.47%     -  487s
H    0     0                    3178.5532823 2878.04942  9.45%     -  488s
H    0     0                    3177.5600403 2878.04942  9.43%     -  488s
     0     0 2878.27509    0  433 3177.56004 2878.27509  9.42%     -  491s
     0     0 2878.37558    0  452 3177.56004 2878.37558  9.42%     -  494s
     0     0 2878.37927    0  453 3177.56004 2878.37927  9.42%     -  497s
     0     0 2878.53421    0  468 3177.56004 2878.53421  9.41%     -  502s
H    0     0                    3176.3709805 2878.54103  9.38%     -  505s
     0     0 2878.65975    0  453 3176.37098 2878.65975  9.37%     -  508s
     0     0 2878.67160    0  451 3176.37098 2878.67160  9.37%     -  511s
     0     0 2878.67369    0  481 3176.37098 2878.67369  9.37%     -  514s
     0     0 2878.92537    0  344 3176.37098 2878.92537  9.36%     -  519s
H    0     0                    3176.0764242 2878.93789  9.36%     -  522s
     0     0 2879.29730    0  447 3176.07642 2879.29730  9.34%     -  526s
     0     0 2879.40934    0  457 3176.07642 2879.40934  9.34%     -  530s
     0     0 2879.42491    0  460 3176.07642 2879.42491  9.34%     -  533s
     0     0 2879.42551    0  468 3176.07642 2879.42551  9.34%     -  536s
     0     0 2881.14996    0  432 3176.07642 2881.14996  9.29%     -  544s
H    0     0                    3172.4062400 2881.15028  9.18%     -  548s
     0     0 2881.31840    0  791 3172.40624 2881.31840  9.18%     -  552s
     0     0 2881.33848    0  462 3172.40624 2881.33848  9.17%     -  556s
     0     0 2881.34452    0  463 3172.40624 2881.34452  9.17%     -  559s
     0     0 2881.57359    0  425 3172.40624 2881.57359  9.17%     -  565s
H    0     0                    3170.5561684 2881.57587  9.11%     -  569s
     0     0 2881.61080    0  477 3170.55617 2881.61080  9.11%     -  572s
     0     0 2881.61813    0  486 3170.55617 2881.61813  9.11%     -  576s
     0     0 2881.62160    0  494 3170.55617 2881.62160  9.11%     -  579s
     0     0 2881.65862    0  493 3170.55617 2881.65862  9.11%     -  583s
     0     0 2881.66407    0  501 3170.55617 2881.66407  9.11%     -  586s
     0     0 2881.80332    0  455 3170.55617 2881.80332  9.11%     -  592s
     0     0 2881.85970    0  462 3170.55617 2881.85970  9.11%     -  597s
     0     0 2881.86280    0  461 3170.55617 2881.86280  9.11%     -  599s
     0     0 2881.89991    0  454 3170.55617 2881.89991  9.10%     -  603s
     0     0 2881.90620    0  455 3170.55617 2881.90620  9.10%     -  607s
     0     0 2881.91371    0  465 3170.55617 2881.91371  9.10%     -  611s
     0     0 2881.96088    0  446 3170.55617 2881.96088  9.10%     -  615s
     0     0 2881.96249    0  456 3170.55617 2881.96249  9.10%     -  617s
     0     0 2881.97163    0  461 3170.55617 2881.97163  9.10%     -  621s
     0     0 2881.97203    0  452 3170.55617 2881.97203  9.10%     -  629s
     0     0 2881.97203    0  451 3170.55617 2881.97203  9.10%     -  632s
     0     2 2882.05911    0  451 3170.55617 2882.05911  9.10%     -  658s
     1     4 2882.05911    1  429 3170.55617 2882.05911  9.10%  18.0  668s
     3     6 2882.05911    2  446 3170.55617 2882.05911  9.10%   619  681s
     5    16 2882.05911    3  427 3170.55617 2882.05911  9.10%   517  690s
    15    26 2882.05911    7  444 3170.55617 2882.05911  9.10%   243  697s
    25    35 2882.05911   11  447 3170.55617 2882.05911  9.10%   206  703s
    34    46 2882.05911   12  445 3170.55617 2882.05911  9.10%   211  710s
    45    52 2882.05911   13  447 3170.55617 2882.05911  9.10%   196  716s
    51    56 2882.26942   14  446 3170.55617 2882.05911  9.10%   229  728s
    55    76 2882.27097   15  444 3170.55617 2882.05911  9.10%   244  740s
    77    94 2882.28319   27  442 3170.55617 2882.05911  9.10%   224  751s
    97   113 2882.29150   32  442 3170.55617 2882.05911  9.10%   194  761s
   116   120 2883.44779   39  443 3170.55617 2882.05911  9.10%   176  770s
   123   129 2882.31350   40  440 3170.55617 2882.05911  9.10%   173  777s
   132   132 2882.32363   46  445 3170.55617 2882.05911  9.10%   169  781s
   135   147 2882.32383   47  446 3170.55617 2882.05911  9.10%   180  789s
   150   164 2882.33723   54  446 3170.55617 2882.05911  9.10%   168  797s
   167   166 2882.33893   55  447 3170.55617 2882.05911  9.10%   159  847s
   169   177 2882.33999   56  448 3170.55617 2882.05911  9.10%   157  855s
   180   189 2882.35839   66  430 3170.55617 2882.05911  9.10%   149  864s
   192   193 2882.37093   77  434 3170.55617 2882.05911  9.10%   142  878s
   196   201 2882.37640   80  433 3170.55617 2882.05911  9.10%   140  889s
   204   210 2882.39757   87  435 3170.55617 2882.05911  9.10%   137  899s
   213   214 2882.40880   94  431 3170.55617 2882.05911  9.10%   142  913s
   217   224 2882.41446   96  442 3170.55617 2882.05911  9.10%   144  924s
   227   228 2882.41992   99  443 3170.55617 2882.05911  9.10%   141  929s
   231   239 2882.42286  100  443 3170.55617 2882.05911  9.10%   146  938s
   242   244 2882.44972  108  428 3170.55617 2882.05911  9.10%   147  948s
   247   260 2882.46262  110  428 3170.55617 2882.05911  9.10%   156  958s
   263   281 2882.47763  115  424 3170.55617 2882.05911  9.10%   155  972s
   292   306 2882.48731  117  430 3170.55617 2882.05911  9.10%   146  983s
   317   325 2882.52012  125  427 3170.55617 2882.05911  9.10%   141  992s
   336   342 2882.54306  134  430 3170.55617 2882.05911  9.10%   136 1003s
   353   359 2882.55972  144  430 3170.55617 2882.05911  9.10%   134 1017s
   372   368 2882.60218  161  433 3170.55617 2882.05911  9.10%   133 1033s
   381   393 2882.61792  163  432 3170.55617 2882.05911  9.10%   135 1048s
   408   424 2882.66364  173  432 3170.55617 2882.05911  9.10%   133 1066s
   443   440 2888.20399  191  770 3170.55617 2882.05911  9.10%   137 1093s
   461   460 2882.71168  192  431 3170.55617 2882.05911  9.10%   133 1118s
   481   490 2914.43904  193  357 3170.55617 2882.05911  9.10%   140 1147s
   511   528 2914.43920  194  355 3170.55617 2882.05911  9.10%   133 1167s
   551   532 2914.47604  202  345 3170.55617 2882.05911  9.10%   132 1194s
   557   541 2914.47948  203  349 3170.55617 2882.05911  9.10%   137 1240s
   570   548 2914.48347  204  348 3170.55617 2882.05911  9.10%   135 1260s
   579   569 2914.51230  210  345 3170.55617 2882.05911  9.10%   141 1289s
   602   579 2914.56788  229  346 3170.55617 2882.05911  9.10%   143 1309s
   612   591 2915.21293  232  328 3170.55617 2882.05911  9.10%   147 1333s
   624   621 2915.25937  238  332 3170.55617 2882.05911  9.10%   149 1354s
   654   632 2915.51014  264  324 3170.55617 2882.05911  9.10%   149 1370s
   665   657 2915.53586  265  324 3170.55617 2882.05911  9.10%   154 1400s
   690   667 2915.63271  268  324 3170.55617 2882.05911  9.10%   152 1438s
   700   690 2916.35955  274  308 3170.55617 2882.05911  9.10%   151 1469s
   723   731 2916.51296  296  306 3170.55617 2882.05911  9.10%   148 1503s
   764   779 2917.07268  334  305 3170.55617 2882.05911  9.10%   141 1525s
   812   805 2919.11840  353  284 3170.55617 2882.05911  9.10%   140 1549s
   838   817 2919.44142  355  297 3170.55617 2882.05911  9.10%   144 1590s
   850   823 2919.86249  359  296 3170.55617 2882.05911  9.10%   146 1611s
   870   896 2967.47177  362  278 3170.55617 2882.05911  9.10%   150 1658s
   943   968 2973.60022  408  287 3170.55617 2882.05911  9.10%   142 1705s
  1015  1060 2970.72047  430  298 3170.55617 2882.05911  9.10%   138 1743s
  1108  1105 2973.59330  476  277 3170.55617 2882.05911  9.10%   133 1781s
  1177  1107 2975.86309  516  261 3170.55617 2882.05911  9.10%   134 1847s
  1179  1165 2976.18634  516  261 3170.55617 2882.05911  9.10%   135 1892s
  1237  1197 2978.85116  571  287 3170.55617 2882.05911  9.10%   132 1958s
  1273  1198 infeasible  598      3170.55617 2882.05911  9.10%   133 2003s
  1298  1206 2885.12789   10  370 3170.55617 2882.05911  9.10%   136 2023s
  1309  1207 2886.67247   90  233 3170.55617 2882.05911  9.10%   143 2345s
  1311  1208 2882.64603  167  394 3170.55617 2882.05911  9.10%   142 2359s
  1312  1209 2887.21971  202  775 3170.55617 2882.05911  9.10%   142 2367s
  1314  1210 2970.46122  418  487 3170.55617 2882.05911  9.10%   142 2370s
  1318  1213 2921.08898  399  577 3170.55617 2882.05911  9.10%   142 2375s
  1321  1215 2886.95799  161  643 3170.55617 2882.05911  9.10%   141 2381s
  1323  1216 2976.04993  512  626 3170.55617 2882.05911  9.10%   141 2386s
  1324  1217 2916.48710  291  874 3170.55617 2882.05911  9.10%   141 2390s
  1326  1218 2917.19337  336  885 3170.55617 2883.65167  9.05%   141 2397s
  1328  1220 2973.46964  473  923 3170.55617 2884.04530  9.04%   141 2400s
  1332  1222 2976.78943  544  901 3170.55617 2884.74540  9.01%   140 2406s
  1335  1224 2918.12296  346  934 3170.55617 2885.09780  9.00%   140 2410s
  1339  1227 2885.35783  142  937 3170.55617 2885.35783  9.00%   139 2415s
  1344  1230 2980.39001  577  941 3170.55617 2885.37106  8.99%   139 2420s
  1348  1233 2917.20909  337  727 3170.55617 2886.42435  8.96%   138 2429s
  1349  1234 2917.68001  315  961 3170.55617 2886.50943  8.96%   138 2431s
  1352  1236 2977.39022  557  971 3170.55617 2886.53453  8.96%   138 2436s
  1353  1236 2887.22731  187  765 3170.55617 2887.22731  8.94%   138 2440s
  1356  1238 2887.44843    8  955 3170.55617 2887.44843  8.93%   138 2445s
  1358  1240 2916.46555  284  955 3170.55617 2887.64893  8.92%   137 2452s
  1360  1241 2888.22709  110  967 3170.55617 2887.74893  8.92%   137 2455s
  1363  1243 2887.75450  174  978 3170.55617 2887.75450  8.92%   137 2461s
  1364  1244 2976.71424  542  969 3170.55617 2888.06239  8.91%   137 2465s
  1368  1246 2974.35784  503  993 3170.55617 2888.06239  8.91%   136 2473s
  1369  1247 2919.62173  369  982 3170.55617 2888.06239  8.91%   136 2476s
  1372  1249 2888.06929   83 1006 3170.55617 2888.06929  8.91%   136 2480s
  1374  1250 2893.82887    8  997 3170.55617 2888.18638  8.91%   136 2487s
  1377  1252 2888.19348   38 1008 3170.55617 2888.19348  8.91%   136 2492s
  1378  1253 2888.54390  153  996 3170.55617 2888.54390  8.89%   135 2497s
  1380  1254 2888.54390   21  999 3170.55617 2888.54390  8.89%   135 2500s
  1384  1257 2917.45516  300 1016 3170.55617 2888.54390  8.89%   135 2509s
  1385  1258 2919.59969  364 1014 3170.55617 2888.54390  8.89%   135 2511s
  1386  1258 2888.54390   54 1017 3170.55617 2888.54390  8.89%   135 2516s
  1388  1260 2888.54390   75 1014 3170.55617 2888.54390  8.89%   135 2520s
  1389  1260 2977.34046  556 1019 3170.55617 2888.54390  8.89%   134 2526s
  1391  1262 2972.78151  450 1020 3170.55617 2888.55871  8.89%   134 2530s
  1393  1263 2919.61635  365 1027 3170.55617 2888.61074  8.89%   134 2547s
  1395  1264 2969.14270  383 1029 3170.55617 2888.62456  8.89%   134 2551s
  1397  1266 2916.93222  330 1028 3170.55617 2888.62512  8.89%   134 2558s
  1398  1266 2888.68883   49 1027 3170.55617 2888.68883  8.89%   134 2561s
  1401  1268 2888.71066   55 1021 3170.55617 2888.71066  8.89%   133 2565s
  1402  1269 2973.47412  475 1021 3170.55617 2888.71066  8.89%   133 2570s
  1405  1271 2888.78657  204 1046 3170.55617 2888.78657  8.89%   133 2577s
  1406  1272 2888.84103   22 1005 3170.55617 2888.84103  8.89%   133 2580s
  1410  1274 2974.44205  507 1027 3170.55617 2888.85500  8.88%   132 2585s
  1412  1276 2888.85557  202 1032 3170.55617 2888.85557  8.88%   132 2593s
  1413  1276 2889.46782  147  999 3170.55617 2889.46782  8.87%   132 2598s
  1414  1277 2970.46122  418 1000 3170.55617 2889.54054  8.86%   132 2601s
  1416  1278 2889.63641  110 1296 3170.55617 2889.63641  8.86%   132 2607s
  1417  1279 2889.64478  121 1320 3170.55617 2889.64478  8.86%   132 2610s
  1420  1281 2970.73051  420  883 3170.55617 2889.64883  8.86%   131 2617s
  1421  1282 2889.83996  161  875 3170.55617 2889.83996  8.85%   131 2621s
  1423  1283 2976.04993  512 1134 3170.55617 2889.91560  8.85%   131 2625s
  1426  1285 2917.19337  336 1110 3170.55617 2889.93055  8.85%   131 2632s
  1427  1286 2889.94040  110 1173 3170.55617 2889.94040  8.85%   131 2635s
  1429  1287 2916.51831  302 1171 3170.55617 2889.94402  8.85%   131 2641s
  1430  1288 2890.09496   49 1196 3170.55617 2890.09496  8.85%   131 2645s
  1434  1290 2969.37208  396 1133 3170.55617 2890.12550  8.84%   130 2651s
  1436  1292 2890.12847  101 1137 3170.55617 2890.12847  8.84%   130 2659s
  1437  1292 2890.15118   91 1222 3170.55617 2890.15118  8.84%   130 2662s
  1439  1294 2890.17817  142 1244 3170.55617 2890.17817  8.84%   130 2665s
  1441  1295 2890.18069   47 1241 3170.55617 2890.18069  8.84%   130 2672s
  1443  1296 2914.52001  212 1250 3170.55617 2890.18162  8.84%   129 2678s
  1444  1297 2980.39001  577 1256 3170.55617 2890.18378  8.84%   129 2680s
  1446  1298 2974.47224  510 1241 3170.55617 2890.19381  8.84%   129 2686s
  1449  1300 2917.68001  315 1254 3170.55617 2890.19381  8.84%   129 2695s
  1451  1302 2916.90638  323 1245 3170.55617 2890.19458  8.84%   129 2704s
  1452  1302 2977.39022  557 1248 3170.55617 2890.19598  8.84%   129 2706s
  1453  1303 2890.19598  187 1247 3170.55617 2890.19598  8.84%   128 2711s
  1455  1304 2890.19823  144 1252 3170.55617 2890.19823  8.84%   128 2719s
  1456  1305 2890.19823    8 1246 3170.55617 2890.19823  8.84%   128 2720s
  1459  1308 2972.74465  460  233 3170.55617 2890.19823  8.84%   159 2735s
  1461  1309 2914.54595  197  393 3170.55617 2890.19823  8.84%   159 2755s
  1462  1310 2970.63872  427  755 3170.55617 2890.19823  8.84%   159 2764s
  1463  1311 2890.19823  174  755 3170.55617 2890.19823  8.84%   159 2767s
  1465  1312 2976.05136  524  780 3170.55617 2890.19823  8.84%   159 2773s
  1466  1313 2917.42373  278  767 3170.55617 2890.19823  8.84%   159 2776s
  1468  1314 2974.35784  503  815 3170.55617 2890.19823  8.84%   159 2780s
  1472  1317 2890.19823   83  662 3170.55617 2890.19823  8.84%   158 2787s
  1473  1317 2890.19823   94  659 3170.55617 2890.19823  8.84%   158 2791s
  1475  1319 2890.19823   83  869 3170.55617 2890.19823  8.84%   158 2796s
  1477  1320 2890.19823   38  899 3170.55617 2890.19823  8.84%   158 2802s
  1478  1321 2890.19823  153  984 3170.55617 2890.19823  8.84%   157 2805s
  1480  1322 2890.19823   21 1062 3170.55617 2890.19823  8.84%   157 2811s
  1482  1323 2917.26109  265 1057 3170.55617 2890.19823  8.84%   157 2816s
  1484  1325 2917.45516  300 1160 3170.55617 2890.19823  8.84%   157 2822s
  1486  1326 2890.19823   54 1060 3170.55617 2890.19823  8.84%   157 2826s
  1488  1327 2890.19823   75 1134 3170.55617 2890.19823  8.84%   156 2830s
  1491  1329 2972.78151  450 1018 3170.55617 2890.19823  8.84%   156 2835s
  1494  1331 2916.35378  273 1024 3170.55617 2890.19823  8.84%   156 2841s
  1497  1333 2916.93222  330 1227 3170.55617 2890.19823  8.84%   155 2846s
  1501  1336 2890.20071   55 1208 3170.55617 2890.20071  8.84%   155 2852s
  1502  1337 2973.47412  475  937 3170.55617 2890.22645  8.84%   155 2855s
  1504  1338 2923.46112  393 1084 3170.55617 2890.23785  8.84%   155 2860s
  1506  1339 2890.24130   22 1090 3170.55617 2890.24130  8.84%   155 2865s
  1509  1341 2890.24633   90 1095 3170.55617 2890.24633  8.84%   154 2871s
  1511  1343 2890.24633  167 1100 3170.55617 2890.24633  8.84%   154 2876s
  1513  1344 2890.24633  147 1100 3170.55617 2890.24633  8.84%   154 2883s
  1514  1345 2970.46122  418 1067 3170.55617 2890.24633  8.84%   154 2891s
  1515  1345 2890.24633  175 1077 3170.55617 2890.24633  8.84%   154 2897s
  1516  1346 2890.24816  110 1078 3170.55617 2890.24816  8.84%   153 2902s
  1517  1347 2890.24816  121 1082 3170.55617 2890.24816  8.84%   153 2906s
  1520  1349 2970.73051  420 1082 3170.55617 2890.26201  8.84%   153 2913s
  1521  1349 2890.28085  161 1087 3170.55617 2890.28085  8.84%   153 2915s
  1525  1352 2890.28604    2 1233 3170.55617 2890.28604  8.84%   153 2924s
  1526  1353 2917.19337  336 1182 3170.55617 2890.30745  8.84%   152 2926s
  1528  1354 2973.46964  473 1159 3170.55617 2890.30933  8.84%   152 2934s
  1529  1355 2916.51831  302 1153 3170.55617 2890.31125  8.84%   152 2946s
  1530  1355 2890.31125   49 1150 3170.55617 2890.31125  8.84%   152 2950s
  1533  1357 2970.99800  416 1159 3170.55617 2890.36864  8.84%   152 2955s
  1534  1358 2969.37208  396 1172 3170.55617 2890.36865  8.84%   152 2960s
  1536  1359 2890.38792  101 1164 3170.55617 2890.38792  8.84%   151 2968s
  1537  1360 2890.38792   91 1164 3170.55617 2890.38792  8.84%   151 2975s
  1539  1361 2890.43496  142 1056 3170.55617 2890.43496  8.84%   151 2980s
  1542  1363 2890.43496   37  904 3170.55617 2890.43496  8.84%   151 2986s
  1544  1365 2980.39001  577 1104 3170.55617 2890.45092  8.83%   151 2990s
  1546  1366 2974.47224  510 1117 3170.55617 2890.45234  8.83%   151 2995s
  1548  1367 2917.20909  337 1129 3170.55617 2890.45273  8.83%   150 3001s
  1550  1369 2973.00572  471 1126 3170.55617 2890.46115  8.83%   150 3006s
  1552  1370 2977.39022  557 1127 3170.55617 2890.46115  8.83%   150 3012s
  1553  1371 2890.46115  187 1126 3170.55617 2890.46115  8.83%   150 3018s
  1555  1372 2890.46115  144 1109 3170.55617 2890.46115  8.83%   150 3025s
  1556  1373 2890.47709    8 1109 3170.55617 2890.47709  8.83%   150 3034s
  1557  1376 2920.47576   26  401 3170.55617 2890.47709  8.83%   178 3042s
  1559  1378 2920.73397   27  419 3170.55617 2897.80601  8.60%   179 3045s
  1561  1380 2920.81640   28  466 3170.55617 2897.80601  8.60%   179 3052s
  1566  1381 2922.21913   30  410 3170.55617 2897.80601  8.60%   181 3055s
  1572  1383 2922.50630   31  341 3170.55617 2897.80601  8.60%   183 3062s
  1577  1386 2923.04094   33  334 3170.55617 2897.80601  8.60%   183 3067s
  1581  1387 2923.17210   34  325 3170.55617 2897.80601  8.60%   184 3072s
  1587  1393 2923.24865   35  326 3170.55617 2897.80601  8.60%   185 3092s
  1592  1395 2924.38900   37  310 3170.55617 2897.80601  8.60%   185 3100s
  1595  1397 2925.54580   37  322 3170.55617 2897.80601  8.60%   186 3108s
  1598  1403 2925.18784   38  373 3170.55617 2897.80601  8.60%   186 3112s
  1605  1404 2925.48821   39  378 3170.55617 2897.80601  8.60%   186 3127s
  1611  1406 2926.14234   40  898 3170.55617 2897.80601  8.60%   188 3133s
  1617  1408 2927.32597   40  615 3170.55617 2897.80601  8.60%   188 3139s
  1623  1409 infeasible   41      3170.55617 2897.80601  8.60%   188 3145s
  1642  1416 2974.05991   44  390 3170.55617 2897.80601  8.60%   188 3154s
  1652  1423 2974.12729   45  390 3170.55617 2897.80601  8.60%   189 3159s
  1662  1427 2974.30989   47  391 3170.55617 2897.80601  8.60%   189 3164s
  1672  1434 2974.47868   49  374 3170.55617 2897.80601  8.60%   189 3169s
  1682  1439 2974.76321   51  373 3170.55617 2897.80601  8.60%   188 3174s
  1690  1443 2974.96675   53  383 3170.55617 2897.80601  8.60%   188 3182s
  1700  1448 2977.91234   55  411 3170.55617 2897.80601  8.60%   189 3187s
  1709  1455 2980.40615   56  486 3170.55617 2897.80601  8.60%   189 3193s
  1719  1467 2978.09522   57  405 3170.55617 2897.80601  8.60%   188 3254s
  1740  1460 2978.68102   59  387 3170.55617 2897.80601  8.60%   188 3271s
  1746  1460 2978.70280   60  386 3170.55617 2902.39911  8.46%   190 3285s
  1752  1461 2979.52504   61  442 3170.55617 2920.73640  7.88%   191 3303s
  1755  1465 2979.74092   62  336 3170.55617 2920.73640  7.88%   193 3321s
  1764  1464 2987.85723   64  544 3170.55617 2920.73640  7.88%   194 3333s
  1768  1467 3034.72240   65  460 3170.55617 2920.73640  7.88%   196 3354s
  1774  1469 3086.46948   68  354 3170.55617 2920.73640  7.88%   198 3377s
  1778  1469 infeasible   69      3170.55617 2920.73640  7.88%   200 3392s
  1787  1467 3095.31498   72  438 3170.55617 2920.73640  7.88%   201 3404s
  1800  1460 infeasible   74      3170.55617 2920.73640  7.88%   203 3420s
  1810  1459 infeasible   32      3170.55617 2922.89452  7.81%   205 3439s
  1816  1463 2935.06963   33  739 3170.55617 2923.30866  7.80%   208 3472s
  1822  1464 infeasible   34      3170.55617 2924.71799  7.75%   210 3494s
  1839  1461 2929.98704   32  553 3170.55617 2924.71799  7.75%   212 3510s
  1842  1461 2930.00019   33  515 3170.55617 2924.71799  7.75%   216 3531s
  1855  1465 2955.84995   35  366 3170.55617 2924.71799  7.75%   219 3589s
  1865  1465 2957.35484   37  360 3170.55617 2924.75468  7.75%   219 3643s
  1870  1467 2958.38301   38  372 3170.55617 2924.75468  7.75%   220 3693s
  1874  1492 2959.43559   39  366 3170.55617 2924.75468  7.75%   221 3717s
  1902  1499 2967.48915   51  348 3170.55617 2924.75468  7.75%   221 3737s
  1921  1508 3070.91168   59  193 3170.55617 2924.75468  7.75%   222 3774s
  1942  1535 3067.55402   68  136 3170.55617 2924.75468  7.75%   223 3792s
  1988  1527 3142.38450   88   15 3170.55617 2925.07632  7.74%   221 3817s
  2019  1518 2932.94089   37  697 3170.55617 2925.07632  7.74%   220 3837s
  2037  1537 2933.57447   40  691 3170.55617 2925.07632  7.74%   222 3886s
  2063  1544 2980.63497   44  513 3170.55617 2925.07632  7.74%   222 3921s
  2084  1546 infeasible   50      3170.55617 2925.51241  7.73%   223 3955s
  2111  1539 2984.46321   39  494 3170.55617 2925.67394  7.72%   225 3980s
  2119  1557 2977.65578   40  530 3170.55617 2925.67394  7.72%   229 4014s
  2150  1553 3082.72320   40  420 3170.55617 2925.69027  7.72%   232 4058s
  2174  1543 infeasible   38      3170.55617 2925.86130  7.72%   235 4105s
  2182  1595 infeasible   35      3170.55617 2925.86130  7.72%   241 4140s
  2249  1579 infeasible   75      3170.55617 2925.86130  7.72%   239 4174s
  2281  1573 3036.03005   45  502 3170.55617 2928.11798  7.65%   243 4208s
  2304  1577 infeasible   42      3170.55617 2928.79332  7.63%   247 4253s
  2340  1566 infeasible   44      3170.55617 2929.50129  7.60%   251 4301s
  2345  1619 2957.52887   33  414 3170.55617 2929.80494  7.59%   254 4328s
  2436  1588 infeasible   83      3170.55617 2929.80494  7.59%   249 4369s
  2444  1594 3087.03475   33  371 3170.55617 2929.80494  7.59%   256 4411s
  2465  1596     cutoff   41      3170.55617 2929.80494  7.59%   258 4459s
  2500  1705 3040.18819   38  588 3170.55617 2931.77798  7.53%   261 4499s
  2690  1803 3037.56495   47  129 3170.55617 2933.08967  7.49%   247 4541s
  2918  1920 2961.73976   58  263 3170.55617 2933.90124  7.46%   232 4569s
  3192  2002     cutoff  114      3170.55617 2935.09896  7.43%   214 4597s
  3480  2063 3162.76894   65  106 3170.55617 2936.93465  7.37%   198 4631s
  3735  2022 3155.62947   74   99 3170.55617 2937.26467  7.36%   187 4666s
  3827  2166 2964.60680   31  462 3170.55617 2940.62263  7.25%   186 4705s
  4041  2296 2942.61640   40  252 3170.55617 2941.17601  7.23%   178 4757s
  4386  2414 infeasible   85      3170.55617 2941.40682  7.23%   168 4802s
  4757  2616 2989.83238   54  282 3170.55617 2945.56305  7.10%   157 4848s
  5194  2745 3113.17547   94   30 3170.55617 2947.44913  7.04%   146 4896s
  5586  2964 3116.68485   68  148 3170.55617 2948.23152  7.01%   137 4939s
  6064  3224 3109.63238   56  140 3170.55617 2951.61373  6.91%   127 4973s
  6459  3514 3049.12394   47  227 3170.55617 2952.57604  6.88%   121 5020s
  6864  3609     cutoff   67      3170.55617 2955.51182  6.78%   115 5047s
  7043  3834 2965.60668   39  459 3170.55617 2956.41446  6.75%   113 5087s
  7392  4121 3048.24501   57  432 3170.55617 2957.83392  6.71%   110 5186s
  7836  4299 3130.85583   51  251 3170.55617 2957.95667  6.71%   106 5226s
  8100  4480 3048.67992   61  289 3170.55617 2958.76327  6.68%   104 5266s
  8400  4688 infeasible   41      3170.55617 2959.60359  6.65%   102 5304s
  8670  4799 3009.33616   41  406 3170.55617 2959.61301  6.65%   100 5338s
  8838  4881 3087.39636   43  259 3170.55617 2959.91035  6.64%  99.2 5380s
  8977  4946 3072.17998   48  269 3170.55617 2959.96164  6.64%  98.7 5409s
  9085  5088 3072.84798   63  191 3170.55617 2959.97451  6.64%  97.9 5448s
  9365  5166 3057.84745   53  209 3170.55617 2960.72382  6.62%  97.2 5466s
  9495  5559 3113.75089   42  284 3170.55617 2961.55140  6.59%  96.5 5522s
 10075  5675 3082.65273   81  195 3170.55617 2962.22461  6.57%  92.5 5540s
 10229  6055 3169.87607   94  204 3170.55617 2962.48992  6.56%  91.6 5599s
 10814  6135 3053.19420   53  233 3170.55617 2963.65434  6.53%  88.0 5621s
 10956  6241 2973.41065   40  426 3170.55617 2963.98538  6.52%  87.3 5659s
 11152  6274 infeasible   48      3170.55617 2963.98538  6.52%  87.0 5699s
 11212  6377 3008.96740   46  751 3170.55617 2964.19143  6.51%  87.2 5737s
 11474  6566 3019.50685   37  347 3170.55617 2965.48539  6.47%  86.3 5768s
 11728  6677 2969.96813   52  273 3170.55617 2965.89174  6.46%  84.9 5788s
 11884  6680 3099.78007   54  259 3170.55617 2965.92702  6.45%  84.0 5808s
 11899  6843 3098.82566   55  178 3170.55617 2965.94019  6.45%  84.0 5842s
 12119  7020 3115.96957   76  154 3170.55617 2966.52216  6.44%  82.8 5879s
 12412  7267 3168.59182   70   36 3170.55617 2967.08076  6.42%  81.3 5911s
 12769  7270 3040.67208   35  329 3170.55617 2967.87182  6.39%  79.6 5926s
 12774  7275 3035.72532   36  273 3170.55617 2967.88436  6.39%  79.6 5935s
 12779  7357 3039.55136   38  269 3170.55617 2967.88436  6.39%  79.6 5961s
 12895  7646 3013.10179   40  303 3170.55617 2967.89544  6.39%  79.1 6009s
 13359  7678 infeasible  105      3170.55617 2968.69734  6.37%  77.3 6031s
 13420  8031 3127.30489   56  220 3170.55617 2968.69734  6.37%  77.2 6082s
 13993  8104 2974.30194   43  268 3170.55617 2970.21810  6.32%  74.8 6092s
 14078  8480 infeasible   81      3170.55617 2970.40395  6.31%  74.4 6142s
 14648  8481 3159.54047   90  233 3170.55617 2971.25307  6.29%  72.2 6592s
 14650  8482 3109.76391   59  399 3170.55617 2971.25307  6.29%  72.2 6617s
 14651  8483 3108.99383   65  821 3170.55617 2971.25307  6.29%  72.2 6630s
 14652  8484 3167.64044   64  691 3170.55617 2971.25307  6.29%  72.2 6636s
 14653  8484 3116.14925   58  790 3170.55617 2971.25307  6.29%  72.1 6641s
 14655  8486 3136.23707   77  821 3170.55617 2971.25307  6.29%  72.1 6649s
 14656  8486 3075.02958   50  852 3170.55617 2971.25307  6.29%  72.1 6653s
 14657  8487 3067.06930   58  692 3170.55617 2971.25307  6.29%  72.1 6656s
 14659  8488 3092.04586   64  679 3170.55617 2971.25307  6.29%  72.1 6660s
 14661  8490 3131.37046   68  859 3170.55617 2971.25307  6.29%  72.1 6665s
 14663  8491 3102.64223  108  675 3170.55617 2971.25307  6.29%  72.1 6671s
 14665  8492 3078.01159   51  899 3170.55617 2971.25307  6.29%  72.1 6676s
 14666  8493 3075.89661   70  865 3170.55617 2971.25307  6.29%  72.1 6681s
 14668  8494 3150.35869   68  983 3170.55617 2971.25307  6.29%  72.1 6687s
 14669  8495 3130.43694   67 1057 3170.55617 2971.25307  6.29%  72.1 6690s
 14671  8496 3014.30134   61  983 3170.55617 2971.25307  6.29%  72.1 6696s
 14673  8498 3167.01066   67  993 3170.55617 2971.25307  6.29%  72.0 6700s
 14675  8499 3009.57712   82 1042 3170.55617 2971.25307  6.29%  72.0 6707s
 14676  8500 3019.85498   57 1057 3170.55617 2971.25307  6.29%  72.0 6710s
 14679  8502 3001.07217   42 1123 3170.55617 2971.25307  6.29%  72.0 6715s
 14683  8504 3033.84978   52 1109 3170.55617 2971.25307  6.29%  72.0 6721s
 14686  8506 3107.39142   88 1116 3170.55617 2971.25307  6.29%  72.0 6725s
 14690  8509 3165.76150   52 1116 3170.55617 2971.25307  6.29%  72.0 6730s
 14694  8512 3100.45485   77 1122 3170.55617 2971.25307  6.29%  71.9 6736s
 14697  8514 3037.87165   67 1095 3170.55617 2971.25307  6.29%  71.9 6743s
 14698  8514 3161.24970   55  797 3170.55617 2971.25307  6.29%  71.9 6748s
 14699  8515 3167.12369   57  836 3170.55617 2971.25307  6.29%  71.9 6751s
 14702  8517 3138.23552   80  857 3170.55617 2971.25307  6.29%  71.9 6755s
 14705  8519 3028.16766   33  863 3170.55617 2971.25307  6.29%  71.9 6781s
 14706  8520 3137.20326   66  806 3170.55617 2971.25307  6.29%  71.9 6786s
 14708  8521 3123.66755   70 1055 3170.55617 2971.25307  6.29%  71.9 6790s
 14711  8523 3095.06729   85 1065 3170.55617 2971.25307  6.29%  71.9 6796s
 14714  8525 3052.45550   45  970 3170.55617 2971.25307  6.29%  71.8 6801s
 14718  8528 3110.53729   61  979 3170.55617 2971.25307  6.29%  71.8 6805s
 14719  8528 3037.29495   63  982 3170.55617 2971.25307  6.29%  71.8 6829s
 14720  8529 3123.08519   93 1029 3170.55617 2971.25307  6.29%  71.8 6834s
 14721  8530 3114.25044   43  933 3170.55617 2971.25307  6.29%  71.8 6836s
 14723  8531 3075.21888   62 1029 3170.55617 2971.25307  6.29%  71.8 6863s
 14724  8532 3162.98241   69 1032 3170.55617 2971.25307  6.29%  71.8 6866s
 14726  8533 3091.27216   89 1036 3170.55617 2971.25307  6.29%  71.8 6895s
 14728  8534 3068.23314   51 1043 3170.55617 2971.25307  6.29%  71.8 6920s
 14730  8536 3160.16482   72 1046 3170.55617 2971.25307  6.29%  71.8 6950s
 14732  8537 3062.66211   77 1031 3170.55617 2971.25307  6.29%  71.8 6955s
 14733  8538 3121.52837   88 1034 3170.55617 2971.25307  6.29%  71.8 6984s
 14734  8538 2996.50598   55 1041 3170.55617 2971.25307  6.29%  71.8 6988s
 14735  8539 2989.40871   45 1046 3170.55617 2971.25307  6.29%  71.7 7015s
 14736  8540 3114.51732   61 1041 3170.55617 2971.25307  6.29%  71.7 7020s
 14737  8540 3101.45921   65 1042 3170.55617 2971.25307  6.29%  71.7 7048s
 14738  8541 3139.82245   80 1038 3170.55617 2971.25307  6.29%  71.7 7053s
 14739  8542 3018.29324   50 1036 3170.55617 2971.25307  6.29%  71.7 7055s
 14742  8544 3158.83375   60 1053 3170.55617 2971.25307  6.29%  71.7 7085s
 14743  8544 3006.93242   64 1046 3170.55617 2971.25307  6.29%  71.7 7111s
 14745  8546 3118.14359   69 1055 3170.55617 2971.25307  6.29%  71.7 7138s
 14746  8546 3116.58271   73 1060 3170.55617 2971.25307  6.29%  71.7 7141s
 14747  8547 3066.73751   65 1053 3170.55617 2971.25307  6.29%  71.7 7165s
 14748  8548 3159.54047   90 1062 3170.55617 2971.25307  6.29%  71.7 7198s
 14749  8548 3104.51116   86  944 3170.55617 2971.25307  6.29%  71.7 7204s
 14750  8549 3109.76391   59  936 3170.55617 2971.25307  6.29%  71.7 7206s
 14752  8550 3167.64044   64  942 3170.55617 2971.25307  6.29%  71.7 7234s
 14753  8551 3116.14925   58  922 3170.55617 2971.25307  6.29%  71.7 7238s
 14755  8552 3136.23707   77  937 3170.55617 2971.25307  6.29%  71.6 7240s
 14756  8553 3075.02958   50  940 3170.55617 2971.25307  6.29%  71.6 7268s
 14757  8554 3067.06930   58  932 3170.55617 2971.25307  6.29%  71.6 7271s
 14760  8556 3114.59894   61  955 3170.55617 2971.25307  6.29%  71.6 7275s
 14762  8557 3107.75225   46  954 3170.55617 2971.25307  6.29%  71.6 7300s
 14764  8558 3051.68188   47  952 3170.55617 2971.25307  6.29%  71.6 7324s
 14765  8559 3078.01159   51  953 3170.55617 2971.25307  6.29%  71.6 7327s
 14766  8560 3075.89661   70  950 3170.55617 2971.25307  6.29%  71.6 7348s
 14767  8560 3166.39445   67  950 3170.55617 2971.25307  6.29%  71.6 7352s
 14768  8561 3150.35869   68  950 3170.55617 2971.25307  6.29%  71.6 7375s
 14770  8562 3061.05016   73  946 3170.55617 2971.25307  6.29%  71.6 7380s
 14771  8563 3014.30134   61  945 3170.55617 2971.25307  6.29%  71.6 7405s
 14773  8564 3167.01066   67  954 3170.55617 2971.25307  6.29%  71.6 7432s
 14774  8565 3100.48599   56  946 3170.55617 2971.25307  6.29%  71.6 7435s
 14775  8566 3009.57712   82  950 3170.55617 2971.25307  6.29%  71.6 7455s
 14777  8567 3082.54003   55  953 3170.55617 2971.25307  6.29%  71.5 7478s
 14778  8568 3108.69591   67  945 3170.55617 2971.25307  6.29%  71.5 7482s
 14779  8568 3001.07217   42  949 3170.55617 2971.25307  6.29%  71.5 7503s
 14780  8569 3012.46362   35  943 3170.55617 2971.25307  6.29%  71.5 7506s
 14783  8571 3033.84978   52  948 3170.55617 2971.25307  6.29%  71.5 7530s
 14785  8572 3137.25551   50  946 3170.55617 2971.25307  6.29%  71.5 7560s
 14788  8574 3108.45076   68  947 3170.55617 2971.25307  6.29%  71.5 7590s
 14790  8576 3165.76150   52  946 3170.55617 2971.25307  6.29%  71.5 7614s
 14791  8576 3086.28070   58  946 3170.55617 2971.25307  6.29%  71.5 7642s
 14792  8577 3041.76365   38  944 3170.55617 2971.25307  6.29%  71.5 7645s
 14794  8578 3100.45485   77  954 3170.55617 2971.25307  6.29%  71.5 7672s
 14795  8579 3139.74253   89  954 3170.55617 2971.25307  6.29%  71.5 7675s
 14796  8580 3090.37657   76  955 3170.55617 2971.25307  6.29%  71.5 7701s
 14797  8580 3037.87165   67  955 3170.55617 2971.25307  6.29%  71.4 7706s
 14798  8581 3161.24970   55  955 3170.55617 2971.25307  6.29%  71.4 7726s
 14799  8582 3167.12369   57  955 3170.55617 2971.25307  6.29%  71.4 7750s
 14800  8582 3124.31721   97  937 3170.55617 2971.25307  6.29%  71.4 7778s
 14801  8583 3083.75558   44  946 3170.55617 2971.25307  6.29%  71.4 7802s
 14802  8584 3138.23552   80  928 3170.55617 2971.25307  6.29%  71.4 7835s
 14803  8584 3101.55974   58  934 3170.55617 2971.25307  6.29%  71.4 7855s
 14805  8586 3028.16766   33  940 3170.55617 2971.25307  6.29%  71.4 7879s
 14806  8586 3137.20326   66  941 3170.55617 2971.25307  6.29%  71.4 7882s
 14807  8587 2996.60882   70  941 3170.55617 2971.25307  6.29%  71.4 7907s
 14808  8588 3123.66755   70  941 3170.55617 2971.25307  6.29%  71.4 7936s
 14809  8588 3161.94499   72  927 3170.55617 2971.25307  6.29%  71.4 7960s
 14810  8589 3049.45194   54  933 3170.55617 2971.25307  6.29%  71.4 7981s
 14811  8590 3095.06729   85  934 3170.55617 2971.25307  6.29%  71.4 7985s
 14812  8590 3110.22752   75  938 3170.55617 2971.25307  6.29%  71.4 8008s
 14813  8591 3113.40989   78  940 3170.55617 2971.25307  6.29%  71.4 8012s
 14814  8592 3052.45550   45  941 3170.55617 2971.25307  6.29%  71.4 8040s
 14816  8593 3166.47468   65  941 3170.55617 2971.25307  6.29%  71.4 8069s
 14817  8594 3105.31406   57  941 3170.55617 2971.25307  6.29%  71.3 8097s
 14818  8594 3110.53729   61  940 3170.55617 2971.25307  6.29%  71.3 8124s
 14819  8595 3037.29495   63  943 3170.55617 2971.25307  6.29%  71.3 8125s
 14820  8596 3123.08519   93  944 3170.55617 2971.25307  6.29%  71.3 8143s
 14821  8596 3114.25044   43  946 3170.55617 2971.25307  6.29%  71.3 8146s
 14822  8597 3087.27632   71  951 3170.55617 2971.25307  6.29%  71.3 8171s
 14823  8598 3075.21888   62  952 3170.55617 2971.25307  6.29%  71.3 8176s
 14824  8598 3162.98241   69  953 3170.55617 2971.25307  6.29%  71.3 8199s
 14825  8599 3092.94990   67  950 3170.55617 2971.25307  6.29%  71.3 8203s
 14826  8600 3091.27216   89  953 3170.55617 2971.25307  6.29%  71.3 8224s
 14827  8600 2997.55302   40  953 3170.55617 2971.25307  6.29%  71.3 8249s
 14828  8601 3068.23314   51  952 3170.55617 2971.25307  6.29%  71.3 8272s
 14829  8602 3016.66478   82  952 3170.55617 2971.25307  6.29%  71.3 8300s
 14830  8602 3160.16482   72  946 3170.55617 2971.25307  6.29%  71.3 8327s
 14831  8603 3045.66865   55  951 3170.55617 2971.25307  6.29%  71.3 8348s
 14832  8604 3062.66211   77  945 3170.55617 2971.25307  6.29%  71.3 8377s
 14833  8604 3121.52837   88  953 3170.55617 2971.25307  6.29%  71.3 8382s
 14834  8605 2996.50598   55  955 3170.55617 2971.25307  6.29%  71.3 8385s
 14836  8606 3114.51732   61  956 3170.55617 2971.25307  6.29%  71.3 8393s
 14837  8607 3101.45921   65  956 3170.55617 2971.25307  6.29%  71.3 8397s
 14838  8608 3139.82245   80  946 3170.55617 2971.25307  6.29%  71.2 8406s
 14839  8608 3018.29324   50  949 3170.55617 2971.25307  6.29%  71.2 8411s
 14840  8609 3097.78898   66  949 3170.55617 2971.25307  6.29%  71.2 8418s
 14841  8610 3166.09285   65  944 3170.55617 2971.25307  6.29%  71.2 8426s
 14842  8610 3158.83375   60  944 3170.55617 2971.25307  6.29%  71.2 8440s
 14843  8614 2971.25307   36  890 3170.55617 2971.25307  6.29%  74.8 8458s
 14845  8615 2971.25307   37  913 3170.55617 2971.25307  6.29%  75.0 8464s
 14847  8618 2971.25307   38  804 3170.55617 2971.25307  6.29%  75.2 8472s
 14850  8620 2971.25307   39  423 3170.55617 2971.25307  6.29%  75.4 8482s
 14853  8621 infeasible   39      3170.55617 2971.25307  6.29%  75.5 8493s
 14857  8619 2974.46567   41  633 3170.55617 2971.25307  6.29%  75.7 8504s
 14861  8618 2973.55069   41  610 3170.55617 2971.25307  6.29%  75.9 8520s
 14865  8619 2974.72505   42  635 3170.55617 2971.25307  6.29%  76.2 8535s
 14869  8620 2975.45019   43  620 3170.55617 2971.25307  6.29%  76.4 8552s
 14872  8621 2978.54148   44  668 3170.55617 2971.25307  6.29%  76.7 8560s
 14874  8619 3028.10373   44  562 3170.55617 2971.25307  6.29%  76.9 8583s
 14880  8619 2979.34471   45  563 3170.55617 2971.25307  6.29%  77.0 8592s
 14882  8620 2983.71490   45  610 3170.55617 2971.25307  6.29%  77.1 8619s
 14884  8620 2984.07088   46  666 3170.55617 2971.25307  6.29%  77.2 8623s
 14887  8621 infeasible   46      3170.55617 2971.25307  6.29%  77.2 8633s
 14891  8621 infeasible   47      3170.55617 2971.25307  6.29%  77.4 8648s
 14896  8620 3087.73491   48  544 3170.55617 2971.25307  6.29%  77.4 8654s
 14899  8621 3085.99207   48  562 3170.55617 2971.25307  6.29%  77.4 8662s
 14901  8630 3086.39172   49  555 3170.55617 2971.25307  6.29%  77.4 8676s
 14910  8635 3093.86419   50  494 3170.55617 2971.25307  6.29%  77.6 8696s
 14918  8640 3087.00858   51  590 3170.55617 2971.25307  6.29%  77.6 8710s
 14929  8638 3090.99637   53  553 3170.55617 2971.25307  6.29%  77.6 8733s
 14937  8643 3001.50668   39  503 3170.55617 2971.25307  6.29%  78.0 8746s
 14944  8649 2971.25307   40  380 3170.55617 2971.25307  6.29%  78.0 8754s
 14961  8656 2971.25307   45  358 3170.55617 2971.25307  6.29%  78.0 8764s
 14973  8664 2971.25307   49  351 3170.55617 2971.25307  6.29%  78.0 8771s
 14987  8668 2971.25307   53  304 3170.55617 2971.25307  6.29%  77.9 8782s
 15004  8672 2971.25307   63  270 3170.55617 2971.25307  6.29%  77.9 8794s
 15025  8680 2971.25307   75  266 3170.55617 2971.25307  6.29%  77.8 8805s
 15040  8694 infeasible   81      3170.55617 2971.25307  6.29%  77.8 8816s
 15071  8702 3144.71427   91  104 3170.55617 2971.25307  6.29%  77.6 8831s
 15110  8692 3152.14297  106   84 3170.55617 2971.25307  6.29%  77.5 8855s
 15134  8688 2971.25307   38  599 3170.55617 2971.25307  6.29%  77.8 8872s
 15140  8689 2971.25307   39  625 3170.55617 2971.25307  6.29%  78.0 8916s
 15143  8691 2971.25307   40  386 3170.55617 2971.25307  6.29%  78.2 8937s
 15148  8702 2971.25307   42  374 3170.55617 2971.25307  6.29%  78.3 8947s
 15161  8701 2971.25307   48  372 3170.55617 2971.25307  6.29%  78.3 8953s
 15172  8702 2971.25307   55  304 3170.55617 2971.25307  6.29%  78.4 8970s
 15185  8710 infeasible   65      3170.55617 2971.25307  6.29%  78.4 8984s
 15199  8719 2999.04642   71  271 3170.55617 2971.25307  6.29%  78.5 9016s
 15213  8724 2971.25307   77  282 3170.55617 2971.25307  6.29%  78.5 9044s
 15229  8727 2984.82089   85  276 3170.55617 2971.25307  6.29%  78.5 9074s
 15254  8719 2976.34381   45  521 3170.55617 2971.25307  6.29%  78.5 9075s
 15258  8716 3089.07082  100  275 3170.55617 2971.25307  6.29%  78.6 9099s
 15273  8727 2971.25307   39  348 3170.55617 2971.25307  6.29%  79.0 9114s
 15300  8739 2998.47844   48  233 3170.55617 2971.25307  6.29%  78.9 9125s
 15324  8743 2991.45149   55  273 3170.55617 2971.25307  6.29%  78.9 9138s
 15341  8750 2972.15015   63  282 3170.55617 2971.25307  6.29%  78.8 9151s
 15368  8759 2986.18556   71  307 3170.55617 2971.25307  6.29%  78.7 9166s
 15396  8759 3054.98833   79  262 3170.55617 2971.25307  6.29%  78.6 9199s
 15420  8757 infeasible   41      3170.55617 2971.25307  6.29%  78.7 9232s
 15449  8775 2971.25307   42  344 3170.55617 2971.25307  6.29%  78.7 9251s
 15481  8805 2971.25307   57  294 3170.55617 2971.25307  6.29%  78.6 9277s
 15537  8800 2973.02929   71  293 3170.55617 2971.25307  6.29%  78.4 9295s
 15560  8819 3049.77521   80  296 3170.55617 2971.25307  6.29%  78.4 9321s
 15590  8826 3085.77087   93  275 3170.55617 2971.25307  6.29%  78.3 9340s
 15620  8849 2971.25307   52  311 3170.55617 2971.25307  6.29%  78.2 9359s
 15667  8857 3005.03065   72  196 3170.55617 2971.25307  6.29%  78.0 9378s
 15705  8879 3065.03389   78  232 3170.55617 2971.25307  6.29%  77.9 9397s
 15750  8876     cutoff   91      3170.55617 2971.25307  6.29%  77.7 9423s
 15796  8894 2971.25307   55  345 3170.55617 2971.25307  6.29%  77.6 9442s
 15832  8987 2973.36271   72  306 3170.55617 2971.25307  6.29%  77.4 9471s
 16030  9022 3061.08940   66  297 3170.55617 2971.25307  6.29%  76.6 9506s
 16268  9094 2979.98329   58  255 3170.55617 2971.25307  6.29%  75.7 9542s
 16537  9041 3077.01394   80  265 3170.55617 2971.25307  6.29%  74.7 9569s
 16605  9178 2982.16782   62  324 3170.55617 2971.25307  6.29%  74.4 9607s
 16859  9227 2971.25307   45  400 3170.55617 2971.25307  6.29%  73.5 9646s
 17083  9427 3079.06180  114  284 3170.55617 2971.25307  6.29%  72.8 9700s
 17508  9408 3164.19015   73  133 3170.55617 2971.25307  6.29%  71.3 9730s
 17717  9687 3159.76394   82  207 3170.55617 2971.25307  6.29%  70.7 9787s
 18293  9629 3157.26956   64  197 3170.55617 2971.25307  6.29%  68.9 9831s
 18534  9757 2977.22613   52  243 3170.55617 2971.25307  6.29%  68.3 9872s
 18840  9732 3156.01008   84   69 3170.55617 2971.25307  6.29%  67.4 9908s
 18983 10165 3062.51834   79  295 3170.55617 2971.25307  6.29%  67.1 9987s
 19757  9961 3159.98893   68   98 3170.55617 2971.25307  6.29%  65.1 10014s
 19898 10165 3074.11749   59  211 3170.55617 2971.25307  6.29%  64.9 10089s
 20390 10054 3152.95167   77  148 3170.55617 2971.25307  6.29%  63.8 10121s
 20555 10012 2971.25307   42  400 3170.55617 2971.25307  6.29%  63.5 10145s
 20577 10011 2974.32318   44  537 3170.55617 2971.25307  6.29%  63.8 10182s
 20583 10013 3028.72231   46  548 3170.55617 2971.25307  6.29%  64.0 10258s
 20587 10021 3085.94779   48  580 3170.55617 2971.25307  6.29%  64.2 10292s
 20597 10020 infeasible   53      3170.55617 2971.25307  6.29%  64.4 10344s
 20609 10021 3142.41164   58  602 3170.55617 2971.25307  6.29%  64.5 10375s
 20629 10020 3142.93838   72  574 3170.55617 2971.25307  6.29%  64.6 10392s
 20661 10087 infeasible   76      3170.55617 2971.25307  6.29%  64.6 10417s
 20759 10093 3070.40570   69  260 3170.55617 2971.25307  6.29%  64.4 10447s
 20866 10065 2981.20299   46  595 3170.55617 2971.25307  6.29%  64.4 10465s
 20876 10065 3081.64512   47  506 3170.55617 2971.25307  6.29%  64.8 10531s
 20879 10065 infeasible   49      3170.55617 2971.25307  6.29%  65.3 10566s
 20886 10066 3136.85358   50  576 3170.55617 2971.25307  6.29%  65.5 10598s
 20900 10069 3142.87058   59  520 3170.55617 2971.25307  6.29%  65.7 10642s
 20935 10142 3145.33420   78  509 3170.55617 2971.25307  6.29%  65.7 10686s
 21090 10181 infeasible  124      3170.55617 2971.25307  6.29%  65.5 10742s
 21229 10141 2974.49049   46  587 3170.55617 2971.25307  6.29%  65.5 10778s
 21238 10143 2976.96859   51  490 3170.55617 2971.25307  6.29%  65.8 10808s
 21253 10202 2978.26346   55  628 3170.55617 2971.25307  6.29%  66.0 10847s
 21345 10209 2983.71344   58  699 3170.55617 2971.25307  6.29%  65.9 10891s
 21428 10183 2984.31421   58  632 3170.55617 2971.25307  6.29%  66.0 10910s
 21432 10184 3028.82830   60  584 3170.55617 2971.25307  6.29%  66.3 10939s
 21438 10182 3082.75621   63  402 3170.55617 2971.25307  6.29%  66.5 10964s
 21450 10182 2976.84263   44  570 3170.55617 2971.25307  6.29%  66.9 10994s
 21456 10181 2978.64122   46  511 3170.55617 2971.25307  6.29%  67.3 11017s
 21467 10192 2980.86228   52  499 3170.55617 2971.25307  6.29%  67.7 11033s
 21509 10208 3153.70200   63  244 3170.55617 2971.42797  6.28%  67.6 11069s
 21583 10191 2977.23324   49  691 3170.55617 2971.45053  6.28%  68.0 11110s
 21591 10194 2978.32111   52  648 3170.55617 2971.45053  6.28%  68.2 11127s
 21599 10202 2979.88823   56  582 3170.55617 2971.45053  6.28%  68.5 11168s
 21610 10201 infeasible   61      3170.55617 2971.45053  6.28%  68.8 11220s
 21617 10202 infeasible   60      3170.55617 2971.45053  6.28%  69.2 11280s
 21626 10207 3141.67904   65  680 3170.55617 2971.45053  6.28%  69.6 11354s
 21640 10203 infeasible   77      3170.55617 2971.49037  6.28%  69.8 11402s
 21656 10206 2973.14793   47  555 3170.55617 2971.49037  6.28%  70.0 11433s
 21666 10204 3025.12613   50  502 3170.55617 2971.49037  6.28%  70.4 11462s
 21675 10218 3028.25992   52  426 3170.55617 2971.49037  6.28%  70.7 11486s
 21703 10220 3028.53323   54  496 3170.55617 2971.74099  6.27%  70.8 11505s
 21724 10290 infeasible   56      3170.55617 2971.78613  6.27%  70.9 11545s
 21895 10290 3160.82653   69  141 3170.55617 2972.01191  6.26%  70.6 11664s
 22022 10423 infeasible   44      3170.55617 2972.42381  6.25%  71.1 11810s
 22404 10318 2983.02853   51  773 3170.55617 2972.74019  6.24%  71.9 11935s
 22430 10329 infeasible   59      3170.55617 2972.87349  6.23%  72.5 12077s
 22523 10432 infeasible   50      3170.55617 2973.01943  6.23%  73.3 12176s
 22756 10358 3089.77129   48  548 3170.55617 2973.56919  6.21%  74.0 12280s
 22775 10390 2986.23884   45  453 3170.55617 2973.58591  6.21%  75.0 12376s
 22852 10388 3129.34308   84  205 3170.55617 2973.80665  6.21%  76.1 12491s
 22914 10428 3139.63279   51  540 3170.55617 2974.31114  6.19%  76.7 12632s
 23016 10457 infeasible   54      3170.55617 2974.31912  6.19%  77.6 12882s
 23142 10495 2975.33196   46  530 3170.55617 2974.51048  6.18%  78.4 13028s
 23292 10487 2979.98534   52  528 3170.55617 2975.09397  6.16%  80.1 13222s
 23402 10516 3013.95044   58  347 3170.55617 2975.13960  6.16%  81.6 13400s
 23605 10486 3024.73724   58  367 3170.55617 2975.38189  6.16%  82.6 13592s
 23681 10477 3082.18951   66  386 3170.55617 2975.38189  6.16%  83.9 13756s
 23732 10479 3129.69747   51  332 3170.55617 2975.45841  6.15%  85.0 13800s

Cutting planes:
  Learned: 2
  Gomory: 4
  Cover: 220
  Implied bound: 750
  Projected implied bound: 3
  Clique: 22
  MIR: 353
  Mixing: 2
  Knapsack: 3
  StrongCG: 66
  Flow cover: 385
  GUB cover: 107
  Inf proof: 6
  Zero half: 21
  RLT: 25
  Relax-and-lift: 55
  BQP: 7
  PSD: 1

Explored 23765 nodes (2082305 simplex iterations) in 13800.33 seconds (1983.75 work units)
Thread count was 2 (of 46 available processors)

Solution count 10: 3170.56 3172.41 3176.08 ... 4077.4

Time limit reached
Best objective 3.170556168439e+03, best bound 2.975458410960e+03, gap 6.1534%

Solve summary
-------------
Status code:       9
Objective:         3170.5561684385602
Objective bound:   2975.4584109601924
MIP gap:           0.061534237879296065
Has cycle:         False
Is acyclic:        True
Packages selected: 10 active packages

Packages
--------
   I1 | inactive_singleton | S=  0, C=  0, x=  0 | tasks=[1]
   I2 | inactive_singleton | S=  0, C=  6, x=  6 | tasks=[2]
   A1 | active             | S=  6, C= 40, x= 49 | tasks=[3, 4, 5, 6, 7, 8]
   I9 | inactive_singleton | S= 40, C= 45, x=  9 | tasks=[9]
  I10 | inactive_singleton | S= 45, C= 50, x=  9 | tasks=[10]
   A2 | active             | S= 50, C= 59, x= 13 | tasks=[11, 12]
  I13 | inactive_singleton | S= 59, C= 67, x= 10 | tasks=[13]
   A3 | active             | S= 67, C= 71, x=  7 | tasks=[14]
  I15 | inactive_singleton | S= 71, C= 74, x=  5 | tasks=[15]
   A4 | active             | S= 74, C= 97, x= 31 | tasks=[16, 17, 18]
  I19 | inactive_singleton | S= 97, C=106, x= 11 | tasks=[19]
   A5 | active             | S=106, C=107, x=  1 | tasks=[20]
  I21 | inactive_singleton | S=107, C=115, x= 10 | tasks=[21]
   A6 | active             | S=115, C=147, x= 53 | tasks=[22, 23, 24, 25, 26, 27, 28]
  I29 | inactive_singleton | S=147, C=154, x=  9 | tasks=[29]
   A7 | active             | S=154, C=163, x= 12 | tasks=[30, 31]
  I32 | inactive_singleton | S=163, C=173, x= 13 | tasks=[32]
   A8 | active             | S=173, C=178, x=  5 | tasks=[33]
  I34 | inactive_singleton | S=178, C=185, x=  7 | tasks=[34]
   A9 | active             | S=185, C=206, x= 34 | tasks=[35, 36, 37, 38]
  I39 | inactive_singleton | S=206, C=208, x=  4 | tasks=[39]
  A10 | active             | S=208, C=212, x=  4 | tasks=[40]
  I41 | inactive_singleton | S=212, C=218, x= 10 | tasks=[41]
  I42 | inactive_singleton | S=218, C=218, x=  0 | tasks=[42]

Solution JSON saved to: /home/23037696r/Documents/research/or_benchmark/wp/results/inactive_0.3/j40/j401003_5.json
Finish time     : 2026-08-15T07:42:14+08:00
