Slurm job ID    : 2294
Array task ID   : 74
Host            : 23037696r-i7809a0b3cd
Start time      : 2026-08-14T20:11:40+08:00
Instance        : /home/23037696r/Documents/research/or_benchmark/wp/instances/inactive_0.3/j40/j400803_4.sm
Output JSON     : /home/23037696r/Documents/research/or_benchmark/wp/results/inactive_0.3/j40/j400803_4.json
Gurobi log      : /home/23037696r/Documents/research/or_benchmark/wp/results/inactive_0.3/j40/logs/gurobi/j400803_4.log
Allocated CPUs  : 2
Running with command-line arguments
-----------------------------------
Instance file: /home/23037696r/Documents/research/or_benchmark/wp/instances/inactive_0.3/j40/j400803_4.sm
Instance summary
----------------
Tasks:          42
Active tasks:   28
Inactive tasks: 14
Arcs:           51
Total duration: 217
Total work:     322
Active work:    211
Delta (singleton critical-path makespan): 169
Chosen deadline: 186
Feasible by singleton schedule: yes
Deadline rule: automatic: d = ceil(1.1 * Delta) = 186
Set parameter Username
Set parameter LicenseID to value 2851961
Academic license - for non-commercial use only - expires 2027-08-07
Set parameter MIPGap to value 1e-06
Set parameter TimeLimit to value 13800
Set parameter Threads to value 2
Set parameter LogFile to value "/home/23037696r/Documents/research/or_benchmark/wp/results/inactive_0.3/j40/logs/gurobi/j400803_4.log"
Set parameter NumericFocus to value 1
Gurobi Optimizer version 13.0.2 build v13.0.2rc1 (linux64 - "Ubuntu 22.04.3 LTS")

CPU model: Intel Xeon Processor (Cascadelake), instruction set [SSE2|AVX|AVX2|AVX512]
Thread count: 46 physical cores, 46 logical processors, using up to 2 threads

Non-default parameters:
TimeLimit  13800
MIPGap  1e-06
NumericFocus  1
Threads  2

Optimize a model with 42252 rows, 21756 columns and 151180 nonzeros (Min)
Model fingerprint: 0x90d33a12
Model has 13376 linear objective coefficients and an objective constant of 1.1961559576600864e+03
Variable types: 5236 continuous, 16520 integer (16324 binary)
Coefficient statistics:
  Matrix range     [1e+00, 2e+02]
  Objective range  [1e-02, 1e+03]
  Bounds range     [1e+00, 2e+02]
  RHS range        [1e+00, 2e+02]

Presolve removed 19189 rows and 7123 columns (presolve time = 5s)...
Presolve removed 29684 rows and 7622 columns (presolve time = 10s)...
Presolve removed 29684 rows and 9173 columns (presolve time = 16s)...
Presolve removed 31019 rows and 10060 columns
Presolve time: 20.00s
Presolved: 11233 rows, 11696 columns, 77553 nonzeros
Variable types: 0 continuous, 11696 integer (7398 binary)
Found heuristic solution: objective 4132.6516669

Root simplex log...

Iteration    Objective       Primal Inf.    Dual Inf.      Time
       0    1.5461560e+03   5.475625e+02   0.000000e+00     22s
    3694    2.7239044e+03   2.000441e+05   0.000000e+00     25s
    4503    2.7287788e+03   0.000000e+00   0.000000e+00     26s

Root relaxation: objective 2.728779e+03, 4503 iterations, 4.96 seconds (0.45 work units)

    Nodes    |    Current Node    |     Objective Bounds      |     Work
 Expl Unexpl |  Obj  Depth IntInf | Incumbent    BestBd   Gap | It/Node Time

     0     0 2728.77883    0  105 4132.65167 2728.77883  34.0%     -   27s
     0     0 2736.15482    0   99 4132.65167 2736.15482  33.8%     -   29s
H    0     0                    4132.4786462 2736.15482  33.8%     -   30s
     0     0 2740.16684    0  108 4132.47865 2740.16684  33.7%     -   33s
H    0     0                    4127.9778513 2740.17595  33.6%     -   33s
     0     0 2744.55078    0  112 4127.97785 2744.55078  33.5%     -   35s
     0     0 2744.55179    0  113 4127.97785 2744.55179  33.5%     -   35s
     0     0 2744.55630    0  108 4127.97785 2744.55630  33.5%     -   36s
     0     0 2744.55639    0  108 4127.97785 2744.55639  33.5%     -   37s
     0     0 2745.03446    0  209 4127.97785 2745.03446  33.5%     -   42s
     0     0 2745.03478    0  217 4127.97785 2745.03478  33.5%     -   42s
     0     0 2745.28274    0  384 4127.97785 2745.28274  33.5%     -   45s
     0     0 2745.28465    0  421 4127.97785 2745.28465  33.5%     -   45s
     0     0 2745.28470    0  415 4127.97785 2745.28470  33.5%     -   47s
     0     0 2746.04774    0  217 4127.97785 2746.04774  33.5%     -   50s
     0     0 2746.31563    0  199 4127.97785 2746.31563  33.5%     -   52s
     0     0 2746.31564    0  197 4127.97785 2746.31564  33.5%     -   52s
     0     0 2746.31868    0  216 4127.97785 2746.31868  33.5%     -   53s
     0     0 2746.32133    0  218 4127.97785 2746.32133  33.5%     -   54s
     0     0 2746.32136    0  220 4127.97785 2746.32136  33.5%     -   54s
     0     0 2748.05964    0  274 4127.97785 2748.05964  33.4%     -   58s
     0     0 2748.05965    0  274 4127.97785 2748.05965  33.4%     -   59s
     0     0 2748.05965    0  274 4127.97785 2748.05965  33.4%     -   59s
     0     0 2748.11435    0  271 4127.97785 2748.11435  33.4%     -   61s
     0     0 2748.11444    0  271 4127.97785 2748.11444  33.4%     -   61s
     0     0 2748.11486    0  274 4127.97785 2748.11486  33.4%     -   62s
     0     0 2749.05319    0  270 4127.97785 2749.05319  33.4%     -   65s
     0     0 2749.06560    0  269 4127.97785 2749.06560  33.4%     -   67s
     0     0 2749.06560    0  274 4127.97785 2749.06560  33.4%     -   68s
     0     0 2749.06560    0  276 4127.97785 2749.06560  33.4%     -   69s
     0     0 2750.26279    0  279 4127.97785 2750.26279  33.4%     -   72s
     0     0 2750.26279    0  276 4127.97785 2750.26279  33.4%     -   72s
H    0     0                    4123.1369261 2750.26295  33.3%     -   73s
     0     0 2750.26371    0  279 4123.13693 2750.26371  33.3%     -   74s
     0     0 2750.94429    0  282 4123.13693 2750.94429  33.3%     -   76s
     0     0 2750.94461    0  282 4123.13693 2750.94461  33.3%     -   76s
     0     0 2750.94466    0  282 4123.13693 2750.94466  33.3%     -   77s
     0     0 2750.94494    0  283 4123.13693 2750.94494  33.3%     -   77s
     0     0 2750.94496    0  283 4123.13693 2750.94496  33.3%     -   77s
     0     0 2750.94505    0  283 4123.13693 2750.94505  33.3%     -   78s
     0     0 2750.94508    0  282 4123.13693 2750.94508  33.3%     -   78s
     0     0 2750.96232    0  285 4123.13693 2750.96232  33.3%     -   79s
     0     0 2751.62211    0  292 4123.13693 2751.62211  33.3%     -   81s
     0     0 2751.62417    0  290 4123.13693 2751.62417  33.3%     -   83s
     0     0 2752.28342    0  297 4123.13693 2752.28342  33.2%     -   85s
     0     0 2752.28661    0  302 4123.13693 2752.28661  33.2%     -   87s
     0     0 2752.95046    0  277 4123.13693 2752.95046  33.2%     -   89s
     0     0 2752.95046    0  276 4123.13693 2752.95046  33.2%     -   89s
     0     0 2752.95046    0  277 4123.13693 2752.95046  33.2%     -   89s
     0     0 2752.95046    0  276 4123.13693 2752.95046  33.2%     -   90s
     0     0 2752.95046    0  277 4123.13693 2752.95046  33.2%     -   90s
     0     0 2752.95046    0  276 4123.13693 2752.95046  33.2%     -   90s
     0     0 2752.95046    0  277 4123.13693 2752.95046  33.2%     -   90s
     0     0 2752.95046    0  277 4123.13693 2752.95046  33.2%     -   91s
     0     0 2752.95046    0  276 4123.13693 2752.95046  33.2%     -   91s
     0     0 2752.95046    0  278 4123.13693 2752.95046  33.2%     -   91s
     0     0 2752.95046    0  275 4123.13693 2752.95046  33.2%     -   92s
     0     0 2752.95934    0  290 4123.13693 2752.95934  33.2%     -   93s
     0     0 2752.96831    0  300 4123.13693 2752.96831  33.2%     -   94s
     0     0 2752.96835    0  300 4123.13693 2752.96835  33.2%     -   94s
     0     0 2753.03350    0  297 4123.13693 2753.03350  33.2%     -   96s
     0     0 2753.03904    0  293 4123.13693 2753.03904  33.2%     -   98s
     0     0 2753.05070    0  302 4123.13693 2753.05070  33.2%     -   98s
     0     0 2753.05238    0  313 4123.13693 2753.05238  33.2%     -   99s
     0     0 2753.11441    0  430 4123.13693 2753.11441  33.2%     -  101s
     0     0 2753.20497    0  446 4123.13693 2753.20497  33.2%     -  103s
     0     0 2753.20551    0  446 4123.13693 2753.20551  33.2%     -  104s
     0     0 2753.20727    0  445 4123.13693 2753.20727  33.2%     -  104s
     0     0 2753.20732    0  445 4123.13693 2753.20732  33.2%     -  104s
     0     0 2753.20739    0  444 4123.13693 2753.20739  33.2%     -  104s
     0     0 2753.21135    0  454 4123.13693 2753.21135  33.2%     -  105s
     0     0 2753.21555    0  441 4123.13693 2753.21555  33.2%     -  105s
     0     0 2753.22125    0  439 4123.13693 2753.22125  33.2%     -  106s
     0     0 2753.22141    0  445 4123.13693 2753.22141  33.2%     -  107s
     0     0 2753.87289    0  308 4123.13693 2753.87289  33.2%     -  110s
     0     0 2753.87289    0  308 4123.13693 2753.87289  33.2%     -  110s
     0     0 2753.87289    0  308 4123.13693 2753.87289  33.2%     -  110s
     0     0 2753.87289    0  308 4123.13693 2753.87289  33.2%     -  111s
     0     0 2753.87289    0  308 4123.13693 2753.87289  33.2%     -  111s
     0     0 2753.87289    0  308 4123.13693 2753.87289  33.2%     -  111s
     0     0 2753.87289    0  308 4123.13693 2753.87289  33.2%     -  112s
     0     0 2753.87289    0  308 4123.13693 2753.87289  33.2%     -  112s
     0     0 2753.87289    0  308 4123.13693 2753.87289  33.2%     -  112s
     0     0 2753.87289    0  308 4123.13693 2753.87289  33.2%     -  113s
     0     0 2753.87289    0  308 4123.13693 2753.87289  33.2%     -  113s
     0     0 2753.99295    0  305 4123.13693 2753.99295  33.2%     -  115s
     0     0 2753.99545    0  312 4123.13693 2753.99545  33.2%     -  116s
     0     0 2754.07558    0  304 4123.13693 2754.07558  33.2%     -  118s
     0     0 2754.08117    0  302 4123.13693 2754.08117  33.2%     -  119s
     0     0 2754.08679    0  303 4123.13693 2754.08679  33.2%     -  119s
     0     0 2755.61839    0  285 4123.13693 2755.61839  33.2%     -  120s
H    0     0                    4107.4637194 2755.63246  32.9%     -  122s
     0     0 2756.86506    0  313 4107.46372 2756.86506  32.9%     -  123s
     0     0 2757.07111    0  309 4107.46372 2757.07111  32.9%     -  124s
     0     0 2757.24296    0  299 4107.46372 2757.24296  32.9%     -  125s
     0     0 2757.34299    0  343 4107.46372 2757.34299  32.9%     -  126s
     0     0 2757.34646    0  332 4107.46372 2757.34646  32.9%     -  127s
     0     0 2757.78208    0  327 4107.46372 2757.78208  32.9%     -  129s
     0     0 2757.78296    0  328 4107.46372 2757.78296  32.9%     -  129s
     0     0 2757.91548    0  323 4107.46372 2757.91548  32.9%     -  131s
     0     0 2757.92180    0  336 4107.46372 2757.92180  32.9%     -  132s
     0     0 2757.94305    0  427 4107.46372 2757.94305  32.9%     -  133s
     0     0 2757.94898    0  350 4107.46372 2757.94898  32.9%     -  134s
     0     0 2757.95320    0  354 4107.46372 2757.95320  32.9%     -  135s
     0     0 2758.87140    0  404 4107.46372 2758.87140  32.8%     -  138s
     0     0 2758.87389    0  400 4107.46372 2758.87389  32.8%     -  139s
H    0     0                    4103.5214106 2758.89713  32.8%     -  140s
     0     0 2758.98802    0  447 4103.52141 2758.98802  32.8%     -  141s
     0     0 2758.99747    0  458 4103.52141 2758.99747  32.8%     -  142s
     0     0 2758.99981    0  460 4103.52141 2758.99981  32.8%     -  143s
     0     0 2759.11580    0  427 4103.52141 2759.11580  32.8%     -  146s
     0     0 2759.15777    0  430 4103.52141 2759.15777  32.8%     -  148s
     0     0 2759.16974    0  439 4103.52141 2759.16974  32.8%     -  149s
     0     0 2759.17549    0  452 4103.52141 2759.17549  32.8%     -  150s
     0     0 2759.17586    0  465 4103.52141 2759.17586  32.8%     -  151s
     0     0 2759.26838    0  449 4103.52141 2759.26838  32.8%     -  153s
H    0     0                    4077.9883378 2759.26847  32.3%     -  155s
     0     0 2759.27306    0  455 4077.98834 2759.27306  32.3%     -  156s
     0     0 2759.34719    0  357 4077.98834 2759.34719  32.3%     -  158s
     0     0 2759.35854    0  462 4077.98834 2759.35854  32.3%     -  161s
     0     0 2759.36034    0  438 4077.98834 2759.36034  32.3%     -  161s
     0     0 2759.37436    0  473 4077.98834 2759.37436  32.3%     -  163s
     0     0 2759.37721    0  478 4077.98834 2759.37721  32.3%     -  166s
     0     0 2759.38353    0  482 4077.98834 2759.38353  32.3%     -  168s
     0     0 2759.59192    0  314 4077.98834 2759.59192  32.3%     -  170s
     0     0 2759.59192    0  307 4077.98834 2759.59192  32.3%     -  171s
H    0     0                    2999.1759070 2759.59710  7.99%     -  173s
H    0     0                    2974.7108296 2761.51637  7.17%     -  176s
     0     2 2761.51637    0  300 2974.71083 2761.51637  7.17%     -  179s
     1     4 2761.51637    1  300 2974.71083 2761.51637  7.17%   1.0  180s
H    9    10                    2967.0427626 2761.51637  6.93%   303  185s
H   11    10                    2966.8271517 2761.51637  6.92%   261  185s
H   18    21                    2965.6998180 2761.51637  6.88%   238  190s
    43    45 2800.06977   22  201 2965.69982 2761.51637  6.88%   121  195s
    58    55 2801.72650   26  110 2965.69982 2761.51637  6.88%   127  201s
    71    77 2801.87462   30  108 2965.69982 2761.51637  6.88%   119  205s
   119   106 2803.06302   54  108 2965.69982 2761.51637  6.88%  74.6  210s
   132   112 infeasible   59      2965.69982 2761.51637  6.88%  74.7  216s
   143   113 2809.28218   62  179 2965.69982 2761.51637  6.88%  88.6  220s
   156   118 2761.51637    4  206 2965.69982 2761.51637  6.88%  95.3  225s
   174   159 2768.93412   15  124 2965.69982 2761.51637  6.88%  96.1  231s
   239   229 2781.71039   42   48 2965.69982 2761.51637  6.88%  74.0  237s
   278   259 2786.72089   58   21 2965.69982 2761.51637  6.88%  65.4  240s
   308   306 2786.57740   72   22 2965.69982 2761.51637  6.88%  59.1  245s
   376   344 2786.57824  112   22 2965.69982 2761.51637  6.88%  49.5  250s
   420   374 2811.29723  149   41 2965.69982 2761.51637  6.88%  47.0  256s
   461   408 2811.31198  151   41 2965.69982 2761.51637  6.88%  43.7  261s
   471   440 2811.32028  152   41 2965.69982 2761.51637  6.88%  43.1  265s
   528   496 2811.33909  154   41 2965.69982 2761.51637  6.88%  38.7  273s
   565   516 2811.34978  155   41 2965.69982 2761.51637  6.88%  36.3  277s
   591   541 2811.36150  156   41 2965.69982 2761.51637  6.88%  35.0  282s
   616   558 infeasible  156      2965.69982 2761.51637  6.88%  34.5  289s
   653   564 2811.36150  157   41 2965.69982 2761.51637  6.88%  33.9  293s
   674   570 2811.38019  158   43 2965.69982 2761.51637  6.88%  33.7  296s
   686   586 infeasible  158      2965.69982 2761.51637  6.88%  34.0  300s
   727   633 2881.53121  160   35 2965.69982 2761.51637  6.88%  33.2  309s
   763   672 2881.53122  161   34 2965.69982 2761.51637  6.88%  32.4  318s
   818   719 2881.57104  162   16 2965.69982 2761.51637  6.88%  30.9  327s
   874   720 2815.73930   96  307 2965.69982 2761.51637  6.88%  29.0  468s
   876   721 2792.12901   75  205 2965.69982 2761.51637  6.88%  28.9  492s
   877   722 2792.32604   87  497 2965.69982 2761.51637  6.88%  28.9  505s
   879   723 2883.94884  154  518 2965.69982 2761.51637  6.88%  28.8  510s
   881   725 2793.06352  110  524 2965.69982 2761.51637  6.88%  28.8  516s
   883   726 2796.63138  116  501 2965.69982 2761.67547  6.88%  28.7  520s
   886   728 2800.16399   11  527 2965.69982 2762.46190  6.85%  28.6  525s
   889   730 2856.94822   27  536 2965.69982 2763.28461  6.83%  28.5  530s
   891   731 2783.11535   46  523 2965.69982 2765.38415  6.75%  28.4  543s
   892   732 2790.81073   88  530 2965.69982 2765.85704  6.74%  28.4  545s
   894   733 2816.37083   62  552 2965.69982 2765.87661  6.74%  28.3  550s
   895   734 2773.68908   14  595 2965.69982 2767.08761  6.70%  28.3  560s
   898   736 2793.41398  125  568 2965.69982 2767.08761  6.70%  28.2  567s
   899   737 2772.50964    3  557 2965.69982 2767.17560  6.69%  28.2  574s
   900   737 2779.64537   14  553 2965.69982 2767.17560  6.69%  28.1  576s
   903   739 2804.12691  145  564 2965.69982 2767.21977  6.69%  28.1  583s
   904   740 2802.97827   50  630 2965.69982 2767.72358  6.68%  28.0  593s
   906   741 2802.28355   31  542 2965.69982 2767.94328  6.67%  28.0  596s
   908   743 2858.49055   92  600 2965.69982 2772.60976  6.51%  27.9  609s
   909   743 2803.04025   51  529 2965.69982 2772.60976  6.51%  27.9  611s
   911   745 2796.77008   31  542 2965.69982 2772.92528  6.50%  27.8  615s
   914   747 2881.62245  162  550 2965.69982 2772.98319  6.50%  27.7  620s
   915   747 2883.94884  153  531 2965.69982 2773.31509  6.49%  27.7  626s
   918   749 2800.17743   17  582 2965.69982 2773.39134  6.48%  27.6  631s
   919   750 2858.33412   67  570 2965.69982 2773.43567  6.48%  27.6  637s
   921   751 2825.14056  129  587 2965.69982 2773.43567  6.48%  27.5  642s
   922   752 2857.98229   56  572 2965.69982 2774.26193  6.46%  27.5  649s
   923   753 2803.22810   45  572 2965.69982 2774.26193  6.46%  27.4  652s
   924   753 2793.09820  105  571 2965.69982 2774.26193  6.46%  27.4  659s
   925   754 2787.00435  134  584 2965.69982 2774.26193  6.46%  27.4  663s
   926   755 2856.13542   13  565 2965.69982 2774.26193  6.46%  27.4  668s
   929   758 2858.57493   73  307 2965.69982 2774.26193  6.46%  59.1  690s
   931   759 2858.72951   82  203 2965.69982 2774.26193  6.46%  59.0  704s
   932   760 2778.51525   13  483 2965.69982 2774.26193  6.46%  58.9  716s
   934   761 2780.77536   16  469 2965.69982 2774.26193  6.46%  58.8  720s
   937   763 2789.11814   32  484 2965.69982 2774.26193  6.46%  58.6  725s
   940   765 2793.40077  120  518 2965.69982 2774.26193  6.46%  58.4  730s
   944   768 2816.07667   78  533 2965.69982 2774.26193  6.46%  58.2  736s
   946   769 2791.33464   23  535 2965.69982 2774.26193  6.46%  58.1  745s
   949   771 2793.41398  125  557 2965.69982 2774.26193  6.46%  57.9  750s
   952   773 2779.18146   35  565 2965.69982 2774.26193  6.46%  57.7  761s
   954   775 2815.51058  108  576 2965.69982 2774.26193  6.46%  57.6  772s
   956   776 2802.04959   25  582 2965.69982 2774.26193  6.46%  57.4  777s
   957   777 2883.94884  153  590 2965.69982 2774.29610  6.45%  57.4  786s
   959   778 2813.22994  138  600 2965.69982 2774.29610  6.45%  57.3  790s
   961   779 2781.41428   23  586 2965.69982 2774.29610  6.45%  57.1  801s
   962   780 2788.95518  110  597 2965.69982 2774.29610  6.45%  57.1  805s
   963   781 2863.27481   13  595 2965.69982 2774.29610  6.45%  57.0  811s
   964   781 2811.39958  140  599 2965.69982 2774.29610  6.45%  57.0  815s
   965   782 2784.23490   28  595 2965.69982 2774.29610  6.45%  56.9  823s
   966   783 2788.87060  111  602 2965.69982 2774.29610  6.45%  56.8  827s
   967   783 2815.60625  103  599 2965.69982 2774.29610  6.45%  56.8  835s
   969   785 2788.19315  119  592 2965.69982 2774.29610  6.45%  56.7  843s
   970   785 2799.46937   35  591 2965.69982 2774.29610  6.45%  56.6  847s
   971   786 2795.58014   25  591 2965.69982 2774.29860  6.45%  56.6  858s
   972   790 2774.29860   23  589 2965.69982 2774.29860  6.45%  80.3  867s
   974   791 2798.92026   24  301 2965.69982 2774.29860  6.45%  82.3  870s
   976   797 2799.37905   25  295 2965.69982 2774.29860  6.45%  84.3  875s
   983   799 2802.81249   27  256 2965.69982 2774.29860  6.45%  85.1  880s
   996   807 2805.49135   30  401 2965.69982 2774.29860  6.45%  88.1  887s
  1000   809 2807.84372   31  506 2965.69982 2774.29860  6.45%  90.4  891s
  1007   813 2906.39518   32  433 2965.69982 2774.29860  6.45%  93.4  896s
  1015   817 2822.05746   33  398 2965.69982 2774.29860  6.45%  93.8  901s
  1020   817 infeasible   34      2965.69982 2774.29860  6.45%  94.0  931s
  1024   818 2835.82877   36  262 2965.69982 2774.29860  6.45%  94.5  953s
  1027   820 2836.02542   37  268 2965.69982 2774.29860  6.45%  95.1  962s
  1030   821 2836.49482   38  262 2965.69982 2774.29860  6.45%  97.0  967s
  1032   824 2853.52783   38  345 2965.69982 2774.29860  6.45%  97.3  974s
  1035   826 2837.76535   39  237 2965.69982 2774.29860  6.45%  97.6  980s
  1038   827 2886.13069   39  292 2965.69982 2774.29860  6.45%  98.0  985s
  1040   830 2839.17012   40  233 2965.69982 2774.29860  6.45%  97.9 1026s
  1045   830 2840.21039   42  233 2965.69982 2774.29860  6.45%   100 1037s
  1051   833 2840.21039   43  233 2965.69982 2774.29860  6.45%   100 1046s
  1060   833 2848.60128   46  218 2965.69982 2774.29860  6.45%   100 1052s
  1068   840 2850.77607   49  220 2965.69982 2774.29860  6.45%   100 1058s
  1077   842     cutoff   51      2965.69982 2774.29860  6.45%   100 1065s
  1086   841 infeasible   53      2965.69982 2774.29860  6.45%   100 1072s
  1095   839 2937.88664   56   96 2965.69982 2776.36409  6.38%   101 1078s
  1102   839 2776.66667   25  305 2965.69982 2776.36409  6.38%   101 1113s
  1106   842 2782.34755   26  248 2965.69982 2776.36409  6.38%   102 1129s
  1110   847 2776.87482   27  291 2965.69982 2776.36409  6.38%   102 1148s
  1120   849 2779.44979   30  219 2965.69982 2776.36409  6.38%   103 1157s
  1128   853 2777.44845   32  155 2965.69982 2776.36409  6.38%   103 1163s
  1136   858 2778.18222   35  199 2965.69982 2776.36409  6.38%   103 1177s
  1144   863 2778.91331   38  198 2965.69982 2776.36409  6.38%   104 1183s
  1154   873 2793.07411   41  171 2965.69982 2776.36409  6.38%   104 1192s
  1167   881 2780.08018   45  262 2965.69982 2776.36409  6.38%   103 1199s
  1179   886 2783.98487   49  170 2965.69982 2776.36409  6.38%   103 1209s
  1199   890 2788.29539   51  170 2965.69982 2776.36409  6.38%   101 1215s
  1214   896 2807.11190   55  177 2965.69982 2776.36409  6.38%   101 1224s
  1230   902 2820.04557   59  202 2965.69982 2776.36409  6.38%   100 1235s
  1274   890 infeasible   35      2965.69982 2776.36409  6.38%  98.8 1247s
  1313   901 2853.82964   40  238 2965.69982 2776.36409  6.38%  96.6 1257s
  1376   885 2922.92367   56  210 2965.69982 2776.36409  6.38%  93.2 1264s
  1389   886 2864.66140   58  263 2965.69982 2776.36409  6.38%  93.4 1273s
  1408   885 2777.96311   34  225 2965.69982 2776.36409  6.38%  93.1 1284s
  1430   906 2777.96311   35  223 2965.69982 2776.36409  6.38%  92.5 1298s
  1474   914 2818.42598   49  137 2965.69982 2776.36409  6.38%  91.3 1312s
  1516   954 2896.79413   58  125 2965.69982 2776.36409  6.38%  89.8 1326s
  1612   956 2888.61946   61   95 2965.69982 2777.32388  6.35%  86.4 1343s
  1708   963 2778.78680   25  253 2965.69982 2777.80975  6.34%  83.0 1359s
  1738   953 2823.64354   40  319 2965.69982 2777.81127  6.34%  83.1 1360s
  1750   964 2816.29537   40  188 2965.69982 2777.81177  6.34%  83.0 1371s
  1783   955 2779.68655   29  284 2965.69982 2777.81177  6.34%  82.6 1384s
  1785   956 2780.73490   30  258 2965.69982 2777.81177  6.34%  82.6 1393s
  1788   957 2781.45920   30  277 2965.69982 2777.81177  6.34%  82.8 1406s
H 1790   918                    2965.0546305 2777.81177  6.31%  82.8 1415s
  1792   923 2783.44089   32  272 2965.05463 2777.81177  6.31%  82.8 1429s
  1799   947 2791.12830   35  334 2965.05463 2777.81177  6.31%  83.0 1439s
  1825   980 2878.64569   39  108 2965.05463 2777.86201  6.31%  82.9 1455s
  1907  1018 2780.13632   30  352 2965.05463 2778.40507  6.29%  80.6 1473s
  1992  1033 2895.79750   47  302 2965.05463 2778.67035  6.29%  79.3 1491s
  2059  1102 2803.14611   40  286 2965.05463 2778.85754  6.28%  77.3 1513s
  2186  1100 2938.28414  100  106 2965.05463 2779.15038  6.27%  74.5 1530s
  2273  1131 2942.34255   55   74 2965.05463 2779.16792  6.27%  72.9 1552s
  2374  1163 2817.49540   32  278 2965.05463 2780.10974  6.24%  71.9 1576s
  2498  1167 2936.90570   54  147 2965.05463 2780.34596  6.23%  70.3 1598s
  2580  1182 2890.05746   35  226 2965.05463 2781.08122  6.20%  69.1 1621s
  2674  1200 2786.13466   35  271 2965.05463 2781.59133  6.19%  68.8 1641s
  2760  1274 2889.24011   38  271 2965.05463 2781.71934  6.18%  69.2 1672s
  2956  1225 2876.59939   28  167 2965.05463 2782.36910  6.16%  67.2 1684s
  2974  1227 2890.34566   33  288 2965.05463 2782.36910  6.16%  67.2 1702s
  3000  1307 2788.14826   54  202 2965.05463 2782.55691  6.15%  67.1 1742s
  3253  1248 2865.31268   53  247 2965.05463 2783.03642  6.14%  64.4 1762s
  3304  1350 2788.01093   37  255 2965.05463 2783.14901  6.13%  64.3 1804s
  3550  1369 2876.84188   33   72 2965.05463 2783.98368  6.11%  62.5 1829s
  3628  1478 2854.62981   45  345 2965.05463 2784.15315  6.10%  62.1 1869s
  3858  1552     cutoff   52      2965.05463 2785.15191  6.07%  60.1 1896s
  4004  1556 2948.12396   69  141 2965.05463 2785.83794  6.04%  59.0 1918s
  4042  1636 2848.68065   54  310 2965.05463 2786.13466  6.03%  58.9 1955s
  4265  1657 2947.78158   56  183 2965.05463 2786.87708  6.01%  58.3 1987s
  4342  1734 2788.89812   30  263 2965.05463 2787.41462  5.99%  58.3 2033s
  4550  1764 infeasible   42      2965.05463 2787.90313  5.97%  58.0 2069s
  4668  1846 2860.11362   43  257 2965.05463 2788.51747  5.95%  57.8 2113s
  4922  1882 2943.40539   40  101 2965.05463 2788.75181  5.95%  57.0 2159s
  5072  1934 2803.83286   46  231 2965.05463 2789.36398  5.93%  56.2 2205s
  5243  1978 2860.88260   43  202 2965.05463 2790.01806  5.90%  56.4 2242s
  5425  2036 2869.72063   51  218 2965.05463 2790.84620  5.88%  56.2 2285s
  5635  2098 2835.30767   36  333 2965.05463 2791.84628  5.84%  56.1 2336s
  5889  2140 2807.33281   42  288 2965.05463 2792.93714  5.80%  56.1 2369s
  6010  2207 2849.24098   49  248 2965.05463 2793.08373  5.80%  55.8 2428s
  6236  2235 2913.61362   51  161 2965.05463 2793.45231  5.79%  55.6 2469s
  6381  2294 2798.45587   35  224 2965.05463 2794.45245  5.75%  55.4 2523s
  6674  2330 2803.74904   36  199 2965.05463 2795.91284  5.70%  55.1 2558s
  6830  2451 2956.42691   58   91 2965.05463 2796.40891  5.69%  55.0 2623s
  7253  2508 2844.24700   51  309 2965.05463 2798.67857  5.61%  54.4 2723s
  7454  2586 2801.60860   39  210 2965.05463 2798.98591  5.60%  54.6 2780s
  7698  2657 2875.09446   48  228 2965.05463 2799.53243  5.58%  55.1 2840s
  7912  2732 2803.80621   30  422 2965.05463 2800.75823  5.54%  55.2 2912s
  8093  2759 2871.50197   36  355 2965.05463 2800.75823  5.54%  55.9 2972s
  8168  2786 2907.66301   36  365 2965.05463 2801.05508  5.53%  57.2 3027s
  8283  2812 2805.70976   32  402 2965.05463 2801.55995  5.51%  58.1 3077s
  8358  2951 2822.92464   38  291 2965.05463 2801.55995  5.51%  58.4 3156s
  8740  2967 2855.67225   28  372 2965.05463 2802.17907  5.49%  58.7 3203s
  8789  2980 infeasible   36      2965.05463 2802.21813  5.49%  60.2 3304s
  8891  3053 2809.08962   32  228 2965.05463 2802.22161  5.49%  60.5 3409s
  9060  3084 infeasible   35      2965.05463 2802.36838  5.49%  61.6 3468s
  9130  3126 2853.28648   37  279 2965.05463 2802.40516  5.49%  63.1 3525s
  9232  3146 2907.49385   42  275 2965.05463 2802.40525  5.49%  64.7 3585s
  9326  3182 2904.16159   42  272 2965.05463 2802.85002  5.47%  67.2 3650s
  9445  3226 2906.10151   32  252 2965.05463 2803.23441  5.46%  68.5 3705s
  9604  3264 2809.03251   47  181 2965.05463 2803.37077  5.45%  68.2 3790s
  9727  3300 2864.62092   34  372 2965.05463 2803.65834  5.44%  69.2 3858s
  9901  3481 2880.28414   45   63 2965.05463 2804.29787  5.42%  70.1 3968s
 10290  3674 2956.15023   43   89 2965.05463 2804.75339  5.41%  69.3 4064s
 10486  3674 2851.87413   33  299 2965.05463 2804.90205  5.40%  69.3 4065s
 10722  3741 2807.71168   39  266 2965.05463 2805.06450  5.40%  69.0 4144s
 10995  3892 infeasible   49      2965.05463 2805.19545  5.39%  68.7 4253s
 11376  3986 2826.34802   35  431 2965.05463 2805.75259  5.37%  68.0 4342s
 11794  4067 2831.89011   42  223 2965.05463 2806.43026  5.35%  67.7 4445s
 12080  4191 2811.42825   30  360 2965.05463 2806.76872  5.34%  67.3 4525s
 12414  4261 2960.12518   42  152 2965.05463 2807.37557  5.32%  67.1 4594s
 12642  4366 2822.37087   33  376 2965.05463 2807.88375  5.30%  67.1 4649s
 12967  4417 2871.28612   34  169 2965.05463 2808.37041  5.28%  66.4 4694s
 13122  4590 2870.51941   44  384 2965.05463 2808.61917  5.28%  66.5 4771s
 13643  4662 2817.17079   34  302 2965.05463 2809.73206  5.24%  65.7 4813s
 13847  4780 2904.72100   39  162 2965.05463 2810.00240  5.23%  66.0 4858s
 14224  4955 2812.83756   39  189 2965.05463 2810.87333  5.20%  65.2 4906s
 14712  4956 2856.93447   32  307 2965.05463 2811.32100  5.18%  64.0 5330s
 14714  4957 2847.06348   36  183 2965.05463 2811.32100  5.18%  64.0 5355s
 14715  4958 2811.41291   43  331 2965.05463 2811.32100  5.18%  63.9 5364s
 14716  4959 2845.81749   37  499 2965.05463 2811.32100  5.18%  63.9 5369s
 14717  4959 2855.88225   41  520 2965.05463 2811.32100  5.18%  63.9 5374s
 14718  4960 2922.34721   62  606 2965.05463 2811.32100  5.18%  63.9 5378s
 14719  4961 2900.85210   55  600 2965.05463 2811.32100  5.18%  63.9 5381s
 14721  4962 2878.74819   41  579 2965.05463 2811.32100  5.18%  63.9 5387s
 14723  4963 2823.14596   36  620 2965.05463 2811.32100  5.18%  63.9 5392s
 14725  4965 2885.43537   50  643 2965.05463 2811.32100  5.18%  63.9 5398s
 14726  4965 2849.99689   46  562 2965.05463 2811.32100  5.18%  63.9 5423s
 14727  4966 2822.43759   42  658 2965.05463 2811.32100  5.18%  63.9 5426s
 14729  4967 2872.35592   46  556 2965.05463 2811.32100  5.18%  63.9 5430s
 14732  4969 2846.15318   40  576 2965.05463 2811.32100  5.18%  63.9 5455s
 14733  4970 2878.33012   47  654 2965.05463 2811.32100  5.18%  63.9 5485s
 14736  4972 2891.29726   39  683 2965.05463 2811.32100  5.18%  63.9 5509s
 14737  4973 2876.17578   39  657 2965.05463 2811.32100  5.18%  63.9 5538s
 14738  4973 2840.28720   52  662 2965.05463 2811.32100  5.18%  63.8 5540s
 14739  4974 2915.46462   39  664 2965.05463 2811.32100  5.18%  63.8 5565s
 14740  4975 2872.66971   73  668 2965.05463 2811.32100  5.18%  63.8 5594s
 14741  4975 2895.53061   43  582 2965.05463 2811.32100  5.18%  63.8 5596s
 14744  4977 2852.15132   34  698 2965.05463 2811.32100  5.18%  63.8 5601s
 14745  4978 2930.87868   50  701 2965.05463 2811.32100  5.18%  63.8 5623s
 14746  4979 2885.33300   40  646 2965.05463 2811.32100  5.18%  63.8 5649s
 14747  4979 2876.28973   53  657 2965.05463 2811.32100  5.18%  63.8 5651s
 14748  4980 2887.72396   52  663 2965.05463 2811.32100  5.18%  63.8 5673s
 14749  4981 2841.24144   39  652 2965.05463 2811.32100  5.18%  63.8 5701s
 14750  4981 2912.80581   49  671 2965.05463 2811.32100  5.18%  63.8 5723s
 14751  4982 2823.13653   57  663 2965.05463 2811.32100  5.18%  63.8 5748s
 14752  4983 2811.50616   47  677 2965.05463 2811.32100  5.18%  63.8 5770s
 14753  4983 2871.65004   55  670 2965.05463 2811.32100  5.18%  63.8 5798s
 14754  4984 2838.43018   31  690 2965.05463 2811.32100  5.18%  63.8 5821s
 14755  4985 2864.55630   41  676 2965.05463 2811.32100  5.18%  63.8 5848s
 14756  4985 2891.30076   50  688 2965.05463 2811.32100  5.18%  63.8 5850s
 14757  4986 2930.42926   39  695 2965.05463 2811.32100  5.18%  63.8 5873s
 14758  4987 2897.86970   48  662 2965.05463 2811.32100  5.18%  63.8 5900s
 14761  4989 2853.28648   38  705 2965.05463 2811.32100  5.18%  63.7 5905s
 14762  4989 2813.22736   39  701 2965.05463 2811.32100  5.18%  63.7 5925s
 14763  4990 2946.34482   66  667 2965.05463 2811.32100  5.18%  63.7 5954s
 14764  4991 2865.18006   37  676 2965.05463 2811.32100  5.18%  63.7 5956s
 14765  4991 2879.98342   53  681 2965.05463 2811.32100  5.18%  63.7 5978s
 14766  4992 2828.30745   34  674 2965.05463 2811.32100  5.18%  63.7 6006s
 14768  4993 2944.98527   56  686 2965.05463 2811.32100  5.18%  63.7 6010s
 14769  4994 2885.43537   50  715 2965.05463 2811.32100  5.18%  63.7 6030s
 14770  4995 2883.65571   55  700 2965.05463 2811.32100  5.18%  63.7 6059s
 14771  4995 2897.46356   56  708 2965.05463 2811.32100  5.18%  63.7 6061s
 14773  4997 2906.23295   59  735 2965.05463 2811.32100  5.18%  63.7 6083s
 14774  4997 2891.88323   45  697 2965.05463 2811.32100  5.18%  63.7 6110s
 14776  4999 2837.12793   49  707 2965.05463 2811.32100  5.18%  63.7 6134s
 14777  4999 2879.75773   37  609 2965.05463 2811.32100  5.18%  63.7 6162s
 14779  5001 2915.89269   59  693 2965.05463 2811.32100  5.18%  63.7 6166s
 14781  5002 2812.82782   47  710 2965.05463 2811.32100  5.18%  63.7 6193s
 14782  5003 2927.68606   37  604 2965.05463 2811.32100  5.18%  63.7 6225s
 14784  5004 2830.63547   46  595 2965.05463 2811.32100  5.18%  63.6 6230s
 14787  5006 2854.91176   50  606 2965.05463 2811.32100  5.18%  63.6 6235s
 14789  5007 2836.43676   41  602 2965.05463 2811.32100  5.18%  63.6 6240s
 14790  5008 2867.99577   58  603 2965.05463 2811.32100  5.18%  63.6 6264s
 14791  5009 2881.52280   40  599 2965.05463 2811.32100  5.18%  63.6 6299s
 14792  5009 2874.37296   46  605 2965.05463 2811.32100  5.18%  63.6 6323s
 14793  5010 2815.92314   36  608 2965.05463 2811.32100  5.18%  63.6 6350s
 14795  5011 2926.24667   49  626 2965.05463 2811.32100  5.18%  63.6 6374s
 14796  5012 2874.19567   49  606 2965.05463 2811.32100  5.18%  63.6 6398s
 14797  5013 2844.90375  102  614 2965.05463 2811.32100  5.18%  63.6 6400s
 14799  5014 2936.39764   96  611 2965.05463 2811.32100  5.18%  63.6 6410s
 14801  5015 2853.42640   40  698 2965.05463 2811.32100  5.18%  63.6 6423s
 14802  5016 2917.82967   54  729 2965.05463 2811.32100  5.18%  63.6 6425s
 14804  5017 2884.76962   38  701 2965.05463 2811.32100  5.18%  63.6 6439s
 14805  5018 2882.50026   45  714 2965.05463 2811.32100  5.18%  63.6 6443s
 14806  5019 2920.42304   50  711 2965.05463 2811.32100  5.18%  63.6 6469s
 14807  5019 2862.04490   36  716 2965.05463 2811.32100  5.18%  63.6 6473s
 14808  5020 2865.69498   42  716 2965.05463 2811.32100  5.18%  63.5 6482s
 14809  5021 2934.99657   64  719 2965.05463 2811.32100  5.18%  63.5 6488s
 14810  5021 2897.09410   62  721 2965.05463 2811.32100  5.18%  63.5 6495s
 14812  5023 2856.93447   32  722 2965.05463 2811.32100  5.18%  63.5 6512s
 14813  5023 2873.42640   45  745 2965.05463 2811.32100  5.18%  63.5 6518s
 14814  5024 2847.06348   36  734 2965.05463 2811.32100  5.18%  63.5 6531s
 14815  5025 2811.41291   43  753 2965.05463 2811.32100  5.18%  63.5 6538s
 14816  5025 2845.81749   37  743 2965.05463 2811.32100  5.18%  63.5 6547s
 14817  5026 2855.88225   41  748 2965.05463 2811.32100  5.18%  63.5 6552s
 14818  5027 2922.34721   62  746 2965.05463 2811.32100  5.18%  63.5 6561s
 14819  5027 2900.85210   55  762 2965.05463 2811.32100  5.18%  63.5 6567s
 14820  5028 2884.82705   55  745 2965.05463 2811.32100  5.18%  63.5 6578s
 14821  5029 2878.74819   41  760 2965.05463 2811.32100  5.18%  63.5 6584s
 14822  5029 2814.21833   49  754 2965.05463 2811.32100  5.18%  63.5 6593s
 14823  5030 2823.14596   36  761 2965.05463 2811.32100  5.18%  63.5 6598s
 14824  5031 2859.67497   44  721 2965.05463 2811.32100  5.18%  63.5 6609s
 14825  5031 2885.43537   50  735 2965.05463 2811.32100  5.18%  63.5 6612s
 14826  5032 2849.99689   46  755 2965.05463 2811.32100  5.18%  63.5 6617s
 14827  5033 2822.43759   42  751 2965.05463 2811.32100  5.18%  63.5 6628s
 14828  5033 2885.99334   47  766 2965.05463 2811.32100  5.18%  63.5 6632s
 14829  5034 2872.35592   46  754 2965.05463 2811.32100  5.18%  63.5 6643s
 14830  5035 2863.31830   47  763 2965.05463 2811.32100  5.18%  63.5 6647s
 14831  5035 2920.56649   51  763 2965.05463 2811.32100  5.18%  63.4 6654s
 14832  5036 2846.15318   40  774 2965.05463 2811.32100  5.18%  63.4 6659s
 14833  5037 2878.33012   47  764 2965.05463 2811.32100  5.18%  63.4 6669s
 14834  5037 2840.76666   35  769 2965.05463 2811.32100  5.18%  63.4 6673s
 14835  5038 2914.57468   52  773 2965.05463 2811.32100  5.18%  63.4 6681s
 14836  5039 2891.29726   39  777 2965.05463 2811.32100  5.18%  63.4 6685s
 14837  5039 2876.17578   39  767 2965.05463 2811.32100  5.18%  63.4 6693s
 14838  5040 2840.28720   52  776 2965.05463 2811.32100  5.18%  63.4 6696s
 14839  5041 2915.46462   39  773 2965.05463 2811.32100  5.18%  63.4 6705s
 14841  5042 2895.53061   43  769 2965.05463 2811.32100  5.18%  63.4 6718s
 14842  5043 2838.63538   58  773 2965.05463 2811.32100  5.18%  63.4 6722s
 14843  5043 2863.03921   56  763 2965.05463 2811.32100  5.18%  63.4 6729s
 14844  5044 2852.15132   34  786 2965.05463 2811.32100  5.18%  63.4 6732s
 14845  5045 2930.87868   50  772 2965.05463 2811.32100  5.18%  63.4 6740s
 14847  5046 2876.28973   53  779 2965.05463 2811.32100  5.18%  63.4 6749s
 14848  5047 2887.72396   52  789 2965.05463 2811.32100  5.18%  63.4 6753s
 14849  5047 2841.24144   39  776 2965.05463 2811.32100  5.18%  63.4 6760s
 14851  5049 2823.13653   57  778 2965.05463 2811.32100  5.18%  63.4 6768s
 14852  5049 2811.50616   47  784 2965.05463 2811.32100  5.18%  63.4 6772s
 14853  5050 2871.65004   55  783 2965.05463 2811.32100  5.18%  63.4 6779s
 14854  5051 2838.43018   31  791 2965.05463 2811.32100  5.18%  63.3 6783s
 14855  5051 2864.55630   41  785 2965.05463 2811.32100  5.18%  63.3 6793s
 14856  5052 2891.30076   50  784 2965.05463 2811.32100  5.18%  63.3 6797s
 14857  5053 2930.42926   39  766 2965.05463 2811.32100  5.18%  63.3 6808s
 14858  5053 2897.86970   48  773 2965.05463 2811.32100  5.18%  63.3 6813s
 14859  5054 2871.98817   40  771 2965.05463 2811.32100  5.18%  63.3 6821s
 14860  5055 2908.12883   48  780 2965.05463 2811.32100  5.18%  63.3 6826s
 14861  5055 2853.28648   38  771 2965.05463 2811.32100  5.18%  63.3 6839s
 14862  5056 2813.22736   39  780 2965.05463 2811.32100  5.18%  63.3 6845s
 14863  5057 2946.34482   66  778 2965.05463 2811.32100  5.18%  63.3 6853s
 14864  5057 2865.18006   37  791 2965.05463 2811.32100  5.18%  63.3 6858s
 14865  5058 2879.98342   53  783 2965.05463 2811.32100  5.18%  63.3 6870s
 14866  5059 2828.30745   34  792 2965.05463 2811.32100  5.18%  63.3 6876s
 14867  5059 2914.52251   57  783 2965.05463 2811.32100  5.18%  63.3 6884s
 14868  5060 2944.98527   56  792 2965.05463 2811.32100  5.18%  63.3 6889s
 14869  5061 2885.43537   50  778 2965.05463 2811.32100  5.18%  63.3 6898s
 14870  5061 2883.65571   55  783 2965.05463 2811.32100  5.18%  63.3 6902s
 14871  5062 2897.46356   56  781 2965.05463 2811.32100  5.18%  63.3 6909s
 14872  5063 2931.83846   51  789 2965.05463 2811.32100  5.18%  63.3 6913s
 14873  5063 2906.23295   59  781 2965.05463 2811.32100  5.18%  63.3 6919s
 14874  5064 2891.88323   45  779 2965.05463 2811.32100  5.18%  63.3 6927s
 14875  5065 2920.95531   64  779 2965.05463 2811.32100  5.18%  63.3 6937s
 14876  5068 2811.32100   32  359 2965.05463 2811.32100  5.18%  67.3 6949s
 14878  5070 2811.32100   33  319 2965.05463 2811.32100  5.18%  67.4 6952s
 14880  5072 2811.32100   34  313 2965.05463 2811.32100  5.18%  67.5 6956s
 14884  5074 2811.32100   35  314 2965.05463 2811.32100  5.18%  67.5 6961s
 14891  5077 2811.32100   37  313 2965.05463 2811.32100  5.18%  67.5 6965s
 14911  5078 2855.54721   42  186 2965.05463 2811.32100  5.18%  67.5 6970s
 14928  5080 2872.89990   46  284 2965.05463 2811.32100  5.18%  67.5 6976s
 14937  5085 2811.32100   48  314 2965.05463 2811.32100  5.18%  67.6 6981s
 14952  5086 2811.32100   50  301 2965.05463 2811.32100  5.18%  67.6 6989s
 14960  5084 2811.32100   51  301 2965.05463 2811.32100  5.18%  67.6 6998s
 14971  5083 2811.32100   52  281 2965.05463 2811.32100  5.18%  67.6 7000s
 14985  5091 2870.09172   56  236 2965.05463 2811.32100  5.18%  67.6 7009s
 14993  5091 2811.32100   58  279 2965.05463 2811.32100  5.18%  67.7 7011s
 15000  5103 2865.09757   60  235 2965.05463 2811.32100  5.18%  67.7 7017s
 15016  5099 infeasible   61      2965.05463 2811.32100  5.18%  67.6 7021s
 15034  5093 2930.18359   54  116 2965.05463 2811.32100  5.18%  67.6 7028s
 15043  5091 2937.22090   56   26 2965.05463 2811.32100  5.18%  67.6 7032s
 15052  5091 2811.32100   36  307 2965.05463 2811.32100  5.18%  67.5 7036s
 15061  5090 2818.58325   37  301 2965.05463 2811.32100  5.18%  67.5 7044s
 15082  5086 2845.42915   39  306 2965.05463 2811.32100  5.18%  67.5 7047s
 15087  5089 2871.63323   42  281 2965.05463 2811.32100  5.18%  67.5 7050s
 15093  5098 2951.48731   44  211 2965.05463 2811.32100  5.18%  67.5 7055s
 15106  5095 2913.54864   45  280 2965.05463 2811.32100  5.18%  67.5 7063s
 15118  5093 2960.40199   45   95 2965.05463 2811.32100  5.18%  67.5 7067s
 15121  5094 infeasible   46      2965.05463 2811.32100  5.18%  67.5 7071s
 15125  5095 2934.94524   46  290 2965.05463 2811.32100  5.18%  67.5 7075s
 15129  5102 2956.87122   46  165 2965.05463 2811.32100  5.18%  67.4 7080s
 15138  5097 2962.68669   47   97 2965.05463 2811.32100  5.18%  67.4 7088s
 15153  5094 2964.04247   47  105 2965.05463 2811.32100  5.18%  67.4 7093s
 15158  5096     cutoff   50      2965.05463 2811.32100  5.18%  67.4 7099s
 15164  5101 2811.32100   40  334 2965.05463 2811.32100  5.18%  67.5 7103s
 15171  5119 infeasible   44      2965.05463 2811.32100  5.18%  67.5 7114s
 15216  5102 2888.73371   49  111 2965.05463 2811.32100  5.18%  67.4 7121s
 15229  5118 2818.93981   38  221 2965.05463 2811.32100  5.18%  67.4 7130s
 15250  5123 2927.23250   51   95 2965.05463 2811.32100  5.18%  67.4 7137s
 15275  5122 2872.09494   55  280 2965.05463 2811.32100  5.18%  67.4 7145s
 15291  5144 2867.91558   39  243 2965.05463 2811.32100  5.18%  67.4 7158s
 15341  5133 2942.17214   59  113 2965.05463 2811.32100  5.18%  67.3 7169s
 15362  5139 2811.32100   40  365 2965.05463 2811.32100  5.18%  67.3 7174s
 15375  5147 2845.30046   45  317 2965.05463 2811.32100  5.18%  67.4 7183s
 15394  5156 2870.86960   52  314 2965.05463 2811.32100  5.18%  67.3 7194s
 15423  5161 2868.03259   43  284 2965.05463 2811.32100  5.18%  67.3 7206s
 15458  5160 2818.41252   44  248 2965.05463 2811.32100  5.18%  67.2 7217s
 15496  5160 2814.17594   41  295 2965.05463 2811.32100  5.18%  67.2 7221s
 15509  5168 2825.01025   48  134 2965.05463 2811.32100  5.18%  67.2 7231s
 15538  5167 2820.02860   44  267 2965.05463 2811.32100  5.18%  67.2 7237s
 15555  5185 2812.30156   40  372 2965.05463 2811.32100  5.18%  67.2 7252s
 15610  5187 2815.46050   45  321 2965.05463 2811.32100  5.18%  67.0 7267s
 15658  5207 2888.23505   55  268 2965.05463 2811.32100  5.18%  66.9 7287s
 15738  5206 2954.80240   48  164 2965.05463 2811.32100  5.18%  66.7 7304s
 15797  5209 2952.51573   76   58 2965.05463 2811.32100  5.18%  66.7 7322s
 15856  5197 2811.32100   35  326 2965.05463 2811.32100  5.18%  66.7 7341s
 15863  5204 2811.32100   36  326 2965.05463 2811.32100  5.18%  66.7 7360s
 15877  5215 2811.32100   41  320 2965.05463 2811.32100  5.18%  66.7 7376s
 15913  5232 2874.08971   41  223 2965.05463 2811.32100  5.18%  66.6 7398s
 16002  5219 2842.18916   48  314 2965.05463 2811.32100  5.18%  66.5 7411s
 16022  5241 2865.06457   59  311 2965.05463 2811.32100  5.18%  66.6 7457s
 16082  5224 2811.32100   37  344 2965.05463 2811.32100  5.18%  66.5 7475s
 16085  5246 2811.32100   38  349 2965.05463 2811.32100  5.18%  66.5 7490s
 16109  5246 2878.42501   56  344 2965.05463 2811.32100  5.18%  66.4 7504s
 16141  5253 2884.54755   43  210 2965.05463 2811.32100  5.18%  66.5 7528s
 16179  5255 2811.32100   39  430 2965.05463 2811.32100  5.18%  66.5 7549s
 16212  5256 2924.15017   68   77 2965.05463 2811.32100  5.18%  66.5 7573s
 16247  5295 2867.33192   53  288 2965.05463 2811.32100  5.18%  66.5 7609s
 16367  5284 2843.60793   41  322 2965.05463 2811.32100  5.18%  66.6 7624s
 16412  5306 2931.41590   55   31 2965.05463 2811.32100  5.18%  66.6 7649s
 16473  5339 2817.52657   45  339 2965.05463 2811.32100  5.18%  66.6 7674s
 16557  5365     cutoff   49      2965.05463 2811.32100  5.18%  66.4 7725s
 16693  5380 2821.21594   43  342 2965.05463 2811.32100  5.18%  66.2 7763s
 16775  5390 2821.01284   46  337 2965.05463 2811.32100  5.18%  66.0 7815s
 16866  5443 2813.82351   49  249 2965.05463 2811.32100  5.18%  65.9 7864s
 17018  5425 2906.59148   46  151 2965.05463 2811.99619  5.16%  65.7 7896s
 17095  5489 2831.42243   53  266 2965.05463 2812.29579  5.15%  65.6 7946s
 17237  5564 2828.50723   43  290 2965.05463 2812.83021  5.13%  65.5 8002s
 17446  5577 2930.44616   66   51 2965.05463 2813.73935  5.10%  65.1 8051s
 17583  5605 2883.23637   56  173 2965.05463 2813.92778  5.10%  64.9 8101s
 17716  5670 2906.59967   56  136 2965.05463 2815.43311  5.05%  64.6 8178s
 17968  5655     cutoff   70      2965.05463 2816.72976  5.00%  64.2 8226s
 18122  5693 2858.28709   52   73 2965.05463 2816.78565  5.00%  64.0 8299s
 18409  5737 2857.27197   57  207 2965.05463 2818.57519  4.94%  63.5 8388s
 18712  5758 2944.77443   58   59 2965.05463 2819.44962  4.91%  62.9 8480s
 19022  5715 2926.40889   49  133 2965.05463 2822.45657  4.81%  62.7 8556s
 19172  5790 2877.39808   50  211 2965.05463 2823.26447  4.78%  62.8 8630s
 19434  5808 2853.89282   50  201 2965.05463 2826.96204  4.66%  62.5 8696s
 19627  5827 2952.69399   58  247 2965.05463 2828.04858  4.62%  62.2 8744s
 19823  5895 2870.78646   47  246 2965.05463 2828.76285  4.60%  62.1 8818s
 20163  5869 2897.24116   58  226 2965.05463 2831.31648  4.51%  61.8 8884s
 20353  5917 2847.13443   49  302 2965.05463 2831.51061  4.50%  61.8 8949s
 20576  5947 2854.15318   46  340 2965.05463 2835.48014  4.37%  61.6 9015s
 20779  6072 2935.23696   43  238 2965.05463 2836.75630  4.33%  61.5 9124s
 21220  6076 2922.80654   60  224 2965.05463 2838.72865  4.26%  60.9 9224s
 21557  6037 2934.91444   74   55 2965.05463 2839.69211  4.23%  60.7 9271s
 21701  6040 infeasible   66      2965.05463 2839.79145  4.22%  60.6 9344s
 21746  6025 2847.51377   65  300 2965.05463 2840.86253  4.19%  60.5 9345s
 21897  6115 2939.57890   44  105 2965.05463 2840.90469  4.19%  60.4 9460s
 22317  6123 2913.48139   57  129 2965.05463 2842.14791  4.15%  59.9 9620s
 22725  6066 2930.58932   69  230 2965.05463 2843.56165  4.10%  59.6 9698s
 22978  6076 2904.95117   51  146 2965.05463 2843.72669  4.09%  59.3 9752s
 23216  6147 2864.60436   50  297 2965.05463 2845.71683  4.02%  59.0 9830s
 23654  6092 infeasible   66      2965.05463 2847.14900  3.98%  58.5 9898s
 23966  6077 2928.94130   63  153 2965.05463 2847.95081  3.95%  58.2 9951s
 24226  6043 2942.37398   60   85 2965.05463 2848.76869  3.92%  58.0 9987s
 24360  6200 2942.67250   56  222 2965.05463 2849.09006  3.91%  57.9 10061s
 24808  6102 2927.52970   68  155 2965.05463 2849.49716  3.90%  57.5 10098s
 24980  6235 2850.18236   50  366 2965.05463 2850.08392  3.88%  57.3 10162s
 25388  6175 infeasible   59      2965.05463 2850.42865  3.87%  56.8 10198s
 25563  6195 2896.74878   59  265 2965.05463 2850.61299  3.86%  56.6 10235s
 25747  6142     cutoff   62      2965.05463 2850.92226  3.85%  56.4 10267s
 25859  6165 2852.89094   56  256 2965.05463 2850.98079  3.85%  56.3 10304s
 26015  6195 2921.18613   55  226 2965.05463 2851.14248  3.84%  56.2 10348s
 26223  6186 infeasible   65      2965.05463 2851.48185  3.83%  56.0 10389s
 26418  6196 2890.46936   61  212 2965.05463 2851.87139  3.82%  55.8 10448s
 26687  6169 2926.44705   63  227 2965.05463 2852.17382  3.81%  55.6 10488s
 26871  6182     cutoff   67      2965.05463 2852.33114  3.80%  55.4 10547s
 27091  6131 2854.50916   41  410 2965.05463 2852.52380  3.80%  55.2 10582s
 27150  6117 2906.12741   46  412 2965.05463 2852.52380  3.80%  55.2 10605s
 27168  6129 infeasible   51      2965.05463 2852.70441  3.79%  55.6 10641s
 27207  6125 2856.07752   41  455 2965.05463 2853.10829  3.78%  55.8 10680s
 27242  6141 2919.50022   51  150 2965.05463 2853.31076  3.77%  56.1 10712s
 27301  6132 2929.03299   45  434 2965.05463 2853.31076  3.77%  56.4 10731s
 27341  6165 infeasible   39      2965.05463 2853.50915  3.76%  56.7 10759s
 27463  6151 2857.76344   37  568 2965.05463 2853.84624  3.75%  56.8 10777s
 27530  6163 2946.35103   61  390 2965.05463 2853.96079  3.75%  57.0 10809s
 27628  6148 2933.29909   69  285 2965.05463 2854.03066  3.74%  57.1 10837s
 27725  6130 2885.16493   46  400 2965.05463 2854.03066  3.74%  57.1 10861s
 27772  6130 2918.52960   48  371 2965.05463 2854.34655  3.73%  57.3 10887s
 27814  6120 2884.01487   42  401 2965.05463 2854.45733  3.73%  57.5 10923s
 27836  6115 2938.54955   51  371 2965.05463 2854.45733  3.73%  57.8 10947s
 27846  6142 2945.09876   56  361 2965.05463 2854.45733  3.73%  58.1 10976s
 27925  6153 2912.21200   48  379 2965.05463 2854.66635  3.72%  58.3 11043s
 28020  6132 2858.68187   44  388 2965.05463 2854.78629  3.72%  58.4 11149s
 28032  6146 2861.17520   50  181 2965.05463 2854.82562  3.72%  58.5 11181s
 28127  6155 2884.24965   63  212 2965.05463 2854.84694  3.72%  58.5 11204s
 28211  6163 2877.00780   51  337 2965.05463 2854.89958  3.72%  58.5 11240s
 28294  6143 2903.47804   48  372 2965.05463 2855.01064  3.71%  58.5 11264s
 28327  6146 2857.59078   47  397 2965.05463 2855.01064  3.71%  58.8 11288s
 28352  6146 2859.48148   56  411 2965.05463 2855.01064  3.71%  58.9 11341s
 28377  6147 2883.70367   49  408 2965.05463 2855.02284  3.71%  59.1 11398s
 28398  6151 2870.28734   53  580 2965.05463 2855.02284  3.71%  59.3 11435s
 28443  6170 2924.51090   62  374 2965.05463 2855.20133  3.70%  59.5 11478s
 28554  6150 2887.95498   54  483 2965.05463 2855.23822  3.70%  59.7 11515s
 28599  6180 2907.12949   45  377 2965.05463 2855.23822  3.70%  60.0 11570s
 28754  6138 2906.90651   56  312 2965.05463 2855.34171  3.70%  60.0 11627s
 28808  6142 2914.83347   68  293 2965.05463 2855.40277  3.70%  60.1 11659s
 28832  6168 2914.87603   84  304 2965.05463 2855.40277  3.70%  60.1 11700s
 28938  6158 2925.43451  111  223 2965.05463 2855.42107  3.70%  60.0 11745s
 29062  6136 2856.17371   56  440 2965.05463 2855.42291  3.70%  60.3 11791s
 29114  6133 2857.84739   63  425 2965.05463 2855.42291  3.70%  60.5 11843s
 29140  6128 2907.95762   69  493 2965.05463 2855.43415  3.70%  61.0 11889s
 29192  6122 2911.27524   79  450 2965.05463 2855.60868  3.69%  61.4 11926s
 29244  6132 2957.27504   44  412 2965.05463 2855.66684  3.69%  61.8 11962s
 29308  6118 2862.11619   47  334 2965.05463 2855.68815  3.69%  61.8 11987s
 29353  6148 2866.11909   56  281 2965.05463 2855.68815  3.69%  62.0 12032s
 29480  6128     cutoff   60      2965.05463 2855.84082  3.68%  62.3 12058s
 29548  6177 2881.72140   47  301 2965.05463 2855.92802  3.68%  62.5 12198s
 29709  6127 2910.98967   72  384 2965.05463 2855.95112  3.68%  62.8 12325s
 29796  6138 2906.47510   54  328 2965.05463 2855.98495  3.68%  63.7 12468s
 29954  6135 2866.94170   51  292 2965.05463 2856.25237  3.67%  65.0 12635s
 30191  6172 infeasible   48      2965.05463 2856.58178  3.66%  66.4 12811s
 30449  6218 infeasible   59      2965.05463 2856.78177  3.65%  67.2 12982s
 30618  6276 2863.27192   50  450 2965.05463 2856.84858  3.65%  68.1 13130s
 30931  6372 2860.75441   56  397 2965.05463 2857.27601  3.63%  69.2 13284s
 31156  6418 2909.94725   60  137 2965.05463 2857.36347  3.63%  69.7 13428s
 31263  6485 infeasible   60      2965.05463 2857.45733  3.63%  70.2 13630s
 31506  6538 2909.47194   52  423 2965.05463 2857.51032  3.63%  71.0 13800s

Cutting planes:
  Learned: 1
  Gomory: 21
  Cover: 243
  Implied bound: 232
  Projected implied bound: 4
  Clique: 60
  MIR: 313
  Mixing: 4
  Knapsack: 6
  StrongCG: 62
  Flow cover: 448
  GUB cover: 117
  Inf proof: 9
  Zero half: 61
  Mod-K: 1
  RLT: 18
  Relax-and-lift: 159
  BQP: 6
  PSD: 3

Explored 31731 nodes (2304569 simplex iterations) in 13801.62 seconds (1597.81 work units)
Thread count was 2 (of 46 available processors)

Solution count 10: 2965.05 2965.7 2966.83 ... 4123.14

Time limit reached
Best objective 2.965054630509e+03, best bound 2.857777677308e+03, gap 3.6180%

Solve summary
-------------
Status code:       9
Objective:         2965.0546305094913
Objective bound:   2857.7776773078926
MIP gap:           0.03618043057208866
Has cycle:         False
Is acyclic:        True
Packages selected: 7 active packages

Packages
--------
   I1 | inactive_singleton | S=  0, C=  0, x=  0 | tasks=[1]
   A1 | active             | S=  0, C= 31, x= 60 | tasks=[2, 3, 4, 5, 10]
   I6 | inactive_singleton | S= 31, C= 38, x= 12 | tasks=[6]
   A2 | active             | S= 38, C= 54, x= 43 | tasks=[7, 8, 9, 11, 14, 40, 41]
  I12 | inactive_singleton | S= 54, C= 59, x=  5 | tasks=[12]
  I13 | inactive_singleton | S= 59, C= 63, x=  5 | tasks=[13]
   A3 | active             | S= 63, C= 64, x=  1 | tasks=[15]
  I16 | inactive_singleton | S= 64, C= 69, x=  7 | tasks=[16]
   A4 | active             | S= 69, C=100, x= 54 | tasks=[17, 18, 19, 20, 21, 22, 23, 24]
  I39 | inactive_singleton | S=100, C=107, x=  7 | tasks=[39]
  I25 | inactive_singleton | S=100, C=110, x= 17 | tasks=[25]
   A5 | active             | S=110, C=120, x= 25 | tasks=[26, 37, 38]
  I27 | inactive_singleton | S=120, C=129, x= 18 | tasks=[27]
  I28 | inactive_singleton | S=129, C=138, x= 14 | tasks=[28]
  I29 | inactive_singleton | S=138, C=142, x=  7 | tasks=[29]
  I30 | inactive_singleton | S=142, C=145, x=  4 | tasks=[30]
  I31 | inactive_singleton | S=145, C=147, x=  3 | tasks=[31]
   A6 | active             | S=147, C=162, x= 22 | tasks=[32, 33, 34]
  I35 | inactive_singleton | S=162, C=170, x= 12 | tasks=[35]
   A7 | active             | S=170, C=174, x=  6 | tasks=[36]
  I42 | inactive_singleton | S=186, C=186, x=  0 | tasks=[42]

Solution JSON saved to: /home/23037696r/Documents/research/or_benchmark/wp/results/inactive_0.3/j40/j400803_4.json
Finish time     : 2026-08-15T00:01:50+08:00
