Slurm job ID    : 1863
Array task ID   : 54
Host            : 23037696r-i7809a0b3cd
Start time      : 2026-08-11T12:21:03+08:00
Instance        : /home/23037696r/Documents/research/or_benchmark/wp/instances/inactive_0.2/j30/j300702_4.sm
Output JSON     : /home/23037696r/Documents/research/or_benchmark/wp/results/inactive_0.2/j30/j300702_4.json
Gurobi log      : /home/23037696r/Documents/research/or_benchmark/wp/results/inactive_0.2/j30/logs/gurobi/j300702_4.log
Allocated CPUs  : 4
Running with command-line arguments
-----------------------------------
Instance file: /home/23037696r/Documents/research/or_benchmark/wp/instances/inactive_0.2/j30/j300702_4.sm
Instance summary
----------------
Tasks:          32
Active tasks:   24
Inactive tasks: 8
Arcs:           44
Total duration: 141
Total work:     210
Active work:    143
Delta (singleton critical-path makespan): 92
Chosen deadline: 102
Feasible by singleton schedule: yes
Deadline rule: automatic: d = ceil(1.1 * Delta) = 102
Set parameter Username
Set parameter LicenseID to value 2851961
Academic license - for non-commercial use only - expires 2027-08-07
Set parameter MIPGap to value 1e-06
Set parameter TimeLimit to value 13800
Set parameter Threads to value 4
Set parameter LogFile to value "/home/23037696r/Documents/research/or_benchmark/wp/results/inactive_0.2/j30/logs/gurobi/j300702_4.log"
Set parameter NumericFocus to value 1
Gurobi Optimizer version 13.0.2 build v13.0.2rc1 (linux64 - "Ubuntu 22.04.3 LTS")

CPU model: Intel Xeon Processor (Cascadelake), instruction set [SSE2|AVX|AVX2|AVX512]
Thread count: 46 physical cores, 46 logical processors, using up to 4 threads

Non-default parameters:
TimeLimit  13800
MIPGap  1e-06
NumericFocus  1
Threads  4

Optimize a model with 25031 rows, 10968 columns and 88014 nonzeros (Min)
Model fingerprint: 0xb5aa8ee3
Model has 6516 linear objective coefficients and an objective constant of 6.5631916296992813e+02
Variable types: 2472 continuous, 8496 integer (8344 binary)
Coefficient statistics:
  Matrix range     [1e+00, 1e+02]
  Objective range  [1e-02, 7e+02]
  Bounds range     [1e+00, 1e+02]
  RHS range        [1e+00, 1e+02]

Presolve removed 18170 rows and 4435 columns
Presolve time: 2.46s
Presolved: 6861 rows, 6533 columns, 45693 nonzeros
Variable types: 0 continuous, 6533 integer (4405 binary)
Found heuristic solution: objective 2753.1532146

Root relaxation: objective 1.548347e+03, 2483 iterations, 0.18 seconds (0.14 work units)

    Nodes    |    Current Node    |     Objective Bounds      |     Work
 Expl Unexpl |  Obj  Depth IntInf | Incumbent    BestBd   Gap | It/Node Time

     0     0 1548.34671    0   53 2753.15321 1548.34671  43.8%     -    2s
     0     0 1548.34671    0   54 2753.15321 1548.34671  43.8%     -    2s
H    0     0                    2749.5192168 1548.34671  43.7%     -    3s
     0     0 1557.20340    0  160 2749.51922 1557.20340  43.4%     -    4s
     0     0 1557.65140    0  182 2749.51922 1557.65140  43.3%     -    4s
     0     0 1557.65140    0  182 2749.51922 1557.65140  43.3%     -    4s
H    0     0                    2742.8441862 1557.65140  43.2%     -    5s
H    0     0                    2742.0895862 1557.65140  43.2%     -    5s
H    0     0                    1681.8294026 1557.65140  7.38%     -    5s
     0     0 1561.25912    0  142 1681.82940 1561.25912  7.17%     -    5s
H    0     0                    1674.8258114 1561.25961  6.78%     -    5s
     0     0 1562.19697    0  143 1674.82581 1562.19697  6.72%     -    5s
     0     0 1562.25173    0  143 1674.82581 1562.25173  6.72%     -    5s
     0     0 1562.25305    0  144 1674.82581 1562.25305  6.72%     -    5s
     0     0 1564.41400    0  145 1674.82581 1564.41400  6.59%     -    6s
     0     0 1564.41409    0  145 1674.82581 1564.41409  6.59%     -    6s
     0     0 1564.41417    0  145 1674.82581 1564.41417  6.59%     -    6s
     0     0 1564.99259    0  139 1674.82581 1564.99259  6.56%     -    6s
     0     0 1564.99290    0  139 1674.82581 1564.99290  6.56%     -    7s
     0     0 1565.00128    0  143 1674.82581 1565.00128  6.56%     -    7s
     0     0 1565.09891    0  139 1674.82581 1565.09891  6.55%     -    7s
     0     0 1565.10161    0  142 1674.82581 1565.10161  6.55%     -    7s
     0     0 1565.10161    0  142 1674.82581 1565.10161  6.55%     -    7s
     0     0 1565.61618    0  144 1674.82581 1565.61618  6.52%     -    7s
     0     0 1565.66369    0  150 1674.82581 1565.66369  6.52%     -    8s
     0     0 1565.66535    0  150 1674.82581 1565.66535  6.52%     -    8s
     0     0 1565.66860    0  151 1674.82581 1565.66860  6.52%     -    8s
     0     0 1565.67107    0  151 1674.82581 1565.67107  6.52%     -    8s
     0     0 1565.76779    0  151 1674.82581 1565.76779  6.51%     -    8s
     0     0 1565.77466    0  155 1674.82581 1565.77466  6.51%     -    8s
     0     0 1565.77492    0  158 1674.82581 1565.77492  6.51%     -    8s
     0     0 1565.87267    0  153 1674.82581 1565.87267  6.51%     -    9s
     0     0 1565.88426    0  151 1674.82581 1565.88426  6.50%     -    9s
     0     0 1565.88722    0  154 1674.82581 1565.88722  6.50%     -    9s
     0     0 1565.89257    0  151 1674.82581 1565.89257  6.50%     -   10s
     0     0 1565.89862    0  154 1674.82581 1565.89862  6.50%     -   11s
     0     0 1565.89978    0  155 1674.82581 1565.89978  6.50%     -   11s
     0     0 1565.90967    0  157 1674.82581 1565.90967  6.50%     -   11s
     0     0 1566.00457    0  158 1674.82581 1566.00457  6.50%     -   11s
     0     0 1566.00457    0  153 1674.82581 1566.00457  6.50%     -   11s
     0     0 1566.05335    0  157 1674.82581 1566.05335  6.49%     -   12s
     0     0 1566.06118    0  159 1674.82581 1566.06118  6.49%     -   12s
     0     0 1566.06265    0  161 1674.82581 1566.06265  6.49%     -   12s
     0     0 1566.09637    0  161 1674.82581 1566.09637  6.49%     -   12s
     0     0 1566.17086    0  161 1674.82581 1566.17086  6.49%     -   12s
     0     0 1566.17086    0  163 1674.82581 1566.17086  6.49%     -   12s
     0     0 1566.17086    0  163 1674.82581 1566.17086  6.49%     -   13s
     0     0 1566.17086    0  169 1674.82581 1566.17086  6.49%     -   13s
     0     0 1566.17179    0  166 1674.82581 1566.17179  6.49%     -   13s
     0     0 1566.17179    0  149 1674.82581 1566.17179  6.49%     -   13s
     0     2 1566.17179    0  149 1674.82581 1566.17179  6.49%     -   14s
    25    31 1600.67626    6   93 1674.82581 1568.06415  6.37%   174   15s
   412   278 1618.78953   61   20 1674.82581 1600.60296  4.43%  66.6   20s
   877   586 1614.25076    7   59 1674.82581 1602.64564  4.31%  42.6   25s
  1465   898 1619.31034  102  149 1674.82581 1604.02736  4.23%  37.0   43s
  1467   899 1619.40069  105  212 1674.82581 1604.02736  4.23%  37.0   47s
  1473   903 1620.91243   48  212 1674.82581 1604.02736  4.23%  36.8   50s
  1483   911 infeasible   18      1674.82581 1604.02736  4.23%  45.1   55s
  1566   930 1615.40465   30    7 1674.82581 1604.02736  4.23%  50.8   60s
  1682   920 infeasible   32      1674.82581 1604.02736  4.23%  53.3   65s
  1807   924 1633.02745   33   59 1674.82581 1604.02736  4.23%  55.3   70s
  1910   912 infeasible   31      1674.82581 1606.55000  4.08%  56.7   75s
  2039   931 1647.71631   50   23 1674.82581 1607.34107  4.03%  58.6   80s
  2211   940     cutoff   27      1674.82581 1608.95959  3.93%  58.5   85s
  2285   935 1671.46498   35   18 1674.82581 1611.55069  3.78%  58.8   90s
  2480   895 1645.17600   28   13 1674.82581 1613.03407  3.69%  59.2   96s
  2640   880     cutoff   33      1674.82581 1613.51616  3.66%  58.6  100s
  2907   861 1636.92535   31   15 1674.82581 1613.62810  3.65%  58.0  106s
  3195   837     cutoff   31      1674.82581 1614.05430  3.63%  57.0  111s
  3379   848 1654.23491   45   20 1674.82581 1614.62053  3.59%  57.5  115s
  3739   773 1664.35364   31   20 1674.82581 1616.48958  3.48%  57.9  122s
  3789   764     cutoff   33      1674.82581 1616.55817  3.48%  57.9  125s
  3993   733 1666.98004   29   12 1674.82581 1618.38073  3.37%  58.1  133s
  4188   662 1663.03051   48   12 1674.82581 1628.79629  2.75%  57.3  137s
  4376   652 1636.37450   30   15 1674.82581 1632.36116  2.54%  56.9  141s
  4568   555     cutoff   42      1674.82581 1635.59777  2.34%  56.7  145s
  4795   447 infeasible   36      1674.82581 1641.53659  1.99%  56.1  152s
  5041   379 infeasible   37      1674.82581 1646.22587  1.71%  55.5  156s
  5188   271 infeasible   44      1674.82581 1647.48156  1.63%  55.3  161s
  5385   128 infeasible   44      1674.82581 1647.97625  1.60%  55.1  166s
  5593     1 infeasible   38      1674.82581 1648.19014  1.59%  54.4  171s

Cutting planes:
  Cover: 7
  Implied bound: 45
  Clique: 4
  MIR: 9
  StrongCG: 1
  GUB cover: 11
  RLT: 5
  Relax-and-lift: 1

Explored 5803 nodes (316251 simplex iterations) in 172.05 seconds (49.64 work units)
Thread count was 4 (of 46 available processors)

Solution count 8: 1674.83 1674.83 1681.83 ... 2753.15

Optimal solution found (tolerance 1.00e-06)
Best objective 1.674825811395e+03, best bound 1.674825811395e+03, gap 0.0000%

Solve summary
-------------
Status code:       2
Objective:         1674.825811395126
Objective bound:   1674.825811395126
MIP gap:           0.0
Has cycle:         False
Is acyclic:        True
Packages selected: 3 active packages

Packages
--------
   I1 | inactive_singleton | S=  0, C=  0, x=  0 | tasks=[1]
   A1 | active             | S=  0, C=  4, x=  4 | tasks=[2]
  I11 | inactive_singleton | S=  0, C=  9, x= 14 | tasks=[11]
   I3 | inactive_singleton | S=  4, C=  8, x=  8 | tasks=[3]
   A2 | active             | S=  8, C= 32, x= 44 | tasks=[4, 5, 6, 7, 8, 16, 31]
  I30 | inactive_singleton | S= 32, C= 37, x=  9 | tasks=[30]
   I9 | inactive_singleton | S= 32, C= 39, x= 11 | tasks=[9]
  I10 | inactive_singleton | S= 39, C= 47, x= 10 | tasks=[10]
   A3 | active             | S= 47, C= 92, x= 95 | tasks=[12, 13, 14, 15, 17, 18, 19, 20, 21, 22, 23, 24, 25, 26, 28, 29]
  I27 | inactive_singleton | S= 92, C=100, x= 15 | tasks=[27]
  I32 | inactive_singleton | S=102, C=102, x=  0 | tasks=[32]

Solution JSON saved to: /home/23037696r/Documents/research/or_benchmark/wp/results/inactive_0.2/j30/j300702_4.json
Finish time     : 2026-08-11T12:23:58+08:00
