Slurm job ID    : 1842
Array task ID   : 33
Host            : 23037696r-i7809a0b3cd
Start time      : 2026-08-11T11:56:31+08:00
Instance        : /home/23037696r/Documents/research/or_benchmark/wp/instances/inactive_0.2/j30/j300502_3.sm
Output JSON     : /home/23037696r/Documents/research/or_benchmark/wp/results/inactive_0.2/j30/j300502_3.json
Gurobi log      : /home/23037696r/Documents/research/or_benchmark/wp/results/inactive_0.2/j30/logs/gurobi/j300502_3.log
Allocated CPUs  : 4
Running with command-line arguments
-----------------------------------
Instance file: /home/23037696r/Documents/research/or_benchmark/wp/instances/inactive_0.2/j30/j300502_3.sm
Instance summary
----------------
Tasks:          32
Active tasks:   24
Inactive tasks: 8
Arcs:           68
Total duration: 135
Total work:     212
Active work:    164
Delta (singleton critical-path makespan): 61
Chosen deadline: 68
Feasible by singleton schedule: yes
Deadline rule: automatic: d = ceil(1.1 * Delta) = 68
Set parameter Username
Set parameter LicenseID to value 2851961
Academic license - for non-commercial use only - expires 2027-08-07
Set parameter MIPGap to value 1e-06
Set parameter TimeLimit to value 13800
Set parameter Threads to value 4
Set parameter LogFile to value "/home/23037696r/Documents/research/or_benchmark/wp/results/inactive_0.2/j30/logs/gurobi/j300502_3.log"
Set parameter NumericFocus to value 1
Gurobi Optimizer version 13.0.2 build v13.0.2rc1 (linux64 - "Ubuntu 22.04.3 LTS")

CPU model: Intel Xeon Processor (Cascadelake), instruction set [SSE2|AVX|AVX2|AVX512]
Thread count: 46 physical cores, 46 logical processors, using up to 4 threads

Non-default parameters:
TimeLimit  13800
MIPGap  1e-06
NumericFocus  1
Threads  4

Optimize a model with 34822 rows, 9568 columns and 117757 nonzeros (Min)
Model fingerprint: 0x12126782
Model has 6000 linear objective coefficients and an objective constant of 5.6160671706964524e+02
Variable types: 1656 continuous, 7912 integer (7760 binary)
Coefficient statistics:
  Matrix range     [1e+00, 2e+02]
  Objective range  [1e-02, 8e+02]
  Bounds range     [1e+00, 2e+02]
  RHS range        [1e+00, 2e+02]

Presolve removed 25048 rows and 5537 columns
Presolve time: 2.10s
Presolved: 9774 rows, 4031 columns, 89732 nonzeros
Variable types: 0 continuous, 4031 integer (3030 binary)
Found heuristic solution: objective 2652.7401322

Root relaxation: objective 1.537801e+03, 4235 iterations, 0.79 seconds (0.50 work units)

    Nodes    |    Current Node    |     Objective Bounds      |     Work
 Expl Unexpl |  Obj  Depth IntInf | Incumbent    BestBd   Gap | It/Node Time

     0     0 1537.80098    0  131 2652.74013 1537.80098  42.0%     -    3s
     0     0 1538.60334    0  137 2652.74013 1538.60334  42.0%     -    3s
H    0     0                    1631.4369289 1538.60334  5.69%     -    3s
H    0     0                    1630.6991102 1538.60334  5.65%     -    3s
     0     0 1544.43759    0  118 1630.69911 1544.43759  5.29%     -    6s
H    0     0                    1629.3827331 1544.43866  5.21%     -    6s
     0     0 1544.49020    0  118 1629.38273 1544.49020  5.21%     -    6s
     0     0 1546.75219    0  125 1629.38273 1546.75219  5.07%     -    7s
     0     0 1547.50228    0  151 1629.38273 1547.50228  5.03%     -    8s
     0     0 1547.54225    0  149 1629.38273 1547.54225  5.02%     -    8s
     0     0 1547.54902    0  152 1629.38273 1547.54902  5.02%     -    8s
     0     0 1548.55851    0  161 1629.38273 1548.55851  4.96%     -    9s
     0     0 1548.61494    0  162 1629.38273 1548.61494  4.96%     -    9s
     0     0 1548.64103    0  164 1629.38273 1548.64103  4.96%     -    9s
     0     0 1548.64192    0  167 1629.38273 1548.64192  4.96%     -    9s
H    0     0                    1628.0541612 1548.64192  4.88%     -   10s
     0     0 1549.29303    0  169 1628.05416 1549.29303  4.84%     -   10s
     0     0 1549.30005    0  173 1628.05416 1549.30005  4.84%     -   10s
     0     0 1549.31359    0  176 1628.05416 1549.31359  4.84%     -   10s
     0     0 1549.31939    0  177 1628.05416 1549.31939  4.84%     -   11s
     0     0 1549.32274    0  180 1628.05416 1549.32274  4.84%     -   11s
     0     0 1549.38993    0  178 1628.05416 1549.38993  4.83%     -   11s
     0     0 1549.40875    0  184 1628.05416 1549.40875  4.83%     -   11s
     0     0 1549.41321    0  185 1628.05416 1549.41321  4.83%     -   11s
     0     0 1549.41321    0  185 1628.05416 1549.41321  4.83%     -   11s
     0     0 1549.70115    0  177 1628.05416 1549.70115  4.81%     -   12s
     0     0 1550.16508    0  179 1628.05416 1550.16508  4.78%     -   13s
     0     0 1550.17947    0  180 1628.05416 1550.17947  4.78%     -   13s
     0     0 1550.18015    0  181 1628.05416 1550.18015  4.78%     -   13s
     0     0 1550.42679    0  168 1628.05416 1550.42679  4.77%     -   14s
     0     0 1550.49426    0  171 1628.05416 1550.49426  4.76%     -   15s
     0     0 1550.49935    0  171 1628.05416 1550.49935  4.76%     -   15s
     0     0 1550.78268    0  182 1628.05416 1550.78268  4.75%     -   16s
     0     0 1550.84016    0  187 1628.05416 1550.84016  4.74%     -   17s
     0     0 1550.85986    0  187 1628.05416 1550.85986  4.74%     -   17s
     0     0 1551.00072    0  176 1628.05416 1551.00072  4.73%     -   17s
     0     0 1551.02304    0  178 1628.05416 1551.02304  4.73%     -   18s
     0     0 1551.02584    0  177 1628.05416 1551.02584  4.73%     -   18s
     0     0 1551.02595    0  178 1628.05416 1551.02595  4.73%     -   18s
     0     0 1551.02595    0  179 1628.05416 1551.02595  4.73%     -   19s
     0     0 1551.05022    0  179 1628.05416 1551.05022  4.73%     -   20s
     0     0 1551.05022    0  179 1628.05416 1551.05022  4.73%     -   20s
     0     0 1551.05022    0  179 1628.05416 1551.05022  4.73%     -   20s
     0     2 1551.05022    0  179 1628.05416 1551.05022  4.73%     -   21s
    61    16 1592.48724    7   93 1628.05416 1590.34430  2.32%  70.6   25s
   203    67 1600.19324   38  112 1628.05416 1591.39032  2.25%  99.3   30s
   302    63 1592.68436   16  231 1628.05416 1592.40037  2.19%   123   35s
   450    83 1594.96274   34   42 1628.05416 1593.83954  2.10%   138   40s
   563    70 1596.15606   35   83 1628.05416 1594.53253  2.06%   136   45s

Cutting planes:
  Learned: 18
  Gomory: 1
  Cover: 118
  Implied bound: 123
  Clique: 14
  MIR: 79
  StrongCG: 12
  Flow cover: 2
  GUB cover: 24
  Inf proof: 1
  Zero half: 2
  RLT: 15
  Relax-and-lift: 24
  BQP: 1
  PSD: 1

Explored 776 nodes (101743 simplex iterations) in 49.24 seconds (14.55 work units)
Thread count was 4 (of 46 available processors)

Solution count 5: 1628.05 1629.38 1630.7 ... 2652.74

Optimal solution found (tolerance 1.00e-06)
Best objective 1.628054161181e+03, best bound 1.628054161181e+03, gap 0.0000%

Solve summary
-------------
Status code:       2
Objective:         1628.054161181467
Objective bound:   1628.054161181467
MIP gap:           0.0
Has cycle:         False
Is acyclic:        True
Packages selected: 3 active packages

Packages
--------
   I1 | inactive_singleton | S=  0, C=  0, x=  0 | tasks=[1]
   I2 | inactive_singleton | S=  0, C=  5, x= 10 | tasks=[2]
   I7 | inactive_singleton | S=  5, C= 12, x= 14 | tasks=[7]
   A1 | active             | S=  5, C= 13, x= 20 | tasks=[3, 10]
   I4 | inactive_singleton | S= 13, C= 17, x=  5 | tasks=[4]
   A2 | active             | S= 17, C= 42, x= 90 | tasks=[5, 6, 8, 9, 11, 12, 13, 14, 15, 16, 17, 19, 20, 21, 22]
  I18 | inactive_singleton | S= 42, C= 44, x=  4 | tasks=[18]
  I28 | inactive_singleton | S= 42, C= 47, x=  6 | tasks=[28]
  I23 | inactive_singleton | S= 44, C= 49, x=  9 | tasks=[23]
   A3 | active             | S= 49, C= 63, x= 54 | tasks=[24, 25, 26, 27, 29, 30, 31]
  I32 | inactive_singleton | S= 63, C= 63, x=  0 | tasks=[32]

Solution JSON saved to: /home/23037696r/Documents/research/or_benchmark/wp/results/inactive_0.2/j30/j300502_3.json
Finish time     : 2026-08-11T11:57:22+08:00
