Slurm job ID    : 1883
Array task ID   : 74
Host            : 23037696r-i7809a0b3cd
Start time      : 2026-08-11T13:25:30+08:00
Instance        : /home/23037696r/Documents/research/or_benchmark/wp/instances/inactive_0.2/j30/j300902_4.sm
Output JSON     : /home/23037696r/Documents/research/or_benchmark/wp/results/inactive_0.2/j30/j300902_4.json
Gurobi log      : /home/23037696r/Documents/research/or_benchmark/wp/results/inactive_0.2/j30/logs/gurobi/j300902_4.log
Allocated CPUs  : 4
Running with command-line arguments
-----------------------------------
Instance file: /home/23037696r/Documents/research/or_benchmark/wp/instances/inactive_0.2/j30/j300902_4.sm
Instance summary
----------------
Tasks:          32
Active tasks:   24
Inactive tasks: 8
Arcs:           34
Total duration: 161
Total work:     257
Active work:    217
Delta (singleton critical-path makespan): 141
Chosen deadline: 156
Feasible by singleton schedule: yes
Deadline rule: automatic: d = ceil(1.1 * Delta) = 156
Set parameter Username
Set parameter LicenseID to value 2851961
Academic license - for non-commercial use only - expires 2027-08-07
Set parameter MIPGap to value 1e-06
Set parameter TimeLimit to value 13800
Set parameter Threads to value 4
Set parameter LogFile to value "/home/23037696r/Documents/research/or_benchmark/wp/results/inactive_0.2/j30/logs/gurobi/j300902_4.log"
Set parameter NumericFocus to value 1
Gurobi Optimizer version 13.0.2 build v13.0.2rc1 (linux64 - "Ubuntu 22.04.3 LTS")

CPU model: Intel Xeon Processor (Cascadelake), instruction set [SSE2|AVX|AVX2|AVX512]
Thread count: 46 physical cores, 46 logical processors, using up to 4 threads

Non-default parameters:
TimeLimit  13800
MIPGap  1e-06
NumericFocus  1
Threads  4

Optimize a model with 28692 rows, 15768 columns and 103641 nonzeros (Min)
Model fingerprint: 0xa5eb7142
Model has 9912 linear objective coefficients and an objective constant of 5.2039468897924485e+02
Variable types: 3768 continuous, 12000 integer (11848 binary)
Coefficient statistics:
  Matrix range     [1e+00, 2e+02]
  Objective range  [1e-02, 1e+03]
  Bounds range     [1e+00, 2e+02]
  RHS range        [1e+00, 2e+02]

Presolve removed 19970 rows and 6527 columns
Presolve time: 4.18s
Presolved: 8722 rows, 9241 columns, 60198 nonzeros
Variable types: 0 continuous, 9241 integer (6049 binary)
Found heuristic solution: objective 3106.2212533

Root relaxation: objective 1.832958e+03, 2222 iterations, 0.19 seconds (0.12 work units)

    Nodes    |    Current Node    |     Objective Bounds      |     Work
 Expl Unexpl |  Obj  Depth IntInf | Incumbent    BestBd   Gap | It/Node Time

     0     0 1832.95825    0   44 3106.22125 1832.95825  41.0%     -    5s
     0     0 1838.28026    0   82 3106.22125 1838.28026  40.8%     -    6s
H    0     0                    3043.3619604 1838.28034  39.6%     -    6s
     0     0 1838.28506    0   79 3043.36196 1838.28506  39.6%     -    6s
     0     0 1838.28939    0   79 3043.36196 1838.28939  39.6%     -    6s
     0     0 1838.29144    0   79 3043.36196 1838.29144  39.6%     -    7s
     0     0 1838.29348    0   79 3043.36196 1838.29348  39.6%     -    7s
     0     0 1838.29445    0   79 3043.36196 1838.29445  39.6%     -    7s
     0     0 1838.29540    0   79 3043.36196 1838.29540  39.6%     -    7s
     0     0 1838.29540    0   83 3043.36196 1838.29540  39.6%     -    7s
     0     0 1851.98324    0  187 3043.36196 1851.98324  39.1%     -    9s
     0     0 1851.98694    0  122 3043.36196 1851.98694  39.1%     -    9s
H    0     0                    2091.7485921 1851.98694  11.5%     -   10s
     0     0 1855.70479    0  171 2091.74859 1855.70479  11.3%     -   11s
     0     0 1855.70479    0   62 2091.74859 1855.70479  11.3%     -   16s
H    0     0                    2091.1079987 1855.70479  11.3%     -   17s
H    0     0                    2089.5127654 1855.70479  11.2%     -   18s
     0     0 1861.74882    0  158 2089.51277 1861.74882  10.9%     -   21s
     0     0 1861.75703    0  158 2089.51277 1861.75703  10.9%     -   22s
     0     0 1861.76363    0  162 2089.51277 1861.76363  10.9%     -   22s
     0     0 1862.81364    0  159 2089.51277 1862.81364  10.8%     -   24s
     0     0 1862.91109    0  155 2089.51277 1862.91109  10.8%     -   25s
     0     0 1862.91112    0  156 2089.51277 1862.91112  10.8%     -   25s
     0     0 1866.48542    0  326 2089.51277 1866.48542  10.7%     -   30s
     0     0 1868.73271    0  321 2089.51277 1868.73271  10.6%     -   30s
     0     0 1868.83209    0  332 2089.51277 1868.83209  10.6%     -   31s
     0     0 1868.85222    0  337 2089.51277 1868.85222  10.6%     -   31s
     0     0 1868.85222    0  337 2089.51277 1868.85222  10.6%     -   32s
     0     0 1871.54769    0  189 2089.51277 1871.54769  10.4%     -   33s
     0     0 1871.99130    0  188 2089.51277 1871.99130  10.4%     -   34s
     0     0 1871.99566    0  198 2089.51277 1871.99566  10.4%     -   34s
     0     0 1871.99570    0  198 2089.51277 1871.99570  10.4%     -   34s
     0     0 1871.99580    0  198 2089.51277 1871.99580  10.4%     -   34s
     0     0 1871.99714    0  197 2089.51277 1871.99714  10.4%     -   35s
     0     0 1872.05252    0  205 2089.51277 1872.05252  10.4%     -   35s
     0     0 1872.05738    0  193 2089.51277 1872.05738  10.4%     -   35s
     0     0 1872.66379    0  194 2089.51277 1872.66379  10.4%     -   36s
     0     0 1872.89629    0  189 2089.51277 1872.89629  10.4%     -   37s
     0     0 1872.92234    0  194 2089.51277 1872.92234  10.4%     -   37s
     0     0 1872.92278    0  198 2089.51277 1872.92278  10.4%     -   38s
     0     0 1873.51685    0  189 2089.51277 1873.51685  10.3%     -   38s
     0     0 1873.51816    0  190 2089.51277 1873.51816  10.3%     -   38s
     0     0 1873.70457    0  190 2089.51277 1873.70457  10.3%     -   39s
     0     0 1873.72500    0  191 2089.51277 1873.72500  10.3%     -   39s
     0     0 1873.72524    0  193 2089.51277 1873.72524  10.3%     -   40s
     0     0 1874.22768    0  189 2089.51277 1874.22768  10.3%     -   40s
     0     0 1874.41063    0  199 2089.51277 1874.41063  10.3%     -   41s
     0     0 1874.41215    0  202 2089.51277 1874.41215  10.3%     -   41s
     0     0 1875.38013    0  195 2089.51277 1875.38013  10.2%     -   42s
     0     0 1875.38847    0  199 2089.51277 1875.38847  10.2%     -   42s
     0     0 1875.39170    0  202 2089.51277 1875.39170  10.2%     -   43s
     0     0 1875.58578    0  199 2089.51277 1875.58578  10.2%     -   43s
     0     0 1875.59842    0  204 2089.51277 1875.59842  10.2%     -   44s
     0     0 1875.59940    0  207 2089.51277 1875.59940  10.2%     -   45s
     0     0 1875.93631    0  200 2089.51277 1875.93631  10.2%     -   46s
     0     0 1876.00961    0  195 2089.51277 1876.00961  10.2%     -   47s
     0     0 1876.25869    0  185 2089.51277 1876.25869  10.2%     -   48s
     0     0 1876.25895    0  186 2089.51277 1876.25895  10.2%     -   48s
     0     0 1877.13347    0  348 2089.51277 1877.13347  10.2%     -   50s
     0     0 1877.21150    0  353 2089.51277 1877.21150  10.2%     -   51s
     0     0 1877.25940    0  347 2089.51277 1877.25940  10.2%     -   52s
     0     0 1877.25945    0  345 2089.51277 1877.25945  10.2%     -   52s
     0     0 1877.27444    0  353 2089.51277 1877.27444  10.2%     -   53s
     0     0 1877.95666    0  211 2089.51277 1877.95666  10.1%     -   54s
     0     0 1877.98872    0  201 2089.51277 1877.98872  10.1%     -   56s
     0     0 1878.00252    0  348 2089.51277 1878.00252  10.1%     -   56s
     0     0 1878.00284    0  193 2089.51277 1878.00284  10.1%     -   57s
     0     0 1878.06519    0  345 2089.51277 1878.06519  10.1%     -   58s
     0     0 1878.09980    0  350 2089.51277 1878.09980  10.1%     -   58s
     0     0 1878.10820    0  354 2089.51277 1878.10820  10.1%     -   59s
     0     0 1878.10961    0  353 2089.51277 1878.10961  10.1%     -   59s
     0     0 1878.10992    0  355 2089.51277 1878.10992  10.1%     -   59s
     0     0 1878.18294    0  379 2089.51277 1878.18294  10.1%     -   61s
     0     0 1878.20683    0  362 2089.51277 1878.20683  10.1%     -   62s
     0     0 1878.21575    0  373 2089.51277 1878.21575  10.1%     -   62s
     0     0 1878.23748    0  365 2089.51277 1878.23748  10.1%     -   63s
     0     0 1878.28309    0  367 2089.51277 1878.28309  10.1%     -   64s
     0     0 1878.30257    0  365 2089.51277 1878.30257  10.1%     -   65s
     0     0 1878.31339    0  372 2089.51277 1878.31339  10.1%     -   65s
     0     0 1878.31565    0  379 2089.51277 1878.31565  10.1%     -   66s
     0     0 1878.55046    0  370 2089.51277 1878.55046  10.1%     -   67s
     0     0 1878.57540    0  209 2089.51277 1878.57540  10.1%     -   68s
     0     0 1878.57859    0  363 2089.51277 1878.57859  10.1%     -   68s
     0     0 1878.90272    0  207 2089.51277 1878.90272  10.1%     -   70s
     0     0 1878.93169    0  207 2089.51277 1878.93169  10.1%     -   71s
     0     0 1878.93208    0  208 2089.51277 1878.93208  10.1%     -   72s
     0     0 1878.93794    0  208 2089.51277 1878.93794  10.1%     -   72s
     0     0 1878.94190    0  211 2089.51277 1878.94190  10.1%     -   72s
     0     0 1878.95062    0  212 2089.51277 1878.95062  10.1%     -   73s
     0     0 1879.01192    0  212 2089.51277 1879.01192  10.1%     -   74s
     0     0 1879.01192    0  209 2089.51277 1879.01192  10.1%     -   74s
     0     2 1879.32422    0  209 2089.51277 1879.32422  10.1%     -   76s
    62    71 1907.52820   10  219 2089.51277 1879.79093  10.0%   101   80s
   201   149 1989.34204   19   33 2089.51277 1901.78255  8.98%  76.5   85s
   367   234 infeasible   10      2089.51277 1907.77845  8.70%  61.1   90s
   604   433 2027.78328   37   89 2089.51277 1909.01924  8.64%  49.1   95s
   875   595 2034.24121   92   38 2089.51277 1912.69854  8.46%  40.2  100s
  1178   744 infeasible   30      2089.51277 1914.10071  8.39%  37.3  106s
  1316   798 1998.32106   21  102 2089.51277 1914.32176  8.38%  38.5  110s
  1533   877 2008.15720   42  171 2089.51277 1914.34845  8.38%  37.1  152s
  1535   878 1921.84141   42  103 2089.51277 1914.34845  8.38%  37.1  156s
  1536   879 1980.09286   43  313 2089.51277 1914.34845  8.38%  37.0  161s
  1539   881 2007.64538   32  553 2089.51277 1914.34845  8.38%  37.0  166s
  1544   884 2012.91637    9  565 2089.51277 1914.34845  8.38%  36.8  170s
  1551   889 2017.03637   39  616 2089.51277 1914.34845  8.38%  36.7  175s
  1555   892 2005.90785   22  694 2089.51277 1914.34845  8.38%  36.6  180s
  1559   894 2007.51402   30  781 2089.51277 1914.34845  8.38%  36.5  185s
  1561   896 2013.85701   68  838 2089.51277 1914.34845  8.38%  36.4  190s
  1563   897 1997.14745   31  719 2089.51277 1914.34845  8.38%  36.4  196s
  1566   899 2033.15789   60  591 2089.51277 1914.34845  8.38%  36.3  201s
  1568   900 2006.40720   70  585 2089.51277 1914.34845  8.38%  36.3  205s
  1572   906 1914.34845   16  558 2089.51277 1914.34845  8.38%  50.1  211s
  1582   924 1945.67913   19  125 2089.51277 1914.34845  8.38%  53.3  215s
  1610   932 infeasible   22      2089.51277 1914.34845  8.38%  57.9  220s
  1631   936 1949.68883   24  233 2089.51277 1914.34845  8.38%  60.3  226s
  1657   950 1951.99819   26  231 2089.51277 1914.34845  8.38%  60.5  237s
  1683   962 1952.14557   28  226 2089.51277 1914.34845  8.38%  61.1  240s
  1741   970 1952.24551   33   84 2089.51277 1914.34845  8.38%  61.1  245s
  1786   983 1952.71574   36   85 2089.51277 1914.34845  8.38%  61.4  250s
  1857   974 1958.33869   40   77 2089.51277 1918.91403  8.16%  61.0  255s
  1943  1011 2029.40672   42  369 2089.51277 1919.01215  8.16%  61.6  261s
  2007  1042 1962.11202   45   37 2089.51277 1920.08824  8.11%  60.4  266s
  2172  1062 1963.26221   50   33 2089.51277 1920.60386  8.08%  60.0  271s
  2230  1093 1963.38969   52   33 2089.51277 1920.72161  8.08%  59.7  275s
  2463  1111 1963.50309   57   59 2089.51277 1924.22434  7.91%  57.0  282s
  2495  1171 1963.50309   58   59 2089.51277 1924.22434  7.91%  57.2  285s
  2615  1196 1972.91283   60  324 2089.51277 1924.22434  7.91%  57.1  290s
  2791  1268 1989.13315   65  156 2089.51277 1925.46851  7.85%  55.1  296s
  2978  1287 2079.94133   31   55 2089.51277 1934.56466  7.42%  52.7  300s
  3173  1358 2003.93350   39  207 2089.51277 1935.63444  7.36%  50.8  307s
  3444  1383 2040.22367   45   28 2089.51277 1936.36883  7.33%  48.4  311s
  3734  1365 2088.63766   35   28 2089.51277 1940.86649  7.11%  46.3  319s
  3954  1350 2027.71491   41  142 2089.51277 1942.74904  7.02%  45.3  324s
  4217  1277 infeasible   39      2089.51277 1944.36543  6.95%  44.0  328s
  4272  1350 infeasible   43      2089.51277 1944.54797  6.94%  44.1  334s
  4522  1367 infeasible   30      2089.51277 1944.58169  6.94%  42.7  339s
  4677  1361 infeasible   25      2089.51277 1944.89126  6.92%  42.2  344s
  4702  1368 2068.07071   33  112 2089.51277 1946.04259  6.87%  43.1  349s
  4750  1374     cutoff   36      2089.51277 1946.59229  6.84%  43.5  353s
  4815  1378 2072.54215   33   99 2089.51277 1946.92773  6.82%  43.5  355s
  4835  1418 1986.32758   40  157 2089.51277 1946.92773  6.82%  43.9  361s
  4902  1431 2000.04249   22  181 2089.51277 1947.03147  6.82%  44.3  368s
  4931  1437 2000.09205   23  333 2089.51277 1947.03147  6.82%  44.7  371s
  4963  1440 2011.64400   29  240 2089.51277 1947.03147  6.82%  45.1  375s
  4970  1511 2011.78788   30  239 2089.51277 1947.19806  6.81%  45.6  380s
  5116  1555 2061.54732   62  142 2089.51277 1947.60619  6.79%  45.7  388s
  5226  1571 2005.01699   26  269 2089.51277 1947.60619  6.79%  45.7  395s
  5254  1651 2007.87251   27  306 2089.51277 1947.73284  6.79%  45.7  400s
  5411  1648 1951.08411   25  245 2089.51277 1947.73284  6.79%  45.4  405s
  5430  1691 1956.02914   27  246 2089.51277 1947.73284  6.79%  45.9  410s
  5528  1689 2086.56055   34   19 2089.51277 1949.68172  6.69%  46.7  415s
  5538  1702 1951.79559   27  149 2089.51277 1949.68889  6.69%  47.8  421s
  5605  1800 1952.37491   32  242 2089.51277 1949.73074  6.69%  48.6  429s
  5763  1790 infeasible   36      2089.51277 1950.00094  6.68%  48.8  433s
  5781  1812 2077.18427   35  148 2089.51277 1950.01952  6.68%  50.3  441s
  5822  1860 1977.50635   23   96 2089.51277 1950.04911  6.67%  50.5  447s
  5932  1858 infeasible   60      2089.51277 1950.28774  6.66%  51.3  452s
  5975  1960     cutoff   33      2089.51277 1950.39963  6.66%  52.2  458s
  6159  1963 infeasible   63      2089.51277 1950.53171  6.65%  52.5  469s
  6185  2037 infeasible   35      2089.51277 1950.66790  6.64%  53.3  476s
  6327  2048 infeasible   22      2089.51277 1950.70136  6.64%  54.0  486s
  6346  2129 2024.10050   28  403 2089.51277 1951.22130  6.62%  55.4  493s
  6508  2130 infeasible   49      2089.51277 1951.59797  6.60%  55.3  498s
  6556  2184 2012.07123   30  191 2089.51277 1952.32486  6.57%  56.9  504s
  6656  2264 1987.72142   32  405 2089.51277 1952.36163  6.56%  57.2  511s
  6829  2259 1971.67095   59  147 2089.51277 1952.36163  6.56%  57.5  520s
  6858  2364 2070.55676   62  139 2089.51277 1952.62803  6.55%  58.6  529s
  7068  2359     cutoff   37      2089.51277 1952.89339  6.54%  58.2  546s
  7096  2470 2089.45694   37  109 2089.51277 1953.14111  6.53%  58.3  554s
  7369  2483 1957.85289   40  249 2089.51277 1953.89232  6.49%  58.4  563s
  7407  2647 1959.04420   46  148 2089.51277 1953.96819  6.49%  58.6  574s
  7768  2686 2074.42197   57  258 2089.51277 1954.11989  6.48%  58.1  580s
  7839  3017 1955.62191   29  235 2089.51277 1954.19786  6.48%  58.3  596s
  8480  3090 2002.96603   29  114 2089.51277 1955.54691  6.41%  56.1  601s
  8621  3285 2066.71556   42  127 2089.51277 1956.03486  6.39%  55.8  615s
  9056  3338 2005.89958   28  291 2089.51277 1956.17429  6.38%  55.5  625s
  9281  3357 1960.14263   44  200 2089.51277 1956.35529  6.37%  56.0  645s
  9314  3391 1962.01217   53  101 2089.51277 1956.69041  6.36%  56.2  650s
  9389  3444 infeasible   56      2089.51277 1956.80623  6.35%  57.7  664s
  9480  3551 1990.67716   33  189 2089.51277 1957.08918  6.34%  58.9  674s
  9712  3602 2077.64541   32  187 2089.51277 1957.38366  6.32%  59.2  680s
  9879  3873 1962.46378   44  110 2089.51277 1957.82552  6.30%  59.0  695s
 10424  3965 1959.15482   44   67 2089.51277 1957.95445  6.30%  58.1  717s
 10660  4259 infeasible   47      2089.51277 1958.33552  6.28%  59.0  747s
 11662  4304 infeasible   52      2089.51277 1958.73507  6.26%  59.4  758s
 11761  4480     cutoff   46      2089.51277 1958.75684  6.26%  59.6  775s
 12286  4495 infeasible   37      2089.51277 1959.13258  6.24%  60.8  799s
 12369  4653 2012.73217   44   44 2089.51277 1959.13258  6.24%  61.5  812s
 12811  4651 2086.81884   41  116 2089.51277 1959.64517  6.22%  63.5  827s
 12830  4659     cutoff   45      2089.51277 1959.70654  6.21%  63.9  852s
 12878  4861 2049.76531   34  390 2089.51277 1959.92009  6.20%  64.8  867s
 13397  4896 2045.96634   36  333 2089.51277 1960.22406  6.19%  65.0  881s
 13478  5032 2066.88094   38  321 2089.51277 1960.40926  6.18%  65.4  896s
 13865  5031 infeasible   66      2089.51277 1960.62502  6.17%  67.3  911s
 13933  5139 infeasible   38      2089.51277 1960.78237  6.16%  68.0  929s
 14273  5138 1998.10252   64  170 2089.51277 1960.96528  6.15%  68.5  951s
 14368  5172 1969.04962   28  539 2089.51277 1961.06659  6.15%  69.6  963s
 14531  5185 infeasible   49      2089.51277 1961.15079  6.14%  72.6  989s
 14620  5253 2071.72177   40  296 2089.51277 1961.44018  6.13%  73.4 1006s
 15064  5289 2087.43133   49   84 2089.51277 1961.72621  6.12%  74.5 1028s
 15312  5436     cutoff   47      2089.51277 1962.09208  6.10%  75.3 1044s
 15791  5410     cutoff   62      2089.51277 1962.29333  6.09%  76.1 1054s
 15923  5530 1970.75589   21  507 2089.51277 1962.90596  6.06%  77.0 1073s
 16470  5584 infeasible   36      2089.51277 1963.96434  6.01%  76.8 1088s
 16723  6238 2086.46611   38   81 2089.51277 1964.59966  5.98%  77.2 1114s
 18344  6261 2061.31096   45  160 2089.51277 1966.14902  5.90%  73.9 1130s
 18454  6655 2065.59989   50  159 2089.51277 1966.25920  5.90%  73.7 1164s
 18722  6655 2075.45542   52  251 2089.51277 1966.41983  5.89%  73.3 1165s
 19653  6704 infeasible   52      2089.51277 1967.48198  5.84%  71.6 1180s
 19778  6736 1990.78343   52  190 2089.51277 1967.60459  5.83%  71.7 1188s
 19888  7115 1970.56540   62  214 2089.51277 1967.83887  5.82%  71.7 1209s
 20979  7116 2081.35632   45  171 2089.51277 1968.70334  5.78%  70.3 1465s
 20981  7117 2077.57403   32   90 2089.51277 1968.70334  5.78%  70.3 1471s
 20982  7118 2011.46049   46  617 2089.51277 1968.70334  5.78%  70.3 1482s
 20984  7119 2060.42470   24  549 2089.51277 1968.70334  5.78%  70.3 1486s
 20986  7121 1973.85222   55  570 2089.51277 1968.70334  5.78%  70.3 1490s
 20990  7123 2030.52966   38  656 2089.51277 1968.70334  5.78%  70.3 1495s
 20994  7126 2021.93879   48  684 2089.51277 1968.70334  5.78%  70.3 1503s
 20995  7127 2059.03436   50  669 2089.51277 1968.70334  5.78%  70.3 1505s
 20999  7129 2080.13667   45  771 2089.51277 1968.70334  5.78%  70.3 1510s
 21002  7131 2032.41441   41  685 2089.51277 1968.70334  5.78%  70.2 1529s
 21003  7132 2053.39859   46  597 2089.51277 1968.70334  5.78%  70.2 1532s
 21006  7134 2054.53760   37  694 2089.51277 1968.70334  5.78%  70.2 1535s
 21008  7135 1993.30921   31  638 2089.51277 1968.70334  5.78%  70.2 1571s
 21012  7138 1975.44280   55  696 2089.51277 1968.70334  5.78%  70.2 1575s
 21013  7139 2042.82600   56  695 2089.51277 1968.70334  5.78%  70.2 1607s
 21017  7141 2030.17692   56  678 2089.51277 1968.70334  5.78%  70.2 1636s
 21022  7145 2008.95635   49  662 2089.51277 1968.70334  5.78%  70.2 1640s
 21023  7145 2004.85784   65  662 2089.51277 1968.70334  5.78%  70.2 1655s
 21025  7147 2080.42765   57  667 2089.51277 1968.70334  5.78%  70.2 1676s
 21032  7151 2046.83035   52  647 2089.51277 1968.70334  5.78%  70.1 1703s
 21033  7152 2072.92242   35  642 2089.51277 1968.70334  5.78%  70.1 1705s
 21035  7153 2003.05893   52  655 2089.51277 1968.70334  5.78%  70.1 1721s
 21040  7157 1984.21020   44  647 2089.51277 1968.70334  5.78%  70.1 1744s
 21041  7157 1973.75293   41  653 2089.51277 1968.70334  5.78%  70.1 1746s
 21042  7158 2073.92225   35  645 2089.51277 1968.70334  5.78%  70.1 1784s
 21043  7159 2050.65353   57  662 2089.51277 1968.70334  5.78%  70.1 1786s
 21044  7159 2024.10866   42  663 2089.51277 1968.70334  5.78%  70.1 1828s
 21045  7160 2024.01922   44  667 2089.51277 1968.70334  5.78%  70.1 1830s
 21046  7161 2013.86833   37  670 2089.51277 1968.70334  5.78%  70.1 1868s
 21047  7161 2048.90040   67  659 2089.51277 1968.70334  5.78%  70.1 1870s
 21049  7163 1982.76485   51  663 2089.51277 1968.70334  5.78%  70.1 1908s
 21050  7163 2014.37870   40  653 2089.51277 1968.70334  5.78%  70.1 1911s
 21052  7165 2012.73005   43  661 2089.51277 1968.70334  5.78%  70.1 1941s
 21056  7167 1998.44803   33  674 2089.51277 1968.70334  5.78%  70.1 1945s
 21060  7170 2080.30393   42  678 2089.51277 1968.70334  5.78%  70.0 1961s
 21063  7172 2029.11280   41  677 2089.51277 1968.70334  5.78%  70.0 1965s
 21065  7173 2057.50137   51  682 2089.51277 1968.70334  5.78%  70.0 1990s
 21069  7176 1994.36537   58  703 2089.51277 1968.70334  5.78%  70.0 2016s
 21071  7177 2005.44145   30  684 2089.51277 1968.70334  5.78%  70.0 2023s
 21073  7179 2050.27617   66  681 2089.51277 1968.70334  5.78%  70.0 2037s
 21075  7180 2074.83154   36  698 2089.51277 1968.70334  5.78%  70.0 2058s
 21077  7181 2083.82329   47  699 2089.51277 1968.70334  5.78%  70.0 2080s
 21079  7183 2081.35632   45  679 2089.51277 1968.70334  5.78%  70.0 2087s
 21085  7187 2041.33622   51  692 2089.51277 1968.70334  5.78%  70.0 2090s
 21087  7188 2054.56852   69  687 2089.51277 1968.70334  5.78%  70.0 2117s
 21088  7189 2031.57392   63  691 2089.51277 1968.70334  5.78%  70.0 2120s
 21089  7189 2062.89265   46  692 2089.51277 1968.70334  5.78%  70.0 2170s
 21090  7190 2030.52966   38  693 2089.51277 1968.70334  5.78%  69.9 2195s
 21091  7191 2031.84234   47  693 2089.51277 1968.70334  5.78%  69.9 2261s
 21092  7191 2041.09306   44  692 2089.51277 1968.70334  5.78%  69.9 2304s
 21093  7192 2029.94478   59  692 2089.51277 1968.70334  5.78%  69.9 2307s
 21094  7193 2021.93879   48  669 2089.51277 1968.70334  5.78%  69.9 2310s
 21097  7195 2045.97862   42  843 2089.51277 1968.70334  5.78%  69.9 2353s
 21098  7195 1972.92017   32  837 2089.51277 1968.70334  5.78%  69.9 2393s
 21099  7196 2080.13667   45  841 2089.51277 1968.70334  5.78%  69.9 2395s
 21101  7197 1996.34595   45  848 2089.51277 1968.70334  5.78%  69.9 2445s
 21103  7199 2053.39859   46  845 2089.51277 1968.70334  5.78%  69.9 2493s
 21104  7199 2078.46974   51  846 2089.51277 1968.70334  5.78%  69.9 2545s
 21105  7200 2079.06410   63  846 2089.51277 1968.70334  5.78%  69.9 2564s
 21106  7201 2054.53760   37  846 2089.51277 1968.70334  5.78%  69.9 2568s
 21107  7204 1968.70334   30  652 2089.51277 1968.70334  5.78%  71.2 2572s
 21109  7208 1968.70334   31 1080 2089.51277 1968.70334  5.78%  71.3 2576s
 21117  7216 1968.70334   33  248 2089.51277 1968.70334  5.78%  71.4 2580s
 21137  7229 1968.70334   36  182 2089.51277 1968.70334  5.78%  71.4 2587s
 21151  7233 1968.70334   38  245 2089.51277 1968.70334  5.78%  71.5 2591s
 21164  7245 2040.86599   39   83 2089.51277 1968.70334  5.78%  71.5 2596s
 21190  7259 1968.70334   42  247 2089.51277 1968.70334  5.78%  71.5 2600s
 21215  7263 2039.53349   45   75 2089.51277 1968.70334  5.78%  71.5 2606s
 21236  7272 1968.70334   47  256 2089.51277 1968.70334  5.78%  71.6 2610s
 21266  7286 1968.70334   52  227 2089.51277 1968.70334  5.78%  71.8 2615s
 21325  7294 infeasible   68      2089.51277 1968.70334  5.78%  71.7 2621s
 21346  7295 1968.70334   34  206 2089.51277 1968.70334  5.78%  71.6 2625s
 21387  7298 1968.70334   36  200 2089.51277 1968.70334  5.78%  71.6 2630s
 21411  7305 infeasible   39      2089.51277 1968.70334  5.78%  71.5 2636s
 21426  7308 1969.91215   40  194 2089.51277 1968.70334  5.78%  71.5 2640s
 21453  7317 1973.75004   45  194 2089.51277 1968.70334  5.78%  71.5 2645s
 21493  7325 2085.69947   49  146 2089.51277 1968.70334  5.78%  71.4 2650s
 21563  7322 2038.20893   36  129 2089.51277 1968.70334  5.78%  71.2 2656s
 21611  7322 1968.70334   37   97 2089.51277 1968.70334  5.78%  71.2 2661s
 21686  7314 1968.70334   36  214 2089.51277 1968.70334  5.78%  71.0 2667s
 21738  7326 1968.70334   39  212 2089.51277 1968.70334  5.78%  70.9 2671s
 21769  7343 1968.70334   50  212 2089.51277 1968.70334  5.78%  70.8 2676s
 21819  7341 1968.70334   36  195 2089.51277 1968.70334  5.78%  70.8 2680s
 21878  7343 1968.70334   45  195 2089.51277 1968.70334  5.78%  70.6 2687s
 21933  7339 2059.48954   51   68 2089.51277 1968.70334  5.78%  70.5 2691s
 21977  7346 2033.89910   48  158 2089.51277 1968.70334  5.78%  70.4 2695s
 22046  7382 2066.09997   46  139 2089.51277 1968.70334  5.78%  70.3 2701s
 22234  7393 infeasible   51      2089.51277 1968.70334  5.78%  69.9 2706s
 22462  7411 1968.70334   38   83 2089.51277 1968.70334  5.78%  69.3 2711s
 22672  7350 2068.95608   55  144 2089.51277 1968.70334  5.78%  68.9 2715s
 22783  7421 2050.05118   44  126 2089.51277 1968.70334  5.78%  68.7 2724s
 23078  7445 2057.07135   38    9 2089.51277 1968.70334  5.78%  68.1 2732s
 23352  7403 2058.37427   55   63 2089.51277 1968.70334  5.78%  67.6 2737s
 23476  7430 1968.70334   35  230 2089.51277 1968.70334  5.78%  67.3 2745s
 23677  7372 infeasible   48      2089.51277 1968.70334  5.78%  67.0 2750s
 23744  7450 infeasible   53      2089.51277 1968.70334  5.78%  66.9 2759s
 23996  7404 1977.11288   35  169 2089.51277 1968.70334  5.78%  66.5 2765s
 24205  7344 2000.50986   78   86 2089.51277 1968.70334  5.78%  66.0 2770s
 24251  7561 2002.40144   88   47 2089.51277 1968.70334  5.78%  66.0 2779s
 24643  7475     cutoff   60      2089.51277 1968.70334  5.78%  65.2 2785s
 24723  7600 1981.88447   38  231 2089.51277 1968.70334  5.78%  65.1 2800s
 25104  7604 2050.39112   46  170 2089.51277 1968.70334  5.78%  64.5 2811s
 25370  7860 1982.15416   43  188 2089.51277 1968.70334  5.78%  64.1 2824s
 25945  7684 infeasible   63      2089.51277 1968.70334  5.78%  63.1 2831s
 25975  7936 2005.55984   39  155 2089.51277 1968.70334  5.78%  63.1 2845s
 26532  7937 infeasible   67      2089.51277 1968.70334  5.78%  62.2 2857s
 27029  7768 2084.94215   61  155 2089.51277 1968.70334  5.78%  61.4 2862s
 27066  7978     cutoff   60      2089.51277 1968.70334  5.78%  61.4 2879s
 27693  7807 infeasible   56      2089.51277 1968.70334  5.78%  60.5 2885s
 27815  8062 2062.52600   43  164 2089.51277 1968.70334  5.78%  60.3 2902s
 28588  7909     cutoff   58      2089.51277 1968.70334  5.78%  59.2 2918s
 29343  7664     cutoff   47      2089.51277 1968.70334  5.78%  58.2 2923s
 29398  7838 1968.70334   54  210 2089.51277 1968.70334  5.78%  58.1 2937s
 30057  7727 2060.04242   49   86 2089.51277 1968.70334  5.78%  57.3 2949s
 30535  7738 2082.13797   56  181 2089.51277 1968.70334  5.78%  56.8 2962s
 31024  7965 2065.44024   46   58 2089.51277 1968.70334  5.78%  56.2 2983s
 32004  7678 1968.76113   54  206 2089.51277 1968.70334  5.78%  55.1 3018s
 32108  8807 1970.86480   60  200 2089.51277 1968.70334  5.78%  55.0 3106s
 36108  7483 2060.63547   73  127 2089.51277 1977.52317  5.36%  51.3 3110s
 36186  7472 1979.77526   49  182 2089.51277 1977.65134  5.35%  51.3 3115s
 36230  7576 1982.24985   51  182 2089.51277 1977.91899  5.34%  51.3 3128s
 36778  7593 2083.96135   62  113 2089.51277 1980.51395  5.22%  50.8 3139s
 37352  7417     cutoff   50      2089.51277 1982.99528  5.10%  50.3 3142s
 37380  7591 2016.67832   56  186 2089.51277 1982.99528  5.10%  50.3 3152s
 37921  7571 infeasible   55      2089.51277 1984.38214  5.03%  49.9 3162s
 38350  7442 2036.14953   41  111 2089.51277 1985.62641  4.97%  49.7 3167s
 38401  7594 2068.19738   42   35 2089.51277 1985.73497  4.97%  49.6 3177s
 38923  7431 infeasible   54      2089.51277 1987.32115  4.89%  49.2 3181s
 38999  7604 2039.62210   51   61 2089.51277 1987.41318  4.89%  49.2 3193s
 39575  7578 2085.83399   77   61 2089.51277 1988.49904  4.83%  48.8 3201s
 40004  7447 2062.50773   45   66 2089.51277 1989.40183  4.79%  48.5 3206s
 40180  7502 1991.52226   51  195 2089.51277 1989.98550  4.76%  48.3 3215s
 40805  7492 1992.42736   48  131 2089.51277 1991.40259  4.70%  47.9 3230s
 41362  7359 2013.35258   54  104 2089.51277 1992.70292  4.63%  47.5 3237s
 41575  7442 infeasible   53      2089.51277 1992.73816  4.63%  47.4 3244s
 42195  7280 1995.01019   67  190 2089.51277 1993.78271  4.58%  47.0 3248s
 42337  7509 2083.29711   77   54 2089.51277 1994.05313  4.57%  46.9 3302s
 43621  7404 2053.51021   72  145 2089.51277 1996.13302  4.47%  46.1 3307s
 43704  7555 2010.70342   71  210 2089.51277 1996.82992  4.44%  46.1 3315s
 44162  7614     cutoff   50      2089.51277 1998.06681  4.38%  45.8 3321s
 44358  7654 2000.09041   35  208 2089.51277 1998.39140  4.36%  45.7 3326s
 44461  7737 2000.40580   38  218 2089.51277 1998.39140  4.36%  45.7 3332s
 44632  7743 2046.73755   48  187 2089.51277 1998.39140  4.36%  45.6 3343s
 44984  7764 2082.40430   61  133 2089.51277 1998.59296  4.35%  45.4 3348s
 45057  7917 2028.96755   40  274 2089.51277 1998.62861  4.35%  45.5 3363s
 45428  8003 2058.35689   54  166 2089.51277 1998.81438  4.34%  45.3 3372s
 45620  7998 infeasible   47      2089.51277 1998.95480  4.33%  45.4 3378s
 45645  8206 2029.34865   41  265 2089.51277 1999.08883  4.33%  45.4 3386s
 46028  8195 infeasible   59      2089.51277 1999.35880  4.31%  45.4 3393s
 46050  8367 2002.01298   46  244 2089.51277 1999.73517  4.30%  45.5 3407s
 46526  8375 infeasible   42      2089.51277 2000.18682  4.27%  45.4 3413s
 46569  8571 2086.12747   46  166 2089.51277 2000.20403  4.27%  45.4 3425s
 47205  8763 2045.83428   44  221 2089.51277 2000.53261  4.26%  45.3 3439s
 47727  8835 infeasible   44      2089.51277 2000.99540  4.24%  45.2 3449s
 47987  8982 2006.98517   52  233 2089.51277 2001.08240  4.23%  45.2 3459s
 48456  8952 infeasible   69      2089.51277 2001.42536  4.22%  45.2 3467s
 48544  9085 infeasible   55      2089.51277 2001.52140  4.21%  45.3 3476s
 49000  9092     cutoff   70      2089.51277 2001.86134  4.19%  45.2 3481s
 49051  9245 2003.20882   65   57 2089.51277 2001.87875  4.19%  45.2 3489s
 49459  9277 2087.60620   83   57 2089.51277 2001.98407  4.19%  45.0 3495s
 49604  9374 infeasible   46      2089.51277 2001.98407  4.19%  45.1 3505s
 49891  9604 2049.08680   55  106 2089.51277 2002.13224  4.18%  45.0 3520s
 50483  9712 infeasible   62      2089.51277 2002.44429  4.17%  44.9 3527s
 50728  9921 infeasible   41      2089.51277 2002.52088  4.16%  44.7 3537s
 51380 10194 infeasible   64      2089.51277 2002.78698  4.15%  44.6 3558s
 52159 10194 infeasible   76      2089.51277 2003.09113  4.14%  44.4 3564s
 52247 10380 2027.78020   51  224 2089.51277 2003.19959  4.13%  44.4 3580s
 52927 10657 2072.38704   64  297 2089.51277 2003.48000  4.12%  44.2 3629s
 53792 10677 2029.05668   57   95 2089.51277 2003.79776  4.10%  43.9 3634s
 53854 10808 2014.96829   38  238 2089.51277 2003.83899  4.10%  43.9 3648s
 54488 10939 2007.17161   57  140 2089.51277 2004.05886  4.09%  43.7 3658s
 55012 10945 infeasible  101      2089.51277 2004.33131  4.08%  43.6 3661s
 55040 11104 2075.47455   65   77 2089.51277 2004.34276  4.08%  43.6 3674s
 55539 11110 infeasible   68      2089.51277 2004.48714  4.07%  43.5 3678s
 55582 11251 2006.78538   48  186 2089.51277 2004.50909  4.07%  43.5 3687s
 56081 11294     cutoff   53      2089.51277 2004.62696  4.06%  43.3 3690s
 56251 11491 infeasible   58      2089.51277 2004.72402  4.06%  43.3 3702s
 56805 11485 2029.91972   46  197 2089.51277 2004.87042  4.05%  43.1 3706s
 56867 11625 infeasible   58      2089.51277 2004.92505  4.05%  43.1 3717s
 57346 11780 infeasible   49      2089.51277 2005.21425  4.03%  42.9 3725s
 57863 11845 infeasible   59      2089.51277 2005.34553  4.03%  42.8 3731s
 58002 12051 2013.94719   60  239 2089.51277 2005.36858  4.03%  42.7 3741s
 58594 12288 2048.90619   69  207 2089.51277 2005.52520  4.02%  42.5 3751s
 59276 12455 2006.75249   42  225 2089.51277 2005.73502  4.01%  42.3 3763s
 59845 12485 2008.03233   46  280 2089.51277 2005.91289  4.00%  42.2 3770s
 60010 12675 2018.39542   50  226 2089.51277 2006.03634  4.00%  42.1 3776s
 60504 12909 2054.77430   67  213 2089.51277 2006.22758  3.99%  42.0 3791s
 61139 13011     cutoff   56      2089.51277 2006.35510  3.98%  41.8 3797s
 61360 13212 2051.33708   58  159 2089.51277 2006.45360  3.98%  41.8 3804s
 61883 13222 infeasible   61      2089.51277 2006.60754  3.97%  41.6 3807s
 61909 13377 2056.81194   54  224 2089.51277 2006.62767  3.97%  41.6 3817s
 62325 13493 2053.68452   76   24 2089.51277 2006.75677  3.96%  41.5 3823s
 62644 13584     cutoff   62      2089.51277 2006.91716  3.95%  41.4 3829s
 62841 13742 2044.11845   51  175 2089.51277 2007.00415  3.95%  41.3 3840s
 63293 13778 2048.41872   62  184 2089.51277 2007.19665  3.94%  41.2 3868s
 63526 14474     cutoff   80      2089.51277 2007.24094  3.94%  41.1 3896s
 65557 14544 2055.67676   62  191 2089.51277 2007.80310  3.91%  40.6 3900s
 65759 14791 infeasible   62      2089.51277 2007.89397  3.91%  40.5 3908s
 66380 14800 infeasible   57      2089.51277 2008.00192  3.90%  40.3 3911s
 66426 15027 2043.19927   84  124 2089.51277 2008.00975  3.90%  40.3 3920s
 67029 15194 infeasible   66      2089.51277 2008.16888  3.89%  40.2 3928s
 67483 15191 infeasible   72      2089.51277 2008.35059  3.88%  40.0 3932s
 67534 15422 2079.54739   77  160 2089.51277 2008.35975  3.88%  40.0 3943s
 68104 15432 2082.32753   69  153 2089.51277 2008.47494  3.88%  39.9 3946s
 68155 15594 2037.15529   70  204 2089.51277 2008.49524  3.88%  39.9 3954s
 68716 15796 2026.72154   70   66 2089.51277 2008.63039  3.87%  39.7 3961s
 69260 15905 2072.75481   66  168 2089.51277 2008.73265  3.87%  39.6 3969s
 69523 15931 2027.49077   53  167 2089.51277 2008.78675  3.86%  39.5 3974s
 69669 16132 2038.93464  102   52 2089.51277 2008.79478  3.86%  39.5 3984s
 70223 16142 infeasible   47      2089.51277 2008.97054  3.85%  39.4 3985s
 70243 16294 2055.46734   64  191 2089.51277 2008.98795  3.85%  39.4 3995s
 70723 16347 infeasible   56      2089.51277 2009.08695  3.85%  39.3 4001s
 70969 16375 2062.89152   46  307 2089.51277 2009.15888  3.85%  39.2 4005s
 71189 16461 2046.84458   62  195 2089.51277 2009.21695  3.84%  39.2 4011s
 71433 16621 infeasible   49      2089.51277 2009.30530  3.84%  39.2 4019s
 71857 16631 2055.11165   61  211 2089.51277 2009.43157  3.83%  39.1 4023s
 71926 16765 2017.72735   69  187 2089.51277 2009.43559  3.83%  39.0 4034s
 72467 16766 2012.54158   69  142 2089.51277 2009.55062  3.83%  38.9 4037s
 72480 16842 2013.00447   71  141 2089.51277 2009.56260  3.83%  38.9 4045s
 72737 16930 2017.45058   53  227 2089.51277 2009.63936  3.82%  38.9 4055s
 73019 17064 2056.01094   67  187 2089.51277 2009.68700  3.82%  38.8 4069s
 73538 17200 2048.27136   73  172 2089.51277 2009.82109  3.81%  38.7 4103s
 73935 17390 2046.89576   57  162 2089.51277 2009.96810  3.81%  38.6 4119s
 74582 17417 2025.49180   62  210 2089.51277 2010.01606  3.80%  38.5 4122s
 74649 17800 infeasible   60      2089.51277 2010.02941  3.80%  38.4 4141s
 75716 18006 2011.19091   64  204 2089.51277 2010.58760  3.78%  38.2 4152s
 76408 18090 2079.49825   61  182 2089.51277 2010.81604  3.77%  38.0 4159s
 76699 18195 2085.28208   67  122 2089.51277 2010.91498  3.76%  37.9 4168s
 77053 18320 2024.29335   41   23 2089.51277 2011.00351  3.76%  37.9 4175s
 77352 18437 2012.63693   72  221 2089.51277 2011.09078  3.75%  37.8 4182s
 77730 18530 2025.84073   85  196 2089.51277 2011.18566  3.75%  37.7 4189s
 78020 18819 2047.23021   59  161 2089.51277 2011.24284  3.75%  37.7 4204s
 78780 18826 infeasible   60      2089.51277 2011.50156  3.73%  37.5 4207s
 78820 19034 2013.31778   72  229 2089.51277 2011.50839  3.73%  37.5 4217s
 79460 19208 2011.85861   57  107 2089.51277 2011.73327  3.72%  37.4 4229s
 80041 19214 2050.23391   62  172 2089.51277 2011.86345  3.72%  37.3 4233s
 80093 19459 2029.35761   60  194 2089.51277 2011.89128  3.71%  37.3 4246s
 80722 19598 infeasible   57      2089.51277 2012.07126  3.71%  37.2 4257s
 81314 19842     cutoff   62      2089.51277 2012.29138  3.70%  37.1 4274s
 81952 20032 infeasible   47      2089.51277 2012.42297  3.69%  37.0 4285s
 82584 20263 2041.88896   60   44 2089.51277 2012.64576  3.68%  36.8 4299s
 83187 20384 infeasible   52      2089.51277 2012.80673  3.67%  36.7 4313s
 83764 20487 infeasible   66      2089.51277 2013.02562  3.66%  36.6 4333s
 84046 20945 infeasible   76      2089.51277 2013.11555  3.66%  36.5 4353s
 85524 20950 2085.39861   67  159 2089.51277 2013.62439  3.63%  36.2 4356s
 85549 21057 2014.45241   68  118 2089.51277 2013.62439  3.63%  36.2 4364s
 86042 21126 2062.98300   80  175 2089.51277 2013.86674  3.62%  36.1 4367s
 86222 21135 2087.70613   68  156 2089.51277 2013.92551  3.62%  36.1 4370s
 86240 21219 infeasible   68      2089.51277 2013.92551  3.62%  36.1 4376s
 86468 21294 2059.43315   70  204 2089.51277 2013.94887  3.62%  36.0 4380s
 86593 21448 infeasible   71      2089.51277 2013.97973  3.61%  36.0 4391s
 87075 21679 infeasible   75      2089.51277 2014.06326  3.61%  35.9 4406s
 87717 21822 2028.45707   59  171 2089.51277 2014.23939  3.60%  35.8 4416s
 88168 21815 infeasible   67      2089.51277 2014.37100  3.60%  35.7 4420s
 88259 22070 2029.99893   76  195 2089.51277 2014.43355  3.59%  35.7 4431s
 88977 22217     cutoff   80      2089.51277 2014.61408  3.58%  35.5 4443s
 89502 22222 2053.01166   69  166 2089.51277 2014.73466  3.58%  35.4 4445s
 89537 22478 2056.88018   84  187 2089.51277 2014.73466  3.58%  35.4 4456s
 90207 22631 infeasible   70      2089.51277 2014.95684  3.57%  35.3 4466s
 90734 22623     cutoff   79      2089.51277 2015.09172  3.56%  35.2 4470s
 90779 22801     cutoff   53      2089.51277 2015.12156  3.56%  35.2 4485s
 91389 22919 2068.61207   61  194 2089.51277 2015.30535  3.55%  35.1 4496s
 91753 22951     cutoff   54      2089.51277 2015.44888  3.54%  35.0 4506s
 91997 23084 infeasible   48      2089.51277 2015.49561  3.54%  35.0 4520s
 92671 23198 2050.97302   73   71 2089.51277 2015.70262  3.53%  34.9 4539s
 93265 23362 2045.26770   50  295 2089.51277 2015.88882  3.52%  34.8 4552s
 93835 23366 2075.73740   70  125 2089.51277 2016.03342  3.52%  34.7 4558s
 93911 23483 2047.54877   61  100 2089.51277 2016.09878  3.51%  34.7 4569s
 94453 23646     cutoff   59      2089.51277 2016.23796  3.51%  34.6 4603s
 95105 23682 2027.71606   64  207 2089.51277 2016.41670  3.50%  34.5 4607s
 95235 23806 2031.99449   78  198 2089.51277 2016.41670  3.50%  34.4 4621s
 95854 23816 2078.90242   79  116 2089.51277 2016.60041  3.49%  34.3 4627s
 96033 23917 infeasible   78      2089.51277 2016.61665  3.49%  34.3 4638s
 96461 23925 2081.44956   78   63 2089.51277 2016.65238  3.49%  34.3 4642s
 96504 24034 2079.02119   80   75 2089.51277 2016.72174  3.48%  34.3 4657s
 97078 24029 infeasible   81      2089.51277 2016.78655  3.48%  34.2 4662s
 97099 24105 2050.41166   65  133 2089.51277 2016.88972  3.48%  34.2 4674s
 97499 24143 2023.15904   54  202 2089.51277 2017.00154  3.47%  34.1 4679s
 97763 24293 2067.62765   63   97 2089.51277 2017.10071  3.47%  34.1 4694s
 98562 24298 2020.23987   76  194 2089.51277 2017.41695  3.45%  33.9 4697s
 98626 24435 2022.51681   77  199 2089.51277 2017.41695  3.45%  33.9 4711s
 99335 24559 2024.46519   62  195 2089.51277 2017.61315  3.44%  33.8 4721s
 99919 24748 2074.14355   59  221 2089.51277 2017.77460  3.43%  33.7 4737s
 100634 24963 2031.42175   55  157 2089.51277 2017.96171  3.42%  33.6 4749s
 101311 24969 2066.74691   62  143 2089.51277 2018.13315  3.42%  33.5 4751s
 101341 25133 2018.48001   51   80 2089.51277 2018.15385  3.42%  33.5 4766s
 102020 25175 2018.52698   63  217 2089.51277 2018.35138  3.41%  33.4 4774s
 102165 25343 2050.04225   75   90 2089.51277 2018.37608  3.40%  33.4 4790s
 102784 25454 2028.99589   87  131 2089.51277 2018.50248  3.40%  33.3 4805s
 103431 25614 2019.98022   69  215 2089.51277 2018.70678  3.39%  33.2 4823s
 104065 25775 2084.97122   64   38 2089.51277 2018.89563  3.38%  33.1 4836s
 104656 25795 2025.75898   63  186 2089.51277 2019.08912  3.37%  33.0 4880s
 104755 26316 2073.75078   68   28 2089.51277 2019.11228  3.37%  33.0 4973s
 108412 26313     cutoff   80      2089.51277 2019.58388  3.35%  32.5 4976s
 108481 26340 2050.69008   67  146 2089.51277 2019.59237  3.35%  32.4 4982s
 108522 26434 2032.59319   73  163 2089.51277 2019.59237  3.35%  32.4 4994s
 109035 26585 infeasible   68      2089.51277 2019.76441  3.34%  32.4 5006s
 109563 26601 infeasible   79      2089.51277 2019.91523  3.33%  32.3 5011s
 109625 26692 2069.94796   60   98 2089.51277 2019.93918  3.33%  32.3 5021s
 110123 26766 infeasible   62      2089.51277 2020.08973  3.32%  32.3 5030s
 110524 26818 infeasible   47      2089.51277 2020.17123  3.32%  32.2 5044s
 110867 26806 infeasible   75      2089.51277 2020.24822  3.31%  32.2 5048s
 110942 26953 2023.21028   67  140 2089.51277 2020.31037  3.31%  32.2 5063s
 111514 27002 2043.22739   70  119 2089.51277 2020.42500  3.31%  32.1 5072s
 111876 27019 infeasible   59      2089.51277 2020.61781  3.30%  32.1 5078s
 112005 27169 2021.39139   43  180 2089.51277 2020.67535  3.29%  32.1 5091s
 112587 27206 2042.00241   59  160 2089.51277 2020.74155  3.29%  32.0 5096s
 112763 27314 2021.12129   60   89 2089.51277 2020.79211  3.29%  32.0 5109s
 113361 27352 infeasible   65      2089.51277 2020.90884  3.28%  31.9 5116s
 113611 27385 2054.29429   53  207 2089.51277 2021.04222  3.28%  31.9 5120s
 113685 27451 2070.06193   67  235 2089.51277 2021.06736  3.28%  31.9 5133s
 114173 27584 2073.71912   55   72 2089.51277 2021.18379  3.27%  31.8 5144s
 114724 27591 2037.09954   52  205 2089.51277 2021.37005  3.26%  31.8 5149s
 114764 27656 2034.68379   69  159 2089.51277 2021.39513  3.26%  31.8 5161s
 115303 27790 infeasible   70      2089.51277 2021.55672  3.25%  31.7 5209s
 116144 27789 infeasible   59      2089.51277 2021.76840  3.24%  31.6 5212s
 116184 27832 2052.10011   77  117 2089.51277 2021.80254  3.24%  31.6 5223s
 116680 27847 infeasible   54      2089.51277 2021.93346  3.23%  31.6 5229s
 116761 27952 2043.04514   67  167 2089.51277 2021.97686  3.23%  31.6 5241s
 117338 27994 infeasible   61      2089.51277 2022.12270  3.23%  31.5 5247s
 117517 28073 2087.36508   68  141 2089.51277 2022.15307  3.22%  31.5 5259s
 118054 28084     cutoff   68      2089.51277 2022.33531  3.21%  31.5 5263s
 118104 28254 2025.75567   65  205 2089.51277 2022.36350  3.21%  31.5 5276s
 118729 28321 2035.36917   64   61 2089.51277 2022.53637  3.21%  31.4 5285s
 118966 28325 2057.26778   37  319 2089.51277 2022.59392  3.20%  31.4 5295s
 119064 28419 2057.26889   38  319 2089.51277 2022.59531  3.20%  31.4 5309s
 119439 28412 infeasible   71      2089.51277 2022.60867  3.20%  31.4 5316s
 119530 28492 infeasible   83      2089.51277 2022.66606  3.20%  31.4 5329s
 119911 28510 infeasible   58      2089.51277 2022.70332  3.20%  31.3 5336s
 119997 28605 2074.19863   49    5 2089.51277 2022.77775  3.19%  31.3 5352s
 120487 28617 infeasible   57      2089.51277 2022.85644  3.19%  31.3 5359s
 120557 28755 infeasible   86      2089.51277 2022.98254  3.18%  31.3 5377s
 121031 28791 2064.34822   40  225 2089.51277 2023.01451  3.18%  31.3 5385s
 121135 28843 2087.37497   44  255 2089.51277 2023.08474  3.18%  31.3 5398s
 121472 28828 2050.99509   39  231 2089.51277 2023.09437  3.18%  31.3 5405s
 121502 28834 2051.84712   40  238 2089.51277 2023.09437  3.18%  31.3 5410s
 121542 28973 2052.74717   42  355 2089.51277 2023.28592  3.17%  31.3 5423s
 121909 29041 2054.76344   52  389 2089.51277 2023.33697  3.17%  31.3 5438s
 122401 29050 infeasible   66      2089.51277 2023.45484  3.16%  31.2 5443s
 122452 29130 2025.10067   52  200 2089.51277 2023.53559  3.16%  31.2 5457s
 123053 29225 2025.03164   73  158 2089.51277 2023.76644  3.15%  31.2 5470s
 123432 29237 infeasible   49      2089.51277 2023.77301  3.15%  31.2 5476s
 123519 29280 2052.56196   51  276 2089.51277 2023.81827  3.14%  31.2 5490s
 123983 29282 infeasible   54      2089.51277 2023.86194  3.14%  31.2 5498s
 124028 29443 2082.51120   79  196 2089.51277 2024.00825  3.13%  31.2 5513s
 124740 29513     cutoff   71      2089.51277 2024.23196  3.12%  31.2 5524s
 125178 29522 infeasible   76      2089.51277 2024.43835  3.11%  31.1 5529s
 125265 29642 2062.39688   48  219 2089.51277 2024.44541  3.11%  31.1 5544s
 125799 29641 infeasible   62      2089.51277 2024.45403  3.11%  31.1 5579s
 125917 29871 2045.81684   60   98 2089.51277 2024.53766  3.11%  31.1 5630s
 127929 29883 2081.74327   62   60 2089.51277 2024.73463  3.10%  30.9 5636s
 127985 29917 infeasible   75      2089.51277 2024.76782  3.10%  30.9 5646s
 128234 30105 2027.93878   61  238 2089.51277 2025.05737  3.08%  30.8 5661s
 129088 30132 infeasible  112      2089.51277 2025.16890  3.08%  30.8 5665s
 129290 30319 2048.53708   45  100 2089.51277 2025.28452  3.07%  30.7 5677s
 130041 30329 2060.68491   53   86 2089.51277 2025.41688  3.07%  30.7 5680s
 130090 30511 2039.13188   50  186 2089.51277 2025.44999  3.07%  30.7 5692s
 130777 30684 2078.29828   66  103 2089.51277 2025.57688  3.06%  30.6 5705s
 131502 30800 infeasible   80      2089.51277 2025.75280  3.05%  30.5 5725s
 132117 30918 infeasible   78      2089.51277 2025.91419  3.04%  30.5 5740s
 132695 30951 infeasible   65      2089.51277 2026.11228  3.03%  30.4 5746s
 132791 31005 2055.71756   55  190 2089.51277 2026.12733  3.03%  30.4 5761s
 133382 31101 infeasible   89      2089.51277 2026.28374  3.03%  30.4 5773s
 133987 31100 infeasible   83      2089.51277 2026.45866  3.02%  30.3 5777s
 134064 31235 infeasible   61      2089.51277 2026.54678  3.01%  30.3 5787s
 134665 31299 infeasible   82      2089.51277 2026.66885  3.01%  30.2 5797s
 135003 31318 2030.52425   60  184 2089.51277 2026.72164  3.01%  30.2 5803s
 135202 31437 infeasible   74      2089.51277 2026.76863  3.00%  30.2 5818s
 135815 31440 infeasible   60      2089.51277 2026.92013  3.00%  30.1 5821s
 135856 31584 infeasible   72      2089.51277 2026.92762  3.00%  30.1 5836s
 136466 31652 infeasible   87      2089.51277 2027.06229  2.99%  30.1 5874s
 136894 31682 2034.87226   79  179 2089.51277 2027.13518  2.99%  30.0 5880s
 137076 31805 2046.34577   63  195 2089.51277 2027.19834  2.98%  30.0 5905s
 138188 31815 2082.28068   69  170 2089.51277 2027.50262  2.97%  29.9 5913s
 138358 31951 2050.18718   64  169 2089.51277 2027.54834  2.97%  29.9 5928s
 139075 31946     cutoff   86      2089.51277 2027.79134  2.95%  29.9 5933s
 139133 32009 2029.33280   83  215 2089.51277 2027.81753  2.95%  29.9 5944s
 139771 32036 infeasible   72      2089.51277 2028.03108  2.94%  29.8 5956s
 140131 32049     cutoff   70      2089.51277 2028.10506  2.94%  29.8 5963s
 140328 32139 2062.18771   64  126 2089.51277 2028.16530  2.94%  29.8 5981s
 141052 32209 2067.35860   70  209 2089.51277 2028.34992  2.93%  29.7 5996s
 141656 32217 2029.12654   50  237 2089.51277 2028.49597  2.92%  29.7 6000s
 141761 32331 2029.44507   54  244 2089.51277 2028.50329  2.92%  29.7 6017s
 142416 32323 infeasible   56      2089.51277 2028.73034  2.91%  29.6 6023s
 142567 32417 2050.20782   62   97 2089.51277 2028.80429  2.91%  29.6 6038s
 143208 32434 2086.06991   70  162 2089.51277 2028.91959  2.90%  29.6 6042s
 143275 32584     cutoff   69      2089.51277 2028.93740  2.90%  29.6 6057s
 143939 32635 2072.99597   53  174 2089.51277 2029.11046  2.89%  29.5 6071s
 144540 32730 2065.75236   56  134 2089.51277 2029.30585  2.88%  29.4 6089s
 145134 32832 2081.29730   65  139 2089.51277 2029.49072  2.87%  29.4 6103s
 145632 32839 2075.52406   80  164 2089.51277 2029.61318  2.87%  29.3 6106s
 145703 32927 2055.11652   74  123 2089.51277 2029.61953  2.87%  29.3 6123s
 146284 32951 2084.34844   58  101 2089.51277 2029.79355  2.86%  29.3 6132s
 146534 32952 2062.04110   63  198 2089.51277 2029.84499  2.86%  29.3 6135s
 146598 33020 2081.29863   76  137 2089.51277 2029.87648  2.85%  29.3 6151s
 147194 33128 2059.52219   48  191 2089.51277 2030.01594  2.85%  29.2 6182s
 147904 33144 2048.12417   79  162 2089.51277 2030.23561  2.84%  29.2 6185s
 147951 33282 infeasible   77      2089.51277 2030.27674  2.83%  29.2 6203s
 148595 33381     cutoff   80      2089.51277 2030.37682  2.83%  29.1 6218s
 149137 33381 infeasible   61      2089.51277 2030.56528  2.82%  29.1 6222s
 149170 33476     cutoff   83      2089.51277 2030.59043  2.82%  29.1 6236s
 149731 33508 infeasible   69      2089.51277 2030.74265  2.81%  29.0 6242s
 149908 33519 2064.55500   43  100 2089.51277 2030.76691  2.81%  29.0 6252s
 150249 33544 infeasible   56      2089.51277 2030.81582  2.81%  29.0 6262s
 150456 33594 2031.69814   51  227 2089.51277 2030.92597  2.80%  29.0 6273s
 150974 33578 infeasible   72      2089.51277 2031.03845  2.80%  29.0 6279s
 151074 33639 2086.47700   72  154 2089.51277 2031.11342  2.79%  29.0 6292s
 151616 33714 2051.62718   62   50 2089.51277 2031.26719  2.79%  28.9 6307s
 152194 33720 2053.77293   62  161 2089.51277 2031.41723  2.78%  28.9 6310s
 152240 33739 2053.77300   69  169 2089.51277 2031.45501  2.78%  28.9 6321s
 152407 33741 2076.14816   49  202 2089.51277 2031.45501  2.78%  28.9 6326s
 152451 33827 2077.33526   58  200 2089.51277 2031.46219  2.78%  28.9 6340s
 153057 33888 2082.41812   66  167 2089.51277 2031.70085  2.77%  28.8 6350s
 153288 33981     cutoff   78      2089.51277 2031.75030  2.76%  28.8 6366s
 153875 33980 2035.84249   64  187 2089.51277 2031.88464  2.76%  28.7 6372s
 153928 34058 2036.39652   67  178 2089.51277 2031.88725  2.76%  28.7 6386s
 154454 34110 2078.91138   55   49 2089.51277 2032.00125  2.75%  28.7 6401s
 155036 34113 2081.28059   75  103 2089.51277 2032.25029  2.74%  28.6 6406s
 155089 34211 2084.63588   67  201 2089.51277 2032.25083  2.74%  28.6 6418s
 155632 34259 infeasible   71      2089.51277 2032.41122  2.73%  28.6 6425s
 155844 34316 2078.66997   41   77 2089.51277 2032.46477  2.73%  28.6 6435s
 156414 34321 2078.63098   50  146 2089.51277 2032.62385  2.72%  28.5 6441s
 156488 34359     cutoff   85      2089.51277 2032.63899  2.72%  28.5 6456s
 157003 34443 2071.09521   61   48 2089.51277 2032.81170  2.71%  28.5 6469s
 157463 34477 2072.64076   65  137 2089.51277 2032.97045  2.71%  28.5 6511s
 157673 34793 2047.29753   47  102 2089.51277 2033.04654  2.70%  28.5 6554s
 159386 34784 2068.94304   54  103 2089.51277 2033.46071  2.68%  28.3 6558s
 159457 34814     cutoff   45      2089.51277 2033.48530  2.68%  28.3 6566s
 159586 34921 infeasible   55      2089.51277 2033.52460  2.68%  28.3 6585s
 160240 34956 infeasible   76      2089.51277 2033.70851  2.67%  28.2 6593s
 160413 34980 infeasible   81      2089.51277 2033.73936  2.67%  28.2 6602s
 160823 35042 infeasible   70      2089.51277 2033.85252  2.66%  28.2 6618s
 161299 35036 2051.02202   50   98 2089.51277 2034.00585  2.66%  28.2 6624s
 161365 35162 infeasible   62      2089.51277 2034.04566  2.65%  28.2 6637s
 162033 35245 infeasible   61      2089.51277 2034.16992  2.65%  28.1 6648s
 162545 35268 2034.44884   65  175 2089.51277 2034.33717  2.64%  28.1 6653s
 162664 35305 2046.65076   61  168 2089.51277 2034.35909  2.64%  28.1 6668s
 163217 35314 2050.37393   89   81 2089.51277 2034.51752  2.63%  28.0 6682s
 163732 35320 2069.10931   52  193 2089.51277 2034.71823  2.62%  28.0 6690s
 163884 35412 2066.04208   45   88 2089.51277 2034.74608  2.62%  28.0 6698s
 164441 35419 2035.84711   67  172 2089.51277 2034.94821  2.61%  27.9 6703s
 164564 35500 infeasible   72      2089.51277 2034.97957  2.61%  27.9 6718s
 165129 35491 2035.36204   73  204 2089.51277 2035.11948  2.60%  27.9 6722s
 165162 35567     cutoff   75      2089.51277 2035.11948  2.60%  27.9 6734s
 165717 35554 2070.49375   71  136 2089.51277 2035.35475  2.59%  27.9 6741s
 165922 35703 2047.13171   53  181 2089.51277 2035.39778  2.59%  27.8 6754s
 166484 35707 2080.08153   59  156 2089.51277 2035.49691  2.59%  27.8 6758s
 166536 35814 2080.89533   67  115 2089.51277 2035.51122  2.58%  27.8 6768s
 166965 35852 2087.97119   66   81 2089.51277 2035.65840  2.58%  27.8 6782s
 167456 35845 2085.96330   59  138 2089.51277 2035.85996  2.57%  27.7 6786s
 167542 35878     cutoff   67      2089.51277 2035.86337  2.57%  27.7 6799s
 168054 36039 infeasible   75      2089.51277 2036.09080  2.56%  27.7 6856s
 168843 36028 2037.77931   67  171 2089.51277 2036.33789  2.54%  27.7 6863s
 168891 36129 2038.39441   70  171 2089.51277 2036.34188  2.54%  27.7 6878s
 169422 36121 2062.86978   86   55 2089.51277 2036.52570  2.54%  27.6 6883s
 169529 36171 2066.16595   51   48 2089.51277 2036.53702  2.54%  27.6 6895s
 170051 36213 infeasible   71      2089.51277 2036.71265  2.53%  27.6 6906s
 170528 36208 infeasible   69      2089.51277 2036.84605  2.52%  27.6 6923s
 171021 36260 infeasible   49      2089.51277 2037.05821  2.51%  27.6 6938s
 171554 36243 infeasible   65      2089.51277 2037.17682  2.50%  27.5 6945s
 171620 36239 2040.19818   47  163 2089.51277 2037.26152  2.50%  27.5 6957s
 172108 36238 infeasible   75      2089.51277 2037.42770  2.49%  27.5 6963s
 172224 36254 infeasible   58      2089.51277 2037.46371  2.49%  27.5 6978s
 172784 36310     cutoff   78      2089.51277 2037.62099  2.48%  27.5 6993s
 173217 36301 2075.33053   59  159 2089.51277 2037.80326  2.47%  27.4 6997s
 173265 36295 infeasible   74      2089.51277 2037.82458  2.47%  27.4 7009s
 173755 36310 infeasible   68      2089.51277 2037.97545  2.47%  27.4 7012s
 173840 36381 2077.72083   67  145 2089.51277 2037.98660  2.47%  27.4 7027s
 174414 36405 infeasible   68      2089.51277 2038.15809  2.46%  27.4 7043s
 174839 36407 2051.83565   87  118 2089.51277 2038.18016  2.46%  27.4 7051s
 174981 36375 2045.81009   49  170 2089.51277 2038.18424  2.46%  27.3 7061s
 175393 36423 2083.23674   55  191 2089.51277 2038.25872  2.45%  27.3 7066s
 175555 36489 infeasible   60      2089.51277 2038.37348  2.45%  27.3 7079s
 176001 36481     cutoff  101      2089.51277 2038.44133  2.44%  27.3 7088s
 176211 36455 2046.50800   70  173 2089.51277 2038.71563  2.43%  27.3 7106s
 176742 36455 2060.16317   62  131 2089.51277 2038.90138  2.42%  27.3 7111s
 176838 36488 infeasible   67      2089.51277 2038.93551  2.42%  27.3 7127s
 177466 36518 2051.94633  107   57 2089.51277 2039.18213  2.41%  27.2 7139s
 177956 36495 2075.83580   65  184 2089.51277 2039.28412  2.40%  27.2 7147s
 178080 36473 infeasible   80      2089.51277 2039.40208  2.40%  27.2 7164s
 178666 36483 2056.02807  116  130 2089.51277 2039.60975  2.39%  27.2 7171s
 178831 36530 2080.23777   73  141 2089.51277 2039.64028  2.39%  27.1 7185s
 179473 36504 2069.38265   47   72 2089.51277 2039.83563  2.38%  27.1 7230s
 179761 36643 infeasible   63      2089.51277 2039.98972  2.37%  27.1 7251s
 181028 36724 2084.20202   58  126 2089.51277 2040.28547  2.36%  27.0 7265s
 181636 36726 2042.31345   68  109 2089.51277 2040.41673  2.35%  27.0 7272s
 181912 36766 2054.04064   85   93 2089.51277 2040.51443  2.34%  27.0 7279s
 182162 36790 infeasible   57      2089.51277 2040.56322  2.34%  27.0 7289s
 182750 36779 infeasible   61      2089.51277 2040.72585  2.33%  26.9 7295s
 182876 36789 2049.90617   59  122 2089.51277 2040.76217  2.33%  26.9 7307s
 183432 36806     cutoff   83      2089.51277 2040.99013  2.32%  26.9 7316s
 183975 36812 2083.23278   67  161 2089.51277 2041.12543  2.32%  26.9 7321s
 184067 36814 2043.38748   68  140 2089.51277 2041.12543  2.32%  26.9 7330s
 184397 36852 infeasible   71      2089.51277 2041.26995  2.31%  26.8 7341s
 184980 36866 2041.90392   51  171 2089.51277 2041.39841  2.30%  26.8 7345s
 185023 36905 2083.40523   57  109 2089.51277 2041.39841  2.30%  26.8 7356s
 185605 36859 2050.45933   85   91 2089.51277 2041.60198  2.29%  26.8 7367s
 186062 36848 2086.12326   69  179 2089.51277 2041.72445  2.29%  26.8 7373s
 186199 36921 2058.90185   72  172 2089.51277 2041.77276  2.28%  26.8 7386s
 186823 36934 infeasible   72      2089.51277 2041.92846  2.28%  26.7 7396s
 187362 36918 infeasible   84      2089.51277 2042.03738  2.27%  26.7 7401s
 187456 36993 2045.33754   64  137 2089.51277 2042.04024  2.27%  26.7 7410s
 188021 36937 infeasible   61      2089.51277 2042.18360  2.27%  26.6 7424s
 188546 36926 infeasible   76      2089.51277 2042.31430  2.26%  26.6 7429s
 188630 36959 infeasible   67      2089.51277 2042.36988  2.26%  26.6 7444s
 189183 37061 2045.96205   53  192 2089.51277 2042.47471  2.25%  26.6 7459s
 189775 37094 2069.28395   56  107 2089.51277 2042.62645  2.24%  26.6 7500s
 190105 37171 2077.38070   60  157 2089.51277 2042.69751  2.24%  26.5 7522s
 191116 37179 infeasible   82      2089.51277 2042.92066  2.23%  26.5 7528s
 191197 37309 infeasible   56      2089.51277 2042.93593  2.23%  26.5 7544s
 191857 37302 infeasible   51      2089.51277 2043.02139  2.22%  26.5 7554s
 192119 37298 2046.26426   61  158 2089.51277 2043.11092  2.22%  26.4 7564s
 192397 37360 infeasible   65      2089.51277 2043.19684  2.22%  26.4 7576s
 192981 37397 2063.76614   61  144 2089.51277 2043.30009  2.21%  26.4 7595s
 193543 37494 2044.29182   51   73 2089.51277 2043.41408  2.21%  26.4 7609s
 194140 37496     cutoff   65      2089.51277 2043.54464  2.20%  26.4 7612s
 194181 37521 2081.34524   58  174 2089.51277 2043.54550  2.20%  26.4 7624s
 194596 37537 infeasible   53      2089.51277 2043.58704  2.20%  26.3 7630s
 194685 37560 2045.88871   65  150 2089.51277 2043.61054  2.20%  26.3 7647s
 195253 37612 infeasible   77      2089.51277 2043.73158  2.19%  26.3 7659s
 195819 37606 2082.15567   58  130 2089.51277 2043.84797  2.19%  26.3 7665s
 195900 37607 2058.40807   63  160 2089.51277 2043.86764  2.18%  26.3 7677s
 196399 37651 2049.20580   65   78 2089.51277 2044.00268  2.18%  26.3 7692s
 196895 37636 infeasible   71      2089.51277 2044.09341  2.17%  26.3 7697s
 196985 37659 2044.93981   61  191 2089.51277 2044.11872  2.17%  26.3 7709s
 197548 37674 infeasible   65      2089.51277 2044.23729  2.17%  26.2 7723s
 198114 37679 infeasible   67      2089.51277 2044.35562  2.16%  26.2 7731s
 198190 37665 2056.68045   54   86 2089.51277 2044.37520  2.16%  26.2 7746s
 198717 37710 2052.29883   58  152 2089.51277 2044.50891  2.15%  26.2 7758s
 199286 37709 infeasible   45      2089.51277 2044.61504  2.15%  26.1 7761s
 199352 37730 2054.73994   71  200 2089.51277 2044.61504  2.15%  26.1 7775s
 199910 37754 infeasible   81      2089.51277 2044.75690  2.14%  26.1 7791s
 200440 37741 2051.05965   63  101 2089.51277 2044.90469  2.13%  26.1 7812s
 200603 37902 infeasible   60      2089.51277 2044.95658  2.13%  26.1 7856s
 202432 37902 2075.15710   68   93 2089.51277 2045.19113  2.12%  26.0 7862s
 202505 37877 2073.11877   58  163 2089.51277 2045.19423  2.12%  26.0 7876s
 203016 37884 infeasible   60      2089.51277 2045.36078  2.11%  26.0 7883s
 203197 37918 2045.95879   53  188 2089.51277 2045.39696  2.11%  26.0 7896s
 203784 37927 2049.41508   67  175 2089.51277 2045.49447  2.11%  26.0 7901s
 203832 38052 infeasible   58      2089.51277 2045.49941  2.11%  26.0 7917s
 204447 38057 infeasible   65      2089.51277 2045.60522  2.10%  25.9 7930s
 205080 38060 2071.96386   62  148 2089.51277 2045.77056  2.09%  25.9 7948s
 205602 38104 2059.37890   60  120 2089.51277 2045.86786  2.09%  25.9 7962s
 206124 38109 2048.51596   57  194 2089.51277 2045.96408  2.08%  25.8 7969s
 206207 38173 2047.15245   63  152 2089.51277 2045.96408  2.08%  25.8 7982s
 206764 38173 infeasible   79      2089.51277 2046.06469  2.08%  25.8 7994s
 207297 38171 2049.52041   58  153 2089.51277 2046.14138  2.08%  25.8 7999s
 207401 38172 2047.30238   68  171 2089.51277 2046.17932  2.07%  25.8 8011s
 207698 38140 infeasible   71      2089.51277 2046.20716  2.07%  25.8 8018s
 207833 38130 infeasible   42      2089.51277 2046.20716  2.07%  25.8 8024s
 207881 38126     cutoff   70      2089.51277 2046.21360  2.07%  25.8 8038s
 208319 38102 infeasible   74      2089.51277 2046.33063  2.07%  25.7 8042s
 208491 38100 2047.11038   64  196 2089.51277 2046.43960  2.06%  25.7 8056s
 209056 38109     cutoff   77      2089.51277 2046.52004  2.06%  25.7 8061s
 209103 38137 2049.45083   66  183 2089.51277 2046.52036  2.06%  25.7 8076s
 209673 38142 infeasible   59      2089.51277 2046.61320  2.05%  25.7 8088s
 210256 38140 2050.30631   66  142 2089.51277 2046.71216  2.05%  25.7 8094s
 210342 38181     cutoff   74      2089.51277 2046.73658  2.05%  25.7 8111s
 210912 38156 infeasible   48      2089.51277 2046.80660  2.04%  25.6 8147s
 211168 38189 2081.38939   60  137 2089.51277 2046.83802  2.04%  25.6 8173s
 212197 38181 2058.39707   67  167 2089.51277 2047.00701  2.03%  25.6 8177s
 212288 38204 2084.20517   67  154 2089.51277 2047.01756  2.03%  25.6 8195s
 212990 38231 2086.17239   73   16 2089.51277 2047.11884  2.03%  25.5 8210s
 213510 38231 2047.47351   70  223 2089.51277 2047.20843  2.02%  25.5 8216s
 213572 38243 2048.84440   72  179 2089.51277 2047.21177  2.02%  25.5 8229s
 214166 38201 infeasible   57      2089.51277 2047.28441  2.02%  25.5 8236s
 214452 38187 infeasible   66      2089.51277 2047.37627  2.02%  25.5 8249s
 214918 38183 2048.72127   82  195 2089.51277 2047.48083  2.01%  25.5 8254s
 215036 38216 infeasible   84      2089.51277 2047.48262  2.01%  25.5 8265s
 215501 38221 2064.27431   58   76 2089.51277 2047.51940  2.01%  25.4 8274s
 215751 38214 2068.50891   59  136 2089.51277 2047.52293  2.01%  25.4 8281s
 215936 38237 infeasible   59      2089.51277 2047.54976  2.01%  25.4 8296s
 216531 38247     cutoff   70      2089.51277 2047.73917  2.00%  25.4 8301s
 216596 38257 infeasible   74      2089.51277 2047.75374  2.00%  25.4 8317s
 217212 38302 2063.91084   66  130 2089.51277 2047.85171  1.99%  25.4 8330s
 217880 38316 2065.32468   71  137 2089.51277 2047.98734  1.99%  25.3 8337s
 218032 38375 infeasible   81      2089.51277 2048.00095  1.99%  25.3 8350s
 218669 38395     cutoff   76      2089.51277 2048.12058  1.98%  25.3 8357s
 218935 38423     cutoff   74      2089.51277 2048.14972  1.98%  25.3 8370s
 219528 38440 infeasible   57      2089.51277 2048.27551  1.97%  25.3 8375s
 219612 38449 infeasible   66      2089.51277 2048.28769  1.97%  25.3 8393s
 220218 38438 infeasible   49      2089.51277 2048.40820  1.97%  25.3 8407s
 220802 38432 infeasible   69      2089.51277 2048.49800  1.96%  25.2 8410s
 220824 38464 2073.51673   56  171 2089.51277 2048.50230  1.96%  25.2 8415s
 220919 38479 infeasible   65      2089.51277 2048.51655  1.96%  25.2 8433s
 221551 38584 infeasible   65      2089.51277 2048.63053  1.96%  25.2 8485s
 222368 38567 infeasible   55      2089.51277 2048.74659  1.95%  25.2 8490s
 222421 38578 2084.96399   61  161 2089.51277 2048.76902  1.95%  25.2 8498s
 222902 38583 2088.72873   67   55 2089.51277 2048.86836  1.95%  25.2 8502s
 223085 38595 2049.87310   71  143 2089.51277 2048.91202  1.94%  25.2 8512s
 223387 38589 infeasible   49      2089.51277 2048.94768  1.94%  25.1 8523s
 223617 38603 2087.43259   54  115 2089.51277 2048.97340  1.94%  25.1 8539s
 224275 38594 infeasible   69      2089.51277 2049.08260  1.93%  25.1 8544s
 224384 38607 infeasible   43      2089.51277 2049.09134  1.93%  25.1 8557s
 224971 38655 infeasible   62      2089.51277 2049.19690  1.93%  25.1 8570s
 225546 38651 2055.98496   56   29 2089.51277 2049.30337  1.92%  25.1 8576s
 225638 38677 2077.66023   58  112 2089.51277 2049.31789  1.92%  25.1 8586s
 226184 38658     cutoff   48      2089.51277 2049.40716  1.92%  25.0 8598s
 226700 38637 infeasible   66      2089.51277 2049.47869  1.92%  25.0 8602s
 226785 38638 2087.35671   66  175 2089.51277 2049.50971  1.91%  25.0 8606s
 226824 38636 2086.16739   78   71 2089.51277 2049.50971  1.91%  25.0 8612s
 226861 38619 2052.44620   74  194 2089.51277 2049.50971  1.91%  25.0 8620s
 227188 38539 2049.95786   62  193 2089.51277 2049.54345  1.91%  25.0 8633s
 227660 38543 2083.26472   63  140 2089.51277 2049.71562  1.90%  25.0 8639s
 227787 38592 2084.09464   62  163 2089.51277 2049.72423  1.90%  25.0 8651s
 228354 38608 infeasible   57      2089.51277 2049.80078  1.90%  25.0 8660s
 228931 38587 infeasible   70      2089.51277 2049.89044  1.90%  25.0 8666s
 229074 38573 2054.70319   57  198 2089.51277 2049.92604  1.89%  25.0 8677s
 229623 38542 2079.21892   84  141 2089.51277 2050.02431  1.89%  25.0 8683s
 229857 38534 infeasible   44      2089.51277 2050.07086  1.89%  25.0 8693s
 230386 38520 2085.55013   73   35 2089.51277 2050.16864  1.88%  24.9 8698s
 230458 38450 2059.05791   64   99 2089.51277 2050.17327  1.88%  24.9 8709s
 230952 38525 2051.06783   60  113 2089.51277 2050.26234  1.88%  24.9 8727s
 231602 38515     cutoff   67      2089.51277 2050.33848  1.87%  24.9 8734s
 231710 38443 2050.73822   81  168 2089.51277 2050.36114  1.87%  24.9 8745s
 232227 38383 infeasible   68      2089.51277 2050.46361  1.87%  24.9 8754s
 232555 38343 2052.28414   51  125 2089.51277 2050.56326  1.86%  24.9 8761s
 232792 38289 2085.80358   71  154 2089.51277 2050.63205  1.86%  24.9 8776s
 233331 38303 infeasible   70      2089.51277 2050.74524  1.86%  24.9 8785s
 233582 38307 infeasible   73      2089.51277 2050.77213  1.85%  24.8 8802s
 234161 38290 infeasible   69      2089.51277 2050.89435  1.85%  24.8 8807s
 234241 38282 infeasible   79      2089.51277 2050.91136  1.85%  24.8 8821s
 234685 38238 infeasible   64      2089.51277 2050.94430  1.85%  24.8 8833s
 235037 38230 infeasible   55      2089.51277 2050.96741  1.84%  24.8 8838s
 235083 38235 2086.79707   59  174 2089.51277 2050.96741  1.84%  24.8 8854s
 235520 38235 2051.66354   46  228 2089.51277 2051.17822  1.83%  24.8 8865s
 235578 38211 2055.78993   50  205 2089.51277 2051.18192  1.83%  24.8 8877s
 235937 38194 infeasible   70      2089.51277 2051.21306  1.83%  24.8 8886s
 236165 38202 2060.10310   61  196 2089.51277 2051.34581  1.83%  24.8 8904s
 236570 38202 2059.15728   45  273 2089.51277 2051.40888  1.82%  24.8 8909s
 236624 38203 2062.47586   50  224 2089.51277 2051.40888  1.82%  24.9 8925s
 236943 38209 2055.67989   52  282 2089.51277 2051.48308  1.82%  24.9 8938s
 237065 38219 2087.46923   55  237 2089.51277 2051.49923  1.82%  24.9 8960s
 237199 38259 infeasible   87      2089.51277 2051.51116  1.82%  24.9 8992s
 237903 38256 2058.01692   62  181 2089.51277 2051.56235  1.82%  25.0 9004s
 237985 38332 2059.78265   73  165 2089.51277 2051.57142  1.82%  25.0 9027s
 238725 38319 infeasible   58      2089.51277 2051.70476  1.81%  25.1 9049s
 238834 38345 2059.09655   45  279 2089.51277 2051.71237  1.81%  25.1 9065s
 239148 38322 2067.63013   53  146 2089.51277 2051.77054  1.81%  25.1 9074s
 239326 38361 2054.72123   48  233 2089.51277 2051.82584  1.80%  25.1 9108s
 240024 38335 2087.06377   53  100 2089.51277 2051.88468  1.80%  25.2 9123s
 240277 38425 2064.10273   46  287 2089.51277 2051.92495  1.80%  25.2 9156s
 241088 38416 2054.49416   85  170 2089.51277 2052.00188  1.80%  25.3 9164s
 241179 38456 2052.81999   69  158 2089.51277 2052.01480  1.79%  25.3 9191s
 241775 38392 infeasible   50      2089.51277 2052.10610  1.79%  25.3 9207s
 241927 38426 2066.17921   67  107 2089.51277 2052.16258  1.79%  25.3 9234s
 242687 38410 infeasible   46      2089.51277 2052.25789  1.78%  25.4 9251s
 243096 38533 2054.59595   53  202 2089.51277 2052.44912  1.77%  25.4 9274s
 243639 38521 infeasible   64      2089.51277 2052.51745  1.77%  25.4 9284s
 243698 38599 2069.74754   53  226 2089.51277 2052.52038  1.77%  25.5 9307s
 244360 38589 2057.28985   44  298 2089.51277 2052.63961  1.76%  25.5 9322s
 244429 38744 2063.43441   46  246 2089.51277 2052.64242  1.76%  25.5 9348s
 245336 38742 infeasible   51      2089.51277 2052.71307  1.76%  25.6 9362s
 245624 38753     cutoff   79      2089.51277 2052.76924  1.76%  25.6 9374s
 245860 38757 infeasible   45      2089.51277 2052.78750  1.76%  25.6 9383s
 245924 38734 2059.74784   60  170 2089.51277 2052.80013  1.76%  25.6 9403s
 246241 38738 2073.82248   38   93 2089.51277 2052.88530  1.75%  25.7 9413s
 246393 38813     cutoff   68      2089.51277 2052.90371  1.75%  25.7 9436s
 247027 38774 2074.38672   65  138 2089.51277 2053.00475  1.75%  25.7 9448s
 247191 38848 infeasible   78      2089.51277 2053.08150  1.74%  25.7 9471s
 247894 38835 infeasible   56      2089.51277 2053.12992  1.74%  25.8 9511s
 248112 38967 2063.54771   56  238 2089.51277 2053.21421  1.74%  25.8 9536s
 248926 38929     cutoff   50      2089.51277 2053.25408  1.74%  25.9 9540s
 249035 38923 2085.49588   62  195 2089.51277 2053.27190  1.73%  25.9 9559s
 249528 38867 infeasible   60      2089.51277 2053.39597  1.73%  25.9 9568s
 249698 38913 2054.92532   50  361 2089.51277 2053.47886  1.72%  25.9 9584s
 250115 38897 infeasible   68      2089.51277 2053.51792  1.72%  26.0 9597s
 250449 38937 2054.60795   57  205 2089.51277 2053.60832  1.72%  26.0 9611s
 250714 38962 infeasible   64      2089.51277 2053.64576  1.72%  26.0 9633s
 251375 38969 infeasible   65      2089.51277 2053.75893  1.71%  26.1 9640s
 251468 39106     cutoff   82      2089.51277 2053.76381  1.71%  26.1 9665s
 252415 39135 infeasible   66      2089.51277 2053.87800  1.71%  26.1 9682s
 252715 39125 infeasible   45      2089.51277 2053.88182  1.71%  26.1 9689s
 252833 39116 infeasible   73      2089.51277 2053.91312  1.70%  26.1 9715s
 253511 39206 2059.08367   69  412 2089.51277 2054.01935  1.70%  26.1 9727s
 253905 39180 infeasible   47      2089.51277 2054.01935  1.70%  26.1 9739s
 254006 39245 2055.98269   67   75 2089.51277 2054.12158  1.69%  26.1 9757s
 254678 39246 2060.32953   55  152 2089.51277 2054.20865  1.69%  26.1 9765s
 254998 39319 infeasible   61      2089.51277 2054.29737  1.69%  26.1 9786s
 255588 39306 infeasible   60      2089.51277 2054.36685  1.68%  26.2 9794s
 255777 39383 2060.97852   49  361 2089.51277 2054.43108  1.68%  26.2 9807s
 256177 39328 2077.85258   68  162 2089.51277 2054.45290  1.68%  26.2 9814s
 256384 39336 2057.71073   73  147 2089.51277 2054.48954  1.68%  26.2 9823s
 256928 39309 infeasible   52      2089.51277 2054.50407  1.68%  26.2 9833s
 257132 39321 infeasible   79      2089.51277 2054.65557  1.67%  26.2 9843s
 257542 39290     cutoff   58      2089.51277 2054.69829  1.67%  26.2 9849s
 257663 39282 infeasible   63      2089.51277 2054.70893  1.67%  26.2 9865s
 258330 39241 infeasible   69      2089.51277 2054.78954  1.66%  26.2 9872s
 258710 39244 infeasible   64      2089.51277 2054.87060  1.66%  26.2 9889s
 259069 39244     cutoff   78      2089.51277 2054.88117  1.66%  26.3 9890s
 259257 39221 infeasible   51      2089.51277 2054.93469  1.65%  26.3 9896s
 259363 39232 2057.22288   66  168 2089.51277 2054.95963  1.65%  26.3 9906s
 259822 39248 infeasible   75      2089.51277 2054.97000  1.65%  26.3 9912s
 259995 39211 2071.50309   69  219 2089.51277 2055.01471  1.65%  26.3 9948s
 260477 39199 infeasible   58      2089.51277 2055.18327  1.64%  26.3 9957s
 260584 39190 infeasible   77      2089.51277 2055.20895  1.64%  26.3 9975s
 261014 39153 infeasible   59      2089.51277 2055.24604  1.64%  26.4 9982s
 261123 39093 2057.58417   74  187 2089.51277 2055.25073  1.64%  26.4 10007s
 262085 39099 2055.81034   73  166 2089.51277 2055.44352  1.63%  26.4 10016s
 262253 39112     cutoff   68      2089.51277 2055.45910  1.63%  26.4 10031s
 262664 39077 infeasible  121      2089.51277 2055.48787  1.63%  26.4 10037s
 262768 39094 2056.03877   82  144 2089.51277 2055.52792  1.63%  26.4 10056s
 263423 39074     cutoff   61      2089.51277 2055.58827  1.62%  26.4 10064s
 263577 39156 2086.98106   64  191 2089.51277 2055.59181  1.62%  26.4 10083s
 264186 39110 infeasible   56      2089.51277 2055.70395  1.62%  26.4 10096s
 264291 39079 2055.74477   51  371 2089.51277 2055.74059  1.62%  26.4 10111s
 264682 39065 infeasible   79      2089.51277 2055.74407  1.62%  26.4 10117s
 264719 39096 2082.41994   66  119 2089.51277 2055.75503  1.62%  26.4 10136s
 265206 39025 infeasible   43      2089.51277 2055.82919  1.61%  26.5 10144s
 265344 39032 2056.76702   76  148 2089.51277 2055.92770  1.61%  26.5 10156s
 265759 39039 2059.56062   96   47 2089.51277 2055.98773  1.60%  26.5 10164s
 265822 39026 2057.43733   67  182 2089.51277 2055.99438  1.60%  26.5 10175s
 266219 39021 infeasible   64      2089.51277 2056.02441  1.60%  26.5 10187s
 266264 39160 2058.50061   68  216 2089.51277 2056.03843  1.60%  26.5 10207s
 266987 39166 infeasible   67      2089.51277 2056.11091  1.60%  26.5 10215s
 267174 39248 2062.79804   62  234 2089.51277 2056.16211  1.60%  26.5 10235s
 267834 39231 infeasible   63      2089.51277 2056.22307  1.59%  26.5 10242s
 267955 39310     cutoff   82      2089.51277 2056.24255  1.59%  26.5 10264s
 268641 39314 2067.93096   64  159 2089.51277 2056.27788  1.59%  26.5 10278s
 269013 39324 2075.44598   82  202 2089.51277 2056.39279  1.59%  26.5 10284s
 269123 39326 2080.98271   49  208 2089.51277 2056.39874  1.58%  26.5 10303s
 269631 39325 infeasible   61      2089.51277 2056.43656  1.58%  26.6 10312s
 269762 39506 2062.76337   79   35 2089.51277 2056.44265  1.58%  26.6 10331s
 270455 39478 infeasible   76      2089.51277 2056.53211  1.58%  26.6 10354s
 270606 39576 2056.96384   80   93 2089.51277 2056.54857  1.58%  26.6 10393s
 271989 39573 infeasible   79      2089.51277 2056.71721  1.57%  26.6 10400s
 272037 39554 2076.86928   86  172 2089.51277 2056.71802  1.57%  26.6 10411s
 272150 39532     cutoff   74      2089.51277 2056.73052  1.57%  26.7 10432s
 272950 39471     cutoff   82      2089.51277 2056.82439  1.56%  26.7 10440s
 273205 39496 2057.20924   64  162 2089.51277 2056.91090  1.56%  26.7 10449s
 273420 39474 2066.83292   52  248 2089.51277 2056.91195  1.56%  26.7 10457s
 273527 39558 2067.24931   53  243 2089.51277 2056.92449  1.56%  26.7 10479s
 274196 39547 2072.88266   54  210 2089.51277 2056.95045  1.56%  26.7 10487s
 274298 39558 2073.14752   55  201 2089.51277 2056.97241  1.56%  26.7 10508s
 274943 39501 2073.21290   56  201 2089.51277 2057.01281  1.56%  26.7 10518s
 275142 39596 2076.14037   56  214 2089.51277 2057.06644  1.55%  26.7 10540s
 275831 39566 infeasible   60      2089.51277 2057.22180  1.55%  26.7 10548s
 275972 39536 infeasible   55      2089.51277 2057.29370  1.54%  26.7 10566s
 276506 39583 2062.34776   49  215 2089.51277 2057.34742  1.54%  26.7 10584s
 276958 39582 infeasible  103      2089.51277 2057.35914  1.54%  26.7 10592s
 277044 39534 2058.29943   73  109 2089.51277 2057.36681  1.54%  26.8 10608s
 277598 39581 2064.11850   48  461 2089.51277 2057.50808  1.53%  26.8 10628s
 278174 39593 infeasible   72      2089.51277 2057.54588  1.53%  26.8 10634s
 278258 39651 2064.37010   52  261 2089.51277 2057.54831  1.53%  26.8 10649s
 279012 39743 infeasible   57      2089.51277 2057.71375  1.52%  26.8 10671s
 279826 39744 infeasible   86      2089.51277 2057.83515  1.52%  26.8 10681s
 279906 39810 2073.70029   75  130 2089.51277 2057.83515  1.52%  26.8 10701s
 280596 39786 2078.39128   67  201 2089.51277 2057.87754  1.51%  26.8 10713s
 280672 39879 2072.11983   53  250 2089.51277 2057.88786  1.51%  26.8 10747s
 281396 39865 infeasible   54      2089.51277 2058.04190  1.51%  26.8 10754s
 281455 39893 2059.41673   60  142 2089.51277 2058.05648  1.51%  26.8 10767s
 281885 39869 infeasible   57      2089.51277 2058.13379  1.50%  26.8 10772s
 281937 39903 2070.48518   70  168 2089.51277 2058.14699  1.50%  26.8 10784s
 282354 39895 infeasible   64      2089.51277 2058.20323  1.50%  26.8 10794s
 282661 39904 2058.40387   66  153 2089.51277 2058.28028  1.49%  26.8 10803s
 282913 39931 2066.05184   59  212 2089.51277 2058.29589  1.49%  26.8 10818s
 283406 39912 infeasible   63      2089.51277 2058.35975  1.49%  26.8 10826s
 283458 39983 2064.23768   68  169 2089.51277 2058.38135  1.49%  26.8 10840s
 283908 39964     cutoff   49      2089.51277 2058.43938  1.49%  26.8 10848s
 284048 39956     cutoff   72      2089.51277 2058.45895  1.49%  26.9 10857s
 284116 39986 2066.20438   65  211 2089.51277 2058.47126  1.49%  26.9 10867s
 284501 39948 infeasible   62      2089.51277 2058.50725  1.48%  26.9 10879s
 284858 39936 2061.18400   62  187 2089.51277 2058.59882  1.48%  26.9 10896s
 285144 39963 2061.16193   80  206 2089.51277 2058.67641  1.48%  27.0 10914s
 285535 39956 2079.60722   82   72 2089.51277 2058.71972  1.47%  27.0 10926s
 285769 40029 2060.22063   58  198 2089.51277 2058.79109  1.47%  27.0 10947s
 286357 39996     cutoff   81      2089.51277 2058.88139  1.47%  27.0 10961s
 286458 40045 infeasible   54      2089.51277 2058.89016  1.47%  27.0 10991s
 287244 40098 infeasible   84      2089.51277 2059.01024  1.46%  27.0 11009s
 287601 40064 2060.94811   62  246 2089.51277 2059.07783  1.46%  27.0 11022s
 287895 40104 2074.16608   74  216 2089.51277 2059.11552  1.45%  27.0 11045s
 288635 40097 infeasible   75      2089.51277 2059.22261  1.45%  27.0 11053s
 288772 40133 infeasible   57      2089.51277 2059.27305  1.45%  27.0 11073s
 289286 40148 infeasible   64      2089.51277 2059.32513  1.44%  27.0 11090s
 289603 40132 infeasible   83      2089.51277 2059.41313  1.44%  27.0 11107s
 289754 40098 2086.72576   83   37 2089.51277 2059.44604  1.44%  27.0 11124s
 290082 40136 infeasible   80      2089.51277 2059.51243  1.44%  27.0 11157s
 290767 40115 infeasible   51      2089.51277 2059.65255  1.43%  27.1 11166s
 290833 40197 infeasible   75      2089.51277 2059.66286  1.43%  27.1 11188s
 291363 40191 2062.14176   51  288 2089.51277 2059.72185  1.43%  27.1 11220s
 291405 40653     cutoff   52      2089.51277 2059.72304  1.43%  27.1 11373s
 294356 40707 infeasible   74      2089.51277 2059.93997  1.42%  27.0 11409s
 295222 40699     cutoff   63      2089.51277 2060.02093  1.41%  27.0 11421s
 295282 40696 2074.15116   65  206 2089.51277 2060.03504  1.41%  27.1 11453s
 295979 40678 infeasible   51      2089.51277 2060.10275  1.41%  27.1 11467s
 296108 40739 2060.29664   58  113 2089.51277 2060.12167  1.41%  27.1 11506s
 296858 40722 infeasible   72      2089.51277 2060.29675  1.40%  27.1 11516s
 296943 40748 2071.61845   51  236 2089.51277 2060.30127  1.40%  27.1 11547s
 297501 40808 2066.52156   76   55 2089.51277 2060.36273  1.40%  27.1 11575s
 298079 40785 2060.76845   50   66 2089.51277 2060.48445  1.39%  27.1 11588s
 298199 40803 2072.17741   65  199 2089.51277 2060.50373  1.39%  27.1 11613s
 298701 40881 2070.01297   56  310 2089.51277 2060.61942  1.38%  27.1 11639s
 299333 40873 2068.81076   65  228 2089.51277 2060.65391  1.38%  27.1 11649s
 299404 40880 2078.48512   63  172 2089.51277 2060.66092  1.38%  27.1 11683s
 299983 40979 2081.62377   97  108 2089.51277 2060.80439  1.37%  27.1 11701s
 300559 40947 infeasible   80      2089.51277 2060.89522  1.37%  27.1 11712s
 300657 41090 2063.21591   72  156 2089.51277 2060.90458  1.37%  27.1 11746s
 301385 41171     cutoff   70      2089.51277 2060.96780  1.37%  27.1 11776s
 301961 41165 infeasible   72      2089.51277 2061.04195  1.36%  27.2 11835s
 302002 41378 2064.04459   72  232 2089.51277 2061.04195  1.36%  27.2 12024s
 305669 41368 infeasible   76      2089.51277 2061.20042  1.35%  27.2 12029s
 305729 41355 2062.72007   71  155 2089.51277 2061.20710  1.35%  27.2 12033s
 305851 41393 2062.25043   71  148 2089.51277 2061.22154  1.35%  27.2 12049s
 306251 41383 2084.98956   61  160 2089.51277 2061.26897  1.35%  27.2 12057s
 306331 41513 infeasible   57      2089.51277 2061.28855  1.35%  27.2 12080s
 307039 41509     cutoff   75      2089.51277 2061.36127  1.35%  27.2 12091s
 307122 41560 infeasible   73      2089.51277 2061.37506  1.35%  27.2 12125s
 307610 41634 2081.45332   66   68 2089.51277 2061.43320  1.34%  27.3 12179s
 308175 41640 2070.42138   73  197 2089.51277 2061.47436  1.34%  27.3 12190s
 308208 41738 2088.84491   77  182 2089.51277 2061.47719  1.34%  27.3 12237s
 308862 41711 2061.54874   68  158 2089.51277 2061.51001  1.34%  27.3 12267s
 309128 41708 2072.97350   77  168 2089.51277 2061.53443  1.34%  27.3 12284s
 309322 41814 2079.05236   64  183 2089.51277 2061.57660  1.34%  27.3 12332s
 309953 41806 infeasible   62      2089.51277 2061.69141  1.33%  27.3 12351s
 310047 41930     cutoff   93      2089.51277 2061.70115  1.33%  27.3 12389s
 310632 41959 infeasible   49      2089.51277 2061.74723  1.33%  27.3 12412s
 310770 42008 2063.73603   52  271 2089.51277 2061.75414  1.33%  27.3 12455s
 311299 42045 infeasible   62      2089.51277 2061.84172  1.32%  27.3 12481s
 311532 42089 2074.35398   57  213 2089.51277 2061.88393  1.32%  27.3 12519s
 311783 42105 2075.88017   58  214 2089.51277 2061.88393  1.32%  27.3 12531s
 311831 42164 2076.04193   59  214 2089.51277 2061.89153  1.32%  27.3 12555s
 312048 42152 2063.23201   73  141 2089.51277 2061.92812  1.32%  27.3 12582s
 312332 42132 2065.69358   63  195 2089.51277 2061.98079  1.32%  27.3 12701s
 312456 42302 infeasible   77      2089.51277 2062.00540  1.32%  27.3 12818s
 313597 42292 2065.43091   65  168 2089.51277 2062.07572  1.31%  27.4 12839s
 313689 42313 2068.10251   79  113 2089.51277 2062.07608  1.31%  27.4 12918s
 314438 42302 infeasible   73      2089.51277 2062.15316  1.31%  27.4 12950s
 314507 42437 2064.49377   64  219 2089.51277 2062.19434  1.31%  27.4 13027s
 315356 42501 2062.87295   80  362 2089.51277 2062.26810  1.30%  27.5 13085s
 316097 42537 2073.67795   89   18 2089.51277 2062.34191  1.30%  27.5 13108s
 316265 42612 2075.70291   78  183 2089.51277 2062.35850  1.30%  27.5 13160s
 317033 42643 infeasible   65      2089.51277 2062.44480  1.30%  27.5 13191s
 317428 42707     cutoff   71      2089.51277 2062.48369  1.29%  27.5 13233s
 317939 42718 2064.34858   46  205 2089.51277 2062.52360  1.29%  27.5 13260s
 318226 42794 2063.91042   53  293 2089.51277 2062.54947  1.29%  27.5 13308s
 318866 42770 infeasible   55      2089.51277 2062.61889  1.29%  27.5 13331s
 318973 42796 2087.33466   66  261 2089.51277 2062.62188  1.29%  27.5 13369s
 319552 42928 2064.11197   64  154 2089.51277 2062.67532  1.28%  27.5 13417s
 320152 42913 2074.40390   85   54 2089.51277 2062.72921  1.28%  27.6 13459s
 320221 42967     cutoff   90      2089.51277 2062.73878  1.28%  27.6 13508s
 320794 43080 infeasible   42      2089.51277 2062.81108  1.28%  27.6 13557s
 321553 43113 2064.67908   76   96 2089.51277 2062.89510  1.27%  27.6 13590s
 321657 43191 2076.06032   85   44 2089.51277 2062.90339  1.27%  27.6 13630s
 322162 43201     cutoff   67      2089.51277 2062.95393  1.27%  27.6 13647s
 322249 43427 2065.79943   52  255 2089.51277 2062.95808  1.27%  27.6 13692s
 322919 43443     cutoff  109      2089.51277 2063.00151  1.27%  27.7 13800s

Cutting planes:
  Learned: 7
  Gomory: 1
  Cover: 62
  Implied bound: 178
  Clique: 14
  MIR: 99
  StrongCG: 11
  Flow cover: 80
  GUB cover: 51
  Inf proof: 14
  Zero half: 9
  Mod-K: 1
  RLT: 37
  Relax-and-lift: 16
  BQP: 1

Explored 323093 nodes (8954445 simplex iterations) in 13800.49 seconds (2409.47 work units)
Thread count was 4 (of 46 available processors)

Solution count 5: 2089.51 2091.11 2091.75 ... 3106.22

Time limit reached
Best objective 2.089512765376e+03, best bound 2.063014696810e+03, gap 1.2681%

Solve summary
-------------
Status code:       9
Objective:         2089.512765376445
Objective bound:   2063.014696810064
MIP gap:           0.012681458091789648
Has cycle:         False
Is acyclic:        True
Packages selected: 4 active packages

Packages
--------
   I1 | inactive_singleton | S=  0, C=  0, x=  0 | tasks=[1]
   A1 | active             | S=  0, C= 57, x= 96 | tasks=[2, 3, 4, 5, 6, 7, 8, 9, 10, 11, 12, 28]
  I13 | inactive_singleton | S= 57, C= 63, x=  9 | tasks=[13]
   A2 | active             | S= 63, C= 65, x=  3 | tasks=[14]
  I15 | inactive_singleton | S= 65, C= 71, x= 12 | tasks=[15]
   A3 | active             | S= 71, C=121, x= 91 | tasks=[16, 17, 18, 19, 20, 21, 22, 31]
  I23 | inactive_singleton | S=121, C=123, x=  2 | tasks=[23]
   A4 | active             | S=123, C=131, x= 27 | tasks=[24, 25, 30]
  I26 | inactive_singleton | S=131, C=136, x= 10 | tasks=[26]
  I27 | inactive_singleton | S=136, C=138, x=  3 | tasks=[27]
  I29 | inactive_singleton | S=138, C=141, x=  4 | tasks=[29]
  I32 | inactive_singleton | S=156, C=156, x=  0 | tasks=[32]

Solution JSON saved to: /home/23037696r/Documents/research/or_benchmark/wp/results/inactive_0.2/j30/j300902_4.json
Finish time     : 2026-08-11T17:15:42+08:00
