
Gurobi 13.0.2 (linux64) logging started Mon Aug 10 23:42:48 2026

Set parameter LogFile to value "/home/23037696r/Documents/research/or_benchmark/wp/results/inactivate_0.1/j40/logs/gurobi/j400101_9.log"
Set parameter NumericFocus to value 1
Gurobi Optimizer version 13.0.2 build v13.0.2rc1 (linux64 - "Ubuntu 22.04.3 LTS")

CPU model: Intel Xeon Processor (Cascadelake), instruction set [SSE2|AVX|AVX2|AVX512]
Thread count: 46 physical cores, 46 logical processors, using up to 4 threads

Non-default parameters:
TimeLimit  82800
MIPGap  1e-06
NumericFocus  1
Threads  4

Optimize a model with 24610 rows, 15222 columns and 111354 nonzeros (Min)
Model fingerprint: 0x84e77fdd
Model has 10936 linear objective coefficients and an objective constant of 4.1430829608395294e+02
Variable types: 936 continuous, 14286 integer (14082 binary)
Coefficient statistics:
  Matrix range     [1e+00, 3e+02]
  Objective range  [1e-02, 1e+03]
  Bounds range     [1e+00, 3e+02]
  RHS range        [1e+00, 3e+02]

Presolve removed 19751 rows and 7455 columns
Presolve time: 0.45s
Presolved: 4859 rows, 7767 columns, 37057 nonzeros
Variable types: 0 continuous, 7767 integer (6744 binary)
Found heuristic solution: objective 3744.4546170

Root relaxation: objective 1.849707e+03, 4685 iterations, 0.49 seconds (0.52 work units)

    Nodes    |    Current Node    |     Objective Bounds      |     Work
 Expl Unexpl |  Obj  Depth IntInf | Incumbent    BestBd   Gap | It/Node Time

     0     0 1849.70713    0   72 3744.45462 1849.70713  50.6%     -    1s
H    0     0                    3741.5412912 1849.70713  50.6%     -    1s
H    0     0                    3200.3029066 1849.70713  42.2%     -    1s
     0     0 1853.71893    0   94 3200.30291 1853.71893  42.1%     -    1s
H    0     0                    3191.6755483 1853.71893  41.9%     -    1s
H    0     0                    3179.7280163 1855.73560  41.6%     -    1s
     0     0 1855.93247    0  117 3179.72802 1855.93247  41.6%     -    1s
     0     0 1855.93247    0  117 3179.72802 1855.93247  41.6%     -    1s
     0     0 1855.93247    0   72 3179.72802 1855.93247  41.6%     -    1s
     0     0 1857.72308    0  249 3179.72802 1857.72308  41.6%     -    2s
     0     0 1857.80239    0  161 3179.72802 1857.80239  41.6%     -    2s
     0     0 1857.88814    0  161 3179.72802 1857.88814  41.6%     -    2s
     0     0 1857.88814    0  161 3179.72802 1857.88814  41.6%     -    2s
H    0     0                    3175.8443418 1857.88814  41.5%     -    2s
H    0     0                    3154.5409841 1860.14146  41.0%     -    2s
H    0     0                    2945.5476495 1860.14146  36.8%     -    2s
H    0     0                    2932.7981196 1860.14146  36.6%     -    2s
H    0     0                    2931.1574019 1860.14146  36.5%     -    2s
     0     0 1860.14146    0  302 2931.15740 1860.14146  36.5%     -    2s
H    0     0                    2924.2230468 1860.14173  36.4%     -    2s
H    0     0                    2923.7384025 1860.60383  36.4%     -    2s
H    0     0                    2923.7004957 1860.60383  36.4%     -    3s
H    0     0                    2921.8319324 1860.60383  36.3%     -    3s
H    0     0                    2921.7282856 1860.60383  36.3%     -    3s
H    0     0                    2921.6373257 1860.60383  36.3%     -    3s
H    0     0                    2921.4033079 1860.60383  36.3%     -    3s
H    0     0                    2920.9997945 1860.60383  36.3%     -    3s
     0     0 1860.60383    0   93 2920.99979 1860.60383  36.3%     -    3s
     0     0 1860.61956    0   91 2920.99979 1860.61956  36.3%     -    3s
     0     0 1861.32140    0   98 2920.99979 1861.32140  36.3%     -    3s
     0     0 1861.40516    0   98 2920.99979 1861.40516  36.3%     -    3s
     0     0 1861.40516    0   98 2920.99979 1861.40516  36.3%     -    3s
H    0     0                    1925.7849774 1861.40516  3.34%     -    3s
     0     0 1862.62740    0   89 1925.78498 1862.62740  3.28%     -    3s
     0     0 1862.77957    0   90 1925.78498 1862.77957  3.27%     -    3s
     0     0 1862.77965    0   91 1925.78498 1862.77965  3.27%     -    3s
     0     0 1862.77965    0   87 1925.78498 1862.77965  3.27%     -    3s
H    0     0                    1920.3949553 1862.77987  3.00%     -    3s
H    0     0                    1919.7080875 1862.77987  2.97%     -    3s
H    0     0                    1919.5121465 1862.77987  2.96%     -    3s
     0     0 1862.99542    0   89 1919.51215 1862.99542  2.94%     -    4s
H    0     0                    1917.7742169 1862.99543  2.86%     -    4s
H    0     0                    1917.6617068 1862.99543  2.85%     -    4s
     0     0 1863.02131    0   88 1917.66171 1863.02131  2.85%     -    5s
     0     0 1863.02153    0   88 1917.66171 1863.02153  2.85%     -    5s
     0     0 1863.02822    0   92 1917.66171 1863.02822  2.85%     -    5s
     0     0 1863.05836    0   93 1917.66171 1863.05836  2.85%     -    5s
     0     0 1863.05836    0   95 1917.66171 1863.05836  2.85%     -    5s
     0     0 1871.57856    0   72 1917.66171 1871.57856  2.40%     -    5s
     0     0 1871.57856    0   72 1917.66171 1871.57856  2.40%     -    5s
     0     0 1871.57856    0   44 1917.66171 1871.57856  2.40%     -    5s
     0     2 1871.76825    0   44 1917.66171 1871.76825  2.39%     -    5s
  2170  2078 1883.06119  535   86 1917.66171 1874.04964  2.27%  13.3   10s

Cutting planes:
  Gomory: 13
  Lift-and-project: 4
  Cover: 6
  Implied bound: 16
  Projected implied bound: 1
  MIR: 7
  Flow cover: 13
  GUB cover: 7
  RLT: 8
  Relax-and-lift: 3

Explored 2686 nodes (54198 simplex iterations) in 13.01 seconds (9.75 work units)
Thread count was 4 (of 46 available processors)

Solution count 10: 1917.66 1917.77 1919.51 ... 2921.73

Optimal solution found (tolerance 1.00e-06)
Best objective 1.917661706833e+03, best bound 1.917661706833e+03, gap 0.0000%
