
Gurobi 13.0.2 (linux64) logging started Mon Aug 10 19:48:07 2026

Set parameter LogFile to value "/home/23037696r/Documents/research/or_benchmark/wp/results/inactivate_0.1/j20/logs/gurobi/j200701_4.log"
Set parameter NumericFocus to value 1
Gurobi Optimizer version 13.0.2 build v13.0.2rc1 (linux64 - "Ubuntu 22.04.3 LTS")

CPU model: Intel Xeon Processor (Cascadelake), instruction set [SSE2|AVX|AVX2|AVX512]
Thread count: 46 physical cores, 46 logical processors, using up to 4 threads

Non-default parameters:
TimeLimit  82800
MIPGap  1e-06
NumericFocus  1
Threads  4

Optimize a model with 13857 rows, 8382 columns and 50628 nonzeros (Min)
Model fingerprint: 0xf1bb85ac
Model has 5372 linear objective coefficients and an objective constant of 1.7541243221258935e+02
Variable types: 1872 continuous, 6510 integer (6404 binary)
Coefficient statistics:
  Matrix range     [1e+00, 2e+02]
  Objective range  [1e-02, 9e+02]
  Bounds range     [1e+00, 2e+02]
  RHS range        [1e+00, 2e+02]

Presolve removed 9597 rows and 2426 columns
Presolve time: 0.39s
Presolved: 4260 rows, 5956 columns, 34440 nonzeros
Variable types: 0 continuous, 5956 integer (4120 binary)
Found heuristic solution: objective 2149.0190006

Root relaxation: objective 1.134816e+03, 1312 iterations, 0.09 seconds (0.12 work units)

    Nodes    |    Current Node    |     Objective Bounds      |     Work
 Expl Unexpl |  Obj  Depth IntInf | Incumbent    BestBd   Gap | It/Node Time

     0     0 1134.81572    0   76 2149.01900 1134.81572  47.2%     -    0s
     0     0 1134.83158    0   78 2149.01900 1134.83158  47.2%     -    0s
H    0     0                    1344.3532473 1134.83158  15.6%     -    0s
H    0     0                    1344.2434837 1134.83158  15.6%     -    0s
     0     0 1143.95893    0   93 1344.24348 1143.95893  14.9%     -    0s
     0     0 1143.96393    0   72 1344.24348 1143.96393  14.9%     -    0s
     0     0 1143.96393    0   73 1344.24348 1143.96393  14.9%     -    0s
     0     0 1147.43815    0  130 1344.24348 1147.43815  14.6%     -    1s
     0     0 1147.43815    0  130 1344.24348 1147.43815  14.6%     -    1s
     0     0 1147.43815    0  130 1344.24348 1147.43815  14.6%     -    1s
     0     0 1147.43815    0  130 1344.24348 1147.43815  14.6%     -    1s
     0     0 1147.43815    0  130 1344.24348 1147.43815  14.6%     -    1s
     0     0 1148.53960    0  120 1344.24348 1148.53960  14.6%     -    1s
     0     0 1149.21979    0  138 1344.24348 1149.21979  14.5%     -    1s
     0     0 1149.79919    0  138 1344.24348 1149.79919  14.5%     -    1s
     0     0 1149.95738    0  126 1344.24348 1149.95738  14.5%     -    1s
     0     0 1149.97596    0  144 1344.24348 1149.97596  14.5%     -    1s
     0     0 1149.99389    0  145 1344.24348 1149.99389  14.5%     -    1s
     0     0 1150.00563    0  145 1344.24348 1150.00563  14.4%     -    1s
     0     0 1157.30233    0   53 1344.24348 1157.30233  13.9%     -    1s
     0     0 1164.42574    0   67 1344.24348 1164.42574  13.4%     -    1s
     0     0 1164.95099    0   70 1344.24348 1164.95099  13.3%     -    1s
     0     0 1164.95188    0   70 1344.24348 1164.95188  13.3%     -    1s
     0     0 1166.42639    0   73 1344.24348 1166.42639  13.2%     -    1s
     0     0 1167.74224    0   71 1344.24348 1167.74224  13.1%     -    1s
     0     0 1167.88101    0   72 1344.24348 1167.88101  13.1%     -    2s
     0     0 1167.88103    0   74 1344.24348 1167.88103  13.1%     -    2s
     0     0 1168.18235    0   73 1344.24348 1168.18235  13.1%     -    2s
     0     0 1168.18581    0   72 1344.24348 1168.18581  13.1%     -    2s
     0     0 1168.20293    0   79 1344.24348 1168.20293  13.1%     -    2s
     0     0 1168.20390    0   80 1344.24348 1168.20390  13.1%     -    2s
     0     0 1168.21297    0   77 1344.24348 1168.21297  13.1%     -    2s
     0     0 1168.21650    0   80 1344.24348 1168.21650  13.1%     -    2s
     0     0 1168.22421    0   74 1344.24348 1168.22421  13.1%     -    2s
H    0     0                    1340.1990032 1168.22421  12.8%     -    2s
     0     0 1173.55385    0   35 1340.19900 1173.55385  12.4%     -    2s
     0     0 1173.55385    0   35 1340.19900 1173.55385  12.4%     -    2s
     0     0 1173.55385    0   35 1340.19900 1173.55385  12.4%     -    2s
     0     2 1173.88760    0   35 1340.19900 1173.88760  12.4%     -    2s
H   36    40                    1338.5568998 1173.88760  12.3%  16.1    2s
H   52    57                    1338.5322041 1173.88760  12.3%  25.7    2s
H   52    57                    1337.3239527 1173.88760  12.2%  25.7    2s
H   76    78                    1337.2622522 1173.88760  12.2%  30.4    2s
H   93   101                    1336.9773107 1173.88760  12.2%  40.5    2s
H  249   256                    1333.9289738 1173.88760  12.0%  17.2    3s
   885   610 1179.13596   16   36 1333.92897 1173.98999  12.0%  27.4    5s
  1668   912 1225.72223  133   35 1333.92897 1174.08874  12.0%  37.5   12s
  1682   921 1177.93015    5   67 1333.92897 1177.93015  11.7%  37.2   15s
  1708   939 1301.64751   67  107 1333.92897 1198.34508  10.2%  36.6   20s
  1728   952 1200.92324   32  198 1333.92897 1200.92324  10.0%  36.2   25s
  1751   967 1226.76099   66  167 1333.92897 1202.83825  9.83%  35.7   30s
  1777   986 1308.44380   27  183 1333.92897 1204.82278  9.68%  41.4   35s
  1795   998 1301.59950   66  267 1333.92897 1205.33468  9.64%  41.0   40s
  1806  1005 1292.41494   38  274 1333.92897 1205.61382  9.62%  40.7   45s
  1972  1017 1262.43273   32   39 1333.92897 1230.20468  7.78%  50.5   50s
  2770   757 infeasible   38      1333.92897 1279.92715  4.05%  53.1   55s

Cutting planes:
  Gomory: 1
  Lift-and-project: 4
  Cover: 45
  Implied bound: 137
  Projected implied bound: 8
  Clique: 6
  MIR: 110
  Mixing: 1
  StrongCG: 14
  Flow cover: 169
  GUB cover: 24
  Zero half: 2
  RLT: 38
  Relax-and-lift: 65
  BQP: 9

Explored 3488 nodes (199426 simplex iterations) in 57.86 seconds (64.60 work units)
Thread count was 4 (of 46 available processors)

Solution count 10: 1333.93 1333.93 1333.93 ... 1337.32

Optimal solution found (tolerance 1.00e-06)
Best objective 1.333928973814e+03, best bound 1.333928973814e+03, gap 0.0000%
