Slurm job ID    : 1623
Array task ID   : 1
Host            : 23037696r-i7809a0b3cd
Start time      : 2026-08-10T19:50:57+08:00
Instance        : /home/23037696r/Documents/research/or_benchmark/wp/instances/inactive_0.1/j30_supp/j300101_10.sm
Output JSON     : /home/23037696r/Documents/research/or_benchmark/wp/results/inactivate_0.1/j30//j300101_10.json
Gurobi log      : /home/23037696r/Documents/research/or_benchmark/wp/results/inactivate_0.1/j30//logs/gurobi/j300101_10.log
Allocated CPUs  : 4
Running with command-line arguments
-----------------------------------
Instance file: /home/23037696r/Documents/research/or_benchmark/wp/instances/inactive_0.1/j30_supp/j300101_10.sm
Instance summary
----------------
Tasks:          32
Active tasks:   27
Inactive tasks: 5
Arcs:           58
Total duration: 150
Total work:     229
Active work:    208
Delta (singleton critical-path makespan): 21
Chosen deadline: 24
Feasible by singleton schedule: yes
Deadline rule: automatic: d = ceil(1.1 * Delta) = 24
Set parameter Username
Set parameter LicenseID to value 2851961
Academic license - for non-commercial use only - expires 2027-08-07
Set parameter MIPGap to value 1e-06
Set parameter TimeLimit to value 82800
Set parameter Threads to value 4
Set parameter LogFile to value "/home/23037696r/Documents/research/or_benchmark/wp/results/inactivate_0.1/j30/logs/gurobi/j300101_10.log"
Set parameter NumericFocus to value 1
Gurobi Optimizer version 13.0.2 build v13.0.2rc1 (linux64 - "Ubuntu 22.04.3 LTS")

CPU model: Intel Xeon Processor (Cascadelake), instruction set [SSE2|AVX|AVX2|AVX512]
Thread count: 46 physical cores, 46 logical processors, using up to 4 threads

Non-default parameters:
TimeLimit  82800
MIPGap  1e-06
NumericFocus  1
Threads  4

Optimize a model with 25933 rows, 9021 columns and 96034 nonzeros (Min)
Model fingerprint: 0xa945d7cc
Model has 6363 linear objective coefficients and an objective constant of 2.6432117696115017e+02
Variable types: 675 continuous, 8346 integer (8191 binary)
Coefficient statistics:
  Matrix range     [1e+00, 2e+02]
  Objective range  [1e-02, 1e+03]
  Bounds range     [1e+00, 2e+02]
  RHS range        [1e+00, 2e+02]

Presolve removed 21589 rows and 3957 columns
Presolve time: 0.43s
Presolved: 4344 rows, 5064 columns, 29736 nonzeros
Variable types: 0 continuous, 5064 integer (4319 binary)
Found heuristic solution: objective 2690.1251066

Root relaxation: objective 1.386954e+03, 2009 iterations, 0.13 seconds (0.17 work units)

    Nodes    |    Current Node    |     Objective Bounds      |     Work
 Expl Unexpl |  Obj  Depth IntInf | Incumbent    BestBd   Gap | It/Node Time

     0     0 1386.95447    0   45 2690.12511 1386.95447  48.4%     -    0s
H    0     0                    2689.1298451 1386.95447  48.4%     -    0s
H    0     0                    2685.2925626 1386.95447  48.3%     -    0s
     0     0 1386.95791    0   66 2685.29256 1386.95791  48.3%     -    0s
H    0     0                    1434.9590003 1386.95791  3.35%     -    0s
H    0     0                    1430.7232464 1386.95791  3.06%     -    0s
     0     0 1386.95791    0   49 1430.72325 1386.95791  3.06%     -    0s
     0     0 1386.99659    0   80 1430.72325 1386.99659  3.06%     -    0s
     0     0 1387.02808    0   70 1430.72325 1387.02808  3.05%     -    0s
     0     0 1387.03885    0   82 1430.72325 1387.03885  3.05%     -    0s
     0     0 1387.03885    0   82 1430.72325 1387.03885  3.05%     -    0s
     0     0 1387.81044    0   57 1430.72325 1387.81044  3.00%     -    0s
     0     0 1387.91318    0   56 1430.72325 1387.91318  2.99%     -    1s
     0     0 1387.91318    0   57 1430.72325 1387.91318  2.99%     -    1s
     0     0 1388.62247    0   68 1430.72325 1388.62247  2.94%     -    1s
     0     0 1388.64424    0   63 1430.72325 1388.64424  2.94%     -    1s
     0     0 1388.64454    0   59 1430.72325 1388.64454  2.94%     -    1s
     0     0 1389.39928    0   84 1430.72325 1389.39928  2.89%     -    1s
H    0     0                    1430.4184215 1389.52581  2.86%     -    1s
     0     0 1389.52581    0   99 1430.41842 1389.52581  2.86%     -    1s
H    0     0                    1429.9583847 1389.55737  2.83%     -    1s
     0     0 1389.55737    0  100 1429.95838 1389.55737  2.83%     -    1s
     0     0 1389.56304    0  167 1429.95838 1389.56304  2.82%     -    1s
     0     0 1389.56304    0  168 1429.95838 1389.56304  2.82%     -    1s
     0     0 1389.57410    0  105 1429.95838 1389.57410  2.82%     -    1s
     0     0 1389.57990    0  108 1429.95838 1389.57990  2.82%     -    1s
     0     0 1389.58341    0  107 1429.95838 1389.58341  2.82%     -    1s
     0     0 1390.08266    0  102 1429.95838 1390.08266  2.79%     -    1s
     0     0 1390.08266    0   39 1429.95838 1390.08266  2.79%     -    1s
     0     0 1390.08266    0   68 1429.95838 1390.08266  2.79%     -    1s
     0     0 1390.08266    0   26 1429.95838 1390.08266  2.79%     -    1s
     0     0 1390.08266    0   75 1429.95838 1390.08266  2.79%     -    1s
     0     0 1390.08266    0   50 1429.95838 1390.08266  2.79%     -    1s
     0     0 1390.08266    0   46 1429.95838 1390.08266  2.79%     -    1s
     0     0 1390.70391    0   51 1429.95838 1390.70391  2.75%     -    1s
     0     0 1390.70391    0   55 1429.95838 1390.70391  2.75%     -    1s
     0     0 1398.90188    0   98 1429.95838 1398.90188  2.17%     -    1s
     0     0 1401.00545    0  108 1429.95838 1401.00545  2.02%     -    1s
     0     0 1401.26565    0  117 1429.95838 1401.26565  2.01%     -    1s
     0     0 1401.31204    0  120 1429.95838 1401.31204  2.00%     -    1s
     0     0 1401.31767    0  120 1429.95838 1401.31767  2.00%     -    1s
     0     0 1401.43482    0  116 1429.95838 1401.43482  1.99%     -    1s
     0     0 1401.43645    0  121 1429.95838 1401.43645  1.99%     -    1s
     0     0 1409.55222    0   98 1429.95838 1409.55222  1.43%     -    1s
     0     0 1409.56535    0   99 1429.95838 1409.56535  1.43%     -    1s
     0     0 1410.88861    0  111 1429.95838 1410.88861  1.33%     -    1s
     0     0 1410.93212    0  110 1429.95838 1410.93212  1.33%     -    1s
     0     0 1410.93259    0  110 1429.95838 1410.93259  1.33%     -    1s
     0     0 1410.93261    0  110 1429.95838 1410.93261  1.33%     -    1s
     0     0 1411.08555    0  106 1429.95838 1411.08555  1.32%     -    1s
     0     0 1411.23580    0  114 1429.95838 1411.23580  1.31%     -    1s
     0     0 1411.23580    0  114 1429.95838 1411.23580  1.31%     -    1s
     0     0 1412.65454    0  113 1429.95838 1412.65454  1.21%     -    1s
     0     0 1412.86393    0  114 1429.95838 1412.86393  1.20%     -    1s
     0     0 1412.86393    0  117 1429.95838 1412.86393  1.20%     -    1s
     0     0 1414.03799    0  127 1429.95838 1414.03799  1.11%     -    2s
     0     0 1414.03802    0  127 1429.95838 1414.03802  1.11%     -    2s
     0     0 1414.03862    0  127 1429.95838 1414.03862  1.11%     -    2s
     0     0 1414.03870    0  127 1429.95838 1414.03870  1.11%     -    2s
H    0     0                    1429.8958053 1414.03992  1.11%     -    2s
     0     0 1414.48171    0  117 1429.89581 1414.48171  1.08%     -    2s
     0     0 1414.48201    0  116 1429.89581 1414.48201  1.08%     -    2s
     0     0 1414.54454    0  131 1429.89581 1414.54454  1.07%     -    2s
     0     0 1414.54482    0  131 1429.89581 1414.54482  1.07%     -    2s
     0     0 1414.54592    0  131 1429.89581 1414.54592  1.07%     -    2s
     0     0 1414.54774    0  131 1429.89581 1414.54774  1.07%     -    2s
     0     0 1414.55030    0  131 1429.89581 1414.55030  1.07%     -    2s
     0     0 1414.55359    0  131 1429.89581 1414.55359  1.07%     -    2s
     0     0 1414.55762    0  131 1429.89581 1414.55762  1.07%     -    2s
     0     0 1414.56674    0  131 1429.89581 1414.56674  1.07%     -    2s
     0     0 1414.57305    0  131 1429.89581 1414.57305  1.07%     -    2s
     0     0 1414.57305    0  131 1429.89581 1414.57305  1.07%     -    2s
     0     0 1414.57752    0  131 1429.89581 1414.57752  1.07%     -    2s
     0     0 1414.58101    0  131 1429.89581 1414.58101  1.07%     -    2s
     0     0 1414.58162    0  131 1429.89581 1414.58162  1.07%     -    2s
     0     0 1415.84975    0  121 1429.89581 1415.84975  0.98%     -    2s
     0     0 1415.85620    0  121 1429.89581 1415.85620  0.98%     -    2s
     0     0 1415.86265    0  121 1429.89581 1415.86265  0.98%     -    2s
     0     0 1415.86910    0  121 1429.89581 1415.86910  0.98%     -    2s
     0     0 1415.87556    0  121 1429.89581 1415.87556  0.98%     -    2s
     0     0 1415.88203    0  121 1429.89581 1415.88203  0.98%     -    2s
     0     0 1415.88850    0  121 1429.89581 1415.88850  0.98%     -    2s
     0     0 1415.89498    0  121 1429.89581 1415.89498  0.98%     -    2s
     0     0 1415.90147    0  121 1429.89581 1415.90147  0.98%     -    2s
     0     0 1415.90796    0  121 1429.89581 1415.90796  0.98%     -    2s
     0     0 1415.91445    0  121 1429.89581 1415.91445  0.98%     -    2s
     0     0 1416.09984    0  128 1429.89581 1416.09984  0.96%     -    2s
     0     0 1416.10309    0  128 1429.89581 1416.10309  0.96%     -    2s
     0     0 1416.10634    0  128 1429.89581 1416.10634  0.96%     -    2s
     0     0 1416.10959    0  128 1429.89581 1416.10959  0.96%     -    2s
     0     0 1416.11284    0  128 1429.89581 1416.11284  0.96%     -    2s
     0     0 1416.11512    0  128 1429.89581 1416.11512  0.96%     -    2s
     0     0 1416.11540    0  127 1429.89581 1416.11540  0.96%     -    2s
     0     0 1416.11559    0  135 1429.89581 1416.11559  0.96%     -    2s
     0     0 1421.95364    0  111 1429.89581 1421.95364  0.56%     -    2s
     0     0 1421.95364    0   32 1429.89581 1421.95364  0.56%     -    2s
     0     0 1421.95364    0   21 1429.89581 1421.95364  0.56%     -    2s
     0     0 1421.95364    0   21 1429.89581 1421.95364  0.56%     -    2s
     0     0 1421.95364    0   21 1429.89581 1421.95364  0.56%     -    2s
     0     0 1421.95364    0   33 1429.89581 1421.95364  0.56%     -    2s
     0     0 1421.95364    0   30 1429.89581 1421.95364  0.56%     -    2s
     0     0 1424.66791    0   47 1429.89581 1424.66791  0.37%     -    2s
     0     0 1424.66791    0   26 1429.89581 1424.66791  0.37%     -    2s
     0     0     cutoff    0      1429.89581 1429.89581  0.00%     -    2s

Cutting planes:
  Learned: 2
  Gomory: 4
  Cover: 3
  Implied bound: 11
  Clique: 5
  MIR: 6
  StrongCG: 1
  GUB cover: 3
  Zero half: 2
  RLT: 5
  Relax-and-lift: 1
  BQP: 1

Explored 1 nodes (8272 simplex iterations) in 2.21 seconds (1.87 work units)
Thread count was 4 (of 46 available processors)

Solution count 10: 1429.9 1429.9 1429.96 ... 2689.13

Optimal solution found (tolerance 1.00e-06)
Best objective 1.429895805346e+03, best bound 1.429895805346e+03, gap 0.0000%

Solve summary
-------------
Status code:       2
Objective:         1429.8958053462716
Objective bound:   1429.8958053462716
MIP gap:           0.0
Has cycle:         False
Is acyclic:        True
Packages selected: 2 active packages

Packages
--------
   I1 | inactive_singleton | S=  0, C=  0, x=  0 | tasks=[1]
  I30 | inactive_singleton | S=  0, C=  4, x=  8 | tasks=[30]
   A1 | active             | S=  0, C= 12, x=133 | tasks=[2, 3, 4, 5, 6, 7, 8, 9, 10, 11, 12, 14, 18, 19, 21, 22, 23, 24, 26, 27, 28]
  I13 | inactive_singleton | S= 12, C= 13, x=  1 | tasks=[13]
  I20 | inactive_singleton | S= 12, C= 21, x= 12 | tasks=[20]
   A2 | active             | S= 12, C= 22, x= 75 | tasks=[15, 16, 17, 25, 29, 31]
  I32 | inactive_singleton | S= 24, C= 24, x=  0 | tasks=[32]

Solution JSON saved to: /home/23037696r/Documents/research/or_benchmark/wp/results/inactivate_0.1/j30/j300101_10.json
Finish time     : 2026-08-10T19:51:00+08:00
