
Gurobi 13.0.2 (linux64) logging started Sun Aug 16 00:38:00 2026

Set parameter LogFile to value "/home/23037696r/Documents/research/or_benchmark/wp/results/inactive_0.5/j30/logs/gurobi/j300205_10.log"
Set parameter NumericFocus to value 1
Gurobi Optimizer version 13.0.2 build v13.0.2rc1 (linux64 - "Ubuntu 22.04.3 LTS")

CPU model: Intel Xeon Processor (Cascadelake), instruction set [SSE2|AVX|AVX2|AVX512]
Thread count: 46 physical cores, 46 logical processors, using up to 2 threads

Non-default parameters:
TimeLimit  13800
MIPGap  1e-06
NumericFocus  1
Threads  2

Optimize a model with 8221 rows, 4703 columns and 29308 nonzeros (Min)
Model fingerprint: 0x2826e887
Model has 2805 linear objective coefficients and an objective constant of 1.3589773187625703e+03
Variable types: 435 continuous, 4268 integer (4125 binary)
Coefficient statistics:
  Matrix range     [1e+00, 1e+02]
  Objective range  [1e-02, 6e+02]
  Bounds range     [1e+00, 1e+02]
  RHS range        [1e+00, 1e+02]

Presolve removed 6274 rows and 2869 columns
Presolve time: 0.84s
Presolved: 1947 rows, 1834 columns, 17297 nonzeros
Variable types: 0 continuous, 1834 integer (1433 binary)
Found heuristic solution: objective 2701.6976865

Root relaxation: objective 2.223094e+03, 543 iterations, 0.05 seconds (0.02 work units)

    Nodes    |    Current Node    |     Objective Bounds      |     Work
 Expl Unexpl |  Obj  Depth IntInf | Incumbent    BestBd   Gap | It/Node Time

     0     0 2223.09405    0   78 2701.69769 2223.09405  17.7%     -    1s
H    0     0                    2700.0569412 2223.09405  17.7%     -    1s
     0     0 2223.66656    0   95 2700.05694 2223.66656  17.6%     -    1s
H    0     0                    2694.0606596 2223.66694  17.5%     -    1s
     0     0 2223.66694    0   94 2694.06066 2223.66694  17.5%     -    1s
     0     0 2224.91218    0  101 2694.06066 2224.91218  17.4%     -    1s
H    0     0                    2360.2614992 2224.93808  5.73%     -    1s
     0     0 2225.23456    0  105 2360.26150 2225.23456  5.72%     -    2s
     0     0 2225.30155    0   80 2360.26150 2225.30155  5.72%     -    2s
     0     0 2225.30317    0   83 2360.26150 2225.30317  5.72%     -    2s
     0     0 2225.30317    0   84 2360.26150 2225.30317  5.72%     -    2s
     0     0 2228.13081    0  107 2360.26150 2228.13081  5.60%     -    2s
H    0     0                    2308.1694463 2228.13466  3.47%     -    2s
H    0     0                    2308.1445492 2228.13466  3.47%     -    2s
     0     0 2228.13466    0  114 2308.14455 2228.13466  3.47%     -    2s
     0     0 2228.13466    0  113 2308.14455 2228.13466  3.47%     -    2s
     0     0 2228.45124    0  113 2308.14455 2228.45124  3.45%     -    3s
H    0     0                    2304.4012919 2228.45971  3.30%     -    3s
     0     0 2228.49372    0  123 2304.40129 2228.49372  3.29%     -    3s
     0     0 2228.49996    0   95 2304.40129 2228.49996  3.29%     -    3s
     0     0 2228.49999    0   96 2304.40129 2228.49999  3.29%     -    3s
     0     0 2228.82571    0  112 2304.40129 2228.82571  3.28%     -    3s
H    0     0                    2303.4184012 2228.82586  3.24%     -    3s
     0     0 2228.84213    0  124 2303.41840 2228.84213  3.24%     -    3s
     0     0 2228.84292    0  127 2303.41840 2228.84292  3.24%     -    3s
     0     0 2228.90408    0   97 2303.41840 2228.90408  3.23%     -    4s
H    0     0                    2302.8959821 2228.90408  3.21%     -    4s
     0     0 2228.93086    0   92 2302.89598 2228.93086  3.21%     -    4s
     0     0 2228.93121    0   96 2302.89598 2228.93121  3.21%     -    4s
     0     0 2228.94269    0   98 2302.89598 2228.94269  3.21%     -    4s
     0     0 2228.94402    0  103 2302.89598 2228.94402  3.21%     -    4s
     0     0 2229.01146    0  127 2302.89598 2229.01146  3.21%     -    4s
H    0     0                    2248.3497458 2229.01214  0.86%     -    5s
H    0     0                    2247.2972523 2229.01214  0.81%     -    5s
     0     0 2229.03961    0  103 2247.29725 2229.03961  0.81%     -    5s
     0     0 2229.03961    0   97 2247.29725 2229.03961  0.81%     -    5s
     0     0 2229.04387    0  130 2247.29725 2229.04387  0.81%     -    5s
     0     0 2229.04394    0  132 2247.29725 2229.04394  0.81%     -    5s
     0     0 2229.05902    0  104 2247.29725 2229.05902  0.81%     -    5s
     0     0 2229.05902    0   60 2247.29725 2229.05902  0.81%     -    5s
     0     0 2229.05902    0   80 2247.29725 2229.05902  0.81%     -    5s
     0     0 2229.05902    0   79 2247.29725 2229.05902  0.81%     -    5s
     0     0 2229.05902    0   49 2247.29725 2229.05902  0.81%     -    5s
     0     0 2230.15471    0   95 2247.29725 2230.15471  0.76%     -    5s
     0     0 2230.41671    0   77 2247.29725 2230.41671  0.75%     -    5s
     0     0 2230.52807    0   91 2247.29725 2230.52807  0.75%     -    5s
     0     0 2230.56788    0   86 2247.29725 2230.56788  0.74%     -    5s
     0     0 2230.60329    0   92 2247.29725 2230.60329  0.74%     -    5s
     0     0 2230.60964    0   92 2247.29725 2230.60964  0.74%     -    5s
     0     0 2230.60964    0   94 2247.29725 2230.60964  0.74%     -    5s
     0     0 2232.45871    0   65 2247.29725 2232.45871  0.66%     -    6s
     0     0 2232.78397    0  110 2247.29725 2232.78397  0.65%     -    6s
     0     0 2232.79508    0  123 2247.29725 2232.79508  0.65%     -    6s
     0     0 2232.80459    0  127 2247.29725 2232.80459  0.64%     -    6s
     0     0 2233.95901    0  114 2247.29725 2233.95901  0.59%     -    6s
     0     0 2233.99020    0  118 2247.29725 2233.99020  0.59%     -    6s
     0     0 2234.00245    0  124 2247.29725 2234.00245  0.59%     -    6s
     0     0 2234.00245    0  124 2247.29725 2234.00245  0.59%     -    6s
     0     0 2234.08016    0  134 2247.29725 2234.08016  0.59%     -    6s
     0     0 2234.09752    0  131 2247.29725 2234.09752  0.59%     -    6s
     0     0 2234.13383    0  121 2247.29725 2234.13383  0.59%     -    6s
     0     0 2234.15009    0  121 2247.29725 2234.15009  0.59%     -    6s
     0     0 2234.15009    0  121 2247.29725 2234.15009  0.59%     -    6s
     0     0 2234.15009    0  116 2247.29725 2234.15009  0.59%     -    6s
     0     2 2234.15048    0  115 2247.29725 2234.15048  0.59%     -    6s
*   83    38               5    2247.2261275 2244.23198  0.13%  16.7    6s
*   85    38               6    2247.0893308 2244.23198  0.13%  16.8    6s
*  231     4              10    2246.8763952 2245.96287  0.04%   9.2    7s
*  235     4              14    2246.8584015 2245.96287  0.04%   9.1    7s

Cutting planes:
  Learned: 12
  Gomory: 2
  Cover: 20
  Implied bound: 30
  Clique: 3
  MIR: 26
  StrongCG: 6
  GUB cover: 25
  Inf proof: 6
  Zero half: 2
  Network: 1
  RLT: 13
  Relax-and-lift: 16

Explored 265 nodes (6311 simplex iterations) in 7.06 seconds (0.88 work units)
Thread count was 2 (of 46 available processors)

Solution count 10: 2246.86 2246.88 2247.09 ... 2303.42

Optimal solution found (tolerance 1.00e-06)
Best objective 2.246858401531e+03, best bound 2.246858401531e+03, gap 0.0000%
