
Gurobi 13.0.2 (linux64) logging started Sun Aug 16 01:02:50 2026

Set parameter LogFile to value "/home/23037696r/Documents/research/or_benchmark/wp/results/inactive_0.5/j30/logs/gurobi/j300705_3.log"
Set parameter NumericFocus to value 1
Gurobi Optimizer version 13.0.2 build v13.0.2rc1 (linux64 - "Ubuntu 22.04.3 LTS")

CPU model: Intel Xeon Processor (Cascadelake), instruction set [SSE2|AVX|AVX2|AVX512]
Thread count: 46 physical cores, 46 logical processors, using up to 2 threads

Non-default parameters:
TimeLimit  13800
MIPGap  1e-06
NumericFocus  1
Threads  2

Optimize a model with 12292 rows, 9644 columns and 45096 nonzeros (Min)
Model fingerprint: 0x0070f3c6
Model has 5910 linear objective coefficients and an objective constant of 1.4029582982937043e+03
Variable types: 2055 continuous, 7589 integer (7446 binary)
Coefficient statistics:
  Matrix range     [1e+00, 1e+02]
  Objective range  [1e-02, 6e+02]
  Bounds range     [1e+00, 1e+02]
  RHS range        [1e+00, 1e+02]

Presolve removed 10327 rows and 6632 columns
Presolve time: 1.95s
Presolved: 1965 rows, 3012 columns, 18559 nonzeros
Variable types: 1 continuous, 3011 integer (1954 binary)
Found heuristic solution: objective 2939.9163526

Root relaxation: objective 2.376041e+03, 702 iterations, 0.05 seconds (0.02 work units)

    Nodes    |    Current Node    |     Objective Bounds      |     Work
 Expl Unexpl |  Obj  Depth IntInf | Incumbent    BestBd   Gap | It/Node Time

     0     0 2376.04141    0   53 2939.91635 2376.04141  19.2%     -    2s
H    0     0                    2571.0096153 2376.04141  7.58%     -    2s
H    0     0                    2570.6172416 2376.04141  7.57%     -    2s
     0     0 2379.31914    0   70 2570.61724 2379.31914  7.44%     -    2s
H    0     0                    2543.8056429 2379.33025  6.47%     -    2s
H    0     0                    2536.7001086 2379.33025  6.20%     -    2s
     0     0 2379.67103    0  110 2536.70011 2379.67103  6.19%     -    2s
     0     0 2379.67709    0  110 2536.70011 2379.67709  6.19%     -    2s
     0     0 2379.67709    0  111 2536.70011 2379.67709  6.19%     -    2s
     0     0 2392.69873    0  125 2536.70011 2392.69873  5.68%     -    3s
     0     0 2392.69934    0  125 2536.70011 2392.69934  5.68%     -    3s
H    0     0                    2487.1809530 2392.70032  3.80%     -    3s
H    0     0                    2480.6931906 2392.70032  3.55%     -    3s
H    0     0                    2480.5355554 2392.70032  3.54%     -    3s
     0     0 2392.71966    0  130 2480.53556 2392.71966  3.54%     -    3s
     0     0 2392.71976    0  131 2480.53556 2392.71976  3.54%     -    3s
     0     0 2396.19696    0  134 2480.53556 2396.19696  3.40%     -    4s
     0     0 2396.19780    0  132 2480.53556 2396.19780  3.40%     -    4s
H    0     0                    2479.7366509 2396.24517  3.37%     -    4s
H    0     0                    2466.8020403 2396.24517  2.86%     -    4s
     0     0 2396.24517    0  154 2466.80204 2396.24517  2.86%     -    4s
     0     0 2396.24517    0  154 2466.80204 2396.24517  2.86%     -    4s
     0     0 2396.24517    0  154 2466.80204 2396.24517  2.86%     -    4s
     0     0 2396.25016    0  159 2466.80204 2396.25016  2.86%     -    4s
     0     0 2398.83211    0  145 2466.80204 2398.83211  2.76%     -    4s
     0     0 2399.41894    0  164 2466.80204 2399.41894  2.73%     -    4s
     0     0 2399.41897    0  164 2466.80204 2399.41897  2.73%     -    5s
     0     0 2399.47979    0  152 2466.80204 2399.47979  2.73%     -    5s
     0     0 2399.48043    0  152 2466.80204 2399.48043  2.73%     -    5s
     0     0 2399.48045    0  154 2466.80204 2399.48045  2.73%     -    5s
     0     0 2402.53768    0  158 2466.80204 2402.53768  2.61%     -    5s
     0     0 2402.53769    0  158 2466.80204 2402.53769  2.61%     -    5s
     0     0 2402.57357    0  169 2466.80204 2402.57357  2.60%     -    5s
     0     0 2402.58234    0  168 2466.80204 2402.58234  2.60%     -    5s
     0     0 2402.58238    0  167 2466.80204 2402.58238  2.60%     -    5s
     0     0 2402.58717    0  168 2466.80204 2402.58717  2.60%     -    5s
     0     0 2402.58741    0  167 2466.80204 2402.58741  2.60%     -    5s
     0     0 2402.96684    0  171 2466.80204 2402.96684  2.59%     -    6s
H    0     0                    2465.6275645 2402.98574  2.54%     -    6s
     0     0 2402.98574    0  176 2465.62756 2402.98574  2.54%     -    6s
     0     0 2402.98574    0  181 2465.62756 2402.98574  2.54%     -    6s
     0     0 2403.49818    0  188 2465.62756 2403.49818  2.52%     -    6s
     0     0 2403.49818    0   54 2465.62756 2403.49818  2.52%     -    7s
     0     0 2403.49818    0   74 2465.62756 2403.49818  2.52%     -    7s
     0     0 2403.49818    0   76 2465.62756 2403.49818  2.52%     -    7s
     0     0 2403.49818    0  140 2465.62756 2403.49818  2.52%     -    7s
     0     0 2403.49818    0  141 2465.62756 2403.49818  2.52%     -    7s
     0     0 2403.49818    0  141 2465.62756 2403.49818  2.52%     -    7s
     0     0 2403.49818    0  141 2465.62756 2403.49818  2.52%     -    7s
     0     0 2403.49818    0  140 2465.62756 2403.49818  2.52%     -    7s
     0     0 2403.49818    0  152 2465.62756 2403.49818  2.52%     -    7s
     0     0 2403.49818    0  155 2465.62756 2403.49818  2.52%     -    7s
     0     0 2403.49818    0  167 2465.62756 2403.49818  2.52%     -    7s
     0     0 2403.49818    0  170 2465.62756 2403.49818  2.52%     -    7s
     0     0 2403.50002    0  183 2465.62756 2403.50002  2.52%     -    7s
     0     0 2403.50119    0  184 2465.62756 2403.50119  2.52%     -    7s
     0     0 2403.55079    0  185 2465.62756 2403.55079  2.52%     -    8s
     0     0 2403.55109    0  186 2465.62756 2403.55109  2.52%     -    8s
     0     0 2403.67497    0  192 2465.62756 2403.67497  2.51%     -    8s
     0     0 2403.70084    0  193 2465.62756 2403.70084  2.51%     -    8s
     0     0 2403.70098    0  194 2465.62756 2403.70098  2.51%     -    8s
     0     0 2403.72240    0  189 2465.62756 2403.72240  2.51%     -    8s
     0     0 2403.76894    0  186 2465.62756 2403.76894  2.51%     -    9s
     0     0 2403.76894    0  189 2465.62756 2403.76894  2.51%     -    9s
     0     0 2403.78772    0  184 2465.62756 2403.78772  2.51%     -    9s
     0     0 2403.78772    0  183 2465.62756 2403.78772  2.51%     -    9s
     0     2 2405.78442    0  183 2465.62756 2405.78442  2.43%     -   10s
H   59    42                    2465.2352889 2407.56228  2.34%  17.9   10s
   522   206 2458.21157   46    6 2465.23529 2409.07487  2.28%  17.9   15s
  1442   483     cutoff   67      2465.23529 2414.45877  2.06%  16.1   20s
H 1504   483                    2465.0390040 2414.64945  2.04%  16.0   20s
  1593   520 2457.40548   46  173 2465.03900 2414.77750  2.04%  15.8   25s
  1620   540 2417.30789   51  180 2465.03900 2414.77750  2.04%  17.0   30s
  1679   547     cutoff   35      2465.03900 2415.94773  1.99%  19.3   35s
  2048   530 2450.52196   30   51 2465.03900 2448.81628  0.66%  18.8   40s
  2674   458 2455.15482   45   19 2465.03900 2452.04279  0.53%  16.6   45s
  3327   288     cutoff   50      2465.03900 2457.49806  0.31%  15.6   50s

Cutting planes:
  Learned: 1
  Gomory: 1
  Cover: 28
  Implied bound: 133
  Projected implied bound: 8
  Clique: 11
  MIR: 34
  StrongCG: 8
  Flow cover: 30
  GUB cover: 47
  Zero half: 1
  RLT: 9
  Relax-and-lift: 43
  BQP: 2

Explored 4096 nodes (65415 simplex iterations) in 53.84 seconds (9.73 work units)
Thread count was 2 (of 46 available processors)

Solution count 10: 2465.04 2465.04 2465.04 ... 2465.63

Optimal solution found (tolerance 1.00e-06)
Best objective 2.465039003952e+03, best bound 2.465039003952e+03, gap 0.0000%
