
Gurobi 13.0.2 (linux64) logging started Sun Aug 16 01:04:22 2026

Set parameter LogFile to value "/home/23037696r/Documents/research/or_benchmark/wp/results/inactive_0.5/j30/logs/gurobi/j300805_10.log"
Set parameter NumericFocus to value 1
Gurobi Optimizer version 13.0.2 build v13.0.2rc1 (linux64 - "Ubuntu 22.04.3 LTS")

CPU model: Intel Xeon Processor (Cascadelake), instruction set [SSE2|AVX|AVX2|AVX512]
Thread count: 46 physical cores, 46 logical processors, using up to 2 threads

Non-default parameters:
TimeLimit  13800
MIPGap  1e-06
NumericFocus  1
Threads  2

Optimize a model with 13266 rows, 10651 columns and 49234 nonzeros (Min)
Model fingerprint: 0x0ccf3787
Model has 6645 linear objective coefficients and an objective constant of 1.4125198454196359e+03
Variable types: 2295 continuous, 8356 integer (8213 binary)
Coefficient statistics:
  Matrix range     [1e+00, 2e+02]
  Objective range  [1e-02, 7e+02]
  Bounds range     [1e+00, 2e+02]
  RHS range        [1e+00, 2e+02]

Presolve removed 10446 rows and 7168 columns
Presolve time: 2.70s
Presolved: 2820 rows, 3483 columns, 31342 nonzeros
Variable types: 0 continuous, 3483 integer (2168 binary)
Found heuristic solution: objective 3043.6892846

Root relaxation: objective 2.445988e+03, 1029 iterations, 0.12 seconds (0.06 work units)

    Nodes    |    Current Node    |     Objective Bounds      |     Work
 Expl Unexpl |  Obj  Depth IntInf | Incumbent    BestBd   Gap | It/Node Time

     0     0 2445.98766    0  137 3043.68928 2445.98766  19.6%     -    3s
H    0     0                    2584.8484490 2445.98766  5.37%     -    3s
H    0     0                    2584.5450180 2445.98766  5.36%     -    3s
     0     0 2459.11283    0  322 2584.54502 2459.11283  4.85%     -    4s
     0     0 2459.17398    0  312 2584.54502 2459.17398  4.85%     -    4s
H    0     0                    2568.4612630 2459.17398  4.25%     -    4s
     0     0 2459.49801    0  300 2568.46126 2459.49801  4.24%     -    4s
     0     0 2459.55051    0  163 2568.46126 2459.55051  4.24%     -    8s
     0     0 2483.53266    0  193 2568.46126 2483.53266  3.31%     -    9s
     0     0 2483.53275    0  193 2568.46126 2483.53275  3.31%     -    9s
     0     0 2483.53294    0  193 2568.46126 2483.53294  3.31%     -    9s
     0     0 2483.53307    0  193 2568.46126 2483.53307  3.31%     -    9s
     0     0 2483.53403    0  196 2568.46126 2483.53403  3.31%     -    9s
H    0     0                    2566.4863441 2483.54231  3.23%     -   10s
     0     0 2483.86986    0  200 2566.48634 2483.86986  3.22%     -   11s
     0     0 2483.97638    0  219 2566.48634 2483.97638  3.21%     -   11s
     0     0 2483.98842    0  223 2566.48634 2483.98842  3.21%     -   12s
     0     0 2483.99622    0  217 2566.48634 2483.99622  3.21%     -   12s
     0     0 2486.16237    0  251 2566.48634 2486.16237  3.13%     -   12s
     0     0 2487.00390    0  240 2566.48634 2487.00390  3.10%     -   13s
     0     0 2487.02545    0  243 2566.48634 2487.02545  3.10%     -   13s
     0     0 2487.02547    0  244 2566.48634 2487.02547  3.10%     -   14s
     0     0 2490.38946    0  250 2566.48634 2490.38946  2.97%     -   15s
     0     0 2490.72970    0  246 2566.48634 2490.72970  2.95%     -   16s
     0     0 2490.75885    0  223 2566.48634 2490.75885  2.95%     -   16s
     0     0 2490.77899    0  244 2566.48634 2490.77899  2.95%     -   17s
     0     0 2490.77905    0  246 2566.48634 2490.77905  2.95%     -   17s
     0     0 2491.65999    0  178 2566.48634 2491.65999  2.92%     -   18s
     0     0 2492.73241    0  174 2566.48634 2492.73241  2.87%     -   19s
     0     0 2492.78281    0  190 2566.48634 2492.78281  2.87%     -   19s
     0     0 2492.80983    0  192 2566.48634 2492.80983  2.87%     -   20s
     0     0 2492.80984    0  194 2566.48634 2492.80984  2.87%     -   20s
     0     0 2494.00659    0  187 2566.48634 2494.00659  2.82%     -   21s
H    0     0                    2566.3408743 2494.09271  2.82%     -   21s
     0     0 2494.32211    0  193 2566.34087 2494.32211  2.81%     -   22s
     0     0 2494.32211    0  193 2566.34087 2494.32211  2.81%     -   22s
     0     0 2494.41985    0  209 2566.34087 2494.41985  2.80%     -   22s
     0     0 2494.52351    0  262 2566.34087 2494.52351  2.80%     -   23s
     0     0 2494.60497    0  263 2566.34087 2494.60497  2.80%     -   23s
     0     0 2494.72291    0  274 2566.34087 2494.72291  2.79%     -   24s
     0     0 2494.72291    0  274 2566.34087 2494.72291  2.79%     -   24s
     0     0 2495.42976    0  230 2566.34087 2495.42976  2.76%     -   25s
H    0     0                    2566.2924490 2495.48614  2.76%     -   26s
     0     0 2495.48614    0  276 2566.29245 2495.48614  2.76%     -   26s
     0     0 2495.48906    0  284 2566.29245 2495.48906  2.76%     -   26s
     0     0 2495.61468    0  242 2566.29245 2495.61468  2.75%     -   27s
     0     0 2495.62057    0  244 2566.29245 2495.62057  2.75%     -   28s
     0     0 2495.89796    0  309 2566.29245 2495.89796  2.74%     -   28s
     0     0 2495.90987    0  318 2566.29245 2495.90987  2.74%     -   29s
     0     0 2496.24276    0  297 2566.29245 2496.24276  2.73%     -   31s
     0     0 2496.50723    0  287 2566.29245 2496.50723  2.72%     -   31s
     0     0 2496.65299    0  286 2566.29245 2496.65299  2.71%     -   32s
     0     0 2496.69329    0  292 2566.29245 2496.69329  2.71%     -   32s
     0     0 2496.69999    0  292 2566.29245 2496.69999  2.71%     -   32s
     0     0 2496.93798    0  280 2566.29245 2496.93798  2.70%     -   33s
     0     0 2496.96960    0  295 2566.29245 2496.96960  2.70%     -   34s
     0     0 2496.97172    0  295 2566.29245 2496.97172  2.70%     -   34s
     0     0 2496.97351    0  300 2566.29245 2496.97351  2.70%     -   34s
     0     0 2496.97442    0  299 2566.29245 2496.97442  2.70%     -   34s
     0     0 2496.97477    0  298 2566.29245 2496.97477  2.70%     -   34s
     0     0 2496.97482    0  296 2566.29245 2496.97482  2.70%     -   34s
     0     0 2496.98626    0  299 2566.29245 2496.98626  2.70%     -   35s
     0     0 2496.98687    0  298 2566.29245 2496.98687  2.70%     -   35s
     0     0 2497.45295    0  303 2566.29245 2497.45295  2.68%     -   36s
     0     0 2497.45921    0  305 2566.29245 2497.45921  2.68%     -   36s
     0     0 2497.46033    0  303 2566.29245 2497.46033  2.68%     -   36s
     0     0 2497.46137    0  303 2566.29245 2497.46137  2.68%     -   36s
     0     0 2497.46237    0  303 2566.29245 2497.46237  2.68%     -   36s
     0     0 2497.46297    0  303 2566.29245 2497.46297  2.68%     -   36s
     0     0 2497.46378    0  301 2566.29245 2497.46378  2.68%     -   36s
     0     0 2497.46666    0  299 2566.29245 2497.46666  2.68%     -   36s
     0     0 2497.46666    0  299 2566.29245 2497.46666  2.68%     -   37s
     0     0 2497.46666    0  299 2566.29245 2497.46666  2.68%     -   37s
     0     0 2497.46666    0  299 2566.29245 2497.46666  2.68%     -   37s
     0     0 2497.56497    0  299 2566.29245 2497.56497  2.68%     -   37s
     0     0 2497.57753    0  310 2566.29245 2497.57753  2.68%     -   38s
     0     0 2497.69874    0  315 2566.29245 2497.69874  2.67%     -   38s
     0     0 2497.79308    0  311 2566.29245 2497.79308  2.67%     -   39s
     0     0 2497.79328    0  311 2566.29245 2497.79328  2.67%     -   39s
     0     0 2497.79904    0  322 2566.29245 2497.79904  2.67%     -   39s
     0     0 2497.79928    0  322 2566.29245 2497.79928  2.67%     -   39s
     0     0 2497.79936    0  322 2566.29245 2497.79936  2.67%     -   39s
     0     0 2497.79945    0  322 2566.29245 2497.79945  2.67%     -   40s
     0     0 2497.79955    0  322 2566.29245 2497.79955  2.67%     -   40s
     0     0 2497.79973    0  322 2566.29245 2497.79973  2.67%     -   40s
     0     0 2497.83023    0  310 2566.29245 2497.83023  2.67%     -   41s
     0     0 2497.83055    0  310 2566.29245 2497.83055  2.67%     -   41s
     0     0 2497.83778    0  314 2566.29245 2497.83778  2.67%     -   41s
     0     0 2497.85415    0  313 2566.29245 2497.85415  2.67%     -   41s
     0     0 2497.85415    0  313 2566.29245 2497.85415  2.67%     -   42s
     0     0 2497.85415    0  312 2566.29245 2497.85415  2.67%     -   42s
     0     2 2497.86294    0  312 2566.29245 2497.86294  2.67%     -   44s
     5     8 2557.43487    3   62 2566.29245 2507.77135  2.28%   142   45s
    82    39 2532.41396   12  107 2566.29245 2510.24182  2.18%  84.5   50s
   132    55 2531.73025   14  198 2566.29245 2518.83607  1.85%  92.8   55s
   210    35 infeasible   12      2566.29245 2524.67701  1.62%  79.4   60s
   274    12 infeasible   20      2566.29245 2535.68421  1.19%  75.8   65s

Cutting planes:
  Learned: 5
  Gomory: 1
  Cover: 65
  Implied bound: 271
  Clique: 25
  MIR: 54
  StrongCG: 7
  Flow cover: 2
  GUB cover: 53
  Zero half: 9
  RLT: 10
  Relax-and-lift: 41

Explored 338 nodes (32746 simplex iterations) in 68.06 seconds (7.39 work units)
Thread count was 2 (of 46 available processors)

Solution count 10: 2566.29 2566.34 2566.49 ... 3043.69

Optimal solution found (tolerance 1.00e-06)
Best objective 2.566292449000e+03, best bound 2.566292449000e+03, gap 0.0000%
