
Gurobi 13.0.2 (linux64) logging started Thu Aug 13 22:54:21 2026

Set parameter LogFile to value "/home/23037696r/Documents/research/or_benchmark/wp/results/inactive_0.3/j30/logs/gurobi/j300303_3.log"
Set parameter NumericFocus to value 1
Gurobi Optimizer version 13.0.2 build v13.0.2rc1 (linux64 - "Ubuntu 22.04.3 LTS")

CPU model: Intel Xeon Processor (Cascadelake), instruction set [SSE2|AVX|AVX2|AVX512]
Thread count: 46 physical cores, 46 logical processors, using up to 2 threads

Non-default parameters:
TimeLimit  13800
MIPGap  1e-06
NumericFocus  1
Threads  2

Optimize a model with 18266 rows, 6727 columns and 63684 nonzeros (Min)
Model fingerprint: 0x86ae2a66
Model has 4128 linear objective coefficients and an objective constant of 7.0481499229642657e+02
Variable types: 882 continuous, 5845 integer (5696 binary)
Coefficient statistics:
  Matrix range     [1e+00, 1e+02]
  Objective range  [1e-02, 7e+02]
  Bounds range     [1e+00, 1e+02]
  RHS range        [1e+00, 1e+02]

Presolve removed 13525 rows and 2977 columns
Presolve time: 2.11s
Presolved: 4741 rows, 3750 columns, 29275 nonzeros
Variable types: 0 continuous, 3750 integer (2845 binary)
Found heuristic solution: objective 2512.8403723

Root relaxation: objective 1.534215e+03, 1588 iterations, 0.13 seconds (0.09 work units)

    Nodes    |    Current Node    |     Objective Bounds      |     Work
 Expl Unexpl |  Obj  Depth IntInf | Incumbent    BestBd   Gap | It/Node Time

     0     0 1534.21454    0   53 2512.84037 1534.21454  38.9%     -    2s
H    0     0                    2509.6448631 1534.21454  38.9%     -    2s
     0     0 1537.18650    0   81 2509.64486 1537.18650  38.7%     -    2s
     0     0 1537.18650    0   81 2509.64486 1537.18650  38.7%     -    2s
H    0     0                    1646.0466224 1537.19014  6.61%     -    3s
H    0     0                    1645.8479678 1537.19014  6.60%     -    3s
     0     0 1537.25473    0   95 1645.84797 1537.25473  6.60%     -    3s
     0     0 1537.25584    0   78 1645.84797 1537.25584  6.60%     -    3s
     0     0 1538.01825    0   80 1645.84797 1538.01825  6.55%     -    3s
H    0     0                    1639.6778253 1538.05409  6.20%     -    3s
     0     0 1538.15527    0   79 1639.67783 1538.15527  6.19%     -    3s
     0     0 1538.25713    0   86 1639.67783 1538.25713  6.19%     -    3s
     0     0 1538.25716    0   86 1639.67783 1538.25716  6.19%     -    3s
     0     0 1538.57685    0  108 1639.67783 1538.57685  6.17%     -    4s
     0     0 1538.60187    0  101 1639.67783 1538.60187  6.16%     -    4s
     0     0 1538.60388    0  105 1639.67783 1538.60388  6.16%     -    4s
     0     0 1538.60445    0  107 1639.67783 1538.60445  6.16%     -    4s
     0     0 1539.06998    0  106 1639.67783 1539.06998  6.14%     -    5s
H    0     0                    1589.3598956 1539.07025  3.16%     -    5s
     0     0 1539.08403    0  110 1589.35990 1539.08403  3.16%     -    5s
     0     0 1539.09659    0  117 1589.35990 1539.09659  3.16%     -    5s
     0     0 1539.09659    0  119 1589.35990 1539.09659  3.16%     -    5s
     0     0 1539.20345    0  126 1589.35990 1539.20345  3.16%     -    5s
     0     0 1539.20345    0   63 1589.35990 1539.20345  3.16%     -    5s
H    0     0                    1588.4070030 1539.20345  3.10%     -    5s
     0     0 1539.20345    0   76 1588.40700 1539.20345  3.10%     -    5s
     0     0 1539.20345    0   45 1588.40700 1539.20345  3.10%     -    5s
H    0     0                    1583.2608199 1539.20345  2.78%     -    5s
H    0     0                    1582.9367530 1539.20345  2.76%     -    5s
     0     0 1553.63303    0   86 1582.93675 1553.63303  1.85%     -    5s
     0     0 1553.64191    0   85 1582.93675 1553.64191  1.85%     -    6s
     0     0 1553.69378    0   85 1582.93675 1553.69378  1.85%     -    6s
     0     0 1553.77732    0   88 1582.93675 1553.77732  1.84%     -    6s
     0     0 1553.77767    0   91 1582.93675 1553.77767  1.84%     -    6s
     0     0 1565.09329    0  104 1582.93675 1565.09329  1.13%     -    6s
     0     0 1565.30161    0  112 1582.93675 1565.30161  1.11%     -    6s
     0     0 1565.45165    0  111 1582.93675 1565.45165  1.10%     -    6s
     0     0 1565.46589    0  109 1582.93675 1565.46589  1.10%     -    6s
     0     0 1565.47124    0  108 1582.93675 1565.47124  1.10%     -    6s
     0     0 1567.25612    0  112 1582.93675 1567.25612  0.99%     -    6s
     0     0 1567.48401    0  114 1582.93675 1567.48401  0.98%     -    6s
     0     0 1567.54391    0  114 1582.93675 1567.54391  0.97%     -    6s
     0     0 1567.54407    0  115 1582.93675 1567.54407  0.97%     -    6s
     0     0 1573.71745    0  101 1582.93675 1573.71745  0.58%     -    6s
     0     0 1573.85126    0   96 1582.93675 1573.85126  0.57%     -    6s
     0     0 1573.87972    0  105 1582.93675 1573.87972  0.57%     -    6s
     0     0 1574.39793    0  103 1582.93675 1574.39793  0.54%     -    6s
     0     0 1574.42021    0  107 1582.93675 1574.42021  0.54%     -    6s
     0     0 1574.42104    0  108 1582.93675 1574.42104  0.54%     -    6s
     0     0 1575.01145    0  105 1582.93675 1575.01145  0.50%     -    6s
H    0     0                    1582.9118310 1575.01300  0.50%     -    6s
     0     0 1575.19367    0  111 1582.91183 1575.19367  0.49%     -    6s
     0     0 1575.24321    0  120 1582.91183 1575.24321  0.48%     -    6s
     0     0 1575.26664    0  119 1582.91183 1575.26664  0.48%     -    6s
     0     0 1575.64711    0  116 1582.91183 1575.64711  0.46%     -    6s
H    0     0                    1582.4159977 1575.64958  0.43%     -    6s
H    0     0                    1582.1874761 1575.64958  0.41%     -    6s
H    0     0                    1582.0133272 1575.64958  0.40%     -    6s
     0     0 1575.65286    0  122 1582.01333 1575.65286  0.40%     -    6s
     0     0 1575.81644    0  104 1582.01333 1575.81644  0.39%     -    6s
     0     0 1575.85821    0  117 1582.01333 1575.85821  0.39%     -    6s
     0     0 1576.12749    0   94 1582.01333 1576.12749  0.37%     -    6s
     0     0 1576.13828    0   92 1582.01333 1576.13828  0.37%     -    6s
     0     0 1576.13828    0   92 1582.01333 1576.13828  0.37%     -    6s
     0     0 1576.13828    0   89 1582.01333 1576.13828  0.37%     -    6s
H    0     0                    1581.9634645 1576.13828  0.37%     -    6s
H    0     0                    1581.6391606 1576.15481  0.35%     -    6s
H    0     0                    1581.4649681 1576.15481  0.34%     -    6s
     0     2 1576.15481    0   89 1581.46497 1576.15481  0.34%     -    6s
*   27    18              13    1581.2039419 1577.08014  0.26%  14.3    6s
*   45    14               8    1581.0657365 1577.42246  0.23%  16.8    6s
*   80     0               6    1581.0303875 1577.59291  0.22%  15.4    6s

Cutting planes:
  Learned: 4
  Cover: 22
  Implied bound: 59
  Clique: 8
  MIR: 30
  StrongCG: 2
  GUB cover: 29
  Inf proof: 2
  RLT: 21
  Relax-and-lift: 19
  BQP: 5

Explored 84 nodes (7696 simplex iterations) in 6.80 seconds (1.42 work units)
Thread count was 2 (of 46 available processors)

Solution count 10: 1581.03 1581.07 1581.2 ... 1582.91

Optimal solution found (tolerance 1.00e-06)
Best objective 1.581030387478e+03, best bound 1.581030387478e+03, gap 0.0000%
