
Gurobi 13.0.2 (linux64) logging started Thu Aug 13 23:25:50 2026

Set parameter LogFile to value "/home/23037696r/Documents/research/or_benchmark/wp/results/inactive_0.3/j30/logs/gurobi/j300803_1.log"
Set parameter NumericFocus to value 1
Gurobi Optimizer version 13.0.2 build v13.0.2rc1 (linux64 - "Ubuntu 22.04.3 LTS")

CPU model: Intel Xeon Processor (Cascadelake), instruction set [SSE2|AVX|AVX2|AVX512]
Thread count: 46 physical cores, 46 logical processors, using up to 2 threads

Non-default parameters:
TimeLimit  13800
MIPGap  1e-06
NumericFocus  1
Threads  2

Optimize a model with 19894 rows, 12689 columns and 72131 nonzeros (Min)
Model fingerprint: 0x35403652
Model has 7767 linear objective coefficients and an objective constant of 887.151730731793
Variable types: 3003 continuous, 9686 integer (9537 binary)
Coefficient statistics:
  Matrix range     [1e+00, 2e+02]
  Objective range  [1e-02, 8e+02]
  Bounds range     [1e+00, 2e+02]
  RHS range        [1e+00, 2e+02]

Presolve removed 13535 rows and 5590 columns (presolve time = 6s)...
Presolve removed 13922 rows and 5720 columns
Presolve time: 7.33s
Presolved: 5972 rows, 6969 columns, 39397 nonzeros
Variable types: 0 continuous, 6969 integer (4207 binary)
Found heuristic solution: objective 3009.9242213

Root simplex log...

Iteration    Objective       Primal Inf.    Dual Inf.      Time
       0    1.2871517e+03   3.912500e+02   0.000000e+00      8s
    1618    2.1883087e+03   0.000000e+00   0.000000e+00      8s

Root relaxation: objective 2.188309e+03, 1618 iterations, 0.24 seconds (0.06 work units)

    Nodes    |    Current Node    |     Objective Bounds      |     Work
 Expl Unexpl |  Obj  Depth IntInf | Incumbent    BestBd   Gap | It/Node Time

     0     0 2188.30867    0   68 3009.92422 2188.30867  27.3%     -    8s
     0     0 2190.71786    0  170 3009.92422 2190.71786  27.2%     -    9s
     0     0 2190.81244    0  230 3009.92422 2190.81244  27.2%     -    9s
H    0     0                    2997.3492429 2190.81244  26.9%     -    9s
     0     0 2190.91886    0  159 2997.34924 2190.91886  26.9%     -   10s
     0     0 2190.91886    0  151 2997.34924 2190.91886  26.9%     -   55s
     0     0 2190.91886    0  151 2997.34924 2190.91886  26.9%     -   55s
     0     0 2195.52521    0  190 2997.34924 2195.52521  26.8%     -   60s
H    0     0                    2373.6588852 2195.53416  7.50%     -   65s
H    0     0                    2367.0169044 2195.53416  7.24%     -   65s
     0     0 2196.44156    0  183 2367.01690 2196.44156  7.21%     -   66s
     0     0 2196.44706    0  185 2367.01690 2196.44706  7.21%     -   68s
     0     0 2201.99294    0  287 2367.01690 2201.99294  6.97%     -   72s
     0     0 2201.99392    0  289 2367.01690 2201.99392  6.97%     -   73s
     0     0 2202.64373    0  287 2367.01690 2202.64373  6.94%     -   76s
     0     0 2202.65114    0  286 2367.01690 2202.65114  6.94%     -   77s
     0     0 2202.65327    0  283 2367.01690 2202.65327  6.94%     -   78s
     0     0 2202.69548    0  288 2367.01690 2202.69548  6.94%     -   80s
     0     0 2202.69584    0  291 2367.01690 2202.69584  6.94%     -   81s
     0     0 2206.94183    0  175 2367.01690 2206.94183  6.76%     -   85s
     0     0 2206.94306    0  169 2367.01690 2206.94306  6.76%     -   86s
     0     0 2206.94439    0  170 2367.01690 2206.94439  6.76%     -   86s
     0     0 2206.94539    0  170 2367.01690 2206.94539  6.76%     -   87s
     0     0 2207.13408    0  177 2367.01690 2207.13408  6.75%     -   89s
     0     0 2207.13435    0  177 2367.01690 2207.13435  6.75%     -   89s
     0     0 2207.13537    0  177 2367.01690 2207.13537  6.75%     -   90s
     0     0 2207.13599    0  177 2367.01690 2207.13599  6.75%     -   90s
     0     0 2207.22579    0  166 2367.01690 2207.22579  6.75%     -   91s
     0     0 2207.22579    0  166 2367.01690 2207.22579  6.75%     -   92s
     0     0 2212.83508    0  415 2367.01690 2212.83508  6.51%     -   97s
     0     0 2213.56514    0  438 2367.01690 2213.56514  6.48%     -   99s
     0     0 2213.66194    0  442 2367.01690 2213.66194  6.48%     -  101s
     0     0 2213.68927    0  447 2367.01690 2213.68927  6.48%     -  102s
     0     0 2213.69083    0  445 2367.01690 2213.69083  6.48%     -  104s
     0     0 2214.67945    0  287 2367.01690 2214.67945  6.44%     -  109s
H    0     0                    2366.8190429 2214.68023  6.43%     -  110s
H    0     0                    2365.1927818 2214.68023  6.36%     -  110s
     0     0 2214.88680    0  291 2365.19278 2214.88680  6.35%     -  112s
     0     0 2214.93498    0  293 2365.19278 2214.93498  6.35%     -  113s
     0     0 2214.93691    0  302 2365.19278 2214.93691  6.35%     -  115s
     0     0 2215.65357    0  314 2365.19278 2215.65357  6.32%     -  117s
H    0     0                    2363.8205036 2215.65556  6.27%     -  119s
H    0     0                    2362.1499788 2215.65556  6.20%     -  119s
H    0     0                    2361.9897981 2215.65556  6.20%     -  119s
H    0     0                    2360.8145289 2215.65556  6.15%     -  119s
H    0     0                    2359.6928727 2215.65556  6.10%     -  119s
H    0     0                    2359.4742766 2215.65556  6.10%     -  119s
H    0     0                    2359.0380246 2215.65556  6.08%     -  119s
H    0     0                    2358.8198168 2215.65556  6.07%     -  120s
H    0     0                    2358.6386374 2215.65556  6.06%     -  120s
     0     0 2215.67865    0  325 2358.63864 2215.67865  6.06%     -  121s
     0     0 2215.69177    0  330 2358.63864 2215.69177  6.06%     -  123s
     0     0 2215.69188    0  331 2358.63864 2215.69188  6.06%     -  125s
     0     0 2216.23005    0  321 2358.63864 2216.23005  6.04%     -  128s
     0     0 2216.43313    0  326 2358.63864 2216.43313  6.03%     -  130s
     0     0 2216.46566    0  334 2358.63864 2216.46566  6.03%     -  132s
     0     0 2216.48234    0  334 2358.63864 2216.48234  6.03%     -  133s
     0     0 2216.48342    0  338 2358.63864 2216.48342  6.03%     -  134s
     0     0 2218.07415    0  330 2358.63864 2218.07415  5.96%     -  137s
     0     0 2218.27386    0  325 2358.63864 2218.27386  5.95%     -  141s
     0     0 2218.33473    0  336 2358.63864 2218.33473  5.95%     -  142s
     0     0 2218.34295    0  335 2358.63864 2218.34295  5.95%     -  145s
     0     0 2218.34302    0  338 2358.63864 2218.34302  5.95%     -  146s
     0     0 2219.45207    0  308 2358.63864 2219.45207  5.90%     -  150s
H    0     0                    2358.4416397 2219.53786  5.89%     -  151s
H    0     0                    2356.9493347 2219.53786  5.83%     -  151s
H    0     0                    2356.5265125 2219.53786  5.81%     -  151s
     0     0 2219.98336    0  305 2356.52651 2219.98336  5.79%     -  153s
     0     0 2220.05248    0  316 2356.52651 2220.05248  5.79%     -  155s
     0     0 2220.05729    0  325 2356.52651 2220.05729  5.79%     -  157s
     0     0 2220.51837    0  320 2356.52651 2220.51837  5.77%     -  160s
     0     0 2220.55216    0  298 2356.52651 2220.55216  5.77%     -  163s
     0     0 2220.55902    0  317 2356.52651 2220.55902  5.77%     -  165s
     0     0 2220.60969    0  319 2356.52651 2220.60969  5.77%     -  168s
H    0     0                    2356.4281366 2220.62809  5.76%     -  169s
H    0     0                    2356.2318762 2220.62809  5.76%     -  169s
     0     0 2220.62809    0  323 2356.23188 2220.62809  5.76%     -  171s
     0     0 2220.66214    0  311 2356.23188 2220.66214  5.75%     -  174s
     0     0 2220.68761    0  326 2356.23188 2220.68761  5.75%     -  176s
     0     0 2220.68761    0  325 2356.23188 2220.68761  5.75%     -  178s
     0     0 2220.74492    0  316 2356.23188 2220.74492  5.75%     -  180s
     0     0 2220.77357    0  315 2356.23188 2220.77357  5.75%     -  186s
     0     0 2220.77357    0  315 2356.23188 2220.77357  5.75%     -  187s
     0     2 2220.96942    0  313 2356.23188 2220.96942  5.74%     -  193s
     1     4 2220.96942    1  313 2356.23188 2220.96942  5.74%   2.0  197s
    12    10 2220.96942    5  306 2356.23188 2220.96942  5.74%  88.4  201s
    19    16 2224.42085    7  314 2356.23188 2220.96942  5.74%   130  205s
    26    23 2226.01155    9  137 2356.23188 2220.96942  5.74%   224  211s
    34    31 2231.43820   11  109 2356.23188 2220.96942  5.74%   212  215s
    55    48 2244.06280   21   97 2356.23188 2220.96942  5.74%   143  220s
H   56    48                    2355.9988749 2220.96942  5.73%   140  220s
    84    81 2282.67354   32   67 2355.99887 2220.96942  5.73%   101  225s
   101    79 2312.29278   37   51 2355.99887 2220.96942  5.73%  89.8  232s
   108    82 2247.62860    5  250 2355.99887 2220.96942  5.73%   104  235s
   125   103 2248.49504   10  183 2355.99887 2220.96942  5.73%   100  240s
   156   118 2312.89370   17  168 2355.99887 2220.96942  5.73%  92.3  246s
H  169   118                    2355.2808566 2220.96942  5.70%  88.5  248s
   171   122     cutoff   18      2355.28086 2220.96942  5.70%  91.3  250s
   195   135 2256.45609    3  201 2355.28086 2223.29115  5.60%  87.7  261s
   220   142 2260.43070    9   95 2355.28086 2225.26660  5.52%  85.1  265s
H  228   144                    2354.8579287 2225.26660  5.50%  92.1  267s
   238   163 2275.07010   14  111 2354.85793 2225.26660  5.50%  91.9  273s
   252   191 2277.82587   19  155 2354.85793 2225.26660  5.50%  88.8  279s
   284   201 2281.45496   20  165 2354.85793 2225.26660  5.50%  81.4  285s
   309   224 2285.88758   24   77 2354.85793 2225.26660  5.50%  82.5  293s
   328   237 2296.82005   36   59 2354.85793 2225.26660  5.50%  78.3  296s
   347   277 infeasible   42      2354.85793 2225.26660  5.50%  76.3  300s
   389   290 2311.77968   78   30 2354.85793 2225.62091  5.49%  69.5  306s
H  413   286                    2352.9966533 2225.62091  5.41%  69.4  307s
   420   294 2258.61549    5  236 2352.99665 2225.62091  5.41%  69.3  310s
H  431   292                    2351.2399859 2225.62091  5.34%  70.5  313s
   437   296 2268.40440   11  112 2351.23999 2225.62091  5.34%  71.8  319s
H  444   296                    2350.5843798 2225.62091  5.32%  72.3  319s
   445   305 2260.27804   11  158 2350.58438 2225.62091  5.32%  72.6  324s
H  457   307                    2349.3149615 2225.62091  5.27%  73.4  329s
   473   315 2273.32604   19  127 2349.31496 2225.65714  5.26%  75.5  335s
   511   339 infeasible   28      2349.31496 2226.02189  5.25%  74.5  344s
   521   347 2232.92245    9  109 2349.31496 2226.02189  5.25%  78.7  349s
   535   350 2346.87783   14   41 2349.31496 2226.02189  5.25%  78.6  356s
   556   362 2257.78721    9  229 2349.31496 2227.84743  5.17%  82.0  361s
   565   387 2260.08329   12  184 2349.31496 2227.84743  5.17%  82.6  369s
   596   403 infeasible   16      2349.31496 2229.95323  5.08%  82.2  379s
   647   437 2250.35718    7  121 2349.31496 2229.95323  5.08%  79.1  387s
   730   463 2247.75698   18  115 2349.31496 2232.41921  4.98%  72.5  396s
   800   485 2256.30944   13  124 2349.31496 2234.19639  4.90%  68.6  404s
   851   497 2332.60627   29   44 2349.31496 2234.78086  4.88%  65.8  412s
   881   499 2267.81911   10  199 2349.31496 2236.51090  4.80%  66.2  419s
   914   519 2283.77972   15  114 2349.31496 2236.51090  4.80%  64.9  428s
   965   527 2297.13319   28   65 2349.31496 2236.98338  4.78%  62.8  438s
  1013   549 2301.44372   18   93 2349.31496 2238.27231  4.73%  61.3  446s
  1063   575     cutoff   28      2349.31496 2240.05350  4.65%  60.2  461s
  1154   601 2242.03603    9  134 2349.31496 2241.44808  4.59%  57.3  473s
  1234   602 2320.02280   34  159 2349.31496 2242.02249  4.57%  55.2  619s
  1236   603 2295.42676   21  292 2349.31496 2242.02249  4.57%  55.1  622s
  1238   605 2271.22614   22  489 2349.31496 2242.02249  4.57%  55.0  625s
  1245   609 2262.05171   10  540 2349.31496 2242.02249  4.57%  54.7  630s
  1250   613 2267.72994   10  589 2349.31496 2242.02249  4.57%  54.5  636s
  1253   615 2312.58371   59  602 2349.31496 2242.02249  4.57%  54.3  642s
  1254   618 2242.02249   14  594 2349.31496 2242.02249  4.57%  64.8  645s
  1258   621 2300.76287   16  399 2349.31496 2242.02249  4.57%  68.2  651s
  1260   624 2301.20722   17  406 2349.31496 2242.02249  4.57%  70.2  656s
  1264   626 2302.05952   18  375 2349.31496 2242.02249  4.57%  71.6  660s
  1271   628 2309.04266   19  353 2349.31496 2242.02249  4.57%  74.8  667s
  1276   628 infeasible   21      2349.31496 2242.02249  4.57%  74.9  670s
  1282   630 2318.50495   22  343 2349.31496 2242.02249  4.57%  75.4  676s
  1290   631 2327.42152   25  275 2349.31496 2242.02249  4.57%  75.5  681s
  1304   635 2312.31513   32  313 2349.31496 2242.02249  4.57%  75.2  685s
  1328   643 2314.79140   37  304 2349.31496 2242.02249  4.57%  74.8  691s
  1347   651 infeasible   44      2349.31496 2242.02249  4.57%  75.3  695s
  1367   655 infeasible   50      2349.31496 2242.02249  4.57%  75.5  700s
  1391   654 infeasible   59      2349.31496 2242.02249  4.57%  74.8  705s
  1425   654 2242.02249   19  307 2349.31496 2242.02249  4.57%  75.8  711s
  1445   669 2293.59877   25   95 2349.31496 2242.02249  4.57%  75.7  715s
  1505   667 2242.02249   17  338 2349.31496 2242.02249  4.57%  74.1  720s
  1562   673 infeasible   31      2349.31496 2242.02249  4.57%  72.8  725s
  1592   703 2291.22273   24  300 2349.31496 2242.02249  4.57%  72.7  730s
  1649   694 2346.49266   51  168 2349.31496 2242.02249  4.57%  71.2  736s
  1701   704 2278.99448   20  332 2349.31496 2242.02249  4.57%  70.0  741s
  1748   719 2301.05203   27  109 2349.31496 2242.02249  4.57%  68.7  745s
  1889   734 infeasible   38      2349.31496 2242.02249  4.57%  65.4  751s
  1926   776 2305.47562   38  225 2349.31496 2242.02249  4.57%  64.8  756s
  2036   773 2344.19529   38   70 2349.31496 2243.45490  4.51%  62.7  760s
  2103   832 2318.77195   32  201 2349.31496 2245.49247  4.42%  61.6  767s
  2241   796 infeasible   36      2349.31496 2247.09203  4.35%  59.1  770s
  2275   862     cutoff   32      2349.31496 2248.03419  4.31%  58.6  778s
  2477   808 infeasible   43      2349.31496 2250.23410  4.22%  55.4  781s
  2514   885 2260.66929   30  321 2349.31496 2251.93064  4.15%  54.9  788s
  2701   845 2259.19419   17  372 2349.31496 2254.34426  4.04%  52.5  791s
  2738   856 2259.20607   18  371 2349.31496 2254.34426  4.04%  52.1  797s
  2856   825 2261.13987   26  273 2349.31496 2254.34426  4.04%  50.7  802s
  2885   867 2261.50110   27  336 2349.31496 2256.90851  3.93%  50.4  805s
  2979   887 2303.70290   28  246 2349.31496 2259.28547  3.83%  50.2  816s
  3090   865 infeasible   20      2349.31496 2259.33900  3.83%  49.6  820s
  3109   950 2261.93356   23  302 2349.31496 2259.37503  3.83%  49.6  827s
  3272   950 2273.64535   23  198 2349.31496 2259.47626  3.82%  48.7  833s
  3274   949 2273.64535   24  198 2349.31496 2259.47626  3.82%  48.7  840s
  3295   959 2276.23478   26  182 2349.31496 2259.49678  3.82%  48.6  847s
  3303   971 2276.23483   27  179 2349.31496 2259.49678  3.82%  48.6  853s
  3342  1030 2289.81069   28  177 2349.31496 2259.49678  3.82%  48.4  859s
  3433  1111 2266.33099   24  254 2349.31496 2259.73890  3.81%  47.7  869s
  3646  1153 2262.13604   25  311 2349.31496 2259.82661  3.81%  46.0  874s
  3715  1248 2303.88350   45   73 2349.31496 2259.82661  3.81%  45.5  886s
  3904  1292 2266.74892   31  206 2349.31496 2261.46095  3.74%  44.2  892s
  3988  1340 2265.75041   27  254 2349.31496 2261.51650  3.74%  43.8  901s
  4135  1376 2279.15461   26  279 2349.31496 2261.60538  3.73%  43.3  906s
  4213  1467 2274.31635   23  287 2349.31496 2261.76084  3.73%  43.0  914s
  4398  1532 infeasible   48      2349.31496 2262.27983  3.70%  42.3  924s
  4568  1630 2267.59702   27  297 2349.31496 2262.41155  3.70%  41.5  938s
  4811  1697 2282.01929   29  271 2349.31496 2263.05547  3.67%  40.5  948s
  4946  1782 2293.21739   28  231 2349.31496 2263.28644  3.66%  40.2  968s
  5181  1919 2341.38490   32  102 2349.31496 2263.75668  3.64%  39.3  985s
  5440  2035 2276.36507   34  261 2349.31496 2264.51151  3.61%  38.3 1004s
  5707  2153 infeasible   27      2349.31496 2264.92538  3.59%  37.6 1017s
  5900  2315 infeasible   45      2349.31496 2265.67547  3.56%  37.0 1039s
  6227  2400 2303.81198   34  145 2349.31496 2266.09275  3.54%  36.1 1054s
  6437  2605 2283.59066   29  124 2349.31496 2266.38852  3.53%  35.6 1077s
  6776  2696 infeasible   52      2349.31496 2266.59255  3.52%  34.7 1095s
  6994  2833 2282.00256   38  239 2349.31496 2266.84149  3.51%  34.3 1116s
  7299  2968 infeasible   23      2349.31496 2267.29541  3.49%  33.8 1151s
  7654  3119 2287.83937   32  239 2349.31496 2267.64952  3.48%  33.0 1169s
  7961  3185 2345.01634   46  114 2349.31496 2267.73911  3.47%  32.5 1178s
  8104  3332 2280.81008   28  203 2349.31496 2267.88390  3.47%  32.2 1191s
  8397  3414     cutoff   52      2349.31496 2268.00184  3.46%  31.8 1202s
  8583  3546 2278.51122   27   93 2349.31496 2268.21283  3.45%  31.5 1219s
  8864  3587 infeasible   47      2349.31496 2268.47945  3.44%  31.1 1228s
  8970  3751 2345.41970   34  287 2349.31496 2268.57155  3.44%  31.1 1250s
  9286  3787 infeasible   47      2349.31496 2268.73604  3.43%  30.6 1261s
  9383  3939 2338.01261   50   82 2349.31496 2268.90064  3.42%  30.6 1278s
  9707  4029 2305.93510   35  201 2349.31496 2269.02219  3.42%  30.2 1289s
  9865  4146 infeasible   49      2349.31496 2269.25848  3.41%  30.0 1305s
 10157  4209 2318.92974   40  206 2349.31496 2269.58573  3.39%  29.6 1314s
 10329  4375 2275.01999   25  310 2349.31496 2269.63264  3.39%  29.4 1327s
 10640  4438 2282.23783   35  255 2349.31496 2269.85659  3.38%  29.0 1335s
 10776  4525     cutoff   40      2349.31496 2270.09185  3.37%  28.9 1350s
 11009  4567 2341.00458   39  103 2349.31496 2270.38934  3.36%  28.7 1361s
 11125  4724 2335.94531   41   74 2349.31496 2270.68292  3.35%  28.6 1381s
 11497  4752 2300.55871   28  105 2349.31496 2271.23597  3.32%  28.3 1389s
 11565  4889 infeasible   33      2349.31496 2271.27263  3.32%  28.2 1407s
 11909  4895 2307.60365   35  152 2349.31496 2272.00082  3.29%  28.0 1413s
 11953  5076 2274.47127   43  246 2349.31496 2272.13217  3.29%  28.0 1433s
 12313  5098 infeasible   34      2349.31496 2272.90134  3.25%  27.7 1441s
 12369  5260 2284.77451   34  277 2349.31496 2272.92893  3.25%  27.7 1457s
 12697  5262 infeasible   48      2349.31496 2273.37306  3.23%  27.5 1462s
 12717  5416 2292.39779   39  168 2349.31496 2273.44362  3.23%  27.5 1479s
 13007  5439 2345.48357   45   52 2349.31496 2273.51335  3.23%  27.3 1489s
 13089  5444 2282.63524   32  248 2349.31496 2273.64535  3.22%  27.2 1493s
 13094  5472 2293.66839   35  238 2349.31496 2273.64535  3.22%  27.3 1497s
 13144  5640 2282.82046   32  237 2349.31496 2274.05351  3.20%  27.2 1520s
 13515  5666 2283.19254   29  137 2349.31496 2274.42586  3.19%  27.0 1530s
 13628  5742 2312.99537   30  140 2349.31496 2274.76045  3.17%  26.9 1544s
 13794  5784 2299.29446   38  164 2349.31496 2275.02569  3.16%  26.8 1551s
 13880  5974 2333.68531   36  252 2349.31496 2275.05144  3.16%  26.8 1571s
 14236  6023 2333.98464   50   98 2349.31496 2275.41905  3.15%  26.6 1581s
 14340  6202     cutoff   60      2349.31496 2275.64991  3.14%  26.5 1598s
 14641  6203 2326.11950   48  159 2349.31496 2275.86736  3.13%  26.3 1742s
 14643  6204 2316.93794   35  313 2349.31496 2275.86736  3.13%  26.3 1747s
 14644  6205 2309.58511   34  609 2349.31496 2275.86736  3.13%  26.3 1750s
 14649  6208 2322.95125   44  536 2349.31496 2275.86736  3.13%  26.3 1755s
 14656  6213 2325.09210   39  640 2349.31496 2275.86736  3.13%  26.3 1760s
 14663  6218 2311.49037   32  670 2349.31496 2275.86736  3.13%  26.3 1765s
 14666  6220 2312.76525   27  694 2349.31496 2275.86736  3.13%  26.3 1776s
 14670  6222 2325.16696   52  677 2349.31496 2275.86736  3.13%  26.3 1780s
 14674  6225 2295.11696   34  693 2349.31496 2275.86736  3.13%  26.3 1790s
 14678  6228 2332.17605   45  693 2349.31496 2275.86736  3.13%  26.3 1805s
 14682  6230 2337.87455   36  706 2349.31496 2275.86736  3.13%  26.2 1817s
 14684  6232 2334.98470   33  708 2349.31496 2275.86736  3.13%  26.2 1830s
 14688  6234 2323.27098   27  702 2349.31496 2275.86736  3.13%  26.2 1842s
 14691  6236 2276.31803   33  693 2349.31496 2275.86736  3.13%  26.2 1845s
 14692  6237 2347.97797   37  700 2349.31496 2275.86736  3.13%  26.2 1855s
 14696  6240 2296.70900   40  703 2349.31496 2275.86736  3.13%  26.2 1866s
 14698  6241 2345.40767   36  702 2349.31496 2275.86736  3.13%  26.2 1877s
 14700  6242 2337.90068   35  699 2349.31496 2275.86736  3.13%  26.2 1880s
 14702  6244 2290.15381   30  707 2349.31496 2275.86736  3.13%  26.2 1891s
 14705  6246 2299.49516   45  703 2349.31496 2275.86736  3.13%  26.2 1895s
 14706  6246 2340.28206   53  707 2349.31496 2275.86736  3.13%  26.2 1904s
 14707  6247 2333.81550   44  703 2349.31496 2275.86736  3.13%  26.2 1905s
 14710  6249 2338.63395   41  707 2349.31496 2275.86736  3.13%  26.2 1917s
 14713  6251 2315.41195   28  709 2349.31496 2275.86736  3.13%  26.2 1920s
 14714  6252 2345.32289   59  710 2349.31496 2275.86736  3.13%  26.2 1930s
 14717  6254 2346.74833   52  692 2349.31496 2275.86736  3.13%  26.2 1942s
 14719  6255 2342.40697   64  682 2349.31496 2275.86736  3.13%  26.2 1945s
 14721  6256 2329.90322   45  689 2349.31496 2275.86736  3.13%  26.2 1954s
 14722  6257 2331.98598   37  691 2349.31496 2275.86736  3.13%  26.2 1956s
 14724  6258 2326.56968   23  688 2349.31496 2275.86736  3.13%  26.2 1966s
 14725  6259 2332.06181   55  697 2349.31496 2275.86736  3.13%  26.2 1971s
 14726  6260 2279.25380   36  699 2349.31496 2275.86736  3.13%  26.2 1981s
 14729  6262 2286.35574   28  705 2349.31496 2275.86736  3.13%  26.2 1993s
 14731  6263 2282.90777   37  710 2349.31496 2275.86736  3.13%  26.2 2003s
 14733  6264 2311.27299   39  711 2349.31496 2275.86736  3.13%  26.2 2014s
 14734  6265 2276.60938   35  711 2349.31496 2275.86736  3.13%  26.2 2024s
 14735  6266 2332.61562   51  675 2349.31496 2275.86736  3.13%  26.2 2035s
 14739  6268 2345.80448   49  697 2349.31496 2275.86736  3.13%  26.1 2045s
 14742  6270 2280.03673   33  707 2349.31496 2275.86736  3.13%  26.1 2056s
 14744  6272 2309.58511   34  701 2349.31496 2275.86736  3.13%  26.1 2066s
 14746  6273 2304.56385   37  699 2349.31496 2275.86736  3.13%  26.1 2076s
 14748  6274 2348.08232   36  694 2349.31496 2275.86736  3.13%  26.1 2085s
 14750  6276 2277.86187   34  701 2349.31496 2275.86736  3.13%  26.1 2096s
 14752  6277 2312.16517   35  702 2349.31496 2275.86736  3.13%  26.1 2105s
 14756  6280 2325.09210   39  695 2349.31496 2275.86736  3.13%  26.1 2111s
 14759  6282 2290.27972   35  691 2349.31496 2275.86736  3.13%  26.1 2115s
 14762  6284 2298.22278   40  697 2349.31496 2275.86736  3.13%  26.1 2120s
 14764  6285 2296.90616   41  690 2349.31496 2275.86736  3.13%  26.1 2126s
 14769  6293 2275.86736   30  819 2349.31496 2275.86736  3.13%  27.7 2131s
 14777  6295 2275.86736   32  645 2349.31496 2275.86736  3.13%  27.8 2138s
 14781  6296 2275.86736   32  825 2349.31496 2275.86736  3.13%  27.8 2140s
 14784  6296 2275.86736   33  641 2349.31496 2275.86736  3.13%  27.8 2146s
 14793  6297 2275.86736   34  222 2349.31496 2275.86736  3.13%  28.0 2151s
 14815  6312 2307.28029   40  152 2349.31496 2275.86736  3.13%  28.1 2156s
 14838  6315 2347.14645   49   54 2349.31496 2275.86736  3.13%  28.1 2175s
 14857  6315 2275.86736   34  329 2349.31496 2275.86736  3.13%  28.2 2198s
 14873  6318 2305.78313   36  250 2349.31496 2275.86736  3.13%  28.3 2200s
 14885  6335 2306.89073   40  184 2349.31496 2275.86736  3.13%  28.4 2205s
 14922  6329 2275.86736   33  547 2349.31496 2275.86736  3.13%  28.4 2222s
 14931  6328 2275.86736   34  379 2349.31496 2275.86736  3.13%  28.4 2239s
 14939  6331 2275.86736   35  344 2349.31496 2275.86736  3.13%  28.5 2243s
 14944  6331 2275.86736   37  340 2349.31496 2275.86736  3.13%  28.6 2267s
 14958  6328 2275.86736   38  342 2349.31496 2275.86736  3.13%  28.7 2275s
 14966  6329 2275.86736   39  702 2349.31496 2275.86736  3.13%  29.0 2298s
 14969  6334 2275.86736   40  451 2349.31496 2275.86736  3.13%  29.0 2303s
 14987  6327 2294.91997   42  226 2349.31496 2275.86736  3.13%  29.1 2309s
 15013  6319 2341.39070   48  151 2349.31496 2275.86736  3.13%  29.1 2330s
 15030  6321 2280.82079   39  360 2349.31496 2275.86736  3.13%  29.2 2338s
 15040  6330 2325.33648   44  302 2349.31496 2275.86736  3.13%  29.3 2345s
 15123  6335 2295.15844   52   88 2349.31496 2275.86736  3.13%  29.3 2355s
 15222  6337 2349.24825   59    6 2349.31496 2275.86736  3.13%  29.4 2364s
 15282  6339 2330.67530   44  273 2349.31496 2275.86736  3.13%  29.5 2368s
 15342  6322 2344.32211   56  276 2349.31496 2275.86736  3.13%  29.4 2375s
 15372  6320 2346.64547   66  288 2349.31496 2275.86736  3.13%  29.6 2382s
 15411  6328 2275.86736   42  311 2349.31496 2275.86736  3.13%  29.7 2388s
 15473  6342 2298.75438   37  248 2349.31496 2275.86736  3.13%  29.7 2394s
 15556  6362 2283.84778   38  271 2349.31496 2275.86736  3.13%  29.8 2403s
 15690  6340     cutoff   53      2349.31496 2275.86736  3.13%  29.7 2412s
 15793  6322 2320.68452   41  424 2349.31496 2275.86736  3.13%  29.9 2418s
 15840  6315 2323.46421   44  404 2349.31496 2275.86736  3.13%  30.0 2424s
 15863  6348 2333.77954   61  362 2349.31496 2275.86736  3.13%  30.1 2433s
 15967  6394 2338.20002   53  172 2349.31496 2275.86736  3.13%  30.1 2443s
 16166  6361 2275.86736   49  316 2349.31496 2275.86736  3.13%  30.0 2451s
 16251  6368     cutoff   53      2349.31496 2275.86736  3.13%  29.9 2464s
 16404  6388 2346.49180   51  129 2349.31496 2275.86736  3.13%  30.0 2474s
 16582  6382 2311.78479   49   93 2349.31496 2275.86736  3.13%  29.9 2487s
 16707  6390 2347.83173   50  136 2349.31496 2275.86736  3.13%  29.9 2503s
 16855  6432 2275.86736   39  264 2349.31496 2275.86736  3.13%  29.9 2523s
 17140  6356 2275.86736   39  365 2349.31496 2275.86736  3.13%  29.8 2530s
 17173  6486 2275.86736   41  419 2349.31496 2275.86736  3.13%  29.8 2547s
 17500  6396 2347.84177   42  254 2349.31496 2275.86736  3.13%  29.7 2559s
 17576  6411 2343.98993   47  391 2349.31496 2275.86736  3.13%  29.9 2575s
 17735  6408 2348.74295   55  172 2349.31496 2275.86736  3.13%  29.9 2590s
 17868  6411     cutoff   51      2349.31496 2275.86736  3.13%  30.0 2613s
 18056  6396 2325.22955   51  208 2349.31496 2275.86736  3.13%  30.1 2627s
 18152  6416 2275.86736   41  287 2349.31496 2275.86736  3.13%  30.1 2641s
 18286  6392 2312.88371   56  142 2349.31496 2275.86736  3.13%  30.2 2650s
 18360  6417 2328.67088   38  453 2349.31496 2275.86736  3.13%  30.5 2668s
 18546  6436 2324.38843   53  143 2349.31496 2275.86736  3.13%  30.6 2683s
 18727  6485 2275.86736   40  288 2349.31496 2275.86736  3.13%  30.6 2706s
 19037  6468 2279.35490   52  256 2349.31496 2275.86736  3.13%  30.5 2724s
 19238  6450 2309.36134   83  247 2349.31496 2275.86736  3.13%  30.7 2741s
 19396  6512 2308.52575   63  121 2349.31496 2275.86736  3.13%  30.8 2766s
 19710  6582 2319.00852   50  133 2349.31496 2275.86736  3.13%  30.8 2794s
 20155  6550 infeasible   41      2349.31496 2275.86736  3.13%  30.5 2822s
 20545  6504 infeasible   37      2349.31496 2275.86736  3.13%  30.5 2840s
 20785  6488 2344.37977   45   72 2349.31496 2275.86736  3.13%  30.4 2859s
 20974  6587 2336.65985   61  150 2349.31496 2275.86736  3.13%  30.4 2888s
 21404  6561 2309.77510   62   88 2349.31496 2275.86736  3.13%  30.3 2909s
 21645  6654 2311.77619   53  264 2349.31496 2275.86736  3.13%  30.4 2932s
 22056  6618 infeasible   56      2349.31496 2275.86736  3.13%  30.2 2970s
 22257  6766 2296.11750   60  430 2349.31496 2275.86736  3.13%  30.5 3001s
 22711  6680 2318.91440   63  282 2349.31496 2275.86736  3.13%  30.5 3021s
 22872  6700 2347.74504   41  113 2349.31496 2275.86736  3.13%  30.6 3041s
 23082  6736 2289.52156   56  386 2349.31496 2275.86736  3.13%  30.8 3058s
 23275  6809 2327.02403   50   90 2349.31496 2275.86736  3.13%  30.9 3078s
 23577  6792 2328.75633   34  273 2349.31496 2275.86736  3.13%  31.1 3096s
 23784  6819     cutoff   60      2349.31496 2275.97429  3.12%  31.1 3118s
 24021  6857 2344.42771   56  275 2349.31496 2276.31389  3.11%  31.2 3140s
 24236  6913 2282.03285   48  116 2349.31496 2276.38931  3.10%  31.3 3160s
 24487  6915     cutoff   35      2349.31496 2276.57657  3.10%  31.6 3179s
 24669  6910 2329.19316   57  375 2349.31496 2276.70388  3.09%  31.7 3199s
 24854  6901 infeasible   53      2349.31496 2276.90340  3.08%  31.8 3217s
 25003  6941 2294.24748   54  265 2349.31496 2276.96183  3.08%  31.8 3235s
 25218  6929 infeasible   69      2349.31496 2277.14682  3.07%  32.1 3252s
 25346  6967 infeasible   64      2349.31496 2277.17450  3.07%  32.2 3268s
 25495  7009 2296.60585   52  223 2349.31496 2277.25142  3.07%  32.4 3290s
 25715  6978 2299.27214   36  326 2349.31496 2277.31086  3.06%  32.5 3312s
 25923  6978     cutoff   67      2349.31496 2277.64920  3.05%  32.6 3335s
 26114  6977 2306.85831   54   92 2349.31496 2278.13126  3.03%  32.7 3354s
 26310  7035 2278.36381   40  292 2349.31496 2278.28769  3.02%  32.7 3373s
 26614  7051 2343.29263   68   86 2349.31496 2278.46200  3.02%  32.7 3397s
 26932  7033 2298.67275   45  261 2349.31496 2278.62755  3.01%  32.6 3411s
 27128  7100 2326.06250   52  188 2349.31496 2278.69799  3.01%  32.7 3433s
 27408  7040 2348.30154   43  260 2349.31496 2278.86757  3.00%  32.7 3451s
 27540  7119 2284.30705   57  170 2349.31496 2278.95029  3.00%  32.9 3472s
 27817  7134 2347.84106   55  122 2349.31496 2279.06691  2.99%  32.9 3495s
 28094  7199 2349.26595   69  151 2349.31496 2279.27233  2.98%  32.9 3518s
 28440  7144 2317.97443   47  249 2349.31496 2279.37843  2.98%  32.9 3533s
 28613  7143 infeasible   77      2349.31496 2279.45045  2.97%  33.0 3548s
 28718  7112 2331.34069   41  302 2349.31496 2279.45045  2.97%  33.0 3561s
 28728  7170 2331.45391   43  291 2349.31496 2279.50274  2.97%  33.0 3574s
 28850  7199 2280.36326   43  359 2349.31496 2279.57059  2.97%  33.1 3596s
 29079  7123 2330.35941   37  339 2349.31496 2279.79059  2.96%  33.2 3606s
 29113  7287 2335.93039   48  411 2349.31496 2279.80759  2.96%  33.2 3636s
 29547  7304 2348.50443   65  114 2349.31496 2280.09089  2.95%  33.1 3678s
 29954  7259 2317.50775   56  208 2349.31496 2280.41601  2.93%  33.2 3696s
 30221  7205 infeasible   45      2349.31496 2280.55823  2.93%  33.1 3705s
 30315  7286     cutoff   62      2349.31496 2280.61749  2.92%  33.1 3719s
 30585  7254 2297.93044   56  226 2349.31496 2280.73442  2.92%  33.1 3730s
 30764  7335 2312.00386   43  341 2349.31496 2280.87076  2.91%  33.2 3747s
 31088  7279 2303.65490   36  471 2349.31496 2281.02841  2.91%  33.1 3755s
 31171  7361 2310.59365   39  341 2349.31496 2281.03989  2.91%  33.2 3771s
 31480  7279 2283.12658   56  226 2349.31496 2281.24863  2.90%  33.2 3779s
 31542  7358 2303.42473   49   82 2349.31496 2281.27394  2.90%  33.2 3794s
 31842  7281     cutoff   74      2349.31496 2281.38628  2.89%  33.4 3800s
 31881  7386     cutoff   55      2349.31496 2281.51784  2.89%  33.4 3814s
 32099  7394 2331.29317   66  121 2349.31496 2281.66540  2.88%  33.4 3829s
 32337  7406 2336.84331   68   73 2349.31496 2281.81445  2.87%  33.4 3841s
 32546  7407 2307.58748   58  159 2349.31496 2281.90512  2.87%  33.3 3853s
 32760  7408 2337.36320   47   17 2349.31496 2281.95461  2.87%  33.3 3864s
 32938  7389 2334.54468   54  258 2349.31496 2282.07740  2.86%  33.3 3876s
 33091  7389 2347.98019   58   95 2349.31496 2282.14850  2.86%  33.4 3887s
 33261  7407 2312.82741   59  338 2349.31496 2282.23795  2.86%  33.4 3901s
 33468  7378 2336.82176   54  333 2349.31496 2282.35663  2.85%  33.4 3912s
 33598  7436 2314.68045   64  158 2349.31496 2282.40076  2.85%  33.5 3926s
 33837  7474 infeasible   52      2349.31496 2282.47604  2.85%  33.5 3941s
 33995  7537 2331.50236   59  137 2349.31496 2282.61813  2.84%  33.5 3954s
 34172  7613 2286.72622   64  212 2349.31496 2282.69317  2.84%  33.6 3968s
 34421  7676 2296.98342   40  165 2349.31496 2282.90107  2.83%  33.5 3985s
 34690  7733 2343.40350   44  308 2349.31496 2282.99873  2.82%  33.4 3997s
 34837  7848 2333.26466   34  372 2349.31496 2283.17001  2.82%  33.5 4012s
 35068  7890     cutoff   58      2349.31496 2283.18351  2.81%  33.4 4023s
 35227  7981 2317.16418   68  163 2349.31496 2283.31817  2.81%  33.4 4039s
 35473  8055 2303.51377   48  313 2349.31496 2283.52715  2.80%  33.4 4052s
 35639  8118 2342.49197   77  112 2349.31496 2283.61743  2.80%  33.4 4065s
 35795  8174     cutoff   53      2349.31496 2283.68660  2.79%  33.5 4082s
 36030  8242 2335.63218   48  313 2349.31496 2283.92841  2.78%  33.5 4095s
 36249  8315 2304.62890   72  186 2349.31496 2284.04305  2.78%  33.4 4112s
 36525  8362 infeasible   42      2349.31496 2284.26533  2.77%  33.3 4126s
 36711  8453 2340.21310   72   92 2349.31496 2284.45447  2.76%  33.3 4140s
 36933  8550     cutoff   55      2349.31496 2284.49937  2.76%  33.3 4173s
 37336  8571 2338.53492   49  298 2349.31496 2284.96871  2.74%  33.2 4180s
 37398  8632     cutoff   60      2349.31496 2285.01925  2.74%  33.2 4192s
 37594  8715 2285.70191   53  235 2349.31496 2285.16870  2.73%  33.2 4209s
 37836  8794 2292.06431   48  232 2349.31496 2285.29413  2.73%  33.1 4223s
 38047  8889     cutoff   62      2349.31496 2285.46607  2.72%  33.1 4241s
 38377  8935 2286.90104   39  302 2349.31496 2285.62796  2.71%  33.0 4253s
 38573  9023 2332.67550   70   98 2349.31496 2285.78742  2.70%  33.0 4273s
 38887  9077 2323.51547   66  270 2349.31496 2286.11210  2.69%  32.9 4287s
 39073  9250     cutoff   58      2349.31496 2286.30497  2.68%  32.9 4309s
 39493  9291 2345.47232   37  158 2349.31496 2286.76089  2.66%  32.7 4320s
 39649  9394 infeasible   42      2349.31496 2286.92214  2.66%  32.7 4331s
 39930  9428 infeasible   46      2349.31496 2287.07861  2.65%  32.7 4340s
 40091  9529 2296.79615   51  295 2349.31496 2287.27693  2.64%  32.6 4355s
 40411  9591 2307.40265   46  249 2349.31496 2287.60244  2.63%  32.6 4366s
 40567  9655 2323.54586   56  297 2349.31496 2287.67260  2.62%  32.5 4380s
 40839  9692     cutoff   71      2349.31496 2287.83775  2.62%  32.5 4387s
 40960  9759 2337.76303   73  120 2349.31496 2287.86310  2.62%  32.5 4401s
 41205  9781     cutoff   44      2349.31496 2288.12129  2.60%  32.5 4408s
 41300  9839 2340.16809   60  188 2349.31496 2288.25527  2.60%  32.5 4421s
 41559  9856 2336.35798   65  219 2349.31496 2288.56039  2.59%  32.5 4430s
 41703  9898 infeasible   59      2349.31496 2288.72463  2.58%  32.5 4440s
 41879  9965 2337.59194   52  148 2349.31496 2288.84249  2.57%  32.5 4452s
 42073 10043 2333.88930   47  207 2349.31496 2289.03819  2.57%  32.4 4465s
 42342 10071 2341.94176   40  220 2349.31496 2289.36451  2.55%  32.5 4473s
 42458 10193 2296.12286   59  225 2349.31496 2289.51035  2.55%  32.5 4488s
 42755 10218 2307.63307   47  134 2349.31496 2289.73663  2.54%  32.4 4496s
 42823 10327 2335.95240   60  136 2349.31496 2289.73663  2.54%  32.5 4508s
 43092 10344 2344.65958   57  192 2349.31496 2289.97680  2.53%  32.4 4515s
 43193 10383 infeasible   55      2349.31496 2289.99301  2.53%  32.4 4523s
 43345 10384 2306.70242   55  185 2349.31496 2290.13142  2.52%  32.5 4530s
 43424 10482     cutoff   70      2349.31496 2290.21474  2.52%  32.5 4548s
 43768 10505 infeasible   54      2349.31496 2290.51613  2.50%  32.5 4557s
 43837 10597 2308.51559   66  322 2349.31496 2290.54133  2.50%  32.4 4572s
 44135 10608 2348.77481   80  179 2349.31496 2290.83263  2.49%  32.4 4583s
 44220 10726 2344.33868   56  210 2349.31496 2290.91457  2.49%  32.5 4617s
 44627 10768 2323.01024   70  157 2349.31496 2291.27015  2.47%  32.5 4625s
 44722 10826     cutoff   63      2349.31496 2291.30633  2.47%  32.5 4643s
 45047 10831 infeasible   70      2349.31496 2291.61116  2.46%  32.4 4652s
 45136 10913 2332.47381   50  262 2349.31496 2291.87660  2.44%  32.4 4670s
 45386 10906 2349.26086   62  191 2349.31496 2291.94302  2.44%  32.4 4677s
 45443 10953 2336.09635   49  185 2349.31496 2292.08450  2.44%  32.4 4693s
 45682 10966 2329.08224   53  251 2349.31496 2292.46540  2.42%  32.4 4700s
 45745 11067 2309.22114   40  232 2349.31496 2292.46541  2.42%  32.4 4717s
 46067 11089     cutoff   44      2349.31496 2292.75472  2.41%  32.4 4728s
 46199 11157 2295.80430   46  252 2349.31496 2292.94911  2.40%  32.4 4743s
 46474 11178 2293.70151   43  236 2349.31496 2293.29159  2.38%  32.4 4749s
 46529 11282 2319.89382   60  265 2349.31496 2293.31590  2.38%  32.4 4763s
 46804 11307 infeasible   52      2349.31496 2293.45051  2.38%  32.5 4771s
 46885 11410 2341.92776   59  105 2349.31496 2293.54380  2.37%  32.5 4786s
 47208 11435 2306.40767   47  202 2349.31496 2293.67368  2.37%  32.5 4796s
 47291 11492 2303.88354   48  145 2349.31496 2293.70814  2.37%  32.5 4808s
 47532 11525 2334.37952   77  146 2349.31496 2293.89206  2.36%  32.6 4816s
 47637 11578     cutoff   69      2349.31496 2293.92460  2.36%  32.6 4833s
 47925 11624 2346.41990   40  172 2349.31496 2294.18072  2.35%  32.6 4843s
 48072 11671 2338.71177   54  117 2349.31496 2294.32802  2.34%  32.6 4857s
 48306 11692 2327.85330   65  204 2349.31496 2294.46140  2.33%  32.6 4865s
 48369 11789     cutoff   73      2349.31496 2294.46140  2.33%  32.6 4882s
 48721 11810 2346.47991   57  170 2349.31496 2294.73014  2.32%  32.6 4889s
 48795 11884 2321.15034   57  305 2349.31496 2294.77145  2.32%  32.7 4906s
 49146 11883     cutoff   56      2349.31496 2294.89302  2.32%  32.7 4910s
 49151 11900 2300.53715   56  247 2349.31496 2294.89302  2.32%  32.7 4920s
 49174 11917 2332.96735   73  250 2349.31496 2294.89302  2.32%  32.7 4927s
 49256 11987 2325.23403   56   85 2349.31496 2294.98088  2.31%  32.7 4942s
 49560 12055 2344.71216   61  329 2349.31496 2295.08434  2.31%  32.7 4949s
 49698 12109     cutoff   68      2349.31496 2295.14849  2.31%  32.7 4959s
 50015 12117     cutoff   61      2349.31496 2295.32486  2.30%  32.7 4966s
 50083 12205 2334.00367   65   31 2349.31496 2295.35697  2.30%  32.8 4982s
 50415 12196     cutoff   49      2349.31496 2295.61272  2.29%  32.7 4990s
 50480 12290 2299.56567   50  219 2349.31496 2295.65113  2.28%  32.8 5004s
 50740 12300 2345.86952   83   94 2349.31496 2295.76846  2.28%  32.8 5011s
 50816 12374 2309.63131   50   90 2349.31496 2295.78465  2.28%  32.8 5029s
 51173 12404 2349.28166   50   47 2349.31496 2295.86772  2.28%  32.8 5037s
 51306 12495 2343.74674   70   36 2349.31496 2295.92643  2.27%  32.8 5049s
 51611 12585 2313.98317   50  234 2349.31496 2296.06795  2.27%  32.8 5071s
 51885 12696 2297.27749   51  206 2349.31496 2296.17309  2.26%  32.7 5088s
 52278 12722 infeasible   41      2349.31496 2296.40010  2.25%  32.7 5094s
 52372 12762     cutoff   63      2349.31496 2296.50404  2.25%  32.7 5105s
 52627 12812 2342.33516   53  257 2349.31496 2296.58770  2.24%  32.7 5112s
 52730 12874 2327.64532   69   56 2349.31496 2296.62856  2.24%  32.7 5125s
 52979 12867 2323.92519   57  161 2349.31496 2296.76769  2.24%  32.8 5130s
 53003 12940 2304.81307   52  191 2349.31496 2296.79184  2.24%  32.8 5144s
 53258 12959     cutoff   52      2349.31496 2296.85590  2.23%  32.8 5153s
 53332 13071 infeasible   52      2349.31496 2296.88916  2.23%  32.8 5171s
 53705 13072 2303.37868   51  414 2349.31496 2297.02931  2.23%  32.8 5176s
 53733 13167 2303.37868   52  415 2349.31496 2297.04099  2.23%  32.8 5195s
 54090 13215 2328.81469   65  139 2349.31496 2297.13823  2.22%  32.8 5205s
 54200 13302 2326.26284   50  152 2349.31496 2297.13865  2.22%  32.8 5222s
 54544 13313     cutoff   68      2349.31496 2297.29614  2.21%  32.8 5228s
 54578 13362 2340.55426   67   59 2349.31496 2297.31978  2.21%  32.8 5245s
 54859 13362 infeasible   70      2349.31496 2297.41897  2.21%  32.8 5254s
 54926 13484 2339.43998   61  248 2349.31496 2297.45576  2.21%  32.8 5272s
 55239 13494 infeasible   57      2349.31496 2297.51518  2.20%  32.8 5280s
 55318 13576 2346.32187   57  339 2349.31496 2297.58427  2.20%  32.9 5298s
 55641 13600 2312.77483   54  107 2349.31496 2297.70182  2.20%  32.9 5305s
 55701 13639 2330.00460   50  156 2349.31496 2297.75904  2.19%  32.9 5321s
 55988 13655 2349.25967   69  115 2349.31496 2297.82907  2.19%  32.9 5327s
 56058 13730 2298.10172   38  231 2349.31496 2297.88473  2.19%  32.9 5340s
 56255 13746     cutoff   48      2349.31496 2297.91732  2.19%  32.9 5349s
 56369 13818     cutoff   59      2349.31496 2297.99584  2.18%  32.9 5360s
 56595 13824 2327.97716   40  135 2349.31496 2298.14360  2.18%  32.8 5366s
 56619 13879 2328.42955   50  149 2349.31496 2298.14360  2.18%  32.8 5377s
 56804 13896 2332.01782   51  178 2349.31496 2298.27277  2.17%  32.9 5387s
 56940 13943 2345.59061   62  126 2349.31496 2298.38399  2.17%  32.9 5402s
 57180 13978 2342.86108   57   24 2349.31496 2298.42557  2.17%  32.9 5411s
 57326 14006 2332.21833   55  179 2349.31496 2298.48157  2.16%  32.9 5425s
 57538 14051 infeasible   54      2349.31496 2298.57858  2.16%  32.9 5436s
 57708 14070     cutoff   66      2349.31496 2298.62990  2.16%  32.9 5449s
 57859 14079 2340.42499   52   94 2349.31496 2298.66919  2.16%  32.9 5460s
 58012 14139 infeasible   56      2349.31496 2298.72448  2.15%  33.0 5472s
 58233 14184 infeasible   43      2349.31496 2298.81848  2.15%  33.0 5481s
 58376 14213 infeasible   47      2349.31496 2298.91440  2.15%  33.0 5493s
 58544 14240 2312.23059   54  216 2349.31496 2298.99246  2.14%  33.0 5502s
 58704 14277 2299.50948   47  213 2349.31496 2299.03507  2.14%  33.0 5516s
 58901 14300 2323.08457   47  198 2349.31496 2299.17188  2.13%  33.1 5542s
 59078 14351 2340.70279   66  148 2349.31496 2299.28064  2.13%  33.1 5560s
 59351 14411     cutoff   67      2349.31496 2299.39120  2.13%  33.2 5578s
 59610 14501     cutoff   55      2349.31496 2299.50374  2.12%  33.2 5595s
 59912 14533 2333.58162   54  189 2349.31496 2299.60102  2.12%  33.2 5610s
 60116 14604 infeasible   43      2349.31496 2299.68293  2.11%  33.2 5627s
 60377 14688 2335.58899   58  100 2349.31496 2299.79193  2.11%  33.2 5643s
 60632 14759 2337.61660   62  206 2349.31496 2299.88545  2.10%  33.2 5661s
 60917 14768 2334.84008   53  190 2349.31496 2299.94296  2.10%  33.2 5672s
 61014 14819 2339.12725   61  170 2349.31496 2300.00151  2.10%  33.2 5687s
 61210 14879 infeasible   57      2349.31496 2300.10307  2.09%  33.2 5703s
 61464 14936 2307.98352   70  463 2349.31496 2300.21028  2.09%  33.2 5716s
 61654 14986 2333.38668   57  164 2349.31496 2300.23633  2.09%  33.2 5735s
 61893 15045     cutoff   56      2349.31496 2300.42892  2.08%  33.2 5751s
 62126 15108 2342.99204   68   97 2349.31496 2300.53366  2.08%  33.2 5766s
 62361 15142 2325.96647   65  220 2349.31496 2300.65156  2.07%  33.2 5776s
 62517 15188 infeasible   61      2349.31496 2300.72585  2.07%  33.3 5787s
 62669 15213 2307.01221   50  175 2349.31496 2300.75123  2.07%  33.3 5797s
 62802 15219 2303.19633   38  483 2349.31496 2300.82297  2.06%  33.3 5802s
 62817 15227 2323.22098   42  356 2349.31496 2300.82297  2.06%  33.4 5809s
 62829 15322 2333.89328   50  137 2349.31496 2300.82378  2.06%  33.4 5821s
 63033 15365 infeasible   78      2349.31496 2300.85503  2.06%  33.4 5834s
 63241 15471 infeasible   56      2349.31496 2300.95817  2.06%  33.4 5857s
 63718 15506 2346.14915   63   92 2349.31496 2301.23283  2.05%  33.3 5870s
 63930 15586 2337.12945   65  130 2349.31496 2301.31989  2.04%  33.3 5890s
 64262 15622 2303.48332   40  472 2349.31496 2301.47012  2.04%  33.3 5902s
 64350 15710 2321.86786   44  244 2349.31496 2301.49449  2.04%  33.3 5917s
 64619 15800 infeasible   48      2349.31496 2301.57911  2.03%  33.3 5932s
 64876 15916 2331.78557   66  136 2349.31496 2301.69252  2.03%  33.2 5952s
 65249 15947 infeasible   46      2349.31496 2301.82085  2.02%  33.2 5964s
 65391 15994 2334.39891   42  209 2349.31496 2301.86680  2.02%  33.2 5981s
 65623 16014 2309.74672   59  183 2349.31496 2301.92012  2.02%  33.1 5991s
 65768 16032 infeasible   47      2349.31496 2302.08699  2.01%  33.1 6005s
 65904 16054     cutoff   50      2349.31496 2302.10643  2.01%  33.2 6014s
 65961 16080 2302.85580   40  452 2349.31496 2302.10643  2.01%  33.2 6027s
 66088 16085 2335.11564   58  240 2349.31496 2302.10643  2.01%  33.3 6035s
 66158 16114     cutoff   43      2349.31496 2302.23358  2.00%  33.4 6062s
 66324 16178     cutoff   55      2349.31496 2302.36780  2.00%  33.4 6087s
 66615 16178 2335.67187   48  144 2349.31496 2302.51167  1.99%  33.4 6102s
 66721 16210 2329.15343   59  133 2349.31496 2302.64586  1.99%  33.4 6124s
 66984 16253 2307.59861   41  420 2349.31496 2302.86357  1.98%  33.4 6141s
 67141 16288 2307.99554   44  370 2349.31496 2302.86439  1.98%  33.4 6161s
 67334 16365 2334.26535   47  293 2349.31496 2302.88179  1.98%  33.5 6179s
 67559 16434 2313.98384   62  273 2349.31496 2302.98590  1.97%  33.5 6202s
 67929 16474 2339.95350   57  194 2349.31496 2303.19524  1.96%  33.5 6217s
 68070 16521 2307.54779   40  364 2349.31496 2303.26210  1.96%  33.6 6234s
 68210 16546 2338.81576   58  168 2349.31496 2303.26210  1.96%  33.6 6254s
 68418 16615 2341.02715   52  169 2349.31496 2303.42306  1.95%  33.7 6275s
 68712 16643 infeasible   50      2349.31496 2303.57328  1.95%  33.7 6292s
 68885 16682 2321.95909   69  149 2349.31496 2303.63683  1.94%  33.7 6312s
 69181 16747 2333.22062   51   65 2349.31496 2303.74789  1.94%  33.7 6329s
 69454 16790 2335.02181   53   51 2349.31496 2303.84397  1.94%  33.7 6348s
 69667 16797 2314.68070   60  231 2349.31496 2303.90948  1.93%  33.7 6363s
 69787 16808 infeasible   58      2349.31496 2303.91004  1.93%  33.7 6373s
 69877 16844 2320.69828   61  215 2349.31496 2304.02462  1.93%  33.8 6391s
 70148 16885 2333.73714   53  144 2349.31496 2304.16031  1.92%  33.7 6407s
 70357 16970 2333.70199   52  109 2349.31496 2304.23821  1.92%  33.8 6425s
 70632 17003 2323.60635   77  217 2349.31496 2304.43754  1.91%  33.8 6445s
 71014 17015 2347.21876   67  175 2349.31496 2304.63748  1.90%  33.8 6459s
 71157 17113 2344.42526   48  159 2349.31496 2304.69713  1.90%  33.8 6481s
 71526 17142 2335.48481   51  176 2349.31496 2304.82023  1.89%  33.7 6495s
 71725 17167 2313.60616   60   62 2349.31496 2304.88820  1.89%  33.7 6504s
 71813 17169 2348.64419   53   13 2349.31496 2304.93944  1.89%  33.7 6514s
 71815 17170 2348.64618   54   12 2349.31496 2304.93974  1.89%  33.7 6527s
 71844 17177 2336.92326   66  162 2349.31496 2304.95159  1.89%  33.7 6538s
 71907 17229     cutoff   51      2349.31496 2304.99171  1.89%  33.7 6554s
 72150 17234 2320.21942   43  359 2349.31496 2305.07524  1.88%  33.7 6569s
 72240 17304 2326.85878   45  243 2349.31496 2305.07688  1.88%  33.8 6590s
 72648 17352 2346.18147   65  106 2349.31496 2305.33202  1.87%  33.7 6605s
 72916 17427 2323.69790   60   90 2349.31496 2305.45387  1.87%  33.7 6629s
 73124 17427 2347.84283   53   74 2349.31496 2305.59766  1.86%  33.7 6630s
 73365 17483 infeasible   59      2349.31496 2305.73672  1.85%  33.6 6644s
 73515 17502 2307.27358   54  379 2349.31496 2305.75825  1.85%  33.7 6670s
 73689 17539 2323.90758   58  160 2349.31496 2305.80842  1.85%  33.7 6685s
 73883 17566 2331.62465   59  194 2349.31496 2305.90694  1.85%  33.8 6701s
 74160 17571 2340.38926   56  149 2349.31496 2306.03872  1.84%  33.8 6719s
 74346 17590 infeasible   44      2349.31496 2306.06356  1.84%  33.9 6741s
 74711 17642 2310.16711   55  165 2349.31496 2306.35939  1.83%  33.9 6755s
 74988 17658 2336.58186   54  184 2349.31496 2306.52489  1.82%  33.8 6771s
 75202 17696 infeasible   57      2349.31496 2306.58115  1.82%  33.8 6788s
 75402 17741 2343.77142   53  276 2349.31496 2306.66597  1.82%  33.8 6804s
 75659 17812 2338.20596   42  128 2349.31496 2306.78049  1.81%  33.8 6824s
 75838 17812 2307.13779   72  387 2349.31496 2306.84916  1.81%  33.8 6825s
 75995 17861 2308.15110   46  192 2349.31496 2306.93692  1.80%  33.8 6840s
 76219 17944 2342.41044   55  139 2349.31496 2307.06410  1.80%  33.7 6857s
 76514 17978 2340.94163   44  117 2349.31496 2307.18543  1.79%  33.7 6874s
 76737 18018 2330.47080   52  138 2349.31496 2307.32034  1.79%  33.7 6889s
 76949 18046 2336.98386   59  102 2349.31496 2307.40079  1.78%  33.7 6904s
 77155 18074     cutoff   57      2349.31496 2307.47385  1.78%  33.7 6921s
 77432 18114 2342.19320   39  182 2349.31496 2307.62971  1.77%  33.7 6937s
 77656 18136 infeasible   62      2349.31496 2307.68030  1.77%  33.7 6953s
 77839 18161 2312.67293   60  154 2349.31496 2307.74308  1.77%  33.7 6965s
 77962 18233 2312.17080   47  357 2349.31496 2307.78270  1.77%  33.7 6982s
 78236 18265 2338.20403   57  129 2349.31496 2307.80129  1.77%  33.7 6994s
 78386 18348 2341.07520   74  137 2349.31496 2307.89140  1.76%  33.7 7009s
 78824 18385     cutoff   88      2349.31496 2307.99662  1.76%  33.7 7021s
 79021 18435 2326.66389   81  113 2349.31496 2308.05670  1.76%  33.6 7040s
 79457 18478     cutoff   70      2349.31496 2308.23103  1.75%  33.6 7050s
 79636 18572     cutoff   51      2349.31496 2308.29084  1.75%  33.6 7068s
 79967 18601 2343.29544   75  123 2349.31496 2308.33922  1.74%  33.6 7078s
 80088 18702 infeasible   70      2349.31496 2308.33922  1.74%  33.6 7094s
 80496 18709 2308.81996   54  542 2349.31496 2308.50402  1.74%  33.5 7102s
 80579 18733 2308.87573   58  617 2349.31496 2308.50402  1.74%  33.5 7110s
 80666 18801 2319.46019   67  301 2349.31496 2308.50402  1.74%  33.5 7123s
 80993 18853 2338.73217   68   97 2349.31496 2308.68868  1.73%  33.5 7142s
 81281 18954 2309.22804   39  389 2349.31496 2308.83851  1.72%  33.5 7156s
 81625 18967 2330.80318   58  161 2349.31496 2308.88170  1.72%  33.5 7160s
 81660 18993     cutoff   58      2349.31496 2308.89313  1.72%  33.5 7174s
 81899 19013 2338.13251   58  184 2349.31496 2309.04952  1.71%  33.5 7181s
 81970 19027 2343.87150   49   49 2349.31496 2309.04952  1.71%  33.5 7190s
 82106 19070 2309.76055   52  439 2349.31496 2309.22046  1.71%  33.5 7201s
 82262 19112 2337.28004   59  137 2349.31496 2309.25207  1.71%  33.5 7215s
 82517 19135 2320.22555   56  117 2349.31496 2309.35661  1.70%  33.5 7229s
 82694 19186 2331.11500   62  310 2349.31496 2309.46065  1.70%  33.5 7244s
 83019 19204     cutoff   48      2349.31496 2309.64124  1.69%  33.5 7257s
 83215 19233 2345.24285   82   75 2349.31496 2309.73083  1.68%  33.5 7272s
 83524 19279 2346.26005   45  164 2349.31496 2309.82576  1.68%  33.4 7281s
 83746 19326 2327.41662   49  221 2349.31496 2309.90397  1.68%  33.4 7293s
 83975 19388 infeasible   62      2349.31496 2309.95898  1.68%  33.4 7305s
 84235 19428 2345.03464   83  176 2349.31496 2310.02829  1.67%  33.4 7320s
 84536 19433 2343.05859   72  104 2349.31496 2310.14699  1.67%  33.3 7332s
 84710 19479 2320.46970   52  308 2349.31496 2310.22037  1.66%  33.3 7346s
 84990 19487 infeasible   50      2349.31496 2310.31163  1.66%  33.3 7355s
 85114 19550 2338.28973   39  460 2349.31496 2310.39205  1.66%  33.3 7367s
 85422 19572 infeasible   62      2349.31496 2310.51606  1.65%  33.3 7376s
 85596 19564     cutoff  129      2349.31496 2310.57580  1.65%  33.3 7386s
 85832 19561 2337.08007   62  146 2349.31496 2310.65870  1.65%  33.3 7394s
 85954 19583 2329.09466   65   87 2349.31496 2310.76241  1.64%  33.3 7403s
 86102 19609     cutoff   68      2349.31496 2310.77771  1.64%  33.3 7413s
 86291 19633 2320.57827   58  191 2349.31496 2310.87808  1.64%  33.3 7422s
 86531 19652 2326.39882   64  217 2349.31496 2310.95986  1.63%  33.3 7430s
 86708 19695 infeasible   61      2349.31496 2311.03302  1.63%  33.2 7440s
 87059 19692 2342.75099   48  145 2349.31496 2311.13482  1.63%  33.2 7448s
 87229 19736 2313.08704   54  138 2349.31496 2311.20581  1.62%  33.2 7459s
 87495 19749 2335.19705   58  158 2349.31496 2311.27745  1.62%  33.1 7465s
 87567 19749     cutoff   62      2349.31496 2311.29503  1.62%  33.1 7470s
 87570 19751 2342.99606   65  137 2349.31496 2311.29503  1.62%  33.1 7478s
 87572 19749     cutoff   66      2349.31496 2311.29503  1.62%  33.1 7484s
 87578 19751 2326.86182   63  155 2349.31496 2311.29503  1.62%  33.1 7488s
 87580 19753 2326.90348   64  163 2349.31496 2311.29503  1.62%  33.1 7493s
 87582 19755 2326.90348   65  163 2349.31496 2311.29503  1.62%  33.1 7505s
 87584 19757 2327.21922   66  169 2349.31496 2311.29503  1.62%  33.1 7518s
 87587 19753 2339.00683   68  162 2349.31496 2311.29503  1.62%  33.1 7528s
 87619 19756 2321.72222   71  202 2349.31496 2311.34810  1.62%  33.1 7538s
 87648 19751     cutoff   47      2349.31496 2311.34810  1.62%  33.1 7544s
 87664 19755 2343.84926   43   51 2349.31496 2311.36359  1.62%  33.1 7548s
 87702 19785 2318.48174   62  296 2349.31496 2311.36372  1.62%  33.1 7554s
 87752 19811 infeasible   76      2349.31496 2311.37259  1.62%  33.1 7565s
 87930 19853 2330.17563   63  172 2349.31496 2311.42445  1.61%  33.1 7581s
 88263 19878 infeasible   52      2349.31496 2311.57666  1.61%  33.1 7604s
 88523 19949 2328.43293   65  128 2349.31496 2311.70859  1.60%  33.1 7615s
 88823 19975     cutoff   66      2349.31496 2311.76222  1.60%  33.0 7625s
 89000 20036 infeasible   79      2349.31496 2311.87216  1.59%  33.0 7639s
 89348 20061 2326.85129   48  121 2349.31496 2312.00625  1.59%  33.0 7649s
 89534 20103     cutoff   69      2349.31496 2312.05733  1.59%  32.9 7661s
 89846 20121 2342.61890   52   97 2349.31496 2312.23020  1.58%  32.9 7671s
 90055 20149 infeasible   46      2349.31496 2312.32333  1.57%  32.9 7680s
 90351 20140 infeasible   62      2349.31496 2312.45804  1.57%  32.9 7687s
 90435 20184 2313.58579   54   88 2349.31496 2312.48208  1.57%  32.9 7700s
 90666 20186 infeasible   50      2349.31496 2312.57863  1.56%  32.8 7707s
 90750 20246 2329.11024   55  317 2349.31496 2312.61327  1.56%  32.8 7723s
 91092 20242 infeasible   63      2349.31496 2312.72032  1.56%  32.8 7730s
 91233 20299 2341.32888   75  116 2349.31496 2312.78595  1.55%  32.8 7741s
 91468 20335     cutoff   83      2349.31496 2312.84134  1.55%  32.8 7750s
 91616 20417 2333.68469   64  122 2349.31496 2312.87461  1.55%  32.7 7766s
 91984 20437 2347.87906   41   75 2349.31496 2312.93679  1.55%  32.7 7774s
 92040 20437 2332.07690   60  172 2349.31496 2312.94942  1.55%  32.7 7775s
 92097 20468 2324.78766   70  156 2349.31496 2312.99503  1.55%  32.6 7787s
 92403 20465 infeasible   69      2349.31496 2313.11810  1.54%  32.6 7795s
 92505 20529 2347.00804   70  108 2349.31496 2313.16066  1.54%  32.6 7810s
 92825 20525 2328.34164   55  210 2349.31496 2313.24225  1.54%  32.6 7819s
 92954 20537 infeasible   42      2349.31496 2313.29846  1.53%  32.6 7829s
 93123 20540 2327.63049   57  252 2349.31496 2313.36106  1.53%  32.6 7837s
 93244 20530 infeasible   73      2349.31496 2313.40512  1.53%  32.6 7849s
 93467 20551 2322.92588   48  214 2349.31496 2313.52596  1.52%  32.6 7856s
 93511 20591 2340.87926   77   83 2349.31496 2313.54059  1.52%  32.6 7870s
 93751 20631 2345.59290   66   92 2349.31496 2313.59732  1.52%  32.6 7881s
 93934 20645 2339.65074   58  212 2349.31496 2313.64965  1.52%  32.6 7893s
 94138 20658 infeasible   42      2349.31496 2313.71295  1.52%  32.6 7905s
 94290 20700 2344.08062   60  120 2349.31496 2313.76223  1.51%  32.5 7918s
 94534 20702 2335.16473   63  223 2349.31496 2313.82787  1.51%  32.5 7926s
 94706 20753 2342.21927   69  153 2349.31496 2313.88111  1.51%  32.5 7941s
 95027 20778 2338.50409   63   85 2349.31496 2313.99772  1.50%  32.5 7951s
 95201 20789 2325.51745   63   73 2349.31496 2314.03160  1.50%  32.4 7969s
 95475 20788 infeasible   62      2349.31496 2314.17160  1.50%  32.4 7980s
 95639 20828 2340.16976   61  186 2349.31496 2314.22925  1.49%  32.4 8012s
 96028 20836 2319.90086   69  115 2349.31496 2314.37963  1.49%  32.4 8020s
 96119 20868 2337.57167   65  179 2349.31496 2314.41607  1.49%  32.4 8033s
 96371 20885 2314.72087   37  227 2349.31496 2314.51098  1.48%  32.3 8044s
 96544 20920 2324.70456   57  117 2349.31496 2314.57699  1.48%  32.3 8057s
 96761 20966 2346.25681   64  120 2349.31496 2314.61488  1.48%  32.3 8069s
 96975 21013 2337.24811   71  133 2349.31496 2314.73538  1.47%  32.3 8085s
 97284 21017 2338.91285   55  106 2349.31496 2314.85540  1.47%  32.3 8098s
 97455 21037 2348.80913   56  141 2349.31496 2314.92514  1.46%  32.2 8113s
 97681 21075 2315.16999   59  193 2349.31496 2315.00180  1.46%  32.2 8124s
 97829 21095 2315.02294   66  200 2349.31496 2315.02294  1.46%  32.2 8132s
 97909 21107 2321.38900   49  543 2349.31496 2315.03838  1.46%  32.2 8138s
 97984 21160 2344.28473   80   87 2349.31496 2315.07329  1.46%  32.2 8158s
 98337 21177 infeasible   57      2349.31496 2315.13071  1.46%  32.2 8166s
 98418 21242 2347.74283   52  183 2349.31496 2315.13071  1.46%  32.2 8189s
 98841 21252     cutoff   61      2349.31496 2315.28287  1.45%  32.1 8197s
 98929 21316     cutoff   65      2349.31496 2315.32430  1.45%  32.1 8216s
 99309 21322     cutoff   67      2349.31496 2315.41734  1.44%  32.1 8225s
 99448 21401 2332.42574   48   97 2349.31496 2315.52260  1.44%  32.1 8245s
 99840 21416 2329.69275   59  149 2349.31496 2315.63250  1.43%  32.0 8256s
 99968 21504 2336.08588   61  109 2349.31496 2315.65103  1.43%  32.0 8273s
 100362 21494 2337.84310   67  108 2349.31496 2315.79818  1.43%  31.9 8280s
 100427 21524 2330.73794   55  235 2349.31496 2315.82591  1.43%  31.9 8297s
 100756 21530 infeasible   50      2349.31496 2315.95269  1.42%  31.9 8304s
 100810 21564 infeasible   65      2349.31496 2315.96893  1.42%  31.9 8319s
 101145 21561 2330.12465   57  204 2349.31496 2316.12496  1.41%  31.9 8328s
 101263 21618 2316.35167   61   95 2349.31496 2316.14636  1.41%  31.9 8344s
 101626 21595 infeasible   61      2349.31496 2316.29535  1.41%  31.8 8349s
 101687 21633 infeasible   48      2349.31496 2316.35314  1.40%  31.8 8364s
 102042 21655 infeasible   75      2349.31496 2316.50269  1.40%  31.8 8369s
 102117 21718 2348.01373   41  113 2349.31496 2316.52668  1.40%  31.8 8383s
 102483 21721 infeasible   50      2349.31496 2316.68443  1.39%  31.7 8388s
 102551 21745 2332.11217   51  121 2349.31496 2316.70577  1.39%  31.7 8403s
 102853 21787 infeasible   54      2349.31496 2316.77901  1.38%  31.7 8428s
 103056 21807 2347.14227   63  125 2349.31496 2316.85237  1.38%  31.7 8454s
 103508 21816 infeasible   71      2349.31496 2316.98733  1.38%  31.6 8466s
 103655 21885 2348.92338   49  128 2349.31496 2317.06215  1.37%  31.6 8482s
 103983 21888     cutoff   65      2349.31496 2317.15496  1.37%  31.6 8488s
 104085 21952 infeasible   52      2349.31496 2317.21587  1.37%  31.6 8506s
 104451 21949 2343.48652   53  148 2349.31496 2317.32237  1.36%  31.6 8515s
 104546 21977     cutoff   54      2349.31496 2317.36332  1.36%  31.6 8534s
 104865 21997 2327.06539   58  137 2349.31496 2317.47469  1.36%  31.5 8542s
 104978 22024 2321.09669   57  158 2349.31496 2317.49444  1.35%  31.5 8559s
 105302 22028 2341.24599   56  212 2349.31496 2317.59692  1.35%  31.5 8567s
 105391 22059 2335.61216   50  108 2349.31496 2317.65121  1.35%  31.5 8579s
 105579 22044     cutoff   62      2349.31496 2317.70616  1.35%  31.5 8591s
 105723 22087     cutoff   63      2349.31496 2317.74966  1.34%  31.4 8605s
 105989 22129 2343.77480   46  194 2349.31496 2317.86688  1.34%  31.4 8614s
 106114 22133 infeasible   62      2349.31496 2317.89663  1.34%  31.4 8628s
 106309 22164 2327.90181   69  100 2349.31496 2317.99872  1.33%  31.4 8639s
 106412 22204 2338.61497   75   82 2349.31496 2317.99981  1.33%  31.4 8656s
 106656 22217 2334.16823   54  270 2349.31496 2318.06918  1.33%  31.4 8664s
 106716 22282 2330.87574   63  126 2349.31496 2318.09427  1.33%  31.4 8683s
 107104 22300     cutoff   51      2349.31496 2318.23137  1.32%  31.3 8691s
 107202 22338 2333.86051   55  180 2349.31496 2318.32929  1.32%  31.3 8709s
 107562 22325 2343.54057   67   60 2349.31496 2318.42022  1.32%  31.3 8717s
 107653 22348 infeasible   55      2349.31496 2318.46406  1.31%  31.3 8735s
 108012 22356 infeasible   65      2349.31496 2318.60421  1.31%  31.3 8740s
 108047 22368     cutoff   62      2349.31496 2318.61287  1.31%  31.3 8754s
 108376 22369     cutoff   48      2349.31496 2318.72798  1.30%  31.2 8757s
 108384 22437 2323.63291   49  322 2349.31496 2318.72798  1.30%  31.2 8773s
 108703 22433 infeasible   68      2349.31496 2318.79563  1.30%  31.2 8780s
 108768 22552 2319.67796   58  196 2349.31496 2318.82741  1.30%  31.2 8793s
 109192 22565 infeasible   61      2349.31496 2318.96911  1.29%  31.2 8802s
 109299 22625 2326.06216   60  153 2349.31496 2319.01953  1.29%  31.1 8822s
 109662 22622 2333.30268   51  153 2349.31496 2319.13116  1.28%  31.1 8829s
 109767 22628 2336.14128   64  148 2349.31496 2319.17063  1.28%  31.1 8838s
 109835 22641 2320.68821   66  277 2349.31496 2319.17306  1.28%  31.1 8843s
 109866 22660     cutoff   80      2349.31496 2319.17306  1.28%  31.1 8854s
 110052 22683 infeasible   62      2349.31496 2319.24959  1.28%  31.1 8865s
 110203 22702 2333.60064   60  117 2349.31496 2319.27800  1.28%  31.0 8889s
 110439 22745 infeasible   69      2349.31496 2319.32763  1.28%  31.0 8906s
 110736 22789 2342.53021   83  148 2349.31496 2319.42432  1.27%  31.0 8920s
 110958 22848 2321.94696   49  168 2349.31496 2319.48746  1.27%  31.0 8939s
 111290 22859     cutoff   61      2349.31496 2319.63389  1.26%  30.9 8950s
 111440 22884 infeasible   68      2349.31496 2319.68621  1.26%  30.9 8965s
 111696 22889 2336.61703   68   94 2349.31496 2319.76002  1.26%  30.9 8978s
 111845 22908 2334.35754   59  131 2349.31496 2319.80679  1.26%  30.9 8990s
 112110 22929 2329.39496   58  140 2349.31496 2319.88696  1.25%  30.9 8998s
 112241 23003 2320.67652   49  305 2349.31496 2319.92407  1.25%  30.9 9011s
 112473 23014 2335.06070   64  163 2349.31496 2319.95453  1.25%  30.9 9019s
 112597 23034 2344.64575   55  278 2349.31496 2319.98933  1.25%  30.8 9033s
 112855 23041 2337.90604   68  194 2349.31496 2320.05876  1.25%  30.8 9045s
 113029 23071 2340.14957   54  327 2349.31496 2320.11995  1.24%  30.8 9060s
 113209 23100 2336.41271   62  101 2349.31496 2320.14223  1.24%  30.8 9076s
 113414 23153 2339.35538   58  209 2349.31496 2320.23510  1.24%  30.8 9096s
 113679 23156 2334.95409   60   72 2349.31496 2320.26762  1.24%  30.8 9107s
 113851 23180     cutoff   60      2349.31496 2320.37004  1.23%  30.7 9123s
 114166 23184 2326.52900   72  167 2349.31496 2320.45758  1.23%  30.7 9133s
 114298 23184 2324.27279   64  221 2349.31496 2320.51987  1.23%  30.7 9146s
 114594 23211 2321.97764   48  295 2349.31496 2320.59931  1.22%  30.7 9155s
 114762 23200 infeasible   61      2349.31496 2320.64602  1.22%  30.7 9168s
 115027 23212     cutoff   71      2349.31496 2320.73644  1.22%  30.7 9176s
 115103 23248     cutoff   57      2349.31496 2320.74953  1.22%  30.7 9195s
 115421 23264     cutoff   71      2349.31496 2320.83886  1.21%  30.7 9204s
 115557 23304 2345.25254   50   37 2349.31496 2320.88223  1.21%  30.6 9220s
 115900 23333 2340.17048   75   99 2349.31496 2321.01721  1.20%  30.6 9229s
 115998 23382     cutoff   66      2349.31496 2321.03921  1.20%  30.6 9248s
 116378 23393 2323.20588   56  178 2349.31496 2321.15488  1.20%  30.6 9256s
 116502 23442 infeasible   79      2349.31496 2321.22231  1.20%  30.6 9274s
 116828 23453 2346.19453   67   53 2349.31496 2321.28252  1.19%  30.5 9287s
 117024 23511 2331.17098   62   97 2349.31496 2321.35491  1.19%  30.5 9302s
 117293 23543 2343.23891   50  114 2349.31496 2321.39364  1.19%  30.5 9312s
 117462 23569 2349.07069   65   98 2349.31496 2321.45372  1.19%  30.5 9339s
 117784 23578 2334.24351   72  136 2349.31496 2321.53961  1.18%  30.5 9351s
 117887 23579 2335.68728   60  171 2349.31496 2321.53961  1.18%  30.4 9369s
 118113 23607 2333.01507   62  118 2349.31496 2321.63457  1.18%  30.4 9379s
 118215 23634 2331.19386   56  251 2349.31496 2321.63457  1.18%  30.4 9399s
 118509 23645     cutoff   51      2349.31496 2321.76494  1.17%  30.4 9412s
 118710 23679 infeasible   79      2349.31496 2321.82957  1.17%  30.4 9430s
 119022 23716 2334.90056   55   77 2349.31496 2321.96544  1.16%  30.4 9443s
 119224 23717 2341.72872   68   99 2349.31496 2321.99649  1.16%  30.4 9460s
 119516 23719 2339.34583   68   99 2349.31496 2322.10094  1.16%  30.3 9472s
 119667 23771 2338.76703   66  109 2349.31496 2322.13639  1.16%  30.3 9485s
 119916 23790 2322.34129   63  201 2349.31496 2322.19190  1.15%  30.3 9498s
 120103 23780 2328.93115   56  199 2349.31496 2322.22514  1.15%  30.3 9513s
 120341 23788 2322.74554   64  147 2349.31496 2322.28464  1.15%  30.3 9525s
 120523 23849 2324.77822   60  374 2349.31496 2322.32527  1.15%  30.3 9536s
 120755 23876 2344.15604   58  132 2349.31496 2322.40239  1.15%  30.3 9550s
 120965 23877 infeasible   57      2349.31496 2322.44902  1.14%  30.3 9563s
 121137 23892     cutoff   72      2349.31496 2322.50001  1.14%  30.3 9580s
 121372 23906 2339.61032   67  110 2349.31496 2322.57175  1.14%  30.2 9587s
 121426 23977 2334.54240   62   92 2349.31496 2322.59027  1.14%  30.2 9606s
 121679 24017 2340.69617   54  169 2349.31496 2322.63319  1.14%  30.2 9625s
 121927 24049 2336.91597   64  130 2349.31496 2322.69728  1.13%  30.2 9639s
 122146 24065 2332.41207   84  264 2349.31496 2322.71855  1.13%  30.2 9653s
 122351 24091 2337.80756   67   77 2349.31496 2322.78509  1.13%  30.2 9673s
 122637 24110     cutoff   50      2349.31496 2322.88471  1.13%  30.1 9684s
 122759 24167 2323.23308   92  101 2349.31496 2322.91408  1.12%  30.1 9697s
 123017 24155     cutoff   52      2349.31496 2322.99923  1.12%  30.1 9708s
 123088 24133     cutoff   65      2349.31496 2322.99923  1.12%  30.1 9724s
 123283 24140 2348.68636   46  207 2349.31496 2323.13003  1.11%  30.1 9738s
 123463 24160 2340.10218   60  112 2349.31496 2323.21360  1.11%  30.1 9754s
 123708 24180     cutoff   70      2349.31496 2323.26562  1.11%  30.1 9767s
 123901 24203 2333.28946   62   95 2349.31496 2323.32541  1.11%  30.1 9780s
 124104 24233 2333.31450   72  110 2349.31496 2323.37133  1.10%  30.1 9796s
 124286 24251 2339.62104   52  103 2349.31496 2323.42200  1.10%  30.1 9812s
 124611 24253 infeasible   67      2349.31496 2323.50466  1.10%  30.0 9825s
 124822 24257 infeasible   74      2349.31496 2323.57157  1.10%  30.0 9860s
 125190 24246 2333.44219   58  112 2349.31496 2323.67129  1.09%  30.0 9874s
 125371 24258 2328.36904   54  183 2349.31496 2323.77543  1.09%  30.0 9890s
 125626 24274 2325.21299   45  147 2349.31496 2323.82392  1.09%  30.0 9902s
 125733 24253 2325.27832   60  157 2349.31496 2323.82621  1.08%  30.0 9922s
 126034 24250 2335.86281   52  275 2349.31496 2323.96163  1.08%  30.0 9930s
 126123 24265 infeasible   65      2349.31496 2323.96956  1.08%  30.0 9946s
 126426 24261     cutoff   59      2349.31496 2324.05766  1.08%  29.9 9954s
 126539 24289 2336.23667   65  182 2349.31496 2324.10278  1.07%  29.9 9970s
 126838 24295 infeasible   72      2349.31496 2324.16975  1.07%  29.9 9981s
 126994 24328 2345.52829   50   91 2349.31496 2324.20730  1.07%  29.9 9995s
 127270 24341 infeasible   69      2349.31496 2324.29455  1.07%  29.9 10005s
 127391 24367 2328.09252   69  123 2349.31496 2324.32297  1.06%  29.9 10022s
 127672 24354     cutoff   64      2349.31496 2324.37757  1.06%  29.9 10028s
 127723 24347 2334.14071   84   93 2349.31496 2324.38586  1.06%  29.9 10043s
 127875 24330 2344.18160   63  287 2349.31496 2324.42314  1.06%  29.8 10053s
 127945 24375 2327.33233   69  236 2349.31496 2324.42684  1.06%  29.8 10067s
 128193 24361     cutoff   70      2349.31496 2324.48364  1.06%  29.8 10080s
 128334 24402 2326.89632   68  274 2349.31496 2324.53033  1.05%  29.8 10095s
 128640 24398 2348.12143   64  151 2349.31496 2324.60220  1.05%  29.8 10106s
 128734 24411 2329.44537   76  276 2349.31496 2324.62341  1.05%  29.8 10121s
 129029 24442 2344.23461   67  127 2349.31496 2324.71870  1.05%  29.8 10130s
 129175 24416 2347.77640   61  197 2349.31496 2324.75213  1.05%  29.8 10146s
 129460 24431 2341.99260   71   97 2349.31496 2324.84439  1.04%  29.8 10159s
 129663 24463     cutoff   77      2349.31496 2324.88200  1.04%  29.8 10173s
 129849 24458 infeasible   48      2349.31496 2324.89960  1.04%  29.8 10183s
 129920 24525 2333.43999   57  187 2349.31496 2324.93462  1.04%  29.8 10205s
 130273 24540 2345.99707   72  185 2349.31496 2325.00975  1.03%  29.7 10214s
 130365 24509 2347.34200   67   92 2349.31496 2325.01690  1.03%  29.7 10232s
 130636 24508 2345.74903   62  152 2349.31496 2325.11202  1.03%  29.7 10243s
 130766 24540 2327.45449   81  151 2349.31496 2325.14978  1.03%  29.7 10256s
 131039 24534 2343.71318   64   97 2349.31496 2325.22459  1.03%  29.7 10266s
 131189 24492     cutoff   74      2349.31496 2325.24218  1.02%  29.7 10282s
 131453 24492 2329.52464   49  125 2349.31496 2325.32108  1.02%  29.7 10295s
 131614 24546 2335.29870   71   68 2349.31496 2325.37219  1.02%  29.7 10311s
 131854 24564 2327.80584   67  135 2349.31496 2325.41924  1.02%  29.7 10326s
 132036 24554 2332.36547   40  286 2349.31496 2325.45556  1.02%  29.6 10353s
 132317 24552 2343.53922   66  109 2349.31496 2325.51346  1.01%  29.6 10368s
 132528 24568     cutoff   65      2349.31496 2325.56243  1.01%  29.6 10387s
 132761 24607 infeasible   66      2349.31496 2325.62627  1.01%  29.6 10403s
 132931 24633 2346.56208   59  117 2349.31496 2325.65616  1.01%  29.6 10420s
 133167 24650     cutoff   66      2349.31496 2325.71876  1.00%  29.6 10432s
 133309 24714 2333.26588   63  229 2349.31496 2325.74199  1.00%  29.6 10445s
 133536 24719 infeasible   80      2349.31496 2325.77258  1.00%  29.6 10455s
 133650 24745 2328.75781   45  294 2349.31496 2325.79366  1.00%  29.6 10471s
 133918 24739 infeasible   74      2349.31496 2325.85220  1.00%  29.6 10483s
 134085 24725 infeasible   52      2349.31496 2325.88504  1.00%  29.6 10497s
 134327 24780 2327.46035   56  173 2349.31496 2325.92784  1.00%  29.6 10508s
 134564 24795     cutoff   62      2349.31496 2325.95615  0.99%  29.5 10522s
 134731 24803 2327.59515   40  198 2349.31496 2325.99525  0.99%  29.5 10536s
 134936 24805 2335.66308   67   96 2349.31496 2326.04315  0.99%  29.5 10551s
 135117 24806 2348.57940   60  133 2349.31496 2326.08428  0.99%  29.5 10560s
 135178 24806 2342.30195   58  104 2349.31496 2326.08742  0.99%  29.5 10571s
 135193 24793 2332.01114   55  212 2349.31496 2326.08742  0.99%  29.5 10587s
 135355 24807     cutoff   60      2349.31496 2326.12545  0.99%  29.5 10608s
 135657 24814     cutoff   54      2349.31496 2326.19135  0.98%  29.5 10616s
 135682 24838 infeasible   61      2349.31496 2326.19264  0.98%  29.5 10633s
 135915 24852 2341.76812   66  215 2349.31496 2326.22394  0.98%  29.5 10653s
 136171 24897 2336.22083   65  136 2349.31496 2326.28102  0.98%  29.5 10669s
 136409 24930     cutoff   75      2349.31496 2326.31872  0.98%  29.5 10686s
 136671 24944 infeasible   63      2349.31496 2326.36852  0.98%  29.5 10703s
 136926 24962 2343.94378   49  208 2349.31496 2326.40756  0.98%  29.5 10719s
 137146 24981 2337.64094   82  233 2349.31496 2326.43573  0.97%  29.5 10734s
 137371 25022 2346.99470   76  194 2349.31496 2326.48414  0.97%  29.5 10749s
 137638 25012 infeasible   62      2349.31496 2326.53467  0.97%  29.5 10760s
 137738 25027 2343.46816   71  237 2349.31496 2326.56873  0.97%  29.5 10777s
 137980 25050     cutoff   56      2349.31496 2326.62018  0.97%  29.4 10792s
 138183 25050 2347.26060   75  173 2349.31496 2326.64330  0.97%  29.4 10809s
 138447 25072 2346.63487   62  229 2349.31496 2326.69421  0.96%  29.4 10826s
 138698 25045 2337.18587   67  176 2349.31496 2326.74923  0.96%  29.4 10847s
 138981 25046     cutoff   69      2349.31496 2326.80857  0.96%  29.4 10862s
 139181 25042 infeasible   57      2349.31496 2326.84194  0.96%  29.4 10881s
 139421 25053 infeasible   74      2349.31496 2326.88793  0.95%  29.4 10894s
 139591 25075 2348.95300   63  204 2349.31496 2326.92217  0.95%  29.4 10930s
 139953 25087     cutoff   66      2349.31496 2326.96565  0.95%  29.4 10941s
 140083 25167 2343.70966   46  216 2349.31496 2327.00509  0.95%  29.4 10960s
 140397 25171     cutoff   55      2349.31496 2327.03210  0.95%  29.3 10972s
 140566 25192 2332.31405   50  236 2349.31496 2327.06416  0.95%  29.3 10986s
 140812 25204 2328.32232   47  148 2349.31496 2327.12091  0.94%  29.3 10995s
 140967 25229     cutoff   61      2349.31496 2327.14247  0.94%  29.3 11008s
 141205 25209 2346.39077   65  269 2349.31496 2327.19442  0.94%  29.3 11020s
 141313 25232 2329.96991   52  135 2349.31496 2327.21002  0.94%  29.3 11031s
 141420 25245 2346.58367   52   66 2349.31496 2327.21280  0.94%  29.3 11038s
 141516 25272 infeasible   57      2349.31496 2327.22173  0.94%  29.3 11050s
 141738 25267     cutoff   77      2349.31496 2327.26483  0.94%  29.3 11059s
 141840 25313 2329.75944   60  108 2349.31496 2327.28823  0.94%  29.3 11078s
 142198 25327 2331.37202   58  124 2349.31496 2327.32581  0.94%  29.3 11091s
 142322 25407 2333.96991   66  148 2349.31496 2327.34078  0.94%  29.3 11109s
 142732 25410 infeasible   68      2349.31496 2327.39959  0.93%  29.3 11116s
 142850 25431 2349.28442   52  123 2349.31496 2327.43564  0.93%  29.2 11133s
 143212 25447 2327.61737   37   76 2349.31496 2327.50991  0.93%  29.2 11142s
 143370 25522     cutoff   63      2349.31496 2327.53452  0.93%  29.2 11162s
 143767 25527 infeasible   67      2349.31496 2327.58426  0.92%  29.2 11167s
 143814 25581 2333.36994   69  236 2349.31496 2327.60129  0.92%  29.2 11185s
 144172 25587 2346.19007   47   93 2349.31496 2327.64780  0.92%  29.2 11192s
 144267 25583 2327.91194   58  184 2349.31496 2327.67704  0.92%  29.2 11213s
 144614 25578 infeasible   57      2349.31496 2327.73590  0.92%  29.1 11222s
 144689 25600 2332.53127   48  142 2349.31496 2327.75168  0.92%  29.1 11239s
 145015 25614 2338.84838   68  152 2349.31496 2327.78821  0.92%  29.1 11246s
 145061 25627 2343.23952   59  150 2349.31496 2327.79069  0.92%  29.1 11264s
 145354 25640 2344.61712   41  102 2349.31496 2327.84068  0.91%  29.1 11271s
 145449 25647     cutoff   68      2349.31496 2327.85059  0.91%  29.1 11286s
 145602 25650     cutoff   51      2349.31496 2327.88312  0.91%  29.1 11295s
 145702 25661     cutoff   62      2349.31496 2327.88652  0.91%  29.1 11314s
 146026 25685 2329.33371   52  235 2349.31496 2327.93881  0.91%  29.1 11321s
 146109 25691     cutoff   79      2349.31496 2327.94096  0.91%  29.1 11338s
 146377 25686     cutoff   66      2349.31496 2327.98166  0.91%  29.1 11346s
 146450 25706 2328.18479   55  264 2349.31496 2327.99622  0.91%  29.1 11361s
 146774 25702 infeasible   77      2349.31496 2328.04165  0.91%  29.1 11370s
 146869 25736 infeasible   47      2349.31496 2328.07387  0.90%  29.1 11406s
 147316 25734 2330.54471   82  260 2349.31496 2328.12551  0.90%  29.0 11413s
 147386 25771 infeasible   69      2349.31496 2328.13700  0.90%  29.0 11431s
 147700 25754     cutoff   54      2349.31496 2328.17349  0.90%  29.0 11441s
 147768 25777 2328.98403   80  189 2349.31496 2328.18372  0.90%  29.0 11458s
 148024 25785     cutoff   79      2349.31496 2328.23266  0.90%  29.0 11470s
 148157 25823 2335.68159   74  169 2349.31496 2328.24831  0.90%  29.0 11486s
 148441 25838 infeasible   84      2349.31496 2328.28857  0.90%  29.0 11495s
 148548 25860     cutoff   62      2349.31496 2328.30476  0.89%  29.0 11514s
 148810 25844     cutoff   67      2349.31496 2328.32909  0.89%  29.0 11522s
 148858 25833 2340.56395   71  106 2349.31496 2328.34348  0.89%  29.0 11536s
 149027 25840 infeasible   58      2349.31496 2328.37340  0.89%  29.0 11546s
 149146 25871     cutoff   66      2349.31496 2328.38879  0.89%  29.0 11562s
 149373 25872 2342.28232   73  226 2349.31496 2328.40851  0.89%  29.0 11566s
 149386 25893 2329.11268   61  241 2349.31496 2328.41201  0.89%  29.0 11579s
 149533 25918 2328.69369   53  279 2349.31496 2328.43038  0.89%  29.0 11591s
 149675 25927 2332.27176   60  394 2349.31496 2328.44577  0.89%  29.0 11602s
 149851 25925 2342.95130   62  196 2349.31496 2328.46634  0.89%  29.0 11612s
 149994 25941     cutoff   75      2349.31496 2328.49895  0.89%  29.0 11624s
 150175 25959 2328.94533   56  111 2349.31496 2328.52149  0.89%  29.0 11634s
 150353 25967 2332.93056   57  180 2349.31496 2328.53943  0.88%  29.0 11642s
 150465 25973 infeasible   59      2349.31496 2328.54725  0.88%  29.0 11648s
 150512 25968 infeasible   58      2349.31496 2328.55498  0.88%  29.0 11660s
 150691 25973 2343.01547   66  146 2349.31496 2328.61093  0.88%  28.9 11671s
 150918 26009 2333.38074   69  196 2349.31496 2328.64657  0.88%  28.9 11683s
 151109 26038 2344.13660   65  100 2349.31496 2328.67504  0.88%  28.9 11695s
 151341 26048 2330.51923   65  126 2349.31496 2328.69772  0.88%  28.9 11707s
 151526 26051     cutoff   62      2349.31496 2328.72697  0.88%  28.9 11717s
 151753 26074 2330.67650   50  261 2349.31496 2328.74946  0.88%  28.9 11728s
 151963 26091     cutoff   58      2349.31496 2328.75859  0.87%  28.9 11738s
 152139 26078 infeasible   63      2349.31496 2328.78409  0.87%  28.9 11751s
 152329 26084 2348.61174   64  125 2349.31496 2328.81675  0.87%  28.9 11765s
 152507 26082 infeasible   64      2349.31496 2328.84774  0.87%  28.9 11775s
 152640 26102 2341.16693   71   29 2349.31496 2328.86370  0.87%  28.9 11788s
 152860 26157 2330.77404   65  251 2349.31496 2328.89015  0.87%  28.9 11800s
 153075 26177 2332.71135   60  123 2349.31496 2328.90816  0.87%  28.9 11810s
 153247 26200 2341.59442   59  109 2349.31496 2328.92266  0.87%  28.9 11829s
 153521 26198 2338.13095   90  117 2349.31496 2328.95050  0.87%  28.9 11836s
 153559 26206 2346.58540   50  184 2349.31496 2328.95578  0.87%  28.9 11853s
 153791 26189 infeasible   60      2349.31496 2328.98404  0.87%  28.8 11864s
 153922 26195 2336.51808   62  233 2349.31496 2329.01311  0.86%  28.8 11881s
 154173 26198     cutoff   64      2349.31496 2329.03885  0.86%  28.8 11908s
 154465 26224     cutoff   76      2349.31496 2329.06916  0.86%  28.8 11921s
 154664 26219 2332.84868   68   89 2349.31496 2329.08545  0.86%  28.8 11934s
 154831 26217 2346.53185   61  234 2349.31496 2329.11301  0.86%  28.8 11946s
 155066 26200 infeasible   64      2349.31496 2329.14476  0.86%  28.8 11960s
 155260 26216 2336.63946   42  271 2349.31496 2329.16891  0.86%  28.8 11974s
 155514 26222 2334.15986   54  156 2349.31496 2329.19032  0.86%  28.8 11986s
 155663 26235 2348.88244   54  144 2349.31496 2329.21692  0.86%  28.8 12000s
 155877 26264 2334.30877   67  200 2349.31496 2329.23884  0.85%  28.8 12014s
 156068 26279     cutoff   63      2349.31496 2329.25383  0.85%  28.8 12028s
 156276 26284 2334.67791   54  242 2349.31496 2329.26795  0.85%  28.8 12036s
 156340 26261 2335.46482   66  105 2349.31496 2329.28234  0.85%  28.8 12049s
 156514 26291 2333.51328   68  122 2349.31496 2329.30117  0.85%  28.8 12070s
 156886 26311     cutoff   47      2349.31496 2329.34144  0.85%  28.8 12081s
 157020 26340 2344.50828   57  228 2349.31496 2329.35641  0.85%  28.8 12100s
 157368 26348 2336.71570   63  212 2349.31496 2329.38071  0.85%  28.7 12109s
 157460 26348 2333.64471   54  135 2349.31496 2329.39451  0.85%  28.7 12122s
 157628 26343 2329.47781   67  138 2349.31496 2329.42943  0.85%  28.7 12136s
 157865 26356 2335.15430   55  267 2349.31496 2329.45933  0.85%  28.7 12148s
 158034 26354 infeasible   69      2349.31496 2329.47504  0.84%  28.7 12163s
 158267 26376 2345.44259   61  201 2349.31496 2329.49949  0.84%  28.7 12177s
 158471 26349 2330.22546   67  232 2349.31496 2329.52710  0.84%  28.7 12193s
 158706 26354 infeasible   60      2349.31496 2329.58860  0.84%  28.7 12207s
 158895 26370 infeasible   86      2349.31496 2329.61195  0.84%  28.7 12222s
 159144 26355 infeasible   52      2349.31496 2329.63993  0.84%  28.7 12235s
 159347 26393 2340.70727   55   97 2349.31496 2329.66380  0.84%  28.7 12251s
 159608 26441 infeasible   80      2349.31496 2329.68694  0.84%  28.7 12265s
 159797 26476 2335.12464   67  104 2349.31496 2329.70051  0.83%  28.7 12280s
 160021 26490 2330.20062   70  289 2349.31496 2329.72044  0.83%  28.7 12294s
 160207 26544 2329.94635   73  256 2349.31496 2329.73706  0.83%  28.7 12311s
 160466 26544 infeasible   68      2349.31496 2329.75564  0.83%  28.7 12325s
 160667 26590 2330.28014   59  201 2349.31496 2329.78873  0.83%  28.6 12339s
 160904 26600 2348.15590   69  236 2349.31496 2329.80228  0.83%  28.6 12353s
 161096 26611 2341.24553   65  133 2349.31496 2329.82601  0.83%  28.6 12367s
 161268 26654 2336.50551   73  206 2349.31496 2329.83638  0.83%  28.6 12382s
 161522 26693 infeasible   59      2349.31496 2329.86021  0.83%  28.6 12411s
 161796 26705     cutoff   47      2349.31496 2329.87754  0.83%  28.6 12426s
 162012 26690     cutoff   63      2349.31496 2329.90406  0.83%  28.6 12440s
 162147 26693 2335.19276   61  214 2349.31496 2329.91922  0.83%  28.6 12457s
 162355 26699 2336.68556   55  245 2349.31496 2329.94162  0.82%  28.6 12471s
 162570 26701 2331.45080   58  284 2349.31496 2329.96237  0.82%  28.6 12486s
 162774 26709     cutoff   50      2349.31496 2329.98037  0.82%  28.6 12502s
 162961 26721 2333.10049   61  184 2349.31496 2330.00466  0.82%  28.6 12517s
 163143 26701 2331.20591   58  253 2349.31496 2330.01340  0.82%  28.6 12535s
 163322 26691 infeasible   81      2349.31496 2330.03584  0.82%  28.6 12554s
 163553 26666 infeasible   68      2349.31496 2330.06861  0.82%  28.6 12572s
 163745 26685 2333.72548   59  186 2349.31496 2330.10052  0.82%  28.6 12591s
 164002 26693 2346.92218   80  206 2349.31496 2330.12292  0.82%  28.6 12608s
 164221 26706 2338.65832   49  212 2349.31496 2330.14334  0.82%  28.6 12622s
 164459 26716 2339.49418   52  190 2349.31496 2330.15810  0.82%  28.6 12637s
 164688 26725 2336.49445   82  108 2349.31496 2330.18137  0.81%  28.6 12654s
 164949 26715 infeasible   42      2349.31496 2330.20746  0.81%  28.6 12669s
 165103 26710 2345.78336   67  143 2349.31496 2330.21942  0.81%  28.6 12686s
 165279 26712 infeasible   81      2349.31496 2330.24054  0.81%  28.6 12697s
 165404 26734 2334.04636   47  167 2349.31496 2330.25868  0.81%  28.6 12718s
 165746 26744 2346.28894   65  147 2349.31496 2330.28747  0.81%  28.6 12734s
 165905 26794 2342.41885   70  164 2349.31496 2330.30114  0.81%  28.6 12757s
 166279 26788     cutoff   76      2349.31496 2330.33680  0.81%  28.6 12770s
 166407 26834 2334.33275   44  139 2349.31496 2330.34649  0.81%  28.6 12792s
 166801 26856 2332.89045   46  142 2349.31496 2330.38759  0.81%  28.5 12806s
 166950 26918 infeasible   72      2349.31496 2330.40617  0.80%  28.5 12832s
 167373 26917 2331.98127   50  193 2349.31496 2330.43741  0.80%  28.5 12843s
 167426 26926 infeasible   61      2349.31496 2330.44334  0.80%  28.5 12866s
 167818 26924 infeasible   54      2349.31496 2330.49816  0.80%  28.5 12874s
 167839 26925 infeasible   76      2349.31496 2330.49861  0.80%  28.5 12893s
 168039 26911 2333.96485   59  197 2349.31496 2330.53656  0.80%  28.5 12912s
 168308 26924 2347.76000   41   90 2349.31496 2330.57022  0.80%  28.5 12925s
 168495 26940 2335.14433   75  156 2349.31496 2330.59034  0.80%  28.5 12945s
 168745 26943 infeasible   60      2349.31496 2330.61112  0.80%  28.5 12975s
 168946 26963 2331.54898   70  198 2349.31496 2330.63156  0.80%  28.5 12999s
 169283 26956 2333.29274   57   99 2349.31496 2330.67222  0.79%  28.4 13013s
 169451 26984     cutoff   45      2349.31496 2330.69777  0.79%  28.4 13032s
 169753 26994 infeasible   65      2349.31496 2330.72765  0.79%  28.4 13045s
 169931 27005 2349.21583   69  182 2349.31496 2330.74212  0.79%  28.4 13060s
 170149 27018 2341.30771   66  176 2349.31496 2330.75927  0.79%  28.4 13076s
 170324 27054 infeasible   60      2349.31496 2330.77793  0.79%  28.4 13094s
 170602 27064 infeasible   59      2349.31496 2330.79380  0.79%  28.4 13108s
 170765 27035 2346.28991   74  115 2349.31496 2330.81229  0.79%  28.4 13126s
 170989 27009     cutoff   64      2349.31496 2330.83334  0.79%  28.4 13141s
 171162 27005 2332.77881   67  242 2349.31496 2330.85926  0.79%  28.5 13160s
 171416 27001 2334.83015   56   81 2349.31496 2330.89482  0.78%  28.4 13174s
 171602 27033 infeasible   56      2349.31496 2330.90545  0.78%  28.4 13189s
 171839 26992 2345.71763   70  145 2349.31496 2330.92120  0.78%  28.4 13207s
 172035 26993 2333.79116   56  158 2349.31496 2330.95741  0.78%  28.4 13226s
 172250 26976 2347.50143   51  207 2349.31496 2330.98636  0.78%  28.4 13240s
 172403 26961 infeasible   66      2349.31496 2331.01435  0.78%  28.4 13261s
 172632 26940     cutoff   58      2349.31496 2331.04574  0.78%  28.4 13277s
 172800 26938 2331.87917   64  193 2349.31496 2331.06960  0.78%  28.4 13293s
 173065 26952 2334.21335   46  151 2349.31496 2331.10829  0.77%  28.4 13307s
 173216 26952     cutoff   53      2349.31496 2331.12670  0.77%  28.4 13327s
 173503 26967 infeasible   57      2349.31496 2331.16088  0.77%  28.4 13341s
 173677 26958 infeasible   80      2349.31496 2331.17194  0.77%  28.4 13362s
 173976 26945 2333.50548   54  149 2349.31496 2331.21368  0.77%  28.4 13377s
 174085 26974 2336.66816   56  159 2349.31496 2331.21790  0.77%  28.4 13392s
 174283 26977 2343.25016   60  150 2349.31496 2331.25033  0.77%  28.4 13403s
 174486 26934 2345.64400   63  124 2349.31496 2331.27402  0.77%  28.4 13419s
 174735 26957 2342.70431   55  128 2349.31496 2331.31133  0.77%  28.4 13432s
 174951 26937 2331.80397   62  164 2349.31496 2331.32912  0.77%  28.4 13449s
 175199 26937 2348.96242   68  237 2349.31496 2331.35669  0.76%  28.4 13461s
 175335 26938     cutoff   77      2349.31496 2331.37350  0.76%  28.4 13477s
 175576 26946     cutoff   60      2349.31496 2331.39136  0.76%  28.4 13488s
 175760 26979 2334.92187   62  205 2349.31496 2331.41514  0.76%  28.4 13504s
 176051 26980 infeasible   48      2349.31496 2331.44847  0.76%  28.4 13537s
 176311 26972 2333.04862   59  270 2349.31496 2331.47208  0.76%  28.4 13553s
 176506 26967 2337.15480   71  176 2349.31496 2331.49881  0.76%  28.4 13573s
 176727 26989     cutoff   83      2349.31496 2331.51228  0.76%  28.4 13589s
 176948 26996     cutoff   61      2349.31496 2331.53840  0.76%  28.4 13605s
 177195 27000 2332.17768   66  176 2349.31496 2331.56120  0.76%  28.4 13621s
 177370 27007 infeasible   59      2349.31496 2331.57008  0.76%  28.4 13638s
 177586 27000 infeasible   51      2349.31496 2331.59270  0.75%  28.4 13649s
 177722 26986 infeasible   61      2349.31496 2331.60912  0.75%  28.4 13661s
 177807 27025 infeasible   62      2349.31496 2331.61020  0.75%  28.4 13678s
 178059 27021 2334.33437   67  160 2349.31496 2331.63614  0.75%  28.3 13684s
 178076 26994 infeasible   60      2349.31496 2331.63833  0.75%  28.4 13704s
 178386 26980 infeasible   58      2349.31496 2331.67494  0.75%  28.3 13716s
 178543 26929 2348.14580   50  118 2349.31496 2331.68969  0.75%  28.3 13736s
 178876 26925 2346.30159   58  153 2349.31496 2331.73429  0.75%  28.3 13747s
 179001 26961 2333.51187   51   89 2349.31496 2331.74644  0.75%  28.3 13770s
 179377 26964     cutoff   71      2349.31496 2331.78007  0.75%  28.3 13779s
 179492 26969 2346.05341   55  151 2349.31496 2331.78501  0.75%  28.3 13798s
 179823 26971 2334.84639   61  180 2349.31496 2331.82159  0.74%  28.3 13800s

Cutting planes:
  Learned: 9
  Gomory: 8
  Cover: 48
  Implied bound: 240
  Projected implied bound: 1
  Clique: 17
  MIR: 109
  StrongCG: 9
  Flow cover: 45
  GUB cover: 63
  Inf proof: 19
  Zero half: 10
  RLT: 10
  Relax-and-lift: 21
  BQP: 1

Explored 179836 nodes (5106375 simplex iterations) in 13800.28 seconds (1536.94 work units)
Thread count was 2 (of 46 available processors)

Solution count 10: 2349.31 2350.58 2351.24 ... 2356.53

Time limit reached
Best objective 2.349314961504e+03, best bound 2.331821587455e+03, gap 0.7446%
