Slurm job ID    : 2719
Array task ID   : 4
Host            : 23037696r-i7809a0b3cd
Start time      : 2026-08-16T00:36:51+08:00
Instance        : /home/23037696r/Documents/research/or_benchmark/wp/instances/inactive_0.5/j30/j300105_4.sm
Output JSON     : /home/23037696r/Documents/research/or_benchmark/wp/results/inactive_0.5/j30/j300105_4.json
Gurobi log      : /home/23037696r/Documents/research/or_benchmark/wp/results/inactive_0.5/j30/logs/gurobi/j300105_4.log
Allocated CPUs  : 2
Running with command-line arguments
-----------------------------------
Instance file: /home/23037696r/Documents/research/or_benchmark/wp/instances/inactive_0.5/j30/j300105_4.sm
Instance summary
----------------
Tasks:          32
Active tasks:   15
Inactive tasks: 17
Arcs:           69
Total duration: 170
Total work:     263
Active work:    115
Delta (singleton critical-path makespan): 25
Chosen deadline: 28
Feasible by singleton schedule: yes
Deadline rule: automatic: d = ceil(1.1 * Delta) = 28
Set parameter Username
Set parameter LicenseID to value 2851961
Academic license - for non-commercial use only - expires 2027-08-07
Set parameter MIPGap to value 1e-06
Set parameter TimeLimit to value 13800
Set parameter Threads to value 2
Set parameter LogFile to value "/home/23037696r/Documents/research/or_benchmark/wp/results/inactive_0.5/j30/logs/gurobi/j300105_4.log"
Set parameter NumericFocus to value 1
Gurobi Optimizer version 13.0.2 build v13.0.2rc1 (linux64 - "Ubuntu 22.04.3 LTS")

CPU model: Intel Xeon Processor (Cascadelake), instruction set [SSE2|AVX|AVX2|AVX512]
Thread count: 46 physical cores, 46 logical processors, using up to 2 threads

Non-default parameters:
TimeLimit  13800
MIPGap  1e-06
NumericFocus  1
Threads  2

Optimize a model with 7455 rows, 4478 columns and 26487 nonzeros (Min)
Model fingerprint: 0xb18df6ea
Model has 2580 linear objective coefficients and an objective constant of 1.5411875745941625e+03
Variable types: 435 continuous, 4043 integer (3900 binary)
Coefficient statistics:
  Matrix range     [1e+00, 1e+02]
  Objective range  [1e-02, 6e+02]
  Bounds range     [1e+00, 1e+02]
  RHS range        [1e+00, 1e+02]

Presolve removed 6192 rows and 2843 columns
Presolve time: 0.45s
Presolved: 1263 rows, 1635 columns, 10748 nonzeros
Variable types: 0 continuous, 1635 integer (1263 binary)
Found heuristic solution: objective 2924.1461455

Root relaxation: objective 2.342914e+03, 499 iterations, 0.03 seconds (0.01 work units)

    Nodes    |    Current Node    |     Objective Bounds      |     Work
 Expl Unexpl |  Obj  Depth IntInf | Incumbent    BestBd   Gap | It/Node Time

     0     0 2342.91355    0   62 2924.14615 2342.91355  19.9%     -    0s
H    0     0                    2372.7628662 2342.91355  1.26%     -    0s
H    0     0                    2372.5640626 2342.91355  1.25%     -    0s
     0     0 2348.57110    0   73 2372.56406 2348.57110  1.01%     -    0s
     0     0 2348.57110    0   61 2372.56406 2348.57110  1.01%     -    1s
     0     0 2348.57110    0   53 2372.56406 2348.57110  1.01%     -    1s
     0     0 2348.57110    0   51 2372.56406 2348.57110  1.01%     -    1s
     0     0 2348.57110    0   54 2372.56406 2348.57110  1.01%     -    1s
     0     0 2348.57110    0   55 2372.56406 2348.57110  1.01%     -    1s
     0     0 2348.57110    0   56 2372.56406 2348.57110  1.01%     -    1s
     0     0 2348.57110    0   56 2372.56406 2348.57110  1.01%     -    1s
     0     0 2348.57110    0   56 2372.56406 2348.57110  1.01%     -    1s
     0     0 2348.57110    0   56 2372.56406 2348.57110  1.01%     -    1s
     0     0 2348.57110    0   56 2372.56406 2348.57110  1.01%     -    1s
     0     0 2348.57110    0   56 2372.56406 2348.57110  1.01%     -    1s
     0     0 2359.14675    0   32 2372.56406 2359.14675  0.57%     -    1s
     0     0 2359.14675    0   45 2372.56406 2359.14675  0.57%     -    1s
H    0     0                    2372.3406041 2359.14675  0.56%     -    1s
H    0     0                    2368.8263850 2359.14675  0.41%     -    1s
     0     0 2365.00678    0   23 2368.82639 2365.00678  0.16%     -    1s
H    0     0                    2368.4498977 2365.00787  0.15%     -    1s
     0     0 2365.00815    0   24 2368.44990 2365.00815  0.15%     -    1s
     0     0 2365.90005    0   24 2368.44990 2365.90005  0.11%     -    1s
H    0     0                    2367.0653396 2365.90031  0.05%     -    1s
H    0     0                    2366.6421420 2365.90031  0.03%     -    1s
     0     0 2366.07290    0   35 2366.64214 2366.07290  0.02%     -    1s
     0     0 2366.07393    0   35 2366.64214 2366.07393  0.02%     -    1s
     0     0 2366.07393    0   12 2366.64214 2366.07393  0.02%     -    1s
     0     0 2366.07393    0   17 2366.64214 2366.07393  0.02%     -    1s
     0     0 2366.07393    0   20 2366.64214 2366.07393  0.02%     -    1s
     0     0 2366.07393    0   20 2366.64214 2366.07393  0.02%     -    1s
     0     0 2366.07393    0   20 2366.64214 2366.07393  0.02%     -    1s
     0     0 2366.07393    0   20 2366.64214 2366.07393  0.02%     -    1s
     0     0 2366.19656    0   22 2366.64214 2366.19656  0.02%     -    1s
     0     0 2366.29513    0   20 2366.64214 2366.29513  0.01%     -    1s
     0     0 2366.30721    0   10 2366.64214 2366.30721  0.01%     -    1s
     0     0 2366.35194    0   13 2366.64214 2366.35194  0.01%     -    1s
     0     0 2366.35688    0   16 2366.64214 2366.35688  0.01%     -    1s
     0     0 2366.35738    0   19 2366.64214 2366.35738  0.01%     -    1s
     0     0     cutoff    0      2366.64214 2366.64214  0.00%     -    1s

Cutting planes:
  Gomory: 3
  Cover: 6
  Implied bound: 8
  Clique: 4
  MIR: 8
  Knapsack: 1
  StrongCG: 2
  GUB cover: 2
  RLT: 1
  Relax-and-lift: 5

Explored 1 nodes (1723 simplex iterations) in 1.41 seconds (0.26 work units)
Thread count was 2 (of 46 available processors)

Solution count 10: 2366.64 2366.64 2367.07 ... 2372.56

Optimal solution found (tolerance 1.00e-06)
Best objective 2.366642142032e+03, best bound 2.366642142032e+03, gap 0.0000%

Solve summary
-------------
Status code:       2
Objective:         2366.64214203212
Objective bound:   2366.64214203212
MIP gap:           0.0
Has cycle:         False
Is acyclic:        True
Packages selected: 4 active packages

Packages
--------
   I1 | inactive_singleton | S=  0, C=  0, x=  0 | tasks=[1]
  I11 | inactive_singleton | S=  0, C=  2, x=  4 | tasks=[11]
   A2 | active             | S=  0, C=  6, x= 22 | tasks=[4, 5, 9, 10, 14, 17]
   I2 | inactive_singleton | S=  0, C=  7, x= 11 | tasks=[2]
  I30 | inactive_singleton | S=  0, C=  7, x= 12 | tasks=[30]
  I15 | inactive_singleton | S=  0, C=  8, x=  9 | tasks=[15]
  I16 | inactive_singleton | S=  0, C=  8, x= 11 | tasks=[16]
   A1 | active             | S=  0, C= 10, x= 40 | tasks=[3, 29, 31]
  I12 | inactive_singleton | S=  6, C= 16, x= 17 | tasks=[12]
   I8 | inactive_singleton | S=  7, C= 12, x= 10 | tasks=[8]
  I27 | inactive_singleton | S=  7, C= 16, x= 15 | tasks=[27]
  I26 | inactive_singleton | S= 10, C= 11, x=  2 | tasks=[26]
   I6 | inactive_singleton | S= 10, C= 13, x=  6 | tasks=[6]
  I24 | inactive_singleton | S= 10, C= 14, x=  4 | tasks=[24]
   A3 | active             | S= 10, C= 18, x= 34 | tasks=[7, 13, 22, 28]
  I21 | inactive_singleton | S= 12, C= 17, x=  6 | tasks=[21]
  I20 | inactive_singleton | S= 13, C= 21, x= 10 | tasks=[20]
   A4 | active             | S= 13, C= 23, x= 19 | tasks=[23, 25]
  I18 | inactive_singleton | S= 18, C= 27, x= 13 | tasks=[18]
  I19 | inactive_singleton | S= 18, C= 27, x= 18 | tasks=[19]
  I32 | inactive_singleton | S= 28, C= 28, x=  0 | tasks=[32]

Solution JSON saved to: /home/23037696r/Documents/research/or_benchmark/wp/results/inactive_0.5/j30/j300105_4.json
Finish time     : 2026-08-16T00:36:56+08:00
