Slurm job ID    : 2738
Array task ID   : 23
Host            : 23037696r-i7809a0b3cd
Start time      : 2026-08-16T00:44:16+08:00
Instance        : /home/23037696r/Documents/research/or_benchmark/wp/instances/inactive_0.5/j30/j300305_3.sm
Output JSON     : /home/23037696r/Documents/research/or_benchmark/wp/results/inactive_0.5/j30/j300305_3.json
Gurobi log      : /home/23037696r/Documents/research/or_benchmark/wp/results/inactive_0.5/j30/logs/gurobi/j300305_3.log
Allocated CPUs  : 2
Running with command-line arguments
-----------------------------------
Instance file: /home/23037696r/Documents/research/or_benchmark/wp/instances/inactive_0.5/j30/j300305_3.sm
Instance summary
----------------
Tasks:          32
Active tasks:   15
Inactive tasks: 17
Arcs:           60
Total duration: 120
Total work:     174
Active work:    111
Delta (singleton critical-path makespan): 37
Chosen deadline: 41
Feasible by singleton schedule: yes
Deadline rule: automatic: d = ceil(1.1 * Delta) = 41
Set parameter Username
Set parameter LicenseID to value 2851961
Academic license - for non-commercial use only - expires 2027-08-07
Set parameter MIPGap to value 1e-06
Set parameter TimeLimit to value 13800
Set parameter Threads to value 2
Set parameter LogFile to value "/home/23037696r/Documents/research/or_benchmark/wp/results/inactive_0.5/j30/logs/gurobi/j300305_3.log"
Set parameter NumericFocus to value 1
Gurobi Optimizer version 13.0.2 build v13.0.2rc1 (linux64 - "Ubuntu 22.04.3 LTS")

CPU model: Intel Xeon Processor (Cascadelake), instruction set [SSE2|AVX|AVX2|AVX512]
Thread count: 46 physical cores, 46 logical processors, using up to 2 threads

Non-default parameters:
TimeLimit  13800
MIPGap  1e-06
NumericFocus  1
Threads  2

Optimize a model with 8732 rows, 5029 columns and 30792 nonzeros (Min)
Model fingerprint: 0x58f1a840
Model has 2910 linear objective coefficients and an objective constant of 1.1133255776805236e+03
Variable types: 630 continuous, 4399 integer (4256 binary)
Coefficient statistics:
  Matrix range     [1e+00, 1e+02]
  Objective range  [1e-02, 5e+02]
  Bounds range     [1e+00, 1e+02]
  RHS range        [1e+00, 1e+02]

Presolve removed 6827 rows and 2857 columns
Presolve time: 0.91s
Presolved: 1905 rows, 2172 columns, 16049 nonzeros
Variable types: 0 continuous, 2172 integer (1624 binary)
Found heuristic solution: objective 2521.0687362

Root relaxation: objective 1.821006e+03, 576 iterations, 0.04 seconds (0.02 work units)

    Nodes    |    Current Node    |     Objective Bounds      |     Work
 Expl Unexpl |  Obj  Depth IntInf | Incumbent    BestBd   Gap | It/Node Time

     0     0 1821.00647    0   82 2521.06874 1821.00647  27.8%     -    1s
     0     0 1823.42113    0   71 2521.06874 1823.42113  27.7%     -    1s
H    0     0                    1866.0427413 1823.42113  2.28%     -    1s
     0     0 1823.66115    0   42 1866.04274 1823.66115  2.27%     -    1s
     0     0 1823.66115    0   74 1866.04274 1823.66115  2.27%     -    1s
H    0     0                    1860.9585472 1823.66115  2.00%     -    1s
H    0     0                    1860.8100212 1823.66115  2.00%     -    1s
     0     0 1823.66115    0   34 1860.81002 1823.66115  2.00%     -    1s
H    0     0                    1860.4628313 1823.66115  1.98%     -    1s
     0     0 1823.66115    0   33 1860.46283 1823.66115  1.98%     -    1s
     0     0 1824.02503    0   45 1860.46283 1824.02503  1.96%     -    2s
     0     0 1824.95415    0   70 1860.46283 1824.95415  1.91%     -    2s
     0     0 1825.54053    0   60 1860.46283 1825.54053  1.88%     -    2s
     0     0 1825.55156    0   60 1860.46283 1825.55156  1.88%     -    2s
     0     0 1825.56072    0   60 1860.46283 1825.56072  1.88%     -    2s
     0     0 1825.56768    0   61 1860.46283 1825.56768  1.88%     -    2s
     0     0 1825.57306    0   61 1860.46283 1825.57306  1.88%     -    2s
     0     0 1825.57489    0   60 1860.46283 1825.57489  1.88%     -    2s
     0     0 1826.01280    0   75 1860.46283 1826.01280  1.85%     -    2s
     0     0 1826.23039    0   77 1860.46283 1826.23039  1.84%     -    2s
     0     0 1826.23041    0   78 1860.46283 1826.23041  1.84%     -    2s
     0     0 1837.94074    0   73 1860.46283 1837.94074  1.21%     -    2s
     0     0 1837.94074    0   66 1860.46283 1837.94074  1.21%     -    2s
H    0     0                    1860.4375346 1837.94074  1.21%     -    2s
     0     0 1843.07720    0   71 1860.43753 1843.07720  0.93%     -    2s
H    0     0                    1860.2890085 1843.20879  0.92%     -    2s
     0     0 1848.94563    0   62 1860.28901 1848.94563  0.61%     -    2s
     0     0 1849.29702    0   76 1860.28901 1849.29702  0.59%     -    2s
     0     0 1849.36714    0   82 1860.28901 1849.36714  0.59%     -    2s
     0     0 1849.36714    0   81 1860.28901 1849.36714  0.59%     -    2s
     0     0 1853.53030    0   75 1860.28901 1853.53030  0.36%     -    2s
     0     0 1853.65402    0   76 1860.28901 1853.65402  0.36%     -    2s
     0     0 1853.68087    0   82 1860.28901 1853.68087  0.36%     -    2s
     0     0 1853.69311    0   89 1860.28901 1853.69311  0.35%     -    2s
     0     0 1855.28814    0  104 1860.28901 1855.28814  0.27%     -    2s
     0     0 1855.67777    0   95 1860.28901 1855.67777  0.25%     -    3s
     0     0 1855.69401    0  102 1860.28901 1855.69401  0.25%     -    3s
     0     0 1856.54122    0   80 1860.28901 1856.54122  0.20%     -    3s
     0     0 1856.59150    0   82 1860.28901 1856.59150  0.20%     -    3s
     0     0 1856.71516    0  101 1860.28901 1856.71516  0.19%     -    3s
     0     0 1856.79009    0   87 1860.28901 1856.79009  0.19%     -    3s
     0     0 1856.79009    0   87 1860.28901 1856.79009  0.19%     -    3s
     0     0 1856.79009    0   87 1860.28901 1856.79009  0.19%     -    3s
H    0     0                    1860.1490563 1856.79009  0.18%     -    3s
H    0     0                    1859.9431904 1856.79009  0.17%     -    3s
H    0     0                    1859.7811974 1856.79009  0.16%     -    3s
     0     2 1856.79052    0   87 1859.78120 1856.79052  0.16%     -    3s
*   36    11              10    1859.7078896 1859.50918  0.01%  17.1    3s
*   46    11              11    1859.6955001 1859.50922  0.01%  13.9    3s
H   52     5                    1859.5092846 1859.50925  0.00%  12.4    3s

Cutting planes:
  Learned: 4
  Gomory: 3
  Cover: 21
  Implied bound: 49
  Clique: 17
  MIR: 25
  StrongCG: 3
  GUB cover: 17
  Zero half: 2
  RLT: 12
  Relax-and-lift: 27
  BQP: 2

Explored 69 nodes (3638 simplex iterations) in 3.57 seconds (0.61 work units)
Thread count was 2 (of 46 available processors)

Solution count 10: 1859.51 1859.7 1859.71 ... 1860.46

Optimal solution found (tolerance 1.00e-06)
Best objective 1.859509284619e+03, best bound 1.859509284619e+03, gap 0.0000%

Solve summary
-------------
Status code:       2
Objective:         1859.5092846187567
Objective bound:   1859.5092846187567
MIP gap:           0.0
Has cycle:         False
Is acyclic:        True
Packages selected: 3 active packages

Packages
--------
   I1 | inactive_singleton | S=  0, C=  0, x=  0 | tasks=[1]
  I10 | inactive_singleton | S=  0, C=  1, x=  2 | tasks=[10]
   I8 | inactive_singleton | S=  0, C=  1, x=  2 | tasks=[8]
  I20 | inactive_singleton | S=  0, C=  2, x=  4 | tasks=[20]
   I2 | inactive_singleton | S=  0, C=  3, x=  5 | tasks=[2]
   I6 | inactive_singleton | S=  0, C=  4, x=  4 | tasks=[6]
  I31 | inactive_singleton | S=  3, C=  4, x=  2 | tasks=[31]
   A1 | active             | S=  3, C=  5, x=  3 | tasks=[3]
  I18 | inactive_singleton | S=  3, C=  5, x=  3 | tasks=[18]
   I4 | inactive_singleton | S=  5, C=  8, x=  6 | tasks=[4]
   I5 | inactive_singleton | S=  8, C= 14, x=  8 | tasks=[5]
   A2 | active             | S=  8, C= 19, x= 57 | tasks=[7, 11, 13, 14, 19, 23, 25, 27, 30]
  I28 | inactive_singleton | S= 14, C= 18, x=  8 | tasks=[28]
   I9 | inactive_singleton | S= 14, C= 19, x=  6 | tasks=[9]
  I26 | inactive_singleton | S= 19, C= 20, x=  1 | tasks=[26]
  I29 | inactive_singleton | S= 19, C= 20, x=  1 | tasks=[29]
  I12 | inactive_singleton | S= 19, C= 23, x=  7 | tasks=[12]
   A3 | active             | S= 23, C= 35, x= 51 | tasks=[15, 16, 17, 22, 24]
  I21 | inactive_singleton | S= 35, C= 38, x=  4 | tasks=[21]
  I32 | inactive_singleton | S= 41, C= 41, x=  0 | tasks=[32]

Solution JSON saved to: /home/23037696r/Documents/research/or_benchmark/wp/results/inactive_0.5/j30/j300305_3.json
Finish time     : 2026-08-16T00:44:24+08:00
