Slurm job ID    : 2720
Array task ID   : 5
Host            : 23037696r-i7809a0b3cd
Start time      : 2026-08-16T00:36:58+08:00
Instance        : /home/23037696r/Documents/research/or_benchmark/wp/instances/inactive_0.5/j30/j300105_5.sm
Output JSON     : /home/23037696r/Documents/research/or_benchmark/wp/results/inactive_0.5/j30/j300105_5.json
Gurobi log      : /home/23037696r/Documents/research/or_benchmark/wp/results/inactive_0.5/j30/logs/gurobi/j300105_5.log
Allocated CPUs  : 2
Running with command-line arguments
-----------------------------------
Instance file: /home/23037696r/Documents/research/or_benchmark/wp/instances/inactive_0.5/j30/j300105_5.sm
Instance summary
----------------
Tasks:          32
Active tasks:   15
Inactive tasks: 17
Arcs:           55
Total duration: 144
Total work:     209
Active work:    84
Delta (singleton critical-path makespan): 19
Chosen deadline: 21
Feasible by singleton schedule: yes
Deadline rule: automatic: d = ceil(1.1 * Delta) = 21
Set parameter Username
Set parameter LicenseID to value 2851961
Academic license - for non-commercial use only - expires 2027-08-07
Set parameter MIPGap to value 1e-06
Set parameter TimeLimit to value 13800
Set parameter Threads to value 2
Set parameter LogFile to value "/home/23037696r/Documents/research/or_benchmark/wp/results/inactive_0.5/j30/logs/gurobi/j300105_5.log"
Set parameter NumericFocus to value 1
Gurobi Optimizer version 13.0.2 build v13.0.2rc1 (linux64 - "Ubuntu 22.04.3 LTS")

CPU model: Intel Xeon Processor (Cascadelake), instruction set [SSE2|AVX|AVX2|AVX512]
Thread count: 46 physical cores, 46 logical processors, using up to 2 threads

Non-default parameters:
TimeLimit  13800
MIPGap  1e-06
NumericFocus  1
Threads  2

Optimize a model with 6944 rows, 3684 columns and 23984 nonzeros (Min)
Model fingerprint: 0x7519cddd
Model has 1905 linear objective coefficients and an objective constant of 1.4258565848603243e+03
Variable types: 330 continuous, 3354 integer (3211 binary)
Coefficient statistics:
  Matrix range     [1e+00, 8e+01]
  Objective range  [1e-02, 4e+02]
  Bounds range     [1e+00, 8e+01]
  RHS range        [1e+00, 8e+01]

Presolve removed 5636 rows and 2087 columns
Presolve time: 0.31s
Presolved: 1308 rows, 1597 columns, 10474 nonzeros
Variable types: 0 continuous, 1597 integer (1267 binary)
Found heuristic solution: objective 2628.0547837

Root relaxation: objective 1.956442e+03, 403 iterations, 0.02 seconds (0.01 work units)

    Nodes    |    Current Node    |     Objective Bounds      |     Work
 Expl Unexpl |  Obj  Depth IntInf | Incumbent    BestBd   Gap | It/Node Time

     0     0 1956.44157    0   57 2628.05478 1956.44157  25.6%     -    0s
H    0     0                    2627.6057949 1956.44157  25.5%     -    0s
     0     0 1962.64404    0   73 2627.60579 1962.64404  25.3%     -    0s
H    0     0                    2078.8592180 1962.65108  5.59%     -    0s
H    0     0                    2029.5992531 1962.65108  3.30%     -    0s
     0     0 1962.65108    0   73 2029.59925 1962.65108  3.30%     -    0s
     0     0 1963.68951    0   79 2029.59925 1963.68951  3.25%     -    0s
     0     0 1963.68951    0   64 2029.59925 1963.68951  3.25%     -    1s
H    0     0                    2028.4076039 1963.68951  3.19%     -    1s
H    0     0                    2028.2334985 1963.68951  3.18%     -    1s
     0     0 1963.68951    0   67 2028.23350 1963.68951  3.18%     -    1s
H    0     0                    2026.1966622 1963.68951  3.08%     -    1s
H    0     0                    2025.8479721 1963.68951  3.07%     -    1s
H    0     0                    2025.6738667 1963.68951  3.06%     -    1s
     0     0 1963.68951    0   75 2025.67387 1963.68951  3.06%     -    1s
     0     0 1963.68951    0   76 2025.67387 1963.68951  3.06%     -    1s
     0     0 1963.68960    0   77 2025.67387 1963.68960  3.06%     -    1s
     0     0 1964.10167    0   89 2025.67387 1964.10167  3.04%     -    1s
     0     0 1964.10435    0   86 2025.67387 1964.10435  3.04%     -    1s
     0     0 1964.10435    0   86 2025.67387 1964.10435  3.04%     -    1s
     0     0 1964.39123    0   93 2025.67387 1964.39123  3.03%     -    1s
     0     0 1964.40011    0   92 2025.67387 1964.40011  3.02%     -    1s
     0     0 1964.40165    0   97 2025.67387 1964.40165  3.02%     -    1s
     0     0 1964.41656    0  100 2025.67387 1964.41656  3.02%     -    1s
     0     0 1964.41750    0   97 2025.67387 1964.41750  3.02%     -    1s
     0     0 1964.41786    0   99 2025.67387 1964.41786  3.02%     -    2s
     0     0 1964.42414    0  100 2025.67387 1964.42414  3.02%     -    2s
     0     0 1964.43110    0  100 2025.67387 1964.43110  3.02%     -    2s
     0     0 1964.43110    0  100 2025.67387 1964.43110  3.02%     -    2s
     0     0 1964.43110    0  100 2025.67387 1964.43110  3.02%     -    2s
H    0     0                    2025.3773555 1964.44207  3.01%     -    2s
H    0     0                    1971.6222317 1964.44207  0.36%     -    2s
     0     0 1964.57510    0   37 1971.62223 1964.57510  0.36%     -    2s
     0     0 1964.66937    0   35 1971.62223 1964.66937  0.35%     -    2s
     0     0 1971.54313    0    4 1971.62223 1971.54313  0.00%     -    2s
     0     0 1971.54358    0    4 1971.62223 1971.54358  0.00%     -    2s
     0     0 1971.54362    0    4 1971.62223 1971.54362  0.00%     -    2s
     0     0 1971.54446    0    4 1971.62223 1971.54446  0.00%     -    2s
     0     0 1971.54461    0    4 1971.62223 1971.54461  0.00%     -    2s
     0     0 1971.54574    0    4 1971.62223 1971.54574  0.00%     -    2s
     0     0 1971.54616    0    2 1971.62223 1971.54616  0.00%     -    2s
     0     0 1971.54741    0    4 1971.62223 1971.54741  0.00%     -    2s
     0     0 1971.54828    0    2 1971.62223 1971.54828  0.00%     -    2s
H    0     0                    1971.6130688 1971.55127  0.00%     -    2s
H    0     0                    1971.5954587 1971.55127  0.00%     -    2s
H    0     0                    1971.5915457 1971.55127  0.00%     -    2s
     0     0 1971.55127    0    4 1971.59155 1971.55127  0.00%     -    2s
     0     0 1971.55127    0    2 1971.59155 1971.55127  0.00%     -    2s
     0     0 1971.55396    0    2 1971.59155 1971.55396  0.00%     -    2s
     0     0 1971.55761    0    2 1971.59155 1971.55761  0.00%     -    2s
     0     0 1971.58648    0    3 1971.59155 1971.58648  0.00%     -    2s
H    0     1                    1971.5881623 1971.58648  0.00%     -    2s

Cutting planes:
  Learned: 10
  Gomory: 1
  Cover: 3
  Implied bound: 11
  Clique: 11
  MIR: 3
  GUB cover: 5
  RLT: 10
  Relax-and-lift: 2
  BQP: 2

Explored 1 nodes (1718 simplex iterations) in 2.57 seconds (0.44 work units)
Thread count was 2 (of 46 available processors)

Solution count 10: 1971.59 1971.59 1971.6 ... 2025.85

Optimal solution found (tolerance 1.00e-06)
Best objective 1.971588162266e+03, best bound 1.971588162266e+03, gap 0.0000%

Solve summary
-------------
Status code:       2
Objective:         1971.5881622657896
Objective bound:   1971.5881622657896
MIP gap:           0.0
Has cycle:         False
Is acyclic:        True
Packages selected: 2 active packages

Packages
--------
   I1 | inactive_singleton | S=  0, C=  0, x=  0 | tasks=[1]
  I24 | inactive_singleton | S=  0, C=  1, x=  1 | tasks=[24]
   I4 | inactive_singleton | S=  0, C=  2, x=  3 | tasks=[4]
  I21 | inactive_singleton | S=  0, C=  4, x=  7 | tasks=[21]
  I31 | inactive_singleton | S=  0, C=  4, x=  8 | tasks=[31]
  I28 | inactive_singleton | S=  0, C=  5, x=  9 | tasks=[28]
  I30 | inactive_singleton | S=  0, C=  6, x=  7 | tasks=[30]
  I22 | inactive_singleton | S=  0, C=  7, x= 10 | tasks=[22]
  I25 | inactive_singleton | S=  0, C=  7, x= 12 | tasks=[25]
  I29 | inactive_singleton | S=  0, C=  9, x= 10 | tasks=[29]
   A1 | active             | S=  0, C= 12, x= 32 | tasks=[2, 7, 19, 27]
   A2 | active             | S=  2, C= 10, x= 52 | tasks=[3, 5, 6, 8, 9, 10, 12, 15, 16, 23, 26]
  I11 | inactive_singleton | S= 10, C= 16, x= 12 | tasks=[11]
  I14 | inactive_singleton | S= 10, C= 19, x= 10 | tasks=[14]
  I13 | inactive_singleton | S= 12, C= 13, x=  1 | tasks=[13]
  I20 | inactive_singleton | S= 12, C= 16, x=  7 | tasks=[20]
  I17 | inactive_singleton | S= 12, C= 19, x= 14 | tasks=[17]
  I18 | inactive_singleton | S= 12, C= 21, x= 14 | tasks=[18]
  I32 | inactive_singleton | S= 21, C= 21, x=  0 | tasks=[32]

Solution JSON saved to: /home/23037696r/Documents/research/or_benchmark/wp/results/inactive_0.5/j30/j300105_5.json
Finish time     : 2026-08-16T00:37:03+08:00
