Slurm job ID    : 2725
Array task ID   : 10
Host            : 23037696r-i7809a0b3cd
Start time      : 2026-08-16T00:37:44+08:00
Instance        : /home/23037696r/Documents/research/or_benchmark/wp/instances/inactive_0.5/j30/j300205_1.sm
Output JSON     : /home/23037696r/Documents/research/or_benchmark/wp/results/inactive_0.5/j30/j300205_1.json
Gurobi log      : /home/23037696r/Documents/research/or_benchmark/wp/results/inactive_0.5/j30/logs/gurobi/j300205_1.log
Allocated CPUs  : 2
Running with command-line arguments
-----------------------------------
Instance file: /home/23037696r/Documents/research/or_benchmark/wp/instances/inactive_0.5/j30/j300205_1.sm
Instance summary
----------------
Tasks:          32
Active tasks:   15
Inactive tasks: 17
Arcs:           70
Total duration: 144
Total work:     212
Active work:    99
Delta (singleton critical-path makespan): 29
Chosen deadline: 32
Feasible by singleton schedule: yes
Deadline rule: automatic: d = ceil(1.1 * Delta) = 32
Set parameter Username
Set parameter LicenseID to value 2851961
Academic license - for non-commercial use only - expires 2027-08-07
Set parameter MIPGap to value 1e-06
Set parameter TimeLimit to value 13800
Set parameter Threads to value 2
Set parameter LogFile to value "/home/23037696r/Documents/research/or_benchmark/wp/results/inactive_0.5/j30/logs/gurobi/j300205_1.log"
Set parameter NumericFocus to value 1
Gurobi Optimizer version 13.0.2 build v13.0.2rc1 (linux64 - "Ubuntu 22.04.3 LTS")

CPU model: Intel Xeon Processor (Cascadelake), instruction set [SSE2|AVX|AVX2|AVX512]
Thread count: 46 physical cores, 46 logical processors, using up to 2 threads

Non-default parameters:
TimeLimit  13800
MIPGap  1e-06
NumericFocus  1
Threads  2

Optimize a model with 8459 rows, 4426 columns and 29173 nonzeros (Min)
Model fingerprint: 0xf8187cd6
Model has 2460 linear objective coefficients and an objective constant of 1.3646296636114869e+03
Variable types: 495 continuous, 3931 integer (3788 binary)
Coefficient statistics:
  Matrix range     [1e+00, 1e+02]
  Objective range  [1e-02, 5e+02]
  Bounds range     [1e+00, 1e+02]
  RHS range        [1e+00, 1e+02]

Presolve removed 6580 rows and 2393 columns
Presolve time: 0.70s
Presolved: 1879 rows, 2033 columns, 15827 nonzeros
Variable types: 0 continuous, 2033 integer (1554 binary)
Found heuristic solution: objective 2657.1048327

Root relaxation: objective 2.025069e+03, 792 iterations, 0.04 seconds (0.03 work units)

    Nodes    |    Current Node    |     Objective Bounds      |     Work
 Expl Unexpl |  Obj  Depth IntInf | Incumbent    BestBd   Gap | It/Node Time

     0     0 2025.06932    0   78 2657.10483 2025.06932  23.8%     -    0s
H    0     0                    2113.2170246 2025.06932  4.17%     -    1s
     0     0 2029.35216    0   80 2113.21702 2029.35216  3.97%     -    1s
     0     0 2029.35216    0   79 2113.21702 2029.35216  3.97%     -    1s
H    0     0                    2112.5718007 2029.35216  3.94%     -    1s
H    0     0                    2111.6785254 2029.35216  3.90%     -    1s
     0     0 2029.35216    0   73 2111.67853 2029.35216  3.90%     -    1s
H    0     0                    2111.1822614 2029.35216  3.88%     -    1s
     0     0 2029.46580    0   86 2111.18226 2029.46580  3.87%     -    1s
     0     0 2029.52637    0   88 2111.18226 2029.52637  3.87%     -    1s
     0     0 2029.54460    0   87 2111.18226 2029.54460  3.87%     -    1s
     0     0 2029.54460    0   87 2111.18226 2029.54460  3.87%     -    1s
     0     0 2035.42647    0  139 2111.18226 2035.42647  3.59%     -    1s
H    0     0                    2108.4787418 2035.45568  3.46%     -    1s
H    0     0                    2108.3914494 2035.45568  3.46%     -    1s
     0     0 2036.63368    0  182 2108.39145 2036.63368  3.40%     -    1s
     0     0 2036.64193    0  189 2108.39145 2036.64193  3.40%     -    1s
     0     0 2036.64193    0  190 2108.39145 2036.64193  3.40%     -    1s
     0     0 2037.94928    0  147 2108.39145 2037.94928  3.34%     -    2s
     0     0 2039.37986    0  203 2108.39145 2039.37986  3.27%     -    2s
     0     0 2039.38006    0  145 2108.39145 2039.38006  3.27%     -    2s
     0     0 2039.38601    0  205 2108.39145 2039.38601  3.27%     -    2s
     0     0 2039.38621    0  208 2108.39145 2039.38621  3.27%     -    2s
     0     0 2039.46601    0  217 2108.39145 2039.46601  3.27%     -    2s
     0     0 2039.48846    0  218 2108.39145 2039.48846  3.27%     -    2s
     0     0 2039.48859    0  219 2108.39145 2039.48859  3.27%     -    2s
     0     0 2039.54499    0  152 2108.39145 2039.54499  3.27%     -    2s
H    0     0                    2107.8082663 2039.70263  3.23%     -    2s
     0     0 2039.70263    0  157 2107.80827 2039.70263  3.23%     -    2s
     0     0 2039.70263    0  156 2107.80827 2039.70263  3.23%     -    2s
H    0     0                    2054.4418466 2039.80790  0.71%     -    3s
H    0     0                    2054.1103651 2039.80790  0.70%     -    3s
     0     0 2040.39092    0  111 2054.11037 2040.39092  0.67%     -    3s
     0     0 2040.67263    0  107 2054.11037 2040.67263  0.65%     -    3s
     0     0 2040.68001    0  106 2054.11037 2040.68001  0.65%     -    3s
     0     0 2041.19440    0   97 2054.11037 2041.19440  0.63%     -    3s
     0     0 2041.19440    0   45 2054.11037 2041.19440  0.63%     -    3s
     0     0 2048.26744    0   55 2054.11037 2048.26744  0.28%     -    3s
     0     0 2049.73392    0   63 2054.11037 2049.73392  0.21%     -    3s
     0     0 2049.82670    0   62 2054.11037 2049.82670  0.21%     -    3s
     0     0 2049.82671    0   62 2054.11037 2049.82671  0.21%     -    3s
     0     0 2051.16086    0   80 2054.11037 2051.16086  0.14%     -    3s
     0     0 2051.16087    0   80 2054.11037 2051.16087  0.14%     -    3s
     0     0 2051.16201    0   81 2054.11037 2051.16201  0.14%     -    3s
     0     0 2051.16433    0   82 2054.11037 2051.16433  0.14%     -    3s
     0     0 2051.44555    0   82 2054.11037 2051.44555  0.13%     -    3s
     0     0 2051.47108    0   87 2054.11037 2051.47108  0.13%     -    3s
     0     0 2051.47722    0   85 2054.11037 2051.47722  0.13%     -    3s
     0     0 2052.09207    0   95 2054.11037 2052.09207  0.10%     -    3s
     0     0 2052.22137    0   97 2054.11037 2052.22137  0.09%     -    3s
     0     0 2052.22179    0   97 2054.11037 2052.22179  0.09%     -    3s
     0     0 2052.22582    0   97 2054.11037 2052.22582  0.09%     -    3s
     0     0 2052.23264    0   99 2054.11037 2052.23264  0.09%     -    3s
     0     0 2052.36463    0   95 2054.11037 2052.36463  0.08%     -    3s
     0     0 2052.37317    0   99 2054.11037 2052.37317  0.08%     -    3s
     0     0 2052.40245    0   98 2054.11037 2052.40245  0.08%     -    3s
     0     0 2052.41770    0   76 2054.11037 2052.41770  0.08%     -    3s
     0     0 2052.41770    0   76 2054.11037 2052.41770  0.08%     -    3s
     0     0 2052.46521    0   25 2054.11037 2052.46521  0.08%     -    3s
     0     0 2053.39646    0   26 2054.11037 2053.39646  0.03%     -    3s
     0     0 2053.86216    0   49 2054.11037 2053.86216  0.01%     -    3s
     0     0 2053.91235    0   27 2054.11037 2053.91235  0.01%     -    3s
     0     0 2053.91264    0   29 2054.11037 2053.91264  0.01%     -    3s
     0     0 2053.91318    0   27 2054.11037 2053.91318  0.01%     -    3s
     0     0     cutoff    0      2054.11037 2054.11037  0.00%     -    3s

Cutting planes:
  Learned: 3
  Cover: 2
  Implied bound: 3
  Clique: 1
  MIR: 8
  Knapsack: 1
  StrongCG: 2
  GUB cover: 4
  Zero half: 2
  RLT: 4
  Relax-and-lift: 6

Explored 1 nodes (3851 simplex iterations) in 3.74 seconds (0.60 work units)
Thread count was 2 (of 46 available processors)

Solution count 10: 2054.11 2054.11 2054.11 ... 2111.18

Optimal solution found (tolerance 1.00e-06)
Best objective 2.054110365135e+03, best bound 2.054110365135e+03, gap 0.0000%

Solve summary
-------------
Status code:       2
Objective:         2054.1103651350413
Objective bound:   2054.1103651350413
MIP gap:           0.0
Has cycle:         False
Is acyclic:        True
Packages selected: 3 active packages

Packages
--------
   I1 | inactive_singleton | S=  0, C=  0, x=  0 | tasks=[1]
  I31 | inactive_singleton | S=  0, C=  1, x=  2 | tasks=[31]
  I10 | inactive_singleton | S=  0, C=  2, x=  4 | tasks=[10]
  I30 | inactive_singleton | S=  0, C=  2, x=  2 | tasks=[30]
   I9 | inactive_singleton | S=  0, C=  3, x=  3 | tasks=[9]
   A1 | active             | S=  0, C=  4, x= 21 | tasks=[2, 5, 16, 17, 29]
  I12 | inactive_singleton | S=  0, C=  6, x=  8 | tasks=[12]
   I6 | inactive_singleton | S=  0, C=  7, x=  7 | tasks=[6]
   I4 | inactive_singleton | S=  0, C= 10, x= 18 | tasks=[4]
  I26 | inactive_singleton | S=  4, C=  6, x=  3 | tasks=[26]
  I25 | inactive_singleton | S=  4, C=  7, x=  3 | tasks=[25]
  I27 | inactive_singleton | S=  4, C=  7, x=  5 | tasks=[27]
   I3 | inactive_singleton | S=  4, C=  9, x=  7 | tasks=[3]
  I24 | inactive_singleton | S=  7, C= 15, x= 14 | tasks=[24]
   A2 | active             | S= 10, C= 19, x= 32 | tasks=[7, 8, 11, 14, 23, 28]
  I15 | inactive_singleton | S= 10, C= 19, x=  9 | tasks=[15]
  I22 | inactive_singleton | S= 19, C= 25, x= 10 | tasks=[22]
   A3 | active             | S= 19, C= 29, x= 46 | tasks=[13, 18, 19, 20]
  I21 | inactive_singleton | S= 19, C= 29, x= 18 | tasks=[21]
  I32 | inactive_singleton | S= 29, C= 29, x=  0 | tasks=[32]

Solution JSON saved to: /home/23037696r/Documents/research/or_benchmark/wp/results/inactive_0.5/j30/j300205_1.json
Finish time     : 2026-08-16T00:37:51+08:00
