Slurm job ID    : 2742
Array task ID   : 27
Host            : 23037696r-i7809a0b3cd
Start time      : 2026-08-16T00:45:28+08:00
Instance        : /home/23037696r/Documents/research/or_benchmark/wp/instances/inactive_0.5/j30/j300305_7.sm
Output JSON     : /home/23037696r/Documents/research/or_benchmark/wp/results/inactive_0.5/j30/j300305_7.json
Gurobi log      : /home/23037696r/Documents/research/or_benchmark/wp/results/inactive_0.5/j30/logs/gurobi/j300305_7.log
Allocated CPUs  : 2
Running with command-line arguments
-----------------------------------
Instance file: /home/23037696r/Documents/research/or_benchmark/wp/instances/inactive_0.5/j30/j300305_7.sm
Instance summary
----------------
Tasks:          32
Active tasks:   15
Inactive tasks: 17
Arcs:           54
Total duration: 189
Total work:     290
Active work:    142
Delta (singleton critical-path makespan): 43
Chosen deadline: 48
Feasible by singleton schedule: yes
Deadline rule: automatic: d = ceil(1.1 * Delta) = 48
Set parameter Username
Set parameter LicenseID to value 2851961
Academic license - for non-commercial use only - expires 2027-08-07
Set parameter MIPGap to value 1e-06
Set parameter TimeLimit to value 13800
Set parameter Threads to value 2
Set parameter LogFile to value "/home/23037696r/Documents/research/or_benchmark/wp/results/inactive_0.5/j30/logs/gurobi/j300305_7.log"
Set parameter NumericFocus to value 1
Gurobi Optimizer version 13.0.2 build v13.0.2rc1 (linux64 - "Ubuntu 22.04.3 LTS")

CPU model: Intel Xeon Processor (Cascadelake), instruction set [SSE2|AVX|AVX2|AVX512]
Thread count: 46 physical cores, 46 logical processors, using up to 2 threads

Non-default parameters:
TimeLimit  13800
MIPGap  1e-06
NumericFocus  1
Threads  2

Optimize a model with 7349 rows, 5823 columns and 27826 nonzeros (Min)
Model fingerprint: 0x785738c5
Model has 3585 linear objective coefficients and an objective constant of 1.5398128522576972e+03
Variable types: 735 continuous, 5088 integer (4945 binary)
Coefficient statistics:
  Matrix range     [1e+00, 1e+02]
  Objective range  [1e-02, 7e+02]
  Bounds range     [1e+00, 1e+02]
  RHS range        [1e+00, 1e+02]

Presolve removed 6127 rows and 3143 columns
Presolve time: 0.72s
Presolved: 1222 rows, 2680 columns, 12230 nonzeros
Variable types: 0 continuous, 2680 integer (2068 binary)
Found heuristic solution: objective 3049.3205297

Root relaxation: objective 2.418462e+03, 414 iterations, 0.05 seconds (0.01 work units)

    Nodes    |    Current Node    |     Objective Bounds      |     Work
 Expl Unexpl |  Obj  Depth IntInf | Incumbent    BestBd   Gap | It/Node Time

     0     0 2418.46164    0   61 3049.32053 2418.46164  20.7%     -    0s
     0     0 2421.40560    0   66 3049.32053 2421.40560  20.6%     -    1s
H    0     0                    2478.3855099 2421.40560  2.30%     -    1s
H    0     0                    2477.5923671 2421.40560  2.27%     -    1s
     0     0 2424.57280    0   69 2477.59237 2424.57280  2.14%     -    1s
     0     0 2424.57280    0   62 2477.59237 2424.57280  2.14%     -    1s
     0     0 2424.59314    0   62 2477.59237 2424.59314  2.14%     -    1s
H    0     0                    2473.1082072 2424.59325  1.96%     -    1s
H    0     0                    2466.1896322 2424.59325  1.69%     -    1s
H    0     0                    2465.3919251 2424.59325  1.65%     -    1s
     0     0 2424.59325    0   63 2465.39193 2424.59325  1.65%     -    1s
     0     0 2425.98683    0   65 2465.39193 2425.98683  1.60%     -    1s
     0     0 2425.98683    0   54 2465.39193 2425.98683  1.60%     -    1s
     0     0 2429.70172    0   62 2465.39193 2429.70172  1.45%     -    2s
H    0     0                    2457.6083143 2429.79563  1.13%     -    2s
H    0     0                    2453.0494553 2429.79563  0.95%     -    2s
     0     0 2431.81871    0   73 2453.04946 2431.81871  0.87%     -    2s
     0     0 2432.01466    0   62 2453.04946 2432.01466  0.86%     -    2s
     0     0 2432.04269    0   62 2453.04946 2432.04269  0.86%     -    2s
     0     0 2433.62980    0   70 2453.04946 2433.62980  0.79%     -    2s
     0     0 2433.63875    0   71 2453.04946 2433.63875  0.79%     -    2s
     0     0 2434.84748    0   95 2453.04946 2434.84748  0.74%     -    2s
     0     0 2434.87002    0   92 2453.04946 2434.87002  0.74%     -    2s
     0     0 2434.87038    0   89 2453.04946 2434.87038  0.74%     -    2s
     0     0 2435.44288    0   99 2453.04946 2435.44288  0.72%     -    2s
     0     0 2435.58134    0   99 2453.04946 2435.58134  0.71%     -    2s
     0     0 2435.66675    0   98 2453.04946 2435.66675  0.71%     -    2s
     0     0 2435.69708    0  106 2453.04946 2435.69708  0.71%     -    2s
     0     0 2435.69708    0  106 2453.04946 2435.69708  0.71%     -    2s
     0     0 2436.06505    0   99 2453.04946 2436.06505  0.69%     -    2s
     0     0 2436.07710    0   98 2453.04946 2436.07710  0.69%     -    2s
     0     0 2436.07795    0  103 2453.04946 2436.07795  0.69%     -    2s
     0     0 2436.15508    0   90 2453.04946 2436.15508  0.69%     -    2s
     0     0 2436.15526    0   90 2453.04946 2436.15526  0.69%     -    2s
     0     0 2436.15526    0   90 2453.04946 2436.15526  0.69%     -    2s
H    0     0                    2453.0470220 2436.16141  0.69%     -    2s
H    0     0                    2452.5884792 2436.16141  0.67%     -    2s
H    0     2                    2452.4889904 2436.16147  0.67%     -    2s
     0     2 2436.16147    0   83 2452.48899 2436.16147  0.67%     -    2s
*   73    15               2    2451.6266947 2437.25472  0.59%  24.2    2s

Cutting planes:
  Learned: 1
  Gomory: 2
  Cover: 33
  Implied bound: 22
  Clique: 12
  MIR: 31
  StrongCG: 2
  Flow cover: 1
  GUB cover: 24
  Zero half: 5
  RLT: 3
  Relax-and-lift: 19

Explored 134 nodes (4980 simplex iterations) in 2.91 seconds (0.48 work units)
Thread count was 2 (of 46 available processors)

Solution count 10: 2451.63 2452.49 2452.59 ... 2466.19

Optimal solution found (tolerance 1.00e-06)
Best objective 2.451626694669e+03, best bound 2.451626694669e+03, gap 0.0000%

Solve summary
-------------
Status code:       2
Objective:         2451.626694668914
Objective bound:   2451.626694668914
MIP gap:           0.0
Has cycle:         False
Is acyclic:        True
Packages selected: 3 active packages

Packages
--------
   I1 | inactive_singleton | S=  0, C=  0, x=  0 | tasks=[1]
   I7 | inactive_singleton | S=  0, C=  2, x=  2 | tasks=[7]
   A1 | active             | S=  0, C=  8, x= 94 | tasks=[2, 11, 21, 22, 23, 27, 28, 29, 30]
  I19 | inactive_singleton | S=  0, C=  8, x=  9 | tasks=[19]
  I20 | inactive_singleton | S=  0, C=  8, x= 16 | tasks=[20]
  I24 | inactive_singleton | S=  0, C=  8, x=  9 | tasks=[24]
  I26 | inactive_singleton | S=  0, C= 10, x= 17 | tasks=[26]
  I31 | inactive_singleton | S=  0, C= 10, x= 20 | tasks=[31]
   I3 | inactive_singleton | S=  8, C= 13, x=  7 | tasks=[3]
  I18 | inactive_singleton | S=  8, C= 18, x= 11 | tasks=[18]
  I14 | inactive_singleton | S= 13, C= 14, x=  2 | tasks=[14]
  I15 | inactive_singleton | S= 13, C= 18, x=  7 | tasks=[15]
  I16 | inactive_singleton | S= 13, C= 21, x=  8 | tasks=[16]
   A2 | active             | S= 13, C= 23, x= 39 | tasks=[4, 17, 25]
   I5 | inactive_singleton | S= 23, C= 28, x= 10 | tasks=[5]
   I6 | inactive_singleton | S= 28, C= 30, x=  4 | tasks=[6]
  I13 | inactive_singleton | S= 30, C= 38, x=  8 | tasks=[13]
   I8 | inactive_singleton | S= 30, C= 39, x= 18 | tasks=[8]
   A3 | active             | S= 39, C= 46, x=  9 | tasks=[9, 10, 12]
  I32 | inactive_singleton | S= 47, C= 47, x=  0 | tasks=[32]

Solution JSON saved to: /home/23037696r/Documents/research/or_benchmark/wp/results/inactive_0.5/j30/j300305_7.json
Finish time     : 2026-08-16T00:45:35+08:00
