Slurm job ID    : 2764
Array task ID   : 49
Host            : 23037696r-i7809a0b3cd
Start time      : 2026-08-16T00:58:43+08:00
Instance        : /home/23037696r/Documents/research/or_benchmark/wp/instances/inactive_0.5/j30/j300505_9.sm
Output JSON     : /home/23037696r/Documents/research/or_benchmark/wp/results/inactive_0.5/j30/j300505_9.json
Gurobi log      : /home/23037696r/Documents/research/or_benchmark/wp/results/inactive_0.5/j30/logs/gurobi/j300505_9.log
Allocated CPUs  : 2
Running with command-line arguments
-----------------------------------
Instance file: /home/23037696r/Documents/research/or_benchmark/wp/instances/inactive_0.5/j30/j300505_9.sm
Instance summary
----------------
Tasks:          32
Active tasks:   15
Inactive tasks: 17
Arcs:           56
Total duration: 145
Total work:     228
Active work:    135
Delta (singleton critical-path makespan): 88
Chosen deadline: 97
Feasible by singleton schedule: yes
Deadline rule: automatic: d = ceil(1.1 * Delta) = 97
Set parameter Username
Set parameter LicenseID to value 2851961
Academic license - for non-commercial use only - expires 2027-08-07
Set parameter MIPGap to value 1e-06
Set parameter TimeLimit to value 13800
Set parameter Threads to value 2
Set parameter LogFile to value "/home/23037696r/Documents/research/or_benchmark/wp/results/inactive_0.5/j30/logs/gurobi/j300505_9.log"
Set parameter NumericFocus to value 1
Gurobi Optimizer version 13.0.2 build v13.0.2rc1 (linux64 - "Ubuntu 22.04.3 LTS")

CPU model: Intel Xeon Processor (Cascadelake), instruction set [SSE2|AVX|AVX2|AVX512]
Thread count: 46 physical cores, 46 logical processors, using up to 2 threads

Non-default parameters:
TimeLimit  13800
MIPGap  1e-06
NumericFocus  1
Threads  2

Optimize a model with 11258 rows, 8021 columns and 40993 nonzeros (Min)
Model fingerprint: 0x74f35562
Model has 4950 linear objective coefficients and an objective constant of 1.2620726494996145e+03
Variable types: 1470 continuous, 6551 integer (6408 binary)
Coefficient statistics:
  Matrix range     [1e+00, 1e+02]
  Objective range  [1e-02, 7e+02]
  Bounds range     [1e+00, 1e+02]
  RHS range        [1e+00, 1e+02]

Presolve removed 9149 rows and 5958 columns
Presolve time: 1.76s
Presolved: 2109 rows, 2063 columns, 16190 nonzeros
Variable types: 0 continuous, 2063 integer (1355 binary)
Found heuristic solution: objective 2881.3905387

Root relaxation: objective 2.303936e+03, 1107 iterations, 0.08 seconds (0.05 work units)

    Nodes    |    Current Node    |     Objective Bounds      |     Work
 Expl Unexpl |  Obj  Depth IntInf | Incumbent    BestBd   Gap | It/Node Time

     0     0 2303.93649    0  137 2881.39054 2303.93649  20.0%     -    2s
     0     0 2304.84162    0  188 2881.39054 2304.84162  20.0%     -    2s
H    0     0                    2881.2186605 2304.84162  20.0%     -    2s
     0     0 2314.54667    0  250 2881.21866 2314.54667  19.7%     -    2s
H    0     0                    2880.7233044 2314.56597  19.7%     -    2s
     0     0 2315.57902    0  263 2880.72330 2315.57902  19.6%     -    2s
     0     0 2315.63805    0  266 2880.72330 2315.63805  19.6%     -    3s
     0     0 2315.77579    0  257 2880.72330 2315.77579  19.6%     -    3s
     0     0 2315.77579    0  257 2880.72330 2315.77579  19.6%     -    3s
     0     0 2329.22448    0  217 2880.72330 2329.22448  19.1%     -    3s
     0     0 2329.22528    0  217 2880.72330 2329.22528  19.1%     -    3s
     0     0 2330.31059    0  194 2880.72330 2330.31059  19.1%     -    4s
     0     0 2330.31990    0  194 2880.72330 2330.31990  19.1%     -    4s
     0     0 2330.32102    0  194 2880.72330 2330.32102  19.1%     -    4s
     0     0 2330.32223    0  194 2880.72330 2330.32223  19.1%     -    4s
     0     0 2330.32352    0  194 2880.72330 2330.32352  19.1%     -    4s
     0     0 2330.34498    0  217 2880.72330 2330.34498  19.1%     -    4s
     0     0 2330.35907    0  211 2880.72330 2330.35907  19.1%     -    4s
     0     0 2330.36672    0  213 2880.72330 2330.36672  19.1%     -    4s
     0     0 2330.36672    0  214 2880.72330 2330.36672  19.1%     -    5s
     0     0 2343.43408    0  239 2880.72330 2343.43408  18.7%     -    5s
     0     0 2343.43693    0  240 2880.72330 2343.43693  18.7%     -    5s
     0     0 2343.44142    0  240 2880.72330 2343.44142  18.7%     -    5s
H    0     0                    2449.0310023 2343.50884  4.31%     -    6s
     0     0 2343.50884    0  230 2449.03100 2343.50884  4.31%     -    6s
     0     0 2343.50884    0  229 2449.03100 2343.50884  4.31%     -    6s
     0     0 2360.42400    0  230 2449.03100 2360.42400  3.62%     -    6s
H    0     0                    2446.0550815 2360.42824  3.50%     -    7s
     0     0 2361.09384    0  228 2446.05508 2361.09384  3.47%     -    7s
     0     0 2361.09608    0  226 2446.05508 2361.09608  3.47%     -    7s
     0     0 2361.09782    0  226 2446.05508 2361.09782  3.47%     -    7s
     0     0 2361.09883    0  226 2446.05508 2361.09883  3.47%     -    7s
     0     0 2361.34537    0  214 2446.05508 2361.34537  3.46%     -    8s
     0     0 2361.38039    0  234 2446.05508 2361.38039  3.46%     -    8s
     0     0 2361.38533    0  237 2446.05508 2361.38533  3.46%     -    8s
     0     0 2362.40060    0  227 2446.05508 2362.40060  3.42%     -    8s
H    0     0                    2446.0304260 2362.41353  3.42%     -    9s
     0     0 2362.65942    0  249 2446.03043 2362.65942  3.41%     -    9s
     0     0 2362.67350    0  250 2446.03043 2362.67350  3.41%     -    9s
     0     0 2363.11517    0  258 2446.03043 2363.11517  3.39%     -    9s
     0     0 2363.29587    0  249 2446.03043 2363.29587  3.38%     -   10s
     0     0 2363.34024    0  262 2446.03043 2363.34024  3.38%     -   10s
     0     0 2363.35111    0  268 2446.03043 2363.35111  3.38%     -   10s
     0     0 2365.69401    0  245 2446.03043 2365.69401  3.28%     -   10s
     0     0 2365.86717    0  222 2446.03043 2365.86717  3.28%     -   11s
     0     0 2365.91145    0  239 2446.03043 2365.91145  3.28%     -   11s
     0     0 2365.97518    0  239 2446.03043 2365.97518  3.27%     -   11s
     0     0 2365.99746    0  250 2446.03043 2365.99746  3.27%     -   11s
     0     0 2367.03028    0  297 2446.03043 2367.03028  3.23%     -   11s
     0     0 2367.03761    0  294 2446.03043 2367.03761  3.23%     -   12s
     0     0 2367.40927    0  243 2446.03043 2367.40927  3.21%     -   12s
     0     0 2367.48669    0  258 2446.03043 2367.48669  3.21%     -   12s
     0     0 2367.49212    0  263 2446.03043 2367.49212  3.21%     -   12s
     0     0 2367.85330    0  240 2446.03043 2367.85330  3.20%     -   13s
     0     0 2367.90062    0  241 2446.03043 2367.90062  3.19%     -   13s
     0     0 2367.90150    0  239 2446.03043 2367.90150  3.19%     -   13s
     0     0 2368.16424    0  317 2446.03043 2368.16424  3.18%     -   14s
     0     0 2368.18338    0  316 2446.03043 2368.18338  3.18%     -   14s
     0     0 2368.18338    0  316 2446.03043 2368.18338  3.18%     -   14s
     0     0 2368.18338    0  316 2446.03043 2368.18338  3.18%     -   14s
H    0     0                    2395.3437740 2368.18384  1.13%     -   14s
H    0     0                    2395.0738484 2368.27458  1.12%     -   14s
     0     0 2368.27458    0  183 2395.07385 2368.27458  1.12%     -   15s
     0     0 2368.27458    0  183 2395.07385 2368.27458  1.12%     -   15s
     0     0 2368.27458    0  183 2395.07385 2368.27458  1.12%     -   15s
     0     0 2368.27458    0  183 2395.07385 2368.27458  1.12%     -   15s
     0     0 2368.27458    0  183 2395.07385 2368.27458  1.12%     -   15s
     0     0 2368.27458    0  183 2395.07385 2368.27458  1.12%     -   15s
     0     0 2368.27458    0  183 2395.07385 2368.27458  1.12%     -   15s
     0     0 2368.27458    0  183 2395.07385 2368.27458  1.12%     -   15s
     0     0 2368.27458    0  183 2395.07385 2368.27458  1.12%     -   15s
     0     0 2368.27458    0  183 2395.07385 2368.27458  1.12%     -   15s
     0     0 2368.27458    0  183 2395.07385 2368.27458  1.12%     -   15s
     0     0 2368.27458    0  200 2395.07385 2368.27458  1.12%     -   15s
     0     0 2368.27458    0  199 2395.07385 2368.27458  1.12%     -   16s
     0     0 2368.27458    0  197 2395.07385 2368.27458  1.12%     -   16s
     0     0 2368.27458    0   14 2395.07385 2368.27458  1.12%     -   16s
     0     0 2368.27458    0  200 2395.07385 2368.27458  1.12%     -   16s
     0     0 2368.27458    0  202 2395.07385 2368.27458  1.12%     -   16s
     0     0 2368.27458    0  202 2395.07385 2368.27458  1.12%     -   16s
     0     0 2368.27458    0  202 2395.07385 2368.27458  1.12%     -   16s
     0     0 2368.27458    0  202 2395.07385 2368.27458  1.12%     -   16s
     0     0 2368.27458    0  202 2395.07385 2368.27458  1.12%     -   16s
     0     0 2368.27458    0  202 2395.07385 2368.27458  1.12%     -   16s
     0     0 2368.27458    0  202 2395.07385 2368.27458  1.12%     -   16s
     0     0 2368.27458    0  203 2395.07385 2368.27458  1.12%     -   16s
     0     0 2368.27458    0  197 2395.07385 2368.27458  1.12%     -   16s
     0     0 2368.27458    0  253 2395.07385 2368.27458  1.12%     -   16s
     0     0 2368.27458    0  210 2395.07385 2368.27458  1.12%     -   16s
     0     0 2368.27458    0  209 2395.07385 2368.27458  1.12%     -   16s
     0     0 2368.27458    0  208 2395.07385 2368.27458  1.12%     -   16s
     0     0 2368.27458    0  269 2395.07385 2368.27458  1.12%     -   16s
     0     0 2368.27458    0  278 2395.07385 2368.27458  1.12%     -   16s
     0     0 2368.27458    0  276 2395.07385 2368.27458  1.12%     -   16s
     0     0 2368.27458    0  277 2395.07385 2368.27458  1.12%     -   16s
     0     0 2368.27458    0  277 2395.07385 2368.27458  1.12%     -   16s
     0     0 2368.27458    0  276 2395.07385 2368.27458  1.12%     -   16s
     0     0 2368.27458    0  276 2395.07385 2368.27458  1.12%     -   16s
     0     0 2368.27458    0  284 2395.07385 2368.27458  1.12%     -   16s
     0     0 2368.27458    0  284 2395.07385 2368.27458  1.12%     -   17s
     0     0 2368.27458    0  284 2395.07385 2368.27458  1.12%     -   17s
     0     0 2368.27458    0  285 2395.07385 2368.27458  1.12%     -   17s
     0     0 2368.27458    0  217 2395.07385 2368.27458  1.12%     -   17s
     0     0 2368.27458    0  217 2395.07385 2368.27458  1.12%     -   17s
     0     0 2368.27458    0  217 2395.07385 2368.27458  1.12%     -   17s
     0     0 2368.27458    0  217 2395.07385 2368.27458  1.12%     -   17s
     0     0 2368.27458    0  217 2395.07385 2368.27458  1.12%     -   17s
     0     0 2368.27458    0  217 2395.07385 2368.27458  1.12%     -   17s
     0     0 2368.27458    0  223 2395.07385 2368.27458  1.12%     -   17s
     0     0 2368.27458    0  243 2395.07385 2368.27458  1.12%     -   17s
     0     0 2368.27458    0  225 2395.07385 2368.27458  1.12%     -   17s
     0     0 2368.27458    0  237 2395.07385 2368.27458  1.12%     -   17s
     0     0 2368.27458    0  247 2395.07385 2368.27458  1.12%     -   17s
     0     0 2368.27458    0  255 2395.07385 2368.27458  1.12%     -   17s
     0     0 2368.27458    0  255 2395.07385 2368.27458  1.12%     -   17s
     0     0 2368.27458    0  255 2395.07385 2368.27458  1.12%     -   17s
     0     0 2368.27458    0  253 2395.07385 2368.27458  1.12%     -   17s
     0     0 2368.27458    0  252 2395.07385 2368.27458  1.12%     -   18s
     0     0 2368.61297    0  253 2395.07385 2368.61297  1.10%     -   18s
     0     0 2368.63822    0  244 2395.07385 2368.63822  1.10%     -   18s
     0     0 2369.29038    0  292 2395.07385 2369.29038  1.08%     -   18s
     0     0 2369.29182    0  292 2395.07385 2369.29182  1.08%     -   18s
     0     0 2369.29501    0  243 2395.07385 2369.29501  1.08%     -   18s
     0     0 2369.48790    0  247 2395.07385 2369.48790  1.07%     -   19s
     0     0 2369.61413    0  252 2395.07385 2369.61413  1.06%     -   19s
     0     0 2369.77502    0  256 2395.07385 2369.77502  1.06%     -   19s
     0     0 2369.78512    0  260 2395.07385 2369.78512  1.06%     -   19s
     0     0 2370.91900    0  260 2395.07385 2370.91900  1.01%     -   19s
     0     0 2370.94795    0  253 2395.07385 2370.94795  1.01%     -   19s
     0     0 2371.04102    0  248 2395.07385 2371.04102  1.00%     -   19s
     0     0 2371.09213    0  252 2395.07385 2371.09213  1.00%     -   20s
     0     0 2371.10994    0  252 2395.07385 2371.10994  1.00%     -   20s
     0     0 2371.14387    0  267 2395.07385 2371.14387  1.00%     -   20s
     0     0 2372.25299    0  287 2395.07385 2372.25299  0.95%     -   20s
     0     0 2372.25299    0  286 2395.07385 2372.25299  0.95%     -   20s
     0     0 2372.36714    0  299 2395.07385 2372.36714  0.95%     -   20s
     0     0 2372.36716    0  299 2395.07385 2372.36716  0.95%     -   20s
     0     0 2372.36718    0  299 2395.07385 2372.36718  0.95%     -   20s
     0     0 2372.36720    0  299 2395.07385 2372.36720  0.95%     -   20s
     0     0 2372.36723    0  299 2395.07385 2372.36723  0.95%     -   20s
     0     0 2372.36725    0  299 2395.07385 2372.36725  0.95%     -   20s
     0     0 2372.36728    0  299 2395.07385 2372.36728  0.95%     -   20s
     0     0 2372.36732    0  299 2395.07385 2372.36732  0.95%     -   20s
     0     0 2372.36735    0  299 2395.07385 2372.36735  0.95%     -   20s
     0     0 2372.36739    0  299 2395.07385 2372.36739  0.95%     -   21s
     0     0 2372.36743    0  299 2395.07385 2372.36743  0.95%     -   21s
     0     0 2372.42390    0  301 2395.07385 2372.42390  0.95%     -   21s
     0     0 2372.42592    0  302 2395.07385 2372.42592  0.95%     -   21s
     0     0 2372.42914    0  305 2395.07385 2372.42914  0.95%     -   21s
     0     0 2372.71756    0  311 2395.07385 2372.71756  0.93%     -   21s
     0     0 2372.71756    0  311 2395.07385 2372.71756  0.93%     -   21s
     0     0 2372.71756    0  311 2395.07385 2372.71756  0.93%     -   21s
     0     0 2372.71756    0  311 2395.07385 2372.71756  0.93%     -   21s
     0     0 2372.71756    0  311 2395.07385 2372.71756  0.93%     -   21s
     0     0 2372.71756    0  311 2395.07385 2372.71756  0.93%     -   21s
     0     0 2372.71756    0  311 2395.07385 2372.71756  0.93%     -   21s
     0     0 2372.71756    0  311 2395.07385 2372.71756  0.93%     -   21s
     0     0 2372.71756    0  311 2395.07385 2372.71756  0.93%     -   21s
     0     0 2372.71756    0  311 2395.07385 2372.71756  0.93%     -   21s
     0     0 2372.71756    0  311 2395.07385 2372.71756  0.93%     -   21s
     0     0 2372.72614    0  313 2395.07385 2372.72614  0.93%     -   21s
     0     0 2372.72614    0  312 2395.07385 2372.72614  0.93%     -   21s
     0     0 2372.91622    0  320 2395.07385 2372.91622  0.93%     -   22s
     0     0 2372.91622    0  320 2395.07385 2372.91622  0.93%     -   22s
     0     0 2372.91622    0  320 2395.07385 2372.91622  0.93%     -   22s
     0     0 2372.91622    0  320 2395.07385 2372.91622  0.93%     -   22s
     0     0 2372.91622    0  320 2395.07385 2372.91622  0.93%     -   22s
     0     0 2372.91622    0  320 2395.07385 2372.91622  0.93%     -   22s
     0     0 2372.91622    0  320 2395.07385 2372.91622  0.93%     -   22s
     0     0 2372.91622    0  320 2395.07385 2372.91622  0.93%     -   22s
     0     0 2372.91622    0  320 2395.07385 2372.91622  0.93%     -   22s
     0     0 2372.91622    0  320 2395.07385 2372.91622  0.93%     -   22s
     0     0 2372.91622    0  320 2395.07385 2372.91622  0.93%     -   22s
     0     0 2374.38067    0  284 2395.07385 2374.38067  0.86%     -   22s
     0     0 2374.38067    0  132 2395.07385 2374.38067  0.86%     -   23s
     0     0 2374.38067    0   74 2395.07385 2374.38067  0.86%     -   23s

Cutting planes:
  Learned: 8
  Cover: 18
  Implied bound: 74
  Clique: 41
  MIR: 21
  StrongCG: 6
  GUB cover: 11
  Zero half: 2
  RLT: 27
  Relax-and-lift: 26
  BQP: 35
  PSD: 5

Explored 1 nodes (13062 simplex iterations) in 23.53 seconds (2.89 work units)
Thread count was 2 (of 46 available processors)

Solution count 10: 2395.07 2395.07 2395.07 ... 2449.03

Optimal solution found (tolerance 1.00e-06)
Best objective 2.395073848439e+03, best bound 2.395073848439e+03, gap 0.0000%

Solve summary
-------------
Status code:       2
Objective:         2395.0738484391195
Objective bound:   2395.0738484391195
MIP gap:           0.0
Has cycle:         False
Is acyclic:        True
Packages selected: 6 active packages

Packages
--------
   I1 | inactive_singleton | S=  0, C=  0, x=  0 | tasks=[1]
   A1 | active             | S=  0, C= 23, x= 52 | tasks=[2, 3, 5, 6, 7]
   I4 | inactive_singleton | S= 23, C= 24, x=  2 | tasks=[4]
   I9 | inactive_singleton | S= 24, C= 28, x=  6 | tasks=[9]
   I8 | inactive_singleton | S= 24, C= 31, x= 10 | tasks=[8]
  I14 | inactive_singleton | S= 28, C= 32, x=  7 | tasks=[14]
  I10 | inactive_singleton | S= 31, C= 32, x=  1 | tasks=[10]
  I11 | inactive_singleton | S= 31, C= 32, x=  2 | tasks=[11]
   A2 | active             | S= 32, C= 44, x= 21 | tasks=[12, 13]
  I15 | inactive_singleton | S= 44, C= 46, x=  2 | tasks=[15]
  I17 | inactive_singleton | S= 44, C= 54, x= 19 | tasks=[17]
   A3 | active             | S= 46, C= 52, x=  8 | tasks=[16]
  I18 | inactive_singleton | S= 54, C= 56, x=  4 | tasks=[18]
  I25 | inactive_singleton | S= 54, C= 56, x=  2 | tasks=[25]
  I19 | inactive_singleton | S= 56, C= 64, x=  9 | tasks=[19]
  I20 | inactive_singleton | S= 64, C= 66, x=  2 | tasks=[20]
   A4 | active             | S= 66, C= 74, x= 22 | tasks=[22, 24]
  I21 | inactive_singleton | S= 66, C= 75, x= 16 | tasks=[21]
  I23 | inactive_singleton | S= 75, C= 78, x=  6 | tasks=[23]
   A5 | active             | S= 78, C= 91, x= 31 | tasks=[26, 28, 29, 30]
  I27 | inactive_singleton | S= 91, C= 96, x=  5 | tasks=[27]
   A6 | active             | S= 96, C= 97, x=  1 | tasks=[31]
  I32 | inactive_singleton | S= 97, C= 97, x=  0 | tasks=[32]

Solution JSON saved to: /home/23037696r/Documents/research/or_benchmark/wp/results/inactive_0.5/j30/j300505_9.json
Finish time     : 2026-08-16T00:59:10+08:00
