Slurm job ID    : 2809
Array task ID   : 94
Host            : 23037696r-i7809a0b3cd
Start time      : 2026-08-16T01:18:52+08:00
Instance        : /home/23037696r/Documents/research/or_benchmark/wp/instances/inactive_0.5/j30/j301005_4.sm
Output JSON     : /home/23037696r/Documents/research/or_benchmark/wp/results/inactive_0.5/j30/j301005_4.json
Gurobi log      : /home/23037696r/Documents/research/or_benchmark/wp/results/inactive_0.5/j30/logs/gurobi/j301005_4.log
Allocated CPUs  : 2
Running with command-line arguments
-----------------------------------
Instance file: /home/23037696r/Documents/research/or_benchmark/wp/instances/inactive_0.5/j30/j301005_4.sm
Instance summary
----------------
Tasks:          32
Active tasks:   15
Inactive tasks: 17
Arcs:           31
Total duration: 178
Total work:     256
Active work:    147
Delta (singleton critical-path makespan): 178
Chosen deadline: 196
Feasible by singleton schedule: yes
Deadline rule: automatic: d = ceil(1.1 * Delta) = 196
Set parameter Username
Set parameter LicenseID to value 2851961
Academic license - for non-commercial use only - expires 2027-08-07
Set parameter MIPGap to value 1e-06
Set parameter TimeLimit to value 13800
Set parameter Threads to value 2
Set parameter LogFile to value "/home/23037696r/Documents/research/or_benchmark/wp/results/inactive_0.5/j30/logs/gurobi/j301005_4.log"
Set parameter NumericFocus to value 1
Gurobi Optimizer version 13.0.2 build v13.0.2rc1 (linux64 - "Ubuntu 22.04.3 LTS")

CPU model: Intel Xeon Processor (Cascadelake), instruction set [SSE2|AVX|AVX2|AVX512]
Thread count: 46 physical cores, 46 logical processors, using up to 2 threads

Non-default parameters:
TimeLimit  13800
MIPGap  1e-06
NumericFocus  1
Threads  2

Optimize a model with 14464 rows, 12854 columns and 54545 nonzeros (Min)
Model fingerprint: 0x0cdfa88a
Model has 8100 linear objective coefficients and an objective constant of 1.3465777327810204e+03
Variable types: 2955 continuous, 9899 integer (9756 binary)
Coefficient statistics:
  Matrix range     [1e+00, 2e+02]
  Objective range  [1e-02, 7e+02]
  Bounds range     [1e+00, 2e+02]
  RHS range        [1e+00, 2e+02]

Presolve removed 13333 rows and 11040 columns
Presolve time: 1.82s
Presolved: 1131 rows, 1814 columns, 13703 nonzeros
Variable types: 0 continuous, 1814 integer (1159 binary)
Found heuristic solution: objective 3170.4149326

Root relaxation: objective 2.698007e+03, 601 iterations, 0.04 seconds (0.02 work units)

    Nodes    |    Current Node    |     Objective Bounds      |     Work
 Expl Unexpl |  Obj  Depth IntInf | Incumbent    BestBd   Gap | It/Node Time

     0     0 2698.00692    0  178 3170.41493 2698.00692  14.9%     -    2s
     0     0 2698.26275    0  195 3170.41493 2698.26275  14.9%     -    2s
H    0     0                    2853.0384508 2698.26275  5.42%     -    2s
     0     0 2721.15745    0  238 2853.03845 2721.15745  4.62%     -    2s
     0     0 2721.15745    0  237 2853.03845 2721.15745  4.62%     -    2s
     0     0 2722.38954    0  239 2853.03845 2722.38954  4.58%     -    2s
     0     0 2722.57880    0  237 2853.03845 2722.57880  4.57%     -    2s
     0     0 2722.61483    0  233 2853.03845 2722.61483  4.57%     -    2s
     0     0 2722.62378    0  234 2853.03845 2722.62378  4.57%     -    2s
     0     0 2731.03678    0  224 2853.03845 2731.03678  4.28%     -    3s
     0     0 2731.71222    0  206 2853.03845 2731.71222  4.25%     -    3s
     0     0 2731.75314    0  214 2853.03845 2731.75314  4.25%     -    3s
     0     0 2731.78245    0  214 2853.03845 2731.78245  4.25%     -    3s
     0     0 2731.80461    0  213 2853.03845 2731.80461  4.25%     -    3s
     0     0 2731.82356    0  213 2853.03845 2731.82356  4.25%     -    3s
     0     0 2731.82854    0  219 2853.03845 2731.82854  4.25%     -    3s
     0     0 2736.14511    0  250 2853.03845 2736.14511  4.10%     -    4s
     0     0 2736.14565    0  249 2853.03845 2736.14565  4.10%     -    4s
     0     0 2736.69256    0  252 2853.03845 2736.69256  4.08%     -    4s
     0     0 2736.69256    0  254 2853.03845 2736.69256  4.08%     -    4s
     0     0 2736.69256    0  254 2853.03845 2736.69256  4.08%     -    4s
     0     0 2739.90020    0  226 2853.03845 2739.90020  3.97%     -    5s
     0     0 2739.97376    0  227 2853.03845 2739.97376  3.96%     -    5s
     0     0 2740.03554    0  229 2853.03845 2740.03554  3.96%     -    5s
     0     0 2740.03558    0  229 2853.03845 2740.03558  3.96%     -    5s
     0     0 2740.03580    0  229 2853.03845 2740.03580  3.96%     -    5s
     0     0 2740.72240    0  241 2853.03845 2740.72240  3.94%     -    5s
     0     0 2740.76123    0  248 2853.03845 2740.76123  3.94%     -    5s
     0     0 2740.76369    0  249 2853.03845 2740.76369  3.94%     -    5s
     0     0 2742.70080    0  258 2853.03845 2742.70080  3.87%     -    6s
     0     0 2743.01252    0  262 2853.03845 2743.01252  3.86%     -    6s
     0     0 2743.04419    0  256 2853.03845 2743.04419  3.86%     -    6s
     0     0 2743.04423    0  256 2853.03845 2743.04423  3.86%     -    6s
     0     0 2743.06347    0  258 2853.03845 2743.06347  3.85%     -    6s
     0     0 2743.53583    0  276 2853.03845 2743.53583  3.84%     -    7s
     0     0 2743.68770    0  278 2853.03845 2743.68770  3.83%     -    7s
     0     0 2743.92074    0  280 2853.03845 2743.92074  3.82%     -    7s
     0     0 2743.92074    0  286 2853.03845 2743.92074  3.82%     -    7s
     0     0 2744.48059    0  293 2853.03845 2744.48059  3.80%     -    7s
     0     0 2744.48698    0  301 2853.03845 2744.48698  3.80%     -    8s
     0     0 2744.81161    0  290 2853.03845 2744.81161  3.79%     -    8s
     0     0 2746.05048    0  266 2853.03845 2746.05048  3.75%     -    8s
     0     0 2746.05048    0  266 2853.03845 2746.05048  3.75%     -    8s
     0     0 2746.05048    0  256 2853.03845 2746.05048  3.75%     -    8s
     0     2 2746.37001    0  256 2853.03845 2746.37001  3.74%     -    9s
    14    23 2780.49626    6  182 2853.03845 2755.20886  3.43%  40.9   10s

Cutting planes:
  Learned: 1
  Gomory: 1
  Cover: 45
  Implied bound: 220
  Clique: 14
  MIR: 101
  StrongCG: 30
  Flow cover: 2
  GUB cover: 49
  Zero half: 1
  RLT: 5
  Relax-and-lift: 85

Explored 403 nodes (8902 simplex iterations) in 13.22 seconds (1.85 work units)
Thread count was 2 (of 46 available processors)

Solution count 2: 2853.04 3170.41 

Optimal solution found (tolerance 1.00e-06)
Best objective 2.853038450754e+03, best bound 2.853038450754e+03, gap 0.0000%

Solve summary
-------------
Status code:       2
Objective:         2853.038450754147
Objective bound:   2853.038450754147
MIP gap:           0.0
Has cycle:         False
Is acyclic:        True
Packages selected: 9 active packages

Packages
--------
   I1 | inactive_singleton | S=  0, C=  0, x=  0 | tasks=[1]
   A1 | active             | S=  0, C=  9, x= 14 | tasks=[2]
   I3 | inactive_singleton | S=  9, C= 10, x=  1 | tasks=[3]
   A2 | active             | S= 10, C= 25, x= 24 | tasks=[4, 5]
   I6 | inactive_singleton | S= 25, C= 33, x=  9 | tasks=[6]
   A3 | active             | S= 33, C= 35, x=  4 | tasks=[7]
   I8 | inactive_singleton | S= 35, C= 37, x=  3 | tasks=[8]
   I9 | inactive_singleton | S= 37, C= 43, x= 12 | tasks=[9]
   A4 | active             | S= 43, C= 45, x=  4 | tasks=[10]
  I11 | inactive_singleton | S= 45, C= 55, x= 12 | tasks=[11]
  I12 | inactive_singleton | S= 55, C= 62, x=  8 | tasks=[12]
   A5 | active             | S= 62, C= 66, x=  6 | tasks=[13]
  I14 | inactive_singleton | S= 66, C= 69, x=  5 | tasks=[14]
   A6 | active             | S= 69, C= 83, x= 21 | tasks=[15, 16]
  I17 | inactive_singleton | S= 83, C= 88, x=  8 | tasks=[17]
  I18 | inactive_singleton | S= 88, C= 91, x=  6 | tasks=[18]
  I19 | inactive_singleton | S= 91, C= 92, x=  2 | tasks=[19]
   A7 | active             | S= 92, C= 93, x=  1 | tasks=[20]
  I21 | inactive_singleton | S= 93, C=103, x= 11 | tasks=[21]
   A8 | active             | S=103, C=111, x=  9 | tasks=[22]
  I23 | inactive_singleton | S=111, C=118, x=  7 | tasks=[23]
  I24 | inactive_singleton | S=118, C=126, x= 11 | tasks=[24]
   A9 | active             | S=126, C=168, x= 64 | tasks=[25, 26, 27, 28, 29]
  I30 | inactive_singleton | S=168, C=175, x= 11 | tasks=[30]
  I31 | inactive_singleton | S=175, C=178, x=  3 | tasks=[31]
  I32 | inactive_singleton | S=178, C=178, x=  0 | tasks=[32]

Solution JSON saved to: /home/23037696r/Documents/research/or_benchmark/wp/results/inactive_0.5/j30/j301005_4.json
Finish time     : 2026-08-16T01:19:09+08:00
