Slurm job ID    : 2657
Array task ID   : 41
Host            : 23037696r-i7809a0b3cd
Start time      : 2026-08-16T00:29:29+08:00
Instance        : /home/23037696r/Documents/research/or_benchmark/wp/instances/inactive_0.5/j20/j200505_10.sm
Output JSON     : /home/23037696r/Documents/research/or_benchmark/wp/results/inactive_0.5/j20/j200505_10.json
Gurobi log      : /home/23037696r/Documents/research/or_benchmark/wp/results/inactive_0.5/j20/logs/gurobi/j200505_10.log
Allocated CPUs  : 2
Running with command-line arguments
-----------------------------------
Instance file: /home/23037696r/Documents/research/or_benchmark/wp/instances/inactive_0.5/j20/j200505_10.sm
Instance summary
----------------
Tasks:          22
Active tasks:   10
Inactive tasks: 12
Arcs:           37
Total duration: 92
Total work:     135
Active work:    47
Delta (singleton critical-path makespan): 49
Chosen deadline: 54
Feasible by singleton schedule: yes
Deadline rule: automatic: d = ceil(1.1 * Delta) = 54
Set parameter Username
Set parameter LicenseID to value 2851961
Academic license - for non-commercial use only - expires 2027-08-07
Set parameter MIPGap to value 1e-06
Set parameter TimeLimit to value 13800
Set parameter Threads to value 2
Set parameter LogFile to value "/home/23037696r/Documents/research/or_benchmark/wp/results/inactive_0.5/j20/logs/gurobi/j200505_10.log"
Set parameter NumericFocus to value 1
Gurobi Optimizer version 13.0.2 build v13.0.2rc1 (linux64 - "Ubuntu 22.04.3 LTS")

CPU model: Intel Xeon Processor (Cascadelake), instruction set [SSE2|AVX|AVX2|AVX512]
Thread count: 46 physical cores, 46 logical processors, using up to 2 threads

Non-default parameters:
TimeLimit  13800
MIPGap  1e-06
NumericFocus  1
Threads  2

Optimize a model with 4445 rows, 2910 columns and 15124 nonzeros (Min)
Model fingerprint: 0xe2bec153
Model has 1560 linear objective coefficients and an objective constant of 9.7460068553169867e+02
Variable types: 550 continuous, 2360 integer (2262 binary)
Coefficient statistics:
  Matrix range     [1e+00, 6e+01]
  Objective range  [1e-02, 2e+02]
  Bounds range     [1e+00, 5e+01]
  RHS range        [1e+00, 6e+01]

Presolve removed 3798 rows and 2265 columns
Presolve time: 0.19s
Presolved: 647 rows, 645 columns, 4784 nonzeros
Variable types: 0 continuous, 645 integer (406 binary)
Found heuristic solution: objective 1676.8510337

Root relaxation: objective 1.510306e+03, 374 iterations, 0.01 seconds (0.01 work units)

    Nodes    |    Current Node    |     Objective Bounds      |     Work
 Expl Unexpl |  Obj  Depth IntInf | Incumbent    BestBd   Gap | It/Node Time

     0     0 1510.30612    0  121 1676.85103 1510.30612  9.93%     -    0s
H    0     0                    1520.9119260 1510.30612  0.70%     -    0s
H    0     0                    1520.6148368 1510.30612  0.68%     -    0s
     0     0 1516.41288    0   41 1520.61484 1516.41288  0.28%     -    0s
     0     0 1516.41295    0   39 1520.61484 1516.41295  0.28%     -    0s
     0     0 1516.41302    0   40 1520.61484 1516.41302  0.28%     -    0s
     0     0 1516.41309    0   37 1520.61484 1516.41309  0.28%     -    0s
     0     0 1516.41314    0   38 1520.61484 1516.41314  0.28%     -    0s
     0     0 1516.41319    0   38 1520.61484 1516.41319  0.28%     -    0s
     0     0 1516.63708    0   37 1520.61484 1516.63708  0.26%     -    0s
     0     0 1516.63712    0   37 1520.61484 1516.63712  0.26%     -    0s
     0     0 1516.63716    0   37 1520.61484 1516.63716  0.26%     -    0s
     0     0 1516.63721    0   37 1520.61484 1516.63721  0.26%     -    0s
     0     0 1516.70266    0   36 1520.61484 1516.70266  0.26%     -    0s
     0     0 1518.48511    0   32 1520.61484 1518.48511  0.14%     -    0s
     0     0 1518.61512    0   33 1520.61484 1518.61512  0.13%     -    0s
     0     0 1518.61953    0   42 1520.61484 1518.61953  0.13%     -    0s
     0     0 1519.58282    0   41 1520.61484 1519.58282  0.07%     -    0s
     0     0 1519.58282    0   21 1520.61484 1519.58282  0.07%     -    0s
H    0     0                    1520.0595511 1519.58282  0.03%     -    0s
     0     0 1519.90506    0   19 1520.05955 1519.90506  0.01%     -    0s

Cutting planes:
  Learned: 3
  Cover: 2
  Implied bound: 3
  MIR: 1
  Relax-and-lift: 1

Explored 1 nodes (659 simplex iterations) in 0.60 seconds (0.14 work units)
Thread count was 2 (of 46 available processors)

Solution count 6: 1520.06 1520.61 1520.61 ... 1676.85

Optimal solution found (tolerance 1.00e-06)
Best objective 1.520059551050e+03, best bound 1.520059551050e+03, gap 0.0000%

Solve summary
-------------
Status code:       2
Objective:         1520.0595510501516
Objective bound:   1520.0595510501516
MIP gap:           0.0
Has cycle:         False
Is acyclic:        True
Packages selected: 5 active packages

Packages
--------
   I1 | inactive_singleton | S=  0, C=  0, x=  0 | tasks=[1]
   A1 | active             | S=  0, C=  1, x=  2 | tasks=[3]
   I2 | inactive_singleton | S=  0, C=  7, x=  7 | tasks=[2]
   I6 | inactive_singleton | S=  1, C=  4, x=  5 | tasks=[6]
   I4 | inactive_singleton | S=  7, C= 11, x=  5 | tasks=[4]
  I10 | inactive_singleton | S=  7, C= 16, x= 17 | tasks=[10]
   A2 | active             | S= 11, C= 17, x= 13 | tasks=[5, 8, 9]
   I7 | inactive_singleton | S= 17, C= 20, x=  6 | tasks=[7]
  I12 | inactive_singleton | S= 17, C= 25, x= 14 | tasks=[12]
   A3 | active             | S= 20, C= 26, x= 12 | tasks=[11]
  I15 | inactive_singleton | S= 20, C= 26, x=  9 | tasks=[15]
   A4 | active             | S= 26, C= 31, x=  7 | tasks=[13, 14, 16]
  I19 | inactive_singleton | S= 31, C= 38, x= 12 | tasks=[19]
  I17 | inactive_singleton | S= 31, C= 40, x= 11 | tasks=[17]
   A5 | active             | S= 40, C= 50, x= 13 | tasks=[18, 20]
  I21 | inactive_singleton | S= 50, C= 51, x=  2 | tasks=[21]
  I22 | inactive_singleton | S= 51, C= 51, x=  0 | tasks=[22]

Solution JSON saved to: /home/23037696r/Documents/research/or_benchmark/wp/results/inactive_0.5/j20/j200505_10.json
Finish time     : 2026-08-16T00:29:32+08:00
