Slurm job ID    : 2624
Array task ID   : 8
Host            : 23037696r-i7809a0b3cd
Start time      : 2026-08-16T00:26:23+08:00
Instance        : /home/23037696r/Documents/research/or_benchmark/wp/instances/inactive_0.5/j20/j200105_8.sm
Output JSON     : /home/23037696r/Documents/research/or_benchmark/wp/results/inactive_0.5/j20/j200105_8.json
Gurobi log      : /home/23037696r/Documents/research/or_benchmark/wp/results/inactive_0.5/j20/logs/gurobi/j200105_8.log
Allocated CPUs  : 2
Running with command-line arguments
-----------------------------------
Instance file: /home/23037696r/Documents/research/or_benchmark/wp/instances/inactive_0.5/j20/j200105_8.sm
Instance summary
----------------
Tasks:          22
Active tasks:   10
Inactive tasks: 12
Arcs:           53
Total duration: 123
Total work:     168
Active work:    73
Delta (singleton critical-path makespan): 19
Chosen deadline: 21
Feasible by singleton schedule: yes
Deadline rule: automatic: d = ceil(1.1 * Delta) = 21
Set parameter Username
Set parameter LicenseID to value 2851961
Academic license - for non-commercial use only - expires 2027-08-07
Set parameter MIPGap to value 1e-06
Set parameter TimeLimit to value 13800
Set parameter Threads to value 2
Set parameter LogFile to value "/home/23037696r/Documents/research/or_benchmark/wp/results/inactive_0.5/j20/logs/gurobi/j200105_8.log"
Set parameter NumericFocus to value 1
Gurobi Optimizer version 13.0.2 build v13.0.2rc1 (linux64 - "Ubuntu 22.04.3 LTS")

CPU model: Intel Xeon Processor (Cascadelake), instruction set [SSE2|AVX|AVX2|AVX512]
Thread count: 46 physical cores, 46 logical processors, using up to 2 threads

Non-default parameters:
TimeLimit  13800
MIPGap  1e-06
NumericFocus  1
Threads  2

Optimize a model with 3630 rows, 2114 columns and 12313 nonzeros (Min)
Model fingerprint: 0x41aef4e7
Model has 1160 linear objective coefficients and an objective constant of 1.0115028166592061e+03
Variable types: 220 continuous, 1894 integer (1796 binary)
Coefficient statistics:
  Matrix range     [1e+00, 7e+01]
  Objective range  [1e-02, 4e+02]
  Bounds range     [1e+00, 7e+01]
  RHS range        [1e+00, 7e+01]

Presolve removed 2846 rows and 1409 columns
Presolve time: 0.10s
Presolved: 784 rows, 705 columns, 5302 nonzeros
Variable types: 0 continuous, 705 integer (508 binary)
Found heuristic solution: objective 1889.8445415

Root relaxation: objective 1.494170e+03, 348 iterations, 0.01 seconds (0.01 work units)

    Nodes    |    Current Node    |     Objective Bounds      |     Work
 Expl Unexpl |  Obj  Depth IntInf | Incumbent    BestBd   Gap | It/Node Time

     0     0 1494.16996    0   16 1889.84454 1494.16996  20.9%     -    0s
H    0     0                    1500.6461909 1494.16996  0.43%     -    0s
     0     0 1499.63542    0   31 1500.64619 1499.63542  0.07%     -    0s
*    0     0               0    1500.0987350 1500.09873  0.00%     -    0s

Explored 1 nodes (406 simplex iterations) in 0.23 seconds (0.07 work units)
Thread count was 2 (of 46 available processors)

Solution count 5: 1500.1 1500.65 1500.65 ... 1889.84

Optimal solution found (tolerance 1.00e-06)
Best objective 1.500098734994e+03, best bound 1.500098734994e+03, gap 0.0000%

Solve summary
-------------
Status code:       2
Objective:         1500.0987349940337
Objective bound:   1500.0987349940337
MIP gap:           0.0
Has cycle:         False
Is acyclic:        True
Packages selected: 2 active packages

Packages
--------
   I1 | inactive_singleton | S=  0, C=  0, x=  0 | tasks=[1]
   I3 | inactive_singleton | S=  0, C=  3, x=  5 | tasks=[3]
   I7 | inactive_singleton | S=  0, C=  4, x=  7 | tasks=[7]
  I21 | inactive_singleton | S=  0, C=  5, x= 10 | tasks=[21]
   I8 | inactive_singleton | S=  0, C=  6, x= 12 | tasks=[8]
   A1 | active             | S=  0, C=  9, x= 44 | tasks=[2, 4, 5, 6, 10, 17]
   I9 | inactive_singleton | S=  0, C= 10, x= 10 | tasks=[9]
   A2 | active             | S=  9, C= 16, x= 29 | tasks=[12, 15, 16, 18]
  I19 | inactive_singleton | S=  9, C= 17, x= 10 | tasks=[19]
  I14 | inactive_singleton | S=  9, C= 18, x= 12 | tasks=[14]
  I20 | inactive_singleton | S=  9, C= 18, x= 12 | tasks=[20]
  I11 | inactive_singleton | S=  9, C= 19, x= 11 | tasks=[11]
  I13 | inactive_singleton | S= 10, C= 16, x=  6 | tasks=[13]
  I22 | inactive_singleton | S= 19, C= 19, x=  0 | tasks=[22]

Solution JSON saved to: /home/23037696r/Documents/research/or_benchmark/wp/results/inactive_0.5/j20/j200105_8.json
Finish time     : 2026-08-16T00:26:25+08:00
