Slurm job ID    : 2678
Array task ID   : 62
Host            : 23037696r-i7809a0b3cd
Start time      : 2026-08-16T00:31:45+08:00
Instance        : /home/23037696r/Documents/research/or_benchmark/wp/instances/inactive_0.5/j20/j200705_2.sm
Output JSON     : /home/23037696r/Documents/research/or_benchmark/wp/results/inactive_0.5/j20/j200705_2.json
Gurobi log      : /home/23037696r/Documents/research/or_benchmark/wp/results/inactive_0.5/j20/logs/gurobi/j200705_2.log
Allocated CPUs  : 2
Running with command-line arguments
-----------------------------------
Instance file: /home/23037696r/Documents/research/or_benchmark/wp/instances/inactive_0.5/j20/j200705_2.sm
Instance summary
----------------
Tasks:          22
Active tasks:   10
Inactive tasks: 12
Arcs:           27
Total duration: 103
Total work:     161
Active work:    78
Delta (singleton critical-path makespan): 76
Chosen deadline: 84
Feasible by singleton schedule: yes
Deadline rule: automatic: d = ceil(1.1 * Delta) = 84
Set parameter Username
Set parameter LicenseID to value 2851961
Academic license - for non-commercial use only - expires 2027-08-07
Set parameter MIPGap to value 1e-06
Set parameter TimeLimit to value 13800
Set parameter Threads to value 2
Set parameter LogFile to value "/home/23037696r/Documents/research/or_benchmark/wp/results/inactive_0.5/j20/logs/gurobi/j200705_2.log"
Set parameter NumericFocus to value 1
Gurobi Optimizer version 13.0.2 build v13.0.2rc1 (linux64 - "Ubuntu 22.04.3 LTS")

CPU model: Intel Xeon Processor (Cascadelake), instruction set [SSE2|AVX|AVX2|AVX512]
Thread count: 46 physical cores, 46 logical processors, using up to 2 threads

Non-default parameters:
TimeLimit  13800
MIPGap  1e-06
NumericFocus  1
Threads  2

Optimize a model with 4977 rows, 4180 columns and 18156 nonzeros (Min)
Model fingerprint: 0x21ab6fe4
Model has 2470 linear objective coefficients and an objective constant of 9.4770049281395518e+02
Variable types: 850 continuous, 3330 integer (3232 binary)
Coefficient statistics:
  Matrix range     [1e+00, 9e+01]
  Objective range  [1e-02, 4e+02]
  Bounds range     [1e+00, 8e+01]
  RHS range        [1e+00, 9e+01]

Presolve removed 3988 rows and 2785 columns
Presolve time: 0.33s
Presolved: 989 rows, 1395 columns, 5832 nonzeros
Variable types: 0 continuous, 1395 integer (867 binary)
Found heuristic solution: objective 1908.7927677

Root relaxation: objective 1.593652e+03, 403 iterations, 0.02 seconds (0.01 work units)

    Nodes    |    Current Node    |     Objective Bounds      |     Work
 Expl Unexpl |  Obj  Depth IntInf | Incumbent    BestBd   Gap | It/Node Time

     0     0 1593.65240    0  118 1908.79277 1593.65240  16.5%     -    0s
H    0     0                    1908.6684378 1593.65240  16.5%     -    0s
     0     0 1599.66267    0  106 1908.66844 1599.66267  16.2%     -    0s
H    0     0                    1634.2016875 1599.66278  2.11%     -    0s
     0     0 1600.47313    0   84 1634.20169 1600.47313  2.06%     -    0s
     0     0 1600.48930    0   82 1634.20169 1600.48930  2.06%     -    0s
     0     0 1619.08233    0  101 1634.20169 1619.08233  0.93%     -    0s
     0     0 1619.08233    0   60 1634.20169 1619.08233  0.93%     -    0s
H    0     0                    1632.6517379 1619.08233  0.83%     -    0s
     0     0 1629.63980    0   21 1632.65174 1629.63980  0.18%     -    0s
H    0     0                    1631.0912418 1629.71492  0.08%     -    0s
H    0     0                    1630.7107211 1629.71492  0.06%     -    0s
     0     0 1630.71062    0    7 1630.71072 1630.71062  0.00%     -    0s

Cutting planes:
  Learned: 2
  Gomory: 1
  Cover: 8
  Implied bound: 30
  Clique: 2
  MIR: 3
  Flow cover: 1
  GUB cover: 6
  RLT: 4
  Relax-and-lift: 4

Explored 1 nodes (1123 simplex iterations) in 0.93 seconds (0.20 work units)
Thread count was 2 (of 46 available processors)

Solution count 7: 1630.71 1631.09 1632.65 ... 1908.79

Optimal solution found (tolerance 1.00e-06)
Best objective 1.630710721114e+03, best bound 1.630710618104e+03, gap 0.0000%

Solve summary
-------------
Status code:       2
Objective:         1630.7107211136995
Objective bound:   1630.7106181035938
MIP gap:           6.316884065965083e-08
Has cycle:         False
Is acyclic:        True
Packages selected: 4 active packages

Packages
--------
   I1 | inactive_singleton | S=  0, C=  0, x=  0 | tasks=[1]
   A1 | active             | S=  0, C=  7, x= 22 | tasks=[2, 6]
   I3 | inactive_singleton | S=  7, C= 14, x= 13 | tasks=[3]
   A2 | active             | S= 14, C= 25, x= 17 | tasks=[4, 5, 7, 12]
   I8 | inactive_singleton | S= 25, C= 34, x= 17 | tasks=[8]
   I9 | inactive_singleton | S= 34, C= 36, x=  4 | tasks=[9]
   A3 | active             | S= 36, C= 43, x= 21 | tasks=[10, 16]
  I19 | inactive_singleton | S= 43, C= 44, x=  2 | tasks=[19]
  I11 | inactive_singleton | S= 43, C= 51, x= 12 | tasks=[11]
  I13 | inactive_singleton | S= 51, C= 60, x= 11 | tasks=[13]
  I21 | inactive_singleton | S= 60, C= 64, x=  6 | tasks=[21]
  I18 | inactive_singleton | S= 60, C= 67, x= 13 | tasks=[18]
   A4 | active             | S= 60, C= 74, x= 18 | tasks=[14, 15]
  I17 | inactive_singleton | S= 74, C= 76, x=  3 | tasks=[17]
  I20 | inactive_singleton | S= 76, C= 78, x=  2 | tasks=[20]
  I22 | inactive_singleton | S= 80, C= 80, x=  0 | tasks=[22]

Solution JSON saved to: /home/23037696r/Documents/research/or_benchmark/wp/results/inactive_0.5/j20/j200705_2.json
Finish time     : 2026-08-16T00:31:49+08:00
