Slurm job ID    : 2714
Array task ID   : 98
Host            : 23037696r-i7809a0b3cd
Start time      : 2026-08-16T00:36:12+08:00
Instance        : /home/23037696r/Documents/research/or_benchmark/wp/instances/inactive_0.5/j20/j201005_8.sm
Output JSON     : /home/23037696r/Documents/research/or_benchmark/wp/results/inactive_0.5/j20/j201005_8.json
Gurobi log      : /home/23037696r/Documents/research/or_benchmark/wp/results/inactive_0.5/j20/logs/gurobi/j201005_8.log
Allocated CPUs  : 2
Running with command-line arguments
-----------------------------------
Instance file: /home/23037696r/Documents/research/or_benchmark/wp/instances/inactive_0.5/j20/j201005_8.sm
Instance summary
----------------
Tasks:          22
Active tasks:   10
Inactive tasks: 12
Arcs:           21
Total duration: 111
Total work:     168
Active work:    83
Delta (singleton critical-path makespan): 111
Chosen deadline: 123
Feasible by singleton schedule: yes
Deadline rule: automatic: d = ceil(1.1 * Delta) = 123
Set parameter Username
Set parameter LicenseID to value 2851961
Academic license - for non-commercial use only - expires 2027-08-07
Set parameter MIPGap to value 1e-06
Set parameter TimeLimit to value 13800
Set parameter Threads to value 2
Set parameter LogFile to value "/home/23037696r/Documents/research/or_benchmark/wp/results/inactive_0.5/j20/logs/gurobi/j201005_8.log"
Set parameter NumericFocus to value 1
Gurobi Optimizer version 13.0.2 build v13.0.2rc1 (linux64 - "Ubuntu 22.04.3 LTS")

CPU model: Intel Xeon Processor (Cascadelake), instruction set [SSE2|AVX|AVX2|AVX512]
Thread count: 46 physical cores, 46 logical processors, using up to 2 threads

Non-default parameters:
TimeLimit  13800
MIPGap  1e-06
NumericFocus  1
Threads  2

Optimize a model with 6117 rows, 5478 columns and 22646 nonzeros (Min)
Model fingerprint: 0xe5930098
Model has 3300 linear objective coefficients and an objective constant of 9.5963161981246287e+02
Variable types: 1240 continuous, 4238 integer (4140 binary)
Coefficient statistics:
  Matrix range     [1e+00, 1e+02]
  Objective range  [1e-02, 4e+02]
  Bounds range     [1e+00, 1e+02]
  RHS range        [1e+00, 1e+02]

Presolve removed 5668 rows and 4754 columns
Presolve time: 0.36s
Presolved: 449 rows, 724 columns, 6107 nonzeros
Variable types: 0 continuous, 724 integer (467 binary)
Found heuristic solution: objective 1983.6839865

Root relaxation: objective 1.777799e+03, 250 iterations, 0.01 seconds (0.00 work units)

    Nodes    |    Current Node    |     Objective Bounds      |     Work
 Expl Unexpl |  Obj  Depth IntInf | Incumbent    BestBd   Gap | It/Node Time

     0     0 1777.79866    0  123 1983.68399 1777.79866  10.4%     -    0s
H    0     0                    1816.8450360 1777.79866  2.15%     -    0s
     0     0 1794.59970    0  125 1816.84504 1794.59970  1.22%     -    0s
     0     0     cutoff    0      1816.84504 1816.84504  0.00%     -    0s

Explored 1 nodes (568 simplex iterations) in 0.73 seconds (0.21 work units)
Thread count was 2 (of 46 available processors)

Solution count 4: 1816.85 1816.85 1874.03 1983.68 

Optimal solution found (tolerance 1.00e-06)
Best objective 1.816845036020e+03, best bound 1.816845036020e+03, gap 0.0000%

Solve summary
-------------
Status code:       2
Objective:         1816.8450360200231
Objective bound:   1816.8450360200231
MIP gap:           0.0
Has cycle:         False
Is acyclic:        True
Packages selected: 6 active packages

Packages
--------
   I1 | inactive_singleton | S=  0, C=  0, x=  0 | tasks=[1]
   I2 | inactive_singleton | S=  0, C=  3, x=  4 | tasks=[2]
   A1 | active             | S=  3, C=  8, x=  8 | tasks=[3]
   I4 | inactive_singleton | S=  8, C= 10, x=  2 | tasks=[4]
   A2 | active             | S= 10, C= 12, x=  3 | tasks=[5]
   I6 | inactive_singleton | S= 12, C= 18, x= 12 | tasks=[6]
   A3 | active             | S= 18, C= 24, x=  9 | tasks=[7]
   I8 | inactive_singleton | S= 24, C= 33, x= 11 | tasks=[8]
   A4 | active             | S= 33, C= 47, x= 23 | tasks=[9, 10, 11]
  I12 | inactive_singleton | S= 47, C= 50, x=  4 | tasks=[12]
  I13 | inactive_singleton | S= 50, C= 56, x=  8 | tasks=[13]
   A5 | active             | S= 56, C= 72, x= 25 | tasks=[14, 15]
  I16 | inactive_singleton | S= 72, C= 78, x= 10 | tasks=[16]
  I17 | inactive_singleton | S= 78, C= 88, x= 15 | tasks=[17]
   A6 | active             | S= 88, C= 99, x= 15 | tasks=[18, 19]
  I20 | inactive_singleton | S= 99, C=108, x= 13 | tasks=[20]
  I21 | inactive_singleton | S=108, C=111, x=  6 | tasks=[21]
  I22 | inactive_singleton | S=122, C=122, x=  0 | tasks=[22]

Solution JSON saved to: /home/23037696r/Documents/research/or_benchmark/wp/results/inactive_0.5/j20/j201005_8.json
Finish time     : 2026-08-16T00:36:16+08:00
