Slurm job ID    : 2688
Array task ID   : 72
Host            : 23037696r-i7809a0b3cd
Start time      : 2026-08-16T00:32:50+08:00
Instance        : /home/23037696r/Documents/research/or_benchmark/wp/instances/inactive_0.5/j20/j200805_2.sm
Output JSON     : /home/23037696r/Documents/research/or_benchmark/wp/results/inactive_0.5/j20/j200805_2.json
Gurobi log      : /home/23037696r/Documents/research/or_benchmark/wp/results/inactive_0.5/j20/logs/gurobi/j200805_2.log
Allocated CPUs  : 2
Running with command-line arguments
-----------------------------------
Instance file: /home/23037696r/Documents/research/or_benchmark/wp/instances/inactive_0.5/j20/j200805_2.sm
Instance summary
----------------
Tasks:          22
Active tasks:   10
Inactive tasks: 12
Arcs:           27
Total duration: 82
Total work:     135
Active work:    79
Delta (singleton critical-path makespan): 64
Chosen deadline: 71
Feasible by singleton schedule: yes
Deadline rule: automatic: d = ceil(1.1 * Delta) = 71
Set parameter Username
Set parameter LicenseID to value 2851961
Academic license - for non-commercial use only - expires 2027-08-07
Set parameter MIPGap to value 1e-06
Set parameter TimeLimit to value 13800
Set parameter Threads to value 2
Set parameter LogFile to value "/home/23037696r/Documents/research/or_benchmark/wp/results/inactive_0.5/j20/logs/gurobi/j200805_2.log"
Set parameter NumericFocus to value 1
Gurobi Optimizer version 13.0.2 build v13.0.2rc1 (linux64 - "Ubuntu 22.04.3 LTS")

CPU model: Intel Xeon Processor (Cascadelake), instruction set [SSE2|AVX|AVX2|AVX512]
Thread count: 46 physical cores, 46 logical processors, using up to 2 threads

Non-default parameters:
TimeLimit  13800
MIPGap  1e-06
NumericFocus  1
Threads  2

Optimize a model with 4783 rows, 3774 columns and 17270 nonzeros (Min)
Model fingerprint: 0x632f9001
Model has 2220 linear objective coefficients and an objective constant of 8.1489118467024332e+02
Variable types: 720 continuous, 3054 integer (2956 binary)
Coefficient statistics:
  Matrix range     [1e+00, 8e+01]
  Objective range  [1e-02, 4e+02]
  Bounds range     [1e+00, 8e+01]
  RHS range        [1e+00, 8e+01]

Presolve removed 4237 rows and 3096 columns
Presolve time: 0.29s
Presolved: 546 rows, 678 columns, 4484 nonzeros
Variable types: 0 continuous, 678 integer (444 binary)
Found heuristic solution: objective 1806.8988679
Found heuristic solution: objective 1759.9486552

Root relaxation: objective 1.544954e+03, 194 iterations, 0.01 seconds (0.00 work units)

    Nodes    |    Current Node    |     Objective Bounds      |     Work
 Expl Unexpl |  Obj  Depth IntInf | Incumbent    BestBd   Gap | It/Node Time

     0     0 1544.95410    0   59 1759.94866 1544.95410  12.2%     -    0s
H    0     0                    1595.4128038 1544.95410  3.16%     -    0s
     0     0 1564.58267    0   67 1595.41280 1564.58267  1.93%     -    0s
     0     0 1564.58267    0   54 1595.41280 1564.58267  1.93%     -    0s
H    0     0                    1587.1545307 1564.58267  1.42%     -    0s
     0     0 1580.37557    0   65 1587.15453 1580.37557  0.43%     -    0s
     0     0 1582.14975    0   64 1587.15453 1582.14975  0.32%     -    0s
     0     0 1582.27663    0   66 1587.15453 1582.27663  0.31%     -    0s
     0     0 1586.99925    0    1 1587.15453 1586.99925  0.01%     -    0s
     0     0     cutoff    0      1587.15453 1587.15453  0.00%     -    0s

Cutting planes:
  Gomory: 15
  Cover: 13
  Implied bound: 27
  Clique: 7
  MIR: 5
  Flow cover: 1
  GUB cover: 7
  Zero half: 3
  RLT: 14
  Relax-and-lift: 6
  BQP: 5

Explored 1 nodes (563 simplex iterations) in 0.50 seconds (0.10 work units)
Thread count was 2 (of 46 available processors)

Solution count 5: 1587.15 1595.41 1595.41 ... 1806.9

Optimal solution found (tolerance 1.00e-06)
Best objective 1.587154530688e+03, best bound 1.587154530688e+03, gap 0.0000%

Solve summary
-------------
Status code:       2
Objective:         1587.154530687776
Objective bound:   1587.154530687776
MIP gap:           0.0
Has cycle:         False
Is acyclic:        True
Packages selected: 6 active packages

Packages
--------
   I1 | inactive_singleton | S=  0, C=  0, x=  0 | tasks=[1]
   I2 | inactive_singleton | S=  0, C=  5, x=  7 | tasks=[2]
  I13 | inactive_singleton | S=  5, C=  9, x=  4 | tasks=[13]
   A1 | active             | S=  5, C= 11, x=  7 | tasks=[3]
   I4 | inactive_singleton | S= 11, C= 14, x=  6 | tasks=[4]
   I5 | inactive_singleton | S= 14, C= 18, x=  5 | tasks=[5]
   A2 | active             | S= 18, C= 21, x=  6 | tasks=[6]
   I7 | inactive_singleton | S= 21, C= 26, x= 10 | tasks=[7]
   I8 | inactive_singleton | S= 26, C= 30, x=  8 | tasks=[8]
   A3 | active             | S= 30, C= 39, x= 33 | tasks=[9, 12, 20]
  I10 | inactive_singleton | S= 39, C= 43, x=  8 | tasks=[10]
  I11 | inactive_singleton | S= 43, C= 44, x=  2 | tasks=[11]
   A4 | active             | S= 44, C= 46, x=  5 | tasks=[14, 18]
  I15 | inactive_singleton | S= 46, C= 48, x=  4 | tasks=[15]
   A5 | active             | S= 48, C= 50, x=  4 | tasks=[16]
  I17 | inactive_singleton | S= 50, C= 51, x=  2 | tasks=[17]
   A6 | active             | S= 51, C= 64, x= 24 | tasks=[19, 21]
  I22 | inactive_singleton | S= 71, C= 71, x=  0 | tasks=[22]

Solution JSON saved to: /home/23037696r/Documents/research/or_benchmark/wp/results/inactive_0.5/j20/j200805_2.json
Finish time     : 2026-08-16T00:32:53+08:00
