
Gurobi 13.0.2 (linux64) logging started Sun Aug 16 01:28:21 2026

Set parameter LogFile to value "/home/23037696r/Documents/research/or_benchmark/wp/results/inactive_0.5/j40/logs/gurobi/j400105_8.log"
Set parameter NumericFocus to value 1
Gurobi Optimizer version 13.0.2 build v13.0.2rc1 (linux64 - "Ubuntu 22.04.3 LTS")

CPU model: Intel Xeon Processor (Cascadelake), instruction set [SSE2|AVX|AVX2|AVX512]
Thread count: 46 physical cores, 46 logical processors, using up to 2 threads

Non-default parameters:
TimeLimit  13800
MIPGap  1e-06
NumericFocus  1
Threads  2

Optimize a model with 19580 rows, 7832 columns and 67786 nonzeros (Min)
Model fingerprint: 0x7c960afa
Model has 4780 linear objective coefficients and an objective constant of 1.8862558391881998e+03
Variable types: 620 continuous, 7212 integer (7024 binary)
Coefficient statistics:
  Matrix range     [1e+00, 2e+02]
  Objective range  [1e-02, 9e+02]
  Bounds range     [1e+00, 2e+02]
  RHS range        [1e+00, 2e+02]

Presolve removed 15608 rows and 4958 columns
Presolve time: 3.60s
Presolved: 3972 rows, 2874 columns, 34361 nonzeros
Variable types: 0 continuous, 2874 integer (2328 binary)
Found heuristic solution: objective 3924.5214118

Root relaxation: objective 2.985349e+03, 1130 iterations, 0.19 seconds (0.07 work units)

    Nodes    |    Current Node    |     Objective Bounds      |     Work
 Expl Unexpl |  Obj  Depth IntInf | Incumbent    BestBd   Gap | It/Node Time

     0     0 2985.34858    0  131 3924.52141 2985.34858  23.9%     -    4s
     0     0 2988.22673    0  118 3924.52141 2988.22673  23.9%     -    4s
H    0     0                    3035.9155466 2988.22673  1.57%     -    4s
     0     0 2991.09094    0  123 3035.91555 2991.09094  1.48%     -    4s
     0     0 2991.09094    0  105 3035.91555 2991.09094  1.48%     -    5s
     0     0 2993.17827    0  115 3035.91555 2993.17827  1.41%     -    5s
H    0     0                    3034.6352708 2993.17880  1.37%     -    5s
     0     0 2993.17880    0  115 3034.63527 2993.17880  1.37%     -    5s
     0     0 2994.22710    0  129 3034.63527 2994.22710  1.33%     -    5s
H    0     0                    3034.4858509 2994.23290  1.33%     -    5s
     0     0 2994.39961    0  131 3034.48585 2994.39961  1.32%     -    5s
     0     0 2994.39962    0  131 3034.48585 2994.39962  1.32%     -    5s
     0     0 2995.26941    0  136 3034.48585 2995.26941  1.29%     -    5s
H    0     0                    3033.4669015 2995.29190  1.26%     -    5s
H    0     0                    3033.2057527 2995.29190  1.25%     -    5s
H    0     0                    3031.7893601 2995.29190  1.20%     -    5s
     0     0 2995.30104    0  140 3031.78936 2995.30104  1.20%     -    6s
     0     0 2995.31075    0  139 3031.78936 2995.31075  1.20%     -    6s
     0     0 2995.31077    0  139 3031.78936 2995.31077  1.20%     -    6s
     0     0 2995.55899    0  147 3031.78936 2995.55899  1.20%     -    6s
     0     0 2995.96725    0  134 3031.78936 2995.96725  1.18%     -    6s
     0     0 2996.05263    0  133 3031.78936 2996.05263  1.18%     -    6s
     0     0 2996.06128    0  137 3031.78936 2996.06128  1.18%     -    6s
     0     0 2996.06129    0  140 3031.78936 2996.06129  1.18%     -    6s
     0     0 2996.99209    0  135 3031.78936 2996.99209  1.15%     -    6s
H    0     0                    3031.7769364 2996.99242  1.15%     -    6s
     0     0 2997.20882    0  140 3031.77694 2997.20882  1.14%     -    6s
     0     0 2997.25370    0  131 3031.77694 2997.25370  1.14%     -    6s
     0     0 2997.25450    0  132 3031.77694 2997.25450  1.14%     -    6s
     0     0 2997.80316    0  144 3031.77694 2997.80316  1.12%     -    6s
H    0     0                    3031.2791812 2997.80329  1.10%     -    6s
     0     0 2997.89840    0  148 3031.27918 2997.89840  1.10%     -    7s
     0     0 2997.89847    0  152 3031.27918 2997.89847  1.10%     -    7s
     0     0 2997.99347    0  152 3031.27918 2997.99347  1.10%     -    7s
     0     0 2998.10968    0  158 3031.27918 2998.10968  1.09%     -    7s
     0     0 3000.59067    0  158 3031.27918 3000.59067  1.01%     -    7s
     0     0 3000.89181    0  154 3031.27918 3000.89181  1.00%     -    7s
     0     0 3001.10730    0  158 3031.27918 3001.10730  1.00%     -    7s
     0     0 3001.14167    0  164 3031.27918 3001.14167  0.99%     -    7s
     0     0 3001.15259    0  162 3031.27918 3001.15259  0.99%     -    7s
     0     0 3001.16357    0  165 3031.27918 3001.16357  0.99%     -    7s
     0     0 3001.16861    0  166 3031.27918 3001.16861  0.99%     -    7s
     0     0 3001.70318    0  161 3031.27918 3001.70318  0.98%     -    7s
     0     0 3001.70906    0  162 3031.27918 3001.70906  0.98%     -    7s
     0     0 3001.92743    0  160 3031.27918 3001.92743  0.97%     -    7s
     0     0 3001.95792    0  164 3031.27918 3001.95792  0.97%     -    7s
     0     0 3001.96326    0  165 3031.27918 3001.96326  0.97%     -    7s
     0     0 3002.18714    0  169 3031.27918 3002.18714  0.96%     -    7s
     0     0 3002.18892    0  165 3031.27918 3002.18892  0.96%     -    7s
     0     0 3002.39445    0  163 3031.27918 3002.39445  0.95%     -    8s
     0     0 3002.67590    0  168 3031.27918 3002.67590  0.94%     -    8s
     0     0 3003.27234    0  189 3031.27918 3003.27234  0.92%     -    8s
     0     0 3003.27234    0  189 3031.27918 3003.27234  0.92%     -    8s
     0     0 3003.27234    0  189 3031.27918 3003.27234  0.92%     -    8s
     0     0 3003.27234    0  189 3031.27918 3003.27234  0.92%     -    8s
     0     0 3003.27234    0  189 3031.27918 3003.27234  0.92%     -    8s
     0     0 3003.27440    0  190 3031.27918 3003.27440  0.92%     -    8s
     0     0 3003.27951    0  192 3031.27918 3003.27951  0.92%     -    8s
     0     0 3003.28276    0  191 3031.27918 3003.28276  0.92%     -    8s
     0     0 3003.28488    0  192 3031.27918 3003.28488  0.92%     -    8s
     0     0 3003.28700    0  192 3031.27918 3003.28700  0.92%     -    8s
     0     0 3003.29891    0  191 3031.27918 3003.29891  0.92%     -    8s
     0     0 3003.43883    0  160 3031.27918 3003.43883  0.92%     -    8s
     0     0 3003.44455    0  167 3031.27918 3003.44455  0.92%     -    8s
     0     0 3003.49203    0  199 3031.27918 3003.49203  0.92%     -    8s
     0     0 3004.03226    0  201 3031.27918 3004.03226  0.90%     -    8s
     0     0 3004.03226    0  207 3031.27918 3004.03226  0.90%     -    8s
     0     0 3004.03226    0  205 3031.27918 3004.03226  0.90%     -    8s
     0     0 3004.03226    0  157 3031.27918 3004.03226  0.90%     -    8s
     0     0 3004.03226    0  157 3031.27918 3004.03226  0.90%     -    8s
     0     0 3004.03226    0  157 3031.27918 3004.03226  0.90%     -    8s
     0     2 3004.08470    0  157 3031.27918 3004.08470  0.90%     -    9s
   151    86 infeasible    8      3031.27918 3012.34568  0.62%  36.1   10s

Cutting planes:
  Learned: 15
  Cover: 73
  Implied bound: 60
  Clique: 35
  MIR: 105
  StrongCG: 15
  Flow cover: 4
  GUB cover: 38
  Inf proof: 2
  Zero half: 2
  RLT: 27
  Relax-and-lift: 57
  BQP: 1

Explored 410 nodes (18808 simplex iterations) in 11.38 seconds (1.92 work units)
Thread count was 2 (of 46 available processors)

Solution count 9: 3031.28 3031.78 3031.79 ... 3924.52

Optimal solution found (tolerance 1.00e-06)
Best objective 3.031279181233e+03, best bound 3.031279181233e+03, gap 0.0000%
