
Gurobi 13.0.2 (linux64) logging started Sun Aug 16 01:36:40 2026

Set parameter LogFile to value "/home/23037696r/Documents/research/or_benchmark/wp/results/inactive_0.5/j40/logs/gurobi/j400305_1.log"
Set parameter NumericFocus to value 1
Gurobi Optimizer version 13.0.2 build v13.0.2rc1 (linux64 - "Ubuntu 22.04.3 LTS")

CPU model: Intel Xeon Processor (Cascadelake), instruction set [SSE2|AVX|AVX2|AVX512]
Thread count: 46 physical cores, 46 logical processors, using up to 2 threads

Non-default parameters:
TimeLimit  13800
MIPGap  1e-06
NumericFocus  1
Threads  2

Optimize a model with 21599 rows, 10208 columns and 75810 nonzeros (Min)
Model fingerprint: 0x237c30ae
Model has 6320 linear objective coefficients and an objective constant of 1.7860263535354159e+03
Variable types: 1380 continuous, 8828 integer (8640 binary)
Coefficient statistics:
  Matrix range     [1e+00, 2e+02]
  Objective range  [1e-02, 9e+02]
  Bounds range     [1e+00, 2e+02]
  RHS range        [1e+00, 2e+02]

Presolve removed 16412 rows and 6139 columns (presolve time = 5s)...
Presolve removed 16370 rows and 6097 columns
Presolve time: 5.94s
Presolved: 5229 rows, 4111 columns, 34621 nonzeros
Variable types: 0 continuous, 4111 integer (2979 binary)
Found heuristic solution: objective 3859.1069594

Root simplex log...

Iteration    Objective       Primal Inf.    Dual Inf.      Time
       0    2.0576380e+03   1.921250e+02   0.000000e+00      7s
    1780    2.9323466e+03   0.000000e+00   0.000000e+00      7s

Root relaxation: objective 2.932347e+03, 1780 iterations, 0.29 seconds (0.06 work units)

    Nodes    |    Current Node    |     Objective Bounds      |     Work
 Expl Unexpl |  Obj  Depth IntInf | Incumbent    BestBd   Gap | It/Node Time

     0     0 2932.34663    0  155 3859.10696 2932.34663  24.0%     -    7s
     0     0 2935.31578    0  152 3859.10696 2935.31578  23.9%     -    7s
H    0     0                    3034.5246478 2935.31578  3.27%     -    7s
H    0     0                    3033.9436441 2935.31578  3.25%     -    7s
     0     0 2937.44020    0  190 3033.94364 2937.44020  3.18%     -    8s
H    0     0                    3023.8488645 2937.44086  2.86%     -    8s
H    0     0                    3018.3034305 2937.44086  2.68%     -    8s
H    0     0                    3015.6101368 2937.44086  2.59%     -    8s
     0     0 2937.80032    0  181 3015.61014 2937.80032  2.58%     -    9s
     0     0 2937.90914    0  174 3015.61014 2937.90914  2.58%     -    9s
     0     0 2937.94799    0  176 3015.61014 2937.94799  2.58%     -    9s
     0     0 2937.94799    0  176 3015.61014 2937.94799  2.58%     -   10s
     0     0 2939.27366    0  184 3015.61014 2939.27366  2.53%     -   11s
     0     0 2939.42746    0  184 3015.61014 2939.42746  2.53%     -   11s
     0     0 2939.47149    0  184 3015.61014 2939.47149  2.52%     -   12s
     0     0 2939.48512    0  175 3015.61014 2939.48512  2.52%     -   12s
     0     0 2939.48522    0  180 3015.61014 2939.48522  2.52%     -   12s
     0     0 2941.51813    0  207 3015.61014 2941.51813  2.46%     -   13s
     0     0 2942.04863    0  203 3015.61014 2942.04863  2.44%     -   14s
     0     0 2942.15420    0  210 3015.61014 2942.15420  2.44%     -   14s
     0     0 2942.19924    0  213 3015.61014 2942.19924  2.43%     -   15s
     0     0 2942.21436    0  216 3015.61014 2942.21436  2.43%     -   15s
     0     0 2942.22601    0  217 3015.61014 2942.22601  2.43%     -   15s
     0     0 2942.22634    0  215 3015.61014 2942.22634  2.43%     -   16s
     0     0 2944.99169    0  273 3015.61014 2944.99169  2.34%     -   17s
     0     0 2944.99245    0  279 3015.61014 2944.99245  2.34%     -   17s
     0     0 2945.36583    0  223 3015.61014 2945.36583  2.33%     -   17s
     0     0 2945.52899    0  220 3015.61014 2945.52899  2.32%     -   18s
     0     0 2945.72329    0  233 3015.61014 2945.72329  2.32%     -   18s
     0     0 2945.74802    0  296 3015.61014 2945.74802  2.32%     -   19s
     0     0 2945.75235    0  303 3015.61014 2945.75235  2.32%     -   19s
     0     0 2945.75349    0  304 3015.61014 2945.75349  2.32%     -   19s
     0     0 2948.48609    0  299 3015.61014 2948.48609  2.23%     -   20s
     0     0 2948.79058    0  288 3015.61014 2948.79058  2.22%     -   21s
     0     0 2948.82282    0  292 3015.61014 2948.82282  2.21%     -   21s
     0     0 2948.82455    0  308 3015.61014 2948.82455  2.21%     -   21s
     0     0 2949.04756    0  500 3015.61014 2949.04756  2.21%     -   22s
     0     0 2949.04924    0  327 3015.61014 2949.04924  2.21%     -   23s
     0     0 2949.09662    0  321 3015.61014 2949.09662  2.21%     -   23s
     0     0 2949.09662    0  143 3015.61014 2949.09662  2.21%     -   26s
     0     0 2949.09662    0  250 3015.61014 2949.09662  2.21%     -   26s
     0     0 2949.09662    0  113 3015.61014 2949.09662  2.21%     -   27s
     0     0 2949.09662    0  102 3015.61014 2949.09662  2.21%     -   27s
     0     0 2949.09662    0  177 3015.61014 2949.09662  2.21%     -   27s
     0     0 2949.09662    0  233 3015.61014 2949.09662  2.21%     -   27s
     0     0 2949.09662    0  232 3015.61014 2949.09662  2.21%     -   27s
     0     0 2949.09662    0  229 3015.61014 2949.09662  2.21%     -   28s
     0     0 2949.09662    0  231 3015.61014 2949.09662  2.21%     -   28s
     0     0 2949.09662    0  244 3015.61014 2949.09662  2.21%     -   28s
     0     0 2949.09662    0  245 3015.61014 2949.09662  2.21%     -   28s
     0     0 2949.09662    0  240 3015.61014 2949.09662  2.21%     -   28s
     0     0 2949.09662    0  243 3015.61014 2949.09662  2.21%     -   28s
     0     0 2949.61963    0  271 3015.61014 2949.61963  2.19%     -   29s
     0     0 2949.87224    0  259 3015.61014 2949.87224  2.18%     -   29s
     0     0 2949.92444    0  268 3015.61014 2949.92444  2.18%     -   29s
     0     0 2949.92573    0  275 3015.61014 2949.92573  2.18%     -   29s
     0     0 2951.07472    0  272 3015.61014 2951.07472  2.14%     -   30s
     0     0 2951.14790    0  264 3015.61014 2951.14790  2.14%     -   30s
     0     0 2951.14907    0  279 3015.61014 2951.14907  2.14%     -   30s
     0     0 2951.75948    0  281 3015.61014 2951.75948  2.12%     -   30s
     0     0 2951.80395    0  284 3015.61014 2951.80395  2.12%     -   31s
     0     0 2952.25222    0  274 3015.61014 2952.25222  2.10%     -   31s
     0     0 2952.33437    0  273 3015.61014 2952.33437  2.10%     -   31s
     0     0 2952.35026    0  266 3015.61014 2952.35026  2.10%     -   31s
     0     0 2952.35193    0  266 3015.61014 2952.35193  2.10%     -   31s
     0     0 2952.68642    0  306 3015.61014 2952.68642  2.09%     -   32s
     0     0 2952.69629    0  305 3015.61014 2952.69629  2.09%     -   32s
     0     0 2952.70211    0  306 3015.61014 2952.70211  2.09%     -   32s
     0     0 2952.75822    0  306 3015.61014 2952.75822  2.08%     -   32s
     0     0 2952.76384    0  305 3015.61014 2952.76384  2.08%     -   32s
     0     0 2952.76384    0  305 3015.61014 2952.76384  2.08%     -   33s
     0     0 2952.76384    0  305 3015.61014 2952.76384  2.08%     -   33s
     0     2 2952.76384    0  305 3015.61014 2952.76384  2.08%     -   33s
*   26    12              10    3014.8532722 2970.26991  1.48%   123   34s
    49    28 2973.19458    5  195 3014.85327 2970.48912  1.47%   107   35s
   298    36 2999.15048    9  184 3014.85327 2997.96743  0.56%  52.2   40s

Cutting planes:
  Learned: 23
  Gomory: 3
  Cover: 115
  Implied bound: 188
  Clique: 21
  MIR: 177
  Knapsack: 2
  StrongCG: 48
  GUB cover: 75
  Zero half: 12
  RLT: 19
  Relax-and-lift: 89
  BQP: 3
  PSD: 1

Explored 394 nodes (34544 simplex iterations) in 41.55 seconds (5.28 work units)
Thread count was 2 (of 46 available processors)

Solution count 10: 3014.85 3015.61 3015.61 ... 3859.11

Optimal solution found (tolerance 1.00e-06)
Best objective 3.014853272223e+03, best bound 3.014853272223e+03, gap 0.0000%
