
Gurobi 13.0.2 (linux64) logging started Sun Aug 16 01:42:15 2026

Set parameter LogFile to value "/home/23037696r/Documents/research/or_benchmark/wp/results/inactive_0.5/j40/logs/gurobi/j400305_6.log"
Set parameter NumericFocus to value 1
Gurobi Optimizer version 13.0.2 build v13.0.2rc1 (linux64 - "Ubuntu 22.04.3 LTS")

CPU model: Intel Xeon Processor (Cascadelake), instruction set [SSE2|AVX|AVX2|AVX512]
Thread count: 46 physical cores, 46 logical processors, using up to 2 threads

Non-default parameters:
TimeLimit  13800
MIPGap  1e-06
NumericFocus  1
Threads  2

Optimize a model with 19809 rows, 10290 columns and 69521 nonzeros (Min)
Model fingerprint: 0xee55aa95
Model has 6160 linear objective coefficients and an objective constant of 1.8347396217675387e+03
Variable types: 1600 continuous, 8690 integer (8502 binary)
Coefficient statistics:
  Matrix range     [1e+00, 1e+02]
  Objective range  [1e-02, 7e+02]
  Bounds range     [1e+00, 1e+02]
  RHS range        [1e+00, 1e+02]

Presolve removed 14635 rows and 6032 columns (presolve time = 5s)...
Presolve removed 14725 rows and 6022 columns
Presolve time: 7.25s
Presolved: 5084 rows, 4268 columns, 36301 nonzeros
Variable types: 5 continuous, 4263 integer (2976 binary)
Found heuristic solution: objective 3745.2744878

Root simplex log...

Iteration    Objective       Primal Inf.    Dual Inf.      Time
       0    2.1123058e+03   2.341250e+02   0.000000e+00      8s
    2468    2.8948003e+03   0.000000e+00   0.000000e+00      8s

Root relaxation: objective 2.894800e+03, 2468 iterations, 0.26 seconds (0.12 work units)

    Nodes    |    Current Node    |     Objective Bounds      |     Work
 Expl Unexpl |  Obj  Depth IntInf | Incumbent    BestBd   Gap | It/Node Time

     0     0 2894.80035    0  106 3745.27449 2894.80035  22.7%     -    8s
H    0     0                    3745.0901252 2894.80035  22.7%     -    8s
H    0     0                    3739.5177341 2894.80035  22.6%     -    8s
     0     0 2900.77354    0  329 3739.51773 2900.77354  22.4%     -    9s
H    0     0                    2996.7661051 2900.78155  3.20%     -   10s
H    0     0                    2977.0609074 2900.78155  2.56%     -   10s
     0     0 2901.66074    0  400 2977.06091 2901.66074  2.53%     -   10s
     0     0 2901.66114    0  402 2977.06091 2901.66114  2.53%     -   10s
     0     0 2901.68073    0  397 2977.06091 2901.68073  2.53%     -   10s
     0     0 2901.92537    0  398 2977.06091 2901.92537  2.52%     -   11s
     0     0 2901.94363    0  414 2977.06091 2901.94363  2.52%     -   11s
     0     0 2901.94363    0  415 2977.06091 2901.94363  2.52%     -   11s
     0     0 2905.94407    0  277 2977.06091 2905.94407  2.39%     -   13s
     0     0 2906.26243    0  255 2977.06091 2906.26243  2.38%     -   13s
     0     0 2906.28005    0  251 2977.06091 2906.28005  2.38%     -   14s
     0     0 2906.28005    0  252 2977.06091 2906.28005  2.38%     -   14s
     0     0 2907.74190    0  299 2977.06091 2907.74190  2.33%     -   16s
     0     0 2908.19741    0  298 2977.06091 2908.19741  2.31%     -   17s
     0     0 2908.20758    0  304 2977.06091 2908.20758  2.31%     -   17s
     0     0 2908.20759    0  307 2977.06091 2908.20759  2.31%     -   18s
     0     0 2911.16945    0  310 2977.06091 2911.16945  2.21%     -   19s
     0     0 2911.50898    0  307 2977.06091 2911.50898  2.20%     -   20s
     0     0 2911.57555    0  312 2977.06091 2911.57555  2.20%     -   21s
     0     0 2911.66244    0  328 2977.06091 2911.66244  2.20%     -   21s
     0     0 2911.68507    0  335 2977.06091 2911.68507  2.20%     -   22s
     0     0 2911.71061    0  336 2977.06091 2911.71061  2.20%     -   22s
     0     0 2911.71061    0  336 2977.06091 2911.71061  2.20%     -   22s
     0     0 2913.15694    0  176 2977.06091 2913.15694  2.15%     -   24s
H    0     0                    2976.2182533 2913.15704  2.12%     -   24s
     0     0 2913.72104    0  342 2976.21825 2913.72104  2.10%     -   25s
     0     0 2913.89228    0  348 2976.21825 2913.89228  2.09%     -   25s
     0     0 2913.95272    0  353 2976.21825 2913.95272  2.09%     -   26s
     0     0 2913.96279    0  358 2976.21825 2913.96279  2.09%     -   26s
     0     0 2913.96614    0  357 2976.21825 2913.96614  2.09%     -   27s
     0     0 2914.96956    0  322 2976.21825 2914.96956  2.06%     -   28s
H    0     0                    2975.8720884 2914.96987  2.05%     -   28s
H    0     0                    2975.5012277 2914.96987  2.03%     -   28s
     0     0 2915.03566    0  328 2975.50123 2915.03566  2.03%     -   29s
     0     0 2915.06331    0  352 2975.50123 2915.06331  2.03%     -   29s
     0     0 2915.06669    0  359 2975.50123 2915.06669  2.03%     -   30s
     0     0 2915.52847    0  508 2975.50123 2915.52847  2.02%     -   31s
     0     0 2915.52847    0  507 2975.50123 2915.52847  2.02%     -   31s
     0     0 2915.52847    0  508 2975.50123 2915.52847  2.02%     -   31s
     0     0 2915.52847    0  508 2975.50123 2915.52847  2.02%     -   31s
     0     0 2915.52847    0  508 2975.50123 2915.52847  2.02%     -   32s
     0     0 2915.52847    0  508 2975.50123 2915.52847  2.02%     -   32s
     0     0 2915.52847    0  508 2975.50123 2915.52847  2.02%     -   32s
     0     0 2915.52847    0  509 2975.50123 2915.52847  2.02%     -   32s
     0     0 2915.52847    0  509 2975.50123 2915.52847  2.02%     -   32s
     0     0 2915.52847    0  509 2975.50123 2915.52847  2.02%     -   32s
     0     0 2915.52847    0  509 2975.50123 2915.52847  2.02%     -   32s
H    0     0                    2974.4305587 2915.55360  1.98%     -   33s
H    0     0                    2974.3692274 2915.55360  1.98%     -   33s
     0     0 2915.57173    0  532 2974.36923 2915.57173  1.98%     -   33s
     0     0 2915.57173    0  532 2974.36923 2915.57173  1.98%     -   33s
     0     0 2915.57173    0  532 2974.36923 2915.57173  1.98%     -   33s
     0     0 2915.57173    0  532 2974.36923 2915.57173  1.98%     -   33s
     0     0 2915.57173    0  532 2974.36923 2915.57173  1.98%     -   34s
     0     0 2915.57173    0  532 2974.36923 2915.57173  1.98%     -   34s
     0     0 2915.57450    0  534 2974.36923 2915.57450  1.98%     -   34s
     0     0 2915.71726    0  354 2974.36923 2915.71726  1.97%     -   35s
H    0     0                    2972.7535415 2915.72355  1.92%     -   35s
     0     0 2915.72723    0  365 2972.75354 2915.72723  1.92%     -   36s
     0     0 2915.73470    0  364 2972.75354 2915.73470  1.92%     -   36s
     0     0 2915.73488    0  365 2972.75354 2915.73488  1.92%     -   36s
     0     0 2915.87284    0  368 2972.75354 2915.87284  1.91%     -   37s
     0     0 2915.87284    0  104 2972.75354 2915.87284  1.91%     -   38s
     0     0 2915.87284    0  170 2972.75354 2915.87284  1.91%     -   38s
     0     0 2915.87284    0  275 2972.75354 2915.87284  1.91%     -   38s
     0     0 2915.87284    0  275 2972.75354 2915.87284  1.91%     -   38s
     0     0 2915.87284    0  275 2972.75354 2915.87284  1.91%     -   38s
     0     0 2915.87284    0  275 2972.75354 2915.87284  1.91%     -   38s
     0     0 2915.87284    0  275 2972.75354 2915.87284  1.91%     -   38s
     0     0 2915.87284    0  275 2972.75354 2915.87284  1.91%     -   38s
     0     0 2915.87284    0  275 2972.75354 2915.87284  1.91%     -   38s
     0     0 2915.87284    0  275 2972.75354 2915.87284  1.91%     -   38s
     0     0 2915.87284    0  294 2972.75354 2915.87284  1.91%     -   38s
     0     0 2915.87284    0  311 2972.75354 2915.87284  1.91%     -   38s
     0     0 2915.87284    0  308 2972.75354 2915.87284  1.91%     -   39s
     0     0 2915.87284    0  178 2972.75354 2915.87284  1.91%     -   39s
     0     0 2915.87284    0  311 2972.75354 2915.87284  1.91%     -   39s
     0     0 2915.87284    0  332 2972.75354 2915.87284  1.91%     -   39s
     0     0 2915.91113    0  346 2972.75354 2915.91113  1.91%     -   39s
     0     0 2915.95565    0  350 2972.75354 2915.95565  1.91%     -   39s
     0     0 2915.97168    0  351 2972.75354 2915.97168  1.91%     -   39s
     0     0 2915.97372    0  359 2972.75354 2915.97372  1.91%     -   39s
     0     0 2916.61092    0  338 2972.75354 2916.61092  1.89%     -   40s
     0     0 2916.69375    0  348 2972.75354 2916.69375  1.89%     -   40s
     0     0 2916.69425    0  350 2972.75354 2916.69425  1.89%     -   40s
     0     0 2917.68154    0  349 2972.75354 2917.68154  1.85%     -   41s
     0     0 2917.70034    0  341 2972.75354 2917.70034  1.85%     -   41s
     0     0 2917.70034    0  340 2972.75354 2917.70034  1.85%     -   41s
     0     0 2917.70276    0  344 2972.75354 2917.70276  1.85%     -   41s
     0     0 2918.01902    0  414 2972.75354 2918.01902  1.84%     -   41s
     0     0 2918.08230    0  371 2972.75354 2918.08230  1.84%     -   42s
     0     0 2918.08368    0  372 2972.75354 2918.08368  1.84%     -   42s
     0     0 2918.22144    0  385 2972.75354 2918.22144  1.83%     -   42s
     0     0 2918.24870    0  373 2972.75354 2918.24870  1.83%     -   42s
     0     0 2918.25310    0  386 2972.75354 2918.25310  1.83%     -   42s
     0     0 2918.28627    0  373 2972.75354 2918.28627  1.83%     -   42s
     0     0 2918.39334    0  372 2972.75354 2918.39334  1.83%     -   43s
     0     0 2918.39334    0  369 2972.75354 2918.39334  1.83%     -   43s
H    0     0                    2972.0672303 2918.41449  1.81%     -   43s
H    0     0                    2971.7210654 2918.41449  1.79%     -   43s
H    0     0                    2971.6594728 2918.41449  1.79%     -   43s
H    0     0                    2971.1764224 2918.41449  1.78%     -   43s
H    0     0                    2969.9644121 2918.41449  1.74%     -   43s
H    0     0                    2969.3948193 2918.41449  1.72%     -   43s
H    0     0                    2969.0017707 2918.41449  1.70%     -   43s
     0     2 2918.41459    0  369 2969.00177 2918.41459  1.70%     -   44s
    53    23 infeasible   14      2969.00177 2926.67903  1.43%  54.8   45s

Cutting planes:
  Learned: 25
  Gomory: 5
  Cover: 63
  Implied bound: 164
  Clique: 28
  MIR: 83
  Knapsack: 2
  StrongCG: 19
  Flow cover: 2
  GUB cover: 97
  Inf proof: 1
  Network: 1
  RLT: 36
  Relax-and-lift: 40
  BQP: 2

Explored 449 nodes (28445 simplex iterations) in 49.36 seconds (5.20 work units)
Thread count was 2 (of 46 available processors)

Solution count 10: 2969 2969.39 2969.96 ... 2974.37

Optimal solution found (tolerance 1.00e-06)
Best objective 2.969001770682e+03, best bound 2.969001770682e+03, gap 0.0000%
