
Gurobi 13.0.2 (linux64) logging started Sun Aug 16 09:10:21 2026

Set parameter LogFile to value "/home/23037696r/Documents/research/or_benchmark/wp/results/inactive_0.5/j40/logs/gurobi/j401005_5.log"
Set parameter NumericFocus to value 1
Gurobi Optimizer version 13.0.2 build v13.0.2rc1 (linux64 - "Ubuntu 22.04.3 LTS")

CPU model: Intel Xeon Processor (Cascadelake), instruction set [SSE2|AVX|AVX2|AVX512]
Thread count: 46 physical cores, 46 logical processors, using up to 2 threads

Non-default parameters:
TimeLimit  13800
MIPGap  1e-06
NumericFocus  1
Threads  2

Optimize a model with 26365 rows, 20432 columns and 97427 nonzeros (Min)
Model fingerprint: 0x28803db0
Model has 12760 linear objective coefficients and an objective constant of 1.9766797598582002e+03
Variable types: 4820 continuous, 15612 integer (15424 binary)
Coefficient statistics:
  Matrix range     [1e+00, 2e+02]
  Objective range  [1e-02, 8e+02]
  Bounds range     [1e+00, 2e+02]
  RHS range        [1e+00, 2e+02]

Presolve removed 21891 rows and 14851 columns (presolve time = 5s)...
Presolve removed 22105 rows and 14911 columns
Presolve time: 7.20s
Presolved: 4260 rows, 5521 columns, 41553 nonzeros
Variable types: 0 continuous, 5521 integer (3405 binary)
Found heuristic solution: objective 4151.8438074

Root simplex log...

Iteration    Objective       Primal Inf.    Dual Inf.      Time
       0    2.4590282e+03   4.142500e+02   0.000000e+00      8s
    1690    3.3954663e+03   0.000000e+00   0.000000e+00      8s

Root relaxation: objective 3.395466e+03, 1690 iterations, 0.19 seconds (0.11 work units)

    Nodes    |    Current Node    |     Objective Bounds      |     Work
 Expl Unexpl |  Obj  Depth IntInf | Incumbent    BestBd   Gap | It/Node Time

     0     0 3395.46633    0  120 4151.84381 3395.46633  18.2%     -    7s
     0     0 3395.47265    0  119 4151.84381 3395.47265  18.2%     -    8s
     0     0 3395.47938    0  119 4151.84381 3395.47938  18.2%     -    8s
H    0     0                    4150.9201489 3395.47938  18.2%     -    8s
     0     0 3401.02277    0  211 4150.92015 3401.02277  18.1%     -    9s
H    0     0                    4142.6389687 3401.03222  17.9%     -   10s
     0     0 3401.06801    0  208 4142.63897 3401.06801  17.9%     -   10s
     0     0 3401.08676    0  213 4142.63897 3401.08676  17.9%     -   10s
     0     0 3401.08676    0  213 4142.63897 3401.08676  17.9%     -   10s
     0     0 3405.52058    0  225 4142.63897 3405.52058  17.8%     -   11s
H    0     0                    3651.2119724 3405.52653  6.73%     -   11s
     0     0 3406.37605    0  214 3651.21197 3406.37605  6.71%     -   12s
     0     0 3406.40992    0  210 3651.21197 3406.40992  6.70%     -   12s
     0     0 3406.41787    0  216 3651.21197 3406.41787  6.70%     -   12s
     0     0 3408.37784    0  238 3651.21197 3408.37784  6.65%     -   14s
     0     0 3408.87048    0  212 3651.21197 3408.87048  6.64%     -   15s
     0     0 3408.93998    0  236 3651.21197 3408.93998  6.64%     -   15s
     0     0 3408.97056    0  238 3651.21197 3408.97056  6.63%     -   16s
     0     0 3408.98255    0  236 3651.21197 3408.98255  6.63%     -   16s
     0     0 3408.98441    0  238 3651.21197 3408.98441  6.63%     -   16s
     0     0 3414.09253    0  311 3651.21197 3414.09253  6.49%     -   19s
H    0     0                    3651.1291238 3414.09253  6.49%     -   19s
     0     0 3416.36408    0  182 3651.12912 3416.36408  6.43%     -   20s
     0     0 3416.36581    0  182 3651.12912 3416.36581  6.43%     -   20s
     0     0 3416.36771    0  182 3651.12912 3416.36771  6.43%     -   20s
     0     0 3416.36943    0  182 3651.12912 3416.36943  6.43%     -   20s
     0     0 3416.37099    0  182 3651.12912 3416.37099  6.43%     -   21s
     0     0 3416.37241    0  182 3651.12912 3416.37241  6.43%     -   21s
     0     0 3416.37371    0  182 3651.12912 3416.37371  6.43%     -   21s
     0     0 3416.37489    0  182 3651.12912 3416.37489  6.43%     -   21s
     0     0 3416.37598    0  182 3651.12912 3416.37598  6.43%     -   21s
     0     0 3416.37697    0  182 3651.12912 3416.37697  6.43%     -   21s
     0     0 3416.37787    0  182 3651.12912 3416.37787  6.43%     -   21s
     0     0 3416.61582    0  186 3651.12912 3416.61582  6.42%     -   22s
     0     0 3416.62121    0  188 3651.12912 3416.62121  6.42%     -   22s
     0     0 3416.62668    0  188 3651.12912 3416.62668  6.42%     -   22s
     0     0 3416.63244    0  188 3651.12912 3416.63244  6.42%     -   22s
     0     0 3416.63854    0  188 3651.12912 3416.63854  6.42%     -   22s
     0     0 3416.64434    0  187 3651.12912 3416.64434  6.42%     -   22s
     0     0 3416.64978    0  187 3651.12912 3416.64978  6.42%     -   22s
     0     0 3416.65558    0  187 3651.12912 3416.65558  6.42%     -   22s
     0     0 3416.66081    0  188 3651.12912 3416.66081  6.42%     -   23s
     0     0 3416.66081    0  190 3651.12912 3416.66081  6.42%     -   23s
     0     0 3421.49096    0  282 3651.12912 3421.49096  6.29%     -   24s
     0     0 3421.51446    0  279 3651.12912 3421.51446  6.29%     -   25s
     0     0 3421.98134    0  281 3651.12912 3421.98134  6.28%     -   26s
     0     0 3422.08239    0  280 3651.12912 3422.08239  6.27%     -   26s
     0     0 3422.09719    0  290 3651.12912 3422.09719  6.27%     -   26s
     0     0 3422.09763    0  291 3651.12912 3422.09763  6.27%     -   27s
     0     0 3422.47378    0  301 3651.12912 3422.47378  6.26%     -   28s
     0     0 3422.58256    0  308 3651.12912 3422.58256  6.26%     -   29s
     0     0 3422.61149    0  309 3651.12912 3422.61149  6.26%     -   29s
     0     0 3422.63689    0  304 3651.12912 3422.63689  6.26%     -   30s
     0     0 3422.64356    0  308 3651.12912 3422.64356  6.26%     -   30s
     0     0 3422.72853    0  301 3651.12912 3422.72853  6.26%     -   31s
     0     0 3422.73238    0  301 3651.12912 3422.73238  6.26%     -   31s
     0     0 3422.73594    0  301 3651.12912 3422.73594  6.26%     -   32s
     0     0 3422.73924    0  301 3651.12912 3422.73924  6.26%     -   32s
     0     0 3422.74230    0  301 3651.12912 3422.74230  6.26%     -   32s
     0     0 3422.74515    0  301 3651.12912 3422.74515  6.26%     -   32s
     0     0 3422.74782    0  301 3651.12912 3422.74782  6.26%     -   32s
     0     0 3422.75031    0  301 3651.12912 3422.75031  6.26%     -   32s
     0     0 3422.75264    0  301 3651.12912 3422.75264  6.25%     -   32s
     0     0 3422.75484    0  301 3651.12912 3422.75484  6.25%     -   32s
     0     0 3422.75691    0  301 3651.12912 3422.75691  6.25%     -   32s
     0     0 3422.78108    0  301 3651.12912 3422.78108  6.25%     -   33s
     0     0 3422.78314    0  301 3651.12912 3422.78314  6.25%     -   33s
     0     0 3422.78504    0  301 3651.12912 3422.78504  6.25%     -   33s
     0     0 3422.78685    0  301 3651.12912 3422.78685  6.25%     -   33s
     0     0 3422.78858    0  301 3651.12912 3422.78858  6.25%     -   34s
     0     0 3422.79023    0  301 3651.12912 3422.79023  6.25%     -   34s
     0     0 3422.79180    0  301 3651.12912 3422.79180  6.25%     -   34s
     0     0 3422.79302    0  297 3651.12912 3422.79302  6.25%     -   34s
     0     0 3422.79387    0  297 3651.12912 3422.79387  6.25%     -   34s
     0     0 3422.79469    0  297 3651.12912 3422.79469  6.25%     -   34s
     0     0 3422.79548    0  297 3651.12912 3422.79548  6.25%     -   34s
     0     0 3422.81229    0  300 3651.12912 3422.81229  6.25%     -   35s
     0     0 3422.81305    0  300 3651.12912 3422.81305  6.25%     -   35s
     0     0 3422.81378    0  300 3651.12912 3422.81378  6.25%     -   35s
     0     0 3422.81448    0  300 3651.12912 3422.81448  6.25%     -   35s
     0     0 3422.81516    0  300 3651.12912 3422.81516  6.25%     -   35s
     0     0 3422.81581    0  300 3651.12912 3422.81581  6.25%     -   35s
     0     0 3422.81635    0  303 3651.12912 3422.81635  6.25%     -   36s
     0     0 3422.81675    0  303 3651.12912 3422.81675  6.25%     -   36s
     0     0 3422.81694    0  304 3651.12912 3422.81694  6.25%     -   36s
     0     0 3422.81765    0  304 3651.12912 3422.81765  6.25%     -   36s
     0     0 3422.83563    0  301 3651.12912 3422.83563  6.25%     -   36s
     0     0 3422.92555    0  295 3651.12912 3422.92555  6.25%     -   37s
     0     0 3422.99224    0  305 3651.12912 3422.99224  6.25%     -   37s
     0     0 3422.99388    0  306 3651.12912 3422.99388  6.25%     -   37s
     0     0 3423.25614    0  228 3651.12912 3423.25614  6.24%     -   38s
     0     0 3423.26465    0  226 3651.12912 3423.26465  6.24%     -   38s
     0     0 3423.54387    0  297 3651.12912 3423.54387  6.23%     -   39s
     0     0 3423.59005    0  282 3651.12912 3423.59005  6.23%     -   40s
     0     0 3423.59049    0  284 3651.12912 3423.59049  6.23%     -   40s
     0     0 3424.44999    0  278 3651.12912 3424.44999  6.21%     -   41s
     0     0 3424.45307    0  278 3651.12912 3424.45307  6.21%     -   42s
     0     0 3424.45521    0  278 3651.12912 3424.45521  6.21%     -   42s
     0     0 3424.45728    0  278 3651.12912 3424.45728  6.21%     -   42s
     0     0 3424.45928    0  278 3651.12912 3424.45928  6.21%     -   42s
     0     0 3424.46123    0  278 3651.12912 3424.46123  6.21%     -   42s
     0     0 3424.46311    0  278 3651.12912 3424.46311  6.21%     -   42s
     0     0 3424.46494    0  278 3651.12912 3424.46494  6.21%     -   42s
     0     0 3424.46600    0  281 3651.12912 3424.46600  6.21%     -   42s
     0     0 3424.46689    0  281 3651.12912 3424.46689  6.21%     -   43s
     0     0 3424.46776    0  281 3651.12912 3424.46776  6.21%     -   43s
     0     0 3424.47983    0  285 3651.12912 3424.47983  6.21%     -   44s
     0     0 3424.47983    0  285 3651.12912 3424.47983  6.21%     -   44s
     0     0 3424.47983    0  285 3651.12912 3424.47983  6.21%     -   44s
     0     0 3424.47983    0  285 3651.12912 3424.47983  6.21%     -   44s
     0     0 3424.47983    0  285 3651.12912 3424.47983  6.21%     -   44s
     0     0 3424.47983    0  285 3651.12912 3424.47983  6.21%     -   44s
     0     0 3424.47983    0  285 3651.12912 3424.47983  6.21%     -   44s
     0     0 3425.50825    0  287 3651.12912 3425.50825  6.18%     -   45s
     0     0 3425.50986    0  287 3651.12912 3425.50986  6.18%     -   46s
     0     0 3425.51144    0  287 3651.12912 3425.51144  6.18%     -   46s
     0     0 3425.51298    0  287 3651.12912 3425.51298  6.18%     -   46s
     0     0 3425.51449    0  287 3651.12912 3425.51449  6.18%     -   46s
     0     0 3425.51597    0  287 3651.12912 3425.51597  6.18%     -   46s
     0     0 3425.51743    0  287 3651.12912 3425.51743  6.18%     -   46s
     0     0 3425.51885    0  287 3651.12912 3425.51885  6.18%     -   47s
     0     0 3425.52025    0  287 3651.12912 3425.52025  6.18%     -   47s
     0     0 3425.52162    0  287 3651.12912 3425.52162  6.18%     -   47s
     0     0 3425.52296    0  287 3651.12912 3425.52296  6.18%     -   47s
     0     0 3425.64382    0  267 3651.12912 3425.64382  6.18%     -   48s
     0     0 3425.64382    0  267 3651.12912 3425.64382  6.18%     -   48s
     0     0 3425.64382    0  268 3651.12912 3425.64382  6.18%     -   48s
     0     0 3425.64382    0  268 3651.12912 3425.64382  6.18%     -   48s
     0     0 3425.64464    0  269 3651.12912 3425.64464  6.18%     -   49s
     0     0 3425.65098    0  269 3651.12912 3425.65098  6.18%     -   49s
     0     0 3425.65737    0  269 3651.12912 3425.65737  6.18%     -   49s
     0     0 3425.66351    0  269 3651.12912 3425.66351  6.18%     -   49s
     0     0 3425.66942    0  269 3651.12912 3425.66942  6.18%     -   49s
     0     0 3425.67510    0  269 3651.12912 3425.67510  6.17%     -   49s
     0     0 3425.68056    0  267 3651.12912 3425.68056  6.17%     -   50s
     0     0 3425.73617    0  281 3651.12912 3425.73617  6.17%     -   50s
     0     0 3425.73660    0  281 3651.12912 3425.73660  6.17%     -   50s
     0     0 3425.73702    0  281 3651.12912 3425.73702  6.17%     -   50s
     0     0 3425.73744    0  281 3651.12912 3425.73744  6.17%     -   51s
     0     0 3425.73775    0  279 3651.12912 3425.73775  6.17%     -   51s
     0     0 3425.73804    0  279 3651.12912 3425.73804  6.17%     -   51s
     0     0 3425.73832    0  279 3651.12912 3425.73832  6.17%     -   51s
     0     0 3425.73860    0  279 3651.12912 3425.73860  6.17%     -   51s
     0     0 3425.73887    0  279 3651.12912 3425.73887  6.17%     -   51s
     0     0 3425.73914    0  279 3651.12912 3425.73914  6.17%     -   52s
     0     0 3425.73941    0  279 3651.12912 3425.73941  6.17%     -   52s
     0     0 3425.74948    0  282 3651.12912 3425.74948  6.17%     -   52s
     0     0 3425.74972    0  282 3651.12912 3425.74972  6.17%     -   52s
     0     0 3425.74996    0  282 3651.12912 3425.74996  6.17%     -   53s
     0     0 3425.75020    0  282 3651.12912 3425.75020  6.17%     -   53s
     0     0 3425.75043    0  282 3651.12912 3425.75043  6.17%     -   53s
     0     0 3425.75066    0  282 3651.12912 3425.75066  6.17%     -   53s
     0     0 3425.75976    0  275 3651.12912 3425.75976  6.17%     -   53s
     0     0 3425.76051    0  278 3651.12912 3425.76051  6.17%     -   53s
     0     0 3426.48884    0  282 3651.12912 3426.48884  6.15%     -   54s
     0     0 3426.60441    0  284 3651.12912 3426.60441  6.15%     -   55s
     0     0 3427.00455    0  287 3651.12912 3427.00455  6.14%     -   56s
     0     0 3427.03061    0  286 3651.12912 3427.03061  6.14%     -   57s
     0     0 3427.03375    0  287 3651.12912 3427.03375  6.14%     -   57s
     0     0 3427.39819    0  282 3651.12912 3427.39819  6.13%     -   59s
     0     0 3427.88018    0  288 3651.12912 3427.88018  6.11%     -   60s
     0     0 3427.88513    0  290 3651.12912 3427.88513  6.11%     -   60s
     0     0 3428.52044    0  289 3651.12912 3428.52044  6.10%     -   61s
     0     0 3428.55710    0  194 3651.12912 3428.55710  6.10%     -   62s
     0     0 3428.56088    0  299 3651.12912 3428.56088  6.10%     -   63s
     0     0 3432.79702    0  292 3651.12912 3432.79702  5.98%     -   65s
     0     0 3432.97120    0  301 3651.12912 3432.97120  5.98%     -   66s
     0     0 3432.97120    0  302 3651.12912 3432.97120  5.98%     -   67s
     0     0 3433.15761    0  284 3651.12912 3433.15761  5.97%     -   68s
     0     0 3433.53948    0  283 3651.12912 3433.53948  5.96%     -   69s
     0     0 3433.53948    0  287 3651.12912 3433.53948  5.96%     -   70s
     0     0 3433.78819    0  292 3651.12912 3433.78819  5.95%     -   71s
     0     0 3433.78819    0  295 3651.12912 3433.78819  5.95%     -   72s
     0     0 3433.78819    0  295 3651.12912 3433.78819  5.95%     -   72s
     0     0 3433.78819    0  298 3651.12912 3433.78819  5.95%     -   73s
     0     0 3433.83415    0  298 3651.12912 3433.83415  5.95%     -   74s
     0     0 3433.83415    0  294 3651.12912 3433.83415  5.95%     -   75s
     0     2 3436.26631    0  290 3651.12912 3436.26631  5.88%     -   77s
    19    25 3460.79134    8  108 3651.12912 3460.58194  5.22%   145   80s
    87    62 3461.98206   21  203 3651.12912 3460.59289  5.22%  68.6   86s
   144    90 3462.21783    5  224 3651.12912 3460.78928  5.21%  64.2   91s
   181   133 3523.05066   14   87 3651.12912 3460.78928  5.21%  82.0   97s
   254   149 3465.82210   10  238 3651.12912 3460.79651  5.21%  66.6  101s
   296   143 3528.11529   14  200 3651.12912 3460.81616  5.21%  73.0  106s
   343   153 infeasible   25      3651.12912 3460.90287  5.21%  74.8  111s
   395   212 3481.94043   13   92 3651.12912 3462.21783  5.17%  73.6  116s
   484   266 3598.63557   61   40 3651.12912 3462.21783  5.17%  61.7  120s
   572   297 3532.10112   24  118 3651.12912 3463.34610  5.14%  58.2  125s
   681   335 3471.89560    7   79 3651.12912 3467.35036  5.03%  54.3  132s
   738   361 3511.20959   41   51 3651.12912 3467.35036  5.03%  51.0  135s
   855   456 3513.90084   34   61 3651.12912 3474.02919  4.85%  45.8  142s
   889   502 3512.60641   35   64 3651.12912 3474.02919  4.85%  44.2  146s
   960   537 3513.72333   65   34 3651.12912 3474.77302  4.83%  41.3  150s
  1035   538 3534.58639   20  294 3651.12912 3474.80230  4.83%  38.9  203s
  1037   539 3512.77016   22  117 3651.12912 3474.80230  4.83%  38.8  211s
  1038   540 3524.32304   35  245 3651.12912 3474.80230  4.83%  38.8  217s
  1040   541 3581.20177   33  281 3651.12912 3474.80230  4.83%  38.7  221s
  1042   543 3578.49420   32  288 3651.12912 3474.80230  4.83%  38.6  225s
  1045   545 3547.34573   14  297 3651.12912 3474.80230  4.83%  38.5  230s
  1048   547 3513.16189   30  294 3651.12912 3474.80230  4.83%  38.4  237s
  1049   547 3482.59613   16  192 3651.12912 3474.80230  4.83%  38.4  243s
  1050   548 3511.68597   21  264 3651.12912 3474.80230  4.83%  38.3  245s
  1053   550 3488.77852   21  268 3651.12912 3474.80230  4.83%  38.2  250s
  1057   553 3512.64152   24  286 3651.12912 3474.80230  4.83%  38.1  257s
  1058   553 3568.10686   76  280 3651.12912 3474.80230  4.83%  38.0  260s
  1061   557 3536.87464   22  294 3651.12912 3474.80230  4.83%  47.9  330s
  1063   558 3559.56851   78  131 3651.12912 3474.80230  4.83%  47.9  335s
  1064   559 3522.70591   33  246 3651.12912 3474.80230  4.83%  47.8  340s
  1068   562 3521.14499   37  280 3651.12912 3474.80230  4.83%  47.6  346s
  1071   564 3610.10252   42  289 3651.12912 3474.80230  4.83%  47.5  350s
  1074   566 3534.58639   20  268 3651.12912 3474.80230  4.83%  47.4  355s
  1078   568 3563.04338   49  272 3651.12912 3474.80230  4.83%  47.2  361s
  1081   570 3577.52920   33  292 3651.12912 3474.80230  4.83%  47.1  369s
  1082   571 3547.30943   12  284 3651.12912 3474.80230  4.83%  47.0  371s
  1084   572 3599.17538   39  275 3651.12912 3474.80230  4.83%  46.9  375s
  1087   574 3531.95886   50  324 3651.12912 3474.80230  4.83%  46.8  384s
  1088   575 3595.34913   41  296 3651.12912 3474.80230  4.83%  46.8  386s
  1090   576 3482.42444   12  291 3651.12912 3474.80230  4.83%  46.7  394s
  1091   577 3547.75050   18  335 3651.12912 3474.80230  4.83%  46.6  396s
  1093   578 3580.24656   45  389 3651.12912 3474.80230  4.83%  46.5  406s
  1095   580 3599.74961   77  348 3651.12912 3474.80230  4.83%  46.5  410s
  1096   580 3524.22364   36  349 3651.12912 3474.80230  4.83%  46.4  415s
  1098   582 3601.03435   56  346 3651.12912 3474.80230  4.83%  46.3  423s
  1099   582 3516.43139   31  327 3651.12912 3474.80230  4.83%  46.3  425s
  1101   584 3526.01717   38  346 3651.12912 3474.80230  4.83%  46.2  432s
  1102   584 3524.22364   36  341 3651.12912 3474.80230  4.83%  46.2  436s
  1104   589 3474.80230   24  311 3651.12912 3474.80230  4.83%  61.7  465s
  1106   590 3474.80230   25  307 3651.12912 3474.80230  4.83%  62.7  490s
  1108   595 3514.09969   26  118 3651.12912 3474.80230  4.83%  63.7  495s
  1121   601 3514.15035   29  119 3651.12912 3474.80230  4.83%  66.2  502s
  1126   606 3514.16167   30  119 3651.12912 3474.80230  4.83%  68.0  505s
  1139   613 3521.94180   32  311 3651.12912 3474.80230  4.83%  69.9  511s
  1157   625 3568.90162   33  127 3651.12912 3474.80230  4.83%  70.4  516s
  1163   629 3522.23929   34  325 3651.12912 3474.80230  4.83%  70.2  520s
  1169   633 3524.26959   34  243 3651.12912 3474.80230  4.83%  70.5  534s
  1175   639 3535.59775   35  252 3651.12912 3474.80230  4.83%  70.8  539s
  1183   646 3526.59545   35  244 3651.12912 3474.80230  4.83%  70.5  542s
  1193   652 3532.44895   36  107 3651.12912 3474.80230  4.83%  70.6  545s
  1214   663 3528.05925   38  178 3651.12912 3474.80230  4.83%  69.7  551s
  1227   660 3562.57228   38   82 3651.12912 3474.80230  4.83%  69.4  559s
  1232   660 3528.17725   39  185 3651.12912 3476.00396  4.80%  70.0  560s
  1237   664 3530.69930   41  174 3651.12912 3476.00396  4.80%  70.4  566s
  1247   666 3532.75505   44  182 3651.12912 3476.00396  4.80%  70.6  572s
  1249   667 3533.26941   44  153 3651.12912 3476.00396  4.80%  70.6  576s
  1255   677 3533.47816   45  154 3651.12912 3476.00396  4.80%  70.6  581s
  1278   699 3554.78052   51   98 3651.12912 3476.00396  4.80%  70.3  589s
  1302   695 infeasible   56      3651.12912 3476.00396  4.80%  69.4  597s
  1329   688 3609.27637   62   55 3651.12912 3476.00396  4.80%  68.4  604s
  1340   692 3485.41725   32  138 3651.12912 3476.00396  4.80%  68.2  606s
  1360   721 3497.44554   37  106 3651.12912 3476.00396  4.80%  67.9  614s
  1384   734 3585.20925   43   48 3651.12912 3476.00396  4.80%  67.2  619s
  1417   730 3592.23458   52   41 3651.12912 3476.00396  4.80%  66.1  625s
  1453   742 3493.63411   42   88 3651.12912 3484.72591  4.56%  66.4  635s
  1472   747 3553.31714   43   59 3651.12912 3486.21352  4.52%  66.4  642s
  1493   761 3492.31077   34  107 3651.12912 3487.50764  4.48%  66.2  648s
  1516   762     cutoff   44      3651.12912 3487.51798  4.48%  66.5  655s
  1543   774 3500.92563   37   79 3651.12912 3487.51798  4.48%  66.1  661s
  1567   773 3607.40898   50   44 3651.12912 3488.42164  4.46%  65.6  667s
  1589   803 3559.41949   35   64 3651.12912 3488.88899  4.44%  65.7  678s
  1648   809 3526.07973   35   78 3651.12912 3489.14274  4.44%  64.0  687s
  1684   866 3491.10012   36  104 3651.12912 3489.64105  4.42%  62.9  698s
  1775   873 3621.18360   45   41 3651.12912 3489.64109  4.42%  60.5  710s
  1863   871 3492.57721   35  137 3651.12912 3491.00374  4.39%  58.3  721s
  1916   883 3611.63768   37   50 3651.12912 3491.42126  4.37%  57.0  731s
  1967   903 3622.61969   53   33 3651.12912 3491.53664  4.37%  55.8  744s
  2053   918 infeasible   45      3651.12912 3491.61915  4.37%  53.9  757s
  2143   939 3499.34652   49  108 3651.12912 3492.05827  4.36%  52.2  767s
  2228   967 3493.56909   45  105 3651.12912 3493.49839  4.32%  50.6  777s
  2292   980 3622.43135   59   42 3651.12912 3493.53584  4.32%  49.7  790s
  2392   995 3562.96001   56   68 3651.12912 3497.76687  4.20%  48.1  804s
  2536  1015 3541.43874   36   72 3651.12912 3500.95159  4.11%  46.0  820s
  2651  1042 3563.59970   45   52 3651.12912 3502.09526  4.08%  44.5  833s
  2780  1004 3567.48743   49   58 3651.12912 3504.78108  4.01%  43.0  843s
  2846  1016 3539.07873   53   93 3651.12912 3507.08730  3.95%  43.4  855s
  2961  1017 3568.05782   44   55 3651.12912 3508.97630  3.89%  42.4  862s
  2992  1026 3560.09454   29  161 3651.12912 3508.97630  3.89%  42.2  875s
  3067  1069 3569.58355   33  206 3651.12912 3509.85292  3.87%  41.6  892s
  3213  1137 3614.86431   51   46 3651.12912 3515.04157  3.73%  40.2  908s
  3345  1255 3560.92386   38   51 3651.12912 3516.01283  3.70%  39.0  931s
  3605  1287 3628.67860   51   58 3651.12912 3521.17104  3.56%  37.1  948s
  3748  1318 3638.34218   44   43 3651.12912 3522.31508  3.53%  36.3  969s
  3874  1347 infeasible   41      3651.12912 3523.02053  3.51%  35.8  981s
  3940  1379 3632.53334   48  256 3651.12912 3523.76797  3.49%  35.8 1002s
  4009  1410 3528.45719   41  333 3651.12912 3525.28571  3.45%  36.4 1014s
  4069  1416 3591.97830   48   59 3651.12912 3525.95131  3.43%  37.4 1027s
  4107  1438 3571.96343   45  131 3651.12912 3525.95131  3.43%  37.8 1041s
  4159  1484 3535.05204   51   90 3651.12912 3525.95131  3.43%  38.1 1065s
  4348  1495 3586.41730   39  156 3651.12912 3527.46812  3.39%  37.7 1080s
  4417  1511 infeasible   45      3651.12912 3528.09172  3.37%  38.9 1109s
  4516  1516 3589.13802   45  240 3651.12912 3528.62101  3.36%  39.7 1130s
  4540  1535 3580.24321   48  185 3651.12912 3528.65011  3.35%  40.0 1153s
  4612  1586 3592.63767   53  162 3651.12912 3528.83735  3.35%  40.6 1178s
  4756  1603 3586.16226   46  135 3651.12912 3529.12130  3.34%  41.1 1200s
  4824  1648 3529.58381   46  321 3651.12912 3529.13319  3.34%  41.5 1224s
  4908  1707 3591.55267   53  227 3651.12912 3529.13319  3.34%  42.1 1249s
  5051  1750 3534.03393   50  241 3651.12912 3530.52649  3.30%  42.4 1279s
  5162  1840 3565.22929   52   59 3651.12912 3530.67057  3.30%  42.6 1314s
  5356  1867 3561.15759   50   67 3651.12912 3530.96657  3.29%  42.3 1344s
  5451  1945 3622.84354   52  130 3651.12912 3531.25419  3.28%  42.9 1370s
  5598  2017 3538.45935   35  170 3651.12912 3531.69612  3.27%  43.1 1406s
  5819  2092 3539.07506   53   98 3651.12912 3532.37219  3.25%  42.5 1443s
  6034  2238 3614.67905   60   44 3651.12912 3532.76468  3.24%  41.8 1499s
  6431  2354 3588.79397   33   22 3651.12912 3533.70784  3.22%  41.1 1538s
  6662  2458 3537.99006   52  186 3651.12912 3534.41258  3.20%  40.6 1580s
  6895  2585 3537.18714   46   86 3651.12912 3534.74775  3.19%  40.4 1629s
  7225  2735 infeasible   55      3651.12912 3535.43212  3.17%  39.2 1755s
  7567  2777 3559.45328   39   54 3651.12912 3535.87075  3.16%  38.7 1782s
  7712  2833     cutoff   58      3651.12912 3535.97433  3.15%  38.6 1815s
  7846  2893 3544.17922   48  106 3651.12912 3536.20724  3.15%  38.5 1840s
  7971  3018 3546.15856   55  160 3651.12912 3536.44316  3.14%  38.4 1885s
  8296  3100 3569.04596   52  103 3651.12912 3536.73042  3.13%  37.7 1923s
  8576  3204 3550.50848   50  140 3651.12912 3537.12510  3.12%  37.3 1963s
  8887  3302 3538.20111   36   36 3651.12912 3537.54802  3.11%  36.6 2003s
  9116  3442 3562.53300   56   92 3651.12912 3537.68774  3.11%  36.0 2045s
  9427  3534 3578.82653   59   73 3651.12912 3538.19930  3.09%  35.2 2081s
  9649  3637 3575.80256   52  119 3651.12912 3538.81012  3.08%  35.1 2119s
  9903  3697 3634.22923   60    5 3651.12912 3539.07873  3.07%  34.9 2150s
 10091  3814 3540.68395   39  181 3651.12912 3539.29033  3.06%  34.5 2186s
 10345  3992 3542.99705   53  101 3651.12912 3539.40292  3.06%  34.2 2231s
 10722  4074 3600.94007   58  109 3651.12912 3539.76832  3.05%  33.6 2259s
 10903  4226 3628.35589   58   47 3651.12912 3539.91571  3.05%  33.4 2295s
 11224  4330 infeasible   56      3651.12912 3540.45118  3.03%  33.2 2333s
 11526  4415 3549.89669   69  162 3651.12912 3540.62503  3.03%  32.7 2370s
 11769  4500 3556.12892   57  168 3651.12912 3540.73072  3.02%  32.5 2401s
 11965  4607 3580.90124   68   93 3651.12912 3540.99527  3.02%  32.2 2434s
 12218  4668 3597.61116   56   92 3651.12912 3541.24698  3.01%  31.9 2460s
 12394  4817 3571.31546   61   77 3651.12912 3541.43711  3.00%  31.8 2498s
 12709  4817 3588.79732   57  175 3651.12912 3541.72830  3.00%  31.7 2511s
 12719  4868 3615.39321   58   58 3651.12912 3541.73951  3.00%  31.7 2535s
 12862  4948 3543.55963   57  192 3651.12912 3541.82102  2.99%  31.6 2556s
 13040  5132 3544.87944   53  170 3651.12912 3541.97516  2.99%  31.4 2598s
 13474  5282 3616.45311   51   45 3651.12912 3542.46849  2.98%  30.8 2631s
 13815  5412 3553.26957   69  190 3651.12912 3542.86807  2.97%  30.4 2661s
 14082  5474     cutoff   68      3651.12912 3543.09097  2.96%  30.2 2690s
 14272  5525 3543.80338   48   39 3651.12912 3543.32606  2.95%  30.1 2718s
 14514  5526 3566.80468   60  294 3651.12912 3543.55500  2.95%  29.9 3047s
 14516  5527 3544.72958   53  126 3651.12912 3543.55500  2.95%  29.9 3051s
 14518  5529 3616.38061   50  287 3651.12912 3543.55500  2.95%  29.9 3055s
 14522  5531 3577.87292   52  350 3651.12912 3543.55500  2.95%  29.9 3061s
 14526  5534 3621.32531   49  369 3651.12912 3543.55500  2.95%  29.9 3065s
 14528  5535 3605.21076   44  392 3651.12912 3543.55500  2.95%  29.9 3079s
 14529  5536 3615.18709   59  384 3651.12912 3543.55500  2.95%  29.9 3080s
 14530  5537 3617.14250   40  393 3651.12912 3543.55500  2.95%  29.9 3088s
 14531  5537 3574.72622   51  314 3651.12912 3543.55500  2.95%  29.9 3098s
 14532  5538 3590.93474   74  318 3651.12912 3543.55500  2.95%  29.9 3106s
 14533  5539 3626.88211   51  417 3651.12912 3543.55500  2.95%  29.9 3117s
 14535  5540 3580.66521   36  426 3651.12912 3543.55500  2.95%  29.9 3128s
 14536  5541 3587.24443   51  435 3651.12912 3543.55500  2.95%  29.9 3141s
 14538  5542 3627.84968   47  442 3651.12912 3543.55500  2.95%  29.9 3153s
 14539  5543 3639.42393   54  438 3651.12912 3543.55500  2.95%  29.9 3166s
 14540  5543 3621.83029   53  452 3651.12912 3543.55500  2.95%  29.9 3176s
 14541  5544 3620.66992   47  458 3651.12912 3543.55500  2.95%  29.9 3189s
 14542  5545 3605.00459   45  458 3651.12912 3543.55500  2.95%  29.9 3199s
 14543  5545 3628.86083   67  464 3651.12912 3543.55500  2.95%  29.9 3213s
 14544  5546 3571.47528   61  462 3651.12912 3543.55500  2.95%  29.9 3223s
 14545  5547 3607.35369   61  492 3651.12912 3543.55500  2.95%  29.9 3235s
 14546  5547 3618.36264   51  503 3651.12912 3543.55500  2.95%  29.9 3244s
 14547  5548 3572.30929   66  528 3651.12912 3543.55500  2.95%  29.9 3255s
 14548  5549 3560.25694   52  490 3651.12912 3543.55500  2.95%  29.9 3264s
 14549  5549 3546.57318   58  476 3651.12912 3543.55500  2.95%  29.9 3273s
 14550  5550 3642.87023   42  473 3651.12912 3543.55500  2.95%  29.9 3283s
 14551  5551 3617.32559   40  461 3651.12912 3543.55500  2.95%  29.9 3295s
 14552  5551 3559.13165   52  483 3651.12912 3543.55500  2.95%  29.9 3304s
 14553  5552 3582.52984   44  472 3651.12912 3543.55500  2.95%  29.9 3316s
 14554  5553 3573.21971   70  478 3651.12912 3543.55500  2.95%  29.9 3326s
 14555  5553 3589.24690   52  474 3651.12912 3543.55500  2.95%  29.9 3339s
 14556  5554 3567.09484   40  487 3651.12912 3543.55500  2.95%  29.9 3348s
 14557  5555 3621.23825   45  461 3651.12912 3543.55500  2.95%  29.9 3360s
 14558  5555 3625.67575   49  457 3651.12912 3543.55500  2.95%  29.9 3372s
 14559  5556 3585.77785   50  509 3651.12912 3543.55500  2.95%  29.9 3385s
 14561  5557 3590.36607   50  460 3651.12912 3543.55500  2.95%  29.8 3394s
 14562  5558 3559.48462   56  463 3651.12912 3543.55500  2.95%  29.8 3397s
 14563  5559 3599.89988   72  455 3651.12912 3543.55500  2.95%  29.8 3402s
 14564  5559 3555.84180   41  540 3651.12912 3543.55500  2.95%  29.8 3405s
 14565  5560 3620.36825   51  467 3651.12912 3543.55500  2.95%  29.8 3410s
 14567  5561 3623.96600   54  544 3651.12912 3543.55500  2.95%  29.8 3417s
 14569  5563 3558.60558   54  477 3651.12912 3543.55500  2.95%  29.8 3423s
 14571  5564 3586.03308   66  561 3651.12912 3543.55500  2.95%  29.8 3428s
 14572  5565 3624.97646   58  558 3651.12912 3543.55500  2.95%  29.8 3430s
 14574  5566 3643.71175   52  563 3651.12912 3543.55500  2.95%  29.8 3436s
 14575  5567 3551.63693   33  555 3651.12912 3543.55500  2.95%  29.8 3441s
 14577  5568 3607.03144   51  547 3651.12912 3543.55500  2.95%  29.8 3447s
 14578  5569 3607.43498   46  557 3651.12912 3543.55500  2.95%  29.8 3450s
 14580  5570 3625.89871   67  568 3651.12912 3543.55500  2.95%  29.8 3456s
 14581  5571 3612.66507   43  570 3651.12912 3543.55500  2.95%  29.8 3461s
 14583  5572 3635.08183   51  572 3651.12912 3543.55500  2.95%  29.8 3467s
 14585  5573 3558.70823   41  584 3651.12912 3543.55500  2.95%  29.8 3473s
 14586  5574 3548.98239   28  588 3651.12912 3543.55500  2.95%  29.8 3475s
 14588  5575 3614.27000   31  588 3651.12912 3543.55500  2.95%  29.8 3481s
 14589  5576 3617.16671   50  588 3651.12912 3543.55500  2.95%  29.8 3485s
 14591  5577 3620.01549   45  588 3651.12912 3543.55500  2.95%  29.8 3491s
 14593  5579 3560.86680   58  588 3651.12912 3543.55500  2.95%  29.8 3496s
 14595  5580 3636.01207   62  587 3651.12912 3543.55500  2.95%  29.8 3507s
 14596  5584 3543.55500   39   73 3651.12912 3543.55500  2.95%  31.7 3511s
 14600  5591 3543.55500   41   61 3651.12912 3543.55500  2.95%  31.8 3515s
 14616  5598 3575.33899   47   49 3651.12912 3543.55500  2.95%  32.0 3521s
 14637  5614 3583.95915   55   49 3651.12912 3543.55500  2.95%  32.2 3525s
 14664  5631 3563.77859   64   46 3651.12912 3543.55500  2.95%  32.2 3530s
 14694  5641 infeasible   41      3651.12912 3543.55500  2.95%  32.4 3535s
 14720  5637 3585.87757   44  121 3651.12912 3543.55500  2.95%  32.5 3541s
 14727  5641 3586.30804   46  117 3651.12912 3543.55500  2.95%  32.7 3545s
 14748  5645 3596.60395   57  114 3651.12912 3543.55500  2.95%  32.8 3552s
 14773  5651 3543.55500   51  209 3651.12912 3543.55500  2.95%  32.8 3555s
 14813  5657 3553.66323   59   77 3651.12912 3543.55500  2.95%  32.8 3561s
 14829  5669 3543.55500   53   88 3651.12912 3543.55500  2.95%  32.8 3567s
 14860  5665 3628.05417   69   58 3651.12912 3543.55500  2.95%  32.8 3570s
 14898  5683 3620.22175   59   34 3651.12912 3543.55500  2.95%  32.8 3576s
 14944  5676 3631.55604   70   47 3651.12912 3543.55500  2.95%  32.8 3580s
 14960  5676 3580.72256   79   52 3651.12912 3543.55500  2.95%  32.7 3586s
 15010  5676 3557.07488   68   57 3651.12912 3543.55500  2.95%  32.7 3592s
 15020  5703 3564.09038   75   71 3651.12912 3543.55500  2.95%  32.7 3598s
 15061  5711 3605.15723   91   61 3651.12912 3543.55500  2.95%  32.7 3602s
 15100  5714 3592.51636   66   63 3651.12912 3543.55500  2.95%  32.7 3606s
 15150  5737 3591.82679   64   79 3651.12912 3543.55500  2.95%  32.6 3610s
 15205  5746 3649.69366   85   46 3651.12912 3543.55500  2.95%  32.6 3615s
 15265  5755 3629.49851   72   44 3651.12912 3543.55500  2.95%  32.5 3620s
 15364  5776 3543.55500   68  156 3651.12912 3543.55500  2.95%  32.4 3627s
 15424  5776 3623.45512   77   61 3651.12912 3543.55500  2.95%  32.3 3632s
 15509  5789 3595.29347   65   83 3651.12912 3543.55500  2.95%  32.2 3638s
 15566  5796 3629.23268   80   62 3651.12912 3543.55500  2.95%  32.2 3642s
 15612  5805 3604.22569   66   89 3651.12912 3543.55500  2.95%  32.1 3648s
 15692  5788 3638.07491   85   55 3651.12912 3543.55500  2.95%  32.1 3654s
 15760  5794     cutoff   78      3651.12912 3543.55500  2.95%  32.0 3661s
 15833  5815 3543.55500   52  183 3651.12912 3543.55500  2.95%  31.9 3666s
 15903  5818 infeasible   55      3651.12912 3543.55500  2.95%  31.9 3672s
 15966  5809 3585.05203   57   64 3651.12912 3543.55500  2.95%  31.8 3677s
 16018  5813     cutoff   81      3651.12912 3543.55500  2.95%  31.8 3686s
 16119  5826 3610.95387   64   42 3651.12912 3543.55500  2.95%  31.8 3695s
 16223  5833 infeasible   61      3651.12912 3543.55500  2.95%  31.7 3702s
 16295  5855 infeasible   61      3651.12912 3543.55500  2.95%  31.7 3714s
 16337  5841 3548.28725   55  116 3651.12912 3543.55500  2.95%  31.6 3715s
 16361  5859     cutoff   75      3651.12912 3543.55500  2.95%  31.7 3721s
 16395  5876 3620.59156   75   74 3651.12912 3543.55500  2.95%  31.8 3731s
 16454  5861 3544.90387   46  488 3651.12912 3543.55500  2.95%  31.9 3735s
 16471  5861 3545.07587   50  480 3651.12912 3543.55500  2.95%  32.0 3741s
 16477  5858 3550.01594   53  470 3651.12912 3543.55500  2.95%  32.1 3745s
 16486  5882 3553.89432   57   72 3651.12912 3543.55500  2.95%  32.5 3757s
 16554  5897 3568.01903   64   48 3651.12912 3543.55500  2.95%  32.6 3770s
 16653  5880 3563.05787   50  205 3651.12912 3543.55500  2.95%  32.6 3778s
 16686  5869 3563.35703   50  222 3651.12912 3543.55500  2.95%  32.7 3787s
 16711  5869 3543.55500   50  159 3651.12912 3543.55500  2.95%  32.9 3796s
 16728  5922 3546.39001   55  206 3651.12912 3543.55500  2.95%  33.0 3811s
 16840  5900 3555.89270   61  207 3651.12912 3543.55500  2.95%  33.0 3821s
 16873  5932 3560.73872   70  104 3651.12912 3543.55500  2.95%  33.0 3835s
 16942  5928 3543.55500   60   96 3651.12912 3543.55500  2.95%  33.0 3849s
 17016  5959 3569.47706   61   81 3651.12912 3543.55500  2.95%  33.0 3864s
 17108  5928 3555.14487   58  213 3651.12912 3543.55500  2.95%  33.0 3865s
 17119  6019 3630.08508   70   53 3651.12912 3543.55500  2.95%  33.0 3883s
 17348  6017 3543.55500   58  100 3651.12912 3543.55500  2.95%  32.9 3902s
 17471  6068 infeasible   79      3651.12912 3543.55500  2.95%  32.9 3926s
 17642  6105 infeasible   77      3651.12912 3543.55500  2.95%  32.9 3944s
 17820  6153 3616.43219   89   65 3651.12912 3543.55500  2.95%  32.9 3965s
 18023  6202 3612.16019   58  111 3651.12912 3543.55500  2.95%  32.8 3985s
 18261  6195 3627.05824   61   67 3651.12912 3543.55500  2.95%  32.7 4007s
 18398  6204 3565.86857   65   50 3651.12912 3543.55500  2.95%  32.7 4027s
 18555  6329 3556.50188   73  117 3651.12912 3543.55500  2.95%  32.7 4050s
 18892  6313 3613.82239   63   48 3651.12912 3543.55500  2.95%  32.6 4065s
 19060  6350     cutoff   74      3651.12912 3543.55500  2.95%  32.6 4080s
 19219  6342 3593.00335   74  130 3651.12912 3543.55500  2.95%  32.7 4094s
 19281  6465 3593.02993   75  131 3651.12912 3543.55500  2.95%  32.7 4118s
 19503  6525 infeasible   64      3651.12912 3543.55500  2.95%  32.8 4144s
 19751  6568 infeasible   46      3651.12912 3543.90957  2.94%  33.1 4181s
 20174  6523     cutoff   76      3651.12912 3544.67792  2.92%  33.0 4202s
 20410  6483 3601.34261   49  134 3651.12912 3544.96315  2.91%  33.3 4218s
 20529  6550 3603.79266   50  132 3651.12912 3545.11217  2.90%  33.7 4239s
 20740  6590 3581.59789   58   50 3651.12912 3545.23510  2.90%  33.8 4266s
 20937  6592 3550.04171   58  231 3651.12912 3545.35928  2.90%  33.8 4288s
 21067  6643 3553.07756   65  222 3651.12912 3545.67649  2.89%  33.8 4305s
 21212  6708 3554.75559   48  121 3651.12912 3545.96306  2.88%  33.9 4328s
 21478  6772 3549.39811   64  156 3651.12912 3546.22521  2.87%  33.9 4362s
 21798  6826 3630.23444   56   44 3651.12912 3547.02055  2.85%  33.9 4413s
 22183  6751 3585.32162   72  116 3651.12912 3547.69386  2.83%  33.8 4429s
 22364  6769     cutoff   68      3651.12912 3548.24439  2.82%  33.7 4446s
 22608  6795     cutoff   85      3651.12912 3548.89790  2.80%  33.7 4466s
 22881  6753 3586.13986   76  107 3651.12912 3549.41549  2.79%  33.8 4484s
 23098  6745 3603.02096   65   72 3651.12912 3549.75333  2.78%  33.7 4498s
 23299  6758 3554.46596   82  103 3651.12912 3550.05894  2.77%  33.7 4509s
 23486  6776 infeasible   69      3651.12912 3550.24074  2.76%  33.7 4523s
 23674  6800 3594.12468   63  170 3651.12912 3550.60956  2.75%  33.7 4540s
 23867  6800 3621.83718   79   31 3651.12912 3550.82262  2.75%  33.7 4554s
 24037  6810 infeasible   59      3651.12912 3551.47383  2.73%  33.7 4574s
 24296  6794 3623.49829   52  101 3651.12912 3551.99335  2.72%  33.6 4593s
 24558  6828 3629.24930   73   75 3651.12912 3552.33825  2.71%  33.5 4614s
 24889  6779 3589.92738   88  117 3651.12912 3552.84769  2.69%  33.5 4631s
 25058  6847 3619.68856   69   63 3651.12912 3553.38871  2.68%  33.4 4658s
 25426  6810 3605.72009   92   84 3651.12912 3553.93955  2.66%  33.4 4676s
 25698  6830     cutoff   88      3651.12912 3554.33389  2.65%  33.3 4696s
 25993  6809     cutoff   99      3651.12912 3554.87374  2.64%  33.2 4714s
 26199  6836 3615.36305   70   82 3651.12912 3555.14377  2.63%  33.1 4737s
 26446  6835 3611.55839   76  107 3651.12912 3555.62500  2.62%  33.1 4755s
 26675  6808     cutoff   65      3651.12912 3556.11873  2.60%  33.0 4771s
 26792  6833 3617.12673   64   69 3651.12912 3556.21244  2.60%  33.0 4788s
 26971  6861 3596.34463   65  128 3651.12912 3556.44887  2.59%  33.0 4809s
 27213  6853 3559.67341  100  105 3651.12912 3556.74964  2.58%  32.9 4829s
 27486  6830 3617.84312   76   76 3651.12912 3557.22760  2.57%  32.9 4849s
 27720  6819 3590.61608   84   71 3651.12912 3557.44370  2.57%  32.9 4873s
 28021  6815 3606.78686   68   92 3651.12912 3558.17314  2.55%  32.8 4897s
 28340  6774 3596.64856   75   83 3651.12912 3558.48187  2.54%  32.6 4921s
 28588  6783 3584.33616   52  113 3651.12912 3558.69047  2.53%  32.5 4943s
 28823  6750 3562.95175   49   96 3651.12912 3558.96678  2.52%  32.5 4964s
 28992  6766 3562.39648  102   89 3651.12912 3559.05830  2.52%  32.5 4984s
 29217  6795 infeasible   66      3651.12912 3559.70873  2.50%  32.5 5039s
 29566  6770 3624.28705   66   64 3651.12912 3560.01513  2.50%  32.4 5060s
 29764  6784 3628.24602   73   63 3651.12912 3560.29779  2.49%  32.3 5086s
 30120  6711 3622.24925   62   54 3651.12912 3560.92657  2.47%  32.2 5107s
 30390  6655     cutoff   70      3651.12912 3561.58639  2.45%  32.1 5127s
 30611  6648 3572.19708   54   65 3651.12912 3561.98182  2.44%  32.1 5146s
 30823  6641 3608.18790   64  110 3651.12912 3562.34387  2.43%  32.0 5162s
 31008  6628 3574.15104   56   70 3651.12912 3562.58888  2.43%  32.0 5182s
 31217  6607 3597.61040   60   68 3651.12912 3562.96769  2.41%  32.0 5198s
 31366  6589 3624.84148   65  132 3651.12912 3563.05398  2.41%  32.0 5218s
 31532  6634 3598.63502   66   93 3651.12912 3563.22588  2.41%  32.0 5236s
 31714  6686 3565.43921   47  245 3651.12912 3564.07235  2.38%  32.1 5249s
 31843  6754 3619.09540   69   57 3651.12912 3564.25868  2.38%  32.1 5267s
 32024  6842 3589.21635   70   56 3651.12912 3564.54638  2.37%  32.2 5285s
 32231  6924 3594.60716   67  114 3651.12912 3564.84089  2.36%  32.2 5304s
 32459  6977 3567.99033   68   92 3651.12912 3565.18473  2.35%  32.1 5325s
 32698  7039 3620.68605   56   52 3651.12912 3565.44588  2.35%  32.1 5343s
 32858  7097     cutoff   61      3651.12912 3565.60331  2.34%  32.2 5358s
 33030  7157     cutoff   63      3651.12912 3565.98967  2.33%  32.2 5371s
 33202  7203 3623.58351   54   35 3651.12912 3566.13958  2.33%  32.3 5389s
 33420  7215 3616.60586   52   65 3651.12912 3566.42184  2.32%  32.3 5399s
 33523  7276 3609.17235   58   71 3651.12912 3566.61728  2.31%  32.3 5418s
 33769  7312     cutoff   77      3651.12912 3567.36311  2.29%  32.2 5434s
 33973  7361 3622.98582   60   53 3651.12912 3567.87389  2.28%  32.2 5450s
 34176  7400 infeasible   68      3651.12912 3568.52999  2.26%  32.2 5468s
 34386  7435 3575.78655   67  103 3651.12912 3568.96535  2.25%  32.2 5487s
 34563  7486 3628.88105   79   66 3651.12912 3569.14030  2.25%  32.3 5505s
 34795  7575 infeasible   90      3651.12912 3569.66632  2.23%  32.3 5522s
 35026  7633 3578.73577   67   31 3651.12912 3569.80437  2.23%  32.2 5541s
 35284  7685 3644.68507   67    5 3651.12912 3570.29919  2.21%  32.2 5561s
 35529  7755 3614.21736   58   49 3651.12912 3570.54618  2.21%  32.2 5578s
 35738  7817 3598.44562   51   33 3651.12912 3570.78006  2.20%  32.2 5597s
 35981  7866 3631.73087   59   53 3651.12912 3571.19003  2.19%  32.1 5613s
 36207  7929 infeasible   74      3651.12912 3571.65666  2.18%  32.1 5628s
 36447  8060 3604.31058   46   45 3651.12912 3572.02937  2.17%  32.1 5662s
 36848  8114 3619.91212   63   37 3651.12912 3572.40778  2.16%  32.0 5676s
 37057  8167 3604.99715   57   32 3651.12912 3573.09829  2.14%  32.0 5688s
 37247  8260 3645.75241   64    5 3651.12912 3573.48868  2.13%  32.0 5702s
 37509  8313 3620.41779   67   47 3651.12912 3573.81351  2.12%  31.9 5718s
 37702  8344     cutoff   73      3651.12912 3574.11664  2.11%  31.8 5730s
 37867  8375 infeasible   72      3651.12912 3574.50098  2.10%  31.8 5742s
 38002  8429 3612.09306   84  109 3651.12912 3574.61556  2.10%  31.8 5759s
 38239  8478     cutoff   80      3651.12912 3574.95478  2.09%  31.8 5776s
 38491  8564 infeasible   98      3651.12912 3575.38469  2.07%  31.7 5792s
 38732  8608 3647.26617   63    5 3651.12912 3575.80525  2.06%  31.6 5807s
 38965  8656 3630.52645   52   58 3651.12912 3575.94233  2.06%  31.6 5820s
 39149  8717 3587.40752   78  112 3651.12912 3576.30049  2.05%  31.5 5833s
 39358  8773 3609.26184   58   32 3651.12912 3576.56987  2.04%  31.5 5846s
 39602  8843 infeasible   75      3651.12912 3576.83717  2.03%  31.5 5861s
 39831  8915 3633.33468   93   39 3651.12912 3577.06626  2.03%  31.4 5879s
 40085  8946 infeasible   58      3651.12912 3577.40010  2.02%  31.3 5892s
 40245  9041 infeasible   76      3651.12912 3577.62773  2.01%  31.3 5911s
 40473  9143     cutoff   70      3651.12912 3577.90322  2.01%  31.2 5926s
 40752  9229 3591.71121   76   90 3651.12912 3578.21332  2.00%  31.1 5938s
 40971  9292 3600.70735  103   69 3651.12912 3578.46436  1.99%  31.1 5955s
 41192  9380 3633.11375   53   18 3651.12912 3578.69089  1.98%  31.1 5970s
 41434  9406 3616.49120   60   52 3651.12912 3578.93425  1.98%  31.0 5984s
 41636  9478 3610.53260  103   63 3651.12912 3579.25933  1.97%  31.0 5996s
 41869  9592 infeasible  110      3651.12912 3579.50617  1.96%  30.9 6008s
 42079  9644     cutoff   85      3651.12912 3579.69198  1.96%  30.9 6023s
 42295  9685 3610.64040   68   61 3651.12912 3579.76122  1.95%  30.8 6036s
 42457  9731 3614.96718   69  152 3651.12912 3580.21904  1.94%  30.8 6052s
 42667  9750 3649.76366   59   18 3651.12912 3580.50622  1.93%  30.8 6067s
 42893  9798 3588.53799   57  100 3651.12912 3580.91748  1.92%  30.7 6085s
 43143  9860 3612.43688   57   32 3651.12912 3581.21235  1.91%  30.7 6099s
 43380  9899 3609.60060  102   61 3651.12912 3581.74340  1.90%  30.6 6114s
 43571  9954 3591.24903   77   73 3651.12912 3582.20327  1.89%  30.6 6131s
 43793 10054 infeasible   66      3651.12912 3582.47800  1.88%  30.5 6171s
 44041 10131 3608.52270   94   66 3651.12912 3582.66374  1.88%  30.6 6186s
 44276 10211 3633.52828   79   41 3651.12912 3582.83765  1.87%  30.5 6204s
 44523 10272     cutoff  111      3651.12912 3583.04756  1.86%  30.5 6219s
 44789 10343 3599.93755   65   72 3651.12912 3583.48175  1.85%  30.5 6230s
 45011 10412 3617.56895   64   61 3651.12912 3583.66274  1.85%  30.4 6244s
 45230 10448 3623.31229  115   78 3651.12912 3583.94667  1.84%  30.4 6258s
 45475 10500 3601.92812   80  156 3651.12912 3584.15088  1.83%  30.3 6274s
 45689 10549 3619.17294   63   26 3651.12912 3584.40271  1.83%  30.3 6285s
 45854 10578 3614.12075   85  108 3651.12912 3584.63696  1.82%  30.3 6294s
 46030 10646 3630.97060   80   40 3651.12912 3584.78342  1.82%  30.3 6305s
 46244 10705 infeasible   53      3651.12912 3584.91291  1.81%  30.3 6318s
 46488 10737 3621.28618   64   39 3651.12912 3585.23554  1.80%  30.3 6333s
 46750 10789 3588.40613   60   51 3651.12912 3585.89070  1.79%  30.2 6349s
 46962 10817     cutoff   95      3651.12912 3586.21831  1.78%  30.2 6362s
 47128 10839 3608.31929   47  132 3651.12912 3586.45173  1.77%  30.2 6369s
 47201 10842 3612.84458   51  223 3651.12912 3586.53905  1.77%  30.2 6379s
 47346 10854     cutoff   69      3651.12912 3586.89457  1.76%  30.2 6391s
 47497 10863 infeasible   56      3651.12912 3587.18658  1.75%  30.3 6402s
 47617 10883 infeasible   59      3651.12912 3587.19840  1.75%  30.3 6415s
 47751 10923 3595.61460   83   86 3651.12912 3587.24322  1.75%  30.3 6427s
 47946 10932 3621.18154   76   91 3651.12912 3587.68506  1.74%  30.3 6440s
 48084 10950 3588.33778   51  156 3651.12912 3587.69450  1.74%  30.3 6449s
 48201 10968 3608.40026   51  133 3651.12912 3587.75667  1.74%  30.3 6461s
 48343 10982 3589.45649   50  223 3651.12912 3588.04176  1.73%  30.4 6468s
 48434 11002 3611.45029   56  129 3651.12912 3588.14029  1.73%  30.4 6477s
 48573 11018 3629.70637   67   17 3651.12912 3588.38905  1.72%  30.4 6488s
 48731 11032 3604.90047   51   88 3651.12912 3588.48010  1.72%  30.4 6495s
 48835 11041 infeasible   58      3651.12912 3588.72559  1.71%  30.4 6507s
 48932 11052 infeasible   52      3651.12912 3588.72721  1.71%  30.5 6520s
 49080 11099 3606.41071   52   97 3651.12912 3589.06202  1.70%  30.5 6531s
 49193 11109 3606.86814   75  141 3651.12912 3589.06202  1.70%  30.5 6539s
 49264 11138 3610.43784   61  246 3651.12912 3589.14287  1.70%  30.6 6554s
 49468 11171 3606.89347   71   94 3651.12912 3589.31550  1.69%  30.5 6568s
 49616 11197 3615.60141   70   96 3651.12912 3589.32064  1.69%  30.5 6581s
 49737 11217 3611.62798   66  123 3651.12912 3589.58041  1.69%  30.6 6587s
 49841 11258 3601.90851   71   93 3651.12912 3589.63396  1.68%  30.6 6595s
 49948 11299 infeasible   51      3651.12912 3589.65323  1.68%  30.6 6601s
 50188 11350 3595.33736   81   71 3651.12912 3589.75680  1.68%  30.6 6615s
 50434 11394 3631.09487   65   44 3651.12912 3590.06272  1.67%  30.6 6631s
 50648 11412 3605.97571   90   64 3651.12912 3590.28187  1.67%  30.7 6650s
 50872 11451 3627.47974   79   79 3651.12912 3590.58597  1.66%  30.7 6669s
 51136 11470     cutoff   49      3651.12912 3590.77408  1.65%  30.7 6698s
 51236 11533 infeasible   60      3651.12912 3590.94993  1.65%  30.7 6724s
 51582 11633 3591.34587   60   89 3651.12912 3591.26359  1.64%  31.0 6748s
 51867 11683 3613.69122   72  106 3651.12912 3591.32972  1.64%  31.0 6766s
 52111 11716 3607.29332   63  110 3651.12912 3591.38603  1.64%  31.1 6781s
 52249 11808 3622.59318   84   84 3651.12912 3591.41290  1.64%  31.1 6800s
 52494 11857 3631.78244   85   70 3651.12912 3591.59386  1.63%  31.2 6821s
 52803 11929 3608.70087   85   84 3651.12912 3591.80077  1.62%  31.2 6840s
 53032 11999 3621.68245   76   88 3651.12912 3591.93472  1.62%  31.3 6856s
 53285 12044 3605.79221   62   18 3651.12912 3592.01238  1.62%  31.3 6871s
 53476 12145 3625.45269  108   90 3651.12912 3592.07345  1.62%  31.3 6889s
 53777 12202     cutoff   87      3651.12912 3592.31796  1.61%  31.3 6904s
 53856 12202 3635.72097   69   47 3651.12912 3592.38811  1.61%  31.4 6905s
 53983 12254 3592.48513   50  117 3651.12912 3592.38811  1.61%  31.4 6918s
 54248 12355 3631.09255   63   67 3651.12912 3592.67314  1.60%  31.5 6935s
 54559 12402     cutoff   58      3651.12912 3592.91270  1.59%  31.4 6949s
 54699 12450 infeasible   64      3651.12912 3592.91356  1.59%  31.5 6960s
 54858 12494 3614.28735   79   82 3651.12912 3593.04092  1.59%  31.5 6972s
 55108 12515 3593.76181   56  116 3651.12912 3593.22352  1.59%  31.5 6983s
 55294 12579 3649.77354   80   46 3651.12912 3593.26315  1.58%  31.6 6996s
 55578 12610 3622.15171   65   44 3651.12912 3593.57056  1.58%  31.6 7005s
 55717 12676 3602.57124   62  123 3651.12912 3593.63125  1.57%  31.6 7025s
 55961 12701     cutoff   61      3651.12912 3593.74085  1.57%  31.5 7034s
 56080 12785 3610.83457   73  198 3651.12912 3593.80082  1.57%  31.6 7048s
 56270 12840 3609.60268   66  122 3651.12912 3593.84708  1.57%  31.6 7069s
 56620 12881 3597.91612   88   54 3651.12912 3594.17197  1.56%  31.5 7084s
 56951 12886 infeasible   75      3651.12912 3594.34864  1.56%  31.5 7097s
 57097 12884     cutoff   65      3651.12912 3594.51578  1.55%  31.6 7101s
 57103 12884 3615.48606   66   75 3651.12912 3594.51578  1.55%  31.6 7105s
 57107 12884 infeasible   67      3651.12912 3594.51578  1.55%  31.6 7114s
 57185 12879 3597.37054   59   92 3651.12912 3594.53361  1.55%  31.5 7131s
 57387 12930 3601.48525   85  131 3651.12912 3594.70245  1.55%  31.6 7148s
 57674 12961 3617.52955   68  110 3651.12912 3594.93818  1.54%  31.6 7167s
 57981 12981 3624.79348   71   83 3651.12912 3595.13782  1.53%  31.6 7178s
 58127 13009 3622.68667   54   56 3651.12912 3595.27459  1.53%  31.6 7202s
 58394 13040 3604.82897   70  120 3651.12912 3595.42826  1.53%  31.6 7230s
 58590 13073 3602.38644   72  103 3651.12912 3595.60798  1.52%  31.6 7247s
 58844 13109 3616.75030   62  106 3651.12912 3595.72918  1.52%  31.6 7261s
 59053 13139 3615.06957   74  110 3651.12912 3595.76390  1.52%  31.6 7275s
 59302 13193 3616.95417   60   50 3651.12912 3596.10231  1.51%  31.6 7294s
 59637 13220 infeasible   44      3651.12912 3596.26688  1.50%  31.6 7314s
 59907 13263 infeasible   70      3651.12912 3596.46556  1.50%  31.6 7327s
 60118 13297 infeasible   93      3651.12912 3596.60916  1.49%  31.6 7347s
 60433 13322 3627.27078   70   34 3651.12912 3596.82666  1.49%  31.6 7362s
 60685 13339 3603.87084   66  102 3651.12912 3597.02325  1.48%  31.6 7379s
 60908 13355 3618.12752   80  134 3651.12912 3597.28531  1.47%  31.6 7393s
 61150 13354 3627.40887   59   27 3651.12912 3597.34396  1.47%  31.6 7410s
 61415 13410 3611.21413   56   30 3651.12912 3597.67745  1.46%  31.6 7421s
 61598 13438 3611.26180   56   49 3651.12912 3597.76920  1.46%  31.6 7436s
 61874 13448 3618.27293   59   92 3651.12912 3597.95885  1.46%  31.6 7448s
 62039 13497 3626.04361   52   20 3651.12912 3598.11098  1.45%  31.6 7459s
 62227 13522 3618.16938   75   94 3651.12912 3598.18255  1.45%  31.6 7474s
 62419 13577 3599.31686   73   96 3651.12912 3598.22751  1.45%  31.6 7489s
 62627 13628 3613.25775   59  112 3651.12912 3598.28829  1.45%  31.6 7501s
 62830 13663 3601.90107   62   40 3651.12912 3598.38480  1.44%  31.6 7514s
 63039 13715 3611.57786   76   69 3651.12912 3598.50143  1.44%  31.6 7529s
 63285 13726 infeasible   71      3651.12912 3598.66264  1.44%  31.6 7542s
 63490 13794 infeasible   86      3651.12912 3598.80655  1.43%  31.6 7551s
 63675 13855     cutoff   83      3651.12912 3598.88701  1.43%  31.6 7562s
 63989 13891 3639.91050   75   11 3651.12912 3599.04919  1.43%  31.6 7571s
 64186 13889 infeasible   93      3651.12912 3599.16840  1.42%  31.6 7582s
 64353 13930     cutoff   72      3651.12912 3599.25842  1.42%  31.6 7591s
 64590 13974 infeasible   54      3651.12912 3599.46136  1.42%  31.5 7597s
 64790 14079 3604.57852   59  136 3651.12912 3599.59129  1.41%  31.6 7607s
 65075 14111 3604.33306   63   23 3651.12912 3599.66111  1.41%  31.5 7617s
 65325 14146 3610.14690   84   87 3651.12912 3599.78849  1.41%  31.5 7627s
 65605 14198 3620.54730   60   51 3651.12912 3599.98669  1.40%  31.5 7634s
 65855 14223     cutoff   72      3651.12912 3600.12049  1.40%  31.4 7663s
 66189 14277 3611.97464   69  162 3651.12912 3600.25806  1.39%  31.4 7673s
 66362 14303     cutoff   76      3651.12912 3600.27952  1.39%  31.4 7682s
 66527 14349     cutoff   74      3651.12912 3600.35665  1.39%  31.4 7695s
 66788 14442 3640.56584   68   13 3651.12912 3600.46149  1.39%  31.3 7705s
 67018 14473 3625.69927   80   47 3651.12912 3600.50625  1.39%  31.3 7715s
 67222 14501 3622.78221   59   31 3651.12912 3600.63064  1.38%  31.3 7727s
 67417 14550 3622.62476   93   69 3651.12912 3600.64853  1.38%  31.2 7741s
 67721 14602 infeasible   65      3651.12912 3600.84949  1.38%  31.1 7748s
 67886 14661     cutoff   85      3651.12912 3600.89619  1.38%  31.1 7759s
 68101 14679     cutoff   60      3651.12912 3600.96579  1.37%  31.1 7772s
 68349 14730 3623.56845   54   20 3651.12912 3601.02527  1.37%  31.1 7783s
 68623 14734 3638.86872   51    5 3651.12912 3601.21293  1.37%  31.0 7795s
 68849 14716 3640.83273   49    5 3651.12912 3601.30155  1.36%  31.0 7808s
 69054 14734 3625.90589   70   20 3651.12912 3601.40688  1.36%  31.0 7816s
 69309 14774 3639.38242   60   20 3651.12912 3601.55139  1.36%  31.0 7827s
 69555 14767 3608.15626   63  114 3651.12912 3601.63863  1.36%  30.9 7835s
 69700 14796     cutoff   85      3651.12912 3601.74254  1.35%  30.9 7847s
 69968 14826 3642.84361   59    5 3651.12912 3601.92133  1.35%  30.9 7860s
 70231 14856 3603.33867   70  102 3651.12912 3602.06744  1.34%  30.8 7870s
 70462 14886 3618.95578   98   66 3651.12912 3602.11339  1.34%  30.8 7880s
 70709 14933 3637.40522   73   11 3651.12912 3602.21566  1.34%  30.8 7890s
 70913 14947 infeasible   77      3651.12912 3602.31675  1.34%  30.8 7896s
 71072 14966 infeasible   84      3651.12912 3602.38891  1.33%  30.8 7906s
 71327 14986     cutoff   71      3651.12912 3602.51956  1.33%  30.7 7915s
 71562 15007     cutoff   80      3651.12912 3602.60296  1.33%  30.7 7927s
 71799 15039     cutoff   62      3651.12912 3602.69114  1.33%  30.7 7940s
 72053 15073 3615.41425   60   50 3651.12912 3602.81721  1.32%  30.7 7949s
 72159 15099 3620.48056   71   65 3651.12912 3602.83455  1.32%  30.7 7959s
 72435 15112 infeasible   70      3651.12912 3602.95828  1.32%  30.6 7968s
 72686 15139 3621.50201   78   65 3651.12912 3603.03884  1.32%  30.6 7978s
 72940 15165 3614.82251   72   25 3651.12912 3603.13668  1.31%  30.5 7990s
 73150 15182 3604.59939   80  136 3651.12912 3603.29088  1.31%  30.5 8020s
 73430 15215 3628.05928   98   65 3651.12912 3603.42346  1.31%  30.4 8032s
 73682 15241 3635.66678   53   11 3651.12912 3603.56252  1.30%  30.4 8043s
 73894 15294     cutoff   74      3651.12912 3603.59767  1.30%  30.4 8055s
 74143 15312 3648.44909   56   11 3651.12912 3603.67694  1.30%  30.3 8065s
 74415 15321     cutoff   62      3651.12912 3603.80507  1.30%  30.3 8077s
 74653 15374     cutoff   57      3651.12912 3603.90904  1.29%  30.3 8088s
 74909 15400 3606.74266   80  106 3651.12912 3603.98591  1.29%  30.2 8099s
 75126 15439 3622.20415   59   35 3651.12912 3604.05733  1.29%  30.2 8108s
 75270 15466 3638.16973   53   11 3651.12912 3604.09952  1.29%  30.2 8116s
 75473 15494 3618.56260   55   27 3651.12912 3604.15633  1.29%  30.1 8127s
 75750 15493 infeasible   63      3651.12912 3604.24466  1.28%  30.1 8130s
 75766 15497 3614.18566   68   97 3651.12912 3604.25029  1.28%  30.1 8138s
 75768 15502 3614.78988   69   95 3651.12912 3604.25029  1.28%  30.1 8143s
 75817 15516 3615.77960   75   75 3651.12912 3604.25428  1.28%  30.1 8154s
 76066 15549 3608.13825   65   88 3651.12912 3604.38131  1.28%  30.0 8167s
 76266 15584 3605.89236   86   88 3651.12912 3604.46275  1.28%  30.0 8179s
 76445 15618 3616.77292   83  103 3651.12912 3604.52610  1.28%  30.0 8191s
 76668 15647     cutoff   90      3651.12912 3604.60353  1.27%  30.0 8205s
 76908 15666 3644.42885   51    5 3651.12912 3604.67112  1.27%  29.9 8218s
 77170 15699 3644.74057   50   13 3651.12912 3604.79174  1.27%  29.9 8230s
 77423 15728 3639.39384   80    5 3651.12912 3604.89578  1.27%  29.8 8240s
 77670 15764 infeasible   60      3651.12912 3604.99802  1.26%  29.8 8247s
 77909 15781 3635.45462   55   12 3651.12912 3605.06982  1.26%  29.7 8255s
 78127 15792 3642.84193   91   85 3651.12912 3605.15281  1.26%  29.7 8262s
 78265 15826 3627.71187   63   73 3651.12912 3605.22705  1.26%  29.7 8269s
 78528 15859     cutoff   57      3651.12912 3605.30906  1.25%  29.6 8279s
 78788 15897 3633.72992   76   49 3651.12912 3605.44609  1.25%  29.6 8285s
 78968 15919 infeasible   92      3651.12912 3605.49515  1.25%  29.6 8294s
 79169 15962 3606.29482   63  112 3651.12912 3605.60742  1.25%  29.5 8301s
 79290 15962 3651.10636   83   51 3651.12912 3605.62091  1.25%  29.5 8310s
 79477 15986 3628.57274   49   18 3651.12912 3605.72650  1.24%  29.5 8323s
 79697 16009 3626.28218   70  111 3651.12912 3605.80192  1.24%  29.5 8334s
 79899 16049 3623.52344   96   49 3651.12912 3605.89144  1.24%  29.5 8346s
 80108 16085 infeasible   71      3651.12912 3605.95089  1.24%  29.4 8356s
 80275 16109 infeasible   78      3651.12912 3605.99642  1.24%  29.4 8366s
 80432 16117 infeasible   72      3651.12912 3606.04259  1.23%  29.4 8392s
 80709 16119 3640.30109   51   11 3651.12912 3606.16894  1.23%  29.4 8406s
 81024 16147 3640.29629   58   18 3651.12912 3606.29846  1.23%  29.4 8419s
 81222 16172 3647.32958   63   11 3651.12912 3606.34754  1.23%  29.3 8432s
 81424 16199 3646.73342   67    8 3651.12912 3606.47918  1.22%  29.3 8444s
 81638 16209 infeasible   57      3651.12912 3606.55139  1.22%  29.3 8457s
 81871 16237 3623.60280   62   19 3651.12912 3606.63199  1.22%  29.3 8469s
 82080 16285 3635.74517   72   21 3651.12912 3606.66962  1.22%  29.2 8483s
 82326 16321 3644.32767   84   59 3651.12912 3606.72563  1.22%  29.2 8495s
 82558 16327     cutoff   54      3651.12912 3606.78012  1.21%  29.2 8508s
 82778 16322     cutoff   73      3651.12912 3606.85874  1.21%  29.2 8520s
 82949 16331 3613.41195   54   67 3651.12912 3606.89184  1.21%  29.1 8532s
 83108 16346 infeasible   71      3651.12912 3606.92594  1.21%  29.1 8544s
 83304 16366 infeasible   60      3651.12912 3607.09238  1.21%  29.1 8556s
 83509 16379 3617.94122   74   96 3651.12912 3607.14976  1.20%  29.1 8568s
 83632 16381 3618.14114   67  112 3651.12912 3607.14976  1.20%  29.1 8576s
 83688 16401 3608.39948   85   55 3651.12912 3607.16329  1.20%  29.2 8588s
 83857 16418 3616.32190   58  112 3651.12912 3607.22783  1.20%  29.2 8599s
 84094 16438     cutoff   72      3651.12912 3607.31122  1.20%  29.1 8611s
 84338 16447 3641.95094   59   11 3651.12912 3607.46276  1.20%  29.1 8624s
 84596 16478 3640.57178   52   11 3651.12912 3607.54119  1.19%  29.1 8635s
 84833 16512 3621.30324   61   47 3651.12912 3607.60658  1.19%  29.1 8646s
 85057 16528     cutoff   60      3651.12912 3607.70934  1.19%  29.0 8659s
 85260 16537     cutoff   71      3651.12912 3607.73162  1.19%  29.0 8671s
 85500 16561 3630.36607   52   35 3651.12912 3607.89140  1.18%  29.0 8682s
 85696 16588 infeasible   60      3651.12912 3607.96925  1.18%  29.0 8694s
 85958 16577 3642.36277   62   18 3651.12912 3608.04905  1.18%  29.0 8703s
 86161 16571     cutoff   95      3651.12912 3608.14578  1.18%  29.0 8712s
 86365 16584 3619.04697   60   51 3651.12912 3608.22773  1.18%  29.0 8724s
 86546 16594 3642.17028   57   18 3651.12912 3608.34218  1.17%  29.0 8733s
 86675 16606 3609.49373   64  145 3651.12912 3608.39067  1.17%  29.0 8741s
 86733 16619 3612.36207   70  237 3651.12912 3608.39067  1.17%  29.0 8752s
 86912 16614     cutoff   75      3651.12912 3608.46099  1.17%  29.0 8766s
 87123 16619     cutoff   60      3651.12912 3608.55540  1.17%  29.0 8774s
 87244 16630 infeasible   64      3651.12912 3608.59722  1.16%  29.1 8785s
 87359 16638 infeasible   63      3651.12912 3608.61225  1.16%  29.1 8794s
 87517 16667 3627.37748   92   95 3651.12912 3608.68495  1.16%  29.1 8807s
 87707 16667 3611.40376   72  112 3651.12912 3608.73904  1.16%  29.1 8835s
 87935 16676     cutoff   64      3651.12912 3608.84567  1.16%  29.1 8843s
 88189 16690     cutoff   74      3651.12912 3608.95449  1.16%  29.1 8855s
 88447 16687 3613.48213   62  133 3651.12912 3609.10128  1.15%  29.1 8865s
 88616 16731 3613.11239   46   31 3651.12912 3609.20333  1.15%  29.1 8878s
 88843 16757 infeasible   72      3651.12912 3609.27040  1.15%  29.1 8892s
 89092 16750     cutoff   84      3651.12912 3609.37168  1.14%  29.1 8906s
 89244 16746 3613.12994   64   95 3651.12912 3609.44274  1.14%  29.2 8918s
 89423 16765 3617.56673   66   93 3651.12912 3609.52439  1.14%  29.2 8937s
 89709 16784 infeasible   77      3651.12912 3609.63853  1.14%  29.2 8948s
 89799 16778 3613.07494   70   95 3651.12912 3609.65939  1.14%  29.2 8959s
 89929 16794 3623.42216   64  135 3651.12912 3609.72670  1.13%  29.2 8976s
 90189 16781     cutoff   77      3651.12912 3609.78452  1.13%  29.3 8996s
 90513 16793 3650.94365   60    5 3651.12912 3609.92535  1.13%  29.2 9009s
 90744 16799 3621.25034   70   91 3651.12912 3609.99731  1.13%  29.2 9020s
 90970 16805 infeasible   87      3651.12912 3610.07351  1.12%  29.3 9030s
 91170 16797 3610.57999   67  110 3651.12912 3610.16599  1.12%  29.3 9044s
 91407 16789 infeasible   77      3651.12912 3610.23867  1.12%  29.3 9064s
 91644 16789     cutoff   69      3651.12912 3610.33037  1.12%  29.3 9079s
 91871 16789 3610.40763   70  130 3651.12912 3610.40763  1.12%  29.3 9080s
 91915 16802 infeasible   60      3651.12912 3610.43804  1.11%  29.3 9094s
 92158 16828 3614.92623   78   59 3651.12912 3610.50794  1.11%  29.3 9106s
 92332 16830 3618.83441   67  111 3651.12912 3610.53540  1.11%  29.3 9119s
 92579 16828 infeasible   78      3651.12912 3610.63839  1.11%  29.3 9132s
 92808 16835 infeasible   89      3651.12912 3610.70619  1.11%  29.3 9146s
 92969 16807 infeasible   64      3651.12912 3610.70734  1.11%  29.4 9158s
 93106 16813 3621.41527   66  162 3651.12912 3610.79934  1.10%  29.4 9171s
 93311 16803 3627.54721   61  136 3651.12912 3610.88022  1.10%  29.4 9184s
 93482 16796 3615.81648   56  110 3651.12912 3610.92771  1.10%  29.4 9197s
 93714 16846 3615.38319   70   75 3651.12912 3611.07430  1.10%  29.4 9206s
 93929 16873 3617.87187   71  130 3651.12912 3611.11812  1.10%  29.5 9213s
 94005 16887 3615.77955   80   89 3651.12912 3611.12074  1.10%  29.5 9223s
 94153 16934 3621.57764   77   68 3651.12912 3611.15879  1.09%  29.5 9240s
 94440 16955 3644.82446   60    5 3651.12912 3611.19874  1.09%  29.5 9255s
 94723 16969 3612.26836   82  114 3651.12912 3611.27172  1.09%  29.5 9270s
 94941 17008 3625.18170   75   97 3651.12912 3611.29648  1.09%  29.5 9299s
 95031 17008 3611.60536  114   45 3651.12912 3611.37663  1.09%  29.5 9300s
 95143 16980 3628.19670   64   16 3651.12912 3611.37663  1.09%  29.5 9318s
 95388 16992     cutoff   76      3651.12912 3611.44448  1.09%  29.5 9331s
 95564 17005 infeasible   66      3651.12912 3611.55195  1.08%  29.5 9341s
 95712 17015 infeasible   60      3651.12912 3611.57783  1.08%  29.5 9354s
 95841 17042 infeasible   67      3651.12912 3611.61487  1.08%  29.5 9371s
 96065 17045 infeasible   75      3651.12912 3611.65875  1.08%  29.6 9386s
 96294 17077 3615.79545   62  156 3651.12912 3611.69234  1.08%  29.6 9407s
 96579 17077 infeasible   56      3651.12912 3611.75799  1.08%  29.6 9422s
 96800 17072 3618.24372   60  187 3651.12912 3611.84613  1.08%  29.6 9435s
 96964 17084 3625.69021   69   60 3651.12912 3611.86547  1.08%  29.7 9444s
 97045 17142 3622.67818   59   32 3651.12912 3611.86547  1.08%  29.7 9456s
 97299 17169 infeasible   80      3651.12912 3611.95481  1.07%  29.7 9468s
 97611 17158     cutoff   57      3651.12912 3612.03384  1.07%  29.7 9481s
 97874 17176 3615.64276   67  143 3651.12912 3612.09332  1.07%  29.7 9492s
 98012 17199 infeasible   79      3651.12912 3612.09332  1.07%  29.7 9506s
 98207 17225     cutoff   91      3651.12912 3612.17203  1.07%  29.7 9520s
 98394 17230 3628.68230   71   65 3651.12912 3612.21162  1.07%  29.8 9535s
 98621 17257 3625.13755   64   39 3651.12912 3612.25640  1.06%  29.8 9551s
 98795 17272 3623.81678   76   83 3651.12912 3612.28143  1.06%  29.8 9571s
 99111 17251     cutoff   75      3651.12912 3612.35303  1.06%  29.8 9587s
 99380 17268 3613.15848   76  199 3651.12912 3612.42371  1.06%  29.8 9602s
 99575 17269 3625.48262  106   89 3651.12912 3612.42937  1.06%  29.8 9617s
 99792 17281 infeasible   66      3651.12912 3612.56095  1.06%  29.8 9629s
 99966 17301 3617.59932   57   95 3651.12912 3612.60658  1.06%  29.8 9642s
 100180 17360 3620.13725   74   32 3651.12912 3612.67535  1.05%  29.8 9659s
 100453 17360 3613.97084   67   34 3651.12912 3612.72364  1.05%  29.8 9675s
 100726 17385     cutoff   62      3651.12912 3612.81130  1.05%  29.9 9687s
 100890 17379 infeasible   68      3651.12912 3612.85309  1.05%  29.9 9699s
 101131 17380 infeasible   74      3651.12912 3612.91947  1.05%  29.9 9708s
 101404 17427 3617.48391   62  149 3651.12912 3612.96468  1.05%  29.9 9716s
 101619 17417 3614.40718   65  103 3651.12912 3612.98281  1.04%  29.9 9721s
 101791 17411 3644.72273   60    8 3651.12912 3613.06166  1.04%  30.0 9730s
 102029 17410     cutoff   60      3651.12912 3613.10750  1.04%  30.0 9738s
 102286 17408 infeasible   89      3651.12912 3613.18506  1.04%  30.0 9748s
 102451 17421 infeasible   78      3651.12912 3613.24877  1.04%  30.0 9759s
 102841 17438 3617.64040   48   16 3651.12912 3613.34734  1.03%  30.0 9765s
 103068 17435 3633.87686   85   36 3651.12912 3613.39595  1.03%  30.0 9772s
 103244 17457 3614.79139   66  100 3651.12912 3613.42381  1.03%  30.0 9776s
 103402 17483     cutoff   82      3651.12912 3613.43536  1.03%  30.0 9782s
 103528 17495 3615.78966   69  146 3651.12912 3613.46424  1.03%  30.0 9789s
 103739 17521 infeasible   60      3651.12912 3613.49582  1.03%  30.0 9794s
 103850 17516 3625.65542   69  113 3651.12912 3613.50152  1.03%  30.0 9800s
 104115 17532 3648.17748   68    5 3651.12912 3613.58531  1.03%  30.0 9806s
 104301 17510 3643.77479   56   11 3651.12912 3613.64790  1.03%  30.0 9812s
 104470 17520 infeasible   66      3651.12912 3613.70521  1.02%  30.1 9818s
 104630 17522 3629.09978   71  110 3651.12912 3613.72578  1.02%  30.1 9829s
 104947 17537 3614.52931   59   27 3651.12912 3613.80567  1.02%  30.1 9840s
 105240 17542 3634.90420   60   65 3651.12912 3613.87352  1.02%  30.0 9851s
 105540 17561 3633.81685   70   18 3651.12912 3613.95174  1.02%  30.0 9860s
 105722 17602 3627.02204   87   99 3651.12912 3613.95748  1.02%  30.0 9869s
 105936 17621 3616.43688   82   76 3651.12912 3614.03459  1.02%  30.0 9877s
 106135 17609 infeasible   66      3651.12912 3614.09193  1.01%  30.0 9888s
 106407 17617 infeasible   70      3651.12912 3614.18014  1.01%  30.0 9897s
 106723 17619 3635.09172   75   21 3651.12912 3614.26125  1.01%  30.0 9907s
 106952 17625 infeasible   77      3651.12912 3614.33427  1.01%  30.0 9912s
 107178 17636 infeasible   80      3651.12912 3614.38361  1.01%  30.0 9917s
 107423 17622 3626.77479   73   69 3651.12912 3614.46848  1.00%  30.0 9924s
 107734 17620 3614.67145   68  181 3651.12912 3614.54679  1.00%  30.0 9928s
 107866 17616 3619.41527   88  113 3651.12912 3614.56449  1.00%  30.0 9935s
 108078 17630 infeasible   68      3651.12912 3614.64340  1.00%  30.0 9942s
 108285 17638     cutoff   55      3651.12912 3614.68079  1.00%  30.0 9953s
 108525 17622 3643.40080   58   11 3651.12912 3614.73250  1.00%  30.0 9962s
 108708 17600 3641.23920   66    5 3651.12912 3614.79570  1.00%  30.0 9970s
 108884 17586 3615.47337   70  124 3651.12912 3614.83819  0.99%  30.0 9981s
 109097 17583 3631.75837   56   18 3651.12912 3614.92141  0.99%  30.0 9991s
 109326 17592 infeasible   65      3651.12912 3614.95794  0.99%  30.0 9999s
 109473 17577 3628.48274   92   63 3651.12912 3614.99110  0.99%  30.0 10009s
 109751 17537 3644.68225   49   11 3651.12912 3615.06370  0.99%  30.0 10018s
 109983 17544 3616.69838   78   99 3651.12912 3615.15641  0.99%  30.1 10026s
 110172 17574 3616.59704   73   99 3651.12912 3615.19908  0.98%  30.1 10030s
 110259 17599 3616.97387   58   32 3651.12912 3615.21946  0.98%  30.1 10047s
 110468 17580 3632.32740   66   23 3651.12912 3615.23987  0.98%  30.1 10053s
 110660 17548 3615.82737   73  158 3651.12912 3615.32679  0.98%  30.1 10065s
 110912 17553 3639.33902   54   18 3651.12912 3615.41515  0.98%  30.1 10074s
 111121 17530 infeasible   81      3651.12912 3615.45186  0.98%  30.1 10083s
 111313 17511 3635.32270   60   11 3651.12912 3615.54925  0.97%  30.1 10093s
 111519 17503     cutoff   72      3651.12912 3615.62905  0.97%  30.1 10104s
 111720 17490 3645.31667   59   11 3651.12912 3615.68774  0.97%  30.1 10114s
 111955 17453 infeasible   67      3651.12912 3615.74007  0.97%  30.2 10122s
 112162 17454 3616.31200   65   86 3651.12912 3615.84455  0.97%  30.2 10130s
 112343 17473 3629.48789   95   71 3651.12912 3615.89148  0.97%  30.2 10138s
 112545 17441     cutoff   67      3651.12912 3615.93679  0.96%  30.2 10151s
 112828 17455 3617.57099   57  203 3651.12912 3615.99999  0.96%  30.2 10162s
 113093 17452 3625.34232  103   73 3651.12912 3616.06438  0.96%  30.2 10174s
 113442 17443 infeasible   86      3651.12912 3616.11235  0.96%  30.2 10184s
 113667 17424     cutoff   62      3651.12912 3616.16965  0.96%  30.2 10195s
 113916 17389     cutoff   68      3651.12912 3616.21031  0.96%  30.2 10204s
 114201 17358 3619.78320   62   53 3651.12912 3616.33427  0.95%  30.2 10213s
 114438 17349 infeasible   82      3651.12912 3616.40694  0.95%  30.2 10217s
 114471 17384 infeasible   57      3651.12912 3616.43203  0.95%  30.2 10227s
 114688 17354 3625.95851   99   79 3651.12912 3616.47240  0.95%  30.2 10238s
 114922 17323     cutoff   63      3651.12912 3616.55202  0.95%  30.2 10249s
 115110 17323 3644.11574   61   19 3651.12912 3616.57378  0.95%  30.2 10255s
 115253 17296 3619.71897   79   99 3651.12912 3616.59063  0.95%  30.2 10264s
 115491 17281 3620.47852   94   96 3651.12912 3616.66175  0.94%  30.3 10272s
 115698 17296 infeasible   63      3651.12912 3616.74060  0.94%  30.3 10276s
 115800 17278 3630.18139   80   86 3651.12912 3616.74407  0.94%  30.3 10286s
 116000 17199     cutoff   81      3651.12912 3616.79269  0.94%  30.3 10293s
 116242 17166 3646.31754   60    8 3651.12912 3616.89431  0.94%  30.3 10300s
 116444 17139 3621.40300   65  111 3651.12912 3616.95643  0.94%  30.3 10305s
 116590 17112     cutoff   82      3651.12912 3617.02910  0.93%  30.3 10311s
 116872 17078 3642.49873   67   18 3651.12912 3617.13328  0.93%  30.3 10318s
 117148 17045     cutoff   77      3651.12912 3617.20912  0.93%  30.3 10329s
 117430 17041 3643.90531   68   12 3651.12912 3617.28475  0.93%  30.3 10341s
 117693 16993 3633.35227   65   82 3651.12912 3617.34967  0.93%  30.3 10354s
 117840 16993 3617.96239   84   51 3651.12912 3617.34967  0.93%  30.3 10355s
 118005 16969 3625.94012   99   74 3651.12912 3617.45745  0.92%  30.3 10365s
 118253 16947     cutoff   61      3651.12912 3617.54504  0.92%  30.3 10377s
 118559 16926 3646.95037   64   11 3651.12912 3617.62811  0.92%  30.3 10386s
 118779 16920 3620.26243   60   54 3651.12912 3617.67452  0.92%  30.3 10394s
 118991 16881 3641.75953   60   11 3651.12912 3617.76571  0.91%  30.3 10404s
 119313 16840 3636.23833   63   11 3651.12912 3617.83543  0.91%  30.3 10415s
 119566 16812     cutoff   58      3651.12912 3617.93774  0.91%  30.3 10424s
 119754 16758     cutoff   87      3651.12912 3617.96420  0.91%  30.3 10434s
 120014 16758 3618.34306   66   34 3651.12912 3618.07123  0.91%  30.3 10435s
 120025 16705 3618.56231   52   34 3651.12912 3618.07272  0.91%  30.3 10444s
 120293 16657 3620.80038   70  157 3651.12912 3618.17743  0.90%  30.3 10453s
 120558 16616 infeasible   55      3651.12912 3618.26827  0.90%  30.3 10462s
 120799 16626 3618.64233   73   93 3651.12912 3618.34491  0.90%  30.3 10466s
 120832 16610 3619.65245   79   89 3651.12912 3618.34516  0.90%  30.3 10475s
 120930 16570 3622.07543   88   86 3651.12912 3618.34817  0.90%  30.3 10485s
 121115 16486 infeasible   67      3651.12912 3618.45607  0.89%  30.3 10492s
 121374 16403 3623.54613   60   58 3651.12912 3618.59488  0.89%  30.3 10499s
 121558 16377 3620.36824   93   61 3651.12912 3618.68088  0.89%  30.3 10509s
 121798 16323 3641.76566   76   54 3651.12912 3618.77112  0.89%  30.3 10518s
 122009 16315 3638.85676   62   56 3651.12912 3618.83354  0.88%  30.3 10529s
 122252 16271 3646.17635   56   11 3651.12912 3618.88325  0.88%  30.3 10540s
 122524 16192 3648.94215   68    5 3651.12912 3618.97679  0.88%  30.3 10551s
 122769 16101     cutoff   69      3651.12912 3619.06629  0.88%  30.3 10562s
 123027 16050 3641.10017   77   58 3651.12912 3619.18116  0.88%  30.3 10572s
 123301 15990 infeasible   68      3651.12912 3619.30040  0.87%  30.3 10580s
 123526 15917 infeasible   56      3651.12912 3619.37956  0.87%  30.3 10589s
 123802 15830     cutoff   76      3651.12912 3619.48893  0.87%  30.3 10599s
 124049 15750 3626.05091   61   20 3651.12912 3619.60634  0.86%  30.3 10609s
 124252 15677 infeasible   95      3651.12912 3619.68584  0.86%  30.3 10618s
 124445 15627     cutoff   80      3651.12912 3619.76113  0.86%  30.3 10628s
 124688 15573 3644.00012   62   11 3651.12912 3619.87204  0.86%  30.3 10639s
 124923 15525 infeasible   66      3651.12912 3619.94230  0.85%  30.3 10648s
 125164 15475 infeasible   78      3651.12912 3619.99861  0.85%  30.3 10657s
 125381 15397 3626.83123   80   70 3651.12912 3620.13080  0.85%  30.4 10668s
 125649 15310     cutoff   73      3651.12912 3620.24161  0.85%  30.4 10677s
 125890 15292     cutoff   69      3651.12912 3620.33748  0.84%  30.4 10686s
 126150 15242 infeasible   88      3651.12912 3620.39630  0.84%  30.4 10695s
 126423 15150 infeasible   52      3651.12912 3620.51857  0.84%  30.4 10706s
 126684 15087 3639.85274   59   13 3651.12912 3620.66833  0.83%  30.3 10714s
 126809 15087 infeasible   90      3651.12912 3620.70595  0.83%  30.3 10715s
 127100 14921 infeasible   65      3651.12912 3620.85340  0.83%  30.3 10723s
 127351 14850 3645.25391   58   13 3651.12912 3621.04591  0.82%  30.3 10728s
 127580 14729     cutoff   65      3651.12912 3621.16887  0.82%  30.4 10732s
 127793 14675 infeasible   69      3651.12912 3621.31657  0.82%  30.4 10737s
 128064 14614 3622.63698   57   68 3651.12912 3621.44695  0.81%  30.4 10743s
 128251 14496 infeasible   86      3651.12912 3621.55743  0.81%  30.4 10753s
 128483 14412 3646.44250   83   49 3651.12912 3621.72355  0.81%  30.4 10763s
 128700 14296 infeasible   78      3651.12912 3621.81410  0.80%  30.4 10772s
 128922 14249     cutoff   67      3651.12912 3621.99585  0.80%  30.4 10780s
 129046 14226 3624.32642   77   72 3651.12912 3622.07554  0.80%  30.4 10787s
 129175 14180 infeasible   76      3651.12912 3622.14180  0.79%  30.4 10797s
 129461 14094     cutoff   57      3651.12912 3622.23868  0.79%  30.4 10807s
 129694 14032     cutoff   89      3651.12912 3622.32680  0.79%  30.4 10817s
 129923 13926     cutoff   60      3651.12912 3622.42972  0.79%  30.4 10828s
 130169 13851 infeasible   88      3651.12912 3622.58363  0.78%  30.4 10838s
 130420 13818 infeasible   61      3651.12912 3622.71498  0.78%  30.4 10848s
 130663 13749 infeasible   74      3651.12912 3622.77869  0.78%  30.4 10858s
 130880 13689     cutoff   89      3651.12912 3622.85358  0.77%  30.4 10867s
 131069 13634     cutoff   72      3651.12912 3622.95447  0.77%  30.4 10877s
 131319 13529 3649.37410   46    5 3651.12912 3623.11437  0.77%  30.4 10888s
 131562 13455 3624.21290   72   72 3651.12912 3623.23640  0.76%  30.4 10898s
 131783 13366 3629.07536   78   58 3651.12912 3623.36748  0.76%  30.5 10907s
 132032 13276 infeasible   58      3651.12912 3623.47145  0.76%  30.5 10918s
 132292 13170 infeasible   67      3651.12912 3623.59710  0.75%  30.5 10927s
 132544 13103     cutoff   74      3651.12912 3623.73386  0.75%  30.5 10936s
 132796 13008     cutoff  110      3651.12912 3623.81948  0.75%  30.5 10945s
 133019 12912     cutoff   81      3651.12912 3623.94974  0.74%  30.5 10955s
 133267 12833 3631.07895   58   46 3651.12912 3624.12204  0.74%  30.5 10965s
 133510 12740 3625.15119   71   70 3651.12912 3624.23088  0.74%  30.5 10975s
 133753 12677 3645.18459   74   59 3651.12912 3624.40102  0.73%  30.5 10984s
 134040 12577     cutoff   77      3651.12912 3624.53339  0.73%  30.5 10990s
 134306 12507 3631.43412   60   53 3651.12912 3624.71896  0.72%  30.5 10999s
 134460 12507 3625.29352   63   23 3651.12912 3624.80533  0.72%  30.5 11000s
 134556 12397 infeasible   85      3651.12912 3624.85747  0.72%  30.5 11010s
 134799 12299 infeasible   91      3651.12912 3625.05412  0.71%  30.5 11019s
 135055 12174 3645.60427   77   33 3651.12912 3625.26360  0.71%  30.5 11030s
 135290 12096     cutoff   73      3651.12912 3625.49463  0.70%  30.5 11039s
 135526 12007 3640.27307   58   18 3651.12912 3625.62706  0.70%  30.5 11049s
 135751 11910 3644.12152   87   43 3651.12912 3625.81527  0.69%  30.5 11058s
 135950 11796 infeasible   67      3651.12912 3625.91730  0.69%  30.5 11065s
 136201 11701     cutoff   78      3651.12912 3626.12415  0.68%  30.5 11071s
 136441 11583 infeasible   77      3651.12912 3626.31520  0.68%  30.5 11077s
 136665 11517 3638.34756   79   62 3651.12912 3626.49108  0.67%  30.5 11082s
 136895 11447     cutoff   68      3651.12912 3626.60659  0.67%  30.5 11088s
 137126 11330     cutoff   79      3651.12912 3626.73418  0.67%  30.5 11094s
 137344 11270 infeasible   87      3651.12912 3626.94405  0.66%  30.5 11099s
 137591 11202     cutoff   56      3651.12912 3627.07780  0.66%  30.5 11103s
 137734 11134     cutoff   62      3651.12912 3627.17796  0.66%  30.5 11107s
 137879 11092 3627.80420   81   42 3651.12912 3627.18740  0.66%  30.5 11111s
 138140 11019 3629.57429   83   48 3651.12912 3627.19888  0.66%  30.5 11118s
 138254 10974     cutoff   83      3651.12912 3627.22663  0.65%  30.5 11123s
 138394 10930 3629.62653   85   60 3651.12912 3627.22663  0.65%  30.5 11127s
 138511 10865 infeasible   85      3651.12912 3627.30889  0.65%  30.5 11132s
 138636 10841 infeasible   87      3651.12912 3627.40597  0.65%  30.5 11136s
 138756 10794 3630.63513   88   63 3651.12912 3627.49434  0.65%  30.5 11140s
 139043 10691 3630.96324   90   49 3651.12912 3627.63629  0.64%  30.4 11148s
 139189 10634 3630.63567   89   60 3651.12912 3627.63629  0.64%  30.4 11152s
 139346 10572 3631.03981   90   61 3651.12912 3627.76538  0.64%  30.4 11156s
 139469 10529 infeasible   90      3651.12912 3627.87525  0.64%  30.4 11160s
 139757 10355 infeasible   92      3651.12912 3628.06149  0.63%  30.4 11167s
 140014 10287 3629.48868   78   65 3651.12912 3628.83714  0.61%  30.4 11173s
 140281 10217 3631.84092   89   48 3651.12912 3628.96554  0.61%  30.4 11178s
 140575 10151 infeasible   70      3651.12912 3629.15365  0.60%  30.4 11183s
 140844 10083 3633.21614   96   62 3651.12912 3629.39741  0.60%  30.4 11188s
 141044 10002 3651.06342   81   46 3651.12912 3629.51903  0.59%  30.4 11193s
 141296  9911 3643.91007   83   55 3651.12912 3629.73371  0.59%  30.4 11199s
 141567  9790 3637.34772   83   51 3651.12912 3629.92028  0.58%  30.4 11205s
 141855  9673     cutoff   58      3651.12912 3630.17395  0.57%  30.3 11212s
 142133  9558 3643.06259   76   62 3651.12912 3630.45548  0.57%  30.3 11218s
 142426  9490 infeasible   59      3651.12912 3630.70997  0.56%  30.3 11224s
 142742  9430     cutoff   57      3651.12912 3630.94049  0.55%  30.3 11230s
 143322  9304     cutoff   57      3651.12912 3631.38225  0.54%  30.2 11235s
 143928  9065     cutoff   72      3651.12912 3631.83395  0.53%  30.2 11240s
 144519  8887     cutoff   74      3651.12912 3632.30210  0.52%  30.1 11246s
 145125  8818 infeasible   78      3651.12912 3632.63430  0.51%  30.1 11250s
 145409  8751 3633.73886   57   20 3651.12912 3632.82814  0.50%  30.0 11255s
 145682  8697 3639.09281   60    5 3651.12912 3632.96138  0.50%  30.0 11260s
 145983  8623     cutoff   55      3651.12912 3633.10821  0.49%  30.0 11265s
 146269  8579 3634.16877   58   18 3651.12912 3633.21662  0.49%  29.9 11270s
 146565  8513 3637.13107   54   13 3651.12912 3633.34635  0.49%  29.9 11276s
 146857  8440 3644.10036   62   11 3651.12912 3633.48909  0.48%  29.9 11281s
 147125  8346     cutoff   61      3651.12912 3633.62932  0.48%  29.9 11285s
 147382  8275 3642.41853   60   20 3651.12912 3633.77760  0.48%  29.8 11290s
 147917  8121 infeasible   69      3651.12912 3634.01792  0.47%  29.8 11297s
 148173  8032     cutoff   52      3651.12912 3634.16596  0.46%  29.8 11301s
 148408  7948 infeasible   76      3651.12912 3634.31805  0.46%  29.7 11306s
 148671  7909     cutoff   53      3651.12912 3634.43418  0.46%  29.7 11311s
 148958  7821     cutoff   56      3651.12912 3634.55823  0.45%  29.7 11316s
 149225  7764 3634.71545   62   16 3651.12912 3634.68721  0.45%  29.7 11321s
 149510  7664 3650.67423   65   17 3651.12912 3634.78443  0.45%  29.6 11325s
 149786  7593     cutoff   68      3651.12912 3634.92251  0.44%  29.6 11330s
 150064  7552 3635.99232   71   18 3651.12912 3635.01893  0.44%  29.6 11336s
 150327  7480 3642.93701   94   41 3651.12912 3635.09504  0.44%  29.5 11340s
 150850  7321 3640.99742   67   11 3651.12912 3635.27977  0.43%  29.5 11348s
 151110  7261 3639.37709   65    8 3651.12912 3635.41408  0.43%  29.5 11353s
 151370  7164     cutoff   60      3651.12912 3635.49607  0.43%  29.4 11357s
 151618  7070     cutoff   51      3651.12912 3635.62248  0.42%  29.4 11362s
 151866  6949 3648.66468   79   59 3651.12912 3635.77336  0.42%  29.4 11367s
 152105  6870 infeasible   64      3651.12912 3635.90330  0.42%  29.4 11371s
 152341  6769     cutoff   64      3651.12912 3636.02851  0.41%  29.3 11376s
 152583  6691 3636.18470   58   15 3651.12912 3636.15653  0.41%  29.3 11381s
 152993  6523     cutoff   55      3651.12912 3636.29726  0.41%  29.3 11388s
 153249  6448 3637.11363   54   18 3651.12912 3636.47369  0.40%  29.3 11393s
 153493  6379 3637.39236   62   11 3651.12912 3636.60395  0.40%  29.2 11399s
 153741  6310 3637.16029   63   11 3651.12912 3636.71331  0.39%  29.2 11404s
 153985  6247     cutoff   71      3651.12912 3636.81006  0.39%  29.2 11409s
 154243  6141     cutoff   72      3651.12912 3636.90422  0.39%  29.2 11414s
 154492  6058     cutoff   54      3651.12912 3637.04050  0.39%  29.1 11419s
 154725  5948 3638.46114   58   18 3651.12912 3637.15603  0.38%  29.1 11424s
 154966  5861     cutoff   65      3651.12912 3637.27188  0.38%  29.1 11428s
 155227  5780     cutoff   51      3651.12912 3637.41414  0.38%  29.1 11433s
 155476  5699 3643.59989   82   58 3651.12912 3637.51407  0.37%  29.1 11438s
 155715  5616     cutoff   56      3651.12912 3637.67100  0.37%  29.0 11442s
 155961  5562     cutoff   50      3651.12912 3637.78928  0.37%  29.0 11447s
 156206  5474     cutoff   51      3651.12912 3637.90556  0.36%  29.0 11450s
 156443  5389 3638.45941   59    9 3651.12912 3638.02502  0.36%  29.0 11455s
 156668  5312     cutoff   53      3651.12912 3638.15485  0.36%  28.9 11460s
 157139  5119     cutoff   60      3651.12912 3638.42540  0.35%  28.9 11469s
 157376  5030     cutoff   56      3651.12912 3638.57141  0.34%  28.9 11473s
 157624  4963     cutoff   60      3651.12912 3638.70444  0.34%  28.8 11478s
 157871  4907 3643.89486   81    8 3651.12912 3638.82722  0.34%  28.8 11481s
 158114  4863     cutoff   57      3651.12912 3638.96140  0.33%  28.8 11486s
 158377  4829 3642.78419   82    8 3651.12912 3639.05976  0.33%  28.8 11490s
 158771  4685 3640.74740   84   11 3651.12912 3639.28332  0.32%  28.7 11499s
 159015  4654 3643.94279   82   11 3651.12912 3639.41156  0.32%  28.7 11503s
 159266  4600 3639.98827   83    5 3651.12912 3639.49223  0.32%  28.7 11507s
 159521  4540 infeasible   82      3651.12912 3639.59046  0.32%  28.7 11512s
 159763  4441     cutoff   57      3651.12912 3639.68639  0.31%  28.6 11518s
 160001  4360     cutoff   82      3651.12912 3639.81581  0.31%  28.6 11522s
 160225  4268 3647.28784   76   62 3651.12912 3639.96028  0.31%  28.6 11527s
 160461  4165     cutoff   63      3651.12912 3640.07167  0.30%  28.6 11532s
 160697  4085 3641.17445   67    8 3651.12912 3640.17826  0.30%  28.5 11537s
 160937  4022 3640.79177   59   13 3651.12912 3640.31386  0.30%  28.5 11541s
 161170  3962 3647.91730   84   62 3651.12912 3640.41693  0.29%  28.5 11546s
 161411  3867 3646.20339   53   11 3651.12912 3640.50244  0.29%  28.5 11551s
 161648  3755     cutoff   54      3651.12912 3640.62990  0.29%  28.4 11557s
 161873  3668 3643.91786   71   63 3651.12912 3640.79102  0.28%  28.4 11561s
 162109  3604     cutoff   81      3651.12912 3640.90198  0.28%  28.4 11565s
 162347  3532     cutoff   60      3651.12912 3641.00409  0.28%  28.4 11570s
 162587  3443 3641.20788   58   11 3651.12912 3641.11448  0.27%  28.3 11575s
 162815  3354 3641.31448   53    9 3651.12912 3641.25486  0.27%  28.3 11581s
 163043  3294     cutoff   95      3651.12912 3641.38055  0.27%  28.3 11585s
 163511  3183     cutoff   59      3651.12912 3641.56620  0.26%  28.3 11593s
 163747  3124     cutoff   62      3651.12912 3641.64088  0.26%  28.2 11597s
 163977  3051     cutoff   76      3651.12912 3641.72440  0.26%  28.2 11602s
 164202  2985     cutoff   61      3651.12912 3641.84039  0.25%  28.2 11607s
 164439  2950 3642.03235   63    5 3651.12912 3641.92611  0.25%  28.2 11612s
 164679  2896 3642.10198   71    9 3651.12912 3642.00731  0.25%  28.1 11618s
 164874  2810     cutoff   72      3651.12912 3642.05303  0.25%  28.1 11622s
 165105  2733     cutoff   57      3651.12912 3642.19924  0.24%  28.1 11628s
 165343  2653 3642.49775   53    5 3651.12912 3642.26684  0.24%  28.1 11633s
 165573  2595     cutoff   59      3651.12912 3642.39621  0.24%  28.0 11639s
 165813  2493     cutoff   67      3651.12912 3642.46987  0.24%  28.0 11644s
 166040  2411     cutoff   77      3651.12912 3642.59384  0.23%  28.0 11649s
 166268  2335     cutoff   55      3651.12912 3642.71332  0.23%  28.0 11654s
 166422  2335 3642.88807   63    9 3651.12912 3642.75239  0.23%  28.0 11655s
 166728  2187 infeasible   61      3651.12912 3642.91036  0.23%  27.9 11664s
 166800  2187 3643.16310   60    9 3651.12912 3642.91036  0.23%  27.9 11665s
 167184  2043 3644.95542   72   59 3651.12912 3643.08949  0.22%  27.9 11674s
 167413  1937     cutoff   65      3651.12912 3643.23674  0.22%  27.9 11680s
 167721  1817 3647.99480   74   55 3651.12912 3643.42374  0.21%  27.8 11688s
 167903  1731 3643.80982   79    8 3651.12912 3643.64688  0.20%  27.8 11692s
 168136  1620     cutoff   50      3651.12912 3643.82515  0.20%  27.8 11697s
 168357  1546     cutoff   54      3651.12912 3644.04845  0.19%  27.8 11703s
 168580  1465     cutoff   63      3651.12912 3644.26487  0.19%  27.8 11708s
 168814  1358 3645.64221   89   34 3651.12912 3644.47323  0.18%  27.7 11713s
 169032  1255     cutoff  109      3651.12912 3644.70443  0.18%  27.7 11718s
 169243  1186     cutoff   74      3651.12912 3645.00777  0.17%  27.7 11723s
 169477  1077 3645.75887   62    8 3651.12912 3645.17806  0.16%  27.7 11728s
 169709   981 3645.62692   61    5 3651.12912 3645.46253  0.16%  27.7 11734s
 169937   886 3645.91646   85   43 3651.12912 3645.80733  0.15%  27.6 11738s
 170174   795 infeasible   66      3651.12912 3646.03712  0.14%  27.6 11744s
 170407   692 3646.62028   63   13 3651.12912 3646.35835  0.13%  27.6 11748s
 170659   571     cutoff   67      3651.12912 3646.85253  0.12%  27.6 11752s
 170875   465     cutoff   83      3651.12912 3647.25236  0.11%  27.5 11758s
 171120   369 infeasible   70      3651.12912 3647.79855  0.09%  27.5 11764s
 171353   369 3648.34107   59    9 3651.12912 3648.14771  0.08%  27.5 11765s
 171601    92 3650.11905   81   34 3651.12912 3648.89696  0.06%  27.5 11773s
 171809     0 3650.17997   61    8 3651.12912 3649.85199  0.03%  27.5 11776s

Cutting planes:
  Gomory: 9
  Cover: 250
  Implied bound: 693
  Projected implied bound: 10
  Clique: 38
  MIR: 319
  Mixing: 1
  Knapsack: 3
  StrongCG: 74
  Flow cover: 338
  GUB cover: 255
  Inf proof: 4
  Zero half: 23
  Mod-K: 2
  RLT: 69
  Relax-and-lift: 87
  BQP: 1
  PSD: 1

Explored 171916 nodes (4730800 simplex iterations) in 11776.31 seconds (1802.00 work units)
Thread count was 2 (of 46 available processors)

Solution count 8: 3651.13 3651.13 3651.21 ... 4151.84

Optimal solution found (tolerance 1.00e-06)
Best objective 3.651129123847e+03, best bound 3.651129123847e+03, gap 0.0000%
