
Gurobi 13.0.2 (linux64) logging started Sat Aug 15 05:33:08 2026

Set parameter LogFile to value "/home/23037696r/Documents/research/or_benchmark/wp/results/inactive_0.4/j30/logs/gurobi/j300204_6.log"
Set parameter NumericFocus to value 1
Gurobi Optimizer version 13.0.2 build v13.0.2rc1 (linux64 - "Ubuntu 22.04.3 LTS")

CPU model: Intel Xeon Processor (Cascadelake), instruction set [SSE2|AVX|AVX2|AVX512]
Thread count: 46 physical cores, 46 logical processors, using up to 2 threads

Non-default parameters:
TimeLimit  13800
MIPGap  1e-06
NumericFocus  1
Threads  2

Optimize a model with 11834 rows, 6892 columns and 43667 nonzeros (Min)
Model fingerprint: 0xd0e3f654
Model has 4542 linear objective coefficients and an objective constant of 1.1271480249166934e+03
Variable types: 756 continuous, 6136 integer (5990 binary)
Coefficient statistics:
  Matrix range     [1e+00, 2e+02]
  Objective range  [1e-02, 9e+02]
  Bounds range     [1e+00, 2e+02]
  RHS range        [1e+00, 2e+02]

Presolve removed 9563 rows and 3943 columns
Presolve time: 1.17s
Presolved: 2271 rows, 2949 columns, 19854 nonzeros
Variable types: 0 continuous, 2949 integer (2263 binary)
Found heuristic solution: objective 3046.2397251

Root relaxation: objective 2.247767e+03, 812 iterations, 0.05 seconds (0.02 work units)

    Nodes    |    Current Node    |     Objective Bounds      |     Work
 Expl Unexpl |  Obj  Depth IntInf | Incumbent    BestBd   Gap | It/Node Time

     0     0 2247.76686    0   58 3046.23973 2247.76686  26.2%     -    1s
     0     0 2251.38130    0   62 3046.23973 2251.38130  26.1%     -    1s
H    0     0                    2376.5051900 2251.38130  5.27%     -    1s
     0     0 2253.12862    0  106 2376.50519 2253.12862  5.19%     -    1s
H    0     0                    2370.8803057 2253.14871  4.97%     -    1s
H    0     0                    2366.9492521 2253.14871  4.81%     -    1s
     0     0 2253.73075    0  119 2366.94925 2253.73075  4.78%     -    1s
     0     0 2253.76689    0  178 2366.94925 2253.76689  4.78%     -    2s
     0     0 2253.77134    0  193 2366.94925 2253.77134  4.78%     -    2s
     0     0 2253.77269    0  138 2366.94925 2253.77269  4.78%     -    2s
     0     0 2258.43844    0  202 2366.94925 2258.43844  4.58%     -    2s
     0     0 2259.72512    0  143 2366.94925 2259.72512  4.53%     -    2s
     0     0 2260.15207    0  135 2366.94925 2260.15207  4.51%     -    2s
     0     0 2260.16133    0  129 2366.94925 2260.16133  4.51%     -    2s
     0     0 2260.16133    0  131 2366.94925 2260.16133  4.51%     -    3s
     0     0 2263.78551    0  112 2366.94925 2263.78551  4.36%     -    3s
     0     0 2263.96312    0  113 2366.94925 2263.96312  4.35%     -    3s
     0     0 2264.46279    0  179 2366.94925 2264.46279  4.33%     -    3s
     0     0 2264.60482    0  129 2366.94925 2264.60482  4.32%     -    3s
     0     0 2264.62879    0  216 2366.94925 2264.62879  4.32%     -    3s
     0     0 2264.64492    0  128 2366.94925 2264.64492  4.32%     -    3s
     0     0 2264.65081    0  133 2366.94925 2264.65081  4.32%     -    3s
     0     0 2264.65278    0  133 2366.94925 2264.65278  4.32%     -    4s
     0     0 2268.65579    0  220 2366.94925 2268.65579  4.15%     -    4s
H    0     0                    2366.4692885 2268.74307  4.13%     -    4s
     0     0 2268.74307    0  223 2366.46929 2268.74307  4.13%     -    4s
     0     0 2268.74307    0  225 2366.46929 2268.74307  4.13%     -    4s
     0     0 2268.78233    0  235 2366.46929 2268.78233  4.13%     -    5s
H    0     0                    2366.2657691 2268.78715  4.12%     -    5s
     0     0 2269.07432    0  236 2366.26577 2269.07432  4.11%     -    5s
     0     0 2269.07432    0  239 2366.26577 2269.07432  4.11%     -    5s
     0     0 2269.14751    0  184 2366.26577 2269.14751  4.10%     -    6s
H    0     0                    2326.3139301 2269.15019  2.46%     -    6s
     0     0 2269.15760    0  174 2326.31393 2269.15760  2.46%     -    6s
     0     0 2269.15760    0  174 2326.31393 2269.15760  2.46%     -    6s
     0     0 2269.16493    0  183 2326.31393 2269.16493  2.46%     -    7s
     0     0 2269.16493    0   68 2326.31393 2269.16493  2.46%     -    7s
     0     0 2269.16493    0  113 2326.31393 2269.16493  2.46%     -    7s
H    0     0                    2325.4939643 2269.16493  2.42%     -    7s
     0     0 2269.16493    0  107 2325.49396 2269.16493  2.42%     -    7s
     0     0 2269.16493    0  134 2325.49396 2269.16493  2.42%     -    7s
     0     0 2269.16493    0  149 2325.49396 2269.16493  2.42%     -    7s
     0     0 2269.16493    0  154 2325.49396 2269.16493  2.42%     -    7s
     0     0 2269.16493    0  154 2325.49396 2269.16493  2.42%     -    7s
     0     0 2269.16493    0  154 2325.49396 2269.16493  2.42%     -    7s
     0     0 2269.16493    0  157 2325.49396 2269.16493  2.42%     -    7s
     0     0 2269.16693    0  161 2325.49396 2269.16693  2.42%     -    7s
     0     0 2269.16777    0  166 2325.49396 2269.16777  2.42%     -    7s
     0     0 2272.95342    0  150 2325.49396 2272.95342  2.26%     -    8s
     0     0 2272.99111    0  155 2325.49396 2272.99111  2.26%     -    8s
     0     0 2272.99112    0  153 2325.49396 2272.99112  2.26%     -    8s
     0     0 2273.80473    0  174 2325.49396 2273.80473  2.22%     -    8s
     0     0 2273.82081    0  167 2325.49396 2273.82081  2.22%     -    8s
     0     0 2276.05869    0  156 2325.49396 2276.05869  2.13%     -    8s
     0     0 2276.06758    0  155 2325.49396 2276.06758  2.13%     -    8s
     0     0 2276.28939    0  152 2325.49396 2276.28939  2.12%     -    8s
     0     0 2276.29584    0  158 2325.49396 2276.29584  2.12%     -    8s
     0     0 2276.51555    0  153 2325.49396 2276.51555  2.11%     -    8s
     0     0 2276.51555    0  151 2325.49396 2276.51555  2.11%     -    9s
     0     0 2276.79724    0  153 2325.49396 2276.79724  2.09%     -    9s
     0     0 2276.79724    0  154 2325.49396 2276.79724  2.09%     -    9s
     0     0 2276.79724    0  162 2325.49396 2276.79724  2.09%     -    9s
     0     0 2276.79724    0  158 2325.49396 2276.79724  2.09%     -    9s
     0     0 2276.79724    0  158 2325.49396 2276.79724  2.09%     -    9s
     0     0 2276.79724    0  157 2325.49396 2276.79724  2.09%     -    9s
     0     0 2276.79724    0  149 2325.49396 2276.79724  2.09%     -    9s
     0     0 2276.79724    0   66 2325.49396 2276.79724  2.09%     -   10s
     0     0 2276.79724    0  102 2325.49396 2276.79724  2.09%     -   10s
     0     0 2276.79724    0  123 2325.49396 2276.79724  2.09%     -   10s
     0     0 2276.79724    0  132 2325.49396 2276.79724  2.09%     -   10s
     0     0 2276.79724    0  130 2325.49396 2276.79724  2.09%     -   10s
     0     0 2276.79724    0  144 2325.49396 2276.79724  2.09%     -   10s
     0     0 2276.79724    0  140 2325.49396 2276.79724  2.09%     -   10s
     0     0 2276.79724    0  157 2325.49396 2276.79724  2.09%     -   10s
     0     0 2276.79724    0  153 2325.49396 2276.79724  2.09%     -   10s
     0     0 2276.79724    0  142 2325.49396 2276.79724  2.09%     -   10s
     0     0 2276.79724    0  146 2325.49396 2276.79724  2.09%     -   10s
     0     0 2276.79724    0  170 2325.49396 2276.79724  2.09%     -   10s
     0     0 2276.79724    0  158 2325.49396 2276.79724  2.09%     -   10s
     0     0 2277.34502    0  147 2325.49396 2277.34502  2.07%     -   10s
     0     0 2277.35882    0  143 2325.49396 2277.35882  2.07%     -   10s
     0     0 2277.49260    0  149 2325.49396 2277.49260  2.06%     -   10s
     0     0 2277.49317    0  149 2325.49396 2277.49317  2.06%     -   10s
     0     0 2277.49317    0  149 2325.49396 2277.49317  2.06%     -   10s
     0     0 2277.49317    0  145 2325.49396 2277.49317  2.06%     -   10s
     0     2 2277.77850    0  139 2325.49396 2277.77850  2.05%     -   11s
*  100    21              32    2322.9785445 2309.83351  0.57%  40.0   11s
*  105    21              35    2321.2892001 2309.87028  0.49%  39.4   11s

Cutting planes:
  Learned: 23
  Lift-and-project: 1
  Cover: 48
  Implied bound: 80
  Clique: 11
  MIR: 64
  StrongCG: 9
  Flow cover: 1
  GUB cover: 19
  Network: 1
  RLT: 19
  Relax-and-lift: 37
  BQP: 7
  PSD: 1

Explored 136 nodes (12519 simplex iterations) in 11.48 seconds (1.68 work units)
Thread count was 2 (of 46 available processors)

Solution count 10: 2321.29 2322.98 2325.49 ... 2366.47

Optimal solution found (tolerance 1.00e-06)
Best objective 2.321289200077e+03, best bound 2.321289200077e+03, gap 0.0000%
