
Gurobi 13.0.2 (linux64) logging started Sat Aug 15 05:28:56 2026

Set parameter LogFile to value "/home/23037696r/Documents/research/or_benchmark/wp/results/inactive_0.4/j30/logs/gurobi/j300204_10.log"
Set parameter NumericFocus to value 1
Gurobi Optimizer version 13.0.2 build v13.0.2rc1 (linux64 - "Ubuntu 22.04.3 LTS")

CPU model: Intel Xeon Processor (Cascadelake), instruction set [SSE2|AVX|AVX2|AVX512]
Thread count: 46 physical cores, 46 logical processors, using up to 2 threads

Non-default parameters:
TimeLimit  13800
MIPGap  1e-06
NumericFocus  1
Threads  2

Optimize a model with 11200 rows, 5612 columns and 40375 nonzeros (Min)
Model fingerprint: 0x0beb23cd
Model has 3522 linear objective coefficients and an objective constant of 9.9299394988134384e+02
Variable types: 522 continuous, 5090 integer (4944 binary)
Coefficient statistics:
  Matrix range     [1e+00, 1e+02]
  Objective range  [1e-02, 7e+02]
  Bounds range     [1e+00, 1e+02]
  RHS range        [1e+00, 1e+02]

Presolve removed 8549 rows and 3117 columns
Presolve time: 0.87s
Presolved: 2651 rows, 2495 columns, 24809 nonzeros
Variable types: 0 continuous, 2495 integer (1990 binary)
Found heuristic solution: objective 2686.9358145

Root relaxation: objective 1.880789e+03, 751 iterations, 0.05 seconds (0.03 work units)

    Nodes    |    Current Node    |     Objective Bounds      |     Work
 Expl Unexpl |  Obj  Depth IntInf | Incumbent    BestBd   Gap | It/Node Time

     0     0 1880.78911    0   54 2686.93581 1880.78911  30.0%     -    1s
     0     0 1881.93442    0   75 2686.93581 1881.93442  30.0%     -    1s
H    0     0                    2686.5881691 1881.93442  30.0%     -    1s
     0     0 1882.34668    0  106 2686.58817 1882.34668  29.9%     -    1s
H    0     0                    2683.2383600 1882.35243  29.8%     -    1s
H    0     0                    2682.6653779 1882.35243  29.8%     -    1s
     0     0 1882.35243    0  101 2682.66538 1882.35243  29.8%     -    1s
     0     0 1882.51417    0  106 2682.66538 1882.51417  29.8%     -    1s
H    0     0                    1919.7260645 1882.51432  1.94%     -    1s
     0     0 1882.51472    0  106 1919.72606 1882.51472  1.94%     -    1s
     0     0 1882.51574    0  106 1919.72606 1882.51574  1.94%     -    1s
     0     0 1882.51574    0  106 1919.72606 1882.51574  1.94%     -    2s
     0     0 1882.76736    0   92 1919.72606 1882.76736  1.93%     -    2s
     0     0 1882.76736    0   51 1919.72606 1882.76736  1.93%     -    2s
H    0     0                    1918.6857888 1882.76736  1.87%     -    2s
H    0     0                    1918.4868857 1882.76736  1.86%     -    2s
     0     0 1912.34117    0   45 1918.48689 1912.34117  0.32%     -    2s
H    0     0                    1917.0072716 1912.96029  0.21%     -    2s
     0     0 1912.96029    0   44 1917.00727 1912.96029  0.21%     -    2s
     0     0 1912.96029    0   43 1917.00727 1912.96029  0.21%     -    2s
*    0     0               0    1913.5582791 1913.55828  0.00%     -    2s

Cutting planes:
  Learned: 1
  Gomory: 14
  Cover: 21
  Implied bound: 30
  Clique: 4
  MIR: 13
  StrongCG: 8
  Flow cover: 1
  GUB cover: 8
  Zero half: 2
  Network: 1
  RLT: 5
  Relax-and-lift: 14
  BQP: 4
  PSD: 1

Explored 1 nodes (1693 simplex iterations) in 2.48 seconds (0.54 work units)
Thread count was 2 (of 46 available processors)

Solution count 10: 1913.56 1917.01 1918.49 ... 2686.94

Optimal solution found (tolerance 1.00e-06)
Best objective 1.913558279086e+03, best bound 1.913558279086e+03, gap 0.0000%
