
Gurobi 13.0.2 (linux64) logging started Sat Aug 15 05:36:00 2026

Set parameter LogFile to value "/home/23037696r/Documents/research/or_benchmark/wp/results/inactive_0.4/j30/logs/gurobi/j300204_9.log"
Set parameter NumericFocus to value 1
Gurobi Optimizer version 13.0.2 build v13.0.2rc1 (linux64 - "Ubuntu 22.04.3 LTS")

CPU model: Intel Xeon Processor (Cascadelake), instruction set [SSE2|AVX|AVX2|AVX512]
Thread count: 46 physical cores, 46 logical processors, using up to 2 threads

Non-default parameters:
TimeLimit  13800
MIPGap  1e-06
NumericFocus  1
Threads  2

Optimize a model with 13146 rows, 5194 columns and 44945 nonzeros (Min)
Model fingerprint: 0x6b9ec807
Model has 3084 linear objective coefficients and an objective constant of 1.0065637535608215e+03
Variable types: 540 continuous, 4654 integer (4508 binary)
Coefficient statistics:
  Matrix range     [1e+00, 1e+02]
  Objective range  [1e-02, 6e+02]
  Bounds range     [1e+00, 1e+02]
  RHS range        [1e+00, 1e+02]

Presolve removed 9856 rows and 3017 columns
Presolve time: 1.79s
Presolved: 3290 rows, 2177 columns, 28971 nonzeros
Variable types: 0 continuous, 2177 integer (1699 binary)
Found heuristic solution: objective 2619.7266304

Root relaxation: objective 1.824095e+03, 1348 iterations, 0.12 seconds (0.09 work units)

    Nodes    |    Current Node    |     Objective Bounds      |     Work
 Expl Unexpl |  Obj  Depth IntInf | Incumbent    BestBd   Gap | It/Node Time

     0     0 1824.09454    0  137 2619.72663 1824.09454  30.4%     -    2s
     0     0 1824.13697    0  137 2619.72663 1824.13697  30.4%     -    2s
     0     0 1824.18293    0  138 2619.72663 1824.18293  30.4%     -    2s
     0     0 1824.23290    0  137 2619.72663 1824.23290  30.4%     -    2s
H    0     0                    2618.9788770 1824.23290  30.3%     -    2s
     0     0 1830.36216    0  171 2618.97888 1830.36216  30.1%     -    2s
H    0     0                    2616.9620851 1830.38500  30.1%     -    2s
     0     0 1832.49276    0  175 2616.96209 1832.49276  30.0%     -    3s
     0     0 1832.54231    0  180 2616.96209 1832.54231  30.0%     -    3s
     0     0 1832.54284    0  181 2616.96209 1832.54284  30.0%     -    3s
     0     0 1838.75665    0  192 2616.96209 1838.75665  29.7%     -    3s
     0     0 1840.00351    0  191 2616.96209 1840.00351  29.7%     -    3s
     0     0 1840.10352    0  188 2616.96209 1840.10352  29.7%     -    3s
     0     0 1840.10414    0  187 2616.96209 1840.10414  29.7%     -    4s
     0     0 1841.70757    0  206 2616.96209 1841.70757  29.6%     -    4s
     0     0 1841.70849    0  211 2616.96209 1841.70849  29.6%     -    4s
     0     0 1842.04110    0  196 2616.96209 1842.04110  29.6%     -    5s
     0     0 1842.11222    0  194 2616.96209 1842.11222  29.6%     -    5s
     0     0 1842.12085    0  199 2616.96209 1842.12085  29.6%     -    5s
     0     0 1842.12126    0  210 2616.96209 1842.12126  29.6%     -    5s
     0     0 1842.31781    0  195 2616.96209 1842.31781  29.6%     -    5s
     0     0 1842.41241    0  215 2616.96209 1842.41241  29.6%     -    5s
     0     0 1842.42549    0  216 2616.96209 1842.42549  29.6%     -    6s
     0     0 1842.42608    0  216 2616.96209 1842.42608  29.6%     -    6s
     0     0 1842.71561    0  222 2616.96209 1842.71561  29.6%     -    6s
H    0     0                    2614.3247504 1842.73382  29.5%     -    6s
H    0     0                    2613.4781801 1842.73382  29.5%     -    6s
H    0     0                    2613.3286668 1842.73382  29.5%     -    6s
     0     0 1842.73382    0  228 2613.32867 1842.73382  29.5%     -    6s
     0     0 1842.73719    0  231 2613.32867 1842.73719  29.5%     -    6s
     0     0 1842.73851    0  231 2613.32867 1842.73851  29.5%     -    6s
     0     0 1842.80307    0  222 2613.32867 1842.80307  29.5%     -    7s
     0     0 1842.82641    0  224 2613.32867 1842.82641  29.5%     -    7s
     0     0 1842.86315    0  229 2613.32867 1842.86315  29.5%     -    7s
H    0     0                    2613.2539102 1842.88583  29.5%     -    7s
H    0     0                    2610.5183580 1842.88583  29.4%     -    7s
     0     0 1842.88583    0  230 2610.51836 1842.88583  29.4%     -    7s
     0     0 1842.90154    0  226 2610.51836 1842.90154  29.4%     -    8s
     0     0 1842.94428    0  227 2610.51836 1842.94428  29.4%     -    8s
     0     0 1842.95020    0  231 2610.51836 1842.95020  29.4%     -    8s
     0     0 1843.02525    0  230 2610.51836 1843.02525  29.4%     -    9s
     0     0 1843.02525    0  229 2610.51836 1843.02525  29.4%     -    9s
H    0     0                    2553.6951189 1843.03530  27.8%     -    9s
     0     2 1843.03530    0  229 2553.69512 1843.03530  27.8%     -    9s
     5    10 1843.03530    3  228 2553.69512 1843.03530  27.8%  84.4   10s
H   13    12                    2499.2776180 1843.03530  26.3%  77.5   10s
H   35    27                    2448.9520250 1843.03530  24.7%  44.2   10s
H   54    41                    2395.3682213 1843.03530  23.1%  47.1   11s
H   90    77                    2394.2433041 1843.03530  23.0%  36.9   12s
H  100    86                    2340.0687105 1843.03530  21.2%  41.5   12s
H  101    95                    2339.7947740 1843.03530  21.2%  42.6   12s
H  120   106                    2338.4157247 1843.03530  21.2%  43.2   12s
H  129   115                    1965.7280689 1843.03530  6.24%  43.1   13s
H  132   123                    1965.1798534 1843.03530  6.22%  42.7   13s
H  146   125                    1964.9560596 1843.03530  6.20%  47.0   13s
H  147   118                    1911.0828756 1843.03530  3.56%  47.6   13s
H  151   125                    1910.2322149 1843.03530  3.52%  49.1   14s
H  153   125                    1908.6706485 1843.03530  3.44%  48.8   14s
H  155   127                    1907.9477827 1843.03530  3.40%  49.1   14s
H  155   127                    1907.8979325 1843.03530  3.40%  49.1   14s
   170   133 infeasible   46      1907.89793 1843.03530  3.40%  57.1   15s
H  171   133                    1906.4957174 1843.03530  3.33%  56.8   15s
   366   203 1878.99421   15  134 1906.49572 1843.56830  3.30%  58.4   20s
   455   237 1882.87777   30   66 1906.49572 1843.63273  3.30%  71.4   25s
   633   253 1884.50034   48  127 1906.49572 1844.31322  3.26%  78.1   30s
   764   227 1881.25806   26  137 1906.49572 1849.83814  2.97%  86.0   35s
   996   198 1887.37503   44  145 1906.49572 1879.83516  1.40%  86.2   40s
  1323    98 infeasible   45      1906.49572 1899.35226  0.37%  79.3   46s

Cutting planes:
  Learned: 15
  Gomory: 2
  Cover: 261
  Implied bound: 158
  Clique: 28
  MIR: 165
  StrongCG: 60
  Flow cover: 3
  GUB cover: 55
  Inf proof: 3
  Zero half: 3
  RLT: 16
  Relax-and-lift: 76
  BQP: 7
  PSD: 2

Explored 1635 nodes (116976 simplex iterations) in 49.47 seconds (11.98 work units)
Thread count was 2 (of 46 available processors)

Solution count 10: 1906.5 1907.9 1907.95 ... 2338.42

Optimal solution found (tolerance 1.00e-06)
Best objective 1.906495717432e+03, best bound 1.906495717432e+03, gap 0.0000%
