
Gurobi 13.0.2 (linux64) logging started Sat Aug 15 05:28:00 2026

Set parameter LogFile to value "/home/23037696r/Documents/research/or_benchmark/wp/results/inactive_0.4/j30/logs/gurobi/j300104_4.log"
Set parameter NumericFocus to value 1
Gurobi Optimizer version 13.0.2 build v13.0.2rc1 (linux64 - "Ubuntu 22.04.3 LTS")

CPU model: Intel Xeon Processor (Cascadelake), instruction set [SSE2|AVX|AVX2|AVX512]
Thread count: 46 physical cores, 46 logical processors, using up to 2 threads

Non-default parameters:
TimeLimit  13800
MIPGap  1e-06
NumericFocus  1
Threads  2

Optimize a model with 10353 rows, 5576 columns and 37692 nonzeros (Min)
Model fingerprint: 0xf148cc8d
Model has 3486 linear objective coefficients and an objective constant of 1.1174957504681620e+03
Variable types: 522 continuous, 5054 integer (4908 binary)
Coefficient statistics:
  Matrix range     [1e+00, 1e+02]
  Objective range  [1e-02, 7e+02]
  Bounds range     [1e+00, 1e+02]
  RHS range        [1e+00, 1e+02]

Presolve removed 8329 rows and 3362 columns
Presolve time: 0.62s
Presolved: 2024 rows, 2214 columns, 16968 nonzeros
Variable types: 0 continuous, 2214 integer (1758 binary)
Found heuristic solution: objective 2815.2835402

Root relaxation: objective 2.054383e+03, 679 iterations, 0.05 seconds (0.03 work units)

    Nodes    |    Current Node    |     Objective Bounds      |     Work
 Expl Unexpl |  Obj  Depth IntInf | Incumbent    BestBd   Gap | It/Node Time

     0     0 2054.38309    0   49 2815.28354 2054.38309  27.0%     -    0s
     0     0 2062.41930    0   48 2815.28354 2062.41930  26.7%     -    0s
H    0     0                    2092.8411672 2062.41930  1.45%     -    0s
     0     0 2065.16029    0   56 2092.84117 2065.16029  1.32%     -    1s
     0     0 2065.16029    0   39 2092.84117 2065.16029  1.32%     -    1s
     0     0 2081.68105    0   52 2092.84117 2081.68105  0.53%     -    1s
H    0     0                    2092.7292090 2081.68141  0.53%     -    1s
     0     0 2082.77504    0   63 2092.72921 2082.77504  0.48%     -    1s
     0     0 2082.83601    0   62 2092.72921 2082.83601  0.47%     -    1s
     0     0 2085.21051    0   42 2092.72921 2085.21051  0.36%     -    1s
H    0     0                    2091.6883433 2085.21109  0.31%     -    1s
     0     0 2085.43146    0   74 2091.68834 2085.43146  0.30%     -    1s
     0     0 2085.48564    0   73 2091.68834 2085.48564  0.30%     -    1s
     0     0 2085.48564    0   78 2091.68834 2085.48564  0.30%     -    1s
     0     0 2085.86992    0   72 2091.68834 2085.86992  0.28%     -    1s
H    0     0                    2091.5390541 2085.87030  0.27%     -    1s
     0     0 2085.87646    0   73 2091.53905 2085.87646  0.27%     -    1s
     0     0 2087.09261    0   78 2091.53905 2087.09261  0.21%     -    1s
     0     0 2087.09358    0   78 2091.53905 2087.09358  0.21%     -    1s
     0     0 2087.54382    0   73 2091.53905 2087.54382  0.19%     -    1s
     0     0 2087.54747    0   74 2091.53905 2087.54747  0.19%     -    1s
     0     0 2087.54940    0   76 2091.53905 2087.54940  0.19%     -    1s
     0     0 2087.55288    0   78 2091.53905 2087.55288  0.19%     -    1s
     0     0 2087.55288    0   76 2091.53905 2087.55288  0.19%     -    1s
     0     0 2087.55781    0   75 2091.53905 2087.55781  0.19%     -    1s
     0     0 2087.56619    0   77 2091.53905 2087.56619  0.19%     -    1s
     0     0 2087.56825    0   73 2091.53905 2087.56825  0.19%     -    1s
     0     0 2087.59692    0   77 2091.53905 2087.59692  0.19%     -    1s
     0     0 2087.59692    0   78 2091.53905 2087.59692  0.19%     -    1s
     0     0 2087.59692    0   80 2091.53905 2087.59692  0.19%     -    1s
     0     0 2087.59956    0   80 2091.53905 2087.59956  0.19%     -    1s
     0     0 2087.59956    0   80 2091.53905 2087.59956  0.19%     -    1s
     0     0 2087.59956    0   78 2091.53905 2087.59956  0.19%     -    1s
     0     0 2087.60518    0   41 2091.53905 2087.60518  0.19%     -    1s
     0     0 2087.60518    0   63 2091.53905 2087.60518  0.19%     -    1s
     0     0 2087.60518    0   70 2091.53905 2087.60518  0.19%     -    1s
     0     0 2088.10472    0   71 2091.53905 2088.10472  0.16%     -    1s
     0     0 2088.11081    0   74 2091.53905 2088.11081  0.16%     -    1s
     0     0 2090.23291    0   60 2091.53905 2090.23291  0.06%     -    1s
H    0     0                    2091.3926844 2090.23642  0.06%     -    1s
H    0     0                    2091.1440867 2090.23642  0.04%     -    1s
     0     0 2090.38940    0   61 2091.14409 2090.38940  0.04%     -    1s
     0     0 2090.39777    0   62 2091.14409 2090.39777  0.04%     -    1s
     0     0 2090.57250    0   74 2091.14409 2090.57250  0.03%     -    1s
     0     0 2090.67351    0   64 2091.14409 2090.67351  0.02%     -    1s
     0     0 2090.67353    0   69 2091.14409 2090.67353  0.02%     -    1s
     0     0 2091.00200    0   64 2091.14409 2091.00200  0.01%     -    1s
     0     0 2091.00200    0   15 2091.14409 2091.00200  0.01%     -    1s
     0     0 2091.00200    0   15 2091.14409 2091.00200  0.01%     -    1s
     0     0 2091.00200    0   15 2091.14409 2091.00200  0.01%     -    1s
     0     0 2091.00200    0   15 2091.14409 2091.00200  0.01%     -    1s
     0     0     cutoff    0      2091.14409 2091.14409  0.00%     -    1s

Cutting planes:
  Learned: 1
  Gomory: 6
  Cover: 4
  Implied bound: 4
  Clique: 3
  MIR: 6
  Flow cover: 2
  GUB cover: 2
  RLT: 3
  Relax-and-lift: 3

Explored 1 nodes (2225 simplex iterations) in 1.88 seconds (0.42 work units)
Thread count was 2 (of 46 available processors)

Solution count 10: 2091.14 2091.14 2091.39 ... 2815.28

Optimal solution found (tolerance 1.00e-06)
Best objective 2.091144086664e+03, best bound 2.091144086664e+03, gap 0.0000%
