
Gurobi 13.0.2 (linux64) logging started Sat Aug 15 05:29:03 2026

Set parameter LogFile to value "/home/23037696r/Documents/research/or_benchmark/wp/results/inactive_0.4/j30/logs/gurobi/j300204_2.log"
Set parameter NumericFocus to value 1
Gurobi Optimizer version 13.0.2 build v13.0.2rc1 (linux64 - "Ubuntu 22.04.3 LTS")

CPU model: Intel Xeon Processor (Cascadelake), instruction set [SSE2|AVX|AVX2|AVX512]
Thread count: 46 physical cores, 46 logical processors, using up to 2 threads

Non-default parameters:
TimeLimit  13800
MIPGap  1e-06
NumericFocus  1
Threads  2

Optimize a model with 16555 rows, 6536 columns and 56532 nonzeros (Min)
Model fingerprint: 0x960169d6
Model has 4026 linear objective coefficients and an objective constant of 1.1203587304843650e+03
Variable types: 900 continuous, 5636 integer (5490 binary)
Coefficient statistics:
  Matrix range     [1e+00, 1e+02]
  Objective range  [1e-02, 7e+02]
  Bounds range     [1e+00, 1e+02]
  RHS range        [1e+00, 1e+02]

Presolve removed 12302 rows and 3712 columns
Presolve time: 2.07s
Presolved: 4253 rows, 2824 columns, 35022 nonzeros
Variable types: 2 continuous, 2822 integer (2097 binary)
Found heuristic solution: objective 2871.4007310

Root relaxation: objective 2.047596e+03, 1692 iterations, 0.18 seconds (0.11 work units)

    Nodes    |    Current Node    |     Objective Bounds      |     Work
 Expl Unexpl |  Obj  Depth IntInf | Incumbent    BestBd   Gap | It/Node Time

     0     0 2047.59638    0   90 2871.40073 2047.59638  28.7%     -    2s
     0     0 2047.64013    0   83 2871.40073 2047.64013  28.7%     -    2s
     0     0 2051.91653    0  112 2871.40073 2051.91653  28.5%     -    3s
H    0     0                    2871.3008059 2051.91700  28.5%     -    3s
     0     0 2052.54009    0  107 2871.30081 2052.54009  28.5%     -    3s
     0     0 2052.54070    0  109 2871.30081 2052.54070  28.5%     -    3s
     0     0 2052.54130    0  110 2871.30081 2052.54130  28.5%     -    3s
     0     0 2054.38843    0  124 2871.30081 2054.38843  28.5%     -    4s
     0     0 2054.40498    0  128 2871.30081 2054.40498  28.5%     -    4s
     0     0 2054.41053    0  134 2871.30081 2054.41053  28.5%     -    4s
     0     0 2054.41099    0  135 2871.30081 2054.41099  28.5%     -    4s
     0     0 2056.11712    0  135 2871.30081 2056.11712  28.4%     -    5s
H    0     0                    2870.9054784 2056.11753  28.4%     -    5s
     0     0 2056.16077    0  132 2870.90548 2056.16077  28.4%     -    5s
     0     0 2056.36572    0  156 2870.90548 2056.36572  28.4%     -    5s
     0     0 2056.36586    0  160 2870.90548 2056.36586  28.4%     -    5s
     0     0 2057.00883    0  130 2870.90548 2057.00883  28.3%     -    6s
     0     0 2057.21725    0  150 2870.90548 2057.21725  28.3%     -    6s
     0     0 2057.51129    0  155 2870.90548 2057.51129  28.3%     -    6s
     0     0 2057.71621    0  149 2870.90548 2057.71621  28.3%     -    7s
     0     0 2057.71825    0  157 2870.90548 2057.71825  28.3%     -    7s
     0     0 2059.32675    0  228 2870.90548 2059.32675  28.3%     -    7s
H    0     0                    2870.7569338 2059.33721  28.3%     -    7s
     0     0 2060.61371    0  200 2870.75693 2060.61371  28.2%     -    7s
     0     0 2060.90680    0  210 2870.75693 2060.90680  28.2%     -    8s
     0     0 2060.95334    0  212 2870.75693 2060.95334  28.2%     -    8s
     0     0 2060.95918    0  218 2870.75693 2060.95918  28.2%     -    8s
     0     0 2060.95921    0  215 2870.75693 2060.95921  28.2%     -    9s
     0     0 2061.91512    0  263 2870.75693 2061.91512  28.2%     -    9s
H    0     0                    2869.0461615 2061.91538  28.1%     -   10s
H    0     0                    2868.3735661 2061.91538  28.1%     -   10s
     0     0 2062.08314    0  228 2868.37357 2062.08314  28.1%     -   10s
     0     0 2062.14483    0  268 2868.37357 2062.14483  28.1%     -   10s
     0     0 2062.19554    0  266 2868.37357 2062.19554  28.1%     -   10s
     0     0 2062.20046    0  269 2868.37357 2062.20046  28.1%     -   10s
     0     0 2062.20255    0  279 2868.37357 2062.20255  28.1%     -   11s
     0     0 2062.49436    0  225 2868.37357 2062.49436  28.1%     -   11s
H    0     0                    2867.3329085 2062.49457  28.1%     -   11s
     0     0 2062.49457    0  218 2867.33291 2062.49457  28.1%     -   12s
     0     0 2063.13599    0  208 2867.33291 2063.13599  28.0%     -   12s
H    0     0                    2862.9443868 2063.13749  27.9%     -   12s
     0     0 2063.17489    0  204 2862.94439 2063.17489  27.9%     -   12s
     0     0 2063.17530    0  215 2862.94439 2063.17530  27.9%     -   13s
     0     0 2063.28735    0  225 2862.94439 2063.28735  27.9%     -   13s
     0     0 2063.29266    0  231 2862.94439 2063.29266  27.9%     -   14s
     0     0 2063.39446    0  220 2862.94439 2063.39446  27.9%     -   14s
H    0     0                    2861.4980667 2063.39976  27.9%     -   14s
     0     0 2063.42826    0  219 2861.49807 2063.42826  27.9%     -   15s
     0     0 2063.43573    0  215 2861.49807 2063.43573  27.9%     -   15s
     0     0 2063.43725    0  221 2861.49807 2063.43725  27.9%     -   15s
     0     0 2063.45673    0  224 2861.49807 2063.45673  27.9%     -   16s
     0     0 2063.45698    0  228 2861.49807 2063.45698  27.9%     -   16s
     0     0 2063.48607    0  218 2861.49807 2063.48607  27.9%     -   16s
     0     0 2063.48749    0  221 2861.49807 2063.48749  27.9%     -   17s
     0     0 2063.49186    0  224 2861.49807 2063.49186  27.9%     -   17s
     0     0 2063.49215    0  224 2861.49807 2063.49215  27.9%     -   17s
     0     0 2063.49215    0  220 2861.49807 2063.49215  27.9%     -   18s
     0     2 2063.52034    0  217 2861.49807 2063.52034  27.9%     -   19s
H    5    10                    2858.8294582 2063.52034  27.8%   172   19s
     9    10 2066.26522    4  146 2858.82946 2063.52034  27.8%   125   20s
H   11    12                    2858.6561778 2063.52034  27.8%   128   20s
H   12    12                    2854.5576247 2063.52034  27.7%   118   20s
H   60    57                    2854.0876808 2063.52034  27.7%  49.8   22s
H   62    62                    2853.2206288 2063.52034  27.7%  48.4   23s
H   84    80                    2852.6222390 2063.52034  27.7%  42.3   23s
H  110   105                    2852.4727631 2063.52034  27.7%  39.5   24s
H  111   105                    2796.5540162 2063.52034  26.2%  39.2   24s
   123   131 2066.35140   41  153 2796.55402 2063.52034  26.2%  36.8   25s
H  148   142                    2796.5042407 2063.52034  26.2%  33.4   25s
H  179   173                    2796.3549142 2063.52034  26.2%  31.0   26s
H  246   230                    2796.0358654 2063.52034  26.2%  30.3   28s
   271   259 2066.70981  102  157 2796.03587 2063.52034  26.2%  28.2   30s
H  305   281                    2795.9116065 2063.52034  26.2%  27.2   32s
H  321   292                    2692.7811747 2063.52034  23.4%  27.7   33s
H  322   292                    2690.4454981 2063.52034  23.3%  27.9   33s
   341   303 infeasible    6      2690.44550 2064.67646  23.3%  34.0   35s
   576   524 2111.21520  137  112 2690.44550 2064.67646  23.3%  26.0   40s
H  580   524                    2690.3708162 2064.67646  23.3%  26.1   40s
H  711   621                    2689.7723143 2064.67646  23.2%  28.0   45s
H  718   621                    2164.0173777 2064.67646  4.59%  27.9   45s
   819   685 2066.31980   34  220 2164.01738 2064.67646  4.59%  30.3   51s
H  821   651                    2110.8028087 2064.67646  2.19%  30.2   53s
H  821   619                    2110.2096692 2064.67646  2.16%  30.2   53s
   826   623 2108.58054   69  202 2110.20967 2064.67646  2.16%  30.0   55s
H  835   597                    2110.0488866 2067.02792  2.04%  29.7   59s
   837   598 2067.28502   15  255 2110.04889 2067.28502  2.03%  29.6   60s
H  847   574                    2108.9529751 2069.32210  1.88%  29.3   66s
H  847   545                    2107.8193922 2069.32210  1.83%  29.3   66s
H  847   517                    2107.4242129 2069.32210  1.81%  29.3   66s
H  847   491                    2107.3373776 2069.32210  1.80%  29.3   66s
H  847   466                    2103.5183331 2069.32210  1.63%  29.3   66s
H  852   445                    2101.9232295 2069.32210  1.55%  29.1   69s
   855   447 2101.92323   29  241 2101.92323 2069.32210  1.55%  29.0   70s
H  859   427                    2099.6093557 2069.32210  1.44%  28.9   74s
   861   429 2099.60936   31  220 2099.60936 2069.32240  1.44%  39.1   75s
   893   453 2070.77391   22  175 2099.60936 2070.58385  1.38%  42.1   80s
*  912   431              28    2098.6221829 2078.20982  0.97%  44.2   80s
*  921   406              31    2097.2868278 2078.33221  0.90%  43.9   80s

Cutting planes:
  Learned: 7
  Gomory: 1
  Lift-and-project: 1
  Cover: 30
  Implied bound: 70
  Projected implied bound: 3
  Clique: 9
  MIR: 56
  StrongCG: 19
  Flow cover: 43
  GUB cover: 41
  Zero half: 17
  RLT: 3
  Relax-and-lift: 25
  BQP: 2

Explored 995 nodes (50415 simplex iterations) in 81.77 seconds (15.96 work units)
Thread count was 2 (of 46 available processors)

Solution count 10: 2097.29 2098.62 2099.61 ... 2107.42

Optimal solution found (tolerance 1.00e-06)
Best objective 2.097286827757e+03, best bound 2.097286827757e+03, gap 0.0000%
