
Gurobi 13.0.2 (linux64) logging started Sat Aug 15 07:26:57 2026

Set parameter LogFile to value "/home/23037696r/Documents/research/or_benchmark/wp/results/inactive_0.4/j30/logs/gurobi/j301004_8.log"
Set parameter NumericFocus to value 1
Gurobi Optimizer version 13.0.2 build v13.0.2rc1 (linux64 - "Ubuntu 22.04.3 LTS")

CPU model: Intel Xeon Processor (Cascadelake), instruction set [SSE2|AVX|AVX2|AVX512]
Thread count: 46 physical cores, 46 logical processors, using up to 2 threads

Non-default parameters:
TimeLimit  13800
MIPGap  1e-06
NumericFocus  1
Threads  2

Optimize a model with 18382 rows, 13976 columns and 66929 nonzeros (Min)
Model fingerprint: 0x5d3e37d1
Model has 8526 linear objective coefficients and an objective constant of 1.2363350078259298e+03
Variable types: 3546 continuous, 10430 integer (10284 binary)
Coefficient statistics:
  Matrix range     [1e+00, 2e+02]
  Objective range  [1e-02, 7e+02]
  Bounds range     [1e+00, 2e+02]
  RHS range        [1e+00, 2e+02]

Presolve removed 14998 rows and 9987 columns (presolve time = 6s)...
Presolve removed 15356 rows and 10130 columns
Presolve time: 7.72s
Presolved: 3026 rows, 3846 columns, 23176 nonzeros
Variable types: 0 continuous, 3846 integer (2302 binary)
Found heuristic solution: objective 3053.3498673

Root simplex log...

Iteration    Objective       Primal Inf.    Dual Inf.      Time
       0    1.7748012e+03   5.898510e+02   0.000000e+00      8s
     957    2.5403386e+03   0.000000e+00   0.000000e+00      8s

Root relaxation: objective 2.540339e+03, 957 iterations, 0.08 seconds (0.04 work units)

    Nodes    |    Current Node    |     Objective Bounds      |     Work
 Expl Unexpl |  Obj  Depth IntInf | Incumbent    BestBd   Gap | It/Node Time

     0     0 2540.33860    0  266 3053.34987 2540.33860  16.8%     -    8s
H    0     0                    2787.1587976 2540.33860  8.86%     -    8s
     0     0 2581.02697    0  251 2787.15880 2581.02697  7.40%     -    9s
     0     0 2581.15965    0  253 2787.15880 2581.15965  7.39%     -    9s
     0     0 2581.17408    0  254 2787.15880 2581.17408  7.39%     -    9s
     0     0 2581.17408    0  254 2787.15880 2581.17408  7.39%     -    9s
     0     0 2606.45927    0  347 2787.15880 2606.45927  6.48%     -   10s
     0     0 2606.46478    0  338 2787.15880 2606.46478  6.48%     -   10s
     0     0 2607.83172    0  324 2787.15880 2607.83172  6.43%     -   10s
     0     0 2607.83262    0  324 2787.15880 2607.83262  6.43%     -   10s
     0     0 2607.83358    0  324 2787.15880 2607.83358  6.43%     -   10s
     0     0 2607.83461    0  324 2787.15880 2607.83461  6.43%     -   10s
     0     0 2608.21875    0  325 2787.15880 2608.21875  6.42%     -   10s
     0     0 2608.55848    0  336 2787.15880 2608.55848  6.41%     -   10s
     0     0 2608.56247    0  338 2787.15880 2608.56247  6.41%     -   10s
     0     0 2614.66819    0  304 2787.15880 2614.66819  6.19%     -   11s
     0     0 2614.87376    0  310 2787.15880 2614.87376  6.18%     -   11s
     0     0 2614.87444    0  310 2787.15880 2614.87444  6.18%     -   12s
     0     0 2615.13323    0  315 2787.15880 2615.13323  6.17%     -   12s
     0     0 2615.30062    0  305 2787.15880 2615.30062  6.17%     -   12s
     0     0 2615.35734    0  308 2787.15880 2615.35734  6.16%     -   12s
     0     0 2615.38068    0  316 2787.15880 2615.38068  6.16%     -   12s
     0     0 2620.13394    0  350 2787.15880 2620.13394  5.99%     -   13s
H    0     0                    2786.5037249 2620.14484  5.97%     -   14s
     0     0 2620.49924    0  351 2786.50372 2620.49924  5.96%     -   14s
     0     0 2620.49969    0  354 2786.50372 2620.49969  5.96%     -   14s
     0     0 2620.60990    0  353 2786.50372 2620.60990  5.95%     -   15s
     0     0 2620.62812    0  357 2786.50372 2620.62812  5.95%     -   15s
     0     0 2622.83307    0  336 2786.50372 2622.83307  5.87%     -   16s
     0     0 2623.20703    0  377 2786.50372 2623.20703  5.86%     -   16s
     0     0 2623.38687    0  391 2786.50372 2623.38687  5.85%     -   17s
     0     0 2623.39645    0  395 2786.50372 2623.39645  5.85%     -   17s
     0     0 2624.50022    0  352 2786.50372 2624.50022  5.81%     -   18s
     0     0 2624.87964    0  357 2786.50372 2624.87964  5.80%     -   18s
     0     0 2624.88947    0  359 2786.50372 2624.88947  5.80%     -   19s
     0     0 2625.96179    0  372 2786.50372 2625.96179  5.76%     -   19s
     0     0 2625.96571    0  372 2786.50372 2625.96571  5.76%     -   19s
     0     0 2626.03939    0  346 2786.50372 2626.03939  5.76%     -   20s
     0     0 2627.03419    0  402 2786.50372 2627.03419  5.72%     -   21s
     0     0 2627.07215    0  393 2786.50372 2627.07215  5.72%     -   21s
     0     0 2627.98340    0  395 2786.50372 2627.98340  5.69%     -   22s
     0     0 2628.18558    0  387 2786.50372 2628.18558  5.68%     -   23s
     0     0 2628.19032    0  386 2786.50372 2628.19032  5.68%     -   23s
     0     0 2628.19626    0  396 2786.50372 2628.19626  5.68%     -   23s
     0     0 2629.61713    0  415 2786.50372 2629.61713  5.63%     -   24s
     0     0 2629.63818    0  430 2786.50372 2629.63818  5.63%     -   25s
     0     0 2629.63818    0  429 2786.50372 2629.63818  5.63%     -   25s
     0     0 2630.17627    0  427 2786.50372 2630.17627  5.61%     -   25s
     0     0 2630.24510    0  412 2786.50372 2630.24510  5.61%     -   26s
     0     0 2630.24510    0  406 2786.50372 2630.24510  5.61%     -   26s
     0     2 2630.26436    0  406 2786.50372 2630.26436  5.61%     -   28s
H    4     6                    2734.8190764 2657.03898  2.84%   420   29s
    13    16 2669.68021    8  414 2734.81908 2657.07795  2.84%   214   30s
    93    27 2722.28670   11  185 2734.81908 2674.18337  2.22%   121   35s
   188    14 2733.85680   20   39 2734.81908 2705.70537  1.06%  87.1   40s

Cutting planes:
  Learned: 13
  Gomory: 1
  Cover: 72
  Implied bound: 537
  Clique: 47
  MIR: 86
  StrongCG: 15
  Flow cover: 22
  GUB cover: 81
  Zero half: 13
  Mod-K: 1
  RLT: 36
  Relax-and-lift: 144
  BQP: 65
  PSD: 1

Explored 340 nodes (26305 simplex iterations) in 44.38 seconds (5.46 work units)
Thread count was 2 (of 46 available processors)

Solution count 4: 2734.82 2786.5 2787.16 3053.35 

Optimal solution found (tolerance 1.00e-06)
Best objective 2.734819076363e+03, best bound 2.734819076363e+03, gap 0.0000%
