
Gurobi 13.0.2 (linux64) logging started Sat Aug 15 07:17:48 2026

Set parameter LogFile to value "/home/23037696r/Documents/research/or_benchmark/wp/results/inactive_0.4/j30/logs/gurobi/j301004_3.log"
Set parameter NumericFocus to value 1
Gurobi Optimizer version 13.0.2 build v13.0.2rc1 (linux64 - "Ubuntu 22.04.3 LTS")

CPU model: Intel Xeon Processor (Cascadelake), instruction set [SSE2|AVX|AVX2|AVX512]
Thread count: 46 physical cores, 46 logical processors, using up to 2 threads

Non-default parameters:
TimeLimit  13800
MIPGap  1e-06
NumericFocus  1
Threads  2

Optimize a model with 18382 rows, 14030 columns and 67037 nonzeros (Min)
Model fingerprint: 0x3c87bed6
Model has 8580 linear objective coefficients and an objective constant of 1.2234558387901366e+03
Variable types: 3546 continuous, 10484 integer (10338 binary)
Coefficient statistics:
  Matrix range     [1e+00, 2e+02]
  Objective range  [1e-02, 7e+02]
  Bounds range     [1e+00, 2e+02]
  RHS range        [1e+00, 2e+02]

Presolve removed 15973 rows and 10662 columns
Presolve time: 3.95s
Presolved: 2409 rows, 3368 columns, 19047 nonzeros
Variable types: 0 continuous, 3368 integer (2056 binary)
Found heuristic solution: objective 3027.0490237

Root relaxation: objective 2.554167e+03, 684 iterations, 0.05 seconds (0.02 work units)

    Nodes    |    Current Node    |     Objective Bounds      |     Work
 Expl Unexpl |  Obj  Depth IntInf | Incumbent    BestBd   Gap | It/Node Time

     0     0 2554.16728    0   94 3027.04902 2554.16728  15.6%     -    4s
     0     0 2554.57913    0   91 3027.04902 2554.57913  15.6%     -    4s
     0     0 2554.61897    0   94 3027.04902 2554.61897  15.6%     -    4s
H    0     0                    2810.6381424 2554.61897  9.11%     -    4s
     0     0 2608.57228    0  209 2810.63814 2608.57228  7.19%     -    5s
     0     0 2608.65705    0  209 2810.63814 2608.65705  7.19%     -    5s
     0     0 2608.72080    0  205 2810.63814 2608.72080  7.18%     -    5s
H    0     0                    2759.1156680 2608.72964  5.45%     -    5s
     0     0 2611.42867    0  209 2759.11567 2611.42867  5.35%     -    5s
     0     0 2611.48214    0  208 2759.11567 2611.48214  5.35%     -    5s
     0     0 2627.71406    0  248 2759.11567 2627.71406  4.76%     -    6s
     0     0 2627.72819    0  247 2759.11567 2627.72819  4.76%     -    6s
     0     0 2627.73071    0  247 2759.11567 2627.73071  4.76%     -    6s
     0     0 2627.81572    0  253 2759.11567 2627.81572  4.76%     -    6s
     0     0 2627.81578    0  253 2759.11567 2627.81578  4.76%     -    6s
     0     0 2627.81584    0  253 2759.11567 2627.81584  4.76%     -    6s
     0     0 2627.81590    0  253 2759.11567 2627.81590  4.76%     -    6s
     0     0 2627.81597    0  253 2759.11567 2627.81597  4.76%     -    6s
     0     0 2628.66989    0  286 2759.11567 2628.66989  4.73%     -    7s
     0     0 2628.71450    0  286 2759.11567 2628.71450  4.73%     -    7s
     0     0 2628.71451    0  286 2759.11567 2628.71451  4.73%     -    7s
     0     0 2628.71451    0  286 2759.11567 2628.71451  4.73%     -    7s
     0     0 2628.71452    0  286 2759.11567 2628.71452  4.73%     -    7s
     0     0 2628.71453    0  286 2759.11567 2628.71453  4.73%     -    7s
     0     0 2628.89333    0  289 2759.11567 2628.89333  4.72%     -    7s
     0     0 2639.24403    0  301 2759.11567 2639.24403  4.34%     -    8s
     0     0 2640.16728    0  313 2759.11567 2640.16728  4.31%     -    9s
     0     0 2640.16992    0  316 2759.11567 2640.16992  4.31%     -    9s
     0     0 2640.22597    0  314 2759.11567 2640.22597  4.31%     -    9s
     0     0 2640.22790    0  314 2759.11567 2640.22790  4.31%     -    9s
     0     0 2640.22976    0  318 2759.11567 2640.22976  4.31%     -    9s
     0     0 2643.41793    0  244 2759.11567 2643.41793  4.19%     -   10s
H    0     0                    2758.2206513 2643.50067  4.16%     -   10s
     0     0 2643.65766    0  248 2758.22065 2643.65766  4.15%     -   10s
     0     0 2643.66557    0  248 2758.22065 2643.66557  4.15%     -   11s
     0     0 2644.71666    0  276 2758.22065 2644.71666  4.12%     -   11s
     0     0 2644.97605    0  289 2758.22065 2644.97605  4.11%     -   11s
     0     0 2644.99970    0  291 2758.22065 2644.99970  4.10%     -   12s
     0     0 2646.25592    0  292 2758.22065 2646.25592  4.06%     -   12s
     0     0 2646.33769    0  293 2758.22065 2646.33769  4.06%     -   13s
     0     0 2646.35212    0  302 2758.22065 2646.35212  4.06%     -   13s
     0     0 2647.67851    0  292 2758.22065 2647.67851  4.01%     -   13s
     0     0 2647.74564    0  307 2758.22065 2647.74564  4.01%     -   14s
     0     0 2647.77322    0  309 2758.22065 2647.77322  4.00%     -   14s
     0     0 2649.44136    0  262 2758.22065 2649.44136  3.94%     -   15s
     0     0 2649.74875    0  302 2758.22065 2649.74875  3.93%     -   15s
     0     0 2649.76586    0  302 2758.22065 2649.76586  3.93%     -   15s
     0     0 2652.01197    0  339 2758.22065 2652.01197  3.85%     -   16s
     0     0 2652.17536    0  340 2758.22065 2652.17536  3.84%     -   16s
     0     0 2652.19640    0  346 2758.22065 2652.19640  3.84%     -   16s
     0     0 2654.40134    0  330 2758.22065 2654.40134  3.76%     -   17s
     0     0 2654.68467    0  331 2758.22065 2654.68467  3.75%     -   17s
     0     0 2654.71028    0  343 2758.22065 2654.71028  3.75%     -   17s
     0     0 2657.03615    0  301 2758.22065 2657.03615  3.67%     -   18s
     0     0 2657.26574    0  321 2758.22065 2657.26574  3.66%     -   18s
     0     0 2657.28623    0  325 2758.22065 2657.28623  3.66%     -   19s
     0     0 2658.13734    0  351 2758.22065 2658.13734  3.63%     -   19s
     0     0 2658.13734    0  350 2758.22065 2658.13734  3.63%     -   19s
     0     0 2658.18655    0  360 2758.22065 2658.18655  3.63%     -   20s
     0     0 2659.43014    0  341 2758.22065 2659.43014  3.58%     -   20s
     0     0 2659.53541    0  351 2758.22065 2659.53541  3.58%     -   20s
     0     0 2659.58790    0  338 2758.22065 2659.58790  3.58%     -   21s
     0     0 2659.99546    0  338 2758.22065 2659.99546  3.56%     -   21s
     0     0 2660.96477    0  335 2758.22065 2660.96477  3.53%     -   22s
     0     0 2660.96477    0  335 2758.22065 2660.96477  3.53%     -   22s
     0     0 2660.96477    0  333 2758.22065 2660.96477  3.53%     -   22s
     0     2 2660.96729    0  333 2758.22065 2660.96729  3.53%     -   23s
    59    42 infeasible   17      2758.22065 2687.85158  2.55%  59.0   25s
   174    71 infeasible    6      2758.22065 2706.18753  1.89%  58.1   30s
   322    68 infeasible   16      2758.22065 2716.00187  1.53%  59.1   35s

Cutting planes:
  Learned: 17
  Gomory: 16
  Lift-and-project: 24
  Cover: 72
  Implied bound: 445
  Clique: 54
  MIR: 197
  StrongCG: 38
  GUB cover: 64
  Inf proof: 1
  Zero half: 17
  RLT: 29
  Relax-and-lift: 42
  BQP: 8

Explored 488 nodes (36236 simplex iterations) in 39.92 seconds (5.18 work units)
Thread count was 2 (of 46 available processors)

Solution count 4: 2758.22 2759.12 2810.64 3027.05 

Optimal solution found (tolerance 1.00e-06)
Best objective 2.758220651307e+03, best bound 2.758220651307e+03, gap 0.0000%
