Slurm job ID    : 1686
Array task ID   : 2
Host            : 23037696r-i7809a0b3cd
Start time      : 2026-08-10T23:36:56+08:00
Instance        : /home/23037696r/Documents/research/or_benchmark/wp/instances/inactive_0.1/j40_supp/j400101_2.sm
Output JSON     : /home/23037696r/Documents/research/or_benchmark/wp/results/inactivate_0.1/j40//j400101_2.json
Gurobi log      : /home/23037696r/Documents/research/or_benchmark/wp/results/inactivate_0.1/j40//logs/gurobi/j400101_2.log
Allocated CPUs  : 4
Running with command-line arguments
-----------------------------------
Instance file: /home/23037696r/Documents/research/or_benchmark/wp/instances/inactive_0.1/j40_supp/j400101_2.sm
Instance summary
----------------
Tasks:          42
Active tasks:   36
Inactive tasks: 6
Arcs:           116
Total duration: 228
Total work:     323
Active work:    279
Delta (singleton critical-path makespan): 28
Chosen deadline: 31
Feasible by singleton schedule: yes
Deadline rule: automatic: d = ceil(1.1 * Delta) = 31
Set parameter Username
Set parameter LicenseID to value 2851961
Academic license - for non-commercial use only - expires 2027-08-07
Set parameter MIPGap to value 1e-06
Set parameter TimeLimit to value 82800
Set parameter Threads to value 4
Set parameter LogFile to value "/home/23037696r/Documents/research/or_benchmark/wp/results/inactivate_0.1/j40/logs/gurobi/j400101_2.log"
Set parameter NumericFocus to value 1
Gurobi Optimizer version 13.0.2 build v13.0.2rc1 (linux64 - "Ubuntu 22.04.3 LTS")

CPU model: Intel Xeon Processor (Cascadelake), instruction set [SSE2|AVX|AVX2|AVX512]
Thread count: 46 physical cores, 46 logical processors, using up to 4 threads

Non-default parameters:
TimeLimit  82800
MIPGap  1e-06
NumericFocus  1
Threads  4

Optimize a model with 105286 rows, 15834 columns and 354359 nonzeros (Min)
Model fingerprint: 0x753db1d4
Model has 11320 linear objective coefficients and an objective constant of 4.3249180629550676e+02
Variable types: 1152 continuous, 14682 integer (14478 binary)
Coefficient statistics:
  Matrix range     [1e+00, 3e+02]
  Objective range  [1e-02, 1e+03]
  Bounds range     [1e+00, 3e+02]
  RHS range        [1e+00, 3e+02]

Presolve removed 89454 rows and 7466 columns
Presolve time: 3.15s
Presolved: 15832 rows, 8368 columns, 102605 nonzeros
Variable types: 0 continuous, 8368 integer (7147 binary)
Found heuristic solution: objective 3834.0991899

Root relaxation: objective 1.958933e+03, 6355 iterations, 1.30 seconds (1.01 work units)

    Nodes    |    Current Node    |     Objective Bounds      |     Work
 Expl Unexpl |  Obj  Depth IntInf | Incumbent    BestBd   Gap | It/Node Time

     0     0 1958.93259    0   50 3834.09919 1958.93259  48.9%     -    4s
     0     0 1959.13101    0   81 3834.09919 1959.13101  48.9%     -    4s
H    0     0                    3832.9814784 1959.13101  48.9%     -    5s
H    0     0                    2045.1032226 1959.13101  4.20%     -    5s
H    0     0                    2043.3645602 1959.13101  4.12%     -    5s
     0     0 1959.24769    0  107 2043.36456 1959.24769  4.12%     -    5s
     0     0 1959.24769    0   74 2043.36456 1959.24769  4.12%     -    5s
     0     0 1959.37343    0  126 2043.36456 1959.37343  4.11%     -    6s
     0     0 1959.37343    0   96 2043.36456 1959.37343  4.11%     -    6s
H    0     0                    2043.1313825 1960.07456  4.07%     -    6s
     0     0 1960.07456    0  107 2043.13138 1960.07456  4.07%     -    6s
     0     0 1960.07875    0  110 2043.13138 1960.07875  4.06%     -    6s
     0     0 1960.32832    0  147 2043.13138 1960.32832  4.05%     -    6s
H    0     0                    2040.5397021 1960.32832  3.93%     -    6s
     0     0 1960.33128    0  116 2040.53970 1960.33128  3.93%     -    6s
     0     0 1960.33136    0  137 2040.53970 1960.33136  3.93%     -    6s
     0     0 1960.43660    0  131 2040.53970 1960.43660  3.93%     -    6s
H    0     0                    2038.0831096 1960.43676  3.81%     -    6s
H    0     0                    2037.0393906 1960.43676  3.76%     -    6s
H    0     0                    2032.7018138 1960.44778  3.55%     -    6s
H    0     0                    2032.5649140 1960.44778  3.55%     -    6s
     0     0 1960.44778    0  129 2032.56491 1960.44778  3.55%     -    6s
     0     0 1960.44905    0  145 2032.56491 1960.44905  3.55%     -    6s
     0     0 1960.44912    0  144 2032.56491 1960.44912  3.55%     -    6s
     0     0 1960.47382    0  133 2032.56491 1960.47382  3.55%     -    6s
H    0     0                    2029.5691407 1960.47487  3.40%     -    6s
H    0     0                    2029.3636315 1960.58902  3.39%     -    6s
     0     0 1960.58902    0  149 2029.36363 1960.58902  3.39%     -    6s
     0     0 1960.58903    0  146 2029.36363 1960.58903  3.39%     -    6s
H    0     0                    2028.3472552 1960.61748  3.34%     -    6s
     0     0 1960.61748    0  135 2028.34726 1960.61748  3.34%     -    6s
     0     0 1960.68757    0  134 2028.34726 1960.68757  3.34%     -    6s
     0     0 1960.69394    0  142 2028.34726 1960.69394  3.34%     -    6s
     0     0 1960.69442    0  158 2028.34726 1960.69442  3.34%     -    6s
     0     0 1960.71036    0  160 2028.34726 1960.71036  3.33%     -    6s
     0     0 1960.71036    0  162 2028.34726 1960.71036  3.33%     -    6s
     0     0 1960.90633    0  152 2028.34726 1960.90633  3.32%     -    6s
     0     0 1960.90639    0  156 2028.34726 1960.90639  3.32%     -    6s
H    0     0                    2027.0542352 1960.92758  3.26%     -    7s
     0     0 1960.92758    0  162 2027.05424 1960.92758  3.26%     -    7s
     0     0 1960.94086    0  166 2027.05424 1960.94086  3.26%     -    7s
     0     0 1960.94141    0  168 2027.05424 1960.94141  3.26%     -    7s
     0     0 1960.94153    0  170 2027.05424 1960.94153  3.26%     -    7s
     0     0 1960.94683    0  173 2027.05424 1960.94683  3.26%     -    7s
     0     0 1960.94753    0  171 2027.05424 1960.94753  3.26%     -    7s
     0     0 1960.94753    0  165 2027.05424 1960.94753  3.26%     -    7s
     0     0 1960.96440    0  163 2027.05424 1960.96440  3.26%     -    7s
     0     0 1960.96891    0  168 2027.05424 1960.96891  3.26%     -    7s
     0     0 1960.96941    0  160 2027.05424 1960.96941  3.26%     -    7s
     0     0 1961.04721    0  167 2027.05424 1961.04721  3.26%     -    7s
     0     0 1961.04901    0  163 2027.05424 1961.04901  3.26%     -    7s
     0     0 1961.04901    0  165 2027.05424 1961.04901  3.26%     -    7s
     0     0 1961.04985    0  172 2027.05424 1961.04985  3.26%     -    7s
     0     0 1961.04985    0  177 2027.05424 1961.04985  3.26%     -    7s
     0     0 1961.04998    0  176 2027.05424 1961.04998  3.26%     -    7s
     0     0 1961.05225    0  176 2027.05424 1961.05225  3.26%     -    7s
     0     0 1961.05225    0  176 2027.05424 1961.05225  3.26%     -    7s
     0     0 1961.05225    0  144 2027.05424 1961.05225  3.26%     -    7s
     0     2 1961.15406    0  137 2027.05424 1961.15406  3.25%     -    7s
  1372   758 2005.87549   65  107 2027.05424 1970.80167  2.78%  42.5   10s
* 1595   725              23    2027.0062288 1970.80167  2.77%  58.8   13s
  1942   654     cutoff   23      2027.00623 1977.06065  2.46%  68.6   15s
  3290   238     cutoff   31      2027.00623 2012.37941  0.72%  83.3   20s

Cutting planes:
  Learned: 1
  Gomory: 2
  Cover: 7
  Implied bound: 36
  Clique: 3
  MIR: 12
  StrongCG: 1
  GUB cover: 22
  Zero half: 1
  RLT: 6
  Relax-and-lift: 8
  BQP: 1

Explored 3880 nodes (326350 simplex iterations) in 21.03 seconds (23.12 work units)
Thread count was 4 (of 46 available processors)

Solution count 10: 2027.01 2027.05 2028.35 ... 2040.54

Optimal solution found (tolerance 1.00e-06)
Best objective 2.027006228766e+03, best bound 2.027006228766e+03, gap 0.0000%

Solve summary
-------------
Status code:       2
Objective:         2027.0062287657247
Objective bound:   2027.0062287657247
MIP gap:           0.0
Has cycle:         False
Is acyclic:        True
Packages selected: 3 active packages

Packages
--------
   I1 | inactive_singleton | S=  0, C=  0, x=  0 | tasks=[1]
   I3 | inactive_singleton | S=  0, C=  1, x=  2 | tasks=[3]
   A1 | active             | S=  1, C= 11, x=115 | tasks=[2, 4, 5, 6, 7, 8, 10, 11, 12, 13, 14, 22, 23, 35, 39, 40, 41]
  I16 | inactive_singleton | S= 11, C= 18, x= 11 | tasks=[16]
   A3 | active             | S= 11, C= 20, x= 88 | tasks=[18, 19, 20, 21, 26, 28, 30, 32, 36, 37]
  I38 | inactive_singleton | S= 11, C= 21, x= 14 | tasks=[38]
   I9 | inactive_singleton | S= 11, C= 21, x= 17 | tasks=[9]
   A2 | active             | S= 21, C= 30, x= 76 | tasks=[15, 17, 24, 25, 27, 29, 31, 33, 34]
  I42 | inactive_singleton | S= 31, C= 31, x=  0 | tasks=[42]

Solution JSON saved to: /home/23037696r/Documents/research/or_benchmark/wp/results/inactivate_0.1/j40/j400101_2.json
Finish time     : 2026-08-10T23:37:20+08:00
