
Gurobi 13.0.2 (linux64) logging started Thu Aug 13 22:50:05 2026

Set parameter LogFile to value "/home/23037696r/Documents/research/or_benchmark/wp/results/inactive_0.3/j20/logs/gurobi/j200103_10.log"
Set parameter NumericFocus to value 1
Gurobi Optimizer version 13.0.2 build v13.0.2rc1 (linux64 - "Ubuntu 22.04.3 LTS")

CPU model: Intel Xeon Processor (Cascadelake), instruction set [SSE2|AVX|AVX2|AVX512]
Thread count: 46 physical cores, 46 logical processors, using up to 2 threads

Non-default parameters:
TimeLimit  13800
MIPGap  1e-06
NumericFocus  1
Threads  2

Optimize a model with 5080 rows, 3470 columns and 19424 nonzeros (Min)
Model fingerprint: 0xaebc828e
Model has 2324 linear objective coefficients and an objective constant of 4.0248175051991473e+02
Variable types: 308 continuous, 3162 integer (3060 binary)
Coefficient statistics:
  Matrix range     [1e+00, 1e+02]
  Objective range  [1e-02, 7e+02]
  Bounds range     [1e+00, 1e+02]
  RHS range        [1e+00, 1e+02]

Presolve removed 4115 rows and 1897 columns
Presolve time: 0.20s
Presolved: 965 rows, 1573 columns, 9918 nonzeros
Variable types: 0 continuous, 1573 integer (1280 binary)
Found heuristic solution: objective 1800.7138302

Root relaxation: objective 1.165196e+03, 375 iterations, 0.01 seconds (0.01 work units)

    Nodes    |    Current Node    |     Objective Bounds      |     Work
 Expl Unexpl |  Obj  Depth IntInf | Incumbent    BestBd   Gap | It/Node Time

     0     0 1165.19602    0   20 1800.71383 1165.19602  35.3%     -    0s
     0     0 1166.14812    0   38 1800.71383 1166.14812  35.2%     -    0s
H    0     0                    1192.6004474 1166.14812  2.22%     -    0s
     0     0 1170.00806    0   83 1192.60045 1170.00806  1.89%     -    0s
     0     0 1170.00806    0   43 1192.60045 1170.00806  1.89%     -    0s
H    0     0                    1191.1060597 1170.00806  1.77%     -    0s
H    0     0                    1190.7699490 1170.00806  1.74%     -    0s
     0     0 1170.26835    0   50 1190.76995 1170.26835  1.72%     -    0s
     0     0 1170.26835    0   44 1190.76995 1170.26835  1.72%     -    0s
     0     0 1170.26835    0   36 1190.76995 1170.26835  1.72%     -    0s
     0     0 1170.26835    0   36 1190.76995 1170.26835  1.72%     -    0s
     0     0 1170.26835    0   36 1190.76995 1170.26835  1.72%     -    0s
     0     0 1170.26835    0   36 1190.76995 1170.26835  1.72%     -    0s
     0     0 1170.26835    0   36 1190.76995 1170.26835  1.72%     -    0s
     0     0 1170.26835    0   36 1190.76995 1170.26835  1.72%     -    0s
     0     0 1170.26835    0   36 1190.76995 1170.26835  1.72%     -    0s
     0     0 1170.26835    0   26 1190.76995 1170.26835  1.72%     -    0s
     0     0 1186.81519    0   43 1190.76995 1186.81519  0.33%     -    0s
     0     0 1186.81519    0   20 1190.76995 1186.81519  0.33%     -    0s
     0     0 1187.52577    0   23 1190.76995 1187.52577  0.27%     -    0s
     0     0 1188.80857    0   22 1190.76995 1188.80857  0.16%     -    0s
     0     0 1189.06667    0   27 1190.76995 1189.06667  0.14%     -    0s
     0     0 1189.06667    0   27 1190.76995 1189.06667  0.14%     -    0s
*    0     0               0    1189.7789219 1189.77892  0.00%     -    0s

Cutting planes:
  Learned: 1
  Gomory: 5
  Cover: 4
  Implied bound: 7
  Clique: 3
  MIR: 2
  StrongCG: 2
  Flow cover: 1
  GUB cover: 2
  RLT: 7
  Relax-and-lift: 8
  BQP: 1

Explored 1 nodes (1409 simplex iterations) in 0.48 seconds (0.25 work units)
Thread count was 2 (of 46 available processors)

Solution count 8: 1189.78 1190.77 1190.77 ... 1800.71

Optimal solution found (tolerance 1.00e-06)
Best objective 1.189778921875e+03, best bound 1.189778921875e+03, gap 0.0000%
