
Gurobi 13.0.2 (linux64) logging started Thu Aug 13 22:51:14 2026

Set parameter LogFile to value "/home/23037696r/Documents/research/or_benchmark/wp/results/inactive_0.3/j20/logs/gurobi/j200803_8.log"
Set parameter NumericFocus to value 1
Gurobi Optimizer version 13.0.2 build v13.0.2rc1 (linux64 - "Ubuntu 22.04.3 LTS")

CPU model: Intel Xeon Processor (Cascadelake), instruction set [SSE2|AVX|AVX2|AVX512]
Thread count: 46 physical cores, 46 logical processors, using up to 2 threads

Non-default parameters:
TimeLimit  13800
MIPGap  1e-06
NumericFocus  1
Threads  2

Optimize a model with 8573 rows, 6290 columns and 31536 nonzeros (Min)
Model fingerprint: 0xa50328fd
Model has 3928 linear objective coefficients and an objective constant of 4.6997594799667689e+02
Variable types: 1372 continuous, 4918 integer (4816 binary)
Coefficient statistics:
  Matrix range     [1e+00, 1e+02]
  Objective range  [1e-02, 7e+02]
  Bounds range     [1e+00, 1e+02]
  RHS range        [1e+00, 1e+02]

Presolve removed 6405 rows and 3720 columns
Presolve time: 1.42s
Presolved: 2168 rows, 2570 columns, 26792 nonzeros
Variable types: 0 continuous, 2570 integer (1749 binary)
Found heuristic solution: objective 1974.2375452

Root relaxation: objective 1.330129e+03, 630 iterations, 0.05 seconds (0.04 work units)

    Nodes    |    Current Node    |     Objective Bounds      |     Work
 Expl Unexpl |  Obj  Depth IntInf | Incumbent    BestBd   Gap | It/Node Time

     0     0 1330.12858    0   28 1974.23755 1330.12858  32.6%     -    1s
     0     0 1330.12858    0   28 1974.23755 1330.12858  32.6%     -    1s
     0     0 1330.12858    0   28 1974.23755 1330.12858  32.6%     -    1s
     0     0 1330.12858    0   28 1974.23755 1330.12858  32.6%     -    1s
     0     0 1330.12858    0   29 1974.23755 1330.12858  32.6%     -    1s
     0     0 1330.12858    0   28 1974.23755 1330.12858  32.6%     -    1s
     0     0 1330.12858    0   28 1974.23755 1330.12858  32.6%     -    1s
     0     0 1330.12858    0   28 1974.23755 1330.12858  32.6%     -    1s
     0     0 1330.12858    0   28 1974.23755 1330.12858  32.6%     -    1s
     0     0 1330.12858    0   28 1974.23755 1330.12858  32.6%     -    1s
     0     0 1330.12858    0   29 1974.23755 1330.12858  32.6%     -    1s
H    0     0                    1440.3745921 1330.12858  7.65%     -    1s
H    0     0                    1438.0942302 1330.12858  7.51%     -    1s
     0     0 1330.99788    0   41 1438.09423 1330.99788  7.45%     -    1s
     0     0 1331.03384    0   42 1438.09423 1331.03384  7.44%     -    2s
     0     0 1336.73598    0  115 1438.09423 1336.73598  7.05%     -    2s
     0     0 1336.79620    0  115 1438.09423 1336.79620  7.04%     -    2s
     0     0 1337.38786    0  111 1438.09423 1337.38786  7.00%     -    2s
     0     0 1337.55715    0  113 1438.09423 1337.55715  6.99%     -    2s
     0     0 1337.55715    0  114 1438.09423 1337.55715  6.99%     -    2s
     0     0 1339.79853    0  118 1438.09423 1339.79853  6.84%     -    2s
     0     0 1339.92964    0  119 1438.09423 1339.92964  6.83%     -    2s
     0     0 1339.92964    0  120 1438.09423 1339.92964  6.83%     -    2s
     0     0 1340.58529    0  122 1438.09423 1340.58529  6.78%     -    3s
     0     0 1340.60537    0  122 1438.09423 1340.60537  6.78%     -    3s
     0     0 1340.62052    0  122 1438.09423 1340.62052  6.78%     -    3s
     0     0 1340.63236    0  122 1438.09423 1340.63236  6.78%     -    3s
     0     0 1340.64186    0  122 1438.09423 1340.64186  6.78%     -    3s
     0     0 1340.64966    0  122 1438.09423 1340.64966  6.78%     -    3s
     0     0 1340.66090    0  126 1438.09423 1340.66090  6.78%     -    3s
     0     0 1340.66531    0  126 1438.09423 1340.66531  6.77%     -    3s
     0     0 1340.66917    0  126 1438.09423 1340.66917  6.77%     -    3s
     0     0 1340.67260    0  126 1438.09423 1340.67260  6.77%     -    3s
     0     0 1340.67565    0  126 1438.09423 1340.67565  6.77%     -    3s
     0     0 1340.94860    0  137 1438.09423 1340.94860  6.76%     -    3s
     0     0 1340.94966    0  137 1438.09423 1340.94966  6.76%     -    3s
     0     0 1340.94966    0  137 1438.09423 1340.94966  6.76%     -    3s
     0     0 1340.94966    0  137 1438.09423 1340.94966  6.76%     -    3s
     0     0 1340.94966    0  137 1438.09423 1340.94966  6.76%     -    3s
     0     0 1340.94966    0  137 1438.09423 1340.94966  6.76%     -    3s
     0     0 1340.94966    0  137 1438.09423 1340.94966  6.76%     -    3s
     0     0 1340.94966    0  137 1438.09423 1340.94966  6.76%     -    3s
     0     0 1340.94966    0  137 1438.09423 1340.94966  6.76%     -    3s
     0     0 1340.95656    0  136 1438.09423 1340.95656  6.75%     -    3s
     0     0 1341.17696    0  128 1438.09423 1341.17696  6.74%     -    3s
     0     0 1341.18733    0  134 1438.09423 1341.18733  6.74%     -    3s
     0     0 1341.18924    0  135 1438.09423 1341.18924  6.74%     -    3s
     0     0 1343.35570    0  154 1438.09423 1343.35570  6.59%     -    4s
     0     0 1343.40868    0  154 1438.09423 1343.40868  6.58%     -    4s
     0     0 1343.44695    0  152 1438.09423 1343.44695  6.58%     -    4s
     0     0 1343.44695    0   36 1438.09423 1343.44695  6.58%     -    5s
     0     0 1343.44695    0  128 1438.09423 1343.44695  6.58%     -    5s
     0     0 1343.44695    0  135 1438.09423 1343.44695  6.58%     -    5s
     0     0 1344.34206    0  141 1438.09423 1344.34206  6.52%     -    5s
     0     0 1344.34230    0  141 1438.09423 1344.34230  6.52%     -    6s
     0     0 1345.34681    0  145 1438.09423 1345.34681  6.45%     -    6s
     0     0 1345.34785    0  145 1438.09423 1345.34785  6.45%     -    6s
     0     0 1345.34933    0  149 1438.09423 1345.34933  6.45%     -    6s
     0     0 1345.34971    0  152 1438.09423 1345.34971  6.45%     -    6s
     0     0 1347.53447    0  147 1438.09423 1347.53447  6.30%     -    6s
     0     0 1347.75456    0  151 1438.09423 1347.75456  6.28%     -    6s
     0     0 1347.77314    0  149 1438.09423 1347.77314  6.28%     -    6s
     0     0 1347.77314    0  150 1438.09423 1347.77314  6.28%     -    7s
     0     0 1352.82099    0  133 1438.09423 1352.82099  5.93%     -    7s
     0     0 1353.63906    0  131 1438.09423 1353.63906  5.87%     -    7s
     0     0 1353.64401    0  130 1438.09423 1353.64401  5.87%     -    7s
     0     0 1356.52843    0  140 1438.09423 1356.52843  5.67%     -    8s
     0     0 1356.60351    0  145 1438.09423 1356.60351  5.67%     -    8s
     0     0 1356.60443    0  145 1438.09423 1356.60443  5.67%     -    8s
     0     0 1357.27488    0  148 1438.09423 1357.27488  5.62%     -    8s
     0     0 1357.35943    0  154 1438.09423 1357.35943  5.61%     -    8s
     0     0 1357.35955    0  155 1438.09423 1357.35955  5.61%     -    9s
     0     0 1357.77674    0  130 1438.09423 1357.77674  5.58%     -    9s
     0     0 1357.81094    0  131 1438.09423 1357.81094  5.58%     -    9s
     0     0 1357.81339    0  133 1438.09423 1357.81339  5.58%     -    9s
     0     0 1357.84096    0  132 1438.09423 1357.84096  5.58%     -   10s
     0     0 1357.86876    0  134 1438.09423 1357.86876  5.58%     -   10s
     0     0 1357.86876    0  139 1438.09423 1357.86876  5.58%     -   10s
     0     0 1357.86876    0  138 1438.09423 1357.86876  5.58%     -   11s
     0     0 1357.86876    0  137 1438.09423 1357.86876  5.58%     -   11s
     0     2 1357.86876    0  137 1438.09423 1357.86876  5.58%     -   11s
   153   137 infeasible   58      1438.09423 1394.50939  3.03%  30.7   15s
   517   251 infeasible   15      1438.09423 1397.64045  2.81%  21.6   20s
   840   154 1405.09960   19   51 1438.09423 1400.73840  2.60%  21.9   25s

Cutting planes:
  Learned: 2
  Cover: 158
  Implied bound: 137
  Clique: 11
  MIR: 58
  Knapsack: 1
  StrongCG: 9
  GUB cover: 18
  Zero half: 3
  Mod-K: 1
  RLT: 7
  Relax-and-lift: 116

Explored 1124 nodes (28669 simplex iterations) in 29.21 seconds (5.37 work units)
Thread count was 2 (of 46 available processors)

Solution count 5: 1438.09 1438.09 1440.37 ... 1974.24

Optimal solution found (tolerance 1.00e-06)
Best objective 1.438094230225e+03, best bound 1.438094230225e+03, gap 0.0000%
