
Gurobi 13.0.2 (linux64) logging started Thu Aug 13 22:50:22 2026

Set parameter LogFile to value "/home/23037696r/Documents/research/or_benchmark/wp/results/inactive_0.3/j20/logs/gurobi/j200303_9.log"
Set parameter NumericFocus to value 1
Gurobi Optimizer version 13.0.2 build v13.0.2rc1 (linux64 - "Ubuntu 22.04.3 LTS")

CPU model: Intel Xeon Processor (Cascadelake), instruction set [SSE2|AVX|AVX2|AVX512]
Thread count: 46 physical cores, 46 logical processors, using up to 2 threads

Non-default parameters:
TimeLimit  13800
MIPGap  1e-06
NumericFocus  1
Threads  2

Optimize a model with 7195 rows, 3588 columns and 24887 nonzeros (Min)
Model fingerprint: 0xc4f7229b
Model has 2122 linear objective coefficients and an objective constant of 6.9385529571723055e+02
Variable types: 588 continuous, 3000 integer (2898 binary)
Coefficient statistics:
  Matrix range     [1e+00, 9e+01]
  Objective range  [1e-02, 5e+02]
  Bounds range     [1e+00, 9e+01]
  RHS range        [1e+00, 9e+01]

Presolve removed 5378 rows and 2331 columns
Presolve time: 0.36s
Presolved: 1817 rows, 1257 columns, 15568 nonzeros
Variable types: 0 continuous, 1257 integer (893 binary)
Found heuristic solution: objective 1944.3969566

Root relaxation: objective 1.386603e+03, 1654 iterations, 0.09 seconds (0.10 work units)

    Nodes    |    Current Node    |     Objective Bounds      |     Work
 Expl Unexpl |  Obj  Depth IntInf | Incumbent    BestBd   Gap | It/Node Time

     0     0 1386.60334    0  143 1944.39696 1386.60334  28.7%     -    0s
H    0     0                    1413.1857251 1386.60334  1.88%     -    0s
     0     0 1404.40652    0  133 1413.18573 1404.40652  0.62%     -    0s
     0     0 1404.40652    0  133 1413.18573 1404.40652  0.62%     -    0s
     0     0 1404.40652    0  133 1413.18573 1404.40652  0.62%     -    0s
     0     0 1404.40652    0  133 1413.18573 1404.40652  0.62%     -    0s
     0     0 1404.40652    0  133 1413.18573 1404.40652  0.62%     -    0s
     0     0 1404.40652    0  133 1413.18573 1404.40652  0.62%     -    0s
     0     0 1404.40652    0  133 1413.18573 1404.40652  0.62%     -    0s
     0     0 1404.40704    0  129 1413.18573 1404.40704  0.62%     -    0s
H    0     0                    1411.1785909 1404.41070  0.48%     -    0s
     0     0 1404.44162    0  129 1411.17859 1404.44162  0.48%     -    0s
     0     0 1404.47678    0  130 1411.17859 1404.47678  0.47%     -    0s
     0     0 1404.48148    0  130 1411.17859 1404.48148  0.47%     -    0s
     0     0 1404.48684    0  131 1411.17859 1404.48684  0.47%     -    0s
     0     0 1404.48691    0  134 1411.17859 1404.48691  0.47%     -    0s
     0     0     cutoff    0      1411.17859 1411.17859  0.00%     -    0s

Cutting planes:
  Learned: 5
  Cover: 27
  Implied bound: 55
  Clique: 13
  MIR: 21
  Knapsack: 1
  StrongCG: 2
  Flow cover: 4
  GUB cover: 17
  RLT: 6
  Relax-and-lift: 10
  BQP: 9

Explored 1 nodes (2220 simplex iterations) in 0.82 seconds (0.47 work units)
Thread count was 2 (of 46 available processors)

Solution count 3: 1411.18 1413.19 1944.4 

Optimal solution found (tolerance 1.00e-06)
Best objective 1.411178590904e+03, best bound 1.411178590904e+03, gap 0.0000%
