
Gurobi 13.0.2 (linux64) logging started Tue Aug 11 11:47:33 2026

Set parameter LogFile to value "/home/23037696r/Documents/research/or_benchmark/wp/results/inactive_0.2/j20/logs/gurobi/j200702_8.log"
Set parameter NumericFocus to value 1
Gurobi Optimizer version 13.0.2 build v13.0.2rc1 (linux64 - "Ubuntu 22.04.3 LTS")

CPU model: Intel Xeon Processor (Cascadelake), instruction set [SSE2|AVX|AVX2|AVX512]
Thread count: 46 physical cores, 46 logical processors, using up to 4 threads

Non-default parameters:
TimeLimit  13800
MIPGap  1e-06
NumericFocus  1
Threads  4

Optimize a model with 10148 rows, 5674 columns and 35897 nonzeros (Min)
Model fingerprint: 0xd741ba91
Model has 3412 linear objective coefficients and an objective constant of 3.2829754823040048e+02
Variable types: 1248 continuous, 4426 integer (4322 binary)
Coefficient statistics:
  Matrix range     [1e+00, 1e+02]
  Objective range  [1e-02, 6e+02]
  Bounds range     [1e+00, 1e+02]
  RHS range        [1e+00, 1e+02]

Presolve removed 7447 rows and 3235 columns
Presolve time: 0.38s
Presolved: 2701 rows, 2439 columns, 19993 nonzeros
Variable types: 0 continuous, 2439 integer (1677 binary)
Found heuristic solution: objective 1735.3019232

Root relaxation: objective 1.062541e+03, 1123 iterations, 0.06 seconds (0.08 work units)

    Nodes    |    Current Node    |     Objective Bounds      |     Work
 Expl Unexpl |  Obj  Depth IntInf | Incumbent    BestBd   Gap | It/Node Time

     0     0 1062.54117    0   63 1735.30192 1062.54117  38.8%     -    0s
H    0     0                    1135.1023507 1062.54117  6.39%     -    0s
     0     0 1063.53113    0   63 1135.10235 1063.53113  6.31%     -    0s
     0     0 1063.53777    0   63 1135.10235 1063.53777  6.30%     -    0s
     0     0 1065.39287    0  153 1135.10235 1065.39287  6.14%     -    0s
H    0     0                    1134.4702616 1065.40600  6.09%     -    0s
     0     0 1066.14479    0  155 1134.47026 1066.14479  6.02%     -    0s
     0     0 1066.14479    0  168 1134.47026 1066.14479  6.02%     -    0s
     0     0 1066.16659    0  166 1134.47026 1066.16659  6.02%     -    0s
     0     0 1066.16681    0  167 1134.47026 1066.16681  6.02%     -    0s
     0     0 1070.37965    0  146 1134.47026 1070.37965  5.65%     -    0s
     0     0 1070.85075    0  152 1134.47026 1070.85075  5.61%     -    0s
     0     0 1071.20564    0  163 1134.47026 1071.20564  5.58%     -    0s
     0     0 1071.22692    0  168 1134.47026 1071.22692  5.57%     -    1s
     0     0 1071.22772    0  169 1134.47026 1071.22772  5.57%     -    1s
H    0     0                    1134.3218654 1072.46685  5.45%     -    1s
     0     0 1072.46685    0  172 1134.32187 1072.46685  5.45%     -    1s
     0     0 1072.75867    0  169 1134.32187 1072.75867  5.43%     -    1s
     0     0 1072.79582    0  173 1134.32187 1072.79582  5.42%     -    1s
     0     0 1072.80370    0  183 1134.32187 1072.80370  5.42%     -    1s
     0     0 1072.80442    0  184 1134.32187 1072.80442  5.42%     -    1s
H    0     0                    1133.8992034 1072.80442  5.39%     -    1s
     0     0 1073.56222    0  173 1133.89920 1073.56222  5.32%     -    1s
     0     0 1073.63079    0  190 1133.89920 1073.63079  5.32%     -    1s
     0     0 1073.63755    0  190 1133.89920 1073.63755  5.31%     -    1s
     0     0 1073.63885    0  191 1133.89920 1073.63885  5.31%     -    1s
     0     0 1073.70731    0  205 1133.89920 1073.70731  5.31%     -    1s
     0     0 1073.72788    0  210 1133.89920 1073.72788  5.31%     -    1s
     0     0 1073.74355    0  182 1133.89920 1073.74355  5.31%     -    1s
     0     0 1073.87908    0  183 1133.89920 1073.87908  5.29%     -    1s
     0     0 1073.94757    0  154 1133.89920 1073.94757  5.29%     -    1s
     0     0 1074.03840    0  162 1133.89920 1074.03840  5.28%     -    1s
     0     0 1074.03840    0  175 1133.89920 1074.03840  5.28%     -    1s
     0     0 1074.12942    0  148 1133.89920 1074.12942  5.27%     -    1s
     0     0 1074.20648    0  153 1133.89920 1074.20648  5.26%     -    1s
     0     0 1074.21028    0  154 1133.89920 1074.21028  5.26%     -    1s
     0     0 1074.21499    0  164 1133.89920 1074.21499  5.26%     -    1s
     0     0 1074.22923    0  177 1133.89920 1074.22923  5.26%     -    1s
     0     0 1074.22923    0  177 1133.89920 1074.22923  5.26%     -    1s
     0     0 1074.22958    0  171 1133.89920 1074.22958  5.26%     -    1s
     0     0 1074.27498    0  172 1133.89920 1074.27498  5.26%     -    1s
     0     0 1074.27624    0  172 1133.89920 1074.27624  5.26%     -    1s
     0     0 1074.36434    0  170 1133.89920 1074.36434  5.25%     -    1s
     0     0 1074.37718    0  170 1133.89920 1074.37718  5.25%     -    2s
     0     0 1074.38229    0  182 1133.89920 1074.38229  5.25%     -    2s
     0     0 1074.38526    0  187 1133.89920 1074.38526  5.25%     -    2s
     0     0 1074.49769    0  169 1133.89920 1074.49769  5.24%     -    2s
     0     0 1074.52067    0  186 1133.89920 1074.52067  5.24%     -    2s
     0     0 1074.87728    0  171 1133.89920 1074.87728  5.21%     -    2s
     0     0 1074.96122    0  165 1133.89920 1074.96122  5.20%     -    2s
     0     0 1075.01070    0  149 1133.89920 1075.01070  5.19%     -    2s
     0     0 1075.04663    0  157 1133.89920 1075.04663  5.19%     -    2s
     0     0 1075.04771    0  165 1133.89920 1075.04771  5.19%     -    2s
     0     0 1075.09674    0  191 1133.89920 1075.09674  5.19%     -    2s
     0     0 1075.11756    0  191 1133.89920 1075.11756  5.18%     -    2s
     0     0 1075.11756    0  183 1133.89920 1075.11756  5.18%     -    2s
     0     0 1075.12200    0  194 1133.89920 1075.12200  5.18%     -    2s
     0     0 1075.12200    0  193 1133.89920 1075.12200  5.18%     -    2s
     0     0 1075.15034    0  193 1133.89920 1075.15034  5.18%     -    2s
     0     0 1075.15034    0  193 1133.89920 1075.15034  5.18%     -    2s
     0     0 1075.15034    0   64 1133.89920 1075.15034  5.18%     -    2s
     0     0 1075.15034    0   55 1133.89920 1075.15034  5.18%     -    2s
     0     0 1075.15034    0  138 1133.89920 1075.15034  5.18%     -    2s
     0     0 1075.15034    0  159 1133.89920 1075.15034  5.18%     -    2s
     0     0 1075.15034    0  151 1133.89920 1075.15034  5.18%     -    2s
     0     0 1075.15034    0  187 1133.89920 1075.15034  5.18%     -    2s
     0     0 1075.15034    0  155 1133.89920 1075.15034  5.18%     -    2s
     0     0 1075.15034    0  156 1133.89920 1075.15034  5.18%     -    2s
     0     0 1075.15034    0  155 1133.89920 1075.15034  5.18%     -    2s
     0     0 1075.15034    0  157 1133.89920 1075.15034  5.18%     -    2s
     0     0 1075.15034    0  163 1133.89920 1075.15034  5.18%     -    3s
     0     0 1075.15034    0  163 1133.89920 1075.15034  5.18%     -    3s
     0     0 1075.15034    0  164 1133.89920 1075.15034  5.18%     -    3s
     0     0 1077.50214    0  157 1133.89920 1077.50214  4.97%     -    3s
     0     0 1077.64747    0  138 1133.89920 1077.64747  4.96%     -    3s
     0     0 1077.68069    0  161 1133.89920 1077.68069  4.96%     -    3s
     0     0 1077.68208    0  161 1133.89920 1077.68208  4.96%     -    3s
     0     0 1077.91491    0  130 1133.89920 1077.91491  4.94%     -    3s
     0     0 1078.04081    0  140 1133.89920 1078.04081  4.93%     -    3s
     0     0 1078.04081    0  141 1133.89920 1078.04081  4.93%     -    3s
     0     0 1078.04081    0  140 1133.89920 1078.04081  4.93%     -    3s
     0     0 1078.08922    0  144 1133.89920 1078.08922  4.92%     -    3s
     0     0 1078.08922    0  143 1133.89920 1078.08922  4.92%     -    3s
     0     0 1078.08922    0  146 1133.89920 1078.08922  4.92%     -    3s
     0     0 1078.12558    0  150 1133.89920 1078.12558  4.92%     -    3s
     0     0 1078.18317    0  151 1133.89920 1078.18317  4.91%     -    3s
     0     0 1078.18482    0  145 1133.89920 1078.18482  4.91%     -    3s
     0     0 1078.27978    0  184 1133.89920 1078.27978  4.91%     -    3s
     0     0 1078.32261    0  157 1133.89920 1078.32261  4.90%     -    3s
     0     0 1078.34394    0  155 1133.89920 1078.34394  4.90%     -    3s
     0     0 1078.35674    0  160 1133.89920 1078.35674  4.90%     -    3s
     0     0 1078.46468    0  211 1133.89920 1078.46468  4.89%     -    3s
     0     0 1078.46468    0  166 1133.89920 1078.46468  4.89%     -    3s
     0     0 1078.46468    0  167 1133.89920 1078.46468  4.89%     -    3s
     0     0 1078.46468    0  167 1133.89920 1078.46468  4.89%     -    3s
     0     0 1078.46468    0  167 1133.89920 1078.46468  4.89%     -    3s
     0     2 1078.46468    0  167 1133.89920 1078.46468  4.89%     -    3s

Cutting planes:
  Learned: 23
  Cover: 54
  Implied bound: 124
  Clique: 12
  MIR: 40
  Knapsack: 1
  StrongCG: 5
  GUB cover: 22
  RLT: 25
  Relax-and-lift: 92
  BQP: 5

Explored 559 nodes (24121 simplex iterations) in 4.54 seconds (3.44 work units)
Thread count was 4 (of 46 available processors)

Solution count 8: 1133.9 1133.9 1134.32 ... 1735.3

Optimal solution found (tolerance 1.00e-06)
Best objective 1.133899203416e+03, best bound 1.133899203416e+03, gap 0.0000%
