
Gurobi 13.0.2 (linux64) logging started Tue Aug 11 11:47:48 2026

Set parameter LogFile to value "/home/23037696r/Documents/research/or_benchmark/wp/results/inactive_0.2/j20/logs/gurobi/j200802_8.log"
Set parameter NumericFocus to value 1
Gurobi Optimizer version 13.0.2 build v13.0.2rc1 (linux64 - "Ubuntu 22.04.3 LTS")

CPU model: Intel Xeon Processor (Cascadelake), instruction set [SSE2|AVX|AVX2|AVX512]
Thread count: 46 physical cores, 46 logical processors, using up to 4 threads

Non-default parameters:
TimeLimit  13800
MIPGap  1e-06
NumericFocus  1
Threads  4

Optimize a model with 10157 rows, 6674 columns and 36637 nonzeros (Min)
Model fingerprint: 0x55330588
Model has 4052 linear objective coefficients and an objective constant of 4.4903865572933432e+02
Variable types: 1568 continuous, 5106 integer (5002 binary)
Coefficient statistics:
  Matrix range     [1e+00, 1e+02]
  Objective range  [1e-02, 6e+02]
  Bounds range     [1e+00, 1e+02]
  RHS range        [1e+00, 1e+02]

Presolve removed 7196 rows and 2725 columns
Presolve time: 0.54s
Presolved: 2961 rows, 3949 columns, 15617 nonzeros
Variable types: 0 continuous, 3949 integer (2446 binary)
Found heuristic solution: objective 2028.2312405

Root relaxation: objective 1.323596e+03, 934 iterations, 0.03 seconds (0.03 work units)

    Nodes    |    Current Node    |     Objective Bounds      |     Work
 Expl Unexpl |  Obj  Depth IntInf | Incumbent    BestBd   Gap | It/Node Time

     0     0 1323.59597    0  135 2028.23124 1323.59597  34.7%     -    0s
H    0     0                    1469.1526690 1323.59597  9.91%     -    0s
H    0     0                    1416.7335785 1323.59597  6.57%     -    0s
     0     0 1339.47283    0   84 1416.73358 1339.47283  5.45%     -    0s
     0     0 1340.57904    0   81 1416.73358 1340.57904  5.38%     -    0s
     0     0 1340.59424    0   85 1416.73358 1340.59424  5.37%     -    0s
     0     0 1340.60336    0   89 1416.73358 1340.60336  5.37%     -    0s
     0     0 1340.60504    0   89 1416.73358 1340.60504  5.37%     -    0s
     0     0 1343.67487    0  130 1416.73358 1343.67487  5.16%     -    1s
     0     0 1343.67487    0  126 1416.73358 1343.67487  5.16%     -    1s
     0     0 1343.67487    0   79 1416.73358 1343.67487  5.16%     -    1s
     0     0 1343.91418    0  120 1416.73358 1343.91418  5.14%     -    1s
     0     0 1344.62181    0  124 1416.73358 1344.62181  5.09%     -    1s
     0     0 1344.65480    0  125 1416.73358 1344.65480  5.09%     -    1s
     0     0 1344.69334    0  123 1416.73358 1344.69334  5.08%     -    1s
     0     0 1344.69943    0  127 1416.73358 1344.69943  5.08%     -    1s
H    0     0                    1416.5013336 1354.99793  4.34%     -    1s
     0     0 1355.53662    0  123 1416.50133 1355.53662  4.30%     -    1s
     0     0 1355.85364    0  122 1416.50133 1355.85364  4.28%     -    1s
     0     0 1355.92986    0  158 1416.50133 1355.92986  4.28%     -    1s
     0     0 1355.95340    0  137 1416.50133 1355.95340  4.27%     -    1s
     0     0 1355.95867    0  159 1416.50133 1355.95867  4.27%     -    1s
     0     0 1363.12363    0  146 1416.50133 1363.12363  3.77%     -    1s
     0     0 1364.98442    0  165 1416.50133 1364.98442  3.64%     -    1s
     0     0 1365.20412    0  153 1416.50133 1365.20412  3.62%     -    1s
     0     0 1365.24592    0  164 1416.50133 1365.24592  3.62%     -    1s
     0     0 1365.25680    0  166 1416.50133 1365.25680  3.62%     -    1s
H    0     0                    1416.2690306 1365.25680  3.60%     -    1s
     0     0 1368.64902    0  161 1416.26903 1368.64902  3.36%     -    1s
     0     0 1369.02050    0  127 1416.26903 1369.02050  3.34%     -    1s
     0     0 1369.25382    0  152 1416.26903 1369.25382  3.32%     -    1s
     0     0 1369.26088    0  155 1416.26903 1369.26088  3.32%     -    1s
     0     0 1371.90766    0  161 1416.26903 1371.90766  3.13%     -    1s
     0     0 1372.11729    0  173 1416.26903 1372.11729  3.12%     -    1s
     0     0 1372.14983    0  177 1416.26903 1372.14983  3.12%     -    1s
     0     0 1373.51235    0  182 1416.26903 1373.51235  3.02%     -    1s
     0     0 1373.59564    0  173 1416.26903 1373.59564  3.01%     -    1s
     0     0 1374.34581    0  189 1416.26903 1374.34581  2.96%     -    1s
     0     0 1374.34876    0  191 1416.26903 1374.34876  2.96%     -    2s
     0     0 1376.69236    0  155 1416.26903 1376.69236  2.79%     -    2s
     0     0 1376.76755    0  207 1416.26903 1376.76755  2.79%     -    2s
     0     0 1376.77985    0  215 1416.26903 1376.77985  2.79%     -    2s
     0     0 1377.49952    0  225 1416.26903 1377.49952  2.74%     -    2s
     0     0 1377.55119    0  220 1416.26903 1377.55119  2.73%     -    2s
     0     0 1377.56411    0  224 1416.26903 1377.56411  2.73%     -    2s
     0     0 1378.32055    0  210 1416.26903 1378.32055  2.68%     -    2s
     0     0 1378.45443    0  211 1416.26903 1378.45443  2.67%     -    2s
     0     0 1379.21204    0  220 1416.26903 1379.21204  2.62%     -    2s
     0     0 1379.28849    0  238 1416.26903 1379.28849  2.61%     -    2s
     0     0 1379.98149    0  223 1416.26903 1379.98149  2.56%     -    2s
     0     0 1380.01156    0  232 1416.26903 1380.01156  2.56%     -    2s
     0     0 1382.07729    0  193 1416.26903 1382.07729  2.41%     -    2s
     0     0 1382.47463    0  209 1416.26903 1382.47463  2.39%     -    2s
     0     0 1382.54311    0  204 1416.26903 1382.54311  2.38%     -    2s
     0     0 1382.56045    0  208 1416.26903 1382.56045  2.38%     -    2s
     0     0 1383.17780    0  200 1416.26903 1383.17780  2.34%     -    2s
     0     0 1383.26357    0  208 1416.26903 1383.26357  2.33%     -    2s
     0     0 1383.31946    0  208 1416.26903 1383.31946  2.33%     -    2s
     0     0 1383.32523    0  211 1416.26903 1383.32523  2.33%     -    2s
     0     0 1384.15690    0  206 1416.26903 1384.15690  2.27%     -    3s
     0     0 1384.18569    0  215 1416.26903 1384.18569  2.27%     -    3s
     0     0 1385.00181    0  205 1416.26903 1385.00181  2.21%     -    3s
     0     0 1385.08610    0  208 1416.26903 1385.08610  2.20%     -    3s
     0     0 1385.10534    0  211 1416.26903 1385.10534  2.20%     -    3s
     0     0 1385.56072    0  233 1416.26903 1385.56072  2.17%     -    3s
     0     0 1385.56411    0  219 1416.26903 1385.56411  2.17%     -    3s
     0     0 1385.56411    0  219 1416.26903 1385.56411  2.17%     -    3s
     0     0 1385.56411    0  216 1416.26903 1385.56411  2.17%     -    3s
     0     2 1385.64953    0  212 1416.26903 1385.64953  2.16%     -    3s

Cutting planes:
  Learned: 8
  Gomory: 2
  Cover: 43
  Implied bound: 231
  Clique: 25
  MIR: 55
  StrongCG: 12
  Flow cover: 2
  GUB cover: 22
  Inf proof: 1
  RLT: 53
  Relax-and-lift: 45
  BQP: 17

Explored 103 nodes (13258 simplex iterations) in 3.74 seconds (2.07 work units)
Thread count was 4 (of 46 available processors)

Solution count 7: 1416.27 1416.5 1416.73 ... 2028.23

Optimal solution found (tolerance 1.00e-06)
Best objective 1.416269030570e+03, best bound 1.416269030570e+03, gap 0.0000%
