
Gurobi 13.0.2 (linux64) logging started Tue Aug 11 11:47:02 2026

Set parameter LogFile to value "/home/23037696r/Documents/research/or_benchmark/wp/results/inactive_0.2/j20/logs/gurobi/j200502_3.log"
Set parameter NumericFocus to value 1
Gurobi Optimizer version 13.0.2 build v13.0.2rc1 (linux64 - "Ubuntu 22.04.3 LTS")

CPU model: Intel Xeon Processor (Cascadelake), instruction set [SSE2|AVX|AVX2|AVX512]
Thread count: 46 physical cores, 46 logical processors, using up to 4 threads

Non-default parameters:
TimeLimit  13800
MIPGap  1e-06
NumericFocus  1
Threads  4

Optimize a model with 9672 rows, 4326 columns and 33689 nonzeros (Min)
Model fingerprint: 0xdf4ac5a3
Model has 2604 linear objective coefficients and an objective constant of 3.4398788921601130e+02
Variable types: 768 continuous, 3558 integer (3454 binary)
Coefficient statistics:
  Matrix range     [1e+00, 1e+02]
  Objective range  [1e-02, 5e+02]
  Bounds range     [1e+00, 1e+02]
  RHS range        [1e+00, 1e+02]

Presolve removed 6833 rows and 2183 columns
Presolve time: 0.26s
Presolved: 2839 rows, 2143 columns, 21747 nonzeros
Variable types: 0 continuous, 2143 integer (1547 binary)
Found heuristic solution: objective 1698.9499825

Root relaxation: objective 1.062138e+03, 785 iterations, 0.03 seconds (0.03 work units)

    Nodes    |    Current Node    |     Objective Bounds      |     Work
 Expl Unexpl |  Obj  Depth IntInf | Incumbent    BestBd   Gap | It/Node Time

     0     0 1062.13781    0   57 1698.94998 1062.13781  37.5%     -    0s
H    0     0                    1696.5859386 1062.13781  37.4%     -    0s
     0     0 1064.67740    0   71 1696.58594 1064.67740  37.2%     -    0s
H    0     0                    1217.5174927 1064.67938  12.6%     -    0s
H    0     0                    1217.3933491 1064.67938  12.5%     -    0s
     0     0 1064.70408    0   64 1217.39335 1064.70408  12.5%     -    0s
     0     0 1064.70533    0   70 1217.39335 1064.70533  12.5%     -    0s
H    0     0                    1163.0831493 1066.19637  8.33%     -    0s
     0     0 1066.34460    0   72 1163.08315 1066.34460  8.32%     -    0s
     0     0 1066.34460    0   73 1163.08315 1066.34460  8.32%     -    0s
     0     0 1066.47479    0   67 1163.08315 1066.47479  8.31%     -    0s
     0     0 1066.47480    0   68 1163.08315 1066.47480  8.31%     -    0s
H    0     0                    1109.7298022 1067.74212  3.78%     -    0s
     0     0 1067.74212    0   99 1109.72980 1067.74212  3.78%     -    0s
H    0     0                    1108.7061411 1067.74566  3.69%     -    0s
     0     0 1067.86625    0   97 1108.70614 1067.86625  3.68%     -    0s
     0     0 1067.92098    0  102 1108.70614 1067.92098  3.68%     -    0s
     0     0 1067.92161    0  103 1108.70614 1067.92161  3.68%     -    0s
     0     0 1069.49449    0   89 1108.70614 1069.49449  3.54%     -    0s
     0     0 1069.49449    0   52 1108.70614 1069.49449  3.54%     -    1s
     0     0 1069.49449    0   45 1108.70614 1069.49449  3.54%     -    1s
     0     0 1069.49449    0   46 1108.70614 1069.49449  3.54%     -    1s
     0     0 1069.49449    0   41 1108.70614 1069.49449  3.54%     -    1s
     0     0 1069.49449    0   39 1108.70614 1069.49449  3.54%     -    1s
     0     0 1069.49449    0   39 1108.70614 1069.49449  3.54%     -    1s
     0     0 1069.49449    0   39 1108.70614 1069.49449  3.54%     -    1s
     0     0 1069.49449    0   39 1108.70614 1069.49449  3.54%     -    1s
     0     0 1069.49449    0   42 1108.70614 1069.49449  3.54%     -    1s
     0     0 1069.49449    0   43 1108.70614 1069.49449  3.54%     -    1s
     0     0 1069.49449    0   43 1108.70614 1069.49449  3.54%     -    1s
H    0     0                    1108.5818169 1069.49449  3.53%     -    1s
     0     0 1069.49449    0   73 1108.58182 1069.49449  3.53%     -    1s
     0     0 1069.49449    0   46 1108.58182 1069.49449  3.53%     -    1s
H    0     0                    1106.4943333 1069.49449  3.34%     -    1s
H    0     0                    1103.2373870 1079.63445  2.14%     -    1s
     0     0 1079.63445    0   54 1103.23739 1079.63445  2.14%     -    1s
H    0     0                    1103.2030836 1079.88765  2.11%     -    1s
     0     0 1079.88765    0   66 1103.20308 1079.88765  2.11%     -    1s
     0     0 1079.89016    0   66 1103.20308 1079.89016  2.11%     -    1s
H    0     0                    1102.6450499 1086.67578  1.45%     -    1s
     0     0 1086.67578    0   71 1102.64505 1086.67578  1.45%     -    1s
     0     0 1086.94798    0   74 1102.64505 1086.94798  1.42%     -    1s
     0     0 1086.95262    0   74 1102.64505 1086.95262  1.42%     -    1s
     0     0 1089.59388    0   80 1102.64505 1089.59388  1.18%     -    1s
     0     0 1089.74019    0   81 1102.64505 1089.74019  1.17%     -    1s
     0     0 1089.76651    0   83 1102.64505 1089.76651  1.17%     -    1s
     0     0 1089.76928    0   83 1102.64505 1089.76928  1.17%     -    1s
     0     0 1090.77473    0   72 1102.64505 1090.77473  1.08%     -    1s
H    0     0                    1102.5130073 1090.78266  1.06%     -    1s
     0     0 1091.58826    0   96 1102.51301 1091.58826  0.99%     -    1s
     0     0 1091.58840    0   96 1102.51301 1091.58840  0.99%     -    1s
     0     0 1091.98729    0   88 1102.51301 1091.98729  0.95%     -    1s
     0     0 1092.06330    0   91 1102.51301 1092.06330  0.95%     -    1s
     0     0 1092.10023    0   75 1102.51301 1092.10023  0.94%     -    1s
     0     0 1092.11096    0   91 1102.51301 1092.11096  0.94%     -    1s
     0     0 1092.68992    0  101 1102.51301 1092.68992  0.89%     -    1s
     0     0 1093.16686    0  104 1102.51301 1093.16686  0.85%     -    1s
     0     0 1093.20076    0   89 1102.51301 1093.20076  0.84%     -    1s
     0     0 1093.20415    0   92 1102.51301 1093.20415  0.84%     -    1s
     0     0 1093.51428    0   97 1102.51301 1093.51428  0.82%     -    1s
H    0     0                    1102.1490487 1093.64778  0.77%     -    1s
     0     0 1093.64778    0   94 1102.14905 1093.64778  0.77%     -    1s
     0     0 1093.64778    0   97 1102.14905 1093.64778  0.77%     -    1s
     0     0 1093.64778    0   98 1102.14905 1093.64778  0.77%     -    1s
     0     0 1093.64778    0   96 1102.14905 1093.64778  0.77%     -    1s
     0     0 1093.64778    0   96 1102.14905 1093.64778  0.77%     -    1s
     0     0 1093.64778    0   96 1102.14905 1093.64778  0.77%     -    1s
     0     0 1093.64778    0   96 1102.14905 1093.64778  0.77%     -    1s
H    0     0                    1101.9260924 1093.64778  0.75%     -    1s
H    0     0                    1101.7406019 1093.64778  0.73%     -    1s
     0     2 1093.64778    0   96 1101.74060 1093.64778  0.73%     -    1s
*  137    85              18    1101.5731343 1096.64572  0.45%  12.2    1s

Cutting planes:
  Learned: 1
  Gomory: 3
  Cover: 42
  Implied bound: 59
  Clique: 10
  MIR: 28
  StrongCG: 12
  Flow cover: 1
  GUB cover: 24
  Zero half: 1
  RLT: 16
  Relax-and-lift: 32
  BQP: 1
  PSD: 6

Explored 390 nodes (9877 simplex iterations) in 1.48 seconds (1.03 work units)
Thread count was 4 (of 46 available processors)

Solution count 10: 1101.57 1101.74 1101.93 ... 1108.58

Optimal solution found (tolerance 1.00e-06)
Best objective 1.101573134330e+03, best bound 1.101573134330e+03, gap 0.0000%
